[0.006s][info][gc] Using Concurrent Mark Sweep
[0.006s][info][gc,heap,coops] Heap address: 0x0000000680000000, size: 6144 MB, Compressed Oops mode: Zero based, Oop shift amount: 3
[0.057s][info][safepoint    ] Entering safepoint region: EnableBiasedLocking
[0.057s][info][safepoint    ] Leaving safepoint region
[0.057s][info][safepoint    ] Total time for which application threads were stopped: 0.0000895 seconds, Stopping threads took: 0.0000343 seconds
[0.058s][info][safepoint    ] Application time: 0.0013655 seconds
[0.058s][info][safepoint    ] Entering safepoint region: RevokeBias
[0.058s][info][safepoint    ] Leaving safepoint region
[0.058s][info][safepoint    ] Total time for which application threads were stopped: 0.0000439 seconds, Stopping threads took: 0.0000102 seconds
[0.140s][info][safepoint    ] Application time: 0.0815210 seconds
[0.140s][info][safepoint    ] Entering safepoint region: Deoptimize
[0.140s][info][safepoint    ] Leaving safepoint region
[0.140s][info][safepoint    ] Total time for which application threads were stopped: 0.0000595 seconds, Stopping threads took: 0.0000075 seconds
[0.750s][info][safepoint    ] Application time: 0.6096580 seconds
[0.750s][info][safepoint    ] Entering safepoint region: ICBufferFull
[0.750s][info][safepoint    ] Leaving safepoint region
[0.750s][info][safepoint    ] Total time for which application threads were stopped: 0.0001204 seconds, Stopping threads took: 0.0000083 seconds
[1.392s][info][safepoint    ] Application time: 0.6421778 seconds
[1.392s][info][safepoint    ] Entering safepoint region: Deoptimize
[1.392s][info][safepoint    ] Leaving safepoint region
[1.392s][info][safepoint    ] Total time for which application threads were stopped: 0.0001326 seconds, Stopping threads took: 0.0000076 seconds
[1.432s][info][safepoint    ] Application time: 0.0395082 seconds
[1.432s][info][safepoint    ] Entering safepoint region: Deoptimize
[1.432s][info][safepoint    ] Leaving safepoint region
[1.432s][info][safepoint    ] Total time for which application threads were stopped: 0.0001297 seconds, Stopping threads took: 0.0000075 seconds
[1.475s][info][safepoint    ] Application time: 0.0437384 seconds
[1.476s][info][safepoint    ] Entering safepoint region: Deoptimize
[1.476s][info][safepoint    ] Leaving safepoint region
[1.476s][info][safepoint    ] Total time for which application threads were stopped: 0.0002153 seconds, Stopping threads took: 0.0000164 seconds
[2.425s][info][safepoint    ] Application time: 0.9494394 seconds
[2.425s][info][safepoint    ] Entering safepoint region: Deoptimize
[2.425s][info][safepoint    ] Leaving safepoint region
[2.425s][info][safepoint    ] Total time for which application threads were stopped: 0.0001847 seconds, Stopping threads took: 0.0000080 seconds
[2.544s][info][safepoint    ] Application time: 0.1186514 seconds
[2.544s][info][safepoint    ] Entering safepoint region: Deoptimize
[2.544s][info][safepoint    ] Leaving safepoint region
[2.544s][info][safepoint    ] Total time for which application threads were stopped: 0.0003582 seconds, Stopping threads took: 0.0000080 seconds
[2.572s][info][safepoint    ] Application time: 0.0277990 seconds
[2.572s][info][safepoint    ] Entering safepoint region: Deoptimize
[2.572s][info][safepoint    ] Leaving safepoint region
[2.572s][info][safepoint    ] Total time for which application threads were stopped: 0.0001710 seconds, Stopping threads took: 0.0000076 seconds
[2.832s][info][safepoint    ] Application time: 0.2598908 seconds
[2.832s][info][safepoint    ] Entering safepoint region: ICBufferFull
[2.832s][info][safepoint    ] Leaving safepoint region
[2.832s][info][safepoint    ] Total time for which application threads were stopped: 0.0001306 seconds, Stopping threads took: 0.0000209 seconds
[2.938s][info][safepoint    ] Application time: 0.1059012 seconds
[2.938s][info][safepoint    ] Entering safepoint region: Deoptimize
[2.939s][info][safepoint    ] Leaving safepoint region
[2.939s][info][safepoint    ] Total time for which application threads were stopped: 0.0003074 seconds, Stopping threads took: 0.0000076 seconds
[3.124s][info][safepoint    ] Application time: 0.1855730 seconds
[3.124s][info][safepoint    ] Entering safepoint region: ICBufferFull
[3.125s][info][safepoint    ] Leaving safepoint region
[3.125s][info][safepoint    ] Total time for which application threads were stopped: 0.0002022 seconds, Stopping threads took: 0.0000330 seconds
[3.501s][info][safepoint    ] Application time: 0.3759646 seconds
[3.501s][info][safepoint    ] Entering safepoint region: GenCollectForAllocation
[3.501s][info][gc,start     ] GC(0) Pause Young (Allocation Failure)
[3.501s][info][gc,task      ] GC(0) Using 4 workers of 4 for evacuation
[3.532s][debug][gc,ref       ] GC(0) Skipped phase1 of Reference Processing due to unavailable references
[3.532s][debug][gc,ref       ] GC(0) Skipped phase3 of Reference Processing due to unavailable references
[3.532s][debug][gc,age       ] GC(0) Desired survivor size 15400960 bytes, new threshold 1 (max threshold 6)
[3.532s][info ][gc,heap      ] GC(0) ParNew: 240896K->27836K(270976K)
[3.532s][info ][gc,heap      ] GC(0) CMS: 0K->0K(602112K)
[3.532s][info ][gc,metaspace ] GC(0) Metaspace: 17843K->17843K(1064960K)
[3.532s][info ][gc           ] GC(0) Pause Young (Allocation Failure) 235M->27M(852M) 31.518ms
[3.532s][info ][gc,cpu       ] GC(0) User=0.14s Sys=0.02s Real=0.03s
[3.532s][info ][safepoint    ] Leaving safepoint region
[3.532s][info ][safepoint    ] Total time for which application threads were stopped: 0.0317211 seconds, Stopping threads took: 0.0000083 seconds
[3.534s][info ][safepoint    ] Application time: 0.0012634 seconds
[3.534s][info ][safepoint    ] Entering safepoint region: RevokeBias
[3.534s][info ][safepoint    ] Leaving safepoint region
[3.534s][info ][safepoint    ] Total time for which application threads were stopped: 0.0001617 seconds, Stopping threads took: 0.0000920 seconds
[3.534s][info ][safepoint    ] Application time: 0.0000360 seconds
[3.534s][info ][safepoint    ] Entering safepoint region: RevokeBias
[3.534s][info ][safepoint    ] Leaving safepoint region
[3.534s][info ][safepoint    ] Total time for which application threads were stopped: 0.0000412 seconds, Stopping threads took: 0.0000058 seconds
[3.534s][info ][safepoint    ] Application time: 0.0000449 seconds
[3.534s][info ][safepoint    ] Entering safepoint region: RevokeBias
[3.534s][info ][safepoint    ] Leaving safepoint region
[3.534s][info ][safepoint    ] Total time for which application threads were stopped: 0.0000843 seconds, Stopping threads took: 0.0000516 seconds
[3.824s][info ][safepoint    ] Application time: 0.2905120 seconds
[3.824s][info ][safepoint    ] Entering safepoint region: Deoptimize
[3.825s][info ][safepoint    ] Leaving safepoint region
[3.825s][info ][safepoint    ] Total time for which application threads were stopped: 0.0004680 seconds, Stopping threads took: 0.0000071 seconds
[3.887s][info ][safepoint    ] Application time: 0.0619620 seconds
[3.887s][info ][safepoint    ] Entering safepoint region: CollectForMetadataAllocation
[3.887s][info ][safepoint    ] Leaving safepoint region
[3.887s][info ][safepoint    ] Total time for which application threads were stopped: 0.0001243 seconds, Stopping threads took: 0.0000085 seconds
[3.903s][info ][safepoint    ] Application time: 0.0163000 seconds
[3.903s][info ][safepoint    ] Entering safepoint region: CollectForMetadataAllocation
[3.904s][info ][safepoint    ] Leaving safepoint region
[3.904s][info ][safepoint    ] Total time for which application threads were stopped: 0.0002608 seconds, Stopping threads took: 0.0000079 seconds
[3.917s][info ][safepoint    ] Application time: 0.0131025 seconds
[3.917s][info ][safepoint    ] Entering safepoint region: CollectForMetadataAllocation
[3.917s][info ][safepoint    ] Leaving safepoint region
[3.917s][info ][safepoint    ] Total time for which application threads were stopped: 0.0000740 seconds, Stopping threads took: 0.0000081 seconds
[3.932s][info ][safepoint    ] Application time: 0.0146619 seconds
[3.932s][info ][safepoint    ] Entering safepoint region: CollectForMetadataAllocation
[3.932s][info ][safepoint    ] Leaving safepoint region
[3.932s][info ][safepoint    ] Total time for which application threads were stopped: 0.0000993 seconds, Stopping threads took: 0.0000402 seconds
[4.040s][info ][safepoint    ] Application time: 0.1081995 seconds
[4.040s][info ][safepoint    ] Entering safepoint region: CollectForMetadataAllocation
[4.040s][info ][safepoint    ] Leaving safepoint region
[4.040s][info ][safepoint    ] Total time for which application threads were stopped: 0.0000833 seconds, Stopping threads took: 0.0000079 seconds
[4.069s][info ][safepoint    ] Application time: 0.0285403 seconds
[4.069s][info ][safepoint    ] Entering safepoint region: CollectForMetadataAllocation
[4.069s][info ][safepoint    ] Leaving safepoint region
[4.069s][info ][safepoint    ] Total time for which application threads were stopped: 0.0001449 seconds, Stopping threads took: 0.0000446 seconds
[4.106s][info ][safepoint    ] Application time: 0.0372932 seconds
[4.106s][info ][safepoint    ] Entering safepoint region: CollectForMetadataAllocation
[4.106s][info ][safepoint    ] Leaving safepoint region
[4.106s][info ][safepoint    ] Total time for which application threads were stopped: 0.0000742 seconds, Stopping threads took: 0.0000082 seconds
[4.133s][info ][safepoint    ] Application time: 0.0270481 seconds
[4.133s][info ][safepoint    ] Entering safepoint region: CollectForMetadataAllocation
[4.133s][info ][safepoint    ] Leaving safepoint region
[4.133s][info ][safepoint    ] Total time for which application threads were stopped: 0.0000885 seconds, Stopping threads took: 0.0000086 seconds
[4.152s][info ][safepoint    ] Application time: 0.0189769 seconds
[4.158s][info ][safepoint    ] Entering safepoint region: CollectForMetadataAllocation
[4.158s][info ][safepoint    ] Leaving safepoint region
[4.158s][info ][safepoint    ] Total time for which application threads were stopped: 0.0057441 seconds, Stopping threads took: 0.0056152 seconds
[4.160s][info ][safepoint    ] Application time: 0.0021350 seconds
[4.164s][info ][safepoint    ] Entering safepoint region: RevokeBias
[4.164s][info ][safepoint    ] Leaving safepoint region
[4.164s][info ][safepoint    ] Total time for which application threads were stopped: 0.0037114 seconds, Stopping threads took: 0.0036502 seconds
[4.164s][info ][safepoint    ] Application time: 0.0002234 seconds
[4.164s][info ][safepoint    ] Entering safepoint region: RevokeBias
[4.164s][info ][safepoint    ] Leaving safepoint region
[4.164s][info ][safepoint    ] Total time for which application threads were stopped: 0.0000393 seconds, Stopping threads took: 0.0000096 seconds
[4.164s][info ][safepoint    ] Application time: 0.0000594 seconds
[4.164s][info ][safepoint    ] Entering safepoint region: RevokeBias
[4.164s][info ][safepoint    ] Leaving safepoint region
[4.164s][info ][safepoint    ] Total time for which application threads were stopped: 0.0001105 seconds, Stopping threads took: 0.0000660 seconds
[4.164s][info ][safepoint    ] Application time: 0.0000878 seconds
[4.165s][info ][safepoint    ] Entering safepoint region: RevokeBias
[4.165s][info ][safepoint    ] Leaving safepoint region
[4.165s][info ][safepoint    ] Total time for which application threads were stopped: 0.0001580 seconds, Stopping threads took: 0.0001209 seconds
[4.168s][info ][safepoint    ] Application time: 0.0036491 seconds
[4.168s][info ][safepoint    ] Entering safepoint region: RevokeBias
[4.168s][info ][safepoint    ] Leaving safepoint region
[4.168s][info ][safepoint    ] Total time for which application threads were stopped: 0.0001172 seconds, Stopping threads took: 0.0000781 seconds
[4.169s][info ][safepoint    ] Application time: 0.0004915 seconds
[4.169s][info ][safepoint    ] Entering safepoint region: RevokeBias
[4.169s][info ][safepoint    ] Leaving safepoint region
[4.169s][info ][safepoint    ] Total time for which application threads were stopped: 0.0001839 seconds, Stopping threads took: 0.0001398 seconds
[4.171s][info ][safepoint    ] Application time: 0.0013776 seconds
[4.171s][info ][safepoint    ] Entering safepoint region: RevokeBias
[4.171s][info ][safepoint    ] Leaving safepoint region
[4.171s][info ][safepoint    ] Total time for which application threads were stopped: 0.0001221 seconds, Stopping threads took: 0.0000605 seconds
[4.171s][info ][safepoint    ] Application time: 0.0000647 seconds
[4.171s][info ][safepoint    ] Entering safepoint region: RevokeBias
[4.171s][info ][safepoint    ] Leaving safepoint region
[4.171s][info ][safepoint    ] Total time for which application threads were stopped: 0.0000503 seconds, Stopping threads took: 0.0000150 seconds
[4.171s][info ][safepoint    ] Application time: 0.0001186 seconds
[4.171s][info ][safepoint    ] Entering safepoint region: RevokeBias
[4.171s][info ][safepoint    ] Leaving safepoint region
[4.171s][info ][safepoint    ] Total time for which application threads were stopped: 0.0000765 seconds, Stopping threads took: 0.0000278 seconds
[4.171s][info ][safepoint    ] Application time: 0.0000523 seconds
[4.172s][info ][safepoint    ] Entering safepoint region: RevokeBias
[4.172s][info ][safepoint    ] Leaving safepoint region
[4.173s][info ][safepoint    ] Total time for which application threads were stopped: 0.0014225 seconds, Stopping threads took: 0.0012804 seconds
[4.173s][info ][safepoint    ] Application time: 0.0004851 seconds
[4.173s][info ][safepoint    ] Entering safepoint region: RevokeBias
[4.173s][info ][safepoint    ] Leaving safepoint region
[4.173s][info ][safepoint    ] Total time for which application threads were stopped: 0.0002381 seconds, Stopping threads took: 0.0001669 seconds
[4.174s][info ][safepoint    ] Application time: 0.0004659 seconds
[4.174s][info ][safepoint    ] Entering safepoint region: RevokeBias
[4.174s][info ][safepoint    ] Leaving safepoint region
[4.174s][info ][safepoint    ] Total time for which application threads were stopped: 0.0003709 seconds, Stopping threads took: 0.0003182 seconds
[4.174s][info ][safepoint    ] Application time: 0.0003501 seconds
[4.175s][info ][safepoint    ] Entering safepoint region: RevokeBias
[4.175s][info ][safepoint    ] Leaving safepoint region
[4.175s][info ][safepoint    ] Total time for which application threads were stopped: 0.0002302 seconds, Stopping threads took: 0.0001698 seconds
[4.175s][info ][safepoint    ] Application time: 0.0004684 seconds
[4.175s][info ][safepoint    ] Entering safepoint region: RevokeBias
[4.175s][info ][safepoint    ] Leaving safepoint region
[4.175s][info ][safepoint    ] Total time for which application threads were stopped: 0.0001319 seconds, Stopping threads took: 0.0000906 seconds
[4.175s][info ][safepoint    ] Application time: 0.0001459 seconds
[4.176s][info ][safepoint    ] Entering safepoint region: RevokeBias
[4.176s][info ][safepoint    ] Leaving safepoint region
[4.176s][info ][safepoint    ] Total time for which application threads were stopped: 0.0002596 seconds, Stopping threads took: 0.0002083 seconds
[4.176s][info ][safepoint    ] Application time: 0.0004425 seconds
[4.176s][info ][safepoint    ] Entering safepoint region: RevokeBias
[4.177s][info ][safepoint    ] Leaving safepoint region
[4.177s][info ][safepoint    ] Total time for which application threads were stopped: 0.0003634 seconds, Stopping threads took: 0.0003010 seconds
[4.177s][info ][safepoint    ] Application time: 0.0003036 seconds
[4.177s][info ][safepoint    ] Entering safepoint region: RevokeBias
[4.177s][info ][safepoint    ] Leaving safepoint region
[4.177s][info ][safepoint    ] Total time for which application threads were stopped: 0.0002045 seconds, Stopping threads took: 0.0001227 seconds
[4.178s][info ][safepoint    ] Application time: 0.0006084 seconds
[4.178s][info ][safepoint    ] Entering safepoint region: RevokeBias
[4.178s][info ][safepoint    ] Leaving safepoint region
[4.178s][info ][safepoint    ] Total time for which application threads were stopped: 0.0001759 seconds, Stopping threads took: 0.0001121 seconds
[4.182s][info ][safepoint    ] Application time: 0.0045177 seconds
[4.183s][info ][safepoint    ] Entering safepoint region: RevokeBias
[4.183s][info ][safepoint    ] Leaving safepoint region
[4.183s][info ][safepoint    ] Total time for which application threads were stopped: 0.0008509 seconds, Stopping threads took: 0.0002083 seconds
[4.192s][info ][safepoint    ] Application time: 0.0082252 seconds
[4.192s][info ][safepoint    ] Entering safepoint region: RevokeBias
[4.192s][info ][safepoint    ] Leaving safepoint region
[4.192s][info ][safepoint    ] Total time for which application threads were stopped: 0.0004283 seconds, Stopping threads took: 0.0001383 seconds
[4.193s][info ][safepoint    ] Application time: 0.0007585 seconds
[4.193s][info ][safepoint    ] Entering safepoint region: RevokeBias
[4.193s][info ][safepoint    ] Leaving safepoint region
[4.193s][info ][safepoint    ] Total time for which application threads were stopped: 0.0002038 seconds, Stopping threads took: 0.0001330 seconds
[4.195s][info ][safepoint    ] Application time: 0.0019279 seconds
[4.195s][info ][safepoint    ] Entering safepoint region: RevokeBias
[4.195s][info ][safepoint    ] Leaving safepoint region
[4.195s][info ][safepoint    ] Total time for which application threads were stopped: 0.0002896 seconds, Stopping threads took: 0.0001960 seconds
[4.196s][info ][safepoint    ] Application time: 0.0007713 seconds
[4.196s][info ][safepoint    ] Entering safepoint region: RevokeBias
[4.196s][info ][safepoint    ] Leaving safepoint region
[4.196s][info ][safepoint    ] Total time for which application threads were stopped: 0.0001789 seconds, Stopping threads took: 0.0001045 seconds
[4.200s][info ][safepoint    ] Application time: 0.0040294 seconds
[4.200s][info ][safepoint    ] Entering safepoint region: RevokeBias
[4.200s][info ][safepoint    ] Leaving safepoint region
[4.200s][info ][safepoint    ] Total time for which application threads were stopped: 0.0001992 seconds, Stopping threads took: 0.0000588 seconds
[4.203s][info ][safepoint    ] Application time: 0.0027480 seconds
[4.203s][info ][safepoint    ] Entering safepoint region: CollectForMetadataAllocation
[4.203s][info ][safepoint    ] Leaving safepoint region
[4.203s][info ][safepoint    ] Total time for which application threads were stopped: 0.0001689 seconds, Stopping threads took: 0.0000886 seconds
[4.206s][info ][safepoint    ] Application time: 0.0026832 seconds
[4.206s][info ][safepoint    ] Entering safepoint region: RevokeBias
[4.206s][info ][safepoint    ] Leaving safepoint region
[4.206s][info ][safepoint    ] Total time for which application threads were stopped: 0.0001807 seconds, Stopping threads took: 0.0000745 seconds
[4.208s][info ][safepoint    ] Application time: 0.0019250 seconds
[4.208s][info ][safepoint    ] Entering safepoint region: RevokeBias
[4.208s][info ][safepoint    ] Leaving safepoint region
[4.208s][info ][safepoint    ] Total time for which application threads were stopped: 0.0001130 seconds, Stopping threads took: 0.0000258 seconds
[4.217s][info ][safepoint    ] Application time: 0.0086046 seconds
[4.217s][info ][safepoint    ] Entering safepoint region: RevokeBias
[4.218s][info ][safepoint    ] Leaving safepoint region
[4.218s][info ][safepoint    ] Total time for which application threads were stopped: 0.0003576 seconds, Stopping threads took: 0.0000186 seconds
[4.222s][info ][safepoint    ] Application time: 0.0044327 seconds
[4.222s][info ][safepoint    ] Entering safepoint region: RevokeBias
[4.222s][info ][safepoint    ] Leaving safepoint region
[4.222s][info ][safepoint    ] Total time for which application threads were stopped: 0.0001874 seconds, Stopping threads took: 0.0000632 seconds
[4.223s][info ][safepoint    ] Application time: 0.0010367 seconds
[4.223s][info ][safepoint    ] Entering safepoint region: RevokeBias
[4.224s][info ][safepoint    ] Leaving safepoint region
[4.224s][info ][safepoint    ] Total time for which application threads were stopped: 0.0001139 seconds, Stopping threads took: 0.0000069 seconds
[4.224s][info ][safepoint    ] Application time: 0.0000377 seconds
[4.224s][info ][safepoint    ] Entering safepoint region: RevokeBias
[4.224s][info ][safepoint    ] Leaving safepoint region
[4.224s][info ][safepoint    ] Total time for which application threads were stopped: 0.0001189 seconds, Stopping threads took: 0.0000229 seconds
[4.225s][info ][safepoint    ] Application time: 0.0014355 seconds
[4.225s][info ][safepoint    ] Entering safepoint region: RevokeBias
[4.225s][info ][safepoint    ] Leaving safepoint region
[4.225s][info ][safepoint    ] Total time for which application threads were stopped: 0.0001778 seconds, Stopping threads took: 0.0001309 seconds
[4.231s][info ][safepoint    ] Application time: 0.0051619 seconds
[4.231s][info ][safepoint    ] Entering safepoint region: RevokeBias
[4.231s][info ][safepoint    ] Leaving safepoint region
[4.231s][info ][safepoint    ] Total time for which application threads were stopped: 0.0001513 seconds, Stopping threads took: 0.0000533 seconds
[4.234s][info ][safepoint    ] Application time: 0.0029266 seconds
[4.234s][info ][safepoint    ] Entering safepoint region: RevokeBias
[4.234s][info ][safepoint    ] Leaving safepoint region
[4.234s][info ][safepoint    ] Total time for which application threads were stopped: 0.0004216 seconds, Stopping threads took: 0.0003662 seconds
[4.238s][info ][safepoint    ] Application time: 0.0035315 seconds
[4.238s][info ][safepoint    ] Entering safepoint region: RevokeBias
[4.238s][info ][safepoint    ] Leaving safepoint region
[4.238s][info ][safepoint    ] Total time for which application threads were stopped: 0.0000894 seconds, Stopping threads took: 0.0000083 seconds
[4.238s][info ][safepoint    ] Application time: 0.0001513 seconds
[4.238s][info ][safepoint    ] Entering safepoint region: CollectForMetadataAllocation
[4.238s][info ][safepoint    ] Leaving safepoint region
[4.238s][info ][safepoint    ] Total time for which application threads were stopped: 0.0001103 seconds, Stopping threads took: 0.0000545 seconds
[4.241s][info ][safepoint    ] Application time: 0.0028036 seconds
[4.241s][info ][safepoint    ] Entering safepoint region: RevokeBias
[4.241s][info ][safepoint    ] Leaving safepoint region
[4.241s][info ][safepoint    ] Total time for which application threads were stopped: 0.0002483 seconds, Stopping threads took: 0.0002019 seconds
[4.244s][info ][safepoint    ] Application time: 0.0026644 seconds
[4.244s][info ][safepoint    ] Entering safepoint region: RevokeBias
[4.244s][info ][safepoint    ] Leaving safepoint region
[4.244s][info ][safepoint    ] Total time for which application threads were stopped: 0.0001511 seconds, Stopping threads took: 0.0001078 seconds
[4.245s][info ][safepoint    ] Application time: 0.0012117 seconds
[4.245s][info ][safepoint    ] Entering safepoint region: RevokeBias
[4.245s][info ][safepoint    ] Leaving safepoint region
[4.246s][info ][safepoint    ] Total time for which application threads were stopped: 0.0004764 seconds, Stopping threads took: 0.0000335 seconds
[4.247s][info ][safepoint    ] Application time: 0.0009844 seconds
[4.247s][info ][safepoint    ] Entering safepoint region: RevokeBias
[4.247s][info ][safepoint    ] Leaving safepoint region
[4.247s][info ][safepoint    ] Total time for which application threads were stopped: 0.0002160 seconds, Stopping threads took: 0.0001550 seconds
[4.250s][info ][safepoint    ] Application time: 0.0027962 seconds
[4.250s][info ][safepoint    ] Entering safepoint region: CollectForMetadataAllocation
[4.250s][info ][safepoint    ] Leaving safepoint region
[4.250s][info ][safepoint    ] Total time for which application threads were stopped: 0.0000794 seconds, Stopping threads took: 0.0000302 seconds
[4.258s][info ][safepoint    ] Application time: 0.0086833 seconds
[4.258s][info ][safepoint    ] Entering safepoint region: RevokeBias
[4.259s][info ][safepoint    ] Leaving safepoint region
[4.259s][info ][safepoint    ] Total time for which application threads were stopped: 0.0000833 seconds, Stopping threads took: 0.0000299 seconds
[4.265s][info ][safepoint    ] Application time: 0.0062755 seconds
[4.265s][info ][safepoint    ] Entering safepoint region: RevokeBias
[4.265s][info ][safepoint    ] Leaving safepoint region
[4.265s][info ][safepoint    ] Total time for which application threads were stopped: 0.0001226 seconds, Stopping threads took: 0.0000190 seconds
[4.268s][info ][safepoint    ] Application time: 0.0030454 seconds
[4.268s][info ][safepoint    ] Entering safepoint region: RevokeBias
[4.268s][info ][safepoint    ] Leaving safepoint region
[4.268s][info ][safepoint    ] Total time for which application threads were stopped: 0.0001134 seconds, Stopping threads took: 0.0000554 seconds
[4.269s][info ][safepoint    ] Application time: 0.0007745 seconds
[4.269s][info ][safepoint    ] Entering safepoint region: RevokeBias
[4.269s][info ][safepoint    ] Leaving safepoint region
[4.269s][info ][safepoint    ] Total time for which application threads were stopped: 0.0001123 seconds, Stopping threads took: 0.0000623 seconds
[4.270s][info ][safepoint    ] Application time: 0.0004880 seconds
[4.270s][info ][safepoint    ] Entering safepoint region: CollectForMetadataAllocation
[4.270s][info ][safepoint    ] Leaving safepoint region
[4.270s][info ][safepoint    ] Total time for which application threads were stopped: 0.0001708 seconds, Stopping threads took: 0.0000733 seconds
[4.272s][info ][safepoint    ] Application time: 0.0024022 seconds
[4.272s][info ][safepoint    ] Entering safepoint region: RevokeBias
[4.272s][info ][safepoint    ] Leaving safepoint region
[4.272s][info ][safepoint    ] Total time for which application threads were stopped: 0.0001524 seconds, Stopping threads took: 0.0001160 seconds
[4.276s][info ][safepoint    ] Application time: 0.0036299 seconds
[4.276s][info ][safepoint    ] Entering safepoint region: RevokeBias
[4.276s][info ][safepoint    ] Leaving safepoint region
[4.276s][info ][safepoint    ] Total time for which application threads were stopped: 0.0001626 seconds, Stopping threads took: 0.0001000 seconds
[4.277s][info ][safepoint    ] Application time: 0.0005625 seconds
[4.277s][info ][safepoint    ] Entering safepoint region: BulkRevokeBias
[4.277s][info ][safepoint    ] Leaving safepoint region
[4.277s][info ][safepoint    ] Total time for which application threads were stopped: 0.0003182 seconds, Stopping threads took: 0.0000913 seconds
[4.284s][info ][safepoint    ] Application time: 0.0065810 seconds
[4.290s][info ][safepoint    ] Entering safepoint region: CollectForMetadataAllocation
[4.290s][info ][safepoint    ] Leaving safepoint region
[4.290s][info ][safepoint    ] Total time for which application threads were stopped: 0.0062986 seconds, Stopping threads took: 0.0062179 seconds
[4.302s][info ][safepoint    ] Application time: 0.0124245 seconds
[4.304s][info ][safepoint    ] Entering safepoint region: CollectForMetadataAllocation
[4.304s][info ][safepoint    ] Leaving safepoint region
[4.304s][info ][safepoint    ] Total time for which application threads were stopped: 0.0019719 seconds, Stopping threads took: 0.0018718 seconds
[4.312s][info ][safepoint    ] Application time: 0.0076718 seconds
[4.312s][info ][safepoint    ] Entering safepoint region: CollectForMetadataAllocation
[4.312s][info ][safepoint    ] Leaving safepoint region
[4.312s][info ][safepoint    ] Total time for which application threads were stopped: 0.0003180 seconds, Stopping threads took: 0.0000873 seconds
[4.313s][info ][safepoint    ] Application time: 0.0007540 seconds
[4.313s][info ][safepoint    ] Entering safepoint region: RevokeBias
[4.313s][info ][safepoint    ] Leaving safepoint region
[4.313s][info ][safepoint    ] Total time for which application threads were stopped: 0.0001098 seconds, Stopping threads took: 0.0000169 seconds
[4.313s][info ][safepoint    ] Application time: 0.0000317 seconds
[4.313s][info ][safepoint    ] Entering safepoint region: RevokeBias
[4.313s][info ][safepoint    ] Leaving safepoint region
[4.313s][info ][safepoint    ] Total time for which application threads were stopped: 0.0000908 seconds, Stopping threads took: 0.0000124 seconds
[4.320s][info ][safepoint    ] Application time: 0.0061963 seconds
[4.320s][info ][safepoint    ] Entering safepoint region: RevokeBias
[4.320s][info ][safepoint    ] Leaving safepoint region
[4.320s][info ][safepoint    ] Total time for which application threads were stopped: 0.0001847 seconds, Stopping threads took: 0.0001301 seconds
[4.323s][info ][safepoint    ] Application time: 0.0032597 seconds
[4.323s][info ][safepoint    ] Entering safepoint region: CollectForMetadataAllocation
[4.323s][info ][safepoint    ] Leaving safepoint region
[4.323s][info ][safepoint    ] Total time for which application threads were stopped: 0.0001329 seconds, Stopping threads took: 0.0000621 seconds
[4.337s][info ][safepoint    ] Application time: 0.0136925 seconds
[4.337s][info ][safepoint    ] Entering safepoint region: CollectForMetadataAllocation
[4.337s][info ][safepoint    ] Leaving safepoint region
[4.337s][info ][safepoint    ] Total time for which application threads were stopped: 0.0000778 seconds, Stopping threads took: 0.0000089 seconds
[4.337s][info ][safepoint    ] Application time: 0.0000862 seconds
[4.337s][info ][safepoint    ] Entering safepoint region: CollectForMetadataAllocation
[4.337s][info ][safepoint    ] Leaving safepoint region
[4.337s][info ][safepoint    ] Total time for which application threads were stopped: 0.0000581 seconds, Stopping threads took: 0.0000387 seconds
[4.342s][info ][safepoint    ] Application time: 0.0050762 seconds
[4.343s][info ][safepoint    ] Entering safepoint region: RevokeBias
[4.343s][info ][safepoint    ] Leaving safepoint region
[4.343s][info ][safepoint    ] Total time for which application threads were stopped: 0.0003654 seconds, Stopping threads took: 0.0002603 seconds
[4.343s][info ][safepoint    ] Application time: 0.0000574 seconds
[4.343s][info ][safepoint    ] Entering safepoint region: RevokeBias
[4.343s][info ][safepoint    ] Leaving safepoint region
[4.343s][info ][safepoint    ] Total time for which application threads were stopped: 0.0000879 seconds, Stopping threads took: 0.0000269 seconds
[4.343s][info ][safepoint    ] Application time: 0.0000503 seconds
[4.344s][info ][safepoint    ] Entering safepoint region: RevokeBias
[4.344s][info ][safepoint    ] Leaving safepoint region
[4.344s][info ][safepoint    ] Total time for which application threads were stopped: 0.0000992 seconds, Stopping threads took: 0.0000266 seconds
[4.344s][info ][safepoint    ] Application time: 0.0000496 seconds
[4.344s][info ][safepoint    ] Entering safepoint region: RevokeBias
[4.344s][info ][safepoint    ] Leaving safepoint region
[4.344s][info ][safepoint    ] Total time for which application threads were stopped: 0.0001118 seconds, Stopping threads took: 0.0000463 seconds
[4.344s][info ][safepoint    ] Application time: 0.0000651 seconds
[4.344s][info ][safepoint    ] Entering safepoint region: RevokeBias
[4.344s][info ][safepoint    ] Leaving safepoint region
[4.344s][info ][safepoint    ] Total time for which application threads were stopped: 0.0000742 seconds, Stopping threads took: 0.0000051 seconds
[4.344s][info ][safepoint    ] Application time: 0.0000345 seconds
[4.347s][info ][safepoint    ] Entering safepoint region: RevokeBias
[4.347s][info ][safepoint    ] Leaving safepoint region
[4.347s][info ][safepoint    ] Total time for which application threads were stopped: 0.0029673 seconds, Stopping threads took: 0.0028855 seconds
[4.347s][info ][safepoint    ] Application time: 0.0000892 seconds
[4.347s][info ][safepoint    ] Entering safepoint region: RevokeBias
[4.347s][info ][safepoint    ] Leaving safepoint region
[4.347s][info ][safepoint    ] Total time for which application threads were stopped: 0.0000625 seconds, Stopping threads took: 0.0000225 seconds
[4.347s][info ][safepoint    ] Application time: 0.0000408 seconds
[4.347s][info ][safepoint    ] Entering safepoint region: RevokeBias
[4.347s][info ][safepoint    ] Leaving safepoint region
[4.347s][info ][safepoint    ] Total time for which application threads were stopped: 0.0000381 seconds, Stopping threads took: 0.0000045 seconds
[4.348s][info ][safepoint    ] Application time: 0.0000514 seconds
[4.348s][info ][safepoint    ] Entering safepoint region: RevokeBias
[4.348s][info ][safepoint    ] Leaving safepoint region
[4.348s][info ][safepoint    ] Total time for which application threads were stopped: 0.0000527 seconds, Stopping threads took: 0.0000140 seconds
[4.348s][info ][safepoint    ] Application time: 0.0000326 seconds
[4.348s][info ][safepoint    ] Entering safepoint region: RevokeBias
[4.348s][info ][safepoint    ] Leaving safepoint region
[4.348s][info ][safepoint    ] Total time for which application threads were stopped: 0.0000510 seconds, Stopping threads took: 0.0000043 seconds
[4.348s][info ][safepoint    ] Application time: 0.0000215 seconds
[4.348s][info ][safepoint    ] Entering safepoint region: RevokeBias
[4.348s][info ][safepoint    ] Leaving safepoint region
[4.348s][info ][safepoint    ] Total time for which application threads were stopped: 0.0000472 seconds, Stopping threads took: 0.0000131 seconds
[4.348s][info ][safepoint    ] Application time: 0.0000187 seconds
[4.348s][info ][safepoint    ] Entering safepoint region: BulkRevokeBias
[4.348s][info ][safepoint    ] Leaving safepoint region
[4.348s][info ][safepoint    ] Total time for which application threads were stopped: 0.0001199 seconds, Stopping threads took: 0.0000114 seconds
[4.363s][info ][safepoint    ] Application time: 0.0152010 seconds
[4.363s][info ][safepoint    ] Entering safepoint region: CollectForMetadataAllocation
[4.363s][info ][safepoint    ] Leaving safepoint region
[4.363s][info ][safepoint    ] Total time for which application threads were stopped: 0.0001292 seconds, Stopping threads took: 0.0000460 seconds
[4.380s][info ][safepoint    ] Application time: 0.0167615 seconds
[4.380s][info ][safepoint    ] Entering safepoint region: CollectForMetadataAllocation
[4.380s][info ][safepoint    ] Leaving safepoint region
[4.380s][info ][safepoint    ] Total time for which application threads were stopped: 0.0001709 seconds, Stopping threads took: 0.0000712 seconds
[4.395s][info ][safepoint    ] Application time: 0.0144794 seconds
[4.395s][info ][safepoint    ] Entering safepoint region: CollectForMetadataAllocation
[4.395s][info ][safepoint    ] Leaving safepoint region
[4.395s][info ][safepoint    ] Total time for which application threads were stopped: 0.0001561 seconds, Stopping threads took: 0.0000484 seconds
[4.400s][info ][safepoint    ] Application time: 0.0050262 seconds
[4.400s][info ][safepoint    ] Entering safepoint region: RevokeBias
[4.400s][info ][safepoint    ] Leaving safepoint region
[4.400s][info ][safepoint    ] Total time for which application threads were stopped: 0.0000809 seconds, Stopping threads took: 0.0000104 seconds
[4.400s][info ][safepoint    ] Application time: 0.0003153 seconds
[4.400s][info ][safepoint    ] Entering safepoint region: RevokeBias
[4.400s][info ][safepoint    ] Leaving safepoint region
[4.400s][info ][safepoint    ] Total time for which application threads were stopped: 0.0000780 seconds, Stopping threads took: 0.0000318 seconds
[4.416s][info ][safepoint    ] Application time: 0.0151591 seconds
[4.416s][info ][safepoint    ] Entering safepoint region: CollectForMetadataAllocation
[4.416s][info ][safepoint    ] Leaving safepoint region
[4.416s][info ][safepoint    ] Total time for which application threads were stopped: 0.0000924 seconds, Stopping threads took: 0.0000104 seconds
[4.438s][info ][safepoint    ] Application time: 0.0221604 seconds
[4.438s][info ][safepoint    ] Entering safepoint region: CollectForMetadataAllocation
[4.438s][info ][safepoint    ] Leaving safepoint region
[4.438s][info ][safepoint    ] Total time for which application threads were stopped: 0.0001047 seconds, Stopping threads took: 0.0000286 seconds
[4.453s][info ][safepoint    ] Application time: 0.0147835 seconds
[4.453s][info ][safepoint    ] Entering safepoint region: RevokeBias
[4.453s][info ][safepoint    ] Leaving safepoint region
[4.453s][info ][safepoint    ] Total time for which application threads were stopped: 0.0001768 seconds, Stopping threads took: 0.0000956 seconds
[4.453s][info ][safepoint    ] Application time: 0.0001024 seconds
[4.453s][info ][safepoint    ] Entering safepoint region: RevokeBias
[4.453s][info ][safepoint    ] Leaving safepoint region
[4.453s][info ][safepoint    ] Total time for which application threads were stopped: 0.0001348 seconds, Stopping threads took: 0.0000698 seconds
[4.454s][info ][safepoint    ] Application time: 0.0006396 seconds
[4.454s][info ][safepoint    ] Entering safepoint region: RevokeBias
[4.454s][info ][safepoint    ] Leaving safepoint region
[4.454s][info ][safepoint    ] Total time for which application threads were stopped: 0.0002265 seconds, Stopping threads took: 0.0001551 seconds
[4.457s][info ][safepoint    ] Application time: 0.0025354 seconds
[4.457s][info ][safepoint    ] Entering safepoint region: RevokeBias
[4.457s][info ][safepoint    ] Leaving safepoint region
[4.457s][info ][safepoint    ] Total time for which application threads were stopped: 0.0001610 seconds, Stopping threads took: 0.0000617 seconds
[4.458s][info ][safepoint    ] Application time: 0.0010352 seconds
[4.458s][info ][safepoint    ] Entering safepoint region: CollectForMetadataAllocation
[4.458s][info ][safepoint    ] Leaving safepoint region
[4.458s][info ][safepoint    ] Total time for which application threads were stopped: 0.0001829 seconds, Stopping threads took: 0.0001173 seconds
[4.470s][info ][safepoint    ] Application time: 0.0121850 seconds
[4.470s][info ][safepoint    ] Entering safepoint region: CollectForMetadataAllocation
[4.471s][info ][safepoint    ] Leaving safepoint region
[4.471s][info ][safepoint    ] Total time for which application threads were stopped: 0.0002398 seconds, Stopping threads took: 0.0001149 seconds
[4.471s][info ][safepoint    ] Application time: 0.0000677 seconds
[4.471s][info ][safepoint    ] Entering safepoint region: CollectForMetadataAllocation
[4.471s][info ][safepoint    ] Leaving safepoint region
[4.471s][info ][safepoint    ] Total time for which application threads were stopped: 0.0001444 seconds, Stopping threads took: 0.0000691 seconds
[4.480s][info ][safepoint    ] Application time: 0.0097254 seconds
[4.481s][info ][safepoint    ] Entering safepoint region: CollectForMetadataAllocation
[4.481s][info ][safepoint    ] Leaving safepoint region
[4.481s][info ][safepoint    ] Total time for which application threads were stopped: 0.0001097 seconds, Stopping threads took: 0.0000224 seconds
[4.484s][info ][safepoint    ] Application time: 0.0036042 seconds
[4.484s][info ][safepoint    ] Entering safepoint region: RevokeBias
[4.484s][info ][safepoint    ] Leaving safepoint region
[4.484s][info ][safepoint    ] Total time for which application threads were stopped: 0.0001181 seconds, Stopping threads took: 0.0000193 seconds
[4.491s][info ][safepoint    ] Application time: 0.0066368 seconds
[4.491s][info ][safepoint    ] Entering safepoint region: RevokeBias
[4.491s][info ][safepoint    ] Leaving safepoint region
[4.491s][info ][safepoint    ] Total time for which application threads were stopped: 0.0002550 seconds, Stopping threads took: 0.0000786 seconds
[4.494s][info ][safepoint    ] Application time: 0.0023278 seconds
[4.503s][info ][safepoint    ] Entering safepoint region: RevokeBias
[4.503s][info ][safepoint    ] Leaving safepoint region
[4.503s][info ][safepoint    ] Total time for which application threads were stopped: 0.0090789 seconds, Stopping threads took: 0.0089014 seconds
[4.505s][info ][safepoint    ] Application time: 0.0018928 seconds
[4.512s][info ][safepoint    ] Entering safepoint region: RevokeBias
[4.512s][info ][safepoint    ] Leaving safepoint region
[4.513s][info ][safepoint    ] Total time for which application threads were stopped: 0.0078835 seconds, Stopping threads took: 0.0076846 seconds
[4.523s][info ][safepoint    ] Application time: 0.0100349 seconds
[4.536s][info ][safepoint    ] Entering safepoint region: RevokeBias
[4.536s][info ][safepoint    ] Leaving safepoint region
[4.536s][info ][safepoint    ] Total time for which application threads were stopped: 0.0138962 seconds, Stopping threads took: 0.0136533 seconds
[4.547s][info ][safepoint    ] Application time: 0.0105304 seconds
[4.547s][info ][safepoint    ] Entering safepoint region: BulkRevokeBias
[4.548s][info ][safepoint    ] Leaving safepoint region
[4.548s][info ][safepoint    ] Total time for which application threads were stopped: 0.0012671 seconds, Stopping threads took: 0.0004627 seconds
[4.558s][info ][safepoint    ] Application time: 0.0098880 seconds
[4.558s][info ][safepoint    ] Entering safepoint region: RevokeBias
[4.559s][info ][safepoint    ] Leaving safepoint region
[4.559s][info ][safepoint    ] Total time for which application threads were stopped: 0.0003421 seconds, Stopping threads took: 0.0000324 seconds
[4.559s][info ][safepoint    ] Application time: 0.0001247 seconds
[4.559s][info ][safepoint    ] Entering safepoint region: CollectForMetadataAllocation
[4.559s][info ][safepoint    ] Leaving safepoint region
[4.559s][info ][safepoint    ] Total time for which application threads were stopped: 0.0001736 seconds, Stopping threads took: 0.0001178 seconds
[4.560s][info ][safepoint    ] Application time: 0.0013316 seconds
[4.560s][info ][safepoint    ] Entering safepoint region: CollectForMetadataAllocation
[4.560s][info ][safepoint    ] Leaving safepoint region
[4.560s][info ][safepoint    ] Total time for which application threads were stopped: 0.0001280 seconds, Stopping threads took: 0.0000621 seconds
[4.562s][info ][safepoint    ] Application time: 0.0020261 seconds
[4.562s][info ][safepoint    ] Entering safepoint region: RevokeBias
[4.563s][info ][safepoint    ] Leaving safepoint region
[4.563s][info ][safepoint    ] Total time for which application threads were stopped: 0.0001840 seconds, Stopping threads took: 0.0000203 seconds
[4.563s][info ][safepoint    ] Application time: 0.0007389 seconds
[4.564s][info ][safepoint    ] Entering safepoint region: RevokeBias
[4.564s][info ][safepoint    ] Leaving safepoint region
[4.564s][info ][safepoint    ] Total time for which application threads were stopped: 0.0003490 seconds, Stopping threads took: 0.0002044 seconds
[4.567s][info ][safepoint    ] Application time: 0.0035566 seconds
[4.567s][info ][safepoint    ] Entering safepoint region: RevokeBias
[4.568s][info ][safepoint    ] Leaving safepoint region
[4.568s][info ][safepoint    ] Total time for which application threads were stopped: 0.0003298 seconds, Stopping threads took: 0.0001610 seconds
[4.585s][info ][safepoint    ] Application time: 0.0168657 seconds
[4.586s][info ][safepoint    ] Entering safepoint region: CollectForMetadataAllocation
[4.586s][info ][safepoint    ] Leaving safepoint region
[4.586s][info ][safepoint    ] Total time for which application threads were stopped: 0.0016692 seconds, Stopping threads took: 0.0014906 seconds
[4.596s][info ][safepoint    ] Application time: 0.0100897 seconds
[4.608s][info ][safepoint    ] Entering safepoint region: RevokeBias
[4.608s][info ][safepoint    ] Leaving safepoint region
[4.608s][info ][safepoint    ] Total time for which application threads were stopped: 0.0118341 seconds, Stopping threads took: 0.0115701 seconds
[4.617s][info ][safepoint    ] Application time: 0.0087801 seconds
[4.628s][info ][safepoint    ] Entering safepoint region: RevokeBias
[4.628s][info ][safepoint    ] Leaving safepoint region
[4.628s][info ][safepoint    ] Total time for which application threads were stopped: 0.0115162 seconds, Stopping threads took: 0.0112888 seconds
[4.635s][info ][safepoint    ] Application time: 0.0068652 seconds
[4.638s][info ][safepoint    ] Entering safepoint region: RevokeBias
[4.638s][info ][safepoint    ] Leaving safepoint region
[4.638s][info ][safepoint    ] Total time for which application threads were stopped: 0.0026451 seconds, Stopping threads took: 0.0023875 seconds
[4.660s][info ][safepoint    ] Application time: 0.0215430 seconds
[4.666s][info ][safepoint    ] Entering safepoint region: RevokeBias
[4.667s][info ][safepoint    ] Leaving safepoint region
[4.667s][info ][safepoint    ] Total time for which application threads were stopped: 0.0070436 seconds, Stopping threads took: 0.0066691 seconds
[4.670s][info ][safepoint    ] Application time: 0.0031102 seconds
[4.670s][info ][safepoint    ] Entering safepoint region: RevokeBias
[4.670s][info ][safepoint    ] Leaving safepoint region
[4.670s][info ][safepoint    ] Total time for which application threads were stopped: 0.0004161 seconds, Stopping threads took: 0.0001091 seconds
[4.678s][info ][safepoint    ] Application time: 0.0080968 seconds
[4.679s][info ][safepoint    ] Entering safepoint region: RevokeBias
[4.680s][info ][safepoint    ] Leaving safepoint region
[4.680s][info ][safepoint    ] Total time for which application threads were stopped: 0.0011474 seconds, Stopping threads took: 0.0008947 seconds
[4.680s][info ][safepoint    ] Application time: 0.0007279 seconds
[4.680s][info ][safepoint    ] Entering safepoint region: RevokeBias
[4.681s][info ][safepoint    ] Leaving safepoint region
[4.681s][info ][safepoint    ] Total time for which application threads were stopped: 0.0002576 seconds, Stopping threads took: 0.0001186 seconds
[4.701s][info ][safepoint    ] Application time: 0.0200800 seconds
[4.701s][info ][safepoint    ] Entering safepoint region: CollectForMetadataAllocation
[4.701s][info ][safepoint    ] Leaving safepoint region
[4.701s][info ][safepoint    ] Total time for which application threads were stopped: 0.0004368 seconds, Stopping threads took: 0.0001782 seconds
[4.717s][info ][safepoint    ] Application time: 0.0154632 seconds
[4.717s][info ][safepoint    ] Entering safepoint region: CollectForMetadataAllocation
[4.717s][info ][safepoint    ] Leaving safepoint region
[4.717s][info ][safepoint    ] Total time for which application threads were stopped: 0.0004857 seconds, Stopping threads took: 0.0003816 seconds
[4.728s][info ][safepoint    ] Application time: 0.0106586 seconds
[4.728s][info ][safepoint    ] Entering safepoint region: RevokeBias
[4.728s][info ][safepoint    ] Leaving safepoint region
[4.728s][info ][safepoint    ] Total time for which application threads were stopped: 0.0007379 seconds, Stopping threads took: 0.0005347 seconds
[4.742s][info ][safepoint    ] Application time: 0.0137912 seconds
[4.744s][info ][safepoint    ] Entering safepoint region: RevokeBias
[4.745s][info ][safepoint    ] Leaving safepoint region
[4.745s][info ][safepoint    ] Total time for which application threads were stopped: 0.0022841 seconds, Stopping threads took: 0.0020390 seconds
[4.746s][info ][safepoint    ] Application time: 0.0018922 seconds
[4.747s][info ][safepoint    ] Entering safepoint region: GenCollectForAllocation
[4.747s][info ][gc,start     ] GC(1) Pause Young (Allocation Failure)
[4.747s][info ][gc,task      ] GC(1) Using 4 workers of 4 for evacuation
[5.024s][debug][gc,ref       ] GC(1) Skipped phase1 of Reference Processing due to unavailable references
[5.024s][debug][gc,ref       ] GC(1) Skipped phase3 of Reference Processing due to unavailable references
[5.024s][debug][gc,age       ] GC(1) Desired survivor size 15400960 bytes, new threshold 1 (max threshold 6)
[5.024s][info ][gc,heap      ] GC(1) ParNew: 268732K->30080K(270976K)
[5.024s][info ][gc,heap      ] GC(1) CMS: 0K->40030K(602112K)
[5.024s][info ][gc,metaspace ] GC(1) Metaspace: 28959K->28959K(1075200K)
[5.024s][info ][gc           ] GC(1) Pause Young (Allocation Failure) 262M->68M(852M) 277.658ms
[5.024s][info ][gc,cpu       ] GC(1) User=0.64s Sys=0.07s Real=0.28s
[5.024s][info ][safepoint    ] Leaving safepoint region
[5.024s][info ][safepoint    ] Total time for which application threads were stopped: 0.2779059 seconds, Stopping threads took: 0.0001123 seconds
[5.029s][info ][safepoint    ] Application time: 0.0049729 seconds
[5.029s][info ][safepoint    ] Entering safepoint region: Deoptimize
[5.030s][info ][safepoint    ] Leaving safepoint region
[5.030s][info ][safepoint    ] Total time for which application threads were stopped: 0.0007438 seconds, Stopping threads took: 0.0000974 seconds
[5.033s][info ][safepoint    ] Application time: 0.0026049 seconds
[5.033s][info ][safepoint    ] Entering safepoint region: CMS_Initial_Mark
[5.033s][info ][gc,start     ] GC(2) Pause Initial Mark
[5.043s][info ][gc           ] GC(2) Pause Initial Mark 80M->80M(852M) 9.417ms
[5.043s][info ][gc,cpu       ] GC(2) User=0.03s Sys=0.00s Real=0.01s
[5.043s][info ][safepoint    ] Leaving safepoint region
[5.043s][info ][safepoint    ] Total time for which application threads were stopped: 0.0098205 seconds, Stopping threads took: 0.0002425 seconds
[5.043s][info ][gc           ] GC(2) Concurrent Mark
[5.060s][info ][safepoint    ] Application time: 0.0176281 seconds
[5.062s][info ][safepoint    ] Entering safepoint region: CollectForMetadataAllocation
[5.063s][info ][safepoint    ] Leaving safepoint region
[5.063s][info ][safepoint    ] Total time for which application threads were stopped: 0.0025081 seconds, Stopping threads took: 0.0021835 seconds
[5.070s][info ][safepoint    ] Application time: 0.0072789 seconds
[5.073s][info ][safepoint    ] Entering safepoint region: RevokeBias
[5.074s][info ][safepoint    ] Leaving safepoint region
[5.074s][info ][safepoint    ] Total time for which application threads were stopped: 0.0036817 seconds, Stopping threads took: 0.0031504 seconds
[5.074s][info ][safepoint    ] Application time: 0.0002268 seconds
[5.074s][info ][safepoint    ] Entering safepoint region: RevokeBias
[5.074s][info ][safepoint    ] Leaving safepoint region
[5.074s][info ][safepoint    ] Total time for which application threads were stopped: 0.0003066 seconds, Stopping threads took: 0.0000611 seconds
[5.082s][info ][safepoint    ] Application time: 0.0075233 seconds
[5.082s][info ][safepoint    ] Entering safepoint region: CollectForMetadataAllocation
[5.082s][info ][safepoint    ] Leaving safepoint region
[5.082s][info ][safepoint    ] Total time for which application threads were stopped: 0.0001968 seconds, Stopping threads took: 0.0000674 seconds
[5.084s][info ][safepoint    ] Application time: 0.0022363 seconds
[5.085s][info ][safepoint    ] Entering safepoint region: RevokeBias
[5.085s][info ][safepoint    ] Leaving safepoint region
[5.085s][info ][safepoint    ] Total time for which application threads were stopped: 0.0004821 seconds, Stopping threads took: 0.0003102 seconds
[5.091s][info ][safepoint    ] Application time: 0.0059141 seconds
[5.091s][info ][safepoint    ] Entering safepoint region: RevokeBias
[5.091s][info ][safepoint    ] Leaving safepoint region
[5.091s][info ][safepoint    ] Total time for which application threads were stopped: 0.0004103 seconds, Stopping threads took: 0.0001220 seconds
[5.102s][info ][safepoint    ] Application time: 0.0109027 seconds
[5.102s][info ][safepoint    ] Entering safepoint region: RevokeBias
[5.103s][info ][safepoint    ] Leaving safepoint region
[5.103s][info ][safepoint    ] Total time for which application threads were stopped: 0.0004508 seconds, Stopping threads took: 0.0001945 seconds
[5.104s][info ][safepoint    ] Application time: 0.0014269 seconds
[5.104s][info ][safepoint    ] Entering safepoint region: BulkRevokeBias
[5.106s][info ][safepoint    ] Leaving safepoint region
[5.106s][info ][safepoint    ] Total time for which application threads were stopped: 0.0023711 seconds, Stopping threads took: 0.0001136 seconds
[5.106s][info ][safepoint    ] Application time: 0.0001020 seconds
[5.107s][info ][safepoint    ] Entering safepoint region: RevokeBias
[5.107s][info ][safepoint    ] Leaving safepoint region
[5.107s][info ][safepoint    ] Total time for which application threads were stopped: 0.0005186 seconds, Stopping threads took: 0.0000405 seconds
[5.147s][info ][safepoint    ] Application time: 0.0398056 seconds
[5.151s][info ][safepoint    ] Entering safepoint region: RevokeBias
[5.152s][info ][safepoint    ] Leaving safepoint region
[5.152s][info ][safepoint    ] Total time for which application threads were stopped: 0.0048296 seconds, Stopping threads took: 0.0043793 seconds
[5.220s][info ][gc           ] GC(2) Concurrent Mark 176.981ms
[5.220s][info ][gc,cpu       ] GC(2) User=0.56s Sys=0.03s Real=0.17s
[5.220s][info ][safepoint    ] Application time: 0.0686907 seconds
[5.220s][info ][safepoint    ] Entering safepoint region: RevokeBias
[5.221s][info ][safepoint    ] Leaving safepoint region
[5.221s][info ][safepoint    ] Total time for which application threads were stopped: 0.0004857 seconds, Stopping threads took: 0.0000775 seconds
[5.221s][info ][gc           ] GC(2) Concurrent Preclean
[5.221s][debug][gc,ref       ] GC(2) Preclean SoftReferences 0.002ms
[5.221s][debug][gc,ref       ] GC(2) Preclean WeakReferences 0.039ms
[5.221s][debug][gc,ref       ] GC(2) Preclean FinalReferences 0.001ms
[5.221s][debug][gc,ref       ] GC(2) Preclean PhantomReferences 0.001ms
[5.228s][info ][safepoint    ] Application time: 0.0074838 seconds
[5.231s][info ][gc           ] GC(2) Concurrent Preclean 10.126ms
[5.231s][info ][gc,cpu       ] GC(2) User=0.03s Sys=0.00s Real=0.01s
[5.232s][info ][safepoint    ] Entering safepoint region: Deoptimize
[5.233s][info ][safepoint    ] Leaving safepoint region
[5.233s][info ][safepoint    ] Total time for which application threads were stopped: 0.0047902 seconds, Stopping threads took: 0.0040043 seconds
[5.233s][info ][gc           ] GC(2) Concurrent Abortable Preclean
[5.247s][info ][safepoint    ] Application time: 0.0135917 seconds
[5.252s][info ][safepoint    ] Entering safepoint region: RevokeBias
[5.253s][info ][safepoint    ] Leaving safepoint region
[5.253s][info ][safepoint    ] Total time for which application threads were stopped: 0.0062276 seconds, Stopping threads took: 0.0055025 seconds
[5.257s][info ][safepoint    ] Application time: 0.0040117 seconds
[5.260s][info ][safepoint    ] Entering safepoint region: RevokeBias
[5.260s][info ][safepoint    ] Leaving safepoint region
[5.260s][info ][safepoint    ] Total time for which application threads were stopped: 0.0033555 seconds, Stopping threads took: 0.0028678 seconds
[5.266s][info ][safepoint    ] Application time: 0.0056462 seconds
[5.266s][info ][safepoint    ] Entering safepoint region: RevokeBias
[5.266s][info ][safepoint    ] Leaving safepoint region
[5.266s][info ][safepoint    ] Total time for which application threads were stopped: 0.0002641 seconds, Stopping threads took: 0.0000730 seconds
[5.278s][info ][safepoint    ] Application time: 0.0112981 seconds
[5.278s][info ][safepoint    ] Entering safepoint region: RevokeBias
[5.278s][info ][safepoint    ] Leaving safepoint region
[5.278s][info ][safepoint    ] Total time for which application threads were stopped: 0.0005307 seconds, Stopping threads took: 0.0001859 seconds
[5.291s][info ][safepoint    ] Application time: 0.0124633 seconds
[5.304s][info ][safepoint    ] Entering safepoint region: RevokeBias
[5.305s][info ][safepoint    ] Leaving safepoint region
[5.305s][info ][safepoint    ] Total time for which application threads were stopped: 0.0138621 seconds, Stopping threads took: 0.0135725 seconds
[5.310s][info ][safepoint    ] Application time: 0.0049764 seconds
[5.312s][info ][safepoint    ] Entering safepoint region: RevokeBias
[5.312s][info ][safepoint    ] Leaving safepoint region
[5.312s][info ][safepoint    ] Total time for which application threads were stopped: 0.0028651 seconds, Stopping threads took: 0.0025315 seconds
[5.318s][info ][safepoint    ] Application time: 0.0060341 seconds
[5.322s][info ][safepoint    ] Entering safepoint region: RevokeBias
[5.322s][info ][safepoint    ] Leaving safepoint region
[5.322s][info ][safepoint    ] Total time for which application threads were stopped: 0.0035532 seconds, Stopping threads took: 0.0034002 seconds
[5.322s][info ][safepoint    ] Application time: 0.0001721 seconds
[5.322s][info ][safepoint    ] Entering safepoint region: RevokeBias
[5.323s][info ][safepoint    ] Leaving safepoint region
[5.323s][info ][safepoint    ] Total time for which application threads were stopped: 0.0002869 seconds, Stopping threads took: 0.0001707 seconds
[5.330s][info ][safepoint    ] Application time: 0.0077396 seconds
[5.336s][info ][safepoint    ] Entering safepoint region: RevokeBias
[5.337s][info ][safepoint    ] Leaving safepoint region
[5.337s][info ][safepoint    ] Total time for which application threads were stopped: 0.0062848 seconds, Stopping threads took: 0.0060735 seconds
[5.340s][info ][safepoint    ] Application time: 0.0033401 seconds
[5.340s][info ][safepoint    ] Entering safepoint region: RevokeBias
[5.340s][info ][safepoint    ] Leaving safepoint region
[5.340s][info ][safepoint    ] Total time for which application threads were stopped: 0.0004275 seconds, Stopping threads took: 0.0002386 seconds
[5.352s][info ][safepoint    ] Application time: 0.0112682 seconds
[5.352s][info ][safepoint    ] Entering safepoint region: CollectForMetadataAllocation
[5.352s][info ][safepoint    ] Leaving safepoint region
[5.352s][info ][safepoint    ] Total time for which application threads were stopped: 0.0002110 seconds, Stopping threads took: 0.0000684 seconds
[5.353s][info ][safepoint    ] Application time: 0.0008382 seconds
[5.353s][info ][safepoint    ] Entering safepoint region: RevokeBias
[5.353s][info ][safepoint    ] Leaving safepoint region
[5.353s][info ][safepoint    ] Total time for which application threads were stopped: 0.0003071 seconds, Stopping threads took: 0.0001669 seconds
[5.353s][info ][safepoint    ] Application time: 0.0001916 seconds
[5.354s][info ][safepoint    ] Entering safepoint region: RevokeBias
[5.354s][info ][safepoint    ] Leaving safepoint region
[5.354s][info ][safepoint    ] Total time for which application threads were stopped: 0.0005458 seconds, Stopping threads took: 0.0003152 seconds
[5.355s][info ][safepoint    ] Application time: 0.0009535 seconds
[5.355s][info ][safepoint    ] Entering safepoint region: RevokeBias
[5.355s][info ][safepoint    ] Leaving safepoint region
[5.355s][info ][safepoint    ] Total time for which application threads were stopped: 0.0003522 seconds, Stopping threads took: 0.0001704 seconds
[5.356s][info ][safepoint    ] Application time: 0.0007573 seconds
[5.356s][info ][safepoint    ] Entering safepoint region: RevokeBias
[5.356s][info ][safepoint    ] Leaving safepoint region
[5.356s][info ][safepoint    ] Total time for which application threads were stopped: 0.0002839 seconds, Stopping threads took: 0.0001174 seconds
[5.357s][info ][safepoint    ] Application time: 0.0009801 seconds
[5.357s][info ][safepoint    ] Entering safepoint region: RevokeBias
[5.358s][info ][safepoint    ] Leaving safepoint region
[5.358s][info ][safepoint    ] Total time for which application threads were stopped: 0.0008274 seconds, Stopping threads took: 0.0000974 seconds
[5.363s][info ][safepoint    ] Application time: 0.0050231 seconds
[5.363s][info ][safepoint    ] Entering safepoint region: RevokeBias
[5.363s][info ][safepoint    ] Leaving safepoint region
[5.363s][info ][safepoint    ] Total time for which application threads were stopped: 0.0002132 seconds, Stopping threads took: 0.0000733 seconds
[5.382s][info ][safepoint    ] Application time: 0.0190880 seconds
[5.392s][info ][safepoint    ] Entering safepoint region: CollectForMetadataAllocation
[5.392s][info ][safepoint    ] Leaving safepoint region
[5.392s][info ][safepoint    ] Total time for which application threads were stopped: 0.0101021 seconds, Stopping threads took: 0.0098829 seconds
[5.413s][info ][safepoint    ] Application time: 0.0204815 seconds
[5.422s][info ][safepoint    ] Entering safepoint region: RevokeBias
[5.422s][info ][safepoint    ] Leaving safepoint region
[5.422s][info ][safepoint    ] Total time for which application threads were stopped: 0.0089801 seconds, Stopping threads took: 0.0087513 seconds
[5.432s][info ][safepoint    ] Application time: 0.0097273 seconds
[5.432s][info ][safepoint    ] Entering safepoint region: RevokeBias
[5.432s][info ][safepoint    ] Leaving safepoint region
[5.432s][info ][safepoint    ] Total time for which application threads were stopped: 0.0005689 seconds, Stopping threads took: 0.0001295 seconds
[5.432s][info ][safepoint    ] Application time: 0.0001281 seconds
[5.433s][info ][safepoint    ] Entering safepoint region: CollectForMetadataAllocation
[5.433s][info ][safepoint    ] Leaving safepoint region
[5.433s][info ][safepoint    ] Total time for which application threads were stopped: 0.0002093 seconds, Stopping threads took: 0.0000921 seconds
[5.439s][info ][safepoint    ] Application time: 0.0063835 seconds
[5.439s][info ][safepoint    ] Entering safepoint region: BulkRevokeBias
[5.440s][info ][safepoint    ] Leaving safepoint region
[5.440s][info ][safepoint    ] Total time for which application threads were stopped: 0.0008523 seconds, Stopping threads took: 0.0001163 seconds
[5.452s][info ][safepoint    ] Application time: 0.0116592 seconds
[5.452s][info ][safepoint    ] Entering safepoint region: CollectForMetadataAllocation
[5.452s][info ][safepoint    ] Leaving safepoint region
[5.452s][info ][safepoint    ] Total time for which application threads were stopped: 0.0002437 seconds, Stopping threads took: 0.0000809 seconds
[5.478s][info ][safepoint    ] Application time: 0.0262123 seconds
[5.478s][info ][safepoint    ] Entering safepoint region: CollectForMetadataAllocation
[5.478s][info ][safepoint    ] Leaving safepoint region
[5.478s][info ][safepoint    ] Total time for which application threads were stopped: 0.0003038 seconds, Stopping threads took: 0.0001000 seconds
[5.506s][info ][safepoint    ] Application time: 0.0275427 seconds
[5.506s][info ][safepoint    ] Entering safepoint region: CollectForMetadataAllocation
[5.506s][info ][safepoint    ] Leaving safepoint region
[5.506s][info ][safepoint    ] Total time for which application threads were stopped: 0.0003677 seconds, Stopping threads took: 0.0001762 seconds
[5.519s][info ][safepoint    ] Application time: 0.0130122 seconds
[5.520s][info ][safepoint    ] Entering safepoint region: CollectForMetadataAllocation
[5.521s][info ][safepoint    ] Leaving safepoint region
[5.521s][info ][safepoint    ] Total time for which application threads were stopped: 0.0011521 seconds, Stopping threads took: 0.0010121 seconds
[5.541s][info ][safepoint    ] Application time: 0.0204015 seconds
[5.548s][info ][safepoint    ] Entering safepoint region: CollectForMetadataAllocation
[5.549s][info ][safepoint    ] Leaving safepoint region
[5.549s][info ][safepoint    ] Total time for which application threads were stopped: 0.0075414 seconds, Stopping threads took: 0.0073467 seconds
[5.572s][info ][safepoint    ] Application time: 0.0233076 seconds
[5.572s][info ][safepoint    ] Entering safepoint region: CollectForMetadataAllocation
[5.572s][info ][safepoint    ] Leaving safepoint region
[5.572s][info ][safepoint    ] Total time for which application threads were stopped: 0.0003466 seconds, Stopping threads took: 0.0001655 seconds
[5.606s][info ][safepoint    ] Application time: 0.0342193 seconds
[5.616s][info ][safepoint    ] Entering safepoint region: CollectForMetadataAllocation
[5.616s][info ][safepoint    ] Leaving safepoint region
[5.616s][info ][safepoint    ] Total time for which application threads were stopped: 0.0092681 seconds, Stopping threads took: 0.0090588 seconds
[5.653s][info ][safepoint    ] Application time: 0.0367723 seconds
[5.653s][info ][safepoint    ] Entering safepoint region: CollectForMetadataAllocation
[5.654s][info ][safepoint    ] Leaving safepoint region
[5.654s][info ][safepoint    ] Total time for which application threads were stopped: 0.0009037 seconds, Stopping threads took: 0.0006206 seconds
[5.694s][info ][safepoint    ] Application time: 0.0408166 seconds
[5.705s][info ][safepoint    ] Entering safepoint region: CollectForMetadataAllocation
[5.705s][info ][safepoint    ] Leaving safepoint region
[5.705s][info ][safepoint    ] Total time for which application threads were stopped: 0.0106938 seconds, Stopping threads took: 0.0104493 seconds
[5.748s][info ][safepoint    ] Application time: 0.0430317 seconds
[5.751s][info ][safepoint    ] Entering safepoint region: CollectForMetadataAllocation
[5.751s][info ][safepoint    ] Leaving safepoint region
[5.751s][info ][safepoint    ] Total time for which application threads were stopped: 0.0030376 seconds, Stopping threads took: 0.0027480 seconds
[5.768s][info ][safepoint    ] Application time: 0.0169081 seconds
[5.769s][info ][safepoint    ] Entering safepoint region: Deoptimize
[5.769s][info ][safepoint    ] Leaving safepoint region
[5.769s][info ][safepoint    ] Total time for which application threads were stopped: 0.0008368 seconds, Stopping threads took: 0.0002926 seconds
[5.772s][info ][safepoint    ] Application time: 0.0027643 seconds
[5.775s][info ][safepoint    ] Entering safepoint region: GenCollectForAllocation
[5.775s][info ][gc,start     ] GC(3) Pause Young (Allocation Failure)
[5.775s][info ][gc,task      ] GC(3) Using 4 workers of 4 for evacuation
[5.880s][debug][gc,ref       ] GC(3) Skipped phase1 of Reference Processing due to unavailable references
[5.880s][debug][gc,ref       ] GC(3) Skipped phase3 of Reference Processing due to unavailable references
[5.881s][debug][gc,age       ] GC(3) Desired survivor size 15400960 bytes, new threshold 1 (max threshold 6)
[5.881s][info ][gc,heap      ] GC(3) ParNew: 270976K->30080K(270976K)
[5.881s][info ][gc,heap      ] GC(3) CMS: 40030K->71231K(602112K)
[5.881s][info ][gc,metaspace ] GC(3) Metaspace: 33733K->33733K(1079296K)
[5.881s][info ][gc           ] GC(3) Pause Young (Allocation Failure) 303M->98M(852M) 105.831ms
[5.881s][info ][gc,cpu       ] GC(3) User=0.30s Sys=0.03s Real=0.11s
[5.881s][info ][safepoint    ] Leaving safepoint region
[5.881s][info ][safepoint    ] Total time for which application threads were stopped: 0.1089615 seconds, Stopping threads took: 0.0029745 seconds
[5.887s][info ][safepoint    ] Application time: 0.0059605 seconds
[5.887s][info ][safepoint    ] Entering safepoint region: CollectForMetadataAllocation
[5.888s][info ][safepoint    ] Leaving safepoint region
[5.888s][info ][safepoint    ] Total time for which application threads were stopped: 0.0007435 seconds, Stopping threads took: 0.0006044 seconds
[6.012s][info ][safepoint    ] Application time: 0.1246557 seconds
[6.014s][info ][safepoint    ] Entering safepoint region: Deoptimize
[6.015s][info ][safepoint    ] Leaving safepoint region
[6.015s][info ][safepoint    ] Total time for which application threads were stopped: 0.0028943 seconds, Stopping threads took: 0.0021879 seconds
[6.021s][info ][safepoint    ] Application time: 0.0060593 seconds
[6.021s][info ][safepoint    ] Entering safepoint region: CollectForMetadataAllocation
[6.022s][info ][safepoint    ] Leaving safepoint region
[6.022s][info ][safepoint    ] Total time for which application threads were stopped: 0.0003282 seconds, Stopping threads took: 0.0001879 seconds
[6.054s][info ][safepoint    ] Application time: 0.0326199 seconds
[6.054s][info ][safepoint    ] Entering safepoint region: Deoptimize
[6.055s][info ][safepoint    ] Leaving safepoint region
[6.055s][info ][safepoint    ] Total time for which application threads were stopped: 0.0008017 seconds, Stopping threads took: 0.0001893 seconds
[6.057s][info ][gc           ] GC(2) Concurrent Abortable Preclean 823.383ms
[6.057s][info ][gc,cpu       ] GC(2) User=3.03s Sys=0.23s Real=0.82s
[6.057s][info ][safepoint    ] Application time: 0.0016234 seconds
[6.057s][info ][safepoint    ] Entering safepoint region: CMS_Final_Remark
[6.057s][info ][gc,start     ] GC(2) Pause Remark
[6.099s][debug][gc,phases    ] GC(2) Rescan (parallel) 42.077ms
[6.099s][debug][gc,ref       ] GC(2) Skipped phase1 of Reference Processing due to unavailable references
[6.099s][debug][gc,ref       ] GC(2) Skipped phase3 of Reference Processing due to unavailable references
[6.099s][debug][gc,ref       ] GC(2) Skipped phase4 of Reference Processing due to unavailable references
[6.099s][debug][gc,phases    ] GC(2) Reference Processing 0.071ms
[6.099s][debug][gc,phases    ] GC(2) Weak Processing 0.085ms
[6.100s][debug][gc,phases    ] GC(2) ClassLoaderData 0.511ms
[6.100s][debug][gc,phases    ] GC(2) ProtectionDomainCacheTable 0.003ms
[6.100s][debug][gc,phases    ] GC(2) ResolvedMethodTable 0.096ms
[6.102s][debug][gc,phases    ] GC(2) Class Unloading 2.302ms
[6.104s][debug][gc,phases    ] GC(2) Scrub Symbol Table 2.596ms
[6.104s][debug][gc,phases    ] GC(2) Scrub String Table 0.348ms
[6.105s][info ][gc           ] GC(2) Pause Remark 222M->222M(852M) 47.620ms
[6.105s][info ][gc,cpu       ] GC(2) User=0.15s Sys=0.02s Real=0.05s
[6.105s][info ][safepoint    ] Leaving safepoint region
[6.105s][info ][safepoint    ] Total time for which application threads were stopped: 0.0479046 seconds, Stopping threads took: 0.0001495 seconds
[6.105s][info ][gc           ] GC(2) Concurrent Sweep
[6.113s][info ][safepoint    ] Application time: 0.0082143 seconds
[6.113s][info ][safepoint    ] Entering safepoint region: Deoptimize
[6.114s][info ][safepoint    ] Leaving safepoint region
[6.114s][info ][safepoint    ] Total time for which application threads were stopped: 0.0007875 seconds, Stopping threads took: 0.0000742 seconds
[6.122s][info ][safepoint    ] Application time: 0.0086002 seconds
[6.128s][info ][safepoint    ] Entering safepoint region: CollectForMetadataAllocation
[6.128s][info ][safepoint    ] Leaving safepoint region
[6.128s][info ][safepoint    ] Total time for which application threads were stopped: 0.0056582 seconds, Stopping threads took: 0.0054637 seconds
[6.166s][info ][gc           ] GC(2) Concurrent Sweep 61.635ms
[6.166s][info ][gc,cpu       ] GC(2) User=0.25s Sys=0.01s Real=0.06s
[6.166s][info ][gc           ] GC(2) Concurrent Reset
[6.225s][info ][gc           ] GC(2) Concurrent Reset 58.409ms
[6.225s][info ][gc,cpu       ] GC(2) User=0.28s Sys=0.04s Real=0.06s
[6.225s][info ][gc,heap      ] GC(2) Old: 40030K->71186K(602112K)
[6.258s][info ][safepoint    ] Application time: 0.1297996 seconds
[6.266s][info ][safepoint    ] Entering safepoint region: GenCollectForAllocation
[6.267s][info ][gc,start     ] GC(4) Pause Young (Allocation Failure)
[6.267s][info ][gc,task      ] GC(4) Using 4 workers of 4 for evacuation
[6.392s][debug][gc,ref       ] GC(4) Skipped phase1 of Reference Processing due to unavailable references
[6.392s][debug][gc,ref       ] GC(4) Skipped phase3 of Reference Processing due to unavailable references
[6.392s][debug][gc,age       ] GC(4) Desired survivor size 15400960 bytes, new threshold 1 (max threshold 6)
[6.392s][info ][gc,heap      ] GC(4) ParNew: 270976K->30080K(270976K)
[6.392s][info ][gc,heap      ] GC(4) CMS: 71186K->101939K(602112K)
[6.392s][info ][gc,metaspace ] GC(4) Metaspace: 34451K->34451K(1081344K)
[6.392s][info ][gc           ] GC(4) Pause Young (Allocation Failure) 334M->128M(852M) 124.965ms
[6.392s][info ][gc,cpu       ] GC(4) User=0.31s Sys=0.02s Real=0.13s
[6.392s][info ][safepoint    ] Leaving safepoint region
[6.392s][info ][safepoint    ] Total time for which application threads were stopped: 0.1342011 seconds, Stopping threads took: 0.0086479 seconds
[6.431s][info ][safepoint    ] Application time: 0.0393124 seconds
[6.437s][info ][safepoint    ] Entering safepoint region: Deoptimize
[6.438s][info ][safepoint    ] Leaving safepoint region
[6.438s][info ][safepoint    ] Total time for which application threads were stopped: 0.0067006 seconds, Stopping threads took: 0.0059781 seconds
[6.611s][info ][safepoint    ] Application time: 0.1725556 seconds
[6.612s][info ][safepoint    ] Entering safepoint region: GenCollectForAllocation
[6.612s][info ][gc,start     ] GC(5) Pause Young (Allocation Failure)
[6.612s][info ][gc,task      ] GC(5) Using 4 workers of 4 for evacuation
[6.675s][debug][gc,ref       ] GC(5) Skipped phase1 of Reference Processing due to unavailable references
[6.675s][debug][gc,ref       ] GC(5) Skipped phase3 of Reference Processing due to unavailable references
[6.675s][debug][gc,age       ] GC(5) Desired survivor size 15400960 bytes, new threshold 6 (max threshold 6)
[6.675s][info ][gc,heap      ] GC(5) ParNew: 270976K->26384K(270976K)
[6.675s][info ][gc,heap      ] GC(5) CMS: 101939K->126422K(602112K)
[6.675s][info ][gc,metaspace ] GC(5) Metaspace: 35243K->35243K(1081344K)
[6.675s][info ][gc           ] GC(5) Pause Young (Allocation Failure) 364M->149M(852M) 63.105ms
[6.675s][info ][gc,cpu       ] GC(5) User=0.16s Sys=0.03s Real=0.06s
[6.675s][info ][safepoint    ] Leaving safepoint region
[6.675s][info ][safepoint    ] Total time for which application threads were stopped: 0.0647297 seconds, Stopping threads took: 0.0013740 seconds
[6.718s][info ][safepoint    ] Application time: 0.0429629 seconds
[6.728s][info ][safepoint    ] Entering safepoint region: Deoptimize
[6.729s][info ][safepoint    ] Leaving safepoint region
[6.729s][info ][safepoint    ] Total time for which application threads were stopped: 0.0108173 seconds, Stopping threads took: 0.0099835 seconds
[6.823s][info ][safepoint    ] Application time: 0.0940520 seconds
[6.827s][info ][safepoint    ] Entering safepoint region: GenCollectForAllocation
[6.827s][info ][gc,start     ] GC(6) Pause Young (Allocation Failure)
[6.827s][info ][gc,task      ] GC(6) Using 4 workers of 4 for evacuation
[6.848s][debug][gc,ref       ] GC(6) Skipped phase1 of Reference Processing due to unavailable references
[6.848s][debug][gc,ref       ] GC(6) Skipped phase3 of Reference Processing due to unavailable references
[6.848s][debug][gc,age       ] GC(6) Desired survivor size 15400960 bytes, new threshold 6 (max threshold 6)
[6.848s][info ][gc,heap      ] GC(6) ParNew: 267280K->14984K(270976K)
[6.848s][info ][gc,heap      ] GC(6) CMS: 126422K->126422K(602112K)
[6.848s][info ][gc,metaspace ] GC(6) Metaspace: 36325K->36325K(1083392K)
[6.848s][info ][gc           ] GC(6) Pause Young (Allocation Failure) 384M->138M(852M) 21.163ms
[6.848s][info ][gc,cpu       ] GC(6) User=0.07s Sys=0.01s Real=0.02s
[6.848s][info ][safepoint    ] Leaving safepoint region
[6.848s][info ][safepoint    ] Total time for which application threads were stopped: 0.0247597 seconds, Stopping threads took: 0.0033055 seconds
[6.851s][info ][safepoint    ] Application time: 0.0034732 seconds
[6.852s][info ][safepoint    ] Entering safepoint region: RevokeBias
[6.853s][info ][safepoint    ] Leaving safepoint region
[6.853s][info ][safepoint    ] Total time for which application threads were stopped: 0.0011409 seconds, Stopping threads took: 0.0009557 seconds
[6.853s][info ][safepoint    ] Application time: 0.0000682 seconds
[6.853s][info ][safepoint    ] Entering safepoint region: RevokeBias
[6.853s][info ][safepoint    ] Leaving safepoint region
[6.853s][info ][safepoint    ] Total time for which application threads were stopped: 0.0001496 seconds, Stopping threads took: 0.0000266 seconds
[6.929s][info ][safepoint    ] Application time: 0.0758285 seconds
[6.941s][info ][safepoint    ] Entering safepoint region: Deoptimize
[6.943s][info ][safepoint    ] Leaving safepoint region
[6.943s][info ][safepoint    ] Total time for which application threads were stopped: 0.0138438 seconds, Stopping threads took: 0.0117993 seconds
[6.961s][info ][safepoint    ] Application time: 0.0184055 seconds
[6.961s][info ][safepoint    ] Entering safepoint region: GenCollectForAllocation
[6.962s][info ][gc,start     ] GC(7) Pause Young (Allocation Failure)
[6.962s][info ][gc,task      ] GC(7) Using 4 workers of 4 for evacuation
[6.980s][debug][gc,ref       ] GC(7) Skipped phase1 of Reference Processing due to unavailable references
[6.980s][debug][gc,ref       ] GC(7) Skipped phase3 of Reference Processing due to unavailable references
[6.980s][debug][gc,age       ] GC(7) Desired survivor size 15400960 bytes, new threshold 3 (max threshold 6)
[6.980s][info ][gc,heap      ] GC(7) ParNew: 255880K->25744K(270976K)
[6.980s][info ][gc,heap      ] GC(7) CMS: 126422K->126422K(602112K)
[6.980s][info ][gc,metaspace ] GC(7) Metaspace: 36605K->36605K(1083392K)
[6.981s][info ][gc           ] GC(7) Pause Young (Allocation Failure) 373M->148M(852M) 18.877ms
[6.981s][info ][gc,cpu       ] GC(7) User=0.05s Sys=0.00s Real=0.02s
[6.981s][info ][safepoint    ] Leaving safepoint region
[6.981s][info ][safepoint    ] Total time for which application threads were stopped: 0.0194731 seconds, Stopping threads took: 0.0003966 seconds
[7.103s][info ][safepoint    ] Application time: 0.1226619 seconds
[7.104s][info ][safepoint    ] Entering safepoint region: GenCollectForAllocation
[7.104s][info ][gc,start     ] GC(8) Pause Young (Allocation Failure)
[7.104s][info ][gc,task      ] GC(8) Using 4 workers of 4 for evacuation
[7.131s][debug][gc,ref       ] GC(8) Skipped phase1 of Reference Processing due to unavailable references
[7.131s][debug][gc,ref       ] GC(8) Skipped phase3 of Reference Processing due to unavailable references
[7.131s][debug][gc,age       ] GC(8) Desired survivor size 15400960 bytes, new threshold 6 (max threshold 6)
[7.131s][info ][gc,heap      ] GC(8) ParNew: 266640K->20531K(270976K)
[7.131s][info ][gc,heap      ] GC(8) CMS: 126422K->134525K(602112K)
[7.131s][info ][gc,metaspace ] GC(8) Metaspace: 37462K->37462K(1083392K)
[7.131s][info ][gc           ] GC(8) Pause Young (Allocation Failure) 383M->151M(852M) 27.058ms
[7.131s][info ][gc,cpu       ] GC(8) User=0.07s Sys=0.02s Real=0.03s
[7.131s][info ][safepoint    ] Leaving safepoint region
[7.131s][info ][safepoint    ] Total time for which application threads were stopped: 0.0275775 seconds, Stopping threads took: 0.0002666 seconds
[7.301s][info ][safepoint    ] Application time: 0.1698181 seconds
[7.301s][info ][safepoint    ] Entering safepoint region: GenCollectForAllocation
[7.301s][info ][gc,start     ] GC(9) Pause Young (Allocation Failure)
[7.301s][info ][gc,task      ] GC(9) Using 4 workers of 4 for evacuation
[7.312s][debug][gc,ref       ] GC(9) Skipped phase1 of Reference Processing due to unavailable references
[7.312s][debug][gc,ref       ] GC(9) Skipped phase3 of Reference Processing due to unavailable references
[7.312s][debug][gc,age       ] GC(9) Desired survivor size 15400960 bytes, new threshold 6 (max threshold 6)
[7.312s][info ][gc,heap      ] GC(9) ParNew: 261427K->17274K(270976K)
[7.312s][info ][gc,heap      ] GC(9) CMS: 134525K->134525K(602112K)
[7.312s][info ][gc,metaspace ] GC(9) Metaspace: 38776K->38776K(1085440K)
[7.312s][info ][gc           ] GC(9) Pause Young (Allocation Failure) 386M->148M(852M) 10.813ms
[7.312s][info ][gc,cpu       ] GC(9) User=0.05s Sys=0.00s Real=0.01s
[7.312s][info ][safepoint    ] Leaving safepoint region
[7.312s][info ][safepoint    ] Total time for which application threads were stopped: 0.0112282 seconds, Stopping threads took: 0.0002043 seconds
[7.401s][info ][safepoint    ] Application time: 0.0888505 seconds
[7.409s][info ][safepoint    ] Entering safepoint region: GenCollectForAllocation
[7.409s][info ][gc,start     ] GC(10) Pause Young (Allocation Failure)
[7.409s][info ][gc,task      ] GC(10) Using 4 workers of 4 for evacuation
[7.422s][debug][gc,ref       ] GC(10) Skipped phase1 of Reference Processing due to unavailable references
[7.422s][debug][gc,ref       ] GC(10) Skipped phase3 of Reference Processing due to unavailable references
[7.422s][debug][gc,age       ] GC(10) Desired survivor size 15400960 bytes, new threshold 6 (max threshold 6)
[7.422s][info ][gc,heap      ] GC(10) ParNew: 258170K->23228K(270976K)
[7.422s][info ][gc,heap      ] GC(10) CMS: 134525K->134525K(602112K)
[7.422s][info ][gc,metaspace ] GC(10) Metaspace: 39008K->39008K(1085440K)
[7.422s][info ][gc           ] GC(10) Pause Young (Allocation Failure) 383M->154M(852M) 13.587ms
[7.422s][info ][gc,cpu       ] GC(10) User=0.04s Sys=0.00s Real=0.01s
[7.422s][info ][safepoint    ] Leaving safepoint region
[7.422s][info ][safepoint    ] Total time for which application threads were stopped: 0.0215292 seconds, Stopping threads took: 0.0077510 seconds
[7.478s][info ][safepoint    ] Application time: 0.0558021 seconds
[7.479s][info ][safepoint    ] Entering safepoint region: RevokeBias
[7.479s][info ][safepoint    ] Leaving safepoint region
[7.479s][info ][safepoint    ] Total time for which application threads were stopped: 0.0010486 seconds, Stopping threads took: 0.0009332 seconds
[7.485s][info ][safepoint    ] Application time: 0.0057258 seconds
[7.488s][info ][safepoint    ] Entering safepoint region: RevokeBias
[7.488s][info ][safepoint    ] Leaving safepoint region
[7.488s][info ][safepoint    ] Total time for which application threads were stopped: 0.0034878 seconds, Stopping threads took: 0.0033481 seconds
[7.490s][info ][safepoint    ] Application time: 0.0018071 seconds
[7.490s][info ][safepoint    ] Entering safepoint region: RevokeBias
[7.490s][info ][safepoint    ] Leaving safepoint region
[7.490s][info ][safepoint    ] Total time for which application threads were stopped: 0.0001685 seconds, Stopping threads took: 0.0000401 seconds
[7.492s][info ][safepoint    ] Application time: 0.0020583 seconds
[7.496s][info ][safepoint    ] Entering safepoint region: RevokeBias
[7.496s][info ][safepoint    ] Leaving safepoint region
[7.496s][info ][safepoint    ] Total time for which application threads were stopped: 0.0039152 seconds, Stopping threads took: 0.0036956 seconds
[7.528s][info ][safepoint    ] Application time: 0.0317902 seconds
[7.531s][info ][safepoint    ] Entering safepoint region: RevokeBias
[7.532s][info ][safepoint    ] Leaving safepoint region
[7.532s][info ][safepoint    ] Total time for which application threads were stopped: 0.0033982 seconds, Stopping threads took: 0.0032184 seconds
[7.532s][info ][safepoint    ] Application time: 0.0005727 seconds
[7.536s][info ][safepoint    ] Entering safepoint region: RevokeBias
[7.536s][info ][safepoint    ] Leaving safepoint region
[7.536s][info ][safepoint    ] Total time for which application threads were stopped: 0.0041600 seconds, Stopping threads took: 0.0039599 seconds
[7.550s][info ][safepoint    ] Application time: 0.0139721 seconds
[7.551s][info ][safepoint    ] Entering safepoint region: RevokeBias
[7.551s][info ][safepoint    ] Leaving safepoint region
[7.551s][info ][safepoint    ] Total time for which application threads were stopped: 0.0003882 seconds, Stopping threads took: 0.0002069 seconds
[7.553s][info ][safepoint    ] Application time: 0.0024830 seconds
[7.553s][info ][safepoint    ] Entering safepoint region: RevokeBias
[7.554s][info ][safepoint    ] Leaving safepoint region
[7.554s][info ][safepoint    ] Total time for which application threads were stopped: 0.0003631 seconds, Stopping threads took: 0.0002054 seconds
[7.561s][info ][safepoint    ] Application time: 0.0076544 seconds
[7.570s][info ][safepoint    ] Entering safepoint region: RevokeBias
[7.571s][info ][safepoint    ] Leaving safepoint region
[7.571s][info ][safepoint    ] Total time for which application threads were stopped: 0.0093283 seconds, Stopping threads took: 0.0090916 seconds
[7.571s][info ][safepoint    ] Application time: 0.0002344 seconds
[7.572s][info ][safepoint    ] Entering safepoint region: RevokeBias
[7.572s][info ][safepoint    ] Leaving safepoint region
[7.572s][info ][safepoint    ] Total time for which application threads were stopped: 0.0010932 seconds, Stopping threads took: 0.0009859 seconds
[7.616s][info ][safepoint    ] Application time: 0.0440951 seconds
[7.616s][info ][safepoint    ] Entering safepoint region: GenCollectForAllocation
[7.617s][info ][gc,start     ] GC(11) Pause Young (Allocation Failure)
[7.617s][info ][gc,task      ] GC(11) Using 4 workers of 4 for evacuation
[7.629s][debug][gc,ref       ] GC(11) Skipped phase1 of Reference Processing due to unavailable references
[7.630s][debug][gc,ref       ] GC(11) Skipped phase3 of Reference Processing due to unavailable references
[7.630s][debug][gc,age       ] GC(11) Desired survivor size 15400960 bytes, new threshold 6 (max threshold 6)
[7.630s][info ][gc,heap      ] GC(11) ParNew: 264124K->20916K(270976K)
[7.630s][info ][gc,heap      ] GC(11) CMS: 134525K->134525K(602112K)
[7.630s][info ][gc,metaspace ] GC(11) Metaspace: 39347K->39347K(1085440K)
[7.630s][info ][gc           ] GC(11) Pause Young (Allocation Failure) 389M->151M(852M) 13.251ms
[7.630s][info ][gc,cpu       ] GC(11) User=0.06s Sys=0.00s Real=0.02s
[7.630s][info ][safepoint    ] Leaving safepoint region
[7.630s][info ][safepoint    ] Total time for which application threads were stopped: 0.0136408 seconds, Stopping threads took: 0.0002027 seconds
[7.667s][info ][safepoint    ] Application time: 0.0374700 seconds
[7.671s][info ][safepoint    ] Entering safepoint region: RevokeBias
[7.671s][info ][safepoint    ] Leaving safepoint region
[7.671s][info ][safepoint    ] Total time for which application threads were stopped: 0.0040081 seconds, Stopping threads took: 0.0038263 seconds
[7.750s][info ][safepoint    ] Application time: 0.0781775 seconds
[7.750s][info ][safepoint    ] Entering safepoint region: RevokeBias
[7.750s][info ][safepoint    ] Leaving safepoint region
[7.750s][info ][safepoint    ] Total time for which application threads were stopped: 0.0004135 seconds, Stopping threads took: 0.0002666 seconds
[7.805s][info ][safepoint    ] Application time: 0.0552872 seconds
[7.816s][info ][safepoint    ] Entering safepoint region: GenCollectForAllocation
[7.816s][info ][gc,start     ] GC(12) Pause Young (Allocation Failure)
[7.816s][info ][gc,task      ] GC(12) Using 4 workers of 4 for evacuation
[7.833s][debug][gc,ref       ] GC(12) Skipped phase1 of Reference Processing due to unavailable references
[7.833s][debug][gc,ref       ] GC(12) Skipped phase3 of Reference Processing due to unavailable references
[7.834s][debug][gc,age       ] GC(12) Desired survivor size 15400960 bytes, new threshold 6 (max threshold 6)
[7.834s][info ][gc,heap      ] GC(12) ParNew: 261812K->22889K(270976K)
[7.834s][info ][gc,heap      ] GC(12) CMS: 134525K->137642K(602112K)
[7.834s][info ][gc,metaspace ] GC(12) Metaspace: 39553K->39553K(1085440K)
[7.834s][info ][gc           ] GC(12) Pause Young (Allocation Failure) 387M->156M(852M) 17.282ms
[7.834s][info ][gc,cpu       ] GC(12) User=0.06s Sys=0.00s Real=0.02s
[7.834s][info ][safepoint    ] Leaving safepoint region
[7.834s][info ][safepoint    ] Total time for which application threads were stopped: 0.0284805 seconds, Stopping threads took: 0.0109905 seconds
[7.931s][info ][safepoint    ] Application time: 0.0974486 seconds
[7.943s][info ][safepoint    ] Entering safepoint region: GenCollectForAllocation
[7.944s][info ][gc,start     ] GC(13) Pause Young (Allocation Failure)
[7.944s][info ][gc,task      ] GC(13) Using 4 workers of 4 for evacuation
[7.967s][debug][gc,ref       ] GC(13) Skipped phase1 of Reference Processing due to unavailable references
[7.967s][debug][gc,ref       ] GC(13) Skipped phase3 of Reference Processing due to unavailable references
[7.967s][debug][gc,age       ] GC(13) Desired survivor size 15400960 bytes, new threshold 6 (max threshold 6)
[7.967s][info ][gc,heap      ] GC(13) ParNew: 263785K->18976K(270976K)
[7.967s][info ][gc,heap      ] GC(13) CMS: 137642K->145266K(602112K)
[7.967s][info ][gc,metaspace ] GC(13) Metaspace: 39646K->39646K(1085440K)
[7.967s][info ][gc           ] GC(13) Pause Young (Allocation Failure) 392M->160M(852M) 23.353ms
[7.967s][info ][gc,cpu       ] GC(13) User=0.07s Sys=0.00s Real=0.02s
[7.967s][info ][safepoint    ] Leaving safepoint region
[7.967s][info ][safepoint    ] Total time for which application threads were stopped: 0.0359206 seconds, Stopping threads took: 0.0122262 seconds
[8.032s][info ][safepoint    ] Application time: 0.0652044 seconds
[8.039s][info ][safepoint    ] Entering safepoint region: GenCollectForAllocation
[8.039s][info ][gc,start     ] GC(14) Pause Young (Allocation Failure)
[8.039s][info ][gc,task      ] GC(14) Using 4 workers of 4 for evacuation
[8.049s][debug][gc,ref       ] GC(14) Skipped phase1 of Reference Processing due to unavailable references
[8.050s][debug][gc,ref       ] GC(14) Skipped phase3 of Reference Processing due to unavailable references
[8.050s][debug][gc,age       ] GC(14) Desired survivor size 15400960 bytes, new threshold 6 (max threshold 6)
[8.050s][info ][gc,heap      ] GC(14) ParNew: 259872K->14395K(270976K)
[8.050s][info ][gc,heap      ] GC(14) CMS: 145266K->146178K(602112K)
[8.050s][info ][gc,metaspace ] GC(14) Metaspace: 39691K->39691K(1085440K)
[8.050s][info ][gc           ] GC(14) Pause Young (Allocation Failure) 395M->156M(852M) 10.651ms
[8.050s][info ][gc,cpu       ] GC(14) User=0.04s Sys=0.00s Real=0.02s
[8.050s][info ][safepoint    ] Leaving safepoint region
[8.050s][info ][safepoint    ] Total time for which application threads were stopped: 0.0174457 seconds, Stopping threads took: 0.0066006 seconds
[8.145s][info ][safepoint    ] Application time: 0.0955491 seconds
[8.151s][info ][safepoint    ] Entering safepoint region: GenCollectForAllocation
[8.151s][info ][gc,start     ] GC(15) Pause Young (Allocation Failure)
[8.151s][info ][gc,task      ] GC(15) Using 4 workers of 4 for evacuation
[8.166s][debug][gc,ref       ] GC(15) Skipped phase1 of Reference Processing due to unavailable references
[8.166s][debug][gc,ref       ] GC(15) Skipped phase3 of Reference Processing due to unavailable references
[8.166s][debug][gc,age       ] GC(15) Desired survivor size 15400960 bytes, new threshold 6 (max threshold 6)
[8.166s][info ][gc,heap      ] GC(15) ParNew: 255291K->12733K(270976K)
[8.167s][info ][gc,heap      ] GC(15) CMS: 146178K->148150K(602112K)
[8.167s][info ][gc,metaspace ] GC(15) Metaspace: 39713K->39713K(1085440K)
[8.167s][info ][gc           ] GC(15) Pause Young (Allocation Failure) 392M->157M(852M) 15.238ms
[8.167s][info ][gc,cpu       ] GC(15) User=0.06s Sys=0.00s Real=0.01s
[8.167s][info ][safepoint    ] Leaving safepoint region
[8.167s][info ][safepoint    ] Total time for which application threads were stopped: 0.0211575 seconds, Stopping threads took: 0.0056034 seconds
[8.249s][info ][safepoint    ] Application time: 0.0820123 seconds
[8.252s][info ][safepoint    ] Entering safepoint region: GenCollectForAllocation
[8.253s][info ][gc,start     ] GC(16) Pause Young (Allocation Failure)
[8.253s][info ][gc,task      ] GC(16) Using 4 workers of 4 for evacuation
[8.262s][debug][gc,ref       ] GC(16) Skipped phase1 of Reference Processing due to unavailable references
[8.262s][debug][gc,ref       ] GC(16) Skipped phase3 of Reference Processing due to unavailable references
[8.262s][debug][gc,age       ] GC(16) Desired survivor size 15400960 bytes, new threshold 6 (max threshold 6)
[8.262s][info ][gc,heap      ] GC(16) ParNew: 253629K->12261K(270976K)
[8.262s][info ][gc,heap      ] GC(16) CMS: 148150K->149700K(602112K)
[8.262s][info ][gc,metaspace ] GC(16) Metaspace: 39713K->39713K(1085440K)
[8.262s][info ][gc           ] GC(16) Pause Young (Allocation Failure) 392M->158M(852M) 9.252ms
[8.262s][info ][gc,cpu       ] GC(16) User=0.04s Sys=0.00s Real=0.01s
[8.262s][info ][safepoint    ] Leaving safepoint region
[8.262s][info ][safepoint    ] Total time for which application threads were stopped: 0.0131796 seconds, Stopping threads took: 0.0037374 seconds
[8.331s][info ][safepoint    ] Application time: 0.0692773 seconds
[8.334s][info ][safepoint    ] Entering safepoint region: GenCollectForAllocation
[8.334s][info ][gc,start     ] GC(17) Pause Young (Allocation Failure)
[8.335s][info ][gc,task      ] GC(17) Using 4 workers of 4 for evacuation
[8.345s][debug][gc,ref       ] GC(17) Skipped phase1 of Reference Processing due to unavailable references
[8.345s][debug][gc,ref       ] GC(17) Skipped phase3 of Reference Processing due to unavailable references
[8.345s][debug][gc,age       ] GC(17) Desired survivor size 15400960 bytes, new threshold 6 (max threshold 6)
[8.345s][info ][gc,heap      ] GC(17) ParNew: 253157K->12262K(270976K)
[8.345s][info ][gc,heap      ] GC(17) CMS: 149700K->150965K(602112K)
[8.345s][info ][gc,metaspace ] GC(17) Metaspace: 39713K->39713K(1085440K)
[8.345s][info ][gc           ] GC(17) Pause Young (Allocation Failure) 393M->159M(852M) 10.562ms
[8.345s][info ][gc,cpu       ] GC(17) User=0.04s Sys=0.00s Real=0.01s
[8.345s][info ][safepoint    ] Leaving safepoint region
[8.345s][info ][safepoint    ] Total time for which application threads were stopped: 0.0139676 seconds, Stopping threads took: 0.0030869 seconds
[8.407s][info ][safepoint    ] Application time: 0.0617166 seconds
[8.409s][info ][safepoint    ] Entering safepoint region: GenCollectForAllocation
[8.409s][info ][gc,start     ] GC(18) Pause Young (Allocation Failure)
[8.409s][info ][gc,task      ] GC(18) Using 4 workers of 4 for evacuation
[8.418s][debug][gc,ref       ] GC(18) Skipped phase1 of Reference Processing due to unavailable references
[8.418s][debug][gc,ref       ] GC(18) Skipped phase2 of Reference Processing due to unavailable references
[8.418s][debug][gc,ref       ] GC(18) Skipped phase3 of Reference Processing due to unavailable references
[8.418s][debug][gc,ref       ] GC(18) Skipped phase4 of Reference Processing due to unavailable references
[8.418s][debug][gc,age       ] GC(18) Desired survivor size 15400960 bytes, new threshold 6 (max threshold 6)
[8.418s][info ][gc,heap      ] GC(18) ParNew: 253158K->9828K(270976K)
[8.418s][info ][gc,heap      ] GC(18) CMS: 150965K->152929K(602112K)
[8.418s][info ][gc,metaspace ] GC(18) Metaspace: 39713K->39713K(1085440K)
[8.418s][info ][gc           ] GC(18) Pause Young (Allocation Failure) 394M->158M(852M) 9.225ms
[8.419s][info ][gc,cpu       ] GC(18) User=0.03s Sys=0.00s Real=0.00s
[8.419s][info ][safepoint    ] Leaving safepoint region
[8.419s][info ][safepoint    ] Total time for which application threads were stopped: 0.0117256 seconds, Stopping threads took: 0.0022853 seconds
[8.498s][info ][safepoint    ] Application time: 0.0789858 seconds
[8.501s][info ][safepoint    ] Entering safepoint region: GenCollectForAllocation
[8.501s][info ][gc,start     ] GC(19) Pause Young (Allocation Failure)
[8.501s][info ][gc,task      ] GC(19) Using 4 workers of 4 for evacuation
[8.509s][debug][gc,ref       ] GC(19) Skipped phase1 of Reference Processing due to unavailable references
[8.509s][debug][gc,ref       ] GC(19) Skipped phase2 of Reference Processing due to unavailable references
[8.509s][debug][gc,ref       ] GC(19) Skipped phase3 of Reference Processing due to unavailable references
[8.509s][debug][gc,ref       ] GC(19) Skipped phase4 of Reference Processing due to unavailable references
[8.509s][debug][gc,age       ] GC(19) Desired survivor size 15400960 bytes, new threshold 6 (max threshold 6)
[8.509s][info ][gc,heap      ] GC(19) ParNew: 250724K->12346K(270976K)
[8.509s][info ][gc,heap      ] GC(19) CMS: 152929K->154485K(602112K)
[8.509s][info ][gc,metaspace ] GC(19) Metaspace: 39714K->39714K(1085440K)
[8.509s][info ][gc           ] GC(19) Pause Young (Allocation Failure) 394M->162M(852M) 8.661ms
[8.509s][info ][gc,cpu       ] GC(19) User=0.03s Sys=0.00s Real=0.01s
[8.509s][info ][safepoint    ] Leaving safepoint region
[8.509s][info ][safepoint    ] Total time for which application threads were stopped: 0.0118987 seconds, Stopping threads took: 0.0030767 seconds
[8.564s][info ][safepoint    ] Application time: 0.0542153 seconds
[8.568s][info ][safepoint    ] Entering safepoint region: GenCollectForAllocation
[8.568s][info ][gc,start     ] GC(20) Pause Young (Allocation Failure)
[8.568s][info ][gc,task      ] GC(20) Using 4 workers of 4 for evacuation
[8.577s][debug][gc,ref       ] GC(20) Skipped phase1 of Reference Processing due to unavailable references
[8.577s][debug][gc,ref       ] GC(20) Skipped phase2 of Reference Processing due to unavailable references
[8.577s][debug][gc,ref       ] GC(20) Skipped phase3 of Reference Processing due to unavailable references
[8.577s][debug][gc,ref       ] GC(20) Skipped phase4 of Reference Processing due to unavailable references
[8.577s][debug][gc,age       ] GC(20) Desired survivor size 15400960 bytes, new threshold 6 (max threshold 6)
[8.577s][info ][gc,heap      ] GC(20) ParNew: 253242K->9268K(270976K)
[8.577s][info ][gc,heap      ] GC(20) CMS: 154485K->155244K(602112K)
[8.577s][info ][gc,metaspace ] GC(20) Metaspace: 39714K->39714K(1085440K)
[8.577s][info ][gc           ] GC(20) Pause Young (Allocation Failure) 398M->160M(852M) 8.889ms
[8.577s][info ][gc,cpu       ] GC(20) User=0.03s Sys=0.00s Real=0.00s
[8.577s][info ][safepoint    ] Leaving safepoint region
[8.577s][info ][safepoint    ] Total time for which application threads were stopped: 0.0136684 seconds, Stopping threads took: 0.0045756 seconds
[8.620s][info ][safepoint    ] Application time: 0.0429718 seconds
[8.621s][info ][safepoint    ] Entering safepoint region: Deoptimize
[8.623s][info ][safepoint    ] Leaving safepoint region
[8.623s][info ][safepoint    ] Total time for which application threads were stopped: 0.0028555 seconds, Stopping threads took: 0.0002045 seconds
[8.637s][info ][safepoint    ] Application time: 0.0138976 seconds
[8.640s][info ][safepoint    ] Entering safepoint region: GenCollectForAllocation
[8.641s][info ][gc,start     ] GC(21) Pause Young (Allocation Failure)
[8.641s][info ][gc,task      ] GC(21) Using 4 workers of 4 for evacuation
[8.649s][debug][gc,ref       ] GC(21) Skipped phase1 of Reference Processing due to unavailable references
[8.649s][debug][gc,ref       ] GC(21) Skipped phase3 of Reference Processing due to unavailable references
[8.649s][debug][gc,age       ] GC(21) Desired survivor size 15400960 bytes, new threshold 6 (max threshold 6)
[8.649s][info ][gc,heap      ] GC(21) ParNew: 250164K->11168K(270976K)
[8.649s][info ][gc,heap      ] GC(21) CMS: 155244K->156369K(602112K)
[8.649s][info ][gc,metaspace ] GC(21) Metaspace: 39905K->39905K(1085440K)
[8.649s][info ][gc           ] GC(21) Pause Young (Allocation Failure) 395M->163M(852M) 8.241ms
[8.649s][info ][gc,cpu       ] GC(21) User=0.03s Sys=0.00s Real=0.01s
[8.649s][info ][safepoint    ] Leaving safepoint region
[8.649s][info ][safepoint    ] Total time for which application threads were stopped: 0.0116360 seconds, Stopping threads took: 0.0031636 seconds
[8.685s][info ][safepoint    ] Application time: 0.0358463 seconds
[8.688s][info ][safepoint    ] Entering safepoint region: RevokeBias
[8.688s][info ][safepoint    ] Leaving safepoint region
[8.688s][info ][safepoint    ] Total time for which application threads were stopped: 0.0033865 seconds, Stopping threads took: 0.0032193 seconds
[8.688s][info ][safepoint    ] Application time: 0.0001614 seconds
[8.688s][info ][safepoint    ] Entering safepoint region: RevokeBias
[8.689s][info ][safepoint    ] Leaving safepoint region
[8.689s][info ][safepoint    ] Total time for which application threads were stopped: 0.0002230 seconds, Stopping threads took: 0.0001153 seconds
[8.706s][info ][safepoint    ] Application time: 0.0171676 seconds
[8.706s][info ][safepoint    ] Entering safepoint region: GenCollectForAllocation
[8.706s][info ][gc,start     ] GC(22) Pause Young (Allocation Failure)
[8.706s][info ][gc,task      ] GC(22) Using 4 workers of 4 for evacuation
[8.717s][debug][gc,ref       ] GC(22) Skipped phase1 of Reference Processing due to unavailable references
[8.717s][debug][gc,ref       ] GC(22) Skipped phase3 of Reference Processing due to unavailable references
[8.717s][debug][gc,age       ] GC(22) Desired survivor size 15400960 bytes, new threshold 6 (max threshold 6)
[8.717s][info ][gc,heap      ] GC(22) ParNew: 252064K->10390K(270976K)
[8.717s][info ][gc,heap      ] GC(22) CMS: 156369K->158068K(602112K)
[8.717s][info ][gc,metaspace ] GC(22) Metaspace: 39963K->39963K(1085440K)
[8.717s][info ][gc           ] GC(22) Pause Young (Allocation Failure) 398M->164M(852M) 11.185ms
[8.717s][info ][gc,cpu       ] GC(22) User=0.04s Sys=0.00s Real=0.01s
[8.717s][info ][safepoint    ] Leaving safepoint region
[8.717s][info ][safepoint    ] Total time for which application threads were stopped: 0.0113855 seconds, Stopping threads took: 0.0000509 seconds
[8.725s][info ][safepoint    ] Application time: 0.0080578 seconds
[8.728s][info ][safepoint    ] Entering safepoint region: RevokeBias
[8.729s][info ][safepoint    ] Leaving safepoint region
[8.729s][info ][safepoint    ] Total time for which application threads were stopped: 0.0033214 seconds, Stopping threads took: 0.0031508 seconds
[8.749s][info ][safepoint    ] Application time: 0.0204184 seconds
[8.749s][info ][safepoint    ] Entering safepoint region: RevokeBias
[8.749s][info ][safepoint    ] Leaving safepoint region
[8.749s][info ][safepoint    ] Total time for which application threads were stopped: 0.0004740 seconds, Stopping threads took: 0.0003085 seconds
[8.796s][info ][safepoint    ] Application time: 0.0462167 seconds
[8.799s][info ][safepoint    ] Entering safepoint region: GenCollectForAllocation
[8.799s][info ][gc,start     ] GC(23) Pause Young (Allocation Failure)
[8.799s][info ][gc,task      ] GC(23) Using 4 workers of 4 for evacuation
[8.805s][debug][gc,ref       ] GC(23) Skipped phase1 of Reference Processing due to unavailable references
[8.805s][debug][gc,ref       ] GC(23) Skipped phase3 of Reference Processing due to unavailable references
[8.806s][debug][gc,age       ] GC(23) Desired survivor size 15400960 bytes, new threshold 6 (max threshold 6)
[8.806s][info ][gc,heap      ] GC(23) ParNew: 251286K->7579K(270976K)
[8.806s][info ][gc,heap      ] GC(23) CMS: 158068K->158855K(602112K)
[8.806s][info ][gc,metaspace ] GC(23) Metaspace: 40326K->40326K(1085440K)
[8.806s][info ][gc           ] GC(23) Pause Young (Allocation Failure) 399M->162M(852M) 6.683ms
[8.806s][info ][gc,cpu       ] GC(23) User=0.02s Sys=0.00s Real=0.01s
[8.806s][info ][safepoint    ] Leaving safepoint region
[8.806s][info ][safepoint    ] Total time for which application threads were stopped: 0.0100013 seconds, Stopping threads took: 0.0031241 seconds
[8.833s][info ][safepoint    ] Application time: 0.0269374 seconds
[8.833s][info ][safepoint    ] Entering safepoint region: Deoptimize
[8.834s][info ][safepoint    ] Leaving safepoint region
[8.834s][info ][safepoint    ] Total time for which application threads were stopped: 0.0011715 seconds, Stopping threads took: 0.0003256 seconds
[8.871s][info ][safepoint    ] Application time: 0.0368657 seconds
[8.871s][info ][safepoint    ] Entering safepoint region: GenCollectForAllocation
[8.871s][info ][gc,start     ] GC(24) Pause Young (Allocation Failure)
[8.871s][info ][gc,task      ] GC(24) Using 4 workers of 4 for evacuation
[8.877s][debug][gc,ref       ] GC(24) Skipped phase1 of Reference Processing due to unavailable references
[8.877s][debug][gc,ref       ] GC(24) Skipped phase3 of Reference Processing due to unavailable references
[8.877s][debug][gc,age       ] GC(24) Desired survivor size 15400960 bytes, new threshold 6 (max threshold 6)
[8.877s][info ][gc,heap      ] GC(24) ParNew: 248475K->6938K(270976K)
[8.877s][info ][gc,heap      ] GC(24) CMS: 158855K->159875K(602112K)
[8.877s][info ][gc,metaspace ] GC(24) Metaspace: 40610K->40610K(1085440K)
[8.877s][info ][gc           ] GC(24) Pause Young (Allocation Failure) 397M->162M(852M) 5.975ms
[8.877s][info ][gc,cpu       ] GC(24) User=0.03s Sys=0.00s Real=0.00s
[8.877s][info ][safepoint    ] Leaving safepoint region
[8.877s][info ][safepoint    ] Total time for which application threads were stopped: 0.0063743 seconds, Stopping threads took: 0.0002075 seconds
[8.928s][info ][safepoint    ] Application time: 0.0507558 seconds
[8.928s][info ][safepoint    ] Entering safepoint region: RevokeBias
[8.928s][info ][safepoint    ] Leaving safepoint region
[8.928s][info ][safepoint    ] Total time for which application threads were stopped: 0.0005085 seconds, Stopping threads took: 0.0003612 seconds
[8.960s][info ][safepoint    ] Application time: 0.0320082 seconds
[8.961s][info ][safepoint    ] Entering safepoint region: GenCollectForAllocation
[8.962s][info ][gc,start     ] GC(25) Pause Young (Allocation Failure)
[8.962s][info ][gc,task      ] GC(25) Using 4 workers of 4 for evacuation
[8.968s][debug][gc,ref       ] GC(25) Skipped phase1 of Reference Processing due to unavailable references
[8.968s][debug][gc,ref       ] GC(25) Skipped phase3 of Reference Processing due to unavailable references
[8.969s][debug][gc,age       ] GC(25) Desired survivor size 15400960 bytes, new threshold 6 (max threshold 6)
[8.969s][info ][gc,heap      ] GC(25) ParNew: 247834K->4016K(270976K)
[8.969s][info ][gc,heap      ] GC(25) CMS: 159875K->162241K(602112K)
[8.969s][info ][gc,metaspace ] GC(25) Metaspace: 40702K->40702K(1087488K)
[8.969s][info ][gc           ] GC(25) Pause Young (Allocation Failure) 398M->162M(852M) 7.064ms
[8.969s][info ][gc,cpu       ] GC(25) User=0.03s Sys=0.00s Real=0.01s
[8.969s][info ][safepoint    ] Leaving safepoint region
[8.969s][info ][safepoint    ] Total time for which application threads were stopped: 0.0081780 seconds, Stopping threads took: 0.0009561 seconds
[9.044s][info ][safepoint    ] Application time: 0.0757339 seconds
[9.048s][info ][safepoint    ] Entering safepoint region: GenCollectForAllocation
[9.048s][info ][gc,start     ] GC(26) Pause Young (Allocation Failure)
[9.049s][info ][gc,task      ] GC(26) Using 4 workers of 4 for evacuation
[9.055s][debug][gc,ref       ] GC(26) Skipped phase1 of Reference Processing due to unavailable references
[9.055s][debug][gc,ref       ] GC(26) Skipped phase3 of Reference Processing due to unavailable references
[9.055s][debug][gc,age       ] GC(26) Desired survivor size 15400960 bytes, new threshold 6 (max threshold 6)
[9.055s][info ][gc,heap      ] GC(26) ParNew: 244912K->2319K(270976K)
[9.055s][info ][gc,heap      ] GC(26) CMS: 162241K->162915K(602112K)
[9.055s][info ][gc,metaspace ] GC(26) Metaspace: 40808K->40808K(1087488K)
[9.055s][info ][gc           ] GC(26) Pause Young (Allocation Failure) 397M->161M(852M) 6.653ms
[9.055s][info ][gc,cpu       ] GC(26) User=0.02s Sys=0.00s Real=0.00s
[9.055s][info ][safepoint    ] Leaving safepoint region
[9.055s][info ][safepoint    ] Total time for which application threads were stopped: 0.0107324 seconds, Stopping threads took: 0.0038668 seconds
[9.122s][info ][safepoint    ] Application time: 0.0666056 seconds
[9.125s][info ][safepoint    ] Entering safepoint region: GenCollectForAllocation
[9.125s][info ][gc,start     ] GC(27) Pause Young (Allocation Failure)
[9.125s][info ][gc,task      ] GC(27) Using 4 workers of 4 for evacuation
[9.129s][debug][gc,ref       ] GC(27) Skipped phase1 of Reference Processing due to unavailable references
[9.129s][debug][gc,ref       ] GC(27) Skipped phase3 of Reference Processing due to unavailable references
[9.129s][debug][gc,age       ] GC(27) Desired survivor size 15400960 bytes, new threshold 6 (max threshold 6)
[9.129s][info ][gc,heap      ] GC(27) ParNew: 243215K->2495K(270976K)
[9.129s][info ][gc,heap      ] GC(27) CMS: 162915K->163299K(602112K)
[9.129s][info ][gc,metaspace ] GC(27) Metaspace: 41037K->41037K(1087488K)
[9.129s][info ][gc           ] GC(27) Pause Young (Allocation Failure) 396M->161M(852M) 3.956ms
[9.129s][info ][gc,cpu       ] GC(27) User=0.02s Sys=0.00s Real=0.01s
[9.129s][info ][safepoint    ] Leaving safepoint region
[9.129s][info ][safepoint    ] Total time for which application threads were stopped: 0.0073237 seconds, Stopping threads took: 0.0031977 seconds
[9.225s][info ][safepoint    ] Application time: 0.0962848 seconds
[9.228s][info ][safepoint    ] Entering safepoint region: GenCollectForAllocation
[9.229s][info ][gc,start     ] GC(28) Pause Young (Allocation Failure)
[9.229s][info ][gc,task      ] GC(28) Using 4 workers of 4 for evacuation
[9.234s][debug][gc,ref       ] GC(28) Skipped phase1 of Reference Processing due to unavailable references
[9.234s][debug][gc,ref       ] GC(28) Skipped phase3 of Reference Processing due to unavailable references
[9.234s][debug][gc,age       ] GC(28) Desired survivor size 15400960 bytes, new threshold 6 (max threshold 6)
[9.234s][info ][gc,heap      ] GC(28) ParNew: 243391K->2317K(270976K)
[9.234s][info ][gc,heap      ] GC(28) CMS: 163299K->163689K(602112K)
[9.234s][info ][gc,metaspace ] GC(28) Metaspace: 41207K->41207K(1087488K)
[9.234s][info ][gc           ] GC(28) Pause Young (Allocation Failure) 397M->162M(852M) 5.670ms
[9.234s][info ][gc,cpu       ] GC(28) User=0.02s Sys=0.00s Real=0.00s
[9.234s][info ][safepoint    ] Leaving safepoint region
[9.234s][info ][safepoint    ] Total time for which application threads were stopped: 0.0089129 seconds, Stopping threads took: 0.0030640 seconds
[9.349s][info ][safepoint    ] Application time: 0.1146119 seconds
[9.361s][info ][safepoint    ] Entering safepoint region: GenCollectForAllocation
[9.361s][info ][gc,start     ] GC(29) Pause Young (Allocation Failure)
[9.361s][info ][gc,task      ] GC(29) Using 4 workers of 4 for evacuation
[9.368s][debug][gc,ref       ] GC(29) Skipped phase1 of Reference Processing due to unavailable references
[9.368s][debug][gc,ref       ] GC(29) Skipped phase3 of Reference Processing due to unavailable references
[9.368s][debug][gc,age       ] GC(29) Desired survivor size 15400960 bytes, new threshold 6 (max threshold 6)
[9.368s][info ][gc,heap      ] GC(29) ParNew: 243213K->3004K(270976K)
[9.368s][info ][gc,heap      ] GC(29) CMS: 163689K->163849K(602112K)
[9.369s][info ][gc,metaspace ] GC(29) Metaspace: 41554K->41554K(1087488K)
[9.369s][info ][gc           ] GC(29) Pause Young (Allocation Failure) 397M->162M(852M) 7.804ms
[9.369s][info ][gc,cpu       ] GC(29) User=0.02s Sys=0.00s Real=0.01s
[9.369s][info ][safepoint    ] Leaving safepoint region
[9.369s][info ][safepoint    ] Total time for which application threads were stopped: 0.0195589 seconds, Stopping threads took: 0.0115230 seconds
[9.442s][info ][safepoint    ] Application time: 0.0729559 seconds
[9.448s][info ][safepoint    ] Entering safepoint region: GenCollectForAllocation
[9.448s][info ][gc,start     ] GC(30) Pause Young (Allocation Failure)
[9.449s][info ][gc,task      ] GC(30) Using 4 workers of 4 for evacuation
[9.454s][debug][gc,ref       ] GC(30) Skipped phase1 of Reference Processing due to unavailable references
[9.454s][debug][gc,ref       ] GC(30) Skipped phase3 of Reference Processing due to unavailable references
[9.454s][debug][gc,ref       ] GC(30) Skipped phase4 of Reference Processing due to unavailable references
[9.454s][debug][gc,age       ] GC(30) Desired survivor size 15400960 bytes, new threshold 6 (max threshold 6)
[9.454s][info ][gc,heap      ] GC(30) ParNew: 243900K->2593K(270976K)
[9.454s][info ][gc,heap      ] GC(30) CMS: 163849K->164002K(602112K)
[9.454s][info ][gc,metaspace ] GC(30) Metaspace: 41605K->41605K(1087488K)
[9.454s][info ][gc           ] GC(30) Pause Young (Allocation Failure) 398M->162M(852M) 5.460ms
[9.454s][info ][gc,cpu       ] GC(30) User=0.01s Sys=0.00s Real=0.00s
[9.454s][info ][safepoint    ] Leaving safepoint region
[9.454s][info ][safepoint    ] Total time for which application threads were stopped: 0.0124209 seconds, Stopping threads took: 0.0067214 seconds
[9.514s][info ][safepoint    ] Application time: 0.0597448 seconds
[9.514s][info ][safepoint    ] Entering safepoint region: GenCollectForAllocation
[9.514s][info ][gc,start     ] GC(31) Pause Young (Allocation Failure)
[9.514s][info ][gc,task      ] GC(31) Using 4 workers of 4 for evacuation
[9.518s][debug][gc,ref       ] GC(31) Skipped phase1 of Reference Processing due to unavailable references
[9.518s][debug][gc,ref       ] GC(31) Skipped phase3 of Reference Processing due to unavailable references
[9.518s][debug][gc,ref       ] GC(31) Skipped phase4 of Reference Processing due to unavailable references
[9.519s][debug][gc,age       ] GC(31) Desired survivor size 15400960 bytes, new threshold 6 (max threshold 6)
[9.519s][info ][gc,heap      ] GC(31) ParNew: 243489K->2666K(270976K)
[9.519s][info ][gc,heap      ] GC(31) CMS: 164002K->164566K(602112K)
[9.519s][info ][gc,metaspace ] GC(31) Metaspace: 41607K->41607K(1087488K)
[9.519s][info ][gc           ] GC(31) Pause Young (Allocation Failure) 397M->163M(852M) 4.481ms
[9.519s][info ][gc,cpu       ] GC(31) User=0.01s Sys=0.00s Real=0.00s
[9.519s][info ][safepoint    ] Leaving safepoint region
[9.519s][info ][safepoint    ] Total time for which application threads were stopped: 0.0048503 seconds, Stopping threads took: 0.0001526 seconds
[9.523s][info ][safepoint    ] Application time: 0.0044145 seconds
[9.524s][info ][safepoint    ] Entering safepoint region: ICBufferFull
[9.525s][info ][safepoint    ] Leaving safepoint region
[9.525s][info ][safepoint    ] Total time for which application threads were stopped: 0.0015718 seconds, Stopping threads took: 0.0013377 seconds
[9.549s][info ][safepoint    ] Application time: 0.0247680 seconds
[9.552s][info ][safepoint    ] Entering safepoint region: Deoptimize
[9.553s][info ][safepoint    ] Leaving safepoint region
[9.553s][info ][safepoint    ] Total time for which application threads were stopped: 0.0035525 seconds, Stopping threads took: 0.0027282 seconds
[9.605s][info ][safepoint    ] Application time: 0.0519292 seconds
[9.605s][info ][safepoint    ] Entering safepoint region: GenCollectForAllocation
[9.605s][info ][gc,start     ] GC(32) Pause Young (Allocation Failure)
[9.605s][info ][gc,task      ] GC(32) Using 4 workers of 4 for evacuation
[9.609s][debug][gc,ref       ] GC(32) Skipped phase1 of Reference Processing due to unavailable references
[9.609s][debug][gc,ref       ] GC(32) Skipped phase3 of Reference Processing due to unavailable references
[9.609s][debug][gc,age       ] GC(32) Desired survivor size 15400960 bytes, new threshold 6 (max threshold 6)
[9.609s][info ][gc,heap      ] GC(32) ParNew: 243562K->2721K(270976K)
[9.609s][info ][gc,heap      ] GC(32) CMS: 164566K->164673K(602112K)
[9.609s][info ][gc,metaspace ] GC(32) Metaspace: 41637K->41637K(1087488K)
[9.609s][info ][gc           ] GC(32) Pause Young (Allocation Failure) 398M->163M(852M) 3.529ms
[9.609s][info ][gc,cpu       ] GC(32) User=0.01s Sys=0.00s Real=0.01s
[9.609s][info ][safepoint    ] Leaving safepoint region
[9.609s][info ][safepoint    ] Total time for which application threads were stopped: 0.0039385 seconds, Stopping threads took: 0.0002058 seconds
[9.672s][info ][safepoint    ] Application time: 0.0627341 seconds
[9.672s][info ][safepoint    ] Entering safepoint region: GenCollectForAllocation
[9.672s][info ][gc,start     ] GC(33) Pause Young (Allocation Failure)
[9.672s][info ][gc,task      ] GC(33) Using 4 workers of 4 for evacuation
[9.677s][debug][gc,ref       ] GC(33) Skipped phase1 of Reference Processing due to unavailable references
[9.677s][debug][gc,ref       ] GC(33) Skipped phase3 of Reference Processing due to unavailable references
[9.677s][debug][gc,ref       ] GC(33) Skipped phase4 of Reference Processing due to unavailable references
[9.677s][debug][gc,age       ] GC(33) Desired survivor size 15400960 bytes, new threshold 6 (max threshold 6)
[9.677s][info ][gc,heap      ] GC(33) ParNew: 243617K->2547K(270976K)
[9.677s][info ][gc,heap      ] GC(33) CMS: 164673K->164800K(602112K)
[9.677s][info ][gc,metaspace ] GC(33) Metaspace: 41688K->41688K(1087488K)
[9.677s][info ][gc           ] GC(33) Pause Young (Allocation Failure) 398M->163M(852M) 4.694ms
[9.677s][info ][gc,cpu       ] GC(33) User=0.02s Sys=0.00s Real=0.00s
[9.677s][info ][safepoint    ] Leaving safepoint region
[9.677s][info ][safepoint    ] Total time for which application threads were stopped: 0.0054019 seconds, Stopping threads took: 0.0004974 seconds
[9.742s][info ][safepoint    ] Application time: 0.0645600 seconds
[9.745s][info ][safepoint    ] Entering safepoint region: GenCollectForAllocation
[9.745s][info ][gc,start     ] GC(34) Pause Young (Allocation Failure)
[9.745s][info ][gc,task      ] GC(34) Using 4 workers of 4 for evacuation
[9.751s][debug][gc,ref       ] GC(34) Skipped phase1 of Reference Processing due to unavailable references
[9.751s][debug][gc,ref       ] GC(34) Skipped phase3 of Reference Processing due to unavailable references
[9.751s][debug][gc,ref       ] GC(34) Skipped phase4 of Reference Processing due to unavailable references
[9.751s][debug][gc,age       ] GC(34) Desired survivor size 15400960 bytes, new threshold 6 (max threshold 6)
[9.751s][info ][gc,heap      ] GC(34) ParNew: 243443K->2545K(270976K)
[9.751s][info ][gc,heap      ] GC(34) CMS: 164800K->165242K(602112K)
[9.751s][info ][gc,metaspace ] GC(34) Metaspace: 41718K->41718K(1087488K)
[9.751s][info ][gc           ] GC(34) Pause Young (Allocation Failure) 398M->163M(852M) 6.165ms
[9.751s][info ][gc,cpu       ] GC(34) User=0.02s Sys=0.00s Real=0.01s
[9.751s][info ][safepoint    ] Leaving safepoint region
[9.751s][info ][safepoint    ] Total time for which application threads were stopped: 0.0094799 seconds, Stopping threads took: 0.0031136 seconds
[9.842s][info ][safepoint    ] Application time: 0.0904440 seconds
[9.845s][info ][safepoint    ] Entering safepoint region: GenCollectForAllocation
[9.845s][info ][gc,start     ] GC(35) Pause Young (Allocation Failure)
[9.845s][info ][gc,task      ] GC(35) Using 4 workers of 4 for evacuation
[9.851s][debug][gc,ref       ] GC(35) Skipped phase1 of Reference Processing due to unavailable references
[9.851s][debug][gc,ref       ] GC(35) Skipped phase3 of Reference Processing due to unavailable references
[9.851s][debug][gc,age       ] GC(35) Desired survivor size 15400960 bytes, new threshold 6 (max threshold 6)
[9.851s][info ][gc,heap      ] GC(35) ParNew: 243441K->1231K(270976K)
[9.851s][info ][gc,heap      ] GC(35) CMS: 165242K->166102K(602112K)
[9.851s][info ][gc,metaspace ] GC(35) Metaspace: 41919K->41919K(1087488K)
[9.851s][info ][gc           ] GC(35) Pause Young (Allocation Failure) 399M->163M(852M) 6.465ms
[9.851s][info ][gc,cpu       ] GC(35) User=0.02s Sys=0.01s Real=0.01s
[9.851s][info ][safepoint    ] Leaving safepoint region
[9.851s][info ][safepoint    ] Total time for which application threads were stopped: 0.0097752 seconds, Stopping threads took: 0.0030633 seconds
[9.961s][info ][safepoint    ] Application time: 0.1093420 seconds
[9.961s][info ][safepoint    ] Entering safepoint region: GenCollectForAllocation
[9.961s][info ][gc,start     ] GC(36) Pause Young (Allocation Failure)
[9.961s][info ][gc,task      ] GC(36) Using 4 workers of 4 for evacuation
[9.964s][debug][gc,ref       ] GC(36) Skipped phase1 of Reference Processing due to unavailable references
[9.964s][debug][gc,ref       ] GC(36) Skipped phase3 of Reference Processing due to unavailable references
[9.964s][debug][gc,age       ] GC(36) Desired survivor size 15400960 bytes, new threshold 6 (max threshold 6)
[9.964s][info ][gc,heap      ] GC(36) ParNew: 242127K->1290K(270976K)
[9.964s][info ][gc,heap      ] GC(36) CMS: 166102K->166175K(602112K)
[9.964s][info ][gc,metaspace ] GC(36) Metaspace: 41941K->41941K(1087488K)
[9.964s][info ][gc           ] GC(36) Pause Young (Allocation Failure) 398M->163M(852M) 2.502ms
[9.964s][info ][gc,cpu       ] GC(36) User=0.01s Sys=0.00s Real=0.00s
[9.964s][info ][safepoint    ] Leaving safepoint region
[9.964s][info ][safepoint    ] Total time for which application threads were stopped: 0.0031049 seconds, Stopping threads took: 0.0003191 seconds
[10.023s][info ][safepoint    ] Application time: 0.0594164 seconds
[10.024s][info ][safepoint    ] Entering safepoint region: GenCollectForAllocation
[10.024s][info ][gc,start     ] GC(37) Pause Young (Allocation Failure)
[10.024s][info ][gc,task      ] GC(37) Using 4 workers of 4 for evacuation
[10.027s][debug][gc,ref       ] GC(37) Skipped phase1 of Reference Processing due to unavailable references
[10.027s][debug][gc,ref       ] GC(37) Skipped phase3 of Reference Processing due to unavailable references
[10.027s][debug][gc,ref       ] GC(37) Skipped phase4 of Reference Processing due to unavailable references
[10.027s][debug][gc,age       ] GC(37) Desired survivor size 15400960 bytes, new threshold 6 (max threshold 6)
[10.027s][info ][gc,heap      ] GC(37) ParNew: 242186K->1790K(270976K)
[10.027s][info ][gc,heap      ] GC(37) CMS: 166175K->166227K(602112K)
[10.027s][info ][gc,metaspace ] GC(37) Metaspace: 41962K->41962K(1087488K)
[10.027s][info ][gc           ] GC(37) Pause Young (Allocation Failure) 398M->164M(852M) 3.247ms
[10.027s][info ][gc,cpu       ] GC(37) User=0.02s Sys=0.00s Real=0.00s
[10.027s][info ][safepoint    ] Leaving safepoint region
[10.027s][info ][safepoint    ] Total time for which application threads were stopped: 0.0035972 seconds, Stopping threads took: 0.0001573 seconds
[10.079s][info ][safepoint    ] Application time: 0.0515433 seconds
[10.081s][info ][safepoint    ] Entering safepoint region: GenCollectForAllocation
[10.081s][info ][gc,start     ] GC(38) Pause Young (Allocation Failure)
[10.081s][info ][gc,task      ] GC(38) Using 4 workers of 4 for evacuation
[10.084s][debug][gc,ref       ] GC(38) Skipped phase1 of Reference Processing due to unavailable references
[10.084s][debug][gc,ref       ] GC(38) Skipped phase3 of Reference Processing due to unavailable references
[10.084s][debug][gc,ref       ] GC(38) Skipped phase4 of Reference Processing due to unavailable references
[10.084s][debug][gc,age       ] GC(38) Desired survivor size 15400960 bytes, new threshold 6 (max threshold 6)
[10.084s][info ][gc,heap      ] GC(38) ParNew: 242686K->2261K(270976K)
[10.084s][info ][gc,heap      ] GC(38) CMS: 166227K->166292K(602112K)
[10.084s][info ][gc,metaspace ] GC(38) Metaspace: 41964K->41964K(1087488K)
[10.084s][info ][gc           ] GC(38) Pause Young (Allocation Failure) 399M->164M(852M) 3.050ms
[10.084s][info ][gc,cpu       ] GC(38) User=0.01s Sys=0.00s Real=0.00s
[10.084s][info ][safepoint    ] Leaving safepoint region
[10.084s][info ][safepoint    ] Total time for which application threads were stopped: 0.0054337 seconds, Stopping threads took: 0.0021432 seconds
[10.126s][info ][safepoint    ] Application time: 0.0422344 seconds
[10.127s][info ][safepoint    ] Entering safepoint region: GenCollectForAllocation
[10.127s][info ][gc,start     ] GC(39) Pause Young (Allocation Failure)
[10.127s][info ][gc,task      ] GC(39) Using 4 workers of 4 for evacuation
[10.129s][debug][gc,ref       ] GC(39) Skipped phase1 of Reference Processing due to unavailable references
[10.130s][debug][gc,ref       ] GC(39) Skipped phase3 of Reference Processing due to unavailable references
[10.130s][debug][gc,ref       ] GC(39) Skipped phase4 of Reference Processing due to unavailable references
[10.130s][debug][gc,age       ] GC(39) Desired survivor size 15400960 bytes, new threshold 6 (max threshold 6)
[10.130s][info ][gc,heap      ] GC(39) ParNew: 243157K->2795K(270976K)
[10.130s][info ][gc,heap      ] GC(39) CMS: 166292K->166413K(602112K)
[10.130s][info ][gc,metaspace ] GC(39) Metaspace: 41971K->41971K(1087488K)
[10.130s][info ][gc           ] GC(39) Pause Young (Allocation Failure) 399M->165M(852M) 2.976ms
[10.130s][info ][gc,cpu       ] GC(39) User=0.01s Sys=0.00s Real=0.01s
[10.130s][info ][safepoint    ] Leaving safepoint region
[10.130s][info ][safepoint    ] Total time for which application threads were stopped: 0.0033989 seconds, Stopping threads took: 0.0002379 seconds
[10.181s][info ][safepoint    ] Application time: 0.0517735 seconds
[10.185s][info ][safepoint    ] Entering safepoint region: GenCollectForAllocation
[10.185s][info ][gc,start     ] GC(40) Pause Young (Allocation Failure)
[10.185s][info ][gc,task      ] GC(40) Using 4 workers of 4 for evacuation
[10.189s][debug][gc,ref       ] GC(40) Skipped phase1 of Reference Processing due to unavailable references
[10.189s][debug][gc,ref       ] GC(40) Skipped phase3 of Reference Processing due to unavailable references
[10.189s][debug][gc,ref       ] GC(40) Skipped phase4 of Reference Processing due to unavailable references
[10.189s][debug][gc,age       ] GC(40) Desired survivor size 15400960 bytes, new threshold 6 (max threshold 6)
[10.189s][info ][gc,heap      ] GC(40) ParNew: 243691K->2561K(270976K)
[10.189s][info ][gc,heap      ] GC(40) CMS: 166413K->166599K(602112K)
[10.189s][info ][gc,metaspace ] GC(40) Metaspace: 41971K->41971K(1087488K)
[10.189s][info ][gc           ] GC(40) Pause Young (Allocation Failure) 400M->165M(852M) 3.996ms
[10.189s][info ][gc,cpu       ] GC(40) User=0.02s Sys=0.00s Real=0.01s
[10.189s][info ][safepoint    ] Leaving safepoint region
[10.189s][info ][safepoint    ] Total time for which application threads were stopped: 0.0072667 seconds, Stopping threads took: 0.0030820 seconds
[10.250s][info ][safepoint    ] Application time: 0.0609207 seconds
[10.250s][info ][safepoint    ] Entering safepoint region: GenCollectForAllocation
[10.250s][info ][gc,start     ] GC(41) Pause Young (Allocation Failure)
[10.250s][info ][gc,task      ] GC(41) Using 4 workers of 4 for evacuation
[10.254s][debug][gc,ref       ] GC(41) Skipped phase1 of Reference Processing due to unavailable references
[10.254s][debug][gc,ref       ] GC(41) Skipped phase3 of Reference Processing due to unavailable references
[10.254s][debug][gc,ref       ] GC(41) Skipped phase4 of Reference Processing due to unavailable references
[10.254s][debug][gc,age       ] GC(41) Desired survivor size 15400960 bytes, new threshold 6 (max threshold 6)
[10.254s][info ][gc,heap      ] GC(41) ParNew: 243457K->2532K(270976K)
[10.254s][info ][gc,heap      ] GC(41) CMS: 166599K->166788K(602112K)
[10.254s][info ][gc,metaspace ] GC(41) Metaspace: 41974K->41974K(1087488K)
[10.254s][info ][gc           ] GC(41) Pause Young (Allocation Failure) 400M->165M(852M) 3.671ms
[10.254s][info ][gc,cpu       ] GC(41) User=0.02s Sys=0.00s Real=0.00s
[10.254s][info ][safepoint    ] Leaving safepoint region
[10.254s][info ][safepoint    ] Total time for which application threads were stopped: 0.0041234 seconds, Stopping threads took: 0.0002319 seconds
[10.308s][info ][safepoint    ] Application time: 0.0545816 seconds
[10.315s][info ][safepoint    ] Entering safepoint region: GenCollectForAllocation
[10.316s][info ][gc,start     ] GC(42) Pause Young (Allocation Failure)
[10.316s][info ][gc,task      ] GC(42) Using 4 workers of 4 for evacuation
[10.323s][debug][gc,ref       ] GC(42) Skipped phase1 of Reference Processing due to unavailable references
[10.323s][debug][gc,ref       ] GC(42) Skipped phase3 of Reference Processing due to unavailable references
[10.323s][debug][gc,ref       ] GC(42) Skipped phase4 of Reference Processing due to unavailable references
[10.323s][debug][gc,age       ] GC(42) Desired survivor size 15400960 bytes, new threshold 6 (max threshold 6)
[10.323s][info ][gc,heap      ] GC(42) ParNew: 243428K->2718K(270976K)
[10.323s][info ][gc,heap      ] GC(42) CMS: 166788K->166922K(602112K)
[10.323s][info ][gc,metaspace ] GC(42) Metaspace: 41980K->41980K(1087488K)
[10.323s][info ][gc           ] GC(42) Pause Young (Allocation Failure) 400M->165M(852M) 7.567ms
[10.323s][info ][gc,cpu       ] GC(42) User=0.02s Sys=0.00s Real=0.01s
[10.323s][info ][safepoint    ] Leaving safepoint region
[10.323s][info ][safepoint    ] Total time for which application threads were stopped: 0.0146114 seconds, Stopping threads took: 0.0066806 seconds
[10.372s][info ][safepoint    ] Application time: 0.0490549 seconds
[10.373s][info ][safepoint    ] Entering safepoint region: GenCollectForAllocation
[10.373s][info ][gc,start     ] GC(43) Pause Young (Allocation Failure)
[10.373s][info ][gc,task      ] GC(43) Using 4 workers of 4 for evacuation
[10.376s][debug][gc,ref       ] GC(43) Skipped phase1 of Reference Processing due to unavailable references
[10.376s][debug][gc,ref       ] GC(43) Skipped phase3 of Reference Processing due to unavailable references
[10.376s][debug][gc,ref       ] GC(43) Skipped phase4 of Reference Processing due to unavailable references
[10.377s][debug][gc,age       ] GC(43) Desired survivor size 15400960 bytes, new threshold 6 (max threshold 6)
[10.377s][info ][gc,heap      ] GC(43) ParNew: 243614K->2550K(270976K)
[10.377s][info ][gc,heap      ] GC(43) CMS: 166922K->167280K(602112K)
[10.377s][info ][gc,metaspace ] GC(43) Metaspace: 41980K->41980K(1087488K)
[10.377s][info ][gc           ] GC(43) Pause Young (Allocation Failure) 400M->165M(852M) 3.393ms
[10.377s][info ][gc,cpu       ] GC(43) User=0.01s Sys=0.00s Real=0.00s
[10.377s][info ][safepoint    ] Leaving safepoint region
[10.377s][info ][safepoint    ] Total time for which application threads were stopped: 0.0043292 seconds, Stopping threads took: 0.0006551 seconds
[10.423s][info ][safepoint    ] Application time: 0.0463214 seconds
[10.423s][info ][safepoint    ] Entering safepoint region: GenCollectForAllocation
[10.423s][info ][gc,start     ] GC(44) Pause Young (Allocation Failure)
[10.423s][info ][gc,task      ] GC(44) Using 4 workers of 4 for evacuation
[10.427s][debug][gc,ref       ] GC(44) Skipped phase1 of Reference Processing due to unavailable references
[10.427s][debug][gc,ref       ] GC(44) Skipped phase3 of Reference Processing due to unavailable references
[10.427s][debug][gc,ref       ] GC(44) Skipped phase4 of Reference Processing due to unavailable references
[10.427s][debug][gc,age       ] GC(44) Desired survivor size 15400960 bytes, new threshold 6 (max threshold 6)
[10.427s][info ][gc,heap      ] GC(44) ParNew: 243446K->2378K(270976K)
[10.427s][info ][gc,heap      ] GC(44) CMS: 167280K->167872K(602112K)
[10.427s][info ][gc,metaspace ] GC(44) Metaspace: 41987K->41987K(1087488K)
[10.427s][info ][gc           ] GC(44) Pause Young (Allocation Failure) 401M->166M(852M) 4.080ms
[10.427s][info ][gc,cpu       ] GC(44) User=0.02s Sys=0.00s Real=0.00s
[10.427s][info ][safepoint    ] Leaving safepoint region
[10.427s][info ][safepoint    ] Total time for which application threads were stopped: 0.0043214 seconds, Stopping threads took: 0.0000280 seconds
[10.463s][info ][safepoint    ] Application time: 0.0354805 seconds
[10.468s][info ][safepoint    ] Entering safepoint region: GenCollectForAllocation
[10.468s][info ][gc,start     ] GC(45) Pause Young (Allocation Failure)
[10.468s][info ][gc,task      ] GC(45) Using 4 workers of 4 for evacuation
[10.471s][debug][gc,ref       ] GC(45) Skipped phase1 of Reference Processing due to unavailable references
[10.471s][debug][gc,ref       ] GC(45) Skipped phase3 of Reference Processing due to unavailable references
[10.471s][debug][gc,ref       ] GC(45) Skipped phase4 of Reference Processing due to unavailable references
[10.471s][debug][gc,age       ] GC(45) Desired survivor size 15400960 bytes, new threshold 6 (max threshold 6)
[10.471s][info ][gc,heap      ] GC(45) ParNew: 243274K->2341K(270976K)
[10.471s][info ][gc,heap      ] GC(45) CMS: 167872K->168008K(602112K)
[10.471s][info ][gc,metaspace ] GC(45) Metaspace: 41987K->41987K(1087488K)
[10.471s][info ][gc           ] GC(45) Pause Young (Allocation Failure) 401M->166M(852M) 3.011ms
[10.471s][info ][gc,cpu       ] GC(45) User=0.01s Sys=0.00s Real=0.00s
[10.472s][info ][safepoint    ] Leaving safepoint region
[10.472s][info ][safepoint    ] Total time for which application threads were stopped: 0.0086887 seconds, Stopping threads took: 0.0054890 seconds
[10.525s][info ][safepoint    ] Application time: 0.0535374 seconds
[10.530s][info ][safepoint    ] Entering safepoint region: GenCollectForAllocation
[10.531s][info ][gc,start     ] GC(46) Pause Young (Allocation Failure)
[10.531s][info ][gc,task      ] GC(46) Using 4 workers of 4 for evacuation
[10.534s][debug][gc,ref       ] GC(46) Skipped phase1 of Reference Processing due to unavailable references
[10.534s][debug][gc,ref       ] GC(46) Skipped phase3 of Reference Processing due to unavailable references
[10.534s][debug][gc,ref       ] GC(46) Skipped phase4 of Reference Processing due to unavailable references
[10.534s][debug][gc,age       ] GC(46) Desired survivor size 15400960 bytes, new threshold 6 (max threshold 6)
[10.534s][info ][gc,heap      ] GC(46) ParNew: 243237K->3315K(270976K)
[10.534s][info ][gc,heap      ] GC(46) CMS: 168008K->168140K(602112K)
[10.534s][info ][gc,metaspace ] GC(46) Metaspace: 41988K->41988K(1087488K)
[10.534s][info ][gc           ] GC(46) Pause Young (Allocation Failure) 401M->167M(852M) 3.344ms
[10.534s][info ][gc,cpu       ] GC(46) User=0.01s Sys=0.00s Real=0.00s
[10.534s][info ][safepoint    ] Leaving safepoint region
[10.534s][info ][safepoint    ] Total time for which application threads were stopped: 0.0089238 seconds, Stopping threads took: 0.0053511 seconds
[10.608s][info ][safepoint    ] Application time: 0.0735209 seconds
[10.612s][info ][safepoint    ] Entering safepoint region: GenCollectForAllocation
[10.612s][info ][gc,start     ] GC(47) Pause Young (Allocation Failure)
[10.613s][info ][gc,task      ] GC(47) Using 4 workers of 4 for evacuation
[10.620s][debug][gc,ref       ] GC(47) Skipped phase1 of Reference Processing due to unavailable references
[10.620s][debug][gc,ref       ] GC(47) Skipped phase3 of Reference Processing due to unavailable references
[10.620s][debug][gc,ref       ] GC(47) Skipped phase4 of Reference Processing due to unavailable references
[10.620s][debug][gc,age       ] GC(47) Desired survivor size 15400960 bytes, new threshold 6 (max threshold 6)
[10.620s][info ][gc,heap      ] GC(47) ParNew: 244211K->3255K(270976K)
[10.620s][info ][gc,heap      ] GC(47) CMS: 168140K->168526K(602112K)
[10.620s][info ][gc,metaspace ] GC(47) Metaspace: 41988K->41988K(1087488K)
[10.620s][info ][gc           ] GC(47) Pause Young (Allocation Failure) 402M->167M(852M) 7.518ms
[10.620s][info ][gc,cpu       ] GC(47) User=0.02s Sys=0.00s Real=0.00s
[10.620s][info ][safepoint    ] Leaving safepoint region
[10.620s][info ][safepoint    ] Total time for which application threads were stopped: 0.0124941 seconds, Stopping threads took: 0.0047623 seconds
[10.673s][info ][safepoint    ] Application time: 0.0529793 seconds
[10.676s][info ][safepoint    ] Entering safepoint region: GenCollectForAllocation
[10.676s][info ][gc,start     ] GC(48) Pause Young (Allocation Failure)
[10.676s][info ][gc,task      ] GC(48) Using 4 workers of 4 for evacuation
[10.682s][debug][gc,ref       ] GC(48) Skipped phase1 of Reference Processing due to unavailable references
[10.682s][debug][gc,ref       ] GC(48) Skipped phase3 of Reference Processing due to unavailable references
[10.682s][debug][gc,ref       ] GC(48) Skipped phase4 of Reference Processing due to unavailable references
[10.683s][debug][gc,age       ] GC(48) Desired survivor size 15400960 bytes, new threshold 6 (max threshold 6)
[10.683s][info ][gc,heap      ] GC(48) ParNew: 244151K->4983K(270976K)
[10.683s][info ][gc,heap      ] GC(48) CMS: 168526K->168902K(602112K)
[10.683s][info ][gc,metaspace ] GC(48) Metaspace: 41988K->41988K(1087488K)
[10.683s][info ][gc           ] GC(48) Pause Young (Allocation Failure) 403M->169M(852M) 6.296ms
[10.683s][info ][gc,cpu       ] GC(48) User=0.02s Sys=0.00s Real=0.01s
[10.683s][info ][safepoint    ] Leaving safepoint region
[10.683s][info ][safepoint    ] Total time for which application threads were stopped: 0.0096002 seconds, Stopping threads took: 0.0030734 seconds
[10.739s][info ][safepoint    ] Application time: 0.0559389 seconds
[10.739s][info ][safepoint    ] Entering safepoint region: GenCollectForAllocation
[10.739s][info ][gc,start     ] GC(49) Pause Young (Allocation Failure)
[10.739s][info ][gc,task      ] GC(49) Using 4 workers of 4 for evacuation
[10.743s][debug][gc,ref       ] GC(49) Skipped phase1 of Reference Processing due to unavailable references
[10.743s][debug][gc,ref       ] GC(49) Skipped phase3 of Reference Processing due to unavailable references
[10.743s][debug][gc,ref       ] GC(49) Skipped phase4 of Reference Processing due to unavailable references
[10.743s][debug][gc,age       ] GC(49) Desired survivor size 15400960 bytes, new threshold 6 (max threshold 6)
[10.743s][info ][gc,heap      ] GC(49) ParNew: 245879K->4423K(270976K)
[10.743s][info ][gc,heap      ] GC(49) CMS: 168902K->168981K(602112K)
[10.743s][info ][gc,metaspace ] GC(49) Metaspace: 41988K->41988K(1087488K)
[10.743s][info ][gc           ] GC(49) Pause Young (Allocation Failure) 405M->169M(852M) 4.116ms
[10.743s][info ][gc,cpu       ] GC(49) User=0.02s Sys=0.00s Real=0.01s
[10.743s][info ][safepoint    ] Leaving safepoint region
[10.743s][info ][safepoint    ] Total time for which application threads were stopped: 0.0047173 seconds, Stopping threads took: 0.0003714 seconds
[10.790s][info ][safepoint    ] Application time: 0.0461800 seconds
[10.793s][info ][safepoint    ] Entering safepoint region: GenCollectForAllocation
[10.793s][info ][gc,start     ] GC(50) Pause Young (Allocation Failure)
[10.793s][info ][gc,task      ] GC(50) Using 4 workers of 4 for evacuation
[10.799s][debug][gc,ref       ] GC(50) Skipped phase1 of Reference Processing due to unavailable references
[10.799s][debug][gc,ref       ] GC(50) Skipped phase3 of Reference Processing due to unavailable references
[10.799s][debug][gc,ref       ] GC(50) Skipped phase4 of Reference Processing due to unavailable references
[10.799s][debug][gc,age       ] GC(50) Desired survivor size 15400960 bytes, new threshold 6 (max threshold 6)
[10.799s][info ][gc,heap      ] GC(50) ParNew: 245319K->6293K(270976K)
[10.799s][info ][gc,heap      ] GC(50) CMS: 168981K->169153K(602112K)
[10.799s][info ][gc,metaspace ] GC(50) Metaspace: 41996K->41996K(1087488K)
[10.799s][info ][gc           ] GC(50) Pause Young (Allocation Failure) 404M->171M(852M) 6.194ms
[10.799s][info ][gc,cpu       ] GC(50) User=0.01s Sys=0.00s Real=0.00s
[10.799s][info ][safepoint    ] Leaving safepoint region
[10.799s][info ][safepoint    ] Total time for which application threads were stopped: 0.0094454 seconds, Stopping threads took: 0.0030594 seconds
[10.870s][info ][safepoint    ] Application time: 0.0710234 seconds
[10.871s][info ][safepoint    ] Entering safepoint region: GenCollectForAllocation
[10.871s][info ][gc,start     ] GC(51) Pause Young (Allocation Failure)
[10.871s][info ][gc,task      ] GC(51) Using 4 workers of 4 for evacuation
[10.877s][debug][gc,ref       ] GC(51) Skipped phase1 of Reference Processing due to unavailable references
[10.877s][debug][gc,ref       ] GC(51) Skipped phase3 of Reference Processing due to unavailable references
[10.877s][debug][gc,ref       ] GC(51) Skipped phase4 of Reference Processing due to unavailable references
[10.877s][debug][gc,age       ] GC(51) Desired survivor size 15400960 bytes, new threshold 6 (max threshold 6)
[10.877s][info ][gc,heap      ] GC(51) ParNew: 247189K->7006K(270976K)
[10.877s][info ][gc,heap      ] GC(51) CMS: 169153K->169532K(602112K)
[10.877s][info ][gc,metaspace ] GC(51) Metaspace: 41997K->41997K(1087488K)
[10.877s][info ][gc           ] GC(51) Pause Young (Allocation Failure) 406M->172M(852M) 6.041ms
[10.877s][info ][gc,cpu       ] GC(51) User=0.02s Sys=0.00s Real=0.00s
[10.877s][info ][safepoint    ] Leaving safepoint region
[10.877s][info ][safepoint    ] Total time for which application threads were stopped: 0.0067027 seconds, Stopping threads took: 0.0004845 seconds
[10.915s][info ][safepoint    ] Application time: 0.0385771 seconds
[10.916s][info ][safepoint    ] Entering safepoint region: Deoptimize
[10.920s][info ][safepoint    ] Leaving safepoint region
[10.920s][info ][safepoint    ] Total time for which application threads were stopped: 0.0043497 seconds, Stopping threads took: 0.0009087 seconds
[10.948s][info ][safepoint    ] Application time: 0.0282978 seconds
[10.948s][info ][safepoint    ] Entering safepoint region: GenCollectForAllocation
[10.949s][info ][gc,start     ] GC(52) Pause Young (Allocation Failure)
[10.949s][info ][gc,task      ] GC(52) Using 4 workers of 4 for evacuation
[10.953s][debug][gc,ref       ] GC(52) Skipped phase1 of Reference Processing due to unavailable references
[10.953s][debug][gc,ref       ] GC(52) Skipped phase3 of Reference Processing due to unavailable references
[10.953s][debug][gc,age       ] GC(52) Desired survivor size 15400960 bytes, new threshold 6 (max threshold 6)
[10.953s][info ][gc,heap      ] GC(52) ParNew: 247902K->6462K(270976K)
[10.953s][info ][gc,heap      ] GC(52) CMS: 169532K->170359K(602112K)
[10.953s][info ][gc,metaspace ] GC(52) Metaspace: 42004K->42004K(1087488K)
[10.953s][info ][gc           ] GC(52) Pause Young (Allocation Failure) 407M->172M(852M) 4.886ms
[10.953s][info ][gc,cpu       ] GC(52) User=0.02s Sys=0.00s Real=0.00s
[10.954s][info ][safepoint    ] Leaving safepoint region
[10.954s][info ][safepoint    ] Total time for which application threads were stopped: 0.0053552 seconds, Stopping threads took: 0.0002974 seconds
[11.013s][info ][safepoint    ] Application time: 0.0590448 seconds
[11.013s][info ][safepoint    ] Entering safepoint region: GenCollectForAllocation
[11.013s][info ][gc,start     ] GC(53) Pause Young (Allocation Failure)
[11.013s][info ][gc,task      ] GC(53) Using 4 workers of 4 for evacuation
[11.018s][debug][gc,ref       ] GC(53) Skipped phase1 of Reference Processing due to unavailable references
[11.018s][debug][gc,ref       ] GC(53) Skipped phase3 of Reference Processing due to unavailable references
[11.018s][debug][gc,age       ] GC(53) Desired survivor size 15400960 bytes, new threshold 6 (max threshold 6)
[11.018s][info ][gc,heap      ] GC(53) ParNew: 247358K->4993K(270976K)
[11.018s][info ][gc,heap      ] GC(53) CMS: 170359K->170999K(602112K)
[11.018s][info ][gc,metaspace ] GC(53) Metaspace: 42151K->42151K(1087488K)
[11.018s][info ][gc           ] GC(53) Pause Young (Allocation Failure) 407M->171M(852M) 4.860ms
[11.018s][info ][gc,cpu       ] GC(53) User=0.01s Sys=0.00s Real=0.00s
[11.018s][info ][safepoint    ] Leaving safepoint region
[11.018s][info ][safepoint    ] Total time for which application threads were stopped: 0.0052654 seconds, Stopping threads took: 0.0002133 seconds
[11.032s][info ][safepoint    ] Application time: 0.0140265 seconds
[11.035s][info ][safepoint    ] Entering safepoint region: RevokeBias
[11.035s][info ][safepoint    ] Leaving safepoint region
[11.035s][info ][safepoint    ] Total time for which application threads were stopped: 0.0033778 seconds, Stopping threads took: 0.0032160 seconds
[11.063s][info ][safepoint    ] Application time: 0.0275204 seconds
[11.063s][info ][safepoint    ] Entering safepoint region: RevokeBias
[11.063s][info ][safepoint    ] Leaving safepoint region
[11.063s][info ][safepoint    ] Total time for which application threads were stopped: 0.0002966 seconds, Stopping threads took: 0.0001715 seconds
[11.095s][info ][safepoint    ] Application time: 0.0314708 seconds
[11.096s][info ][safepoint    ] Entering safepoint region: RevokeBias
[11.097s][info ][safepoint    ] Leaving safepoint region
[11.097s][info ][safepoint    ] Total time for which application threads were stopped: 0.0018609 seconds, Stopping threads took: 0.0017499 seconds
[11.097s][info ][safepoint    ] Application time: 0.0001004 seconds
[11.097s][info ][safepoint    ] Entering safepoint region: RevokeBias
[11.097s][info ][safepoint    ] Leaving safepoint region
[11.097s][info ][safepoint    ] Total time for which application threads were stopped: 0.0005386 seconds, Stopping threads took: 0.0004765 seconds
[11.097s][info ][safepoint    ] Application time: 0.0000489 seconds
[11.098s][info ][safepoint    ] Entering safepoint region: RevokeBias
[11.098s][info ][safepoint    ] Leaving safepoint region
[11.098s][info ][safepoint    ] Total time for which application threads were stopped: 0.0006957 seconds, Stopping threads took: 0.0006125 seconds
[11.099s][info ][safepoint    ] Application time: 0.0009831 seconds
[11.099s][info ][safepoint    ] Entering safepoint region: RevokeBias
[11.099s][info ][safepoint    ] Leaving safepoint region
[11.099s][info ][safepoint    ] Total time for which application threads were stopped: 0.0001130 seconds, Stopping threads took: 0.0000427 seconds
[11.099s][info ][safepoint    ] Application time: 0.0001302 seconds
[11.099s][info ][safepoint    ] Entering safepoint region: RevokeBias
[11.099s][info ][safepoint    ] Leaving safepoint region
[11.099s][info ][safepoint    ] Total time for which application threads were stopped: 0.0000796 seconds, Stopping threads took: 0.0000087 seconds
[11.105s][info ][safepoint    ] Application time: 0.0058631 seconds
[11.105s][info ][safepoint    ] Entering safepoint region: GenCollectForAllocation
[11.105s][info ][gc,start     ] GC(54) Pause Young (Allocation Failure)
[11.105s][info ][gc,task      ] GC(54) Using 4 workers of 4 for evacuation
[11.112s][debug][gc,ref       ] GC(54) Skipped phase1 of Reference Processing due to unavailable references
[11.112s][debug][gc,ref       ] GC(54) Skipped phase3 of Reference Processing due to unavailable references
[11.113s][debug][gc,age       ] GC(54) Desired survivor size 15400960 bytes, new threshold 6 (max threshold 6)
[11.113s][info ][gc,heap      ] GC(54) ParNew: 245889K->3661K(270976K)
[11.113s][info ][gc,heap      ] GC(54) CMS: 170999K->171853K(602112K)
[11.113s][info ][gc,metaspace ] GC(54) Metaspace: 42705K->42705K(1087488K)
[11.113s][info ][gc           ] GC(54) Pause Young (Allocation Failure) 407M->171M(852M) 7.234ms
[11.113s][info ][gc,cpu       ] GC(54) User=0.02s Sys=0.00s Real=0.01s
[11.113s][info ][safepoint    ] Leaving safepoint region
[11.113s][info ][safepoint    ] Total time for which application threads were stopped: 0.0074551 seconds, Stopping threads took: 0.0000691 seconds
[11.180s][info ][safepoint    ] Application time: 0.0671160 seconds
[11.180s][info ][safepoint    ] Entering safepoint region: GenCollectForAllocation
[11.180s][info ][gc,start     ] GC(55) Pause Young (Allocation Failure)
[11.180s][info ][gc,task      ] GC(55) Using 4 workers of 4 for evacuation
[11.184s][debug][gc,ref       ] GC(55) Skipped phase1 of Reference Processing due to unavailable references
[11.184s][debug][gc,ref       ] GC(55) Skipped phase3 of Reference Processing due to unavailable references
[11.184s][debug][gc,ref       ] GC(55) Skipped phase4 of Reference Processing due to unavailable references
[11.184s][debug][gc,age       ] GC(55) Desired survivor size 15400960 bytes, new threshold 6 (max threshold 6)
[11.184s][info ][gc,heap      ] GC(55) ParNew: 244557K->3796K(270976K)
[11.184s][info ][gc,heap      ] GC(55) CMS: 171853K->172647K(602112K)
[11.184s][info ][gc,metaspace ] GC(55) Metaspace: 42757K->42757K(1087488K)
[11.184s][info ][gc           ] GC(55) Pause Young (Allocation Failure) 406M->172M(852M) 3.875ms
[11.184s][info ][gc,cpu       ] GC(55) User=0.01s Sys=0.01s Real=0.01s
[11.184s][info ][safepoint    ] Leaving safepoint region
[11.184s][info ][safepoint    ] Total time for which application threads were stopped: 0.0042800 seconds, Stopping threads took: 0.0002281 seconds
[11.239s][info ][safepoint    ] Application time: 0.0545761 seconds
[11.239s][info ][safepoint    ] Entering safepoint region: GenCollectForAllocation
[11.239s][info ][gc,start     ] GC(56) Pause Young (Allocation Failure)
[11.239s][info ][gc,task      ] GC(56) Using 4 workers of 4 for evacuation
[11.242s][debug][gc,ref       ] GC(56) Skipped phase1 of Reference Processing due to unavailable references
[11.242s][debug][gc,ref       ] GC(56) Skipped phase3 of Reference Processing due to unavailable references
[11.242s][debug][gc,ref       ] GC(56) Skipped phase4 of Reference Processing due to unavailable references
[11.242s][debug][gc,age       ] GC(56) Desired survivor size 15400960 bytes, new threshold 6 (max threshold 6)
[11.242s][info ][gc,heap      ] GC(56) ParNew: 244692K->2302K(270976K)
[11.242s][info ][gc,heap      ] GC(56) CMS: 172647K->173141K(602112K)
[11.242s][info ][gc,metaspace ] GC(56) Metaspace: 42768K->42768K(1087488K)
[11.242s][info ][gc           ] GC(56) Pause Young (Allocation Failure) 407M->171M(852M) 3.407ms
[11.242s][info ][gc,cpu       ] GC(56) User=0.01s Sys=0.00s Real=0.01s
[11.242s][info ][safepoint    ] Leaving safepoint region
[11.242s][info ][safepoint    ] Total time for which application threads were stopped: 0.0038137 seconds, Stopping threads took: 0.0002600 seconds
[11.279s][info ][safepoint    ] Application time: 0.0368874 seconds
[11.280s][info ][safepoint    ] Entering safepoint region: GenCollectForAllocation
[11.280s][info ][gc,start     ] GC(57) Pause Young (Allocation Failure)
[11.280s][info ][gc,task      ] GC(57) Using 4 workers of 4 for evacuation
[11.282s][debug][gc,ref       ] GC(57) Skipped phase1 of Reference Processing due to unavailable references
[11.282s][debug][gc,ref       ] GC(57) Skipped phase3 of Reference Processing due to unavailable references
[11.283s][debug][gc,ref       ] GC(57) Skipped phase4 of Reference Processing due to unavailable references
[11.283s][debug][gc,age       ] GC(57) Desired survivor size 15400960 bytes, new threshold 6 (max threshold 6)
[11.283s][info ][gc,heap      ] GC(57) ParNew: 243198K->1593K(270976K)
[11.283s][info ][gc,heap      ] GC(57) CMS: 173141K->173817K(602112K)
[11.283s][info ][gc,metaspace ] GC(57) Metaspace: 42786K->42786K(1087488K)
[11.283s][info ][gc           ] GC(57) Pause Young (Allocation Failure) 406M->171M(852M) 2.935ms
[11.283s][info ][gc,cpu       ] GC(57) User=0.02s Sys=0.00s Real=0.01s
[11.283s][info ][safepoint    ] Leaving safepoint region
[11.283s][info ][safepoint    ] Total time for which application threads were stopped: 0.0032994 seconds, Stopping threads took: 0.0002117 seconds
[11.331s][info ][safepoint    ] Application time: 0.0487691 seconds
[11.332s][info ][safepoint    ] Entering safepoint region: GenCollectForAllocation
[11.332s][info ][gc,start     ] GC(58) Pause Young (Allocation Failure)
[11.332s][info ][gc,task      ] GC(58) Using 4 workers of 4 for evacuation
[11.335s][debug][gc,ref       ] GC(58) Skipped phase1 of Reference Processing due to unavailable references
[11.335s][debug][gc,ref       ] GC(58) Skipped phase3 of Reference Processing due to unavailable references
[11.335s][debug][gc,ref       ] GC(58) Skipped phase4 of Reference Processing due to unavailable references
[11.335s][debug][gc,age       ] GC(58) Desired survivor size 15400960 bytes, new threshold 6 (max threshold 6)
[11.335s][info ][gc,heap      ] GC(58) ParNew: 242489K->942K(270976K)
[11.335s][info ][gc,heap      ] GC(58) CMS: 173817K->174177K(602112K)
[11.335s][info ][gc,metaspace ] GC(58) Metaspace: 42809K->42809K(1087488K)
[11.335s][info ][gc           ] GC(58) Pause Young (Allocation Failure) 406M->171M(852M) 2.745ms
[11.335s][info ][gc,cpu       ] GC(58) User=0.01s Sys=0.00s Real=0.00s
[11.335s][info ][safepoint    ] Leaving safepoint region
[11.335s][info ][safepoint    ] Total time for which application threads were stopped: 0.0033817 seconds, Stopping threads took: 0.0002809 seconds
[11.390s][info ][safepoint    ] Application time: 0.0553447 seconds
[11.391s][info ][safepoint    ] Entering safepoint region: GenCollectForAllocation
[11.391s][info ][gc,start     ] GC(59) Pause Young (Allocation Failure)
[11.391s][info ][gc,task      ] GC(59) Using 4 workers of 4 for evacuation
[11.393s][debug][gc,ref       ] GC(59) Skipped phase1 of Reference Processing due to unavailable references
[11.393s][debug][gc,ref       ] GC(59) Skipped phase3 of Reference Processing due to unavailable references
[11.393s][debug][gc,ref       ] GC(59) Skipped phase4 of Reference Processing due to unavailable references
[11.393s][debug][gc,age       ] GC(59) Desired survivor size 15400960 bytes, new threshold 6 (max threshold 6)
[11.393s][info ][gc,heap      ] GC(59) ParNew: 241838K->643K(270976K)
[11.393s][info ][gc,heap      ] GC(59) CMS: 174177K->174416K(602112K)
[11.393s][info ][gc,metaspace ] GC(59) Metaspace: 42814K->42814K(1087488K)
[11.393s][info ][gc           ] GC(59) Pause Young (Allocation Failure) 406M->170M(852M) 2.062ms
[11.393s][info ][gc,cpu       ] GC(59) User=0.01s Sys=0.00s Real=0.00s
[11.393s][info ][safepoint    ] Leaving safepoint region
[11.393s][info ][safepoint    ] Total time for which application threads were stopped: 0.0025502 seconds, Stopping threads took: 0.0003081 seconds
[11.441s][info ][safepoint    ] Application time: 0.0480928 seconds
[11.444s][info ][safepoint    ] Entering safepoint region: Deoptimize
[11.445s][info ][safepoint    ] Leaving safepoint region
[11.445s][info ][safepoint    ] Total time for which application threads were stopped: 0.0039902 seconds, Stopping threads took: 0.0031316 seconds
[11.451s][info ][safepoint    ] Application time: 0.0060176 seconds
[11.452s][info ][safepoint    ] Entering safepoint region: Deoptimize
[11.453s][info ][safepoint    ] Leaving safepoint region
[11.453s][info ][safepoint    ] Total time for which application threads were stopped: 0.0021460 seconds, Stopping threads took: 0.0013311 seconds
[11.456s][info ][safepoint    ] Application time: 0.0024305 seconds
[11.456s][info ][safepoint    ] Entering safepoint region: RevokeBias
[11.456s][info ][safepoint    ] Leaving safepoint region
[11.456s][info ][safepoint    ] Total time for which application threads were stopped: 0.0002057 seconds, Stopping threads took: 0.0001010 seconds
[11.456s][info ][safepoint    ] Application time: 0.0001684 seconds
[11.456s][info ][safepoint    ] Entering safepoint region: RevokeBias
[11.456s][info ][safepoint    ] Leaving safepoint region
[11.456s][info ][safepoint    ] Total time for which application threads were stopped: 0.0001888 seconds, Stopping threads took: 0.0000871 seconds
[11.478s][info ][safepoint    ] Application time: 0.0213077 seconds
[11.478s][info ][safepoint    ] Entering safepoint region: RevokeBias
[11.478s][info ][safepoint    ] Leaving safepoint region
[11.478s][info ][safepoint    ] Total time for which application threads were stopped: 0.0003708 seconds, Stopping threads took: 0.0002416 seconds
[11.500s][info ][safepoint    ] Application time: 0.0217237 seconds
[11.500s][info ][safepoint    ] Entering safepoint region: Deoptimize
[11.501s][info ][safepoint    ] Leaving safepoint region
[11.501s][info ][safepoint    ] Total time for which application threads were stopped: 0.0014627 seconds, Stopping threads took: 0.0006568 seconds
[11.522s][info ][safepoint    ] Application time: 0.0209065 seconds
[11.522s][info ][safepoint    ] Entering safepoint region: GenCollectForAllocation
[11.522s][info ][gc,start     ] GC(60) Pause Young (Allocation Failure)
[11.522s][info ][gc,task      ] GC(60) Using 4 workers of 4 for evacuation
[11.525s][debug][gc,ref       ] GC(60) Skipped phase1 of Reference Processing due to unavailable references
[11.525s][debug][gc,ref       ] GC(60) Skipped phase3 of Reference Processing due to unavailable references
[11.525s][debug][gc,age       ] GC(60) Desired survivor size 15400960 bytes, new threshold 6 (max threshold 6)
[11.525s][info ][gc,heap      ] GC(60) ParNew: 241539K->812K(270976K)
[11.525s][info ][gc,heap      ] GC(60) CMS: 174416K->174589K(602112K)
[11.525s][info ][gc,metaspace ] GC(60) Metaspace: 43695K->43695K(1089536K)
[11.525s][info ][gc           ] GC(60) Pause Young (Allocation Failure) 406M->171M(852M) 2.346ms
[11.525s][info ][gc,cpu       ] GC(60) User=0.01s Sys=0.00s Real=0.00s
[11.525s][info ][safepoint    ] Leaving safepoint region
[11.525s][info ][safepoint    ] Total time for which application threads were stopped: 0.0027475 seconds, Stopping threads took: 0.0002280 seconds
[11.536s][info ][safepoint    ] Application time: 0.0114309 seconds
[11.539s][info ][safepoint    ] Entering safepoint region: RevokeBias
[11.540s][info ][safepoint    ] Leaving safepoint region
[11.540s][info ][safepoint    ] Total time for which application threads were stopped: 0.0032784 seconds, Stopping threads took: 0.0031523 seconds
[11.602s][info ][safepoint    ] Application time: 0.0620300 seconds
[11.603s][info ][safepoint    ] Entering safepoint region: RevokeBias
[11.603s][info ][safepoint    ] Leaving safepoint region
[11.603s][info ][safepoint    ] Total time for which application threads were stopped: 0.0013101 seconds, Stopping threads took: 0.0011737 seconds
[11.603s][info ][safepoint    ] Application time: 0.0004307 seconds
[11.603s][info ][safepoint    ] Entering safepoint region: RevokeBias
[11.604s][info ][safepoint    ] Leaving safepoint region
[11.604s][info ][safepoint    ] Total time for which application threads were stopped: 0.0001692 seconds, Stopping threads took: 0.0000793 seconds
[11.615s][info ][safepoint    ] Application time: 0.0118916 seconds
[11.616s][info ][safepoint    ] Entering safepoint region: RevokeBias
[11.616s][info ][safepoint    ] Leaving safepoint region
[11.616s][info ][safepoint    ] Total time for which application threads were stopped: 0.0002893 seconds, Stopping threads took: 0.0001623 seconds
[11.626s][info ][safepoint    ] Application time: 0.0102376 seconds
[11.629s][info ][safepoint    ] Entering safepoint region: GenCollectForAllocation
[11.629s][info ][gc,start     ] GC(61) Pause Young (Allocation Failure)
[11.629s][info ][gc,task      ] GC(61) Using 4 workers of 4 for evacuation
[11.632s][debug][gc,ref       ] GC(61) Skipped phase1 of Reference Processing due to unavailable references
[11.633s][debug][gc,ref       ] GC(61) Skipped phase3 of Reference Processing due to unavailable references
[11.633s][debug][gc,age       ] GC(61) Desired survivor size 15400960 bytes, new threshold 6 (max threshold 6)
[11.633s][info ][gc,heap      ] GC(61) ParNew: 241708K->2488K(270976K)
[11.633s][info ][gc,heap      ] GC(61) CMS: 174589K->174615K(602112K)
[11.633s][info ][gc,metaspace ] GC(61) Metaspace: 44918K->44918K(1089536K)
[11.633s][info ][gc           ] GC(61) Pause Young (Allocation Failure) 406M->172M(852M) 3.456ms
[11.633s][info ][gc,cpu       ] GC(61) User=0.01s Sys=0.00s Real=0.00s
[11.633s][info ][safepoint    ] Leaving safepoint region
[11.633s][info ][safepoint    ] Total time for which application threads were stopped: 0.0066998 seconds, Stopping threads took: 0.0030774 seconds
[11.634s][info ][safepoint    ] Application time: 0.0008702 seconds
[11.634s][info ][safepoint    ] Entering safepoint region: RevokeBias
[11.634s][info ][safepoint    ] Leaving safepoint region
[11.634s][info ][safepoint    ] Total time for which application threads were stopped: 0.0003415 seconds, Stopping threads took: 0.0002517 seconds
[11.664s][info ][safepoint    ] Application time: 0.0296889 seconds
[11.670s][info ][safepoint    ] Entering safepoint region: RevokeBias
[11.671s][info ][safepoint    ] Leaving safepoint region
[11.671s][info ][safepoint    ] Total time for which application threads were stopped: 0.0069435 seconds, Stopping threads took: 0.0067637 seconds
[11.681s][info ][safepoint    ] Application time: 0.0107134 seconds
[11.685s][info ][safepoint    ] Entering safepoint region: RevokeBias
[11.685s][info ][safepoint    ] Leaving safepoint region
[11.685s][info ][safepoint    ] Total time for which application threads were stopped: 0.0033162 seconds, Stopping threads took: 0.0031880 seconds
[11.692s][info ][safepoint    ] Application time: 0.0072019 seconds
[11.705s][info ][safepoint    ] Entering safepoint region: BulkRevokeBias
[11.707s][info ][safepoint    ] Leaving safepoint region
[11.707s][info ][safepoint    ] Total time for which application threads were stopped: 0.0150125 seconds, Stopping threads took: 0.0135996 seconds
[11.716s][info ][safepoint    ] Application time: 0.0093019 seconds
[11.724s][info ][safepoint    ] Entering safepoint region: Deoptimize
[11.725s][info ][safepoint    ] Leaving safepoint region
[11.725s][info ][safepoint    ] Total time for which application threads were stopped: 0.0090724 seconds, Stopping threads took: 0.0079918 seconds
[11.736s][info ][safepoint    ] Application time: 0.0109626 seconds
[11.736s][info ][safepoint    ] Entering safepoint region: GenCollectForAllocation
[11.737s][info ][gc,start     ] GC(62) Pause Young (Allocation Failure)
[11.737s][info ][gc,task      ] GC(62) Using 4 workers of 4 for evacuation
[11.740s][debug][gc,ref       ] GC(62) Skipped phase1 of Reference Processing due to unavailable references
[11.740s][debug][gc,ref       ] GC(62) Skipped phase3 of Reference Processing due to unavailable references
[11.740s][debug][gc,age       ] GC(62) Desired survivor size 15400960 bytes, new threshold 6 (max threshold 6)
[11.740s][info ][gc,heap      ] GC(62) ParNew: 243384K->3462K(270976K)
[11.740s][info ][gc,heap      ] GC(62) CMS: 174615K->174647K(602112K)
[11.740s][info ][gc,metaspace ] GC(62) Metaspace: 45678K->45678K(1091584K)
[11.740s][info ][gc           ] GC(62) Pause Young (Allocation Failure) 408M->173M(852M) 3.060ms
[11.740s][info ][gc,cpu       ] GC(62) User=0.01s Sys=0.00s Real=0.00s
[11.740s][info ][safepoint    ] Leaving safepoint region
[11.740s][info ][safepoint    ] Total time for which application threads were stopped: 0.0034053 seconds, Stopping threads took: 0.0001622 seconds
[11.775s][info ][safepoint    ] Application time: 0.0351180 seconds
[11.776s][info ][safepoint    ] Entering safepoint region: GenCollectForAllocation
[11.776s][info ][gc,start     ] GC(63) Pause Young (Allocation Failure)
[11.776s][info ][gc,task      ] GC(63) Using 4 workers of 4 for evacuation
[11.779s][debug][gc,ref       ] GC(63) Skipped phase1 of Reference Processing due to unavailable references
[11.779s][debug][gc,ref       ] GC(63) Skipped phase3 of Reference Processing due to unavailable references
[11.779s][debug][gc,age       ] GC(63) Desired survivor size 15400960 bytes, new threshold 6 (max threshold 6)
[11.779s][info ][gc,heap      ] GC(63) ParNew: 244358K->4998K(270976K)
[11.779s][info ][gc,heap      ] GC(63) CMS: 174647K->174658K(602112K)
[11.779s][info ][gc,metaspace ] GC(63) Metaspace: 46004K->46004K(1091584K)
[11.779s][info ][gc           ] GC(63) Pause Young (Allocation Failure) 409M->175M(852M) 3.177ms
[11.779s][info ][gc,cpu       ] GC(63) User=0.01s Sys=0.00s Real=0.00s
[11.779s][info ][safepoint    ] Leaving safepoint region
[11.779s][info ][safepoint    ] Total time for which application threads were stopped: 0.0040008 seconds, Stopping threads took: 0.0006450 seconds
[11.783s][info ][safepoint    ] Application time: 0.0043704 seconds
[11.787s][info ][safepoint    ] Entering safepoint region: RevokeBias
[11.787s][info ][safepoint    ] Leaving safepoint region
[11.787s][info ][safepoint    ] Total time for which application threads were stopped: 0.0037276 seconds, Stopping threads took: 0.0035898 seconds
[11.837s][info ][safepoint    ] Application time: 0.0501390 seconds
[11.837s][info ][safepoint    ] Entering safepoint region: RevokeBias
[11.838s][info ][safepoint    ] Leaving safepoint region
[11.838s][info ][safepoint    ] Total time for which application threads were stopped: 0.0003275 seconds, Stopping threads took: 0.0001896 seconds
[11.844s][info ][safepoint    ] Application time: 0.0065054 seconds
[11.845s][info ][safepoint    ] Entering safepoint region: GenCollectForAllocation
[11.846s][info ][gc,start     ] GC(64) Pause Young (Allocation Failure)
[11.846s][info ][gc,task      ] GC(64) Using 4 workers of 4 for evacuation
[11.849s][debug][gc,ref       ] GC(64) Skipped phase1 of Reference Processing due to unavailable references
[11.849s][debug][gc,ref       ] GC(64) Skipped phase3 of Reference Processing due to unavailable references
[11.849s][debug][gc,age       ] GC(64) Desired survivor size 15400960 bytes, new threshold 6 (max threshold 6)
[11.849s][info ][gc,heap      ] GC(64) ParNew: 245894K->6972K(270976K)
[11.849s][info ][gc,heap      ] GC(64) CMS: 174658K->174673K(602112K)
[11.850s][info ][gc,metaspace ] GC(64) Metaspace: 46309K->46309K(1091584K)
[11.850s][info ][gc           ] GC(64) Pause Young (Allocation Failure) 410M->177M(852M) 3.883ms
[11.850s][info ][gc,cpu       ] GC(64) User=0.02s Sys=0.00s Real=0.01s
[11.850s][info ][safepoint    ] Leaving safepoint region
[11.850s][info ][safepoint    ] Total time for which application threads were stopped: 0.0054084 seconds, Stopping threads took: 0.0013411 seconds
[11.860s][info ][safepoint    ] Application time: 0.0105381 seconds
[11.863s][info ][safepoint    ] Entering safepoint region: RevokeBias
[11.863s][info ][safepoint    ] Leaving safepoint region
[11.863s][info ][safepoint    ] Total time for which application threads were stopped: 0.0031982 seconds, Stopping threads took: 0.0030811 seconds
[11.924s][info ][safepoint    ] Application time: 0.0608604 seconds
[11.928s][info ][safepoint    ] Entering safepoint region: GenCollectForAllocation
[11.928s][info ][gc,start     ] GC(65) Pause Young (Allocation Failure)
[11.928s][info ][gc,task      ] GC(65) Using 4 workers of 4 for evacuation
[11.934s][debug][gc,ref       ] GC(65) Skipped phase1 of Reference Processing due to unavailable references
[11.934s][debug][gc,ref       ] GC(65) Skipped phase3 of Reference Processing due to unavailable references
[11.934s][debug][gc,age       ] GC(65) Desired survivor size 15400960 bytes, new threshold 6 (max threshold 6)
[11.934s][info ][gc,heap      ] GC(65) ParNew: 247868K->10403K(270976K)
[11.934s][info ][gc,heap      ] GC(65) CMS: 174673K->174705K(602112K)
[11.934s][info ][gc,metaspace ] GC(65) Metaspace: 46412K->46412K(1091584K)
[11.934s][info ][gc           ] GC(65) Pause Young (Allocation Failure) 412M->180M(852M) 5.681ms
[11.934s][info ][gc,cpu       ] GC(65) User=0.02s Sys=0.00s Real=0.00s
[11.934s][info ][safepoint    ] Leaving safepoint region
[11.934s][info ][safepoint    ] Total time for which application threads were stopped: 0.0099065 seconds, Stopping threads took: 0.0040452 seconds
[11.977s][info ][safepoint    ] Application time: 0.0424975 seconds
[11.980s][info ][safepoint    ] Entering safepoint region: Deoptimize
[11.981s][info ][safepoint    ] Leaving safepoint region
[11.981s][info ][safepoint    ] Total time for which application threads were stopped: 0.0042501 seconds, Stopping threads took: 0.0031203 seconds
[11.987s][info ][safepoint    ] Application time: 0.0064296 seconds
[11.988s][info ][safepoint    ] Entering safepoint region: RevokeBias
[11.988s][info ][safepoint    ] Leaving safepoint region
[11.988s][info ][safepoint    ] Total time for which application threads were stopped: 0.0004858 seconds, Stopping threads took: 0.0003396 seconds
[11.995s][info ][safepoint    ] Application time: 0.0067178 seconds
[11.996s][info ][safepoint    ] Entering safepoint region: RevokeBias
[11.996s][info ][safepoint    ] Leaving safepoint region
[11.996s][info ][safepoint    ] Total time for which application threads were stopped: 0.0018810 seconds, Stopping threads took: 0.0017651 seconds
[11.997s][info ][safepoint    ] Application time: 0.0003617 seconds
[11.997s][info ][safepoint    ] Entering safepoint region: RevokeBias
[11.997s][info ][safepoint    ] Leaving safepoint region
[11.997s][info ][safepoint    ] Total time for which application threads were stopped: 0.0001474 seconds, Stopping threads took: 0.0000708 seconds
[11.997s][info ][safepoint    ] Application time: 0.0002406 seconds
[11.997s][info ][safepoint    ] Entering safepoint region: BulkRevokeBias
[11.998s][info ][safepoint    ] Leaving safepoint region
[11.998s][info ][safepoint    ] Total time for which application threads were stopped: 0.0010671 seconds, Stopping threads took: 0.0000451 seconds
[12.038s][info ][safepoint    ] Application time: 0.0396350 seconds
[12.038s][info ][safepoint    ] Entering safepoint region: GenCollectForAllocation
[12.038s][info ][gc,start     ] GC(66) Pause Young (Allocation Failure)
[12.039s][info ][gc,task      ] GC(66) Using 4 workers of 4 for evacuation
[12.045s][debug][gc,ref       ] GC(66) Skipped phase1 of Reference Processing due to unavailable references
[12.046s][debug][gc,ref       ] GC(66) Skipped phase3 of Reference Processing due to unavailable references
[12.046s][debug][gc,age       ] GC(66) Desired survivor size 15400960 bytes, new threshold 6 (max threshold 6)
[12.046s][info ][gc,heap      ] GC(66) ParNew: 251299K->12425K(270976K)
[12.046s][info ][gc,heap      ] GC(66) CMS: 174705K->175048K(602112K)
[12.046s][info ][gc,metaspace ] GC(66) Metaspace: 46744K->46744K(1091584K)
[12.046s][info ][gc           ] GC(66) Pause Young (Allocation Failure) 416M->183M(852M) 7.217ms
[12.046s][info ][gc,cpu       ] GC(66) User=0.03s Sys=0.00s Real=0.01s
[12.046s][info ][safepoint    ] Leaving safepoint region
[12.046s][info ][safepoint    ] Total time for which application threads were stopped: 0.0077386 seconds, Stopping threads took: 0.0003272 seconds
[12.121s][info ][safepoint    ] Application time: 0.0748782 seconds
[12.123s][info ][safepoint    ] Entering safepoint region: GenCollectForAllocation
[12.123s][info ][gc,start     ] GC(67) Pause Young (Allocation Failure)
[12.123s][info ][gc,task      ] GC(67) Using 4 workers of 4 for evacuation
[12.129s][debug][gc,ref       ] GC(67) Skipped phase1 of Reference Processing due to unavailable references
[12.129s][debug][gc,ref       ] GC(67) Skipped phase3 of Reference Processing due to unavailable references
[12.129s][debug][gc,age       ] GC(67) Desired survivor size 15400960 bytes, new threshold 6 (max threshold 6)
[12.129s][info ][gc,heap      ] GC(67) ParNew: 253321K->12633K(270976K)
[12.129s][info ][gc,heap      ] GC(67) CMS: 175048K->176798K(602112K)
[12.129s][info ][gc,metaspace ] GC(67) Metaspace: 47117K->47117K(1091584K)
[12.129s][info ][gc           ] GC(67) Pause Young (Allocation Failure) 418M->184M(852M) 6.198ms
[12.129s][info ][gc,cpu       ] GC(67) User=0.02s Sys=0.00s Real=0.01s
[12.129s][info ][safepoint    ] Leaving safepoint region
[12.129s][info ][safepoint    ] Total time for which application threads were stopped: 0.0083302 seconds, Stopping threads took: 0.0019240 seconds
[12.176s][info ][safepoint    ] Application time: 0.0468677 seconds
[12.177s][info ][safepoint    ] Entering safepoint region: RevokeBias
[12.177s][info ][safepoint    ] Leaving safepoint region
[12.177s][info ][safepoint    ] Total time for which application threads were stopped: 0.0013965 seconds, Stopping threads took: 0.0012616 seconds
[12.177s][info ][safepoint    ] Application time: 0.0000817 seconds
[12.177s][info ][safepoint    ] Entering safepoint region: RevokeBias
[12.178s][info ][safepoint    ] Leaving safepoint region
[12.178s][info ][safepoint    ] Total time for which application threads were stopped: 0.0001316 seconds, Stopping threads took: 0.0000514 seconds
[12.189s][info ][safepoint    ] Application time: 0.0111961 seconds
[12.193s][info ][safepoint    ] Entering safepoint region: RevokeBias
[12.193s][info ][safepoint    ] Leaving safepoint region
[12.193s][info ][safepoint    ] Total time for which application threads were stopped: 0.0043416 seconds, Stopping threads took: 0.0042010 seconds
[12.193s][info ][safepoint    ] Application time: 0.0000626 seconds
[12.193s][info ][safepoint    ] Entering safepoint region: RevokeBias
[12.193s][info ][safepoint    ] Leaving safepoint region
[12.193s][info ][safepoint    ] Total time for which application threads were stopped: 0.0001687 seconds, Stopping threads took: 0.0000681 seconds
[12.195s][info ][safepoint    ] Application time: 0.0018274 seconds
[12.195s][info ][safepoint    ] Entering safepoint region: RevokeBias
[12.195s][info ][safepoint    ] Leaving safepoint region
[12.195s][info ][safepoint    ] Total time for which application threads were stopped: 0.0001399 seconds, Stopping threads took: 0.0000365 seconds
[12.237s][info ][safepoint    ] Application time: 0.0421117 seconds
[12.238s][info ][safepoint    ] Entering safepoint region: GenCollectForAllocation
[12.238s][info ][gc,start     ] GC(68) Pause Young (Allocation Failure)
[12.238s][info ][gc,task      ] GC(68) Using 4 workers of 4 for evacuation
[12.245s][debug][gc,ref       ] GC(68) Skipped phase1 of Reference Processing due to unavailable references
[12.245s][debug][gc,ref       ] GC(68) Skipped phase3 of Reference Processing due to unavailable references
[12.245s][debug][gc,age       ] GC(68) Desired survivor size 15400960 bytes, new threshold 6 (max threshold 6)
[12.245s][info ][gc,heap      ] GC(68) ParNew: 253529K->10858K(270976K)
[12.245s][info ][gc,heap      ] GC(68) CMS: 176798K->177305K(602112K)
[12.245s][info ][gc,metaspace ] GC(68) Metaspace: 47158K->47158K(1091584K)
[12.245s][info ][gc           ] GC(68) Pause Young (Allocation Failure) 420M->183M(852M) 7.011ms
[12.245s][info ][gc,cpu       ] GC(68) User=0.02s Sys=0.00s Real=0.01s
[12.245s][info ][safepoint    ] Leaving safepoint region
[12.245s][info ][safepoint    ] Total time for which application threads were stopped: 0.0076092 seconds, Stopping threads took: 0.0003551 seconds
[12.294s][info ][safepoint    ] Application time: 0.0488196 seconds
[12.297s][info ][safepoint    ] Entering safepoint region: GenCollectForAllocation
[12.297s][info ][safepoint    ] Leaving safepoint region
[12.297s][info ][safepoint    ] Total time for which application threads were stopped: 0.0033293 seconds, Stopping threads took: 0.0031867 seconds
[12.299s][info ][safepoint    ] Application time: 0.0018457 seconds
[12.299s][info ][safepoint    ] Entering safepoint region: GenCollectForAllocation
[12.299s][info ][gc,start     ] GC(69) Pause Young (Allocation Failure)
[12.299s][info ][gc,task      ] GC(69) Using 4 workers of 4 for evacuation
[12.305s][debug][gc,ref       ] GC(69) Skipped phase1 of Reference Processing due to unavailable references
[12.305s][debug][gc,ref       ] GC(69) Skipped phase3 of Reference Processing due to unavailable references
[12.305s][debug][gc,age       ] GC(69) Desired survivor size 15400960 bytes, new threshold 6 (max threshold 6)
[12.305s][info ][gc,heap      ] GC(69) ParNew: 251898K->12503K(270976K)
[12.305s][info ][gc,heap      ] GC(69) CMS: 177305K->178270K(602112K)
[12.305s][info ][gc,metaspace ] GC(69) Metaspace: 47186K->47186K(1091584K)
[12.305s][info ][gc           ] GC(69) Pause Young (Allocation Failure) 419M->186M(852M) 6.008ms
[12.305s][info ][gc,cpu       ] GC(69) User=0.02s Sys=0.00s Real=0.01s
[12.305s][info ][safepoint    ] Leaving safepoint region
[12.305s][info ][safepoint    ] Total time for which application threads were stopped: 0.0062330 seconds, Stopping threads took: 0.0000730 seconds
[12.376s][info ][safepoint    ] Application time: 0.0703893 seconds
[12.376s][info ][safepoint    ] Entering safepoint region: GenCollectForAllocation
[12.376s][info ][gc,start     ] GC(70) Pause Young (Allocation Failure)
[12.376s][info ][gc,task      ] GC(70) Using 4 workers of 4 for evacuation
[12.384s][debug][gc,ref       ] GC(70) Skipped phase1 of Reference Processing due to unavailable references
[12.384s][debug][gc,ref       ] GC(70) Skipped phase3 of Reference Processing due to unavailable references
[12.384s][debug][gc,age       ] GC(70) Desired survivor size 15400960 bytes, new threshold 6 (max threshold 6)
[12.384s][info ][gc,heap      ] GC(70) ParNew: 253399K->11350K(270976K)
[12.384s][info ][gc,heap      ] GC(70) CMS: 178270K->179598K(602112K)
[12.384s][info ][gc,metaspace ] GC(70) Metaspace: 47352K->47352K(1091584K)
[12.384s][info ][gc           ] GC(70) Pause Young (Allocation Failure) 421M->186M(852M) 7.923ms
[12.384s][info ][gc,cpu       ] GC(70) User=0.03s Sys=0.01s Real=0.01s
[12.384s][info ][safepoint    ] Leaving safepoint region
[12.384s][info ][safepoint    ] Total time for which application threads were stopped: 0.0083111 seconds, Stopping threads took: 0.0002042 seconds
[12.449s][info ][safepoint    ] Application time: 0.0652051 seconds
[12.453s][info ][safepoint    ] Entering safepoint region: GenCollectForAllocation
[12.453s][info ][gc,start     ] GC(71) Pause Young (Allocation Failure)
[12.453s][info ][gc,task      ] GC(71) Using 4 workers of 4 for evacuation
[12.467s][debug][gc,ref       ] GC(71) Skipped phase1 of Reference Processing due to unavailable references
[12.467s][debug][gc,ref       ] GC(71) Skipped phase3 of Reference Processing due to unavailable references
[12.467s][debug][gc,age       ] GC(71) Desired survivor size 15400960 bytes, new threshold 6 (max threshold 6)
[12.467s][info ][gc,heap      ] GC(71) ParNew: 252246K->10756K(270976K)
[12.467s][info ][gc,heap      ] GC(71) CMS: 179598K->182639K(602112K)
[12.467s][info ][gc,metaspace ] GC(71) Metaspace: 47389K->47389K(1091584K)
[12.467s][info ][gc           ] GC(71) Pause Young (Allocation Failure) 421M->188M(852M) 14.017ms
[12.467s][info ][gc,cpu       ] GC(71) User=0.04s Sys=0.01s Real=0.01s
[12.467s][info ][safepoint    ] Leaving safepoint region
[12.467s][info ][safepoint    ] Total time for which application threads were stopped: 0.0175044 seconds, Stopping threads took: 0.0032923 seconds
[12.563s][info ][safepoint    ] Application time: 0.0963873 seconds
[12.568s][info ][safepoint    ] Entering safepoint region: GenCollectForAllocation
[12.568s][info ][gc,start     ] GC(72) Pause Young (Allocation Failure)
[12.568s][info ][gc,task      ] GC(72) Using 4 workers of 4 for evacuation
[12.574s][debug][gc,ref       ] GC(72) Skipped phase1 of Reference Processing due to unavailable references
[12.574s][debug][gc,ref       ] GC(72) Skipped phase3 of Reference Processing due to unavailable references
[12.574s][debug][gc,age       ] GC(72) Desired survivor size 15400960 bytes, new threshold 6 (max threshold 6)
[12.574s][info ][gc,heap      ] GC(72) ParNew: 251652K->10070K(270976K)
[12.574s][info ][gc,heap      ] GC(72) CMS: 182639K->183839K(602112K)
[12.574s][info ][gc,metaspace ] GC(72) Metaspace: 47453K->47453K(1091584K)
[12.574s][info ][gc           ] GC(72) Pause Young (Allocation Failure) 424M->189M(852M) 6.587ms
[12.574s][info ][gc,cpu       ] GC(72) User=0.02s Sys=0.00s Real=0.01s
[12.574s][info ][safepoint    ] Leaving safepoint region
[12.574s][info ][safepoint    ] Total time for which application threads were stopped: 0.0110781 seconds, Stopping threads took: 0.0043099 seconds
[12.647s][info ][safepoint    ] Application time: 0.0730927 seconds
[12.649s][info ][safepoint    ] Entering safepoint region: GenCollectForAllocation
[12.649s][info ][gc,start     ] GC(73) Pause Young (Allocation Failure)
[12.649s][info ][gc,task      ] GC(73) Using 4 workers of 4 for evacuation
[12.659s][debug][gc,ref       ] GC(73) Skipped phase1 of Reference Processing due to unavailable references
[12.659s][debug][gc,ref       ] GC(73) Skipped phase3 of Reference Processing due to unavailable references
[12.659s][debug][gc,age       ] GC(73) Desired survivor size 15400960 bytes, new threshold 6 (max threshold 6)
[12.659s][info ][gc,heap      ] GC(73) ParNew: 250966K->14390K(270976K)
[12.659s][info ][gc,heap      ] GC(73) CMS: 183839K->183996K(602112K)
[12.659s][info ][gc,metaspace ] GC(73) Metaspace: 47497K->47497K(1093632K)
[12.659s][info ][gc           ] GC(73) Pause Young (Allocation Failure) 424M->193M(852M) 10.292ms
[12.659s][info ][gc,cpu       ] GC(73) User=0.03s Sys=0.00s Real=0.00s
[12.659s][info ][safepoint    ] Leaving safepoint region
[12.659s][info ][safepoint    ] Total time for which application threads were stopped: 0.0117783 seconds, Stopping threads took: 0.0012705 seconds
[12.676s][info ][safepoint    ] Application time: 0.0170627 seconds
[12.676s][info ][safepoint    ] Entering safepoint region: RevokeBias
[12.677s][info ][safepoint    ] Leaving safepoint region
[12.677s][info ][safepoint    ] Total time for which application threads were stopped: 0.0003077 seconds, Stopping threads took: 0.0001507 seconds
[12.682s][info ][safepoint    ] Application time: 0.0052191 seconds
[12.698s][info ][safepoint    ] Entering safepoint region: RevokeBias
[12.698s][info ][safepoint    ] Leaving safepoint region
[12.698s][info ][safepoint    ] Total time for which application threads were stopped: 0.0158664 seconds, Stopping threads took: 0.0156985 seconds
[12.698s][info ][safepoint    ] Application time: 0.0000940 seconds
[12.698s][info ][safepoint    ] Entering safepoint region: RevokeBias
[12.698s][info ][safepoint    ] Leaving safepoint region
[12.698s][info ][safepoint    ] Total time for which application threads were stopped: 0.0001556 seconds, Stopping threads took: 0.0000691 seconds
[12.782s][info ][safepoint    ] Application time: 0.0836020 seconds
[12.785s][info ][safepoint    ] Entering safepoint region: GenCollectForAllocation
[12.785s][info ][gc,start     ] GC(74) Pause Young (Allocation Failure)
[12.785s][info ][gc,task      ] GC(74) Using 4 workers of 4 for evacuation
[12.792s][debug][gc,ref       ] GC(74) Skipped phase1 of Reference Processing due to unavailable references
[12.792s][debug][gc,ref       ] GC(74) Skipped phase3 of Reference Processing due to unavailable references
[12.792s][debug][gc,age       ] GC(74) Desired survivor size 15400960 bytes, new threshold 6 (max threshold 6)
[12.792s][info ][gc,heap      ] GC(74) ParNew: 255286K->16169K(270976K)
[12.792s][info ][gc,heap      ] GC(74) CMS: 183996K->185171K(602112K)
[12.792s][info ][gc,metaspace ] GC(74) Metaspace: 47575K->47575K(1093632K)
[12.792s][info ][gc           ] GC(74) Pause Young (Allocation Failure) 428M->196M(852M) 6.938ms
[12.792s][info ][gc,cpu       ] GC(74) User=0.03s Sys=0.00s Real=0.01s
[12.792s][info ][safepoint    ] Leaving safepoint region
[12.792s][info ][safepoint    ] Total time for which application threads were stopped: 0.0104078 seconds, Stopping threads took: 0.0032551 seconds
[12.817s][info ][safepoint    ] Application time: 0.0251627 seconds
[12.818s][info ][safepoint    ] Entering safepoint region: RevokeBias
[12.818s][info ][safepoint    ] Leaving safepoint region
[12.818s][info ][safepoint    ] Total time for which application threads were stopped: 0.0007421 seconds, Stopping threads took: 0.0005817 seconds
[12.876s][info ][safepoint    ] Application time: 0.0577218 seconds
[12.876s][info ][safepoint    ] Entering safepoint region: GenCollectForAllocation
[12.876s][info ][gc,start     ] GC(75) Pause Young (Allocation Failure)
[12.876s][info ][gc,task      ] GC(75) Using 4 workers of 4 for evacuation
[12.882s][debug][gc,ref       ] GC(75) Skipped phase1 of Reference Processing due to unavailable references
[12.883s][debug][gc,ref       ] GC(75) Skipped phase3 of Reference Processing due to unavailable references
[12.883s][debug][gc,age       ] GC(75) Desired survivor size 15400960 bytes, new threshold 6 (max threshold 6)
[12.883s][info ][gc,heap      ] GC(75) ParNew: 257065K->22930K(270976K)
[12.883s][info ][gc,heap      ] GC(75) CMS: 185171K->185910K(602112K)
[12.883s][info ][gc,metaspace ] GC(75) Metaspace: 47589K->47589K(1093632K)
[12.883s][info ][gc           ] GC(75) Pause Young (Allocation Failure) 431M->203M(852M) 6.470ms
[12.883s][info ][gc,cpu       ] GC(75) User=0.02s Sys=0.00s Real=0.01s
[12.883s][info ][safepoint    ] Leaving safepoint region
[12.883s][info ][safepoint    ] Total time for which application threads were stopped: 0.0069462 seconds, Stopping threads took: 0.0002503 seconds
[12.943s][info ][safepoint    ] Application time: 0.0607213 seconds
[12.944s][info ][safepoint    ] Entering safepoint region: GenCollectForAllocation
[12.944s][info ][gc,start     ] GC(76) Pause Young (Allocation Failure)
[12.944s][info ][gc,task      ] GC(76) Using 4 workers of 4 for evacuation
[12.952s][debug][gc,ref       ] GC(76) Skipped phase1 of Reference Processing due to unavailable references
[12.952s][debug][gc,ref       ] GC(76) Skipped phase3 of Reference Processing due to unavailable references
[12.952s][debug][gc,age       ] GC(76) Desired survivor size 15400960 bytes, new threshold 6 (max threshold 6)
[12.952s][info ][gc,heap      ] GC(76) ParNew: 263826K->17409K(270976K)
[12.952s][info ][gc,heap      ] GC(76) CMS: 185910K->186594K(602112K)
[12.952s][info ][gc,metaspace ] GC(76) Metaspace: 47595K->47595K(1093632K)
[12.952s][info ][gc           ] GC(76) Pause Young (Allocation Failure) 439M->199M(852M) 8.415ms
[12.952s][info ][gc,cpu       ] GC(76) User=0.03s Sys=0.00s Real=0.01s
[12.952s][info ][safepoint    ] Leaving safepoint region
[12.952s][info ][safepoint    ] Total time for which application threads were stopped: 0.0088614 seconds, Stopping threads took: 0.0002401 seconds
[12.981s][info ][safepoint    ] Application time: 0.0288720 seconds
[12.981s][info ][safepoint    ] Entering safepoint region: RevokeBias
[12.982s][info ][safepoint    ] Leaving safepoint region
[12.982s][info ][safepoint    ] Total time for which application threads were stopped: 0.0003927 seconds, Stopping threads took: 0.0002300 seconds
[13.016s][info ][safepoint    ] Application time: 0.0339106 seconds
[13.025s][info ][safepoint    ] Entering safepoint region: GenCollectForAllocation
[13.025s][info ][gc,start     ] GC(77) Pause Young (Allocation Failure)
[13.025s][info ][gc,task      ] GC(77) Using 4 workers of 4 for evacuation
[13.033s][debug][gc,ref       ] GC(77) Skipped phase1 of Reference Processing due to unavailable references
[13.033s][debug][gc,ref       ] GC(77) Skipped phase3 of Reference Processing due to unavailable references
[13.033s][debug][gc,age       ] GC(77) Desired survivor size 15400960 bytes, new threshold 6 (max threshold 6)
[13.033s][info ][gc,heap      ] GC(77) ParNew: 258305K->22859K(270976K)
[13.033s][info ][gc,heap      ] GC(77) CMS: 186594K->188563K(602112K)
[13.034s][info ][gc,metaspace ] GC(77) Metaspace: 47606K->47606K(1093632K)
[13.034s][info ][gc           ] GC(77) Pause Young (Allocation Failure) 434M->206M(852M) 8.093ms
[13.034s][info ][gc,cpu       ] GC(77) User=0.03s Sys=0.00s Real=0.01s
[13.034s][info ][safepoint    ] Leaving safepoint region
[13.034s][info ][safepoint    ] Total time for which application threads were stopped: 0.0179479 seconds, Stopping threads took: 0.0096230 seconds
[13.092s][info ][safepoint    ] Application time: 0.0587819 seconds
[13.098s][info ][safepoint    ] Entering safepoint region: GenCollectForAllocation
[13.098s][info ][gc,start     ] GC(78) Pause Young (Allocation Failure)
[13.098s][info ][gc,task      ] GC(78) Using 4 workers of 4 for evacuation
[13.117s][debug][gc,ref       ] GC(78) Skipped phase1 of Reference Processing due to unavailable references
[13.117s][debug][gc,ref       ] GC(78) Skipped phase3 of Reference Processing due to unavailable references
[13.117s][debug][gc,age       ] GC(78) Desired survivor size 15400960 bytes, new threshold 6 (max threshold 6)
[13.117s][info ][gc,heap      ] GC(78) ParNew: 263755K->13718K(270976K)
[13.117s][info ][gc,heap      ] GC(78) CMS: 188563K->192119K(602112K)
[13.117s][info ][gc,metaspace ] GC(78) Metaspace: 47610K->47610K(1093632K)
[13.117s][info ][gc           ] GC(78) Pause Young (Allocation Failure) 441M->201M(852M) 18.983ms
[13.117s][info ][gc,cpu       ] GC(78) User=0.02s Sys=0.02s Real=0.02s
[13.117s][info ][safepoint    ] Leaving safepoint region
[13.117s][info ][safepoint    ] Total time for which application threads were stopped: 0.0246516 seconds, Stopping threads took: 0.0054308 seconds
[13.200s][info ][safepoint    ] Application time: 0.0828539 seconds
[13.200s][info ][safepoint    ] Entering safepoint region: GenCollectForAllocation
[13.200s][info ][gc,start     ] GC(79) Pause Young (Allocation Failure)
[13.200s][info ][gc,task      ] GC(79) Using 4 workers of 4 for evacuation
[13.209s][debug][gc,ref       ] GC(79) Skipped phase1 of Reference Processing due to unavailable references
[13.209s][debug][gc,ref       ] GC(79) Skipped phase3 of Reference Processing due to unavailable references
[13.209s][debug][gc,ref       ] GC(79) Skipped phase4 of Reference Processing due to unavailable references
[13.209s][debug][gc,age       ] GC(79) Desired survivor size 15400960 bytes, new threshold 6 (max threshold 6)
[13.209s][info ][gc,heap      ] GC(79) ParNew: 254614K->18262K(270976K)
[13.209s][info ][gc,heap      ] GC(79) CMS: 192119K->193936K(602112K)
[13.209s][info ][gc,metaspace ] GC(79) Metaspace: 47652K->47652K(1093632K)
[13.209s][info ][gc           ] GC(79) Pause Young (Allocation Failure) 436M->207M(852M) 8.885ms
[13.209s][info ][gc,cpu       ] GC(79) User=0.03s Sys=0.00s Real=0.01s
[13.209s][info ][safepoint    ] Leaving safepoint region
[13.209s][info ][safepoint    ] Total time for which application threads were stopped: 0.0093125 seconds, Stopping threads took: 0.0002048 seconds
[13.233s][info ][safepoint    ] Application time: 0.0236949 seconds
[13.235s][info ][safepoint    ] Entering safepoint region: RevokeBias
[13.235s][info ][safepoint    ] Leaving safepoint region
[13.235s][info ][safepoint    ] Total time for which application threads were stopped: 0.0018936 seconds, Stopping threads took: 0.0017446 seconds
[13.235s][info ][safepoint    ] Application time: 0.0000652 seconds
[13.235s][info ][safepoint    ] Entering safepoint region: RevokeBias
[13.235s][info ][safepoint    ] Leaving safepoint region
[13.235s][info ][safepoint    ] Total time for which application threads were stopped: 0.0001813 seconds, Stopping threads took: 0.0000906 seconds
[13.236s][info ][safepoint    ] Application time: 0.0007899 seconds
[13.240s][info ][safepoint    ] Entering safepoint region: RevokeBias
[13.240s][info ][safepoint    ] Leaving safepoint region
[13.240s][info ][safepoint    ] Total time for which application threads were stopped: 0.0044839 seconds, Stopping threads took: 0.0043558 seconds
[13.274s][info ][safepoint    ] Application time: 0.0338956 seconds
[13.275s][info ][safepoint    ] Entering safepoint region: GenCollectForAllocation
[13.275s][info ][gc,start     ] GC(80) Pause Young (Allocation Failure)
[13.275s][info ][gc,task      ] GC(80) Using 4 workers of 4 for evacuation
[13.285s][debug][gc,ref       ] GC(80) Skipped phase1 of Reference Processing due to unavailable references
[13.285s][debug][gc,ref       ] GC(80) Skipped phase3 of Reference Processing due to unavailable references
[13.285s][debug][gc,age       ] GC(80) Desired survivor size 15400960 bytes, new threshold 6 (max threshold 6)
[13.285s][info ][gc,heap      ] GC(80) ParNew: 259158K->17474K(270976K)
[13.285s][info ][gc,heap      ] GC(80) CMS: 193936K->197435K(602112K)
[13.285s][info ][gc,metaspace ] GC(80) Metaspace: 47665K->47665K(1093632K)
[13.285s][info ][gc           ] GC(80) Pause Young (Allocation Failure) 442M->209M(852M) 10.610ms
[13.285s][info ][gc,cpu       ] GC(80) User=0.03s Sys=0.01s Real=0.01s
[13.285s][info ][safepoint    ] Leaving safepoint region
[13.285s][info ][safepoint    ] Total time for which application threads were stopped: 0.0109447 seconds, Stopping threads took: 0.0001336 seconds
[13.337s][info ][safepoint    ] Application time: 0.0512655 seconds
[13.347s][info ][safepoint    ] Entering safepoint region: GenCollectForAllocation
[13.347s][info ][gc,start     ] GC(81) Pause Young (Allocation Failure)
[13.347s][info ][gc,task      ] GC(81) Using 4 workers of 4 for evacuation
[13.354s][debug][gc,ref       ] GC(81) Skipped phase1 of Reference Processing due to unavailable references
[13.354s][debug][gc,ref       ] GC(81) Skipped phase3 of Reference Processing due to unavailable references
[13.354s][debug][gc,age       ] GC(81) Desired survivor size 15400960 bytes, new threshold 6 (max threshold 6)
[13.354s][info ][gc,heap      ] GC(81) ParNew: 258370K->19196K(270976K)
[13.354s][info ][gc,heap      ] GC(81) CMS: 197435K->198962K(602112K)
[13.354s][info ][gc,metaspace ] GC(81) Metaspace: 47681K->47681K(1093632K)
[13.354s][info ][gc           ] GC(81) Pause Young (Allocation Failure) 445M->213M(852M) 6.741ms
[13.354s][info ][gc,cpu       ] GC(81) User=0.02s Sys=0.00s Real=0.01s
[13.354s][info ][safepoint    ] Leaving safepoint region
[13.354s][info ][safepoint    ] Total time for which application threads were stopped: 0.0174764 seconds, Stopping threads took: 0.0105049 seconds
[13.411s][info ][safepoint    ] Application time: 0.0567150 seconds
[13.412s][info ][safepoint    ] Entering safepoint region: GenCollectForAllocation
[13.413s][info ][gc,start     ] GC(82) Pause Young (Allocation Failure)
[13.413s][info ][gc,task      ] GC(82) Using 4 workers of 4 for evacuation
[13.418s][debug][gc,ref       ] GC(82) Skipped phase1 of Reference Processing due to unavailable references
[13.418s][debug][gc,ref       ] GC(82) Skipped phase3 of Reference Processing due to unavailable references
[13.418s][debug][gc,age       ] GC(82) Desired survivor size 15400960 bytes, new threshold 6 (max threshold 6)
[13.418s][info ][gc,heap      ] GC(82) ParNew: 260092K->15450K(270976K)
[13.418s][info ][gc,heap      ] GC(82) CMS: 198962K->199292K(602112K)
[13.418s][info ][gc,metaspace ] GC(82) Metaspace: 47716K->47716K(1093632K)
[13.418s][info ][gc           ] GC(82) Pause Young (Allocation Failure) 448M->209M(852M) 5.845ms
[13.418s][info ][gc,cpu       ] GC(82) User=0.02s Sys=0.00s Real=0.00s
[13.418s][info ][safepoint    ] Leaving safepoint region
[13.418s][info ][safepoint    ] Total time for which application threads were stopped: 0.0075155 seconds, Stopping threads took: 0.0014317 seconds
[13.471s][info ][safepoint    ] Application time: 0.0525695 seconds
[13.472s][info ][safepoint    ] Entering safepoint region: GenCollectForAllocation
[13.472s][info ][gc,start     ] GC(83) Pause Young (Allocation Failure)
[13.472s][info ][gc,task      ] GC(83) Using 4 workers of 4 for evacuation
[13.480s][debug][gc,ref       ] GC(83) Skipped phase1 of Reference Processing due to unavailable references
[13.480s][debug][gc,ref       ] GC(83) Skipped phase2 of Reference Processing due to unavailable references
[13.480s][debug][gc,ref       ] GC(83) Skipped phase3 of Reference Processing due to unavailable references
[13.480s][debug][gc,ref       ] GC(83) Skipped phase4 of Reference Processing due to unavailable references
[13.480s][debug][gc,age       ] GC(83) Desired survivor size 15400960 bytes, new threshold 6 (max threshold 6)
[13.480s][info ][gc,heap      ] GC(83) ParNew: 256346K->19632K(270976K)
[13.480s][info ][gc,heap      ] GC(83) CMS: 199292K->201932K(602112K)
[13.480s][info ][gc,metaspace ] GC(83) Metaspace: 47721K->47721K(1093632K)
[13.480s][info ][gc           ] GC(83) Pause Young (Allocation Failure) 444M->216M(852M) 8.022ms
[13.480s][info ][gc,cpu       ] GC(83) User=0.03s Sys=0.00s Real=0.00s
[13.480s][info ][safepoint    ] Leaving safepoint region
[13.480s][info ][safepoint    ] Total time for which application threads were stopped: 0.0087705 seconds, Stopping threads took: 0.0005398 seconds
[13.529s][info ][safepoint    ] Application time: 0.0491650 seconds
[13.532s][info ][safepoint    ] Entering safepoint region: GenCollectForAllocation
[13.533s][info ][gc,start     ] GC(84) Pause Young (Allocation Failure)
[13.533s][info ][gc,task      ] GC(84) Using 4 workers of 4 for evacuation
[13.539s][debug][gc,ref       ] GC(84) Skipped phase1 of Reference Processing due to unavailable references
[13.539s][debug][gc,ref       ] GC(84) Skipped phase2 of Reference Processing due to unavailable references
[13.539s][debug][gc,ref       ] GC(84) Skipped phase3 of Reference Processing due to unavailable references
[13.540s][debug][gc,age       ] GC(84) Desired survivor size 15400960 bytes, new threshold 6 (max threshold 6)
[13.540s][info ][gc,heap      ] GC(84) ParNew: 260528K->22165K(270976K)
[13.540s][info ][gc,heap      ] GC(84) CMS: 201932K->203462K(602112K)
[13.540s][info ][gc,metaspace ] GC(84) Metaspace: 47728K->47728K(1093632K)
[13.540s][info ][gc           ] GC(84) Pause Young (Allocation Failure) 451M->220M(852M) 7.017ms
[13.540s][info ][gc,cpu       ] GC(84) User=0.02s Sys=0.00s Real=0.00s
[13.540s][info ][safepoint    ] Leaving safepoint region
[13.540s][info ][safepoint    ] Total time for which application threads were stopped: 0.0106638 seconds, Stopping threads took: 0.0033571 seconds
[13.580s][info ][safepoint    ] Application time: 0.0406670 seconds
[13.584s][info ][safepoint    ] Entering safepoint region: RevokeBias
[13.584s][info ][safepoint    ] Leaving safepoint region
[13.584s][info ][safepoint    ] Total time for which application threads were stopped: 0.0033356 seconds, Stopping threads took: 0.0031582 seconds
[13.584s][info ][safepoint    ] Application time: 0.0000558 seconds
[13.585s][info ][safepoint    ] Entering safepoint region: RevokeBias
[13.585s][info ][safepoint    ] Leaving safepoint region
[13.585s][info ][safepoint    ] Total time for which application threads were stopped: 0.0009871 seconds, Stopping threads took: 0.0008554 seconds
[13.593s][info ][safepoint    ] Application time: 0.0080712 seconds
[13.597s][info ][safepoint    ] Entering safepoint region: RevokeBias
[13.598s][info ][safepoint    ] Leaving safepoint region
[13.598s][info ][safepoint    ] Total time for which application threads were stopped: 0.0046809 seconds, Stopping threads took: 0.0044896 seconds
[13.600s][info ][safepoint    ] Application time: 0.0026647 seconds
[13.601s][info ][safepoint    ] Entering safepoint region: RevokeBias
[13.601s][info ][safepoint    ] Leaving safepoint region
[13.601s][info ][safepoint    ] Total time for which application threads were stopped: 0.0003773 seconds, Stopping threads took: 0.0002692 seconds
[13.629s][info ][safepoint    ] Application time: 0.0285500 seconds
[13.633s][info ][safepoint    ] Entering safepoint region: GenCollectForAllocation
[13.633s][info ][gc,start     ] GC(85) Pause Young (Allocation Failure)
[13.633s][info ][gc,task      ] GC(85) Using 4 workers of 4 for evacuation
[13.647s][debug][gc,ref       ] GC(85) Skipped phase1 of Reference Processing due to unavailable references
[13.647s][debug][gc,ref       ] GC(85) Skipped phase2 of Reference Processing due to unavailable references
[13.647s][debug][gc,ref       ] GC(85) Skipped phase3 of Reference Processing due to unavailable references
[13.647s][debug][gc,age       ] GC(85) Desired survivor size 15400960 bytes, new threshold 6 (max threshold 6)
[13.648s][info ][gc,heap      ] GC(85) ParNew: 263061K->24008K(270976K)
[13.648s][info ][gc,heap      ] GC(85) CMS: 203462K->206139K(602112K)
[13.648s][info ][gc,metaspace ] GC(85) Metaspace: 47729K->47729K(1093632K)
[13.648s][info ][gc           ] GC(85) Pause Young (Allocation Failure) 455M->224M(852M) 14.555ms
[13.648s][info ][gc,cpu       ] GC(85) User=0.04s Sys=0.00s Real=0.01s
[13.648s][info ][safepoint    ] Leaving safepoint region
[13.648s][info ][safepoint    ] Total time for which application threads were stopped: 0.0183360 seconds, Stopping threads took: 0.0035198 seconds
[13.711s][info ][safepoint    ] Application time: 0.0634416 seconds
[13.712s][info ][safepoint    ] Entering safepoint region: GenCollectForAllocation
[13.712s][info ][gc,start     ] GC(86) Pause Young (Allocation Failure)
[13.712s][info ][gc,task      ] GC(86) Using 4 workers of 4 for evacuation
[13.719s][debug][gc,ref       ] GC(86) Skipped phase1 of Reference Processing due to unavailable references
[13.719s][debug][gc,ref       ] GC(86) Skipped phase2 of Reference Processing due to unavailable references
[13.719s][debug][gc,ref       ] GC(86) Skipped phase3 of Reference Processing due to unavailable references
[13.719s][debug][gc,age       ] GC(86) Desired survivor size 15400960 bytes, new threshold 6 (max threshold 6)
[13.719s][info ][gc,heap      ] GC(86) ParNew: 264904K->18343K(270976K)
[13.719s][info ][gc,heap      ] GC(86) CMS: 206139K->208299K(602112K)
[13.719s][info ][gc,metaspace ] GC(86) Metaspace: 47733K->47733K(1093632K)
[13.719s][info ][gc           ] GC(86) Pause Young (Allocation Failure) 460M->221M(852M) 7.390ms
[13.719s][info ][gc,cpu       ] GC(86) User=0.02s Sys=0.00s Real=0.00s
[13.719s][info ][safepoint    ] Leaving safepoint region
[13.719s][info ][safepoint    ] Total time for which application threads were stopped: 0.0083542 seconds, Stopping threads took: 0.0007413 seconds
[13.765s][info ][safepoint    ] Application time: 0.0457840 seconds
[13.765s][info ][safepoint    ] Entering safepoint region: GenCollectForAllocation
[13.766s][info ][gc,start     ] GC(87) Pause Young (Allocation Failure)
[13.766s][info ][gc,task      ] GC(87) Using 4 workers of 4 for evacuation
[13.774s][debug][gc,ref       ] GC(87) Skipped phase1 of Reference Processing due to unavailable references
[13.774s][debug][gc,ref       ] GC(87) Skipped phase2 of Reference Processing due to unavailable references
[13.774s][debug][gc,ref       ] GC(87) Skipped phase3 of Reference Processing due to unavailable references
[13.774s][debug][gc,age       ] GC(87) Desired survivor size 15400960 bytes, new threshold 6 (max threshold 6)
[13.774s][info ][gc,heap      ] GC(87) ParNew: 259239K->23951K(270976K)
[13.774s][info ][gc,heap      ] GC(87) CMS: 208299K->210081K(602112K)
[13.774s][info ][gc,metaspace ] GC(87) Metaspace: 47740K->47740K(1093632K)
[13.774s][info ][gc           ] GC(87) Pause Young (Allocation Failure) 456M->228M(852M) 8.104ms
[13.774s][info ][gc,cpu       ] GC(87) User=0.03s Sys=0.00s Real=0.01s
[13.774s][info ][safepoint    ] Leaving safepoint region
[13.774s][info ][safepoint    ] Total time for which application threads were stopped: 0.0086591 seconds, Stopping threads took: 0.0002319 seconds
[13.838s][info ][safepoint    ] Application time: 0.0637148 seconds
[13.838s][info ][safepoint    ] Entering safepoint region: GenCollectForAllocation
[13.838s][info ][gc,start     ] GC(88) Pause Young (Allocation Failure)
[13.838s][info ][gc,task      ] GC(88) Using 4 workers of 4 for evacuation
[13.848s][debug][gc,ref       ] GC(88) Skipped phase1 of Reference Processing due to unavailable references
[13.848s][debug][gc,ref       ] GC(88) Skipped phase2 of Reference Processing due to unavailable references
[13.848s][debug][gc,ref       ] GC(88) Skipped phase3 of Reference Processing due to unavailable references
[13.848s][debug][gc,age       ] GC(88) Desired survivor size 15400960 bytes, new threshold 6 (max threshold 6)
[13.848s][info ][gc,heap      ] GC(88) ParNew: 264847K->19495K(270976K)
[13.848s][info ][gc,heap      ] GC(88) CMS: 210081K->212115K(602112K)
[13.848s][info ][gc,metaspace ] GC(88) Metaspace: 47745K->47745K(1093632K)
[13.848s][info ][gc           ] GC(88) Pause Young (Allocation Failure) 463M->226M(852M) 9.839ms
[13.848s][info ][gc,cpu       ] GC(88) User=0.03s Sys=0.00s Real=0.01s
[13.848s][info ][safepoint    ] Leaving safepoint region
[13.848s][info ][safepoint    ] Total time for which application threads were stopped: 0.0102332 seconds, Stopping threads took: 0.0001853 seconds
[13.931s][info ][safepoint    ] Application time: 0.0830558 seconds
[13.932s][info ][safepoint    ] Entering safepoint region: GenCollectForAllocation
[13.933s][info ][gc,start     ] GC(89) Pause Young (Allocation Failure)
[13.933s][info ][gc,task      ] GC(89) Using 4 workers of 4 for evacuation
[13.943s][debug][gc,ref       ] GC(89) Skipped phase1 of Reference Processing due to unavailable references
[13.943s][debug][gc,ref       ] GC(89) Skipped phase2 of Reference Processing due to unavailable references
[13.943s][debug][gc,ref       ] GC(89) Skipped phase3 of Reference Processing due to unavailable references
[13.943s][debug][gc,age       ] GC(89) Desired survivor size 15400960 bytes, new threshold 6 (max threshold 6)
[13.943s][info ][gc,heap      ] GC(89) ParNew: 260391K->24957K(270976K)
[13.943s][info ][gc,heap      ] GC(89) CMS: 212115K->215216K(602112K)
[13.943s][info ][gc,metaspace ] GC(89) Metaspace: 47747K->47747K(1093632K)
[13.943s][info ][gc           ] GC(89) Pause Young (Allocation Failure) 461M->234M(852M) 10.286ms
[13.943s][info ][gc,cpu       ] GC(89) User=0.03s Sys=0.00s Real=0.01s
[13.943s][info ][safepoint    ] Leaving safepoint region
[13.943s][info ][safepoint    ] Total time for which application threads were stopped: 0.0119645 seconds, Stopping threads took: 0.0014655 seconds
[14.001s][info ][safepoint    ] Application time: 0.0580217 seconds
[14.001s][info ][safepoint    ] Entering safepoint region: GenCollectForAllocation
[14.001s][info ][gc,start     ] GC(90) Pause Young (Allocation Failure)
[14.001s][info ][gc,task      ] GC(90) Using 4 workers of 4 for evacuation
[14.015s][debug][gc,ref       ] GC(90) Skipped phase1 of Reference Processing due to unavailable references
[14.015s][debug][gc,ref       ] GC(90) Skipped phase2 of Reference Processing due to unavailable references
[14.015s][debug][gc,ref       ] GC(90) Skipped phase3 of Reference Processing due to unavailable references
[14.015s][debug][gc,ref       ] GC(90) Skipped phase4 of Reference Processing due to unavailable references
[14.015s][debug][gc,age       ] GC(90) Desired survivor size 15400960 bytes, new threshold 6 (max threshold 6)
[14.015s][info ][gc,heap      ] GC(90) ParNew: 265853K->19361K(270976K)
[14.015s][info ][gc,heap      ] GC(90) CMS: 215216K->217682K(602112K)
[14.015s][info ][gc,metaspace ] GC(90) Metaspace: 47747K->47747K(1093632K)
[14.015s][info ][gc           ] GC(90) Pause Young (Allocation Failure) 469M->231M(852M) 13.703ms
[14.015s][info ][gc,cpu       ] GC(90) User=0.05s Sys=0.00s Real=0.01s
[14.015s][info ][safepoint    ] Leaving safepoint region
[14.015s][info ][safepoint    ] Total time for which application threads were stopped: 0.0141181 seconds, Stopping threads took: 0.0001940 seconds
[14.058s][info ][safepoint    ] Application time: 0.0432418 seconds
[14.058s][info ][safepoint    ] Entering safepoint region: GenCollectForAllocation
[14.059s][info ][gc,start     ] GC(91) Pause Young (Allocation Failure)
[14.059s][info ][gc,task      ] GC(91) Using 4 workers of 4 for evacuation
[14.069s][debug][gc,ref       ] GC(91) Skipped phase1 of Reference Processing due to unavailable references
[14.069s][debug][gc,ref       ] GC(91) Skipped phase2 of Reference Processing due to unavailable references
[14.069s][debug][gc,ref       ] GC(91) Skipped phase3 of Reference Processing due to unavailable references
[14.069s][debug][gc,ref       ] GC(91) Skipped phase4 of Reference Processing due to unavailable references
[14.069s][debug][gc,age       ] GC(91) Desired survivor size 15400960 bytes, new threshold 6 (max threshold 6)
[14.069s][info ][gc,heap      ] GC(91) ParNew: 260257K->18198K(270976K)
[14.069s][info ][gc,heap      ] GC(91) CMS: 217682K->221332K(602112K)
[14.069s][info ][gc,metaspace ] GC(91) Metaspace: 47752K->47752K(1093632K)
[14.069s][info ][gc           ] GC(91) Pause Young (Allocation Failure) 466M->233M(852M) 10.271ms
[14.069s][info ][gc,cpu       ] GC(91) User=0.03s Sys=0.00s Real=0.02s
[14.069s][info ][safepoint    ] Leaving safepoint region
[14.069s][info ][safepoint    ] Total time for which application threads were stopped: 0.0105544 seconds, Stopping threads took: 0.0000919 seconds
[14.133s][info ][safepoint    ] Application time: 0.0637096 seconds
[14.134s][info ][safepoint    ] Entering safepoint region: GenCollectForAllocation
[14.134s][info ][gc,start     ] GC(92) Pause Young (Allocation Failure)
[14.134s][info ][gc,task      ] GC(92) Using 4 workers of 4 for evacuation
[14.142s][debug][gc,ref       ] GC(92) Skipped phase1 of Reference Processing due to unavailable references
[14.142s][debug][gc,ref       ] GC(92) Skipped phase2 of Reference Processing due to unavailable references
[14.142s][debug][gc,ref       ] GC(92) Skipped phase3 of Reference Processing due to unavailable references
[14.142s][debug][gc,ref       ] GC(92) Skipped phase4 of Reference Processing due to unavailable references
[14.142s][debug][gc,age       ] GC(92) Desired survivor size 15400960 bytes, new threshold 6 (max threshold 6)
[14.142s][info ][gc,heap      ] GC(92) ParNew: 259094K->19503K(270976K)
[14.142s][info ][gc,heap      ] GC(92) CMS: 221332K->221806K(602112K)
[14.142s][info ][gc,metaspace ] GC(92) Metaspace: 47752K->47752K(1093632K)
[14.142s][info ][gc           ] GC(92) Pause Young (Allocation Failure) 469M->235M(852M) 8.105ms
[14.142s][info ][gc,cpu       ] GC(92) User=0.03s Sys=0.00s Real=0.01s
[14.142s][info ][safepoint    ] Leaving safepoint region
[14.142s][info ][safepoint    ] Total time for which application threads were stopped: 0.0094208 seconds, Stopping threads took: 0.0011064 seconds
[14.192s][info ][safepoint    ] Application time: 0.0496823 seconds
[14.193s][info ][safepoint    ] Entering safepoint region: GenCollectForAllocation
[14.193s][info ][gc,start     ] GC(93) Pause Young (Allocation Failure)
[14.193s][info ][gc,task      ] GC(93) Using 4 workers of 4 for evacuation
[14.201s][debug][gc,ref       ] GC(93) Skipped phase1 of Reference Processing due to unavailable references
[14.201s][debug][gc,ref       ] GC(93) Skipped phase2 of Reference Processing due to unavailable references
[14.201s][debug][gc,ref       ] GC(93) Skipped phase3 of Reference Processing due to unavailable references
[14.201s][debug][gc,ref       ] GC(93) Skipped phase4 of Reference Processing due to unavailable references
[14.201s][debug][gc,age       ] GC(93) Desired survivor size 15400960 bytes, new threshold 6 (max threshold 6)
[14.202s][info ][gc,heap      ] GC(93) ParNew: 260399K->17401K(270976K)
[14.202s][info ][gc,heap      ] GC(93) CMS: 221806K->224225K(602112K)
[14.202s][info ][gc,metaspace ] GC(93) Metaspace: 47759K->47759K(1093632K)
[14.202s][info ][gc           ] GC(93) Pause Young (Allocation Failure) 470M->235M(852M) 8.698ms
[14.202s][info ][gc,cpu       ] GC(93) User=0.02s Sys=0.00s Real=0.01s
[14.202s][info ][safepoint    ] Leaving safepoint region
[14.202s][info ][safepoint    ] Total time for which application threads were stopped: 0.0097138 seconds, Stopping threads took: 0.0007928 seconds
[14.250s][info ][safepoint    ] Application time: 0.0479222 seconds
[14.254s][info ][safepoint    ] Entering safepoint region: GenCollectForAllocation
[14.254s][info ][gc,start     ] GC(94) Pause Young (Allocation Failure)
[14.254s][info ][gc,task      ] GC(94) Using 4 workers of 4 for evacuation
[14.263s][debug][gc,ref       ] GC(94) Skipped phase1 of Reference Processing due to unavailable references
[14.263s][debug][gc,ref       ] GC(94) Skipped phase3 of Reference Processing due to unavailable references
[14.263s][debug][gc,age       ] GC(94) Desired survivor size 15400960 bytes, new threshold 6 (max threshold 6)
[14.263s][info ][gc,heap      ] GC(94) ParNew: 258297K->16615K(270976K)
[14.263s][info ][gc,heap      ] GC(94) CMS: 224225K->228469K(602112K)
[14.263s][info ][gc,metaspace ] GC(94) Metaspace: 47772K->47772K(1093632K)
[14.263s][info ][gc           ] GC(94) Pause Young (Allocation Failure) 471M->239M(852M) 9.032ms
[14.263s][info ][gc,cpu       ] GC(94) User=0.03s Sys=0.00s Real=0.01s
[14.263s][info ][safepoint    ] Leaving safepoint region
[14.263s][info ][safepoint    ] Total time for which application threads were stopped: 0.0138841 seconds, Stopping threads took: 0.0046329 seconds
[14.326s][info ][safepoint    ] Application time: 0.0627486 seconds
[14.332s][info ][safepoint    ] Entering safepoint region: Deoptimize
[14.333s][info ][safepoint    ] Leaving safepoint region
[14.333s][info ][safepoint    ] Total time for which application threads were stopped: 0.0071546 seconds, Stopping threads took: 0.0061086 seconds
[14.361s][info ][safepoint    ] Application time: 0.0274776 seconds
[14.362s][info ][safepoint    ] Entering safepoint region: GenCollectForAllocation
[14.362s][info ][gc,start     ] GC(95) Pause Young (Allocation Failure)
[14.362s][info ][gc,task      ] GC(95) Using 4 workers of 4 for evacuation
[14.369s][debug][gc,ref       ] GC(95) Skipped phase1 of Reference Processing due to unavailable references
[14.369s][debug][gc,ref       ] GC(95) Skipped phase3 of Reference Processing due to unavailable references
[14.369s][debug][gc,age       ] GC(95) Desired survivor size 15400960 bytes, new threshold 6 (max threshold 6)
[14.369s][info ][gc,heap      ] GC(95) ParNew: 257511K->11116K(270976K)
[14.369s][info ][gc,heap      ] GC(95) CMS: 228469K->231356K(602112K)
[14.369s][info ][gc,metaspace ] GC(95) Metaspace: 47896K->47896K(1093632K)
[14.369s][info ][gc           ] GC(95) Pause Young (Allocation Failure) 474M->236M(852M) 6.971ms
[14.369s][info ][gc,cpu       ] GC(95) User=0.02s Sys=0.00s Real=0.01s
[14.369s][info ][safepoint    ] Leaving safepoint region
[14.369s][info ][safepoint    ] Total time for which application threads were stopped: 0.0079960 seconds, Stopping threads took: 0.0008026 seconds
[14.398s][info ][safepoint    ] Application time: 0.0291016 seconds
[14.408s][info ][safepoint    ] Entering safepoint region: RevokeBias
[14.408s][info ][safepoint    ] Leaving safepoint region
[14.408s][info ][safepoint    ] Total time for which application threads were stopped: 0.0103998 seconds, Stopping threads took: 0.0102176 seconds
[14.472s][info ][safepoint    ] Application time: 0.0637301 seconds
[14.476s][info ][safepoint    ] Entering safepoint region: GenCollectForAllocation
[14.477s][info ][gc,start     ] GC(96) Pause Young (Allocation Failure)
[14.477s][info ][gc,task      ] GC(96) Using 4 workers of 4 for evacuation
[14.492s][debug][gc,ref       ] GC(96) Skipped phase1 of Reference Processing due to unavailable references
[14.492s][debug][gc,ref       ] GC(96) Skipped phase3 of Reference Processing due to unavailable references
[14.492s][debug][gc,age       ] GC(96) Desired survivor size 15400960 bytes, new threshold 6 (max threshold 6)
[14.492s][info ][gc,heap      ] GC(96) ParNew: 252012K->15284K(270976K)
[14.492s][info ][gc,heap      ] GC(96) CMS: 231356K->232106K(602112K)
[14.492s][info ][gc,metaspace ] GC(96) Metaspace: 47971K->47971K(1093632K)
[14.492s][info ][gc           ] GC(96) Pause Young (Allocation Failure) 472M->241M(852M) 15.856ms
[14.493s][info ][gc,cpu       ] GC(96) User=0.03s Sys=0.00s Real=0.02s
[14.493s][info ][safepoint    ] Leaving safepoint region
[14.493s][info ][safepoint    ] Total time for which application threads were stopped: 0.0203256 seconds, Stopping threads took: 0.0042196 seconds
[14.573s][info ][safepoint    ] Application time: 0.0805423 seconds
[14.574s][info ][safepoint    ] Entering safepoint region: GenCollectForAllocation
[14.574s][info ][gc,start     ] GC(97) Pause Young (Allocation Failure)
[14.574s][info ][gc,task      ] GC(97) Using 4 workers of 4 for evacuation
[14.582s][debug][gc,ref       ] GC(97) Skipped phase1 of Reference Processing due to unavailable references
[14.582s][debug][gc,ref       ] GC(97) Skipped phase3 of Reference Processing due to unavailable references
[14.582s][debug][gc,age       ] GC(97) Desired survivor size 15400960 bytes, new threshold 6 (max threshold 6)
[14.582s][info ][gc,heap      ] GC(97) ParNew: 256180K->20364K(270976K)
[14.582s][info ][gc,heap      ] GC(97) CMS: 232106K->233975K(602112K)
[14.582s][info ][gc,metaspace ] GC(97) Metaspace: 48074K->48074K(1093632K)
[14.582s][info ][gc           ] GC(97) Pause Young (Allocation Failure) 476M->248M(852M) 8.673ms
[14.582s][info ][gc,cpu       ] GC(97) User=0.04s Sys=0.00s Real=0.01s
[14.583s][info ][safepoint    ] Leaving safepoint region
[14.583s][info ][safepoint    ] Total time for which application threads were stopped: 0.0094003 seconds, Stopping threads took: 0.0004908 seconds
[14.644s][info ][safepoint    ] Application time: 0.0617243 seconds
[14.651s][info ][safepoint    ] Entering safepoint region: GenCollectForAllocation
[14.651s][info ][gc,start     ] GC(98) Pause Young (Allocation Failure)
[14.651s][info ][gc,task      ] GC(98) Using 4 workers of 4 for evacuation
[14.662s][debug][gc,ref       ] GC(98) Skipped phase1 of Reference Processing due to unavailable references
[14.662s][debug][gc,ref       ] GC(98) Skipped phase3 of Reference Processing due to unavailable references
[14.662s][debug][gc,ref       ] GC(98) Skipped phase4 of Reference Processing due to unavailable references
[14.662s][debug][gc,age       ] GC(98) Desired survivor size 15400960 bytes, new threshold 6 (max threshold 6)
[14.662s][info ][gc,heap      ] GC(98) ParNew: 261260K->18233K(270976K)
[14.662s][info ][gc,heap      ] GC(98) CMS: 233975K->236215K(602112K)
[14.662s][info ][gc,metaspace ] GC(98) Metaspace: 48080K->48080K(1093632K)
[14.662s][info ][gc           ] GC(98) Pause Young (Allocation Failure) 483M->248M(852M) 10.867ms
[14.662s][info ][gc,cpu       ] GC(98) User=0.03s Sys=0.00s Real=0.01s
[14.662s][info ][safepoint    ] Leaving safepoint region
[14.662s][info ][safepoint    ] Total time for which application threads were stopped: 0.0176336 seconds, Stopping threads took: 0.0065190 seconds
[14.723s][info ][safepoint    ] Application time: 0.0606321 seconds
[14.723s][info ][safepoint    ] Entering safepoint region: GenCollectForAllocation
[14.723s][info ][gc,start     ] GC(99) Pause Young (Allocation Failure)
[14.723s][info ][gc,task      ] GC(99) Using 4 workers of 4 for evacuation
[14.731s][debug][gc,ref       ] GC(99) Skipped phase1 of Reference Processing due to unavailable references
[14.731s][debug][gc,ref       ] GC(99) Skipped phase3 of Reference Processing due to unavailable references
[14.731s][debug][gc,age       ] GC(99) Desired survivor size 15400960 bytes, new threshold 6 (max threshold 6)
[14.731s][info ][gc,heap      ] GC(99) ParNew: 259129K->15366K(270976K)
[14.731s][info ][gc,heap      ] GC(99) CMS: 236215K->237438K(602112K)
[14.731s][info ][gc,metaspace ] GC(99) Metaspace: 48429K->48429K(1093632K)
[14.731s][info ][gc           ] GC(99) Pause Young (Allocation Failure) 483M->246M(852M) 8.092ms
[14.731s][info ][gc,cpu       ] GC(99) User=0.03s Sys=0.00s Real=0.01s
[14.731s][info ][safepoint    ] Leaving safepoint region
[14.731s][info ][safepoint    ] Total time for which application threads were stopped: 0.0086674 seconds, Stopping threads took: 0.0002072 seconds
[14.814s][info ][safepoint    ] Application time: 0.0830330 seconds
[14.820s][info ][safepoint    ] Entering safepoint region: GenCollectForAllocation
[14.820s][info ][gc,start     ] GC(100) Pause Young (Allocation Failure)
[14.820s][info ][gc,task      ] GC(100) Using 4 workers of 4 for evacuation
[14.830s][debug][gc,ref       ] GC(100) Skipped phase1 of Reference Processing due to unavailable references
[14.830s][debug][gc,ref       ] GC(100) Skipped phase3 of Reference Processing due to unavailable references
[14.830s][debug][gc,age       ] GC(100) Desired survivor size 15400960 bytes, new threshold 6 (max threshold 6)
[14.830s][info ][gc,heap      ] GC(100) ParNew: 256262K->17132K(270976K)
[14.830s][info ][gc,heap      ] GC(100) CMS: 237438K->238947K(602112K)
[14.830s][info ][gc,metaspace ] GC(100) Metaspace: 48499K->48499K(1093632K)
[14.830s][info ][gc           ] GC(100) Pause Young (Allocation Failure) 482M->250M(852M) 9.831ms
[14.830s][info ][gc,cpu       ] GC(100) User=0.03s Sys=0.00s Real=0.02s
[14.830s][info ][safepoint    ] Leaving safepoint region
[14.830s][info ][safepoint    ] Total time for which application threads were stopped: 0.0157018 seconds, Stopping threads took: 0.0056608 seconds
[14.926s][info ][safepoint    ] Application time: 0.0957495 seconds
[14.929s][info ][safepoint    ] Entering safepoint region: GenCollectForAllocation
[14.930s][info ][gc,start     ] GC(101) Pause Young (Allocation Failure)
[14.930s][info ][gc,task      ] GC(101) Using 4 workers of 4 for evacuation
[14.935s][debug][gc,ref       ] GC(101) Skipped phase1 of Reference Processing due to unavailable references
[14.935s][debug][gc,ref       ] GC(101) Skipped phase3 of Reference Processing due to unavailable references
[14.935s][debug][gc,age       ] GC(101) Desired survivor size 15400960 bytes, new threshold 6 (max threshold 6)
[14.935s][info ][gc,heap      ] GC(101) ParNew: 258028K->13193K(270976K)
[14.935s][info ][gc,heap      ] GC(101) CMS: 238947K->239207K(602112K)
[14.935s][info ][gc,metaspace ] GC(101) Metaspace: 48740K->48740K(1093632K)
[14.936s][info ][gc           ] GC(101) Pause Young (Allocation Failure) 485M->246M(852M) 5.969ms
[14.936s][info ][gc,cpu       ] GC(101) User=0.03s Sys=0.00s Real=0.00s
[14.936s][info ][safepoint    ] Leaving safepoint region
[14.936s][info ][safepoint    ] Total time for which application threads were stopped: 0.0097503 seconds, Stopping threads took: 0.0035680 seconds
[14.991s][info ][safepoint    ] Application time: 0.0558766 seconds
[15.004s][info ][safepoint    ] Entering safepoint region: GenCollectForAllocation
[15.004s][info ][gc,start     ] GC(102) Pause Young (Allocation Failure)
[15.004s][info ][gc,task      ] GC(102) Using 4 workers of 4 for evacuation
[15.016s][debug][gc,ref       ] GC(102) Skipped phase1 of Reference Processing due to unavailable references
[15.016s][debug][gc,ref       ] GC(102) Skipped phase3 of Reference Processing due to unavailable references
[15.016s][debug][gc,age       ] GC(102) Desired survivor size 15400960 bytes, new threshold 6 (max threshold 6)
[15.016s][info ][gc,heap      ] GC(102) ParNew: 254089K->11524K(270976K)
[15.016s][info ][gc,heap      ] GC(102) CMS: 239207K->242442K(602112K)
[15.016s][info ][gc,metaspace ] GC(102) Metaspace: 48781K->48781K(1093632K)
[15.016s][info ][gc           ] GC(102) Pause Young (Allocation Failure) 481M->248M(852M) 12.211ms
[15.016s][info ][gc,cpu       ] GC(102) User=0.04s Sys=0.01s Real=0.01s
[15.016s][info ][safepoint    ] Leaving safepoint region
[15.016s][info ][safepoint    ] Total time for which application threads were stopped: 0.0249236 seconds, Stopping threads took: 0.0124953 seconds
[15.086s][info ][safepoint    ] Application time: 0.0694955 seconds
[15.086s][info ][safepoint    ] Entering safepoint region: GenCollectForAllocation
[15.086s][info ][gc,start     ] GC(103) Pause Young (Allocation Failure)
[15.086s][info ][gc,task      ] GC(103) Using 4 workers of 4 for evacuation
[15.094s][debug][gc,ref       ] GC(103) Skipped phase1 of Reference Processing due to unavailable references
[15.095s][debug][gc,ref       ] GC(103) Skipped phase3 of Reference Processing due to unavailable references
[15.095s][debug][gc,age       ] GC(103) Desired survivor size 15400960 bytes, new threshold 6 (max threshold 6)
[15.095s][info ][gc,heap      ] GC(103) ParNew: 252420K->7692K(270976K)
[15.095s][info ][gc,heap      ] GC(103) CMS: 242442K->246259K(602112K)
[15.095s][info ][gc,metaspace ] GC(103) Metaspace: 48950K->48950K(1093632K)
[15.095s][info ][gc           ] GC(103) Pause Young (Allocation Failure) 483M->248M(852M) 8.580ms
[15.095s][info ][gc,cpu       ] GC(103) User=0.04s Sys=0.00s Real=0.01s
[15.095s][info ][safepoint    ] Leaving safepoint region
[15.095s][info ][safepoint    ] Total time for which application threads were stopped: 0.0089993 seconds, Stopping threads took: 0.0001280 seconds
[15.170s][info ][safepoint    ] Application time: 0.0748336 seconds
[15.177s][info ][safepoint    ] Entering safepoint region: GenCollectForAllocation
[15.177s][info ][gc,start     ] GC(104) Pause Young (Allocation Failure)
[15.177s][info ][gc,task      ] GC(104) Using 4 workers of 4 for evacuation
[15.182s][debug][gc,ref       ] GC(104) Skipped phase1 of Reference Processing due to unavailable references
[15.182s][debug][gc,ref       ] GC(104) Skipped phase3 of Reference Processing due to unavailable references
[15.182s][debug][gc,age       ] GC(104) Desired survivor size 15400960 bytes, new threshold 6 (max threshold 6)
[15.182s][info ][gc,heap      ] GC(104) ParNew: 248588K->3330K(270976K)
[15.182s][info ][gc,heap      ] GC(104) CMS: 246259K->248141K(602112K)
[15.182s][info ][gc,metaspace ] GC(104) Metaspace: 49037K->49037K(1093632K)
[15.182s][info ][gc           ] GC(104) Pause Young (Allocation Failure) 483M->245M(852M) 5.051ms
[15.182s][info ][gc,cpu       ] GC(104) User=0.02s Sys=0.00s Real=0.01s
[15.182s][info ][safepoint    ] Leaving safepoint region
[15.182s][info ][safepoint    ] Total time for which application threads were stopped: 0.0126043 seconds, Stopping threads took: 0.0073365 seconds
[15.250s][info ][safepoint    ] Application time: 0.0673594 seconds
[15.253s][info ][safepoint    ] Entering safepoint region: GenCollectForAllocation
[15.253s][info ][gc,start     ] GC(105) Pause Young (Allocation Failure)
[15.253s][info ][gc,task      ] GC(105) Using 4 workers of 4 for evacuation
[15.257s][debug][gc,ref       ] GC(105) Skipped phase1 of Reference Processing due to unavailable references
[15.257s][debug][gc,ref       ] GC(105) Skipped phase3 of Reference Processing due to unavailable references
[15.257s][debug][gc,age       ] GC(105) Desired survivor size 15400960 bytes, new threshold 6 (max threshold 6)
[15.257s][info ][gc,heap      ] GC(105) ParNew: 244226K->3087K(270976K)
[15.257s][info ][gc,heap      ] GC(105) CMS: 248141K->248313K(602112K)
[15.257s][info ][gc,metaspace ] GC(105) Metaspace: 49064K->49064K(1093632K)
[15.257s][info ][gc           ] GC(105) Pause Young (Allocation Failure) 480M->245M(852M) 4.509ms
[15.257s][info ][gc,cpu       ] GC(105) User=0.02s Sys=0.00s Real=0.00s
[15.257s][info ][safepoint    ] Leaving safepoint region
[15.257s][info ][safepoint    ] Total time for which application threads were stopped: 0.0076746 seconds, Stopping threads took: 0.0029576 seconds
[15.318s][info ][safepoint    ] Application time: 0.0601828 seconds
[15.318s][info ][safepoint    ] Entering safepoint region: GenCollectForAllocation
[15.318s][info ][gc,start     ] GC(106) Pause Young (Allocation Failure)
[15.318s][info ][gc,task      ] GC(106) Using 4 workers of 4 for evacuation
[15.323s][debug][gc,ref       ] GC(106) Skipped phase1 of Reference Processing due to unavailable references
[15.323s][debug][gc,ref       ] GC(106) Skipped phase3 of Reference Processing due to unavailable references
[15.323s][debug][gc,age       ] GC(106) Desired survivor size 15400960 bytes, new threshold 6 (max threshold 6)
[15.323s][info ][gc,heap      ] GC(106) ParNew: 243983K->3419K(270976K)
[15.323s][info ][gc,heap      ] GC(106) CMS: 248313K->248591K(602112K)
[15.323s][info ][gc,metaspace ] GC(106) Metaspace: 49155K->49155K(1093632K)
[15.323s][info ][gc           ] GC(106) Pause Young (Allocation Failure) 480M->246M(852M) 5.246ms
[15.323s][info ][gc,cpu       ] GC(106) User=0.02s Sys=0.00s Real=0.01s
[15.323s][info ][safepoint    ] Leaving safepoint region
[15.323s][info ][safepoint    ] Total time for which application threads were stopped: 0.0055204 seconds, Stopping threads took: 0.0001001 seconds
[15.358s][info ][safepoint    ] Application time: 0.0342926 seconds
[15.361s][info ][safepoint    ] Entering safepoint region: RevokeBias
[15.361s][info ][safepoint    ] Leaving safepoint region
[15.361s][info ][safepoint    ] Total time for which application threads were stopped: 0.0033902 seconds, Stopping threads took: 0.0032135 seconds
[15.370s][info ][safepoint    ] Application time: 0.0086183 seconds
[15.370s][info ][safepoint    ] Entering safepoint region: RevokeBias
[15.370s][info ][safepoint    ] Leaving safepoint region
[15.370s][info ][safepoint    ] Total time for which application threads were stopped: 0.0002280 seconds, Stopping threads took: 0.0000451 seconds
[15.385s][info ][safepoint    ] Application time: 0.0148489 seconds
[15.385s][info ][safepoint    ] Entering safepoint region: RevokeBias
[15.385s][info ][safepoint    ] Leaving safepoint region
[15.385s][info ][safepoint    ] Total time for which application threads were stopped: 0.0007066 seconds, Stopping threads took: 0.0005372 seconds
[15.402s][info ][safepoint    ] Application time: 0.0163604 seconds
[15.402s][info ][safepoint    ] Entering safepoint region: RevokeBias
[15.402s][info ][safepoint    ] Leaving safepoint region
[15.402s][info ][safepoint    ] Total time for which application threads were stopped: 0.0003729 seconds, Stopping threads took: 0.0001939 seconds
[15.419s][info ][safepoint    ] Application time: 0.0168450 seconds
[15.419s][info ][safepoint    ] Entering safepoint region: GenCollectForAllocation
[15.419s][info ][gc,start     ] GC(107) Pause Young (Allocation Failure)
[15.420s][info ][gc,task      ] GC(107) Using 4 workers of 4 for evacuation
[15.424s][debug][gc,ref       ] GC(107) Skipped phase1 of Reference Processing due to unavailable references
[15.424s][debug][gc,ref       ] GC(107) Skipped phase3 of Reference Processing due to unavailable references
[15.424s][debug][gc,age       ] GC(107) Desired survivor size 15400960 bytes, new threshold 6 (max threshold 6)
[15.424s][info ][gc,heap      ] GC(107) ParNew: 244315K->3603K(270976K)
[15.424s][info ][gc,heap      ] GC(107) CMS: 248591K->249159K(602112K)
[15.424s][info ][gc,metaspace ] GC(107) Metaspace: 49377K->49377K(1093632K)
[15.424s][info ][gc           ] GC(107) Pause Young (Allocation Failure) 481M->246M(852M) 4.930ms
[15.424s][info ][gc,cpu       ] GC(107) User=0.02s Sys=0.00s Real=0.01s
[15.424s][info ][safepoint    ] Leaving safepoint region
[15.424s][info ][safepoint    ] Total time for which application threads were stopped: 0.0054172 seconds, Stopping threads took: 0.0002599 seconds
[15.501s][info ][safepoint    ] Application time: 0.0764285 seconds
[15.501s][info ][safepoint    ] Entering safepoint region: GenCollectForAllocation
[15.501s][info ][gc,start     ] GC(108) Pause Young (Allocation Failure)
[15.501s][info ][gc,task      ] GC(108) Using 4 workers of 4 for evacuation
[15.507s][debug][gc,ref       ] GC(108) Skipped phase1 of Reference Processing due to unavailable references
[15.507s][debug][gc,ref       ] GC(108) Skipped phase3 of Reference Processing due to unavailable references
[15.507s][debug][gc,age       ] GC(108) Desired survivor size 15400960 bytes, new threshold 6 (max threshold 6)
[15.507s][info ][gc,heap      ] GC(108) ParNew: 244499K->2730K(270976K)
[15.507s][info ][gc,heap      ] GC(108) CMS: 249159K->249362K(602112K)
[15.507s][info ][gc,metaspace ] GC(108) Metaspace: 49673K->49673K(1095680K)
[15.507s][info ][gc           ] GC(108) Pause Young (Allocation Failure) 482M->246M(852M) 6.024ms
[15.507s][info ][gc,cpu       ] GC(108) User=0.02s Sys=0.00s Real=0.00s
[15.507s][info ][safepoint    ] Leaving safepoint region
[15.507s][info ][safepoint    ] Total time for which application threads were stopped: 0.0064724 seconds, Stopping threads took: 0.0002057 seconds
[15.532s][info ][safepoint    ] Application time: 0.0241047 seconds
[15.532s][info ][safepoint    ] Entering safepoint region: Deoptimize
[15.533s][info ][safepoint    ] Leaving safepoint region
[15.533s][info ][safepoint    ] Total time for which application threads were stopped: 0.0012768 seconds, Stopping threads took: 0.0001857 seconds
[15.584s][info ][safepoint    ] Application time: 0.0506773 seconds
[15.584s][info ][safepoint    ] Entering safepoint region: GenCollectForAllocation
[15.585s][info ][gc,start     ] GC(109) Pause Young (Allocation Failure)
[15.585s][info ][gc,task      ] GC(109) Using 4 workers of 4 for evacuation
[15.589s][debug][gc,ref       ] GC(109) Skipped phase1 of Reference Processing due to unavailable references
[15.589s][debug][gc,ref       ] GC(109) Skipped phase3 of Reference Processing due to unavailable references
[15.589s][debug][gc,age       ] GC(109) Desired survivor size 15400960 bytes, new threshold 6 (max threshold 6)
[15.589s][info ][gc,heap      ] GC(109) ParNew: 243626K->2316K(270976K)
[15.589s][info ][gc,heap      ] GC(109) CMS: 249362K->249921K(602112K)
[15.589s][info ][gc,metaspace ] GC(109) Metaspace: 49771K->49771K(1095680K)
[15.589s][info ][gc           ] GC(109) Pause Young (Allocation Failure) 481M->246M(852M) 4.564ms
[15.589s][info ][gc,cpu       ] GC(109) User=0.02s Sys=0.00s Real=0.01s
[15.589s][info ][safepoint    ] Leaving safepoint region
[15.589s][info ][safepoint    ] Total time for which application threads were stopped: 0.0057518 seconds, Stopping threads took: 0.0009642 seconds
[15.625s][info ][safepoint    ] Application time: 0.0359355 seconds
[15.633s][info ][safepoint    ] Entering safepoint region: Deoptimize
[15.634s][info ][safepoint    ] Leaving safepoint region
[15.634s][info ][safepoint    ] Total time for which application threads were stopped: 0.0091210 seconds, Stopping threads took: 0.0079798 seconds
[15.653s][info ][safepoint    ] Application time: 0.0186679 seconds
[15.655s][info ][safepoint    ] Entering safepoint region: GenCollectForAllocation
[15.655s][info ][gc,start     ] GC(110) Pause Young (Allocation Failure)
[15.655s][info ][gc,task      ] GC(110) Using 4 workers of 4 for evacuation
[15.660s][debug][gc,ref       ] GC(110) Skipped phase1 of Reference Processing due to unavailable references
[15.660s][debug][gc,ref       ] GC(110) Skipped phase3 of Reference Processing due to unavailable references
[15.660s][debug][gc,age       ] GC(110) Desired survivor size 15400960 bytes, new threshold 6 (max threshold 6)
[15.660s][info ][gc,heap      ] GC(110) ParNew: 243212K->2023K(270976K)
[15.660s][info ][gc,heap      ] GC(110) CMS: 249921K->250210K(602112K)
[15.660s][info ][gc,metaspace ] GC(110) Metaspace: 49872K->49872K(1095680K)
[15.660s][info ][gc           ] GC(110) Pause Young (Allocation Failure) 481M->246M(852M) 5.010ms
[15.660s][info ][gc,cpu       ] GC(110) User=0.02s Sys=0.00s Real=0.00s
[15.660s][info ][safepoint    ] Leaving safepoint region
[15.660s][info ][safepoint    ] Total time for which application threads were stopped: 0.0067569 seconds, Stopping threads took: 0.0014907 seconds
[15.712s][info ][safepoint    ] Application time: 0.0525571 seconds
[15.713s][info ][safepoint    ] Entering safepoint region: GenCollectForAllocation
[15.713s][info ][gc,start     ] GC(111) Pause Young (Allocation Failure)
[15.713s][info ][gc,task      ] GC(111) Using 4 workers of 4 for evacuation
[15.717s][debug][gc,ref       ] GC(111) Skipped phase1 of Reference Processing due to unavailable references
[15.717s][debug][gc,ref       ] GC(111) Skipped phase3 of Reference Processing due to unavailable references
[15.717s][debug][gc,age       ] GC(111) Desired survivor size 15400960 bytes, new threshold 6 (max threshold 6)
[15.717s][info ][gc,heap      ] GC(111) ParNew: 242919K->1733K(270976K)
[15.717s][info ][gc,heap      ] GC(111) CMS: 250210K->250425K(602112K)
[15.717s][info ][gc,metaspace ] GC(111) Metaspace: 49970K->49970K(1095680K)
[15.717s][info ][gc           ] GC(111) Pause Young (Allocation Failure) 481M->246M(852M) 4.070ms
[15.717s][info ][gc,cpu       ] GC(111) User=0.02s Sys=0.00s Real=0.00s
[15.717s][info ][safepoint    ] Leaving safepoint region
[15.717s][info ][safepoint    ] Total time for which application threads were stopped: 0.0045431 seconds, Stopping threads took: 0.0002858 seconds
[15.773s][info ][safepoint    ] Application time: 0.0561849 seconds
[15.778s][info ][safepoint    ] Entering safepoint region: GenCollectForAllocation
[15.778s][info ][gc,start     ] GC(112) Pause Young (Allocation Failure)
[15.778s][info ][gc,task      ] GC(112) Using 4 workers of 4 for evacuation
[15.783s][debug][gc,ref       ] GC(112) Skipped phase1 of Reference Processing due to unavailable references
[15.783s][debug][gc,ref       ] GC(112) Skipped phase3 of Reference Processing due to unavailable references
[15.783s][debug][gc,ref       ] GC(112) Skipped phase4 of Reference Processing due to unavailable references
[15.783s][debug][gc,age       ] GC(112) Desired survivor size 15400960 bytes, new threshold 6 (max threshold 6)
[15.784s][info ][gc,heap      ] GC(112) ParNew: 242629K->1230K(270976K)
[15.784s][info ][gc,heap      ] GC(112) CMS: 250425K->250999K(602112K)
[15.784s][info ][gc,metaspace ] GC(112) Metaspace: 50037K->50037K(1095680K)
[15.784s][info ][gc           ] GC(112) Pause Young (Allocation Failure) 481M->246M(852M) 5.787ms
[15.784s][info ][gc,cpu       ] GC(112) User=0.02s Sys=0.00s Real=0.01s
[15.784s][info ][safepoint    ] Leaving safepoint region
[15.784s][info ][safepoint    ] Total time for which application threads were stopped: 0.0103914 seconds, Stopping threads took: 0.0044004 seconds
[15.874s][info ][safepoint    ] Application time: 0.0904603 seconds
[15.879s][info ][safepoint    ] Entering safepoint region: GenCollectForAllocation
[15.879s][info ][gc,start     ] GC(113) Pause Young (Allocation Failure)
[15.879s][info ][gc,task      ] GC(113) Using 4 workers of 4 for evacuation
[15.881s][debug][gc,ref       ] GC(113) Skipped phase1 of Reference Processing due to unavailable references
[15.881s][debug][gc,ref       ] GC(113) Skipped phase3 of Reference Processing due to unavailable references
[15.881s][debug][gc,age       ] GC(113) Desired survivor size 15400960 bytes, new threshold 6 (max threshold 6)
[15.881s][info ][gc,heap      ] GC(113) ParNew: 242126K->997K(270976K)
[15.882s][info ][gc,heap      ] GC(113) CMS: 250999K->251146K(602112K)
[15.882s][info ][gc,metaspace ] GC(113) Metaspace: 50239K->50239K(1095680K)
[15.882s][info ][gc           ] GC(113) Pause Young (Allocation Failure) 481M->246M(852M) 2.761ms
[15.882s][info ][gc,cpu       ] GC(113) User=0.01s Sys=0.00s Real=0.01s
[15.882s][info ][safepoint    ] Leaving safepoint region
[15.882s][info ][safepoint    ] Total time for which application threads were stopped: 0.0074932 seconds, Stopping threads took: 0.0044700 seconds
[15.948s][info ][safepoint    ] Application time: 0.0665849 seconds
[15.951s][info ][safepoint    ] Entering safepoint region: GenCollectForAllocation
[15.952s][info ][gc,start     ] GC(114) Pause Young (Allocation Failure)
[15.952s][info ][gc,task      ] GC(114) Using 4 workers of 4 for evacuation
[15.956s][debug][gc,ref       ] GC(114) Skipped phase1 of Reference Processing due to unavailable references
[15.956s][debug][gc,ref       ] GC(114) Skipped phase3 of Reference Processing due to unavailable references
[15.956s][debug][gc,ref       ] GC(114) Skipped phase4 of Reference Processing due to unavailable references
[15.956s][debug][gc,age       ] GC(114) Desired survivor size 15400960 bytes, new threshold 6 (max threshold 6)
[15.956s][info ][gc,heap      ] GC(114) ParNew: 241893K->738K(270976K)
[15.956s][info ][gc,heap      ] GC(114) CMS: 251146K->251312K(602112K)
[15.956s][info ][gc,metaspace ] GC(114) Metaspace: 50270K->50270K(1095680K)
[15.956s][info ][gc           ] GC(114) Pause Young (Allocation Failure) 481M->246M(852M) 4.402ms
[15.956s][info ][gc,cpu       ] GC(114) User=0.01s Sys=0.00s Real=0.00s
[15.956s][info ][safepoint    ] Leaving safepoint region
[15.956s][info ][safepoint    ] Total time for which application threads were stopped: 0.0078174 seconds, Stopping threads took: 0.0031797 seconds
[16.017s][info ][safepoint    ] Application time: 0.0612656 seconds
[16.018s][info ][safepoint    ] Entering safepoint region: GenCollectForAllocation
[16.018s][info ][gc,start     ] GC(115) Pause Young (Allocation Failure)
[16.018s][info ][gc,task      ] GC(115) Using 4 workers of 4 for evacuation
[16.020s][debug][gc,ref       ] GC(115) Skipped phase1 of Reference Processing due to unavailable references
[16.020s][debug][gc,ref       ] GC(115) Skipped phase3 of Reference Processing due to unavailable references
[16.020s][debug][gc,ref       ] GC(115) Skipped phase4 of Reference Processing due to unavailable references
[16.020s][debug][gc,age       ] GC(115) Desired survivor size 15400960 bytes, new threshold 6 (max threshold 6)
[16.020s][info ][gc,heap      ] GC(115) ParNew: 241634K->524K(270976K)
[16.020s][info ][gc,heap      ] GC(115) CMS: 251312K->251391K(602112K)
[16.020s][info ][gc,metaspace ] GC(115) Metaspace: 50322K->50322K(1095680K)
[16.020s][info ][gc           ] GC(115) Pause Young (Allocation Failure) 481M->246M(852M) 2.344ms
[16.020s][info ][gc,cpu       ] GC(115) User=0.01s Sys=0.00s Real=0.00s
[16.020s][info ][safepoint    ] Leaving safepoint region
[16.020s][info ][safepoint    ] Total time for which application threads were stopped: 0.0028038 seconds, Stopping threads took: 0.0001928 seconds
[16.093s][info ][safepoint    ] Application time: 0.0727834 seconds
[16.094s][info ][safepoint    ] Entering safepoint region: GenCollectForAllocation
[16.094s][info ][gc,start     ] GC(116) Pause Young (Allocation Failure)
[16.094s][info ][gc,task      ] GC(116) Using 4 workers of 4 for evacuation
[16.098s][debug][gc,ref       ] GC(116) Skipped phase1 of Reference Processing due to unavailable references
[16.098s][debug][gc,ref       ] GC(116) Skipped phase3 of Reference Processing due to unavailable references
[16.098s][debug][gc,ref       ] GC(116) Skipped phase4 of Reference Processing due to unavailable references
[16.098s][debug][gc,age       ] GC(116) Desired survivor size 15400960 bytes, new threshold 6 (max threshold 6)
[16.098s][info ][gc,heap      ] GC(116) ParNew: 241420K->707K(270976K)
[16.098s][info ][gc,heap      ] GC(116) CMS: 251391K->251468K(602112K)
[16.098s][info ][gc,metaspace ] GC(116) Metaspace: 50369K->50369K(1095680K)
[16.098s][info ][gc           ] GC(116) Pause Young (Allocation Failure) 481M->246M(852M) 3.590ms
[16.098s][info ][gc,cpu       ] GC(116) User=0.01s Sys=0.00s Real=0.00s
[16.098s][info ][safepoint    ] Leaving safepoint region
[16.098s][info ][safepoint    ] Total time for which application threads were stopped: 0.0050251 seconds, Stopping threads took: 0.0012069 seconds
[16.180s][info ][safepoint    ] Application time: 0.0822487 seconds
[16.184s][info ][safepoint    ] Entering safepoint region: GenCollectForAllocation
[16.184s][info ][gc,start     ] GC(117) Pause Young (Allocation Failure)
[16.184s][info ][gc,task      ] GC(117) Using 4 workers of 4 for evacuation
[16.186s][debug][gc,ref       ] GC(117) Skipped phase1 of Reference Processing due to unavailable references
[16.186s][debug][gc,ref       ] GC(117) Skipped phase3 of Reference Processing due to unavailable references
[16.186s][debug][gc,ref       ] GC(117) Skipped phase4 of Reference Processing due to unavailable references
[16.186s][debug][gc,age       ] GC(117) Desired survivor size 15400960 bytes, new threshold 6 (max threshold 6)
[16.186s][info ][gc,heap      ] GC(117) ParNew: 241603K->562K(270976K)
[16.186s][info ][gc,heap      ] GC(117) CMS: 251468K->251533K(602112K)
[16.186s][info ][gc,metaspace ] GC(117) Metaspace: 50403K->50403K(1095680K)
[16.186s][info ][gc           ] GC(117) Pause Young (Allocation Failure) 481M->246M(852M) 2.330ms
[16.186s][info ][gc,cpu       ] GC(117) User=0.01s Sys=0.00s Real=0.00s
[16.186s][info ][safepoint    ] Leaving safepoint region
[16.186s][info ][safepoint    ] Total time for which application threads were stopped: 0.0058170 seconds, Stopping threads took: 0.0032794 seconds
[16.249s][info ][safepoint    ] Application time: 0.0628184 seconds
[16.253s][info ][safepoint    ] Entering safepoint region: GenCollectForAllocation
[16.253s][info ][gc,start     ] GC(118) Pause Young (Allocation Failure)
[16.253s][info ][gc,task      ] GC(118) Using 4 workers of 4 for evacuation
[16.256s][debug][gc,ref       ] GC(118) Skipped phase1 of Reference Processing due to unavailable references
[16.256s][debug][gc,ref       ] GC(118) Skipped phase3 of Reference Processing due to unavailable references
[16.256s][debug][gc,age       ] GC(118) Desired survivor size 15400960 bytes, new threshold 6 (max threshold 6)
[16.256s][info ][gc,heap      ] GC(118) ParNew: 241458K->769K(270976K)
[16.256s][info ][gc,heap      ] GC(118) CMS: 251533K->251573K(602112K)
[16.256s][info ][gc,metaspace ] GC(118) Metaspace: 50438K->50438K(1095680K)
[16.256s][info ][gc           ] GC(118) Pause Young (Allocation Failure) 481M->246M(852M) 2.548ms
[16.256s][info ][gc,cpu       ] GC(118) User=0.01s Sys=0.00s Real=0.00s
[16.256s][info ][safepoint    ] Leaving safepoint region
[16.256s][info ][safepoint    ] Total time for which application threads were stopped: 0.0070046 seconds, Stopping threads took: 0.0042429 seconds
[16.291s][info ][safepoint    ] Application time: 0.0347264 seconds
[16.291s][info ][safepoint    ] Entering safepoint region: GenCollectForAllocation
[16.291s][info ][gc,start     ] GC(119) Pause Young (Allocation Failure)
[16.291s][info ][gc,task      ] GC(119) Using 4 workers of 4 for evacuation
[16.293s][debug][gc,ref       ] GC(119) Skipped phase1 of Reference Processing due to unavailable references
[16.293s][debug][gc,ref       ] GC(119) Skipped phase2 of Reference Processing due to unavailable references
[16.293s][debug][gc,ref       ] GC(119) Skipped phase3 of Reference Processing due to unavailable references
[16.293s][debug][gc,ref       ] GC(119) Skipped phase4 of Reference Processing due to unavailable references
[16.294s][debug][gc,age       ] GC(119) Desired survivor size 15400960 bytes, new threshold 6 (max threshold 6)
[16.294s][info ][gc,heap      ] GC(119) ParNew: 241665K->555K(270976K)
[16.294s][info ][gc,heap      ] GC(119) CMS: 251573K->251673K(602112K)
[16.294s][info ][gc,metaspace ] GC(119) Metaspace: 50452K->50452K(1095680K)
[16.294s][info ][gc           ] GC(119) Pause Young (Allocation Failure) 481M->246M(852M) 2.448ms
[16.294s][info ][gc,cpu       ] GC(119) User=0.01s Sys=0.00s Real=0.00s
[16.294s][info ][safepoint    ] Leaving safepoint region
[16.294s][info ][safepoint    ] Total time for which application threads were stopped: 0.0028715 seconds, Stopping threads took: 0.0001856 seconds
[16.346s][info ][safepoint    ] Application time: 0.0523442 seconds
[16.354s][info ][safepoint    ] Entering safepoint region: GenCollectForAllocation
[16.354s][info ][gc,start     ] GC(120) Pause Young (Allocation Failure)
[16.354s][info ][gc,task      ] GC(120) Using 4 workers of 4 for evacuation
[16.364s][debug][gc,ref       ] GC(120) Skipped phase1 of Reference Processing due to unavailable references
[16.364s][debug][gc,ref       ] GC(120) Skipped phase2 of Reference Processing due to unavailable references
[16.364s][debug][gc,ref       ] GC(120) Skipped phase3 of Reference Processing due to unavailable references
[16.364s][debug][gc,ref       ] GC(120) Skipped phase4 of Reference Processing due to unavailable references
[16.364s][debug][gc,age       ] GC(120) Desired survivor size 15400960 bytes, new threshold 6 (max threshold 6)
[16.364s][info ][gc,heap      ] GC(120) ParNew: 241451K->630K(270976K)
[16.364s][info ][gc,heap      ] GC(120) CMS: 251673K->251704K(602112K)
[16.364s][info ][gc,metaspace ] GC(120) Metaspace: 50480K->50480K(1095680K)
[16.364s][info ][gc           ] GC(120) Pause Young (Allocation Failure) 481M->246M(852M) 10.378ms
[16.365s][info ][gc,cpu       ] GC(120) User=0.03s Sys=0.00s Real=0.01s
[16.365s][info ][safepoint    ] Leaving safepoint region
[16.365s][info ][safepoint    ] Total time for which application threads were stopped: 0.0185453 seconds, Stopping threads took: 0.0079468 seconds
[16.439s][info ][safepoint    ] Application time: 0.0749421 seconds
[16.440s][info ][safepoint    ] Entering safepoint region: GenCollectForAllocation
[16.440s][info ][gc,start     ] GC(121) Pause Young (Allocation Failure)
[16.440s][info ][gc,task      ] GC(121) Using 4 workers of 4 for evacuation
[16.446s][debug][gc,ref       ] GC(121) Skipped phase1 of Reference Processing due to unavailable references
[16.446s][debug][gc,ref       ] GC(121) Skipped phase2 of Reference Processing due to unavailable references
[16.446s][debug][gc,ref       ] GC(121) Skipped phase3 of Reference Processing due to unavailable references
[16.446s][debug][gc,ref       ] GC(121) Skipped phase4 of Reference Processing due to unavailable references
[16.446s][debug][gc,age       ] GC(121) Desired survivor size 15400960 bytes, new threshold 6 (max threshold 6)
[16.446s][info ][gc,heap      ] GC(121) ParNew: 241526K->476K(270976K)
[16.446s][info ][gc,heap      ] GC(121) CMS: 251704K->251737K(602112K)
[16.446s][info ][gc,metaspace ] GC(121) Metaspace: 50500K->50500K(1095680K)
[16.446s][info ][gc           ] GC(121) Pause Young (Allocation Failure) 481M->246M(852M) 6.484ms
[16.446s][info ][gc,cpu       ] GC(121) User=0.00s Sys=0.00s Real=0.01s
[16.446s][info ][safepoint    ] Leaving safepoint region
[16.446s][info ][safepoint    ] Total time for which application threads were stopped: 0.0068311 seconds, Stopping threads took: 0.0001251 seconds
[16.498s][info ][safepoint    ] Application time: 0.0512606 seconds
[16.501s][info ][safepoint    ] Entering safepoint region: GenCollectForAllocation
[16.501s][info ][gc,start     ] GC(122) Pause Young (Allocation Failure)
[16.501s][info ][gc,task      ] GC(122) Using 4 workers of 4 for evacuation
[16.503s][debug][gc,ref       ] GC(122) Skipped phase1 of Reference Processing due to unavailable references
[16.503s][debug][gc,ref       ] GC(122) Skipped phase2 of Reference Processing due to unavailable references
[16.503s][debug][gc,ref       ] GC(122) Skipped phase3 of Reference Processing due to unavailable references
[16.503s][debug][gc,ref       ] GC(122) Skipped phase4 of Reference Processing due to unavailable references
[16.503s][debug][gc,age       ] GC(122) Desired survivor size 15400960 bytes, new threshold 6 (max threshold 6)
[16.503s][info ][gc,heap      ] GC(122) ParNew: 241372K->586K(270976K)
[16.503s][info ][gc,heap      ] GC(122) CMS: 251737K->251814K(602112K)
[16.503s][info ][gc,metaspace ] GC(122) Metaspace: 50512K->50512K(1095680K)
[16.503s][info ][gc           ] GC(122) Pause Young (Allocation Failure) 481M->246M(852M) 2.088ms
[16.503s][info ][gc,cpu       ] GC(122) User=0.01s Sys=0.00s Real=0.00s
[16.503s][info ][safepoint    ] Leaving safepoint region
[16.503s][info ][safepoint    ] Total time for which application threads were stopped: 0.0055164 seconds, Stopping threads took: 0.0031799 seconds
[16.552s][info ][safepoint    ] Application time: 0.0489236 seconds
[16.561s][info ][safepoint    ] Entering safepoint region: GenCollectForAllocation
[16.561s][info ][gc,start     ] GC(123) Pause Young (Allocation Failure)
[16.561s][info ][gc,task      ] GC(123) Using 4 workers of 4 for evacuation
[16.563s][debug][gc,ref       ] GC(123) Skipped phase1 of Reference Processing due to unavailable references
[16.563s][debug][gc,ref       ] GC(123) Skipped phase2 of Reference Processing due to unavailable references
[16.563s][debug][gc,ref       ] GC(123) Skipped phase3 of Reference Processing due to unavailable references
[16.563s][debug][gc,ref       ] GC(123) Skipped phase4 of Reference Processing due to unavailable references
[16.563s][debug][gc,age       ] GC(123) Desired survivor size 15400960 bytes, new threshold 6 (max threshold 6)
[16.563s][info ][gc,heap      ] GC(123) ParNew: 241482K->550K(270976K)
[16.563s][info ][gc,heap      ] GC(123) CMS: 251814K->251872K(602112K)
[16.563s][info ][gc,metaspace ] GC(123) Metaspace: 50512K->50512K(1095680K)
[16.563s][info ][gc           ] GC(123) Pause Young (Allocation Failure) 481M->246M(852M) 1.881ms
[16.563s][info ][gc,cpu       ] GC(123) User=0.01s Sys=0.00s Real=0.00s
[16.563s][info ][safepoint    ] Leaving safepoint region
[16.563s][info ][safepoint    ] Total time for which application threads were stopped: 0.0106828 seconds, Stopping threads took: 0.0085583 seconds
[16.614s][info ][safepoint    ] Application time: 0.0507091 seconds
[16.617s][info ][safepoint    ] Entering safepoint region: GenCollectForAllocation
[16.617s][info ][gc,start     ] GC(124) Pause Young (Allocation Failure)
[16.617s][info ][gc,task      ] GC(124) Using 4 workers of 4 for evacuation
[16.620s][debug][gc,ref       ] GC(124) Skipped phase1 of Reference Processing due to unavailable references
[16.620s][debug][gc,ref       ] GC(124) Skipped phase2 of Reference Processing due to unavailable references
[16.620s][debug][gc,ref       ] GC(124) Skipped phase3 of Reference Processing due to unavailable references
[16.620s][debug][gc,ref       ] GC(124) Skipped phase4 of Reference Processing due to unavailable references
[16.620s][debug][gc,age       ] GC(124) Desired survivor size 15400960 bytes, new threshold 6 (max threshold 6)
[16.620s][info ][gc,heap      ] GC(124) ParNew: 241446K->424K(270976K)
[16.620s][info ][gc,heap      ] GC(124) CMS: 251872K->251908K(602112K)
[16.620s][info ][gc,metaspace ] GC(124) Metaspace: 50522K->50522K(1095680K)
[16.620s][info ][gc           ] GC(124) Pause Young (Allocation Failure) 481M->246M(852M) 2.608ms
[16.620s][info ][gc,cpu       ] GC(124) User=0.00s Sys=0.00s Real=0.00s
[16.620s][info ][safepoint    ] Leaving safepoint region
[16.620s][info ][safepoint    ] Total time for which application threads were stopped: 0.0063885 seconds, Stopping threads took: 0.0035715 seconds
[16.667s][info ][safepoint    ] Application time: 0.0471716 seconds
[16.668s][info ][safepoint    ] Entering safepoint region: GenCollectForAllocation
[16.669s][info ][gc,start     ] GC(125) Pause Young (Allocation Failure)
[16.669s][info ][gc,task      ] GC(125) Using 4 workers of 4 for evacuation
[16.671s][debug][gc,ref       ] GC(125) Skipped phase1 of Reference Processing due to unavailable references
[16.671s][debug][gc,ref       ] GC(125) Skipped phase2 of Reference Processing due to unavailable references
[16.671s][debug][gc,ref       ] GC(125) Skipped phase3 of Reference Processing due to unavailable references
[16.671s][debug][gc,ref       ] GC(125) Skipped phase4 of Reference Processing due to unavailable references
[16.671s][debug][gc,age       ] GC(125) Desired survivor size 15400960 bytes, new threshold 6 (max threshold 6)
[16.671s][info ][gc,heap      ] GC(125) ParNew: 241320K->462K(270976K)
[16.671s][info ][gc,heap      ] GC(125) CMS: 251908K->251926K(602112K)
[16.671s][info ][gc,metaspace ] GC(125) Metaspace: 50523K->50523K(1095680K)
[16.671s][info ][gc           ] GC(125) Pause Young (Allocation Failure) 481M->246M(852M) 2.325ms
[16.671s][info ][gc,cpu       ] GC(125) User=0.00s Sys=0.00s Real=0.00s
[16.671s][info ][safepoint    ] Leaving safepoint region
[16.671s][info ][safepoint    ] Total time for which application threads were stopped: 0.0036660 seconds, Stopping threads took: 0.0011548 seconds
[16.723s][info ][safepoint    ] Application time: 0.0521042 seconds
[16.723s][info ][safepoint    ] Entering safepoint region: GenCollectForAllocation
[16.723s][info ][gc,start     ] GC(126) Pause Young (Allocation Failure)
[16.723s][info ][gc,task      ] GC(126) Using 4 workers of 4 for evacuation
[16.725s][debug][gc,ref       ] GC(126) Skipped phase1 of Reference Processing due to unavailable references
[16.725s][debug][gc,ref       ] GC(126) Skipped phase2 of Reference Processing due to unavailable references
[16.725s][debug][gc,ref       ] GC(126) Skipped phase3 of Reference Processing due to unavailable references
[16.725s][debug][gc,ref       ] GC(126) Skipped phase4 of Reference Processing due to unavailable references
[16.725s][debug][gc,age       ] GC(126) Desired survivor size 15400960 bytes, new threshold 6 (max threshold 6)
[16.725s][info ][gc,heap      ] GC(126) ParNew: 241358K->516K(270976K)
[16.725s][info ][gc,heap      ] GC(126) CMS: 251926K->251976K(602112K)
[16.725s][info ][gc,metaspace ] GC(126) Metaspace: 50530K->50530K(1095680K)
[16.725s][info ][gc           ] GC(126) Pause Young (Allocation Failure) 481M->246M(852M) 2.026ms
[16.725s][info ][gc,cpu       ] GC(126) User=0.01s Sys=0.00s Real=0.00s
[16.725s][info ][safepoint    ] Leaving safepoint region
[16.725s][info ][safepoint    ] Total time for which application threads were stopped: 0.0024643 seconds, Stopping threads took: 0.0002071 seconds
[16.797s][info ][safepoint    ] Application time: 0.0711066 seconds
[16.797s][info ][safepoint    ] Entering safepoint region: GenCollectForAllocation
[16.797s][info ][gc,start     ] GC(127) Pause Young (Allocation Failure)
[16.797s][info ][gc,task      ] GC(127) Using 4 workers of 4 for evacuation
[16.800s][debug][gc,ref       ] GC(127) Skipped phase1 of Reference Processing due to unavailable references
[16.800s][debug][gc,ref       ] GC(127) Skipped phase2 of Reference Processing due to unavailable references
[16.800s][debug][gc,ref       ] GC(127) Skipped phase3 of Reference Processing due to unavailable references
[16.800s][debug][gc,ref       ] GC(127) Skipped phase4 of Reference Processing due to unavailable references
[16.800s][debug][gc,age       ] GC(127) Desired survivor size 15400960 bytes, new threshold 6 (max threshold 6)
[16.800s][info ][gc,heap      ] GC(127) ParNew: 241412K->413K(270976K)
[16.800s][info ][gc,heap      ] GC(127) CMS: 251976K->252038K(602112K)
[16.800s][info ][gc,metaspace ] GC(127) Metaspace: 50557K->50557K(1095680K)
[16.800s][info ][gc           ] GC(127) Pause Young (Allocation Failure) 481M->246M(852M) 2.332ms
[16.800s][info ][gc,cpu       ] GC(127) User=0.01s Sys=0.00s Real=0.00s
[16.800s][info ][safepoint    ] Leaving safepoint region
[16.800s][info ][safepoint    ] Total time for which application threads were stopped: 0.0032076 seconds, Stopping threads took: 0.0006201 seconds
[16.869s][info ][safepoint    ] Application time: 0.0688298 seconds
[16.870s][info ][safepoint    ] Entering safepoint region: GenCollectForAllocation
[16.870s][info ][gc,start     ] GC(128) Pause Young (Allocation Failure)
[16.870s][info ][gc,task      ] GC(128) Using 4 workers of 4 for evacuation
[16.872s][debug][gc,ref       ] GC(128) Skipped phase1 of Reference Processing due to unavailable references
[16.872s][debug][gc,ref       ] GC(128) Skipped phase2 of Reference Processing due to unavailable references
[16.872s][debug][gc,ref       ] GC(128) Skipped phase3 of Reference Processing due to unavailable references
[16.872s][debug][gc,ref       ] GC(128) Skipped phase4 of Reference Processing due to unavailable references
[16.872s][debug][gc,age       ] GC(128) Desired survivor size 15400960 bytes, new threshold 6 (max threshold 6)
[16.872s][info ][gc,heap      ] GC(128) ParNew: 241309K->511K(270976K)
[16.872s][info ][gc,heap      ] GC(128) CMS: 252038K->252074K(602112K)
[16.872s][info ][gc,metaspace ] GC(128) Metaspace: 50563K->50563K(1095680K)
[16.872s][info ][gc           ] GC(128) Pause Young (Allocation Failure) 481M->246M(852M) 2.093ms
[16.872s][info ][gc,cpu       ] GC(128) User=0.01s Sys=0.00s Real=0.00s
[16.872s][info ][safepoint    ] Leaving safepoint region
[16.872s][info ][safepoint    ] Total time for which application threads were stopped: 0.0033256 seconds, Stopping threads took: 0.0008445 seconds
[16.884s][info ][safepoint    ] Application time: 0.0122445 seconds
[16.885s][info ][safepoint    ] Entering safepoint region: ICBufferFull
[16.885s][info ][safepoint    ] Leaving safepoint region
[16.885s][info ][safepoint    ] Total time for which application threads were stopped: 0.0007981 seconds, Stopping threads took: 0.0004295 seconds
[16.932s][info ][safepoint    ] Application time: 0.0467378 seconds
[16.936s][info ][safepoint    ] Entering safepoint region: GenCollectForAllocation
[16.937s][info ][gc,start     ] GC(129) Pause Young (Allocation Failure)
[16.937s][info ][gc,task      ] GC(129) Using 4 workers of 4 for evacuation
[16.939s][debug][gc,ref       ] GC(129) Skipped phase1 of Reference Processing due to unavailable references
[16.939s][debug][gc,ref       ] GC(129) Skipped phase2 of Reference Processing due to unavailable references
[16.939s][debug][gc,ref       ] GC(129) Skipped phase3 of Reference Processing due to unavailable references
[16.939s][debug][gc,ref       ] GC(129) Skipped phase4 of Reference Processing due to unavailable references
[16.939s][debug][gc,age       ] GC(129) Desired survivor size 15400960 bytes, new threshold 6 (max threshold 6)
[16.939s][info ][gc,heap      ] GC(129) ParNew: 241407K->504K(270976K)
[16.939s][info ][gc,heap      ] GC(129) CMS: 252074K->252105K(602112K)
[16.939s][info ][gc,metaspace ] GC(129) Metaspace: 50579K->50579K(1095680K)
[16.939s][info ][gc           ] GC(129) Pause Young (Allocation Failure) 481M->246M(852M) 2.236ms
[16.939s][info ][gc,cpu       ] GC(129) User=0.01s Sys=0.00s Real=0.00s
[16.939s][info ][safepoint    ] Leaving safepoint region
[16.939s][info ][safepoint    ] Total time for which application threads were stopped: 0.0069431 seconds, Stopping threads took: 0.0044701 seconds
[17.006s][info ][safepoint    ] Application time: 0.0675074 seconds
[17.006s][info ][safepoint    ] Entering safepoint region: GenCollectForAllocation
[17.007s][info ][gc,start     ] GC(130) Pause Young (Allocation Failure)
[17.007s][info ][gc,task      ] GC(130) Using 4 workers of 4 for evacuation
[17.008s][debug][gc,ref       ] GC(130) Skipped phase1 of Reference Processing due to unavailable references
[17.008s][debug][gc,ref       ] GC(130) Skipped phase2 of Reference Processing due to unavailable references
[17.008s][debug][gc,ref       ] GC(130) Skipped phase3 of Reference Processing due to unavailable references
[17.008s][debug][gc,ref       ] GC(130) Skipped phase4 of Reference Processing due to unavailable references
[17.008s][debug][gc,age       ] GC(130) Desired survivor size 15400960 bytes, new threshold 6 (max threshold 6)
[17.008s][info ][gc,heap      ] GC(130) ParNew: 241400K->534K(270976K)
[17.008s][info ][gc,heap      ] GC(130) CMS: 252105K->252140K(602112K)
[17.008s][info ][gc,metaspace ] GC(130) Metaspace: 50581K->50581K(1095680K)
[17.008s][info ][gc           ] GC(130) Pause Young (Allocation Failure) 481M->246M(852M) 1.783ms
[17.008s][info ][gc,cpu       ] GC(130) User=0.02s Sys=0.00s Real=0.01s
[17.008s][info ][safepoint    ] Leaving safepoint region
[17.008s][info ][safepoint    ] Total time for which application threads were stopped: 0.0021142 seconds, Stopping threads took: 0.0001501 seconds
[17.061s][info ][safepoint    ] Application time: 0.0525752 seconds
[17.061s][info ][safepoint    ] Entering safepoint region: GenCollectForAllocation
[17.061s][info ][gc,start     ] GC(131) Pause Young (Allocation Failure)
[17.061s][info ][gc,task      ] GC(131) Using 4 workers of 4 for evacuation
[17.063s][debug][gc,ref       ] GC(131) Skipped phase1 of Reference Processing due to unavailable references
[17.063s][debug][gc,ref       ] GC(131) Skipped phase2 of Reference Processing due to unavailable references
[17.063s][debug][gc,ref       ] GC(131) Skipped phase3 of Reference Processing due to unavailable references
[17.063s][debug][gc,ref       ] GC(131) Skipped phase4 of Reference Processing due to unavailable references
[17.063s][debug][gc,age       ] GC(131) Desired survivor size 15400960 bytes, new threshold 6 (max threshold 6)
[17.063s][info ][gc,heap      ] GC(131) ParNew: 241430K->529K(270976K)
[17.063s][info ][gc,heap      ] GC(131) CMS: 252140K->252160K(602112K)
[17.063s][info ][gc,metaspace ] GC(131) Metaspace: 50589K->50589K(1095680K)
[17.063s][info ][gc           ] GC(131) Pause Young (Allocation Failure) 482M->246M(852M) 1.806ms
[17.063s][info ][gc,cpu       ] GC(131) User=0.00s Sys=0.00s Real=0.00s
[17.063s][info ][safepoint    ] Leaving safepoint region
[17.063s][info ][safepoint    ] Total time for which application threads were stopped: 0.0021807 seconds, Stopping threads took: 0.0001837 seconds
[17.115s][info ][safepoint    ] Application time: 0.0522362 seconds
[17.116s][info ][safepoint    ] Entering safepoint region: GenCollectForAllocation
[17.116s][info ][gc,start     ] GC(132) Pause Young (Allocation Failure)
[17.116s][info ][gc,task      ] GC(132) Using 4 workers of 4 for evacuation
[17.118s][debug][gc,ref       ] GC(132) Skipped phase1 of Reference Processing due to unavailable references
[17.118s][debug][gc,ref       ] GC(132) Skipped phase2 of Reference Processing due to unavailable references
[17.118s][debug][gc,ref       ] GC(132) Skipped phase3 of Reference Processing due to unavailable references
[17.118s][debug][gc,ref       ] GC(132) Skipped phase4 of Reference Processing due to unavailable references
[17.118s][debug][gc,age       ] GC(132) Desired survivor size 15400960 bytes, new threshold 6 (max threshold 6)
[17.118s][info ][gc,heap      ] GC(132) ParNew: 241425K->550K(270976K)
[17.118s][info ][gc,heap      ] GC(132) CMS: 252160K->252176K(602112K)
[17.118s][info ][gc,metaspace ] GC(132) Metaspace: 50592K->50592K(1095680K)
[17.118s][info ][gc           ] GC(132) Pause Young (Allocation Failure) 482M->246M(852M) 2.039ms
[17.118s][info ][gc,cpu       ] GC(132) User=0.01s Sys=0.00s Real=0.00s
[17.118s][info ][safepoint    ] Leaving safepoint region
[17.118s][info ][safepoint    ] Total time for which application threads were stopped: 0.0024336 seconds, Stopping threads took: 0.0001898 seconds
[17.167s][info ][safepoint    ] Application time: 0.0494226 seconds
[17.168s][info ][safepoint    ] Entering safepoint region: GenCollectForAllocation
[17.168s][info ][gc,start     ] GC(133) Pause Young (Allocation Failure)
[17.168s][info ][gc,task      ] GC(133) Using 4 workers of 4 for evacuation
[17.170s][debug][gc,ref       ] GC(133) Skipped phase1 of Reference Processing due to unavailable references
[17.170s][debug][gc,ref       ] GC(133) Skipped phase2 of Reference Processing due to unavailable references
[17.170s][debug][gc,ref       ] GC(133) Skipped phase3 of Reference Processing due to unavailable references
[17.170s][debug][gc,ref       ] GC(133) Skipped phase4 of Reference Processing due to unavailable references
[17.170s][debug][gc,age       ] GC(133) Desired survivor size 15400960 bytes, new threshold 6 (max threshold 6)
[17.170s][info ][gc,heap      ] GC(133) ParNew: 241446K->384K(270976K)
[17.170s][info ][gc,heap      ] GC(133) CMS: 252176K->252280K(602112K)
[17.170s][info ][gc,metaspace ] GC(133) Metaspace: 50592K->50592K(1095680K)
[17.170s][info ][gc           ] GC(133) Pause Young (Allocation Failure) 482M->246M(852M) 2.053ms
[17.170s][info ][gc,cpu       ] GC(133) User=0.00s Sys=0.00s Real=0.01s
[17.170s][info ][safepoint    ] Leaving safepoint region
[17.170s][info ][safepoint    ] Total time for which application threads were stopped: 0.0024383 seconds, Stopping threads took: 0.0001804 seconds
[17.220s][info ][safepoint    ] Application time: 0.0497259 seconds
[17.228s][info ][safepoint    ] Entering safepoint region: GenCollectForAllocation
[17.228s][info ][gc,start     ] GC(134) Pause Young (Allocation Failure)
[17.228s][info ][gc,task      ] GC(134) Using 4 workers of 4 for evacuation
[17.230s][debug][gc,ref       ] GC(134) Skipped phase1 of Reference Processing due to unavailable references
[17.230s][debug][gc,ref       ] GC(134) Skipped phase2 of Reference Processing due to unavailable references
[17.230s][debug][gc,ref       ] GC(134) Skipped phase3 of Reference Processing due to unavailable references
[17.230s][debug][gc,ref       ] GC(134) Skipped phase4 of Reference Processing due to unavailable references
[17.230s][debug][gc,age       ] GC(134) Desired survivor size 15400960 bytes, new threshold 6 (max threshold 6)
[17.230s][info ][gc,heap      ] GC(134) ParNew: 241280K->561K(270976K)
[17.230s][info ][gc,heap      ] GC(134) CMS: 252280K->252323K(602112K)
[17.230s][info ][gc,metaspace ] GC(134) Metaspace: 50604K->50604K(1095680K)
[17.230s][info ][gc           ] GC(134) Pause Young (Allocation Failure) 481M->246M(852M) 2.164ms
[17.230s][info ][gc,cpu       ] GC(134) User=0.01s Sys=0.00s Real=0.01s
[17.230s][info ][safepoint    ] Leaving safepoint region
[17.230s][info ][safepoint    ] Total time for which application threads were stopped: 0.0106873 seconds, Stopping threads took: 0.0083106 seconds
[17.275s][info ][safepoint    ] Application time: 0.0445551 seconds
[17.276s][info ][safepoint    ] Entering safepoint region: GenCollectForAllocation
[17.277s][info ][gc,start     ] GC(135) Pause Young (Allocation Failure)
[17.277s][info ][gc,task      ] GC(135) Using 4 workers of 4 for evacuation
[17.279s][debug][gc,ref       ] GC(135) Skipped phase1 of Reference Processing due to unavailable references
[17.279s][debug][gc,ref       ] GC(135) Skipped phase2 of Reference Processing due to unavailable references
[17.279s][debug][gc,ref       ] GC(135) Skipped phase3 of Reference Processing due to unavailable references
[17.279s][debug][gc,ref       ] GC(135) Skipped phase4 of Reference Processing due to unavailable references
[17.279s][debug][gc,age       ] GC(135) Desired survivor size 15400960 bytes, new threshold 6 (max threshold 6)
[17.279s][info ][gc,heap      ] GC(135) ParNew: 241457K->440K(270976K)
[17.279s][info ][gc,heap      ] GC(135) CMS: 252323K->252356K(602112K)
[17.279s][info ][gc,metaspace ] GC(135) Metaspace: 50609K->50609K(1095680K)
[17.279s][info ][gc           ] GC(135) Pause Young (Allocation Failure) 482M->246M(852M) 2.801ms
[17.279s][info ][gc,cpu       ] GC(135) User=0.01s Sys=0.00s Real=0.00s
[17.279s][info ][safepoint    ] Leaving safepoint region
[17.279s][info ][safepoint    ] Total time for which application threads were stopped: 0.0044493 seconds, Stopping threads took: 0.0014263 seconds
[17.337s][info ][safepoint    ] Application time: 0.0573994 seconds
[17.340s][info ][safepoint    ] Entering safepoint region: GenCollectForAllocation
[17.340s][info ][gc,start     ] GC(136) Pause Young (Allocation Failure)
[17.340s][info ][gc,task      ] GC(136) Using 4 workers of 4 for evacuation
[17.343s][debug][gc,ref       ] GC(136) Skipped phase1 of Reference Processing due to unavailable references
[17.343s][debug][gc,ref       ] GC(136) Skipped phase3 of Reference Processing due to unavailable references
[17.343s][debug][gc,age       ] GC(136) Desired survivor size 15400960 bytes, new threshold 6 (max threshold 6)
[17.343s][info ][gc,heap      ] GC(136) ParNew: 241336K->412K(270976K)
[17.343s][info ][gc,heap      ] GC(136) CMS: 252356K->252384K(602112K)
[17.343s][info ][gc,metaspace ] GC(136) Metaspace: 50611K->50611K(1095680K)
[17.343s][info ][gc           ] GC(136) Pause Young (Allocation Failure) 482M->246M(852M) 3.200ms
[17.343s][info ][gc,cpu       ] GC(136) User=0.01s Sys=0.00s Real=0.01s
[17.343s][info ][safepoint    ] Leaving safepoint region
[17.343s][info ][safepoint    ] Total time for which application threads were stopped: 0.0065448 seconds, Stopping threads took: 0.0031151 seconds
[17.447s][info ][safepoint    ] Application time: 0.1035000 seconds
[17.452s][info ][safepoint    ] Entering safepoint region: GenCollectForAllocation
[17.452s][info ][gc,start     ] GC(137) Pause Young (Allocation Failure)
[17.453s][info ][gc,task      ] GC(137) Using 4 workers of 4 for evacuation
[17.455s][debug][gc,ref       ] GC(137) Skipped phase1 of Reference Processing due to unavailable references
[17.455s][debug][gc,ref       ] GC(137) Skipped phase2 of Reference Processing due to unavailable references
[17.455s][debug][gc,ref       ] GC(137) Skipped phase3 of Reference Processing due to unavailable references
[17.455s][debug][gc,ref       ] GC(137) Skipped phase4 of Reference Processing due to unavailable references
[17.455s][debug][gc,age       ] GC(137) Desired survivor size 15400960 bytes, new threshold 6 (max threshold 6)
[17.455s][info ][gc,heap      ] GC(137) ParNew: 241308K->430K(270976K)
[17.455s][info ][gc,heap      ] GC(137) CMS: 252384K->252420K(602112K)
[17.455s][info ][gc,metaspace ] GC(137) Metaspace: 50633K->50633K(1095680K)
[17.455s][info ][gc           ] GC(137) Pause Young (Allocation Failure) 482M->246M(852M) 2.694ms
[17.455s][info ][gc,cpu       ] GC(137) User=0.00s Sys=0.00s Real=0.00s
[17.455s][info ][safepoint    ] Leaving safepoint region
[17.455s][info ][safepoint    ] Total time for which application threads were stopped: 0.0082942 seconds, Stopping threads took: 0.0053946 seconds
[17.518s][info ][safepoint    ] Application time: 0.0630015 seconds
[17.518s][info ][safepoint    ] Entering safepoint region: GenCollectForAllocation
[17.519s][info ][gc,start     ] GC(138) Pause Young (Allocation Failure)
[17.519s][info ][gc,task      ] GC(138) Using 4 workers of 4 for evacuation
[17.520s][debug][gc,ref       ] GC(138) Skipped phase1 of Reference Processing due to unavailable references
[17.520s][debug][gc,ref       ] GC(138) Skipped phase2 of Reference Processing due to unavailable references
[17.520s][debug][gc,ref       ] GC(138) Skipped phase3 of Reference Processing due to unavailable references
[17.521s][debug][gc,ref       ] GC(138) Skipped phase4 of Reference Processing due to unavailable references
[17.521s][debug][gc,age       ] GC(138) Desired survivor size 15400960 bytes, new threshold 6 (max threshold 6)
[17.521s][info ][gc,heap      ] GC(138) ParNew: 241326K->514K(270976K)
[17.521s][info ][gc,heap      ] GC(138) CMS: 252420K->252445K(602112K)
[17.521s][info ][gc,metaspace ] GC(138) Metaspace: 50633K->50633K(1095680K)
[17.521s][info ][gc           ] GC(138) Pause Young (Allocation Failure) 482M->247M(852M) 2.084ms
[17.521s][info ][gc,cpu       ] GC(138) User=0.01s Sys=0.00s Real=0.01s
[17.521s][info ][safepoint    ] Leaving safepoint region
[17.521s][info ][safepoint    ] Total time for which application threads were stopped: 0.0024474 seconds, Stopping threads took: 0.0001734 seconds
[17.567s][info ][safepoint    ] Application time: 0.0463946 seconds
[17.567s][info ][safepoint    ] Entering safepoint region: GenCollectForAllocation
[17.567s][info ][gc,start     ] GC(139) Pause Young (Allocation Failure)
[17.567s][info ][gc,task      ] GC(139) Using 4 workers of 4 for evacuation
[17.569s][debug][gc,ref       ] GC(139) Skipped phase1 of Reference Processing due to unavailable references
[17.569s][debug][gc,ref       ] GC(139) Skipped phase2 of Reference Processing due to unavailable references
[17.569s][debug][gc,ref       ] GC(139) Skipped phase3 of Reference Processing due to unavailable references
[17.569s][debug][gc,ref       ] GC(139) Skipped phase4 of Reference Processing due to unavailable references
[17.569s][debug][gc,age       ] GC(139) Desired survivor size 15400960 bytes, new threshold 6 (max threshold 6)
[17.569s][info ][gc,heap      ] GC(139) ParNew: 241410K->534K(270976K)
[17.569s][info ][gc,heap      ] GC(139) CMS: 252445K->252464K(602112K)
[17.569s][info ][gc,metaspace ] GC(139) Metaspace: 50634K->50634K(1095680K)
[17.569s][info ][gc           ] GC(139) Pause Young (Allocation Failure) 482M->247M(852M) 1.847ms
[17.569s][info ][gc,cpu       ] GC(139) User=0.00s Sys=0.00s Real=0.01s
[17.569s][info ][safepoint    ] Leaving safepoint region
[17.569s][info ][safepoint    ] Total time for which application threads were stopped: 0.0022141 seconds, Stopping threads took: 0.0001592 seconds
[17.605s][info ][safepoint    ] Application time: 0.0354698 seconds
[17.605s][info ][safepoint    ] Entering safepoint region: RevokeBias
[17.605s][info ][safepoint    ] Leaving safepoint region
[17.605s][info ][safepoint    ] Total time for which application threads were stopped: 0.0003992 seconds, Stopping threads took: 0.0002184 seconds
[17.613s][info ][safepoint    ] Application time: 0.0073430 seconds
[17.615s][info ][safepoint    ] Entering safepoint region: RevokeBias
[17.615s][info ][safepoint    ] Leaving safepoint region
[17.615s][info ][safepoint    ] Total time for which application threads were stopped: 0.0022262 seconds, Stopping threads took: 0.0020467 seconds
[17.615s][info ][safepoint    ] Application time: 0.0004279 seconds
[17.615s][info ][safepoint    ] Entering safepoint region: RevokeBias
[17.616s][info ][safepoint    ] Leaving safepoint region
[17.616s][info ][safepoint    ] Total time for which application threads were stopped: 0.0002669 seconds, Stopping threads took: 0.0001343 seconds
[17.632s][info ][safepoint    ] Application time: 0.0163134 seconds
[17.632s][info ][safepoint    ] Entering safepoint region: GenCollectForAllocation
[17.632s][info ][gc,start     ] GC(140) Pause Young (Allocation Failure)
[17.632s][info ][gc,task      ] GC(140) Using 4 workers of 4 for evacuation
[17.640s][debug][gc,ref       ] GC(140) Skipped phase1 of Reference Processing due to unavailable references
[17.640s][debug][gc,ref       ] GC(140) Skipped phase3 of Reference Processing due to unavailable references
[17.640s][debug][gc,age       ] GC(140) Desired survivor size 15400960 bytes, new threshold 6 (max threshold 6)
[17.641s][info ][gc,heap      ] GC(140) ParNew: 241430K->589K(270976K)
[17.641s][info ][gc,heap      ] GC(140) CMS: 252464K->252512K(602112K)
[17.641s][info ][gc,metaspace ] GC(140) Metaspace: 51284K->51284K(1095680K)
[17.641s][info ][gc           ] GC(140) Pause Young (Allocation Failure) 482M->247M(852M) 8.442ms
[17.641s][info ][gc,cpu       ] GC(140) User=0.02s Sys=0.00s Real=0.01s
[17.641s][info ][safepoint    ] Leaving safepoint region
[17.641s][info ][safepoint    ] Total time for which application threads were stopped: 0.0089147 seconds, Stopping threads took: 0.0002103 seconds
[17.716s][info ][safepoint    ] Application time: 0.0748752 seconds
[17.721s][info ][safepoint    ] Entering safepoint region: GenCollectForAllocation
[17.721s][info ][gc,start     ] GC(141) Pause Young (Allocation Failure)
[17.721s][info ][gc,task      ] GC(141) Using 4 workers of 4 for evacuation
[17.724s][debug][gc,ref       ] GC(141) Skipped phase1 of Reference Processing due to unavailable references
[17.724s][debug][gc,ref       ] GC(141) Skipped phase3 of Reference Processing due to unavailable references
[17.724s][debug][gc,age       ] GC(141) Desired survivor size 15400960 bytes, new threshold 6 (max threshold 6)
[17.724s][info ][gc,heap      ] GC(141) ParNew: 241485K->734K(270976K)
[17.724s][info ][gc,heap      ] GC(141) CMS: 252512K->252518K(602112K)
[17.724s][info ][gc,metaspace ] GC(141) Metaspace: 51752K->51752K(1095680K)
[17.724s][info ][gc           ] GC(141) Pause Young (Allocation Failure) 482M->247M(852M) 3.046ms
[17.724s][info ][gc,cpu       ] GC(141) User=0.01s Sys=0.00s Real=0.00s
[17.724s][info ][safepoint    ] Leaving safepoint region
[17.724s][info ][safepoint    ] Total time for which application threads were stopped: 0.0081667 seconds, Stopping threads took: 0.0049149 seconds
[17.737s][info ][safepoint    ] Application time: 0.0135367 seconds
[17.738s][info ][safepoint    ] Entering safepoint region: RevokeBias
[17.738s][info ][safepoint    ] Leaving safepoint region
[17.738s][info ][safepoint    ] Total time for which application threads were stopped: 0.0004002 seconds, Stopping threads took: 0.0002446 seconds
[17.761s][info ][safepoint    ] Application time: 0.0232661 seconds
[17.762s][info ][safepoint    ] Entering safepoint region: RevokeBias
[17.762s][info ][safepoint    ] Leaving safepoint region
[17.762s][info ][safepoint    ] Total time for which application threads were stopped: 0.0008519 seconds, Stopping threads took: 0.0005612 seconds
[17.786s][info ][safepoint    ] Application time: 0.0236716 seconds
[17.786s][info ][safepoint    ] Entering safepoint region: GenCollectForAllocation
[17.786s][info ][gc,start     ] GC(142) Pause Young (Allocation Failure)
[17.786s][info ][gc,task      ] GC(142) Using 4 workers of 4 for evacuation
[17.792s][debug][gc,ref       ] GC(142) Skipped phase1 of Reference Processing due to unavailable references
[17.793s][debug][gc,ref       ] GC(142) Skipped phase3 of Reference Processing due to unavailable references
[17.793s][debug][gc,ref       ] GC(142) Skipped phase4 of Reference Processing due to unavailable references
[17.793s][debug][gc,age       ] GC(142) Desired survivor size 15400960 bytes, new threshold 6 (max threshold 6)
[17.793s][info ][gc,heap      ] GC(142) ParNew: 241630K->908K(270976K)
[17.793s][info ][gc,heap      ] GC(142) CMS: 252518K->252562K(602112K)
[17.793s][info ][gc,metaspace ] GC(142) Metaspace: 52203K->52203K(1097728K)
[17.793s][info ][gc           ] GC(142) Pause Young (Allocation Failure) 482M->247M(852M) 6.483ms
[17.793s][info ][gc,cpu       ] GC(142) User=0.02s Sys=0.00s Real=0.01s
[17.793s][info ][safepoint    ] Leaving safepoint region
[17.793s][info ][safepoint    ] Total time for which application threads were stopped: 0.0070225 seconds, Stopping threads took: 0.0003106 seconds
[17.850s][info ][safepoint    ] Application time: 0.0567174 seconds
[17.853s][info ][safepoint    ] Entering safepoint region: GenCollectForAllocation
[17.853s][info ][gc,start     ] GC(143) Pause Young (Allocation Failure)
[17.853s][info ][gc,task      ] GC(143) Using 4 workers of 4 for evacuation
[17.856s][debug][gc,ref       ] GC(143) Skipped phase1 of Reference Processing due to unavailable references
[17.856s][debug][gc,ref       ] GC(143) Skipped phase3 of Reference Processing due to unavailable references
[17.856s][debug][gc,ref       ] GC(143) Skipped phase4 of Reference Processing due to unavailable references
[17.856s][debug][gc,age       ] GC(143) Desired survivor size 15400960 bytes, new threshold 6 (max threshold 6)
[17.856s][info ][gc,heap      ] GC(143) ParNew: 241804K->1182K(270976K)
[17.856s][info ][gc,heap      ] GC(143) CMS: 252562K->252614K(602112K)
[17.856s][info ][gc,metaspace ] GC(143) Metaspace: 52206K->52206K(1097728K)
[17.856s][info ][gc           ] GC(143) Pause Young (Allocation Failure) 482M->247M(852M) 3.202ms
[17.856s][info ][gc,cpu       ] GC(143) User=0.01s Sys=0.00s Real=0.00s
[17.856s][info ][safepoint    ] Leaving safepoint region
[17.856s][info ][safepoint    ] Total time for which application threads were stopped: 0.0069100 seconds, Stopping threads took: 0.0034615 seconds
[17.903s][info ][safepoint    ] Application time: 0.0461433 seconds
[17.903s][info ][safepoint    ] Entering safepoint region: GenCollectForAllocation
[17.903s][info ][gc,start     ] GC(144) Pause Young (Allocation Failure)
[17.903s][info ][gc,task      ] GC(144) Using 4 workers of 4 for evacuation
[17.905s][debug][gc,ref       ] GC(144) Skipped phase1 of Reference Processing due to unavailable references
[17.905s][debug][gc,ref       ] GC(144) Skipped phase3 of Reference Processing due to unavailable references
[17.905s][debug][gc,ref       ] GC(144) Skipped phase4 of Reference Processing due to unavailable references
[17.906s][debug][gc,age       ] GC(144) Desired survivor size 15400960 bytes, new threshold 6 (max threshold 6)
[17.906s][info ][gc,heap      ] GC(144) ParNew: 242078K->1027K(270976K)
[17.906s][info ][gc,heap      ] GC(144) CMS: 252614K->252656K(602112K)
[17.906s][info ][gc,metaspace ] GC(144) Metaspace: 52206K->52206K(1097728K)
[17.906s][info ][gc           ] GC(144) Pause Young (Allocation Failure) 483M->247M(852M) 2.608ms
[17.906s][info ][gc,cpu       ] GC(144) User=0.02s Sys=0.00s Real=0.00s
[17.906s][info ][safepoint    ] Leaving safepoint region
[17.906s][info ][safepoint    ] Total time for which application threads were stopped: 0.0030200 seconds, Stopping threads took: 0.0001802 seconds
[17.962s][info ][safepoint    ] Application time: 0.0568147 seconds
[17.964s][info ][safepoint    ] Entering safepoint region: GenCollectForAllocation
[17.965s][info ][gc,start     ] GC(145) Pause Young (Allocation Failure)
[17.965s][info ][gc,task      ] GC(145) Using 4 workers of 4 for evacuation
[17.968s][debug][gc,ref       ] GC(145) Skipped phase1 of Reference Processing due to unavailable references
[17.968s][debug][gc,ref       ] GC(145) Skipped phase3 of Reference Processing due to unavailable references
[17.968s][debug][gc,ref       ] GC(145) Skipped phase4 of Reference Processing due to unavailable references
[17.968s][debug][gc,age       ] GC(145) Desired survivor size 15400960 bytes, new threshold 6 (max threshold 6)
[17.968s][info ][gc,heap      ] GC(145) ParNew: 241923K->1206K(270976K)
[17.968s][info ][gc,heap      ] GC(145) CMS: 252656K->252678K(602112K)
[17.968s][info ][gc,metaspace ] GC(145) Metaspace: 52206K->52206K(1097728K)
[17.968s][info ][gc           ] GC(145) Pause Young (Allocation Failure) 482M->247M(852M) 3.760ms
[17.968s][info ][gc,cpu       ] GC(145) User=0.02s Sys=0.00s Real=0.01s
[17.968s][info ][safepoint    ] Leaving safepoint region
[17.968s][info ][safepoint    ] Total time for which application threads were stopped: 0.0058082 seconds, Stopping threads took: 0.0018439 seconds
[18.007s][info ][safepoint    ] Application time: 0.0389141 seconds
[18.007s][info ][safepoint    ] Entering safepoint region: GenCollectForAllocation
[18.008s][info ][gc,start     ] GC(146) Pause Young (Allocation Failure)
[18.008s][info ][gc,task      ] GC(146) Using 4 workers of 4 for evacuation
[18.011s][debug][gc,ref       ] GC(146) Skipped phase1 of Reference Processing due to unavailable references
[18.011s][debug][gc,ref       ] GC(146) Skipped phase3 of Reference Processing due to unavailable references
[18.011s][debug][gc,ref       ] GC(146) Skipped phase4 of Reference Processing due to unavailable references
[18.011s][debug][gc,age       ] GC(146) Desired survivor size 15400960 bytes, new threshold 6 (max threshold 6)
[18.011s][info ][gc,heap      ] GC(146) ParNew: 242102K->984K(270976K)
[18.011s][info ][gc,heap      ] GC(146) CMS: 252678K->252805K(602112K)
[18.011s][info ][gc,metaspace ] GC(146) Metaspace: 52207K->52207K(1097728K)
[18.011s][info ][gc           ] GC(146) Pause Young (Allocation Failure) 483M->247M(852M) 3.400ms
[18.011s][info ][gc,cpu       ] GC(146) User=0.01s Sys=0.00s Real=0.01s
[18.011s][info ][safepoint    ] Leaving safepoint region
[18.011s][info ][safepoint    ] Total time for which application threads were stopped: 0.0037565 seconds, Stopping threads took: 0.0001463 seconds
[18.059s][info ][safepoint    ] Application time: 0.0480126 seconds
[18.059s][info ][safepoint    ] Entering safepoint region: GenCollectForAllocation
[18.059s][info ][gc,start     ] GC(147) Pause Young (Allocation Failure)
[18.059s][info ][gc,task      ] GC(147) Using 4 workers of 4 for evacuation
[18.062s][debug][gc,ref       ] GC(147) Skipped phase1 of Reference Processing due to unavailable references
[18.062s][debug][gc,ref       ] GC(147) Skipped phase3 of Reference Processing due to unavailable references
[18.062s][debug][gc,age       ] GC(147) Desired survivor size 15400960 bytes, new threshold 6 (max threshold 6)
[18.062s][info ][gc,heap      ] GC(147) ParNew: 241880K->752K(270976K)
[18.062s][info ][gc,heap      ] GC(147) CMS: 252805K->253021K(602112K)
[18.062s][info ][gc,metaspace ] GC(147) Metaspace: 52207K->52207K(1097728K)
[18.062s][info ][gc           ] GC(147) Pause Young (Allocation Failure) 483M->247M(852M) 2.728ms
[18.062s][info ][gc,cpu       ] GC(147) User=0.01s Sys=0.00s Real=0.01s
[18.062s][info ][safepoint    ] Leaving safepoint region
[18.062s][info ][safepoint    ] Total time for which application threads were stopped: 0.0031122 seconds, Stopping threads took: 0.0001665 seconds
[18.079s][info ][safepoint    ] Application time: 0.0169301 seconds
[18.083s][info ][safepoint    ] Entering safepoint region: RevokeBias
[18.083s][info ][safepoint    ] Leaving safepoint region
[18.083s][info ][safepoint    ] Total time for which application threads were stopped: 0.0036438 seconds, Stopping threads took: 0.0035198 seconds
[18.133s][info ][safepoint    ] Application time: 0.0504864 seconds
[18.134s][info ][safepoint    ] Entering safepoint region: GenCollectForAllocation
[18.135s][info ][gc,start     ] GC(148) Pause Young (Allocation Failure)
[18.135s][info ][gc,task      ] GC(148) Using 4 workers of 4 for evacuation
[18.137s][debug][gc,ref       ] GC(148) Skipped phase1 of Reference Processing due to unavailable references
[18.137s][debug][gc,ref       ] GC(148) Skipped phase3 of Reference Processing due to unavailable references
[18.137s][debug][gc,age       ] GC(148) Desired survivor size 15400960 bytes, new threshold 6 (max threshold 6)
[18.137s][info ][gc,heap      ] GC(148) ParNew: 241648K->756K(270976K)
[18.137s][info ][gc,heap      ] GC(148) CMS: 253021K->253308K(602112K)
[18.138s][info ][gc,metaspace ] GC(148) Metaspace: 52696K->52696K(1097728K)
[18.138s][info ][gc           ] GC(148) Pause Young (Allocation Failure) 483M->248M(852M) 2.887ms
[18.138s][info ][gc,cpu       ] GC(148) User=0.01s Sys=0.00s Real=0.00s
[18.138s][info ][safepoint    ] Leaving safepoint region
[18.138s][info ][safepoint    ] Total time for which application threads were stopped: 0.0042345 seconds, Stopping threads took: 0.0010804 seconds
[18.144s][info ][safepoint    ] Application time: 0.0068354 seconds
[18.145s][info ][safepoint    ] Entering safepoint region: Deoptimize
[18.146s][info ][safepoint    ] Leaving safepoint region
[18.146s][info ][safepoint    ] Total time for which application threads were stopped: 0.0013810 seconds, Stopping threads took: 0.0001366 seconds
[18.154s][info ][safepoint    ] Application time: 0.0080417 seconds
[18.154s][info ][safepoint    ] Entering safepoint region: RevokeBias
[18.154s][info ][safepoint    ] Leaving safepoint region
[18.154s][info ][safepoint    ] Total time for which application threads were stopped: 0.0004424 seconds, Stopping threads took: 0.0002080 seconds
[18.160s][info ][safepoint    ] Application time: 0.0059445 seconds
[18.164s][info ][safepoint    ] Entering safepoint region: RevokeBias
[18.164s][info ][safepoint    ] Leaving safepoint region
[18.164s][info ][safepoint    ] Total time for which application threads were stopped: 0.0033860 seconds, Stopping threads took: 0.0032493 seconds
[18.164s][info ][safepoint    ] Application time: 0.0000431 seconds
[18.164s][info ][safepoint    ] Entering safepoint region: RevokeBias
[18.164s][info ][safepoint    ] Leaving safepoint region
[18.164s][info ][safepoint    ] Total time for which application threads were stopped: 0.0001364 seconds, Stopping threads took: 0.0000546 seconds
[18.170s][info ][safepoint    ] Application time: 0.0063934 seconds
[18.170s][info ][safepoint    ] Entering safepoint region: RevokeBias
[18.171s][info ][safepoint    ] Leaving safepoint region
[18.171s][info ][safepoint    ] Total time for which application threads were stopped: 0.0002415 seconds, Stopping threads took: 0.0000878 seconds
[18.176s][info ][safepoint    ] Application time: 0.0058216 seconds
[18.186s][info ][safepoint    ] Entering safepoint region: RevokeBias
[18.186s][info ][safepoint    ] Leaving safepoint region
[18.186s][info ][safepoint    ] Total time for which application threads were stopped: 0.0098670 seconds, Stopping threads took: 0.0096643 seconds
[18.217s][info ][safepoint    ] Application time: 0.0311264 seconds
[18.221s][info ][safepoint    ] Entering safepoint region: RevokeBias
[18.221s][info ][safepoint    ] Leaving safepoint region
[18.221s][info ][safepoint    ] Total time for which application threads were stopped: 0.0035357 seconds, Stopping threads took: 0.0033780 seconds
[18.240s][info ][safepoint    ] Application time: 0.0191003 seconds
[18.242s][info ][safepoint    ] Entering safepoint region: GenCollectForAllocation
[18.242s][info ][gc,start     ] GC(149) Pause Young (Allocation Failure)
[18.242s][info ][gc,task      ] GC(149) Using 4 workers of 4 for evacuation
[18.244s][debug][gc,ref       ] GC(149) Skipped phase1 of Reference Processing due to unavailable references
[18.244s][debug][gc,ref       ] GC(149) Skipped phase3 of Reference Processing due to unavailable references
[18.245s][debug][gc,age       ] GC(149) Desired survivor size 15400960 bytes, new threshold 6 (max threshold 6)
[18.245s][info ][gc,heap      ] GC(149) ParNew: 241652K->926K(270976K)
[18.245s][info ][gc,heap      ] GC(149) CMS: 253308K->253342K(602112K)
[18.245s][info ][gc,metaspace ] GC(149) Metaspace: 53215K->53215K(1097728K)
[18.245s][info ][gc           ] GC(149) Pause Young (Allocation Failure) 483M->248M(852M) 2.426ms
[18.245s][info ][gc,cpu       ] GC(149) User=0.01s Sys=0.00s Real=0.00s
[18.245s][info ][safepoint    ] Leaving safepoint region
[18.245s][info ][safepoint    ] Total time for which application threads were stopped: 0.0045541 seconds, Stopping threads took: 0.0019122 seconds
[18.317s][info ][safepoint    ] Application time: 0.0720964 seconds
[18.320s][info ][safepoint    ] Entering safepoint region: RevokeBias
[18.321s][info ][safepoint    ] Leaving safepoint region
[18.321s][info ][safepoint    ] Total time for which application threads were stopped: 0.0037600 seconds, Stopping threads took: 0.0034958 seconds
[18.321s][info ][safepoint    ] Application time: 0.0001774 seconds
[18.321s][info ][safepoint    ] Entering safepoint region: RevokeBias
[18.321s][info ][safepoint    ] Leaving safepoint region
[18.321s][info ][safepoint    ] Total time for which application threads were stopped: 0.0002469 seconds, Stopping threads took: 0.0001187 seconds
[18.324s][info ][safepoint    ] Application time: 0.0027797 seconds
[18.324s][info ][safepoint    ] Entering safepoint region: GenCollectForAllocation
[18.324s][info ][gc,start     ] GC(150) Pause Young (Allocation Failure)
[18.324s][info ][gc,task      ] GC(150) Using 4 workers of 4 for evacuation
[18.326s][debug][gc,ref       ] GC(150) Skipped phase1 of Reference Processing due to unavailable references
[18.326s][debug][gc,ref       ] GC(150) Skipped phase3 of Reference Processing due to unavailable references
[18.327s][debug][gc,age       ] GC(150) Desired survivor size 15400960 bytes, new threshold 6 (max threshold 6)
[18.327s][info ][gc,heap      ] GC(150) ParNew: 241822K->1057K(270976K)
[18.327s][info ][gc,heap      ] GC(150) CMS: 253342K->253381K(602112K)
[18.327s][info ][gc,metaspace ] GC(150) Metaspace: 53722K->53722K(1097728K)
[18.327s][info ][gc           ] GC(150) Pause Young (Allocation Failure) 483M->248M(852M) 2.625ms
[18.327s][info ][gc,cpu       ] GC(150) User=0.01s Sys=0.00s Real=0.00s
[18.327s][info ][safepoint    ] Leaving safepoint region
[18.327s][info ][safepoint    ] Total time for which application threads were stopped: 0.0029084 seconds, Stopping threads took: 0.0000953 seconds
[18.378s][info ][safepoint    ] Application time: 0.0518003 seconds
[18.379s][info ][safepoint    ] Entering safepoint region: GenCollectForAllocation
[18.379s][info ][gc,start     ] GC(151) Pause Young (Allocation Failure)
[18.379s][info ][gc,task      ] GC(151) Using 4 workers of 4 for evacuation
[18.381s][debug][gc,ref       ] GC(151) Skipped phase1 of Reference Processing due to unavailable references
[18.381s][debug][gc,ref       ] GC(151) Skipped phase3 of Reference Processing due to unavailable references
[18.381s][debug][gc,age       ] GC(151) Desired survivor size 15400960 bytes, new threshold 6 (max threshold 6)
[18.381s][info ][gc,heap      ] GC(151) ParNew: 241953K->1413K(270976K)
[18.381s][info ][gc,heap      ] GC(151) CMS: 253381K->253423K(602112K)
[18.381s][info ][gc,metaspace ] GC(151) Metaspace: 53864K->53864K(1097728K)
[18.381s][info ][gc           ] GC(151) Pause Young (Allocation Failure) 483M->248M(852M) 2.485ms
[18.381s][info ][gc,cpu       ] GC(151) User=0.01s Sys=0.00s Real=0.01s
[18.381s][info ][safepoint    ] Leaving safepoint region
[18.381s][info ][safepoint    ] Total time for which application threads were stopped: 0.0028720 seconds, Stopping threads took: 0.0001916 seconds
[18.446s][info ][safepoint    ] Application time: 0.0649376 seconds
[18.448s][info ][safepoint    ] Entering safepoint region: GenCollectForAllocation
[18.449s][info ][gc,start     ] GC(152) Pause Young (Allocation Failure)
[18.449s][info ][gc,task      ] GC(152) Using 4 workers of 4 for evacuation
[18.452s][debug][gc,ref       ] GC(152) Skipped phase1 of Reference Processing due to unavailable references
[18.452s][debug][gc,ref       ] GC(152) Skipped phase3 of Reference Processing due to unavailable references
[18.452s][debug][gc,age       ] GC(152) Desired survivor size 15400960 bytes, new threshold 6 (max threshold 6)
[18.452s][info ][gc,heap      ] GC(152) ParNew: 242309K->1690K(270976K)
[18.452s][info ][gc,heap      ] GC(152) CMS: 253423K->253434K(602112K)
[18.452s][info ][gc,metaspace ] GC(152) Metaspace: 53937K->53937K(1097728K)
[18.452s][info ][gc           ] GC(152) Pause Young (Allocation Failure) 484M->249M(852M) 3.540ms
[18.452s][info ][gc,cpu       ] GC(152) User=0.01s Sys=0.00s Real=0.00s
[18.452s][info ][safepoint    ] Leaving safepoint region
[18.452s][info ][safepoint    ] Total time for which application threads were stopped: 0.0057608 seconds, Stopping threads took: 0.0020069 seconds
[18.522s][info ][safepoint    ] Application time: 0.0701465 seconds
[18.523s][info ][safepoint    ] Entering safepoint region: GenCollectForAllocation
[18.523s][info ][gc,start     ] GC(153) Pause Young (Allocation Failure)
[18.523s][info ][gc,task      ] GC(153) Using 4 workers of 4 for evacuation
[18.526s][debug][gc,ref       ] GC(153) Skipped phase1 of Reference Processing due to unavailable references
[18.526s][debug][gc,ref       ] GC(153) Skipped phase3 of Reference Processing due to unavailable references
[18.526s][debug][gc,age       ] GC(153) Desired survivor size 15400960 bytes, new threshold 6 (max threshold 6)
[18.526s][info ][gc,heap      ] GC(153) ParNew: 242586K->2541K(270976K)
[18.526s][info ][gc,heap      ] GC(153) CMS: 253434K->253464K(602112K)
[18.526s][info ][gc,metaspace ] GC(153) Metaspace: 53960K->53960K(1097728K)
[18.526s][info ][gc           ] GC(153) Pause Young (Allocation Failure) 484M->250M(852M) 2.887ms
[18.526s][info ][gc,cpu       ] GC(153) User=0.01s Sys=0.00s Real=0.00s
[18.526s][info ][safepoint    ] Leaving safepoint region
[18.526s][info ][safepoint    ] Total time for which application threads were stopped: 0.0034713 seconds, Stopping threads took: 0.0003307 seconds
[18.533s][info ][safepoint    ] Application time: 0.0074929 seconds
[18.538s][info ][safepoint    ] Entering safepoint region: Deoptimize
[18.539s][info ][safepoint    ] Leaving safepoint region
[18.539s][info ][safepoint    ] Total time for which application threads were stopped: 0.0058521 seconds, Stopping threads took: 0.0045802 seconds
[18.612s][info ][safepoint    ] Application time: 0.0728108 seconds
[18.612s][info ][safepoint    ] Entering safepoint region: GenCollectForAllocation
[18.613s][info ][gc,start     ] GC(154) Pause Young (Allocation Failure)
[18.613s][info ][gc,task      ] GC(154) Using 4 workers of 4 for evacuation
[18.618s][debug][gc,ref       ] GC(154) Skipped phase1 of Reference Processing due to unavailable references
[18.618s][debug][gc,ref       ] GC(154) Skipped phase3 of Reference Processing due to unavailable references
[18.618s][debug][gc,age       ] GC(154) Desired survivor size 15400960 bytes, new threshold 6 (max threshold 6)
[18.618s][info ][gc,heap      ] GC(154) ParNew: 243437K->2403K(270976K)
[18.618s][info ][gc,heap      ] GC(154) CMS: 253464K->253834K(602112K)
[18.618s][info ][gc,metaspace ] GC(154) Metaspace: 54993K->54993K(1099776K)
[18.618s][info ][gc           ] GC(154) Pause Young (Allocation Failure) 485M->250M(852M) 5.322ms
[18.618s][info ][gc,cpu       ] GC(154) User=0.01s Sys=0.00s Real=0.00s
[18.618s][info ][safepoint    ] Leaving safepoint region
[18.618s][info ][safepoint    ] Total time for which application threads were stopped: 0.0058296 seconds, Stopping threads took: 0.0002772 seconds
[18.675s][info ][safepoint    ] Application time: 0.0566203 seconds
[18.678s][info ][safepoint    ] Entering safepoint region: Deoptimize
[18.679s][info ][safepoint    ] Leaving safepoint region
[18.679s][info ][safepoint    ] Total time for which application threads were stopped: 0.0045851 seconds, Stopping threads took: 0.0033393 seconds
[18.693s][info ][safepoint    ] Application time: 0.0134011 seconds
[18.693s][info ][safepoint    ] Entering safepoint region: GenCollectForAllocation
[18.693s][info ][gc,start     ] GC(155) Pause Young (Allocation Failure)
[18.693s][info ][gc,task      ] GC(155) Using 4 workers of 4 for evacuation
[18.701s][debug][gc,ref       ] GC(155) Skipped phase1 of Reference Processing due to unavailable references
[18.701s][debug][gc,ref       ] GC(155) Skipped phase3 of Reference Processing due to unavailable references
[18.701s][debug][gc,age       ] GC(155) Desired survivor size 15400960 bytes, new threshold 6 (max threshold 6)
[18.701s][info ][gc,heap      ] GC(155) ParNew: 243299K->2326K(270976K)
[18.701s][info ][gc,heap      ] GC(155) CMS: 253834K->253978K(602112K)
[18.701s][info ][gc,metaspace ] GC(155) Metaspace: 55233K->55233K(1099776K)
[18.701s][info ][gc           ] GC(155) Pause Young (Allocation Failure) 485M->250M(852M) 8.162ms
[18.701s][info ][gc,cpu       ] GC(155) User=0.02s Sys=0.00s Real=0.01s
[18.701s][info ][safepoint    ] Leaving safepoint region
[18.701s][info ][safepoint    ] Total time for which application threads were stopped: 0.0085988 seconds, Stopping threads took: 0.0002016 seconds
[18.742s][info ][safepoint    ] Application time: 0.0406104 seconds
[18.748s][info ][safepoint    ] Entering safepoint region: RevokeBias
[18.749s][info ][safepoint    ] Leaving safepoint region
[18.749s][info ][safepoint    ] Total time for which application threads were stopped: 0.0067689 seconds, Stopping threads took: 0.0065984 seconds
[18.752s][info ][safepoint    ] Application time: 0.0037238 seconds
[18.756s][info ][safepoint    ] Entering safepoint region: RevokeBias
[18.756s][info ][safepoint    ] Leaving safepoint region
[18.756s][info ][safepoint    ] Total time for which application threads were stopped: 0.0034136 seconds, Stopping threads took: 0.0032627 seconds
[18.821s][info ][safepoint    ] Application time: 0.0651354 seconds
[18.821s][info ][safepoint    ] Entering safepoint region: GenCollectForAllocation
[18.821s][info ][gc,start     ] GC(156) Pause Young (Allocation Failure)
[18.821s][info ][gc,task      ] GC(156) Using 4 workers of 4 for evacuation
[18.824s][debug][gc,ref       ] GC(156) Skipped phase1 of Reference Processing due to unavailable references
[18.824s][debug][gc,ref       ] GC(156) Skipped phase3 of Reference Processing due to unavailable references
[18.824s][debug][gc,age       ] GC(156) Desired survivor size 15400960 bytes, new threshold 6 (max threshold 6)
[18.824s][info ][gc,heap      ] GC(156) ParNew: 243222K->3175K(270976K)
[18.824s][info ][gc,heap      ] GC(156) CMS: 253978K->254089K(602112K)
[18.824s][info ][gc,metaspace ] GC(156) Metaspace: 56939K->56939K(1101824K)
[18.824s][info ][gc           ] GC(156) Pause Young (Allocation Failure) 485M->251M(852M) 2.916ms
[18.824s][info ][gc,cpu       ] GC(156) User=0.01s Sys=0.00s Real=0.00s
[18.824s][info ][safepoint    ] Leaving safepoint region
[18.824s][info ][safepoint    ] Total time for which application threads were stopped: 0.0034081 seconds, Stopping threads took: 0.0002798 seconds
[18.883s][info ][safepoint    ] Application time: 0.0589574 seconds
[18.883s][info ][safepoint    ] Entering safepoint region: GenCollectForAllocation
[18.884s][info ][gc,start     ] GC(157) Pause Young (Allocation Failure)
[18.884s][info ][gc,task      ] GC(157) Using 4 workers of 4 for evacuation
[18.887s][debug][gc,ref       ] GC(157) Skipped phase1 of Reference Processing due to unavailable references
[18.887s][debug][gc,ref       ] GC(157) Skipped phase3 of Reference Processing due to unavailable references
[18.887s][debug][gc,age       ] GC(157) Desired survivor size 15400960 bytes, new threshold 6 (max threshold 6)
[18.887s][info ][gc,heap      ] GC(157) ParNew: 244071K->2383K(270976K)
[18.887s][info ][gc,heap      ] GC(157) CMS: 254089K->254279K(602112K)
[18.887s][info ][gc,metaspace ] GC(157) Metaspace: 57229K->57229K(1101824K)
[18.887s][info ][gc           ] GC(157) Pause Young (Allocation Failure) 486M->250M(852M) 3.121ms
[18.887s][info ][gc,cpu       ] GC(157) User=0.01s Sys=0.00s Real=0.00s
[18.887s][info ][safepoint    ] Leaving safepoint region
[18.887s][info ][safepoint    ] Total time for which application threads were stopped: 0.0034575 seconds, Stopping threads took: 0.0001304 seconds
[18.900s][info ][safepoint    ] Application time: 0.0136337 seconds
[18.901s][info ][safepoint    ] Entering safepoint region: RevokeBias
[18.901s][info ][safepoint    ] Leaving safepoint region
[18.901s][info ][safepoint    ] Total time for which application threads were stopped: 0.0003924 seconds, Stopping threads took: 0.0002223 seconds
[18.943s][info ][safepoint    ] Application time: 0.0421023 seconds
[18.944s][info ][safepoint    ] Entering safepoint region: GenCollectForAllocation
[18.945s][info ][gc,start     ] GC(158) Pause Young (Allocation Failure)
[18.945s][info ][gc,task      ] GC(158) Using 4 workers of 4 for evacuation
[18.948s][debug][gc,ref       ] GC(158) Skipped phase1 of Reference Processing due to unavailable references
[18.948s][debug][gc,ref       ] GC(158) Skipped phase3 of Reference Processing due to unavailable references
[18.948s][debug][gc,ref       ] GC(158) Skipped phase4 of Reference Processing due to unavailable references
[18.948s][debug][gc,age       ] GC(158) Desired survivor size 15400960 bytes, new threshold 6 (max threshold 6)
[18.948s][info ][gc,heap      ] GC(158) ParNew: 243279K->2935K(270976K)
[18.948s][info ][gc,heap      ] GC(158) CMS: 254279K->254465K(602112K)
[18.948s][info ][gc,metaspace ] GC(158) Metaspace: 57270K->57270K(1101824K)
[18.948s][info ][gc           ] GC(158) Pause Young (Allocation Failure) 485M->251M(852M) 3.552ms
[18.948s][info ][gc,cpu       ] GC(158) User=0.01s Sys=0.00s Real=0.00s
[18.948s][info ][safepoint    ] Leaving safepoint region
[18.948s][info ][safepoint    ] Total time for which application threads were stopped: 0.0051098 seconds, Stopping threads took: 0.0013665 seconds
[18.988s][info ][safepoint    ] Application time: 0.0401050 seconds
[18.989s][info ][safepoint    ] Entering safepoint region: Deoptimize
[18.990s][info ][safepoint    ] Leaving safepoint region
[18.990s][info ][safepoint    ] Total time for which application threads were stopped: 0.0016007 seconds, Stopping threads took: 0.0003293 seconds
[18.990s][info ][safepoint    ] Application time: 0.0003564 seconds
[18.990s][info ][safepoint    ] Entering safepoint region: Deoptimize
[18.991s][info ][safepoint    ] Leaving safepoint region
[18.991s][info ][safepoint    ] Total time for which application threads were stopped: 0.0004928 seconds, Stopping threads took: 0.0000649 seconds
[18.992s][info ][safepoint    ] Application time: 0.0010585 seconds
[18.992s][info ][safepoint    ] Entering safepoint region: RevokeBias
[18.992s][info ][safepoint    ] Leaving safepoint region
[18.992s][info ][safepoint    ] Total time for which application threads were stopped: 0.0006771 seconds, Stopping threads took: 0.0005645 seconds
[18.993s][info ][safepoint    ] Application time: 0.0003673 seconds
[18.995s][info ][safepoint    ] Entering safepoint region: Deoptimize
[18.995s][info ][safepoint    ] Leaving safepoint region
[18.995s][info ][safepoint    ] Total time for which application threads were stopped: 0.0026188 seconds, Stopping threads took: 0.0017879 seconds
[19.001s][info ][safepoint    ] Application time: 0.0050931 seconds
[19.001s][info ][safepoint    ] Entering safepoint region: RevokeBias
[19.001s][info ][safepoint    ] Leaving safepoint region
[19.001s][info ][safepoint    ] Total time for which application threads were stopped: 0.0002261 seconds, Stopping threads took: 0.0000531 seconds
[19.029s][info ][safepoint    ] Application time: 0.0282107 seconds
[19.032s][info ][safepoint    ] Entering safepoint region: GenCollectForAllocation
[19.032s][info ][gc,start     ] GC(159) Pause Young (Allocation Failure)
[19.032s][info ][gc,task      ] GC(159) Using 4 workers of 4 for evacuation
[19.036s][debug][gc,ref       ] GC(159) Skipped phase1 of Reference Processing due to unavailable references
[19.036s][debug][gc,ref       ] GC(159) Skipped phase3 of Reference Processing due to unavailable references
[19.036s][debug][gc,age       ] GC(159) Desired survivor size 15400960 bytes, new threshold 6 (max threshold 6)
[19.036s][info ][gc,heap      ] GC(159) ParNew: 243831K->2265K(270976K)
[19.036s][info ][gc,heap      ] GC(159) CMS: 254465K->255093K(602112K)
[19.036s][info ][gc,metaspace ] GC(159) Metaspace: 57375K->57375K(1101824K)
[19.037s][info ][gc           ] GC(159) Pause Young (Allocation Failure) 486M->251M(852M) 4.788ms
[19.037s][info ][gc,cpu       ] GC(159) User=0.01s Sys=0.00s Real=0.00s
[19.037s][info ][safepoint    ] Leaving safepoint region
[19.037s][info ][safepoint    ] Total time for which application threads were stopped: 0.0074717 seconds, Stopping threads took: 0.0024790 seconds
[19.066s][info ][safepoint    ] Application time: 0.0298199 seconds
[19.070s][info ][safepoint    ] Entering safepoint region: RevokeBias
[19.070s][info ][safepoint    ] Leaving safepoint region
[19.070s][info ][safepoint    ] Total time for which application threads were stopped: 0.0035862 seconds, Stopping threads took: 0.0034112 seconds
[19.108s][info ][safepoint    ] Application time: 0.0382288 seconds
[19.108s][info ][safepoint    ] Entering safepoint region: GenCollectForAllocation
[19.109s][info ][gc,start     ] GC(160) Pause Young (Allocation Failure)
[19.109s][info ][gc,task      ] GC(160) Using 4 workers of 4 for evacuation
[19.111s][debug][gc,ref       ] GC(160) Skipped phase1 of Reference Processing due to unavailable references
[19.111s][debug][gc,ref       ] GC(160) Skipped phase3 of Reference Processing due to unavailable references
[19.111s][debug][gc,age       ] GC(160) Desired survivor size 15400960 bytes, new threshold 6 (max threshold 6)
[19.111s][info ][gc,heap      ] GC(160) ParNew: 243161K->1806K(270976K)
[19.112s][info ][gc,heap      ] GC(160) CMS: 255093K->255259K(602112K)
[19.112s][info ][gc,metaspace ] GC(160) Metaspace: 57684K->57684K(1101824K)
[19.112s][info ][gc           ] GC(160) Pause Young (Allocation Failure) 486M->251M(852M) 2.962ms
[19.112s][info ][gc,cpu       ] GC(160) User=0.01s Sys=0.00s Real=0.00s
[19.112s][info ][safepoint    ] Leaving safepoint region
[19.112s][info ][safepoint    ] Total time for which application threads were stopped: 0.0033112 seconds, Stopping threads took: 0.0001520 seconds
[19.176s][info ][safepoint    ] Application time: 0.0642953 seconds
[19.176s][info ][safepoint    ] Entering safepoint region: GenCollectForAllocation
[19.176s][info ][gc,start     ] GC(161) Pause Young (Allocation Failure)
[19.176s][info ][gc,task      ] GC(161) Using 4 workers of 4 for evacuation
[19.179s][debug][gc,ref       ] GC(161) Skipped phase1 of Reference Processing due to unavailable references
[19.179s][debug][gc,ref       ] GC(161) Skipped phase3 of Reference Processing due to unavailable references
[19.179s][debug][gc,age       ] GC(161) Desired survivor size 15400960 bytes, new threshold 6 (max threshold 6)
[19.179s][info ][gc,heap      ] GC(161) ParNew: 242702K->2519K(270976K)
[19.179s][info ][gc,heap      ] GC(161) CMS: 255259K->255447K(602112K)
[19.179s][info ][gc,metaspace ] GC(161) Metaspace: 57798K->57798K(1101824K)
[19.179s][info ][gc           ] GC(161) Pause Young (Allocation Failure) 486M->251M(852M) 2.887ms
[19.179s][info ][gc,cpu       ] GC(161) User=0.01s Sys=0.00s Real=0.00s
[19.179s][info ][safepoint    ] Leaving safepoint region
[19.179s][info ][safepoint    ] Total time for which application threads were stopped: 0.0033161 seconds, Stopping threads took: 0.0002111 seconds
[19.188s][info ][safepoint    ] Application time: 0.0088349 seconds
[19.191s][info ][safepoint    ] Entering safepoint region: CollectForMetadataAllocation
[19.192s][info ][safepoint    ] Leaving safepoint region
[19.192s][info ][safepoint    ] Total time for which application threads were stopped: 0.0035790 seconds, Stopping threads took: 0.0034075 seconds
[19.248s][info ][safepoint    ] Application time: 0.0564900 seconds
[19.248s][info ][safepoint    ] Entering safepoint region: GenCollectForAllocation
[19.249s][info ][gc,start     ] GC(162) Pause Young (Allocation Failure)
[19.249s][info ][gc,task      ] GC(162) Using 4 workers of 4 for evacuation
[19.254s][debug][gc,ref       ] GC(162) Skipped phase1 of Reference Processing due to unavailable references
[19.254s][debug][gc,ref       ] GC(162) Skipped phase3 of Reference Processing due to unavailable references
[19.254s][debug][gc,age       ] GC(162) Desired survivor size 15400960 bytes, new threshold 6 (max threshold 6)
[19.254s][info ][gc,heap      ] GC(162) ParNew: 243415K->1823K(270976K)
[19.254s][info ][gc,heap      ] GC(162) CMS: 255447K->255877K(602112K)
[19.254s][info ][gc,metaspace ] GC(162) Metaspace: 57870K->57870K(1101824K)
[19.254s][info ][gc           ] GC(162) Pause Young (Allocation Failure) 487M->251M(852M) 5.723ms
[19.254s][info ][gc,cpu       ] GC(162) User=0.02s Sys=0.00s Real=0.00s
[19.254s][info ][safepoint    ] Leaving safepoint region
[19.254s][info ][safepoint    ] Total time for which application threads were stopped: 0.0061614 seconds, Stopping threads took: 0.0002126 seconds
[19.264s][info ][safepoint    ] Application time: 0.0096983 seconds
[19.265s][info ][safepoint    ] Entering safepoint region: CMS_Initial_Mark
[19.265s][info ][gc,start     ] GC(163) Pause Initial Mark
[19.276s][info ][gc           ] GC(163) Pause Initial Mark 283M->283M(852M) 11.245ms
[19.276s][info ][gc,cpu       ] GC(163) User=0.03s Sys=0.00s Real=0.01s
[19.276s][info ][safepoint    ] Leaving safepoint region
[19.276s][info ][safepoint    ] Total time for which application threads were stopped: 0.0121773 seconds, Stopping threads took: 0.0007164 seconds
[19.276s][info ][gc           ] GC(163) Concurrent Mark
[19.349s][info ][safepoint    ] Application time: 0.0727848 seconds
[19.349s][info ][safepoint    ] Entering safepoint region: GenCollectForAllocation
[19.349s][info ][gc,start     ] GC(164) Pause Young (Allocation Failure)
[19.349s][info ][gc,task      ] GC(164) Using 4 workers of 4 for evacuation
[19.358s][debug][gc,ref       ] GC(164) Skipped phase1 of Reference Processing due to unavailable references
[19.358s][debug][gc,ref       ] GC(164) Skipped phase3 of Reference Processing due to unavailable references
[19.358s][debug][gc,age       ] GC(164) Desired survivor size 15400960 bytes, new threshold 6 (max threshold 6)
[19.358s][info ][gc,heap      ] GC(164) ParNew: 242719K->1489K(270976K)
[19.358s][info ][gc,heap      ] GC(164) CMS: 255877K->256184K(602112K)
[19.358s][info ][gc,metaspace ] GC(164) Metaspace: 57870K->57870K(1101824K)
[19.358s][info ][gc           ] GC(164) Pause Young (Allocation Failure) 486M->251M(852M) 8.770ms
[19.358s][info ][gc,cpu       ] GC(164) User=0.02s Sys=0.00s Real=0.00s
[19.358s][info ][safepoint    ] Leaving safepoint region
[19.358s][info ][safepoint    ] Total time for which application threads were stopped: 0.0090923 seconds, Stopping threads took: 0.0000692 seconds
[19.419s][info ][safepoint    ] Application time: 0.0607858 seconds
[19.419s][info ][safepoint    ] Entering safepoint region: GenCollectForAllocation
[19.419s][info ][gc,start     ] GC(165) Pause Young (Allocation Failure)
[19.419s][info ][gc,task      ] GC(165) Using 4 workers of 4 for evacuation
[19.422s][debug][gc,ref       ] GC(165) Skipped phase1 of Reference Processing due to unavailable references
[19.422s][debug][gc,ref       ] GC(165) Skipped phase3 of Reference Processing due to unavailable references
[19.422s][debug][gc,age       ] GC(165) Desired survivor size 15400960 bytes, new threshold 6 (max threshold 6)
[19.422s][info ][gc,heap      ] GC(165) ParNew: 242385K->1553K(270976K)
[19.422s][info ][gc,heap      ] GC(165) CMS: 256184K->256247K(602112K)
[19.422s][info ][gc,metaspace ] GC(165) Metaspace: 57870K->57870K(1101824K)
[19.422s][info ][gc           ] GC(165) Pause Young (Allocation Failure) 486M->251M(852M) 2.897ms
[19.422s][info ][gc,cpu       ] GC(165) User=0.01s Sys=0.00s Real=0.01s
[19.422s][info ][safepoint    ] Leaving safepoint region
[19.422s][info ][safepoint    ] Total time for which application threads were stopped: 0.0033310 seconds, Stopping threads took: 0.0001313 seconds
[19.488s][info ][safepoint    ] Application time: 0.0653699 seconds
[19.488s][info ][safepoint    ] Entering safepoint region: GenCollectForAllocation
[19.488s][info ][gc,start     ] GC(166) Pause Young (Allocation Failure)
[19.488s][info ][gc,task      ] GC(166) Using 4 workers of 4 for evacuation
[19.491s][debug][gc,ref       ] GC(166) Skipped phase1 of Reference Processing due to unavailable references
[19.491s][debug][gc,ref       ] GC(166) Skipped phase3 of Reference Processing due to unavailable references
[19.491s][debug][gc,age       ] GC(166) Desired survivor size 15400960 bytes, new threshold 6 (max threshold 6)
[19.491s][info ][gc,heap      ] GC(166) ParNew: 242449K->1493K(270976K)
[19.491s][info ][gc,heap      ] GC(166) CMS: 256247K->256348K(602112K)
[19.491s][info ][gc,metaspace ] GC(166) Metaspace: 57871K->57871K(1101824K)
[19.491s][info ][gc           ] GC(166) Pause Young (Allocation Failure) 487M->251M(852M) 2.723ms
[19.491s][info ][gc,cpu       ] GC(166) User=0.01s Sys=0.01s Real=0.01s
[19.491s][info ][safepoint    ] Leaving safepoint region
[19.491s][info ][safepoint    ] Total time for which application threads were stopped: 0.0030848 seconds, Stopping threads took: 0.0001706 seconds
[19.559s][info ][safepoint    ] Application time: 0.0685809 seconds
[19.560s][info ][safepoint    ] Entering safepoint region: GenCollectForAllocation
[19.560s][info ][gc,start     ] GC(167) Pause Young (Allocation Failure)
[19.560s][info ][gc,task      ] GC(167) Using 4 workers of 4 for evacuation
[19.563s][debug][gc,ref       ] GC(167) Skipped phase1 of Reference Processing due to unavailable references
[19.563s][debug][gc,ref       ] GC(167) Skipped phase3 of Reference Processing due to unavailable references
[19.563s][debug][gc,age       ] GC(167) Desired survivor size 15400960 bytes, new threshold 6 (max threshold 6)
[19.563s][info ][gc,heap      ] GC(167) ParNew: 242389K->1626K(270976K)
[19.563s][info ][gc,heap      ] GC(167) CMS: 256348K->256496K(602112K)
[19.563s][info ][gc,metaspace ] GC(167) Metaspace: 58072K->58072K(1101824K)
[19.563s][info ][gc           ] GC(167) Pause Young (Allocation Failure) 487M->252M(852M) 3.176ms
[19.563s][info ][gc,cpu       ] GC(167) User=0.01s Sys=0.00s Real=0.01s
[19.563s][info ][safepoint    ] Leaving safepoint region
[19.563s][info ][safepoint    ] Total time for which application threads were stopped: 0.0036698 seconds, Stopping threads took: 0.0002466 seconds
[19.565s][info ][safepoint    ] Application time: 0.0016398 seconds
[19.569s][info ][safepoint    ] Entering safepoint region: CollectForMetadataAllocation
[19.569s][info ][safepoint    ] Leaving safepoint region
[19.569s][info ][safepoint    ] Total time for which application threads were stopped: 0.0046039 seconds, Stopping threads took: 0.0044163 seconds
[19.572s][info ][safepoint    ] Application time: 0.0027972 seconds
[19.572s][info ][safepoint    ] Entering safepoint region: Deoptimize
[19.574s][info ][safepoint    ] Leaving safepoint region
[19.574s][info ][safepoint    ] Total time for which application threads were stopped: 0.0014897 seconds, Stopping threads took: 0.0001737 seconds
[19.649s][info ][safepoint    ] Application time: 0.0749963 seconds
[19.651s][info ][safepoint    ] Entering safepoint region: GenCollectForAllocation
[19.651s][info ][gc,start     ] GC(168) Pause Young (Allocation Failure)
[19.651s][info ][gc,task      ] GC(168) Using 4 workers of 4 for evacuation
[19.660s][debug][gc,ref       ] GC(168) Skipped phase1 of Reference Processing due to unavailable references
[19.660s][debug][gc,ref       ] GC(168) Skipped phase3 of Reference Processing due to unavailable references
[19.660s][debug][gc,age       ] GC(168) Desired survivor size 15400960 bytes, new threshold 6 (max threshold 6)
[19.660s][info ][gc,heap      ] GC(168) ParNew: 242522K->3388K(270976K)
[19.660s][info ][gc,heap      ] GC(168) CMS: 256496K->256656K(602112K)
[19.660s][info ][gc,metaspace ] GC(168) Metaspace: 58255K->58255K(1101824K)
[19.660s][info ][gc           ] GC(168) Pause Young (Allocation Failure) 487M->253M(852M) 8.972ms
[19.660s][info ][gc,cpu       ] GC(168) User=0.01s Sys=0.01s Real=0.00s
[19.660s][info ][safepoint    ] Leaving safepoint region
[19.660s][info ][safepoint    ] Total time for which application threads were stopped: 0.0114042 seconds, Stopping threads took: 0.0021398 seconds
[19.706s][info ][safepoint    ] Application time: 0.0446876 seconds
[19.706s][info ][safepoint    ] Entering safepoint region: RevokeBias
[19.706s][info ][safepoint    ] Leaving safepoint region
[19.706s][info ][safepoint    ] Total time for which application threads were stopped: 0.0005975 seconds, Stopping threads took: 0.0003946 seconds
[19.741s][info ][safepoint    ] Application time: 0.0341949 seconds
[19.741s][info ][safepoint    ] Entering safepoint region: GenCollectForAllocation
[19.741s][info ][gc,start     ] GC(169) Pause Young (Allocation Failure)
[19.741s][info ][gc,task      ] GC(169) Using 4 workers of 4 for evacuation
[19.756s][debug][gc,ref       ] GC(169) Skipped phase1 of Reference Processing due to unavailable references
[19.756s][debug][gc,ref       ] GC(169) Skipped phase3 of Reference Processing due to unavailable references
[19.756s][debug][gc,age       ] GC(169) Desired survivor size 15400960 bytes, new threshold 6 (max threshold 6)
[19.756s][info ][gc,heap      ] GC(169) ParNew: 244284K->4171K(270976K)
[19.756s][info ][gc,heap      ] GC(169) CMS: 256656K->256925K(602112K)
[19.756s][info ][gc,metaspace ] GC(169) Metaspace: 58332K->58332K(1101824K)
[19.756s][info ][gc           ] GC(169) Pause Young (Allocation Failure) 489M->254M(852M) 15.116ms
[19.756s][info ][gc,cpu       ] GC(169) User=0.05s Sys=0.00s Real=0.01s
[19.756s][info ][safepoint    ] Leaving safepoint region
[19.756s][info ][safepoint    ] Total time for which application threads were stopped: 0.0153709 seconds, Stopping threads took: 0.0000552 seconds
[19.830s][info ][gc           ] GC(163) Concurrent Mark 553.995ms
[19.830s][info ][gc,cpu       ] GC(163) User=3.00s Sys=0.10s Real=0.56s
[19.830s][info ][gc           ] GC(163) Concurrent Preclean
[19.830s][debug][gc,ref       ] GC(163) Preclean SoftReferences 0.002ms
[19.830s][debug][gc,ref       ] GC(163) Preclean WeakReferences 0.051ms
[19.830s][debug][gc,ref       ] GC(163) Preclean FinalReferences 0.001ms
[19.830s][debug][gc,ref       ] GC(163) Preclean PhantomReferences 0.004ms
[19.835s][info ][gc           ] GC(163) Concurrent Preclean 4.306ms
[19.835s][info ][gc,cpu       ] GC(163) User=0.03s Sys=0.00s Real=0.00s
[19.835s][info ][gc           ] GC(163) Concurrent Abortable Preclean
[19.839s][info ][safepoint    ] Application time: 0.0828603 seconds
[19.840s][info ][safepoint    ] Entering safepoint region: GenCollectForAllocation
[19.840s][info ][gc,start     ] GC(170) Pause Young (Allocation Failure)
[19.840s][info ][gc,task      ] GC(170) Using 4 workers of 4 for evacuation
[19.846s][debug][gc,ref       ] GC(170) Skipped phase1 of Reference Processing due to unavailable references
[19.846s][debug][gc,ref       ] GC(170) Skipped phase3 of Reference Processing due to unavailable references
[19.847s][debug][gc,age       ] GC(170) Desired survivor size 15400960 bytes, new threshold 6 (max threshold 6)
[19.847s][info ][gc,heap      ] GC(170) ParNew: 245067K->4676K(270976K)
[19.847s][info ][gc,heap      ] GC(170) CMS: 256925K->257106K(602112K)
[19.847s][info ][gc,metaspace ] GC(170) Metaspace: 58381K->58381K(1101824K)
[19.847s][info ][gc           ] GC(170) Pause Young (Allocation Failure) 490M->255M(852M) 6.722ms
[19.847s][info ][gc,cpu       ] GC(170) User=0.02s Sys=0.00s Real=0.01s
[19.847s][info ][safepoint    ] Leaving safepoint region
[19.847s][info ][safepoint    ] Total time for which application threads were stopped: 0.0078911 seconds, Stopping threads took: 0.0009028 seconds
[19.869s][info ][safepoint    ] Application time: 0.0218548 seconds
[19.869s][info ][safepoint    ] Entering safepoint region: CollectForMetadataAllocation
[19.869s][info ][safepoint    ] Leaving safepoint region
[19.869s][info ][safepoint    ] Total time for which application threads were stopped: 0.0004534 seconds, Stopping threads took: 0.0002504 seconds
[19.880s][info ][gc           ] GC(163) Concurrent Abortable Preclean 45.726ms
[19.881s][info ][gc,cpu       ] GC(163) User=0.26s Sys=0.01s Real=0.05s
[19.881s][info ][safepoint    ] Application time: 0.0112594 seconds
[19.884s][info ][safepoint    ] Entering safepoint region: CMS_Final_Remark
[19.884s][info ][gc,start     ] GC(163) Pause Remark
[19.917s][debug][gc,phases    ] GC(163) Rescan (parallel) 32.560ms
[19.917s][debug][gc,ref       ] GC(163) Skipped phase1 of Reference Processing due to unavailable references
[19.917s][debug][gc,ref       ] GC(163) Skipped phase3 of Reference Processing due to unavailable references
[19.917s][debug][gc,ref       ] GC(163) Skipped phase4 of Reference Processing due to unavailable references
[19.917s][debug][gc,phases    ] GC(163) Reference Processing 0.032ms
[19.917s][debug][gc,phases    ] GC(163) Weak Processing 0.162ms
[19.918s][debug][gc,phases    ] GC(163) ClassLoaderData 1.158ms
[19.918s][debug][gc,phases    ] GC(163) Dictionary 0.024ms
[19.918s][debug][gc,phases    ] GC(163) ProtectionDomainCacheTable 0.003ms
[19.918s][debug][gc,phases    ] GC(163) ResolvedMethodTable 0.195ms
[19.946s][debug][gc,phases    ] GC(163) Class Unloading 29.183ms
[19.952s][debug][gc,phases    ] GC(163) Scrub Symbol Table 5.245ms
[19.952s][debug][gc,phases    ] GC(163) Scrub String Table 0.453ms
[19.952s][info ][gc           ] GC(163) Pause Remark 402M->402M(852M) 67.836ms
[19.952s][info ][gc,cpu       ] GC(163) User=0.17s Sys=0.00s Real=0.07s
[19.952s][info ][safepoint    ] Leaving safepoint region
[19.952s][info ][safepoint    ] Total time for which application threads were stopped: 0.0715282 seconds, Stopping threads took: 0.0034771 seconds
[19.952s][info ][gc           ] GC(163) Concurrent Sweep
[19.973s][info ][safepoint    ] Application time: 0.0206892 seconds
[19.974s][info ][safepoint    ] Entering safepoint region: ICBufferFull
[19.974s][info ][safepoint    ] Leaving safepoint region
[19.974s][info ][safepoint    ] Total time for which application threads were stopped: 0.0009689 seconds, Stopping threads took: 0.0007153 seconds
[19.987s][info ][safepoint    ] Application time: 0.0136655 seconds
[19.996s][info ][safepoint    ] Entering safepoint region: GenCollectForAllocation
[19.997s][info ][gc,start     ] GC(171) Pause Young (Allocation Failure)
[19.997s][info ][gc,task      ] GC(171) Using 4 workers of 4 for evacuation
[20.008s][debug][gc,ref       ] GC(171) Skipped phase1 of Reference Processing due to unavailable references
[20.008s][debug][gc,ref       ] GC(171) Skipped phase3 of Reference Processing due to unavailable references
[20.008s][debug][gc,age       ] GC(171) Desired survivor size 15400960 bytes, new threshold 1 (max threshold 6)
[20.008s][info ][gc,heap      ] GC(171) ParNew: 245572K->20640K(270976K)
[20.008s][info ][gc,heap      ] GC(171) CMS: 256902K->256952K(602112K)
[20.008s][info ][gc,metaspace ] GC(171) Metaspace: 58431K->58431K(1101824K)
[20.009s][info ][gc           ] GC(171) Pause Young (Allocation Failure) 490M->271M(852M) 11.883ms
[20.009s][info ][gc,cpu       ] GC(171) User=0.02s Sys=0.00s Real=0.02s
[20.009s][info ][safepoint    ] Leaving safepoint region
[20.009s][info ][safepoint    ] Total time for which application threads were stopped: 0.0210525 seconds, Stopping threads took: 0.0088470 seconds
[20.092s][info ][safepoint    ] Application time: 0.0836838 seconds
[20.093s][info ][safepoint    ] Entering safepoint region: RevokeBias
[20.093s][info ][safepoint    ] Leaving safepoint region
[20.093s][info ][safepoint    ] Total time for which application threads were stopped: 0.0004595 seconds, Stopping threads took: 0.0002524 seconds
[20.093s][info ][safepoint    ] Application time: 0.0000534 seconds
[20.093s][info ][safepoint    ] Entering safepoint region: RevokeBias
[20.093s][info ][safepoint    ] Leaving safepoint region
[20.093s][info ][safepoint    ] Total time for which application threads were stopped: 0.0001782 seconds, Stopping threads took: 0.0000818 seconds
[20.094s][info ][safepoint    ] Application time: 0.0006319 seconds
[20.094s][info ][safepoint    ] Entering safepoint region: RevokeBias
[20.094s][info ][safepoint    ] Leaving safepoint region
[20.094s][info ][safepoint    ] Total time for which application threads were stopped: 0.0001733 seconds, Stopping threads took: 0.0000599 seconds
[20.096s][info ][safepoint    ] Application time: 0.0024546 seconds
[20.096s][info ][safepoint    ] Entering safepoint region: GenCollectForAllocation
[20.097s][info ][gc,start     ] GC(172) Pause Young (Allocation Failure)
[20.097s][info ][gc,task      ] GC(172) Using 4 workers of 4 for evacuation
[20.112s][debug][gc,ref       ] GC(172) Skipped phase1 of Reference Processing due to unavailable references
[20.113s][debug][gc,ref       ] GC(172) Skipped phase2 of Reference Processing due to unavailable references
[20.113s][debug][gc,ref       ] GC(172) Skipped phase3 of Reference Processing due to unavailable references
[20.113s][debug][gc,ref       ] GC(172) Skipped phase4 of Reference Processing due to unavailable references
[20.113s][debug][gc,age       ] GC(172) Desired survivor size 15400960 bytes, new threshold 6 (max threshold 6)
[20.113s][info ][gc,heap      ] GC(172) ParNew: 261536K->4963K(270976K)
[20.113s][info ][gc,heap      ] GC(172) CMS: 256582K->276115K(602112K)
[20.113s][info ][gc,metaspace ] GC(172) Metaspace: 58431K->58431K(1101824K)
[20.113s][info ][gc           ] GC(172) Pause Young (Allocation Failure) 505M->274M(852M) 16.173ms
[20.113s][info ][gc,cpu       ] GC(172) User=0.05s Sys=0.00s Real=0.02s
[20.113s][info ][safepoint    ] Leaving safepoint region
[20.113s][info ][safepoint    ] Total time for which application threads were stopped: 0.0164589 seconds, Stopping threads took: 0.0001023 seconds
[20.196s][info ][safepoint    ] Application time: 0.0834203 seconds
[20.200s][info ][safepoint    ] Entering safepoint region: Deoptimize
[20.201s][info ][safepoint    ] Leaving safepoint region
[20.201s][info ][safepoint    ] Total time for which application threads were stopped: 0.0049277 seconds, Stopping threads took: 0.0034094 seconds
[20.202s][info ][safepoint    ] Application time: 0.0005756 seconds
[20.202s][info ][safepoint    ] Entering safepoint region: Deoptimize
[20.203s][info ][safepoint    ] Leaving safepoint region
[20.203s][info ][safepoint    ] Total time for which application threads were stopped: 0.0011051 seconds, Stopping threads took: 0.0001374 seconds
[20.212s][info ][safepoint    ] Application time: 0.0090562 seconds
[20.212s][info ][safepoint    ] Entering safepoint region: GenCollectForAllocation
[20.212s][info ][gc,start     ] GC(173) Pause Young (Allocation Failure)
[20.212s][info ][gc,task      ] GC(173) Using 4 workers of 4 for evacuation
[20.219s][debug][gc,ref       ] GC(173) Skipped phase1 of Reference Processing due to unavailable references
[20.219s][debug][gc,ref       ] GC(173) Skipped phase3 of Reference Processing due to unavailable references
[20.219s][debug][gc,age       ] GC(173) Desired survivor size 15400960 bytes, new threshold 6 (max threshold 6)
[20.219s][info ][gc,heap      ] GC(173) ParNew: 245859K->8834K(270976K)
[20.219s][info ][gc,heap      ] GC(173) CMS: 275983K->275983K(602112K)
[20.219s][info ][gc,metaspace ] GC(173) Metaspace: 58450K->58450K(1101824K)
[20.219s][info ][gc           ] GC(173) Pause Young (Allocation Failure) 509M->278M(852M) 6.958ms
[20.219s][info ][gc,cpu       ] GC(173) User=0.03s Sys=0.00s Real=0.00s
[20.219s][info ][safepoint    ] Leaving safepoint region
[20.219s][info ][safepoint    ] Total time for which application threads were stopped: 0.0073207 seconds, Stopping threads took: 0.0000944 seconds
[20.306s][info ][safepoint    ] Application time: 0.0868153 seconds
[20.308s][info ][safepoint    ] Entering safepoint region: GenCollectForAllocation
[20.309s][info ][gc,start     ] GC(174) Pause Young (Allocation Failure)
[20.309s][info ][gc,task      ] GC(174) Using 4 workers of 4 for evacuation
[20.315s][debug][gc,ref       ] GC(174) Skipped phase1 of Reference Processing due to unavailable references
[20.315s][debug][gc,ref       ] GC(174) Skipped phase3 of Reference Processing due to unavailable references
[20.315s][debug][gc,age       ] GC(174) Desired survivor size 15400960 bytes, new threshold 6 (max threshold 6)
[20.315s][info ][gc,heap      ] GC(174) ParNew: 249730K->11365K(270976K)
[20.315s][info ][gc,heap      ] GC(174) CMS: 244417K->244417K(602112K)
[20.315s][info ][gc,metaspace ] GC(174) Metaspace: 58462K->58462K(1101824K)
[20.315s][info ][gc           ] GC(174) Pause Young (Allocation Failure) 482M->249M(852M) 6.760ms
[20.315s][info ][gc,cpu       ] GC(174) User=0.02s Sys=0.00s Real=0.00s
[20.315s][info ][safepoint    ] Leaving safepoint region
[20.315s][info ][safepoint    ] Total time for which application threads were stopped: 0.0092499 seconds, Stopping threads took: 0.0022146 seconds
[20.343s][info ][gc           ] GC(163) Concurrent Sweep 390.893ms
[20.343s][info ][gc,cpu       ] GC(163) User=1.99s Sys=0.03s Real=0.39s
[20.343s][info ][gc           ] GC(163) Concurrent Reset
[20.359s][info ][gc           ] GC(163) Concurrent Reset 15.400ms
[20.359s][info ][gc,cpu       ] GC(163) User=0.13s Sys=0.01s Real=0.01s
[20.359s][info ][gc,heap      ] GC(163) Old: 255877K->229405K(602112K)
[20.366s][info ][safepoint    ] Application time: 0.0509920 seconds
[20.367s][info ][safepoint    ] Entering safepoint region: GenCollectForAllocation
[20.367s][info ][gc,start     ] GC(175) Pause Young (Allocation Failure)
[20.367s][info ][gc,task      ] GC(175) Using 4 workers of 4 for evacuation
[20.372s][debug][gc,ref       ] GC(175) Skipped phase1 of Reference Processing due to unavailable references
[20.372s][debug][gc,ref       ] GC(175) Skipped phase3 of Reference Processing due to unavailable references
[20.372s][debug][gc,age       ] GC(175) Desired survivor size 15400960 bytes, new threshold 6 (max threshold 6)
[20.372s][info ][gc,heap      ] GC(175) ParNew: 252261K->9055K(270976K)
[20.372s][info ][gc,heap      ] GC(175) CMS: 229405K->229405K(602112K)
[20.372s][info ][gc,metaspace ] GC(175) Metaspace: 58427K->58427K(1101824K)
[20.372s][info ][gc           ] GC(175) Pause Young (Allocation Failure) 470M->232M(852M) 5.364ms
[20.372s][info ][gc,cpu       ] GC(175) User=0.02s Sys=0.00s Real=0.01s
[20.372s][info ][safepoint    ] Leaving safepoint region
[20.372s][info ][safepoint    ] Total time for which application threads were stopped: 0.0059374 seconds, Stopping threads took: 0.0002000 seconds
[20.425s][info ][safepoint    ] Application time: 0.0525082 seconds
[20.428s][info ][safepoint    ] Entering safepoint region: GenCollectForAllocation
[20.429s][info ][safepoint    ] Leaving safepoint region
[20.429s][info ][safepoint    ] Total time for which application threads were stopped: 0.0036034 seconds, Stopping threads took: 0.0034102 seconds
[20.432s][info ][safepoint    ] Application time: 0.0038980 seconds
[20.433s][info ][safepoint    ] Entering safepoint region: GenCollectForAllocation
[20.433s][info ][gc,start     ] GC(176) Pause Young (Allocation Failure)
[20.433s][info ][gc,task      ] GC(176) Using 4 workers of 4 for evacuation
[20.442s][debug][gc,ref       ] GC(176) Skipped phase1 of Reference Processing due to unavailable references
[20.442s][debug][gc,ref       ] GC(176) Skipped phase3 of Reference Processing due to unavailable references
[20.442s][debug][gc,age       ] GC(176) Desired survivor size 15400960 bytes, new threshold 6 (max threshold 6)
[20.442s][info ][gc,heap      ] GC(176) ParNew: 249951K->10871K(270976K)
[20.442s][info ][gc,heap      ] GC(176) CMS: 229405K->229405K(602112K)
[20.442s][info ][gc,metaspace ] GC(176) Metaspace: 58464K->58464K(1101824K)
[20.442s][info ][gc           ] GC(176) Pause Young (Allocation Failure) 468M->234M(852M) 9.525ms
[20.443s][info ][gc,cpu       ] GC(176) User=0.03s Sys=0.00s Real=0.01s
[20.443s][info ][safepoint    ] Leaving safepoint region
[20.443s][info ][safepoint    ] Total time for which application threads were stopped: 0.0101183 seconds, Stopping threads took: 0.0003968 seconds
[20.534s][info ][safepoint    ] Application time: 0.0912558 seconds
[20.538s][info ][safepoint    ] Entering safepoint region: GenCollectForAllocation
[20.538s][info ][gc,start     ] GC(177) Pause Young (Allocation Failure)
[20.538s][info ][gc,task      ] GC(177) Using 4 workers of 4 for evacuation
[20.544s][debug][gc,ref       ] GC(177) Skipped phase1 of Reference Processing due to unavailable references
[20.544s][debug][gc,ref       ] GC(177) Skipped phase3 of Reference Processing due to unavailable references
[20.544s][debug][gc,ref       ] GC(177) Skipped phase4 of Reference Processing due to unavailable references
[20.544s][debug][gc,age       ] GC(177) Desired survivor size 15400960 bytes, new threshold 6 (max threshold 6)
[20.544s][info ][gc,heap      ] GC(177) ParNew: 251767K->11737K(270976K)
[20.544s][info ][gc,heap      ] GC(177) CMS: 229405K->229405K(602112K)
[20.544s][info ][gc,metaspace ] GC(177) Metaspace: 58478K->58478K(1101824K)
[20.544s][info ][gc           ] GC(177) Pause Young (Allocation Failure) 469M->235M(852M) 6.340ms
[20.544s][info ][gc,cpu       ] GC(177) User=0.02s Sys=0.00s Real=0.01s
[20.544s][info ][safepoint    ] Leaving safepoint region
[20.544s][info ][safepoint    ] Total time for which application threads were stopped: 0.0102906 seconds, Stopping threads took: 0.0036870 seconds
[20.646s][info ][safepoint    ] Application time: 0.1014611 seconds
[20.657s][info ][safepoint    ] Entering safepoint region: GenCollectForAllocation
[20.657s][info ][gc,start     ] GC(178) Pause Young (Allocation Failure)
[20.657s][info ][gc,task      ] GC(178) Using 4 workers of 4 for evacuation
[20.664s][debug][gc,ref       ] GC(178) Skipped phase1 of Reference Processing due to unavailable references
[20.664s][debug][gc,ref       ] GC(178) Skipped phase3 of Reference Processing due to unavailable references
[20.664s][debug][gc,ref       ] GC(178) Skipped phase4 of Reference Processing due to unavailable references
[20.664s][debug][gc,age       ] GC(178) Desired survivor size 15400960 bytes, new threshold 6 (max threshold 6)
[20.664s][info ][gc,heap      ] GC(178) ParNew: 252633K->12339K(270976K)
[20.664s][info ][gc,heap      ] GC(178) CMS: 229405K->230558K(602112K)
[20.664s][info ][gc,metaspace ] GC(178) Metaspace: 58514K->58514K(1101824K)
[20.664s][info ][gc           ] GC(178) Pause Young (Allocation Failure) 470M->237M(852M) 7.488ms
[20.664s][info ][gc,cpu       ] GC(178) User=0.02s Sys=0.00s Real=0.01s
[20.664s][info ][safepoint    ] Leaving safepoint region
[20.664s][info ][safepoint    ] Total time for which application threads were stopped: 0.0187476 seconds, Stopping threads took: 0.0109975 seconds
[20.726s][info ][safepoint    ] Application time: 0.0616358 seconds
[20.726s][info ][safepoint    ] Entering safepoint region: GenCollectForAllocation
[20.726s][info ][gc,start     ] GC(179) Pause Young (Allocation Failure)
[20.726s][info ][gc,task      ] GC(179) Using 4 workers of 4 for evacuation
[20.733s][debug][gc,ref       ] GC(179) Skipped phase1 of Reference Processing due to unavailable references
[20.733s][debug][gc,ref       ] GC(179) Skipped phase3 of Reference Processing due to unavailable references
[20.733s][debug][gc,ref       ] GC(179) Skipped phase4 of Reference Processing due to unavailable references
[20.733s][debug][gc,age       ] GC(179) Desired survivor size 15400960 bytes, new threshold 6 (max threshold 6)
[20.733s][info ][gc,heap      ] GC(179) ParNew: 253235K->7722K(270976K)
[20.733s][info ][gc,heap      ] GC(179) CMS: 230558K->234362K(602112K)
[20.733s][info ][gc,metaspace ] GC(179) Metaspace: 58528K->58528K(1101824K)
[20.733s][info ][gc           ] GC(179) Pause Young (Allocation Failure) 472M->236M(852M) 6.700ms
[20.733s][info ][gc,cpu       ] GC(179) User=0.02s Sys=0.00s Real=0.01s
[20.733s][info ][safepoint    ] Leaving safepoint region
[20.733s][info ][safepoint    ] Total time for which application threads were stopped: 0.0070980 seconds, Stopping threads took: 0.0001764 seconds
[20.794s][info ][safepoint    ] Application time: 0.0607215 seconds
[20.797s][info ][safepoint    ] Entering safepoint region: GenCollectForAllocation
[20.797s][info ][gc,start     ] GC(180) Pause Young (Allocation Failure)
[20.797s][info ][gc,task      ] GC(180) Using 4 workers of 4 for evacuation
[20.801s][debug][gc,ref       ] GC(180) Skipped phase1 of Reference Processing due to unavailable references
[20.801s][debug][gc,ref       ] GC(180) Skipped phase3 of Reference Processing due to unavailable references
[20.801s][debug][gc,ref       ] GC(180) Skipped phase4 of Reference Processing due to unavailable references
[20.801s][debug][gc,age       ] GC(180) Desired survivor size 15400960 bytes, new threshold 6 (max threshold 6)
[20.801s][info ][gc,heap      ] GC(180) ParNew: 248618K->6716K(270976K)
[20.801s][info ][gc,heap      ] GC(180) CMS: 234362K->234526K(602112K)
[20.801s][info ][gc,metaspace ] GC(180) Metaspace: 58541K->58541K(1101824K)
[20.801s][info ][gc           ] GC(180) Pause Young (Allocation Failure) 471M->235M(852M) 4.084ms
[20.801s][info ][gc,cpu       ] GC(180) User=0.02s Sys=0.00s Real=0.01s
[20.801s][info ][safepoint    ] Leaving safepoint region
[20.801s][info ][safepoint    ] Total time for which application threads were stopped: 0.0074899 seconds, Stopping threads took: 0.0031847 seconds
[20.861s][info ][safepoint    ] Application time: 0.0595564 seconds
[20.864s][info ][safepoint    ] Entering safepoint region: GenCollectForAllocation
[20.865s][info ][gc,start     ] GC(181) Pause Young (Allocation Failure)
[20.865s][info ][gc,task      ] GC(181) Using 4 workers of 4 for evacuation
[20.868s][debug][gc,ref       ] GC(181) Skipped phase1 of Reference Processing due to unavailable references
[20.868s][debug][gc,ref       ] GC(181) Skipped phase3 of Reference Processing due to unavailable references
[20.868s][debug][gc,ref       ] GC(181) Skipped phase4 of Reference Processing due to unavailable references
[20.868s][debug][gc,age       ] GC(181) Desired survivor size 15400960 bytes, new threshold 6 (max threshold 6)
[20.868s][info ][gc,heap      ] GC(181) ParNew: 247612K->9863K(270976K)
[20.869s][info ][gc,heap      ] GC(181) CMS: 234526K->234576K(602112K)
[20.869s][info ][gc,metaspace ] GC(181) Metaspace: 58578K->58578K(1101824K)
[20.869s][info ][gc           ] GC(181) Pause Young (Allocation Failure) 470M->238M(852M) 3.933ms
[20.869s][info ][gc,cpu       ] GC(181) User=0.01s Sys=0.00s Real=0.01s
[20.869s][info ][safepoint    ] Leaving safepoint region
[20.869s][info ][safepoint    ] Total time for which application threads were stopped: 0.0075803 seconds, Stopping threads took: 0.0034354 seconds
[20.948s][info ][safepoint    ] Application time: 0.0795871 seconds
[20.953s][info ][safepoint    ] Entering safepoint region: GenCollectForAllocation
[20.953s][info ][gc,start     ] GC(182) Pause Young (Allocation Failure)
[20.953s][info ][gc,task      ] GC(182) Using 4 workers of 4 for evacuation
[20.959s][debug][gc,ref       ] GC(182) Skipped phase1 of Reference Processing due to unavailable references
[20.959s][debug][gc,ref       ] GC(182) Skipped phase2 of Reference Processing due to unavailable references
[20.959s][debug][gc,ref       ] GC(182) Skipped phase3 of Reference Processing due to unavailable references
[20.959s][debug][gc,ref       ] GC(182) Skipped phase4 of Reference Processing due to unavailable references
[20.959s][debug][gc,age       ] GC(182) Desired survivor size 15400960 bytes, new threshold 6 (max threshold 6)
[20.959s][info ][gc,heap      ] GC(182) ParNew: 250759K->6856K(270976K)
[20.959s][info ][gc,heap      ] GC(182) CMS: 234576K->235539K(602112K)
[20.959s][info ][gc,metaspace ] GC(182) Metaspace: 58607K->58607K(1101824K)
[20.959s][info ][gc           ] GC(182) Pause Young (Allocation Failure) 473M->236M(852M) 5.873ms
[20.959s][info ][gc,cpu       ] GC(182) User=0.02s Sys=0.00s Real=0.00s
[20.959s][info ][safepoint    ] Leaving safepoint region
[20.959s][info ][safepoint    ] Total time for which application threads were stopped: 0.0106617 seconds, Stopping threads took: 0.0045676 seconds
[21.014s][info ][safepoint    ] Application time: 0.0546998 seconds
[21.017s][info ][safepoint    ] Entering safepoint region: GenCollectForAllocation
[21.017s][info ][gc,start     ] GC(183) Pause Young (Allocation Failure)
[21.017s][info ][gc,task      ] GC(183) Using 4 workers of 4 for evacuation
[21.022s][debug][gc,ref       ] GC(183) Skipped phase1 of Reference Processing due to unavailable references
[21.022s][debug][gc,ref       ] GC(183) Skipped phase3 of Reference Processing due to unavailable references
[21.022s][debug][gc,age       ] GC(183) Desired survivor size 15400960 bytes, new threshold 6 (max threshold 6)
[21.022s][info ][gc,heap      ] GC(183) ParNew: 247752K->7339K(270976K)
[21.022s][info ][gc,heap      ] GC(183) CMS: 235539K->236573K(602112K)
[21.022s][info ][gc,metaspace ] GC(183) Metaspace: 58629K->58629K(1101824K)
[21.022s][info ][gc           ] GC(183) Pause Young (Allocation Failure) 471M->238M(852M) 4.936ms
[21.022s][info ][gc,cpu       ] GC(183) User=0.01s Sys=0.00s Real=0.01s
[21.022s][info ][safepoint    ] Leaving safepoint region
[21.022s][info ][safepoint    ] Total time for which application threads were stopped: 0.0086481 seconds, Stopping threads took: 0.0035165 seconds
[21.086s][info ][safepoint    ] Application time: 0.0641570 seconds
[21.087s][info ][safepoint    ] Entering safepoint region: GenCollectForAllocation
[21.087s][info ][gc,start     ] GC(184) Pause Young (Allocation Failure)
[21.087s][info ][gc,task      ] GC(184) Using 4 workers of 4 for evacuation
[21.091s][debug][gc,ref       ] GC(184) Skipped phase1 of Reference Processing due to unavailable references
[21.091s][debug][gc,ref       ] GC(184) Skipped phase3 of Reference Processing due to unavailable references
[21.091s][debug][gc,age       ] GC(184) Desired survivor size 15400960 bytes, new threshold 6 (max threshold 6)
[21.091s][info ][gc,heap      ] GC(184) ParNew: 248235K->5502K(270976K)
[21.091s][info ][gc,heap      ] GC(184) CMS: 236573K->237633K(602112K)
[21.091s][info ][gc,metaspace ] GC(184) Metaspace: 58747K->58747K(1103872K)
[21.091s][info ][gc           ] GC(184) Pause Young (Allocation Failure) 473M->237M(852M) 4.623ms
[21.091s][info ][gc,cpu       ] GC(184) User=0.02s Sys=0.00s Real=0.01s
[21.092s][info ][safepoint    ] Leaving safepoint region
[21.092s][info ][safepoint    ] Total time for which application threads were stopped: 0.0050523 seconds, Stopping threads took: 0.0001720 seconds
[21.150s][info ][safepoint    ] Application time: 0.0582326 seconds
[21.151s][info ][safepoint    ] Entering safepoint region: GenCollectForAllocation
[21.151s][info ][gc,start     ] GC(185) Pause Young (Allocation Failure)
[21.151s][info ][gc,task      ] GC(185) Using 4 workers of 4 for evacuation
[21.154s][debug][gc,ref       ] GC(185) Skipped phase1 of Reference Processing due to unavailable references
[21.154s][debug][gc,ref       ] GC(185) Skipped phase3 of Reference Processing due to unavailable references
[21.155s][debug][gc,age       ] GC(185) Desired survivor size 15400960 bytes, new threshold 6 (max threshold 6)
[21.155s][info ][gc,heap      ] GC(185) ParNew: 246398K->7246K(270976K)
[21.155s][info ][gc,heap      ] GC(185) CMS: 237633K->237719K(602112K)
[21.155s][info ][gc,metaspace ] GC(185) Metaspace: 58807K->58807K(1103872K)
[21.155s][info ][gc           ] GC(185) Pause Young (Allocation Failure) 472M->239M(852M) 3.446ms
[21.155s][info ][gc,cpu       ] GC(185) User=0.02s Sys=0.00s Real=0.00s
[21.155s][info ][safepoint    ] Leaving safepoint region
[21.155s][info ][safepoint    ] Total time for which application threads were stopped: 0.0048167 seconds, Stopping threads took: 0.0011721 seconds
[21.208s][info ][safepoint    ] Application time: 0.0535570 seconds
[21.212s][info ][safepoint    ] Entering safepoint region: GenCollectForAllocation
[21.212s][info ][gc,start     ] GC(186) Pause Young (Allocation Failure)
[21.212s][info ][gc,task      ] GC(186) Using 4 workers of 4 for evacuation
[21.223s][debug][gc,ref       ] GC(186) Skipped phase1 of Reference Processing due to unavailable references
[21.223s][debug][gc,ref       ] GC(186) Skipped phase3 of Reference Processing due to unavailable references
[21.224s][debug][gc,age       ] GC(186) Desired survivor size 15400960 bytes, new threshold 6 (max threshold 6)
[21.224s][info ][gc,heap      ] GC(186) ParNew: 248142K->5412K(270976K)
[21.224s][info ][gc,heap      ] GC(186) CMS: 237719K->239520K(602112K)
[21.224s][info ][gc,metaspace ] GC(186) Metaspace: 58812K->58812K(1103872K)
[21.224s][info ][gc           ] GC(186) Pause Young (Allocation Failure) 474M->239M(852M) 11.899ms
[21.224s][info ][gc,cpu       ] GC(186) User=0.05s Sys=0.00s Real=0.01s
[21.224s][info ][safepoint    ] Leaving safepoint region
[21.224s][info ][safepoint    ] Total time for which application threads were stopped: 0.0155335 seconds, Stopping threads took: 0.0034301 seconds
[21.276s][info ][safepoint    ] Application time: 0.0520938 seconds
[21.280s][info ][safepoint    ] Entering safepoint region: GenCollectForAllocation
[21.280s][info ][gc,start     ] GC(187) Pause Young (Allocation Failure)
[21.280s][info ][gc,task      ] GC(187) Using 4 workers of 4 for evacuation
[21.293s][debug][gc,ref       ] GC(187) Skipped phase1 of Reference Processing due to unavailable references
[21.293s][debug][gc,ref       ] GC(187) Skipped phase3 of Reference Processing due to unavailable references
[21.293s][debug][gc,age       ] GC(187) Desired survivor size 15400960 bytes, new threshold 6 (max threshold 6)
[21.293s][info ][gc,heap      ] GC(187) ParNew: 246308K->3832K(270976K)
[21.293s][info ][gc,heap      ] GC(187) CMS: 239520K->239985K(602112K)
[21.293s][info ][gc,metaspace ] GC(187) Metaspace: 58832K->58832K(1103872K)
[21.293s][info ][gc           ] GC(187) Pause Young (Allocation Failure) 474M->238M(852M) 12.335ms
[21.293s][info ][gc,cpu       ] GC(187) User=0.02s Sys=0.00s Real=0.01s
[21.293s][info ][safepoint    ] Leaving safepoint region
[21.293s][info ][safepoint    ] Total time for which application threads were stopped: 0.0169934 seconds, Stopping threads took: 0.0044279 seconds
[21.371s][info ][safepoint    ] Application time: 0.0781412 seconds
[21.371s][info ][safepoint    ] Entering safepoint region: GenCollectForAllocation
[21.371s][info ][gc,start     ] GC(188) Pause Young (Allocation Failure)
[21.371s][info ][gc,task      ] GC(188) Using 4 workers of 4 for evacuation
[21.375s][debug][gc,ref       ] GC(188) Skipped phase1 of Reference Processing due to unavailable references
[21.375s][debug][gc,ref       ] GC(188) Skipped phase3 of Reference Processing due to unavailable references
[21.375s][debug][gc,age       ] GC(188) Desired survivor size 15400960 bytes, new threshold 6 (max threshold 6)
[21.375s][info ][gc,heap      ] GC(188) ParNew: 244728K->4413K(270976K)
[21.375s][info ][gc,heap      ] GC(188) CMS: 239985K->240180K(602112K)
[21.375s][info ][gc,metaspace ] GC(188) Metaspace: 58879K->58879K(1103872K)
[21.375s][info ][gc           ] GC(188) Pause Young (Allocation Failure) 473M->238M(852M) 3.466ms
[21.375s][info ][gc,cpu       ] GC(188) User=0.02s Sys=0.00s Real=0.00s
[21.375s][info ][safepoint    ] Leaving safepoint region
[21.375s][info ][safepoint    ] Total time for which application threads were stopped: 0.0038322 seconds, Stopping threads took: 0.0001666 seconds
[21.450s][info ][safepoint    ] Application time: 0.0752947 seconds
[21.454s][info ][safepoint    ] Entering safepoint region: GenCollectForAllocation
[21.454s][info ][gc,start     ] GC(189) Pause Young (Allocation Failure)
[21.454s][info ][gc,task      ] GC(189) Using 4 workers of 4 for evacuation
[21.458s][debug][gc,ref       ] GC(189) Skipped phase1 of Reference Processing due to unavailable references
[21.458s][debug][gc,ref       ] GC(189) Skipped phase3 of Reference Processing due to unavailable references
[21.458s][debug][gc,age       ] GC(189) Desired survivor size 15400960 bytes, new threshold 6 (max threshold 6)
[21.458s][info ][gc,heap      ] GC(189) ParNew: 245309K->6614K(270976K)
[21.458s][info ][gc,heap      ] GC(189) CMS: 240180K->240295K(602112K)
[21.458s][info ][gc,metaspace ] GC(189) Metaspace: 58910K->58910K(1103872K)
[21.458s][info ][gc           ] GC(189) Pause Young (Allocation Failure) 474M->241M(852M) 4.042ms
[21.458s][info ][gc,cpu       ] GC(189) User=0.02s Sys=0.00s Real=0.00s
[21.458s][info ][safepoint    ] Leaving safepoint region
[21.458s][info ][safepoint    ] Total time for which application threads were stopped: 0.0078698 seconds, Stopping threads took: 0.0036018 seconds
[21.518s][info ][safepoint    ] Application time: 0.0600109 seconds
[21.522s][info ][safepoint    ] Entering safepoint region: GenCollectForAllocation
[21.522s][info ][gc,start     ] GC(190) Pause Young (Allocation Failure)
[21.522s][info ][gc,task      ] GC(190) Using 4 workers of 4 for evacuation
[21.526s][debug][gc,ref       ] GC(190) Skipped phase1 of Reference Processing due to unavailable references
[21.526s][debug][gc,ref       ] GC(190) Skipped phase3 of Reference Processing due to unavailable references
[21.526s][debug][gc,ref       ] GC(190) Skipped phase4 of Reference Processing due to unavailable references
[21.527s][debug][gc,age       ] GC(190) Desired survivor size 15400960 bytes, new threshold 6 (max threshold 6)
[21.527s][info ][gc,heap      ] GC(190) ParNew: 247510K->5892K(270976K)
[21.527s][info ][gc,heap      ] GC(190) CMS: 240295K->241659K(602112K)
[21.527s][info ][gc,metaspace ] GC(190) Metaspace: 58924K->58924K(1103872K)
[21.527s][info ][gc           ] GC(190) Pause Young (Allocation Failure) 476M->241M(852M) 4.843ms
[21.527s][info ][gc,cpu       ] GC(190) User=0.01s Sys=0.00s Real=0.00s
[21.527s][info ][safepoint    ] Leaving safepoint region
[21.527s][info ][safepoint    ] Total time for which application threads were stopped: 0.0084703 seconds, Stopping threads took: 0.0034213 seconds
[21.583s][info ][safepoint    ] Application time: 0.0563242 seconds
[21.584s][info ][safepoint    ] Entering safepoint region: GenCollectForAllocation
[21.584s][info ][gc,start     ] GC(191) Pause Young (Allocation Failure)
[21.584s][info ][gc,task      ] GC(191) Using 4 workers of 4 for evacuation
[21.588s][debug][gc,ref       ] GC(191) Skipped phase1 of Reference Processing due to unavailable references
[21.588s][debug][gc,ref       ] GC(191) Skipped phase3 of Reference Processing due to unavailable references
[21.588s][debug][gc,age       ] GC(191) Desired survivor size 15400960 bytes, new threshold 6 (max threshold 6)
[21.588s][info ][gc,heap      ] GC(191) ParNew: 246788K->6356K(270976K)
[21.588s][info ][gc,heap      ] GC(191) CMS: 241659K->241734K(602112K)
[21.588s][info ][gc,metaspace ] GC(191) Metaspace: 58961K->58961K(1103872K)
[21.588s][info ][gc           ] GC(191) Pause Young (Allocation Failure) 476M->242M(852M) 4.333ms
[21.588s][info ][gc,cpu       ] GC(191) User=0.01s Sys=0.00s Real=0.01s
[21.589s][info ][safepoint    ] Leaving safepoint region
[21.589s][info ][safepoint    ] Total time for which application threads were stopped: 0.0055656 seconds, Stopping threads took: 0.0010184 seconds
[21.655s][info ][safepoint    ] Application time: 0.0667134 seconds
[21.656s][info ][safepoint    ] Entering safepoint region: GenCollectForAllocation
[21.656s][info ][gc,start     ] GC(192) Pause Young (Allocation Failure)
[21.657s][info ][gc,task      ] GC(192) Using 4 workers of 4 for evacuation
[21.672s][debug][gc,ref       ] GC(192) Skipped phase1 of Reference Processing due to unavailable references
[21.672s][debug][gc,ref       ] GC(192) Skipped phase3 of Reference Processing due to unavailable references
[21.672s][debug][gc,ref       ] GC(192) Skipped phase4 of Reference Processing due to unavailable references
[21.673s][debug][gc,age       ] GC(192) Desired survivor size 15400960 bytes, new threshold 6 (max threshold 6)
[21.673s][info ][gc,heap      ] GC(192) ParNew: 247252K->7833K(270976K)
[21.673s][info ][gc,heap      ] GC(192) CMS: 241734K->241917K(602112K)
[21.673s][info ][gc,metaspace ] GC(192) Metaspace: 58995K->58995K(1103872K)
[21.673s][info ][gc           ] GC(192) Pause Young (Allocation Failure) 477M->243M(852M) 16.116ms
[21.673s][info ][gc,cpu       ] GC(192) User=0.04s Sys=0.01s Real=0.02s
[21.673s][info ][safepoint    ] Leaving safepoint region
[21.673s][info ][safepoint    ] Total time for which application threads were stopped: 0.0173983 seconds, Stopping threads took: 0.0010549 seconds
[21.780s][info ][safepoint    ] Application time: 0.1069912 seconds
[21.784s][info ][safepoint    ] Entering safepoint region: GenCollectForAllocation
[21.784s][info ][gc,start     ] GC(193) Pause Young (Allocation Failure)
[21.784s][info ][gc,task      ] GC(193) Using 4 workers of 4 for evacuation
[21.796s][debug][gc,ref       ] GC(193) Skipped phase1 of Reference Processing due to unavailable references
[21.796s][debug][gc,ref       ] GC(193) Skipped phase3 of Reference Processing due to unavailable references
[21.796s][debug][gc,ref       ] GC(193) Skipped phase4 of Reference Processing due to unavailable references
[21.797s][debug][gc,age       ] GC(193) Desired survivor size 15400960 bytes, new threshold 6 (max threshold 6)
[21.797s][info ][gc,heap      ] GC(193) ParNew: 248729K->7768K(270976K)
[21.797s][info ][gc,heap      ] GC(193) CMS: 241917K->242016K(602112K)
[21.797s][info ][gc,metaspace ] GC(193) Metaspace: 58999K->58999K(1103872K)
[21.797s][info ][gc           ] GC(193) Pause Young (Allocation Failure) 479M->243M(852M) 13.693ms
[21.797s][info ][gc,cpu       ] GC(193) User=0.04s Sys=0.00s Real=0.01s
[21.797s][info ][safepoint    ] Leaving safepoint region
[21.797s][info ][safepoint    ] Total time for which application threads were stopped: 0.0177858 seconds, Stopping threads took: 0.0038884 seconds
[21.895s][info ][safepoint    ] Application time: 0.0970068 seconds
[21.896s][info ][safepoint    ] Entering safepoint region: GenCollectForAllocation
[21.896s][info ][gc,start     ] GC(194) Pause Young (Allocation Failure)
[21.896s][info ][gc,task      ] GC(194) Using 4 workers of 4 for evacuation
[21.902s][debug][gc,ref       ] GC(194) Skipped phase1 of Reference Processing due to unavailable references
[21.902s][debug][gc,ref       ] GC(194) Skipped phase3 of Reference Processing due to unavailable references
[21.902s][debug][gc,ref       ] GC(194) Skipped phase4 of Reference Processing due to unavailable references
[21.903s][debug][gc,age       ] GC(194) Desired survivor size 15400960 bytes, new threshold 6 (max threshold 6)
[21.903s][info ][gc,heap      ] GC(194) ParNew: 248664K->10352K(270976K)
[21.903s][info ][gc,heap      ] GC(194) CMS: 242016K->242505K(602112K)
[21.903s][info ][gc,metaspace ] GC(194) Metaspace: 59008K->59008K(1103872K)
[21.903s][info ][gc           ] GC(194) Pause Young (Allocation Failure) 479M->246M(852M) 6.437ms
[21.903s][info ][gc,cpu       ] GC(194) User=0.02s Sys=0.00s Real=0.01s
[21.903s][info ][safepoint    ] Leaving safepoint region
[21.903s][info ][safepoint    ] Total time for which application threads were stopped: 0.0081815 seconds, Stopping threads took: 0.0014928 seconds
[21.992s][info ][safepoint    ] Application time: 0.0891493 seconds
[21.992s][info ][safepoint    ] Entering safepoint region: GenCollectForAllocation
[21.992s][info ][gc,start     ] GC(195) Pause Young (Allocation Failure)
[21.992s][info ][gc,task      ] GC(195) Using 4 workers of 4 for evacuation
[21.998s][debug][gc,ref       ] GC(195) Skipped phase1 of Reference Processing due to unavailable references
[21.998s][debug][gc,ref       ] GC(195) Skipped phase3 of Reference Processing due to unavailable references
[21.998s][debug][gc,ref       ] GC(195) Skipped phase4 of Reference Processing due to unavailable references
[21.998s][debug][gc,age       ] GC(195) Desired survivor size 15400960 bytes, new threshold 6 (max threshold 6)
[21.998s][info ][gc,heap      ] GC(195) ParNew: 251248K->7977K(270976K)
[21.998s][info ][gc,heap      ] GC(195) CMS: 242505K->244895K(602112K)
[21.998s][info ][gc,metaspace ] GC(195) Metaspace: 59034K->59034K(1103872K)
[21.998s][info ][gc           ] GC(195) Pause Young (Allocation Failure) 482M->246M(852M) 6.185ms
[21.999s][info ][gc,cpu       ] GC(195) User=0.03s Sys=0.01s Real=0.00s
[21.999s][info ][safepoint    ] Leaving safepoint region
[21.999s][info ][safepoint    ] Total time for which application threads were stopped: 0.0066563 seconds, Stopping threads took: 0.0002026 seconds
[22.061s][info ][safepoint    ] Application time: 0.0623465 seconds
[22.064s][info ][safepoint    ] Entering safepoint region: GenCollectForAllocation
[22.065s][info ][gc,start     ] GC(196) Pause Young (Allocation Failure)
[22.065s][info ][gc,task      ] GC(196) Using 4 workers of 4 for evacuation
[22.070s][debug][gc,ref       ] GC(196) Skipped phase1 of Reference Processing due to unavailable references
[22.070s][debug][gc,ref       ] GC(196) Skipped phase2 of Reference Processing due to unavailable references
[22.070s][debug][gc,ref       ] GC(196) Skipped phase3 of Reference Processing due to unavailable references
[22.070s][debug][gc,ref       ] GC(196) Skipped phase4 of Reference Processing due to unavailable references
[22.070s][debug][gc,age       ] GC(196) Desired survivor size 15400960 bytes, new threshold 6 (max threshold 6)
[22.070s][info ][gc,heap      ] GC(196) ParNew: 248873K->8442K(270976K)
[22.070s][info ][gc,heap      ] GC(196) CMS: 244895K->245008K(602112K)
[22.070s][info ][gc,metaspace ] GC(196) Metaspace: 59044K->59044K(1103872K)
[22.070s][info ][gc           ] GC(196) Pause Young (Allocation Failure) 482M->247M(852M) 5.809ms
[22.070s][info ][gc,cpu       ] GC(196) User=0.02s Sys=0.00s Real=0.01s
[22.070s][info ][safepoint    ] Leaving safepoint region
[22.070s][info ][safepoint    ] Total time for which application threads were stopped: 0.0094297 seconds, Stopping threads took: 0.0034010 seconds
[22.128s][info ][safepoint    ] Application time: 0.0576302 seconds
[22.136s][info ][safepoint    ] Entering safepoint region: GenCollectForAllocation
[22.136s][info ][gc,start     ] GC(197) Pause Young (Allocation Failure)
[22.137s][info ][gc,task      ] GC(197) Using 4 workers of 4 for evacuation
[22.144s][debug][gc,ref       ] GC(197) Skipped phase1 of Reference Processing due to unavailable references
[22.144s][debug][gc,ref       ] GC(197) Skipped phase3 of Reference Processing due to unavailable references
[22.144s][debug][gc,ref       ] GC(197) Skipped phase4 of Reference Processing due to unavailable references
[22.144s][debug][gc,age       ] GC(197) Desired survivor size 15400960 bytes, new threshold 6 (max threshold 6)
[22.144s][info ][gc,heap      ] GC(197) ParNew: 249338K->11062K(270976K)
[22.144s][info ][gc,heap      ] GC(197) CMS: 245008K->245093K(602112K)
[22.144s][info ][gc,metaspace ] GC(197) Metaspace: 59055K->59055K(1103872K)
[22.144s][info ][gc           ] GC(197) Pause Young (Allocation Failure) 482M->250M(852M) 7.441ms
[22.144s][info ][gc,cpu       ] GC(197) User=0.02s Sys=0.01s Real=0.01s
[22.144s][info ][safepoint    ] Leaving safepoint region
[22.144s][info ][safepoint    ] Total time for which application threads were stopped: 0.0159564 seconds, Stopping threads took: 0.0083021 seconds
[22.190s][info ][safepoint    ] Application time: 0.0459034 seconds
[22.190s][info ][safepoint    ] Entering safepoint region: GenCollectForAllocation
[22.191s][info ][gc,start     ] GC(198) Pause Young (Allocation Failure)
[22.191s][info ][gc,task      ] GC(198) Using 4 workers of 4 for evacuation
[22.196s][debug][gc,ref       ] GC(198) Skipped phase1 of Reference Processing due to unavailable references
[22.196s][debug][gc,ref       ] GC(198) Skipped phase3 of Reference Processing due to unavailable references
[22.196s][debug][gc,ref       ] GC(198) Skipped phase4 of Reference Processing due to unavailable references
[22.196s][debug][gc,age       ] GC(198) Desired survivor size 15400960 bytes, new threshold 6 (max threshold 6)
[22.196s][info ][gc,heap      ] GC(198) ParNew: 251958K->8721K(270976K)
[22.196s][info ][gc,heap      ] GC(198) CMS: 245093K->247364K(602112K)
[22.196s][info ][gc,metaspace ] GC(198) Metaspace: 59075K->59075K(1103872K)
[22.196s][info ][gc           ] GC(198) Pause Young (Allocation Failure) 485M->250M(852M) 5.542ms
[22.196s][info ][gc,cpu       ] GC(198) User=0.02s Sys=0.00s Real=0.00s
[22.196s][info ][safepoint    ] Leaving safepoint region
[22.196s][info ][safepoint    ] Total time for which application threads were stopped: 0.0063402 seconds, Stopping threads took: 0.0005568 seconds
[22.266s][info ][safepoint    ] Application time: 0.0701953 seconds
[22.268s][info ][safepoint    ] Entering safepoint region: GenCollectForAllocation
[22.269s][info ][gc,start     ] GC(199) Pause Young (Allocation Failure)
[22.269s][info ][gc,task      ] GC(199) Using 4 workers of 4 for evacuation
[22.274s][debug][gc,ref       ] GC(199) Skipped phase1 of Reference Processing due to unavailable references
[22.274s][debug][gc,ref       ] GC(199) Skipped phase3 of Reference Processing due to unavailable references
[22.274s][debug][gc,ref       ] GC(199) Skipped phase4 of Reference Processing due to unavailable references
[22.274s][debug][gc,age       ] GC(199) Desired survivor size 15400960 bytes, new threshold 6 (max threshold 6)
[22.274s][info ][gc,heap      ] GC(199) ParNew: 249617K->8815K(270976K)
[22.274s][info ][gc,heap      ] GC(199) CMS: 247364K->247691K(602112K)
[22.274s][info ][gc,metaspace ] GC(199) Metaspace: 59089K->59089K(1103872K)
[22.274s][info ][gc           ] GC(199) Pause Young (Allocation Failure) 485M->250M(852M) 5.644ms
[22.274s][info ][gc,cpu       ] GC(199) User=0.02s Sys=0.00s Real=0.00s
[22.274s][info ][safepoint    ] Leaving safepoint region
[22.274s][info ][safepoint    ] Total time for which application threads were stopped: 0.0077193 seconds, Stopping threads took: 0.0018549 seconds
[22.371s][info ][safepoint    ] Application time: 0.0969256 seconds
[22.374s][info ][safepoint    ] Entering safepoint region: GenCollectForAllocation
[22.374s][info ][gc,start     ] GC(200) Pause Young (Allocation Failure)
[22.374s][info ][gc,task      ] GC(200) Using 4 workers of 4 for evacuation
[22.381s][debug][gc,ref       ] GC(200) Skipped phase1 of Reference Processing due to unavailable references
[22.381s][debug][gc,ref       ] GC(200) Skipped phase3 of Reference Processing due to unavailable references
[22.381s][debug][gc,ref       ] GC(200) Skipped phase4 of Reference Processing due to unavailable references
[22.381s][debug][gc,age       ] GC(200) Desired survivor size 15400960 bytes, new threshold 6 (max threshold 6)
[22.381s][info ][gc,heap      ] GC(200) ParNew: 249711K->8299K(270976K)
[22.381s][info ][gc,heap      ] GC(200) CMS: 247691K->248516K(602112K)
[22.381s][info ][gc,metaspace ] GC(200) Metaspace: 59091K->59091K(1103872K)
[22.381s][info ][gc           ] GC(200) Pause Young (Allocation Failure) 485M->250M(852M) 6.676ms
[22.381s][info ][gc,cpu       ] GC(200) User=0.03s Sys=0.00s Real=0.01s
[22.381s][info ][safepoint    ] Leaving safepoint region
[22.381s][info ][safepoint    ] Total time for which application threads were stopped: 0.0099947 seconds, Stopping threads took: 0.0030894 seconds
[22.422s][info ][safepoint    ] Application time: 0.0405069 seconds
[22.424s][info ][safepoint    ] Entering safepoint region: RevokeBias
[22.424s][info ][safepoint    ] Leaving safepoint region
[22.424s][info ][safepoint    ] Total time for which application threads were stopped: 0.0027686 seconds, Stopping threads took: 0.0026085 seconds
[22.450s][info ][safepoint    ] Application time: 0.0254353 seconds
[22.454s][info ][safepoint    ] Entering safepoint region: RevokeBias
[22.454s][info ][safepoint    ] Leaving safepoint region
[22.454s][info ][safepoint    ] Total time for which application threads were stopped: 0.0043095 seconds, Stopping threads took: 0.0041302 seconds
[22.460s][info ][safepoint    ] Application time: 0.0053439 seconds
[22.460s][info ][safepoint    ] Entering safepoint region: RevokeBias
[22.460s][info ][gc,start     ] GC(201) Pause Young (Allocation Failure)
[22.460s][info ][gc,task      ] GC(201) Using 4 workers of 4 for evacuation
[22.470s][debug][gc,ref       ] GC(201) Skipped phase1 of Reference Processing due to unavailable references
[22.470s][debug][gc,ref       ] GC(201) Skipped phase3 of Reference Processing due to unavailable references
[22.470s][debug][gc,ref       ] GC(201) Skipped phase4 of Reference Processing due to unavailable references
[22.470s][debug][gc,age       ] GC(201) Desired survivor size 15400960 bytes, new threshold 6 (max threshold 6)
[22.470s][info ][gc,heap      ] GC(201) ParNew: 249195K->8463K(270976K)
[22.470s][info ][gc,heap      ] GC(201) CMS: 248516K->249631K(602112K)
[22.470s][info ][gc,metaspace ] GC(201) Metaspace: 59123K->59123K(1103872K)
[22.470s][info ][gc           ] GC(201) Pause Young (Allocation Failure) 486M->252M(852M) 10.115ms
[22.470s][info ][gc,cpu       ] GC(201) User=0.03s Sys=0.01s Real=0.02s
[22.470s][info ][safepoint    ] Leaving safepoint region
[22.470s][info ][safepoint    ] Total time for which application threads were stopped: 0.0104156 seconds, Stopping threads took: 0.0000807 seconds
[22.539s][info ][safepoint    ] Application time: 0.0686264 seconds
[22.542s][info ][safepoint    ] Entering safepoint region: GenCollectForAllocation
[22.542s][info ][gc,start     ] GC(202) Pause Young (Allocation Failure)
[22.542s][info ][gc,task      ] GC(202) Using 4 workers of 4 for evacuation
[22.550s][debug][gc,ref       ] GC(202) Skipped phase1 of Reference Processing due to unavailable references
[22.550s][debug][gc,ref       ] GC(202) Skipped phase3 of Reference Processing due to unavailable references
[22.550s][debug][gc,age       ] GC(202) Desired survivor size 15400960 bytes, new threshold 6 (max threshold 6)
[22.550s][info ][gc,heap      ] GC(202) ParNew: 249359K->8363K(270976K)
[22.550s][info ][gc,heap      ] GC(202) CMS: 249631K->251044K(602112K)
[22.550s][info ][gc,metaspace ] GC(202) Metaspace: 59154K->59154K(1103872K)
[22.550s][info ][gc           ] GC(202) Pause Young (Allocation Failure) 487M->253M(852M) 8.121ms
[22.550s][info ][gc,cpu       ] GC(202) User=0.03s Sys=0.00s Real=0.01s
[22.550s][info ][safepoint    ] Leaving safepoint region
[22.550s][info ][safepoint    ] Total time for which application threads were stopped: 0.0112102 seconds, Stopping threads took: 0.0028436 seconds
[22.620s][info ][safepoint    ] Application time: 0.0705314 seconds
[22.621s][info ][safepoint    ] Entering safepoint region: GenCollectForAllocation
[22.621s][info ][gc,start     ] GC(203) Pause Young (Allocation Failure)
[22.621s][info ][gc,task      ] GC(203) Using 4 workers of 4 for evacuation
[22.626s][debug][gc,ref       ] GC(203) Skipped phase1 of Reference Processing due to unavailable references
[22.626s][debug][gc,ref       ] GC(203) Skipped phase3 of Reference Processing due to unavailable references
[22.626s][debug][gc,ref       ] GC(203) Skipped phase4 of Reference Processing due to unavailable references
[22.626s][debug][gc,age       ] GC(203) Desired survivor size 15400960 bytes, new threshold 6 (max threshold 6)
[22.626s][info ][gc,heap      ] GC(203) ParNew: 249259K->7825K(270976K)
[22.626s][info ][gc,heap      ] GC(203) CMS: 251044K->251786K(602112K)
[22.626s][info ][gc,metaspace ] GC(203) Metaspace: 59163K->59163K(1103872K)
[22.626s][info ][gc           ] GC(203) Pause Young (Allocation Failure) 488M->253M(852M) 5.402ms
[22.626s][info ][gc,cpu       ] GC(203) User=0.03s Sys=0.00s Real=0.00s
[22.626s][info ][safepoint    ] Leaving safepoint region
[22.626s][info ][safepoint    ] Total time for which application threads were stopped: 0.0059795 seconds, Stopping threads took: 0.0002767 seconds
[22.721s][info ][safepoint    ] Application time: 0.0949498 seconds
[22.722s][info ][safepoint    ] Entering safepoint region: GenCollectForAllocation
[22.722s][info ][gc,start     ] GC(204) Pause Young (Allocation Failure)
[22.722s][info ][gc,task      ] GC(204) Using 4 workers of 4 for evacuation
[22.729s][debug][gc,ref       ] GC(204) Skipped phase1 of Reference Processing due to unavailable references
[22.729s][debug][gc,ref       ] GC(204) Skipped phase3 of Reference Processing due to unavailable references
[22.729s][debug][gc,ref       ] GC(204) Skipped phase4 of Reference Processing due to unavailable references
[22.729s][debug][gc,age       ] GC(204) Desired survivor size 15400960 bytes, new threshold 6 (max threshold 6)
[22.729s][info ][gc,heap      ] GC(204) ParNew: 248721K->9509K(270976K)
[22.729s][info ][gc,heap      ] GC(204) CMS: 251786K->252344K(602112K)
[22.729s][info ][gc,metaspace ] GC(204) Metaspace: 59171K->59171K(1103872K)
[22.729s][info ][gc           ] GC(204) Pause Young (Allocation Failure) 488M->255M(852M) 6.924ms
[22.729s][info ][gc,cpu       ] GC(204) User=0.03s Sys=0.00s Real=0.01s
[22.729s][info ][safepoint    ] Leaving safepoint region
[22.729s][info ][safepoint    ] Total time for which application threads were stopped: 0.0073577 seconds, Stopping threads took: 0.0002016 seconds
[22.780s][info ][safepoint    ] Application time: 0.0513155 seconds
[22.780s][info ][safepoint    ] Entering safepoint region: GenCollectForAllocation
[22.781s][info ][gc,start     ] GC(205) Pause Young (Allocation Failure)
[22.781s][info ][gc,task      ] GC(205) Using 4 workers of 4 for evacuation
[22.786s][debug][gc,ref       ] GC(205) Skipped phase1 of Reference Processing due to unavailable references
[22.786s][debug][gc,ref       ] GC(205) Skipped phase3 of Reference Processing due to unavailable references
[22.786s][debug][gc,ref       ] GC(205) Skipped phase4 of Reference Processing due to unavailable references
[22.786s][debug][gc,age       ] GC(205) Desired survivor size 15400960 bytes, new threshold 6 (max threshold 6)
[22.786s][info ][gc,heap      ] GC(205) ParNew: 250405K->9187K(270976K)
[22.786s][info ][gc,heap      ] GC(205) CMS: 252344K->252617K(602112K)
[22.786s][info ][gc,metaspace ] GC(205) Metaspace: 59173K->59173K(1103872K)
[22.786s][info ][gc           ] GC(205) Pause Young (Allocation Failure) 490M->255M(852M) 5.893ms
[22.786s][info ][gc,cpu       ] GC(205) User=0.02s Sys=0.00s Real=0.00s
[22.786s][info ][safepoint    ] Leaving safepoint region
[22.786s][info ][safepoint    ] Total time for which application threads were stopped: 0.0062837 seconds, Stopping threads took: 0.0001818 seconds
[22.848s][info ][safepoint    ] Application time: 0.0620126 seconds
[22.852s][info ][safepoint    ] Entering safepoint region: GenCollectForAllocation
[22.852s][info ][gc,start     ] GC(206) Pause Young (Allocation Failure)
[22.852s][info ][gc,task      ] GC(206) Using 4 workers of 4 for evacuation
[22.859s][debug][gc,ref       ] GC(206) Skipped phase1 of Reference Processing due to unavailable references
[22.859s][debug][gc,ref       ] GC(206) Skipped phase3 of Reference Processing due to unavailable references
[22.859s][debug][gc,ref       ] GC(206) Skipped phase4 of Reference Processing due to unavailable references
[22.859s][debug][gc,age       ] GC(206) Desired survivor size 15400960 bytes, new threshold 6 (max threshold 6)
[22.859s][info ][gc,heap      ] GC(206) ParNew: 250083K->10982K(270976K)
[22.859s][info ][gc,heap      ] GC(206) CMS: 252617K->253680K(602112K)
[22.859s][info ][gc,metaspace ] GC(206) Metaspace: 59174K->59174K(1103872K)
[22.859s][info ][gc           ] GC(206) Pause Young (Allocation Failure) 490M->258M(852M) 6.903ms
[22.859s][info ][gc,cpu       ] GC(206) User=0.02s Sys=0.00s Real=0.00s
[22.859s][info ][safepoint    ] Leaving safepoint region
[22.859s][info ][safepoint    ] Total time for which application threads were stopped: 0.0108203 seconds, Stopping threads took: 0.0035640 seconds
[22.945s][info ][safepoint    ] Application time: 0.0855320 seconds
[22.946s][info ][safepoint    ] Entering safepoint region: GenCollectForAllocation
[22.946s][info ][gc,start     ] GC(207) Pause Young (Allocation Failure)
[22.946s][info ][gc,task      ] GC(207) Using 4 workers of 4 for evacuation
[22.953s][debug][gc,ref       ] GC(207) Skipped phase1 of Reference Processing due to unavailable references
[22.953s][debug][gc,ref       ] GC(207) Skipped phase3 of Reference Processing due to unavailable references
[22.953s][debug][gc,ref       ] GC(207) Skipped phase4 of Reference Processing due to unavailable references
[22.953s][debug][gc,age       ] GC(207) Desired survivor size 15400960 bytes, new threshold 6 (max threshold 6)
[22.953s][info ][gc,heap      ] GC(207) ParNew: 251878K->12342K(270976K)
[22.953s][info ][gc,heap      ] GC(207) CMS: 253680K->254591K(602112K)
[22.953s][info ][gc,metaspace ] GC(207) Metaspace: 59179K->59179K(1103872K)
[22.953s][info ][gc           ] GC(207) Pause Young (Allocation Failure) 493M->260M(852M) 6.747ms
[22.953s][info ][gc,cpu       ] GC(207) User=0.03s Sys=0.00s Real=0.01s
[22.953s][info ][safepoint    ] Leaving safepoint region
[22.953s][info ][safepoint    ] Total time for which application threads were stopped: 0.0083017 seconds, Stopping threads took: 0.0013405 seconds
[23.010s][info ][safepoint    ] Application time: 0.0571352 seconds
[23.011s][info ][safepoint    ] Entering safepoint region: RevokeBias
[23.011s][info ][safepoint    ] Leaving safepoint region
[23.011s][info ][safepoint    ] Total time for which application threads were stopped: 0.0003778 seconds, Stopping threads took: 0.0001907 seconds
[23.066s][info ][safepoint    ] Application time: 0.0548361 seconds
[23.066s][info ][safepoint    ] Entering safepoint region: GenCollectForAllocation
[23.066s][info ][gc,start     ] GC(208) Pause Young (Allocation Failure)
[23.066s][info ][gc,task      ] GC(208) Using 4 workers of 4 for evacuation
[23.073s][debug][gc,ref       ] GC(208) Skipped phase1 of Reference Processing due to unavailable references
[23.073s][debug][gc,ref       ] GC(208) Skipped phase2 of Reference Processing due to unavailable references
[23.073s][debug][gc,ref       ] GC(208) Skipped phase3 of Reference Processing due to unavailable references
[23.073s][debug][gc,ref       ] GC(208) Skipped phase4 of Reference Processing due to unavailable references
[23.074s][debug][gc,age       ] GC(208) Desired survivor size 15400960 bytes, new threshold 6 (max threshold 6)
[23.074s][info ][gc,heap      ] GC(208) ParNew: 253238K->13066K(270976K)
[23.074s][info ][gc,heap      ] GC(208) CMS: 254591K->255244K(602112K)
[23.074s][info ][gc,metaspace ] GC(208) Metaspace: 59186K->59186K(1103872K)
[23.074s][info ][gc           ] GC(208) Pause Young (Allocation Failure) 495M->262M(852M) 7.374ms
[23.074s][info ][gc,cpu       ] GC(208) User=0.02s Sys=0.00s Real=0.01s
[23.074s][info ][safepoint    ] Leaving safepoint region
[23.074s][info ][safepoint    ] Total time for which application threads were stopped: 0.0080104 seconds, Stopping threads took: 0.0003775 seconds
[23.133s][info ][safepoint    ] Application time: 0.0590522 seconds
[23.137s][info ][safepoint    ] Entering safepoint region: GenCollectForAllocation
[23.138s][info ][gc,start     ] GC(209) Pause Young (Allocation Failure)
[23.138s][info ][gc,task      ] GC(209) Using 4 workers of 4 for evacuation
[23.157s][debug][gc,ref       ] GC(209) Skipped phase1 of Reference Processing due to unavailable references
[23.157s][debug][gc,ref       ] GC(209) Skipped phase3 of Reference Processing due to unavailable references
[23.157s][debug][gc,age       ] GC(209) Desired survivor size 15400960 bytes, new threshold 6 (max threshold 6)
[23.157s][info ][gc,heap      ] GC(209) ParNew: 253962K->11834K(270976K)
[23.157s][info ][gc,heap      ] GC(209) CMS: 255244K->256184K(602112K)
[23.157s][info ][gc,metaspace ] GC(209) Metaspace: 59228K->59228K(1103872K)
[23.157s][info ][gc           ] GC(209) Pause Young (Allocation Failure) 497M->261M(852M) 19.780ms
[23.157s][info ][gc,cpu       ] GC(209) User=0.06s Sys=0.00s Real=0.02s
[23.157s][info ][safepoint    ] Leaving safepoint region
[23.157s][info ][safepoint    ] Total time for which application threads were stopped: 0.0245331 seconds, Stopping threads took: 0.0045454 seconds
[23.217s][info ][safepoint    ] Application time: 0.0597288 seconds
[23.220s][info ][safepoint    ] Entering safepoint region: GenCollectForAllocation
[23.221s][info ][gc,start     ] GC(210) Pause Young (Allocation Failure)
[23.221s][info ][gc,task      ] GC(210) Using 4 workers of 4 for evacuation
[23.227s][debug][gc,ref       ] GC(210) Skipped phase1 of Reference Processing due to unavailable references
[23.227s][debug][gc,ref       ] GC(210) Skipped phase2 of Reference Processing due to unavailable references
[23.227s][debug][gc,ref       ] GC(210) Skipped phase3 of Reference Processing due to unavailable references
[23.227s][debug][gc,ref       ] GC(210) Skipped phase4 of Reference Processing due to unavailable references
[23.228s][debug][gc,age       ] GC(210) Desired survivor size 15400960 bytes, new threshold 6 (max threshold 6)
[23.228s][info ][gc,heap      ] GC(210) ParNew: 252730K->9344K(270976K)
[23.228s][info ][gc,heap      ] GC(210) CMS: 256184K->257512K(602112K)
[23.228s][info ][gc,metaspace ] GC(210) Metaspace: 59241K->59241K(1103872K)
[23.228s][info ][gc           ] GC(210) Pause Young (Allocation Failure) 496M->260M(852M) 7.028ms
[23.228s][info ][gc,cpu       ] GC(210) User=0.03s Sys=0.00s Real=0.00s
[23.228s][info ][safepoint    ] Leaving safepoint region
[23.228s][info ][safepoint    ] Total time for which application threads were stopped: 0.0106022 seconds, Stopping threads took: 0.0033716 seconds
[23.290s][info ][safepoint    ] Application time: 0.0625733 seconds
[23.294s][info ][safepoint    ] Entering safepoint region: GenCollectForAllocation
[23.294s][info ][gc,start     ] GC(211) Pause Young (Allocation Failure)
[23.294s][info ][gc,task      ] GC(211) Using 4 workers of 4 for evacuation
[23.300s][debug][gc,ref       ] GC(211) Skipped phase1 of Reference Processing due to unavailable references
[23.300s][debug][gc,ref       ] GC(211) Skipped phase3 of Reference Processing due to unavailable references
[23.300s][debug][gc,ref       ] GC(211) Skipped phase4 of Reference Processing due to unavailable references
[23.300s][debug][gc,age       ] GC(211) Desired survivor size 15400960 bytes, new threshold 6 (max threshold 6)
[23.300s][info ][gc,heap      ] GC(211) ParNew: 250240K->10419K(270976K)
[23.300s][info ][gc,heap      ] GC(211) CMS: 257512K->257737K(602112K)
[23.300s][info ][gc,metaspace ] GC(211) Metaspace: 59243K->59243K(1103872K)
[23.300s][info ][gc           ] GC(211) Pause Young (Allocation Failure) 495M->261M(852M) 6.110ms
[23.300s][info ][gc,cpu       ] GC(211) User=0.02s Sys=0.00s Real=0.00s
[23.300s][info ][safepoint    ] Leaving safepoint region
[23.300s][info ][safepoint    ] Total time for which application threads were stopped: 0.0098419 seconds, Stopping threads took: 0.0034070 seconds
[23.372s][info ][safepoint    ] Application time: 0.0715129 seconds
[23.373s][info ][safepoint    ] Entering safepoint region: GenCollectForAllocation
[23.373s][info ][gc,start     ] GC(212) Pause Young (Allocation Failure)
[23.373s][info ][gc,task      ] GC(212) Using 4 workers of 4 for evacuation
[23.379s][debug][gc,ref       ] GC(212) Skipped phase1 of Reference Processing due to unavailable references
[23.379s][debug][gc,ref       ] GC(212) Skipped phase3 of Reference Processing due to unavailable references
[23.379s][debug][gc,ref       ] GC(212) Skipped phase4 of Reference Processing due to unavailable references
[23.379s][debug][gc,age       ] GC(212) Desired survivor size 15400960 bytes, new threshold 6 (max threshold 6)
[23.379s][info ][gc,heap      ] GC(212) ParNew: 251315K->7150K(270976K)
[23.379s][info ][gc,heap      ] GC(212) CMS: 257737K->259751K(602112K)
[23.379s][info ][gc,metaspace ] GC(212) Metaspace: 59248K->59248K(1103872K)
[23.379s][info ][gc           ] GC(212) Pause Young (Allocation Failure) 497M->260M(852M) 5.908ms
[23.379s][info ][gc,cpu       ] GC(212) User=0.02s Sys=0.00s Real=0.00s
[23.379s][info ][safepoint    ] Leaving safepoint region
[23.379s][info ][safepoint    ] Total time for which application threads were stopped: 0.0072494 seconds, Stopping threads took: 0.0010186 seconds
[23.400s][info ][safepoint    ] Application time: 0.0208344 seconds
[23.400s][info ][safepoint    ] Entering safepoint region: RevokeBias
[23.401s][info ][safepoint    ] Leaving safepoint region
[23.401s][info ][safepoint    ] Total time for which application threads were stopped: 0.0006764 seconds, Stopping threads took: 0.0005022 seconds
[23.475s][info ][safepoint    ] Application time: 0.0747307 seconds
[23.479s][info ][safepoint    ] Entering safepoint region: GenCollectForAllocation
[23.479s][info ][safepoint    ] Leaving safepoint region
[23.479s][info ][safepoint    ] Total time for which application threads were stopped: 0.0036011 seconds, Stopping threads took: 0.0034403 seconds
[23.480s][info ][safepoint    ] Application time: 0.0005748 seconds
[23.480s][info ][safepoint    ] Entering safepoint region: GenCollectForAllocation
[23.480s][info ][gc,start     ] GC(213) Pause Young (Allocation Failure)
[23.480s][info ][gc,task      ] GC(213) Using 4 workers of 4 for evacuation
[23.485s][debug][gc,ref       ] GC(213) Skipped phase1 of Reference Processing due to unavailable references
[23.485s][debug][gc,ref       ] GC(213) Skipped phase3 of Reference Processing due to unavailable references
[23.485s][debug][gc,ref       ] GC(213) Skipped phase4 of Reference Processing due to unavailable references
[23.486s][debug][gc,age       ] GC(213) Desired survivor size 15400960 bytes, new threshold 6 (max threshold 6)
[23.486s][info ][gc,heap      ] GC(213) ParNew: 248083K->7329K(270976K)
[23.486s][info ][gc,heap      ] GC(213) CMS: 259751K->261070K(602112K)
[23.486s][info ][gc,metaspace ] GC(213) Metaspace: 59268K->59268K(1103872K)
[23.486s][info ][gc           ] GC(213) Pause Young (Allocation Failure) 495M->262M(852M) 5.972ms
[23.486s][info ][gc,cpu       ] GC(213) User=0.02s Sys=0.00s Real=0.01s
[23.486s][info ][safepoint    ] Leaving safepoint region
[23.486s][info ][safepoint    ] Total time for which application threads were stopped: 0.0061865 seconds, Stopping threads took: 0.0000555 seconds
[23.546s][info ][safepoint    ] Application time: 0.0601666 seconds
[23.549s][info ][safepoint    ] Entering safepoint region: GenCollectForAllocation
[23.550s][info ][gc,start     ] GC(214) Pause Young (Allocation Failure)
[23.550s][info ][gc,task      ] GC(214) Using 4 workers of 4 for evacuation
[23.554s][debug][gc,ref       ] GC(214) Skipped phase1 of Reference Processing due to unavailable references
[23.554s][debug][gc,ref       ] GC(214) Skipped phase3 of Reference Processing due to unavailable references
[23.554s][debug][gc,ref       ] GC(214) Skipped phase4 of Reference Processing due to unavailable references
[23.554s][debug][gc,age       ] GC(214) Desired survivor size 15400960 bytes, new threshold 6 (max threshold 6)
[23.554s][info ][gc,heap      ] GC(214) ParNew: 248225K->5457K(270976K)
[23.554s][info ][gc,heap      ] GC(214) CMS: 261070K->262854K(602112K)
[23.554s][info ][gc,metaspace ] GC(214) Metaspace: 59306K->59306K(1103872K)
[23.554s][info ][gc           ] GC(214) Pause Young (Allocation Failure) 497M->262M(852M) 4.661ms
[23.554s][info ][gc,cpu       ] GC(214) User=0.01s Sys=0.00s Real=0.00s
[23.554s][info ][safepoint    ] Leaving safepoint region
[23.554s][info ][safepoint    ] Total time for which application threads were stopped: 0.0083009 seconds, Stopping threads took: 0.0034315 seconds
[23.634s][info ][safepoint    ] Application time: 0.0792744 seconds
[23.646s][info ][safepoint    ] Entering safepoint region: GenCollectForAllocation
[23.646s][info ][gc,start     ] GC(215) Pause Young (Allocation Failure)
[23.646s][info ][gc,task      ] GC(215) Using 4 workers of 4 for evacuation
[23.652s][debug][gc,ref       ] GC(215) Skipped phase1 of Reference Processing due to unavailable references
[23.652s][debug][gc,ref       ] GC(215) Skipped phase3 of Reference Processing due to unavailable references
[23.652s][debug][gc,ref       ] GC(215) Skipped phase4 of Reference Processing due to unavailable references
[23.653s][debug][gc,age       ] GC(215) Desired survivor size 15400960 bytes, new threshold 6 (max threshold 6)
[23.653s][info ][gc,heap      ] GC(215) ParNew: 246353K->8095K(270976K)
[23.653s][info ][gc,heap      ] GC(215) CMS: 262854K->263099K(602112K)
[23.653s][info ][gc,metaspace ] GC(215) Metaspace: 59327K->59327K(1103872K)
[23.653s][info ][gc           ] GC(215) Pause Young (Allocation Failure) 497M->264M(852M) 6.817ms
[23.653s][info ][gc,cpu       ] GC(215) User=0.02s Sys=0.01s Real=0.01s
[23.653s][info ][safepoint    ] Leaving safepoint region
[23.653s][info ][safepoint    ] Total time for which application threads were stopped: 0.0191037 seconds, Stopping threads took: 0.0120317 seconds
[23.737s][info ][safepoint    ] Application time: 0.0847998 seconds
[23.738s][info ][safepoint    ] Entering safepoint region: GenCollectForAllocation
[23.739s][info ][gc,start     ] GC(216) Pause Young (Allocation Failure)
[23.739s][info ][gc,task      ] GC(216) Using 4 workers of 4 for evacuation
[23.750s][debug][gc,ref       ] GC(216) Skipped phase1 of Reference Processing due to unavailable references
[23.750s][debug][gc,ref       ] GC(216) Skipped phase3 of Reference Processing due to unavailable references
[23.750s][debug][gc,ref       ] GC(216) Skipped phase4 of Reference Processing due to unavailable references
[23.750s][debug][gc,age       ] GC(216) Desired survivor size 15400960 bytes, new threshold 6 (max threshold 6)
[23.750s][info ][gc,heap      ] GC(216) ParNew: 248991K->12119K(270976K)
[23.750s][info ][gc,heap      ] GC(216) CMS: 263099K->263823K(602112K)
[23.750s][info ][gc,metaspace ] GC(216) Metaspace: 59330K->59330K(1103872K)
[23.750s][info ][gc           ] GC(216) Pause Young (Allocation Failure) 500M->269M(852M) 11.558ms
[23.750s][info ][gc,cpu       ] GC(216) User=0.04s Sys=0.00s Real=0.02s
[23.750s][info ][safepoint    ] Leaving safepoint region
[23.750s][info ][safepoint    ] Total time for which application threads were stopped: 0.0127093 seconds, Stopping threads took: 0.0009261 seconds
[23.798s][info ][safepoint    ] Application time: 0.0482403 seconds
[23.802s][info ][safepoint    ] Entering safepoint region: GenCollectForAllocation
[23.802s][info ][gc,start     ] GC(217) Pause Young (Allocation Failure)
[23.802s][info ][gc,task      ] GC(217) Using 4 workers of 4 for evacuation
[23.812s][debug][gc,ref       ] GC(217) Skipped phase1 of Reference Processing due to unavailable references
[23.812s][debug][gc,ref       ] GC(217) Skipped phase2 of Reference Processing due to unavailable references
[23.812s][debug][gc,ref       ] GC(217) Skipped phase3 of Reference Processing due to unavailable references
[23.812s][debug][gc,ref       ] GC(217) Skipped phase4 of Reference Processing due to unavailable references
[23.812s][debug][gc,age       ] GC(217) Desired survivor size 15400960 bytes, new threshold 6 (max threshold 6)
[23.812s][info ][gc,heap      ] GC(217) ParNew: 253015K->17963K(270976K)
[23.812s][info ][gc,heap      ] GC(217) CMS: 263823K->264488K(602112K)
[23.812s][info ][gc,metaspace ] GC(217) Metaspace: 59333K->59333K(1103872K)
[23.812s][info ][gc           ] GC(217) Pause Young (Allocation Failure) 504M->275M(852M) 10.195ms
[23.812s][info ][gc,cpu       ] GC(217) User=0.04s Sys=0.00s Real=0.01s
[23.812s][info ][safepoint    ] Leaving safepoint region
[23.812s][info ][safepoint    ] Total time for which application threads were stopped: 0.0139885 seconds, Stopping threads took: 0.0035715 seconds
[23.903s][info ][safepoint    ] Application time: 0.0904947 seconds
[23.903s][info ][safepoint    ] Entering safepoint region: GenCollectForAllocation
[23.903s][info ][gc,start     ] GC(218) Pause Young (Allocation Failure)
[23.903s][info ][gc,task      ] GC(218) Using 4 workers of 4 for evacuation
[23.914s][debug][gc,ref       ] GC(218) Skipped phase1 of Reference Processing due to unavailable references
[23.914s][debug][gc,ref       ] GC(218) Skipped phase2 of Reference Processing due to unavailable references
[23.914s][debug][gc,ref       ] GC(218) Skipped phase3 of Reference Processing due to unavailable references
[23.914s][debug][gc,ref       ] GC(218) Skipped phase4 of Reference Processing due to unavailable references
[23.914s][debug][gc,age       ] GC(218) Desired survivor size 15400960 bytes, new threshold 6 (max threshold 6)
[23.914s][info ][gc,heap      ] GC(218) ParNew: 258859K->16820K(270976K)
[23.914s][info ][gc,heap      ] GC(218) CMS: 264488K->264689K(602112K)
[23.914s][info ][gc,metaspace ] GC(218) Metaspace: 59339K->59339K(1103872K)
[23.914s][info ][gc           ] GC(218) Pause Young (Allocation Failure) 511M->274M(852M) 10.376ms
[23.914s][info ][gc,cpu       ] GC(218) User=0.04s Sys=0.00s Real=0.01s
[23.914s][info ][safepoint    ] Leaving safepoint region
[23.914s][info ][safepoint    ] Total time for which application threads were stopped: 0.0108451 seconds, Stopping threads took: 0.0002233 seconds
[23.964s][info ][safepoint    ] Application time: 0.0502929 seconds
[23.969s][info ][safepoint    ] Entering safepoint region: GenCollectForAllocation
[23.969s][info ][gc,start     ] GC(219) Pause Young (Allocation Failure)
[23.969s][info ][gc,task      ] GC(219) Using 4 workers of 4 for evacuation
[23.979s][debug][gc,ref       ] GC(219) Skipped phase1 of Reference Processing due to unavailable references
[23.979s][debug][gc,ref       ] GC(219) Skipped phase2 of Reference Processing due to unavailable references
[23.979s][debug][gc,ref       ] GC(219) Skipped phase3 of Reference Processing due to unavailable references
[23.979s][debug][gc,ref       ] GC(219) Skipped phase4 of Reference Processing due to unavailable references
[23.979s][debug][gc,age       ] GC(219) Desired survivor size 15400960 bytes, new threshold 6 (max threshold 6)
[23.979s][info ][gc,heap      ] GC(219) ParNew: 257716K->16049K(270976K)
[23.979s][info ][gc,heap      ] GC(219) CMS: 264689K->265787K(602112K)
[23.979s][info ][gc,metaspace ] GC(219) Metaspace: 59356K->59356K(1103872K)
[23.979s][info ][gc           ] GC(219) Pause Young (Allocation Failure) 510M->275M(852M) 10.612ms
[23.979s][info ][gc,cpu       ] GC(219) User=0.04s Sys=0.00s Real=0.00s
[23.979s][info ][safepoint    ] Leaving safepoint region
[23.979s][info ][safepoint    ] Total time for which application threads were stopped: 0.0153039 seconds, Stopping threads took: 0.0044731 seconds
[24.008s][info ][safepoint    ] Application time: 0.0288854 seconds
[24.009s][info ][safepoint    ] Entering safepoint region: RevokeBias
[24.009s][info ][safepoint    ] Leaving safepoint region
[24.009s][info ][safepoint    ] Total time for which application threads were stopped: 0.0003939 seconds, Stopping threads took: 0.0002277 seconds
[24.009s][info ][safepoint    ] Application time: 0.0001229 seconds
[24.009s][info ][safepoint    ] Entering safepoint region: RevokeBias
[24.009s][info ][safepoint    ] Leaving safepoint region
[24.009s][info ][safepoint    ] Total time for which application threads were stopped: 0.0001719 seconds, Stopping threads took: 0.0000683 seconds
[24.009s][info ][safepoint    ] Application time: 0.0000991 seconds
[24.009s][info ][safepoint    ] Entering safepoint region: RevokeBias
[24.009s][info ][safepoint    ] Leaving safepoint region
[24.009s][info ][safepoint    ] Total time for which application threads were stopped: 0.0000865 seconds, Stopping threads took: 0.0000079 seconds
[24.010s][info ][safepoint    ] Application time: 0.0010132 seconds
[24.014s][info ][safepoint    ] Entering safepoint region: RevokeBias
[24.014s][info ][safepoint    ] Leaving safepoint region
[24.014s][info ][safepoint    ] Total time for which application threads were stopped: 0.0034942 seconds, Stopping threads took: 0.0033871 seconds
[24.014s][info ][safepoint    ] Application time: 0.0000668 seconds
[24.014s][info ][safepoint    ] Entering safepoint region: RevokeBias
[24.014s][info ][safepoint    ] Leaving safepoint region
[24.014s][info ][safepoint    ] Total time for which application threads were stopped: 0.0001340 seconds, Stopping threads took: 0.0000483 seconds
[24.014s][info ][safepoint    ] Application time: 0.0001306 seconds
[24.014s][info ][safepoint    ] Entering safepoint region: RevokeBias
[24.014s][info ][safepoint    ] Leaving safepoint region
[24.014s][info ][safepoint    ] Total time for which application threads were stopped: 0.0001460 seconds, Stopping threads took: 0.0000331 seconds
[24.015s][info ][safepoint    ] Application time: 0.0001529 seconds
[24.015s][info ][safepoint    ] Entering safepoint region: RevokeBias
[24.015s][info ][safepoint    ] Leaving safepoint region
[24.015s][info ][safepoint    ] Total time for which application threads were stopped: 0.0001488 seconds, Stopping threads took: 0.0000418 seconds
[24.059s][info ][safepoint    ] Application time: 0.0441695 seconds
[24.063s][info ][safepoint    ] Entering safepoint region: GenCollectForAllocation
[24.063s][info ][gc,start     ] GC(220) Pause Young (Allocation Failure)
[24.063s][info ][gc,task      ] GC(220) Using 4 workers of 4 for evacuation
[24.077s][debug][gc,ref       ] GC(220) Skipped phase1 of Reference Processing due to unavailable references
[24.077s][debug][gc,ref       ] GC(220) Skipped phase2 of Reference Processing due to unavailable references
[24.077s][debug][gc,ref       ] GC(220) Skipped phase3 of Reference Processing due to unavailable references
[24.077s][debug][gc,ref       ] GC(220) Skipped phase4 of Reference Processing due to unavailable references
[24.078s][debug][gc,age       ] GC(220) Desired survivor size 15400960 bytes, new threshold 6 (max threshold 6)
[24.078s][info ][gc,heap      ] GC(220) ParNew: 256945K->19858K(270976K)
[24.078s][info ][gc,heap      ] GC(220) CMS: 265787K->265899K(602112K)
[24.078s][info ][gc,metaspace ] GC(220) Metaspace: 59377K->59377K(1103872K)
[24.078s][info ][gc           ] GC(220) Pause Young (Allocation Failure) 510M->279M(852M) 14.802ms
[24.078s][info ][gc,cpu       ] GC(220) User=0.05s Sys=0.00s Real=0.01s
[24.078s][info ][safepoint    ] Leaving safepoint region
[24.078s][info ][safepoint    ] Total time for which application threads were stopped: 0.0187690 seconds, Stopping threads took: 0.0037327 seconds
[24.167s][info ][safepoint    ] Application time: 0.0894167 seconds
[24.173s][info ][safepoint    ] Entering safepoint region: GenCollectForAllocation
[24.174s][info ][gc,start     ] GC(221) Pause Young (Allocation Failure)
[24.174s][info ][gc,task      ] GC(221) Using 4 workers of 4 for evacuation
[24.197s][debug][gc,ref       ] GC(221) Skipped phase1 of Reference Processing due to unavailable references
[24.197s][debug][gc,ref       ] GC(221) Skipped phase2 of Reference Processing due to unavailable references
[24.197s][debug][gc,ref       ] GC(221) Skipped phase3 of Reference Processing due to unavailable references
[24.197s][debug][gc,ref       ] GC(221) Skipped phase4 of Reference Processing due to unavailable references
[24.198s][debug][gc,age       ] GC(221) Desired survivor size 15400960 bytes, new threshold 6 (max threshold 6)
[24.198s][info ][gc,heap      ] GC(221) ParNew: 260754K->15814K(270976K)
[24.198s][info ][gc,heap      ] GC(221) CMS: 265899K->268484K(602112K)
[24.198s][info ][gc,metaspace ] GC(221) Metaspace: 59386K->59386K(1103872K)
[24.198s][info ][gc           ] GC(221) Pause Young (Allocation Failure) 514M->277M(852M) 24.051ms
[24.198s][info ][gc,cpu       ] GC(221) User=0.07s Sys=0.00s Real=0.02s
[24.198s][info ][safepoint    ] Leaving safepoint region
[24.198s][info ][safepoint    ] Total time for which application threads were stopped: 0.0305244 seconds, Stopping threads took: 0.0062618 seconds
[24.273s][info ][safepoint    ] Application time: 0.0748907 seconds
[24.276s][info ][safepoint    ] Entering safepoint region: GenCollectForAllocation
[24.276s][info ][gc,start     ] GC(222) Pause Young (Allocation Failure)
[24.276s][info ][gc,task      ] GC(222) Using 4 workers of 4 for evacuation
[24.290s][debug][gc,ref       ] GC(222) Skipped phase1 of Reference Processing due to unavailable references
[24.290s][debug][gc,ref       ] GC(222) Skipped phase2 of Reference Processing due to unavailable references
[24.290s][debug][gc,ref       ] GC(222) Skipped phase3 of Reference Processing due to unavailable references
[24.290s][debug][gc,age       ] GC(222) Desired survivor size 15400960 bytes, new threshold 6 (max threshold 6)
[24.290s][info ][gc,heap      ] GC(222) ParNew: 256710K->11762K(270976K)
[24.290s][info ][gc,heap      ] GC(222) CMS: 268484K->273663K(602112K)
[24.290s][info ][gc,metaspace ] GC(222) Metaspace: 59394K->59394K(1103872K)
[24.290s][info ][gc           ] GC(222) Pause Young (Allocation Failure) 512M->278M(852M) 13.897ms
[24.290s][info ][gc,cpu       ] GC(222) User=0.04s Sys=0.00s Real=0.02s
[24.290s][info ][safepoint    ] Leaving safepoint region
[24.290s][info ][safepoint    ] Total time for which application threads were stopped: 0.0176449 seconds, Stopping threads took: 0.0034958 seconds
[24.363s][info ][safepoint    ] Application time: 0.0726278 seconds
[24.364s][info ][safepoint    ] Entering safepoint region: GenCollectForAllocation
[24.364s][info ][gc,start     ] GC(223) Pause Young (Allocation Failure)
[24.364s][info ][gc,task      ] GC(223) Using 4 workers of 4 for evacuation
[24.370s][debug][gc,ref       ] GC(223) Skipped phase1 of Reference Processing due to unavailable references
[24.370s][debug][gc,ref       ] GC(223) Skipped phase2 of Reference Processing due to unavailable references
[24.370s][debug][gc,ref       ] GC(223) Skipped phase3 of Reference Processing due to unavailable references
[24.370s][debug][gc,ref       ] GC(223) Skipped phase4 of Reference Processing due to unavailable references
[24.370s][debug][gc,age       ] GC(223) Desired survivor size 15400960 bytes, new threshold 6 (max threshold 6)
[24.370s][info ][gc,heap      ] GC(223) ParNew: 252658K->9642K(270976K)
[24.370s][info ][gc,heap      ] GC(223) CMS: 273663K->274491K(602112K)
[24.370s][info ][gc,metaspace ] GC(223) Metaspace: 59399K->59399K(1103872K)
[24.370s][info ][gc           ] GC(223) Pause Young (Allocation Failure) 513M->277M(852M) 5.728ms
[24.370s][info ][gc,cpu       ] GC(223) User=0.02s Sys=0.00s Real=0.01s
[24.370s][info ][safepoint    ] Leaving safepoint region
[24.370s][info ][safepoint    ] Total time for which application threads were stopped: 0.0071953 seconds, Stopping threads took: 0.0010755 seconds
[24.434s][info ][safepoint    ] Application time: 0.0642329 seconds
[24.438s][info ][safepoint    ] Entering safepoint region: GenCollectForAllocation
[24.438s][info ][gc,start     ] GC(224) Pause Young (Allocation Failure)
[24.438s][info ][gc,task      ] GC(224) Using 4 workers of 4 for evacuation
[24.444s][debug][gc,ref       ] GC(224) Skipped phase1 of Reference Processing due to unavailable references
[24.444s][debug][gc,ref       ] GC(224) Skipped phase2 of Reference Processing due to unavailable references
[24.444s][debug][gc,ref       ] GC(224) Skipped phase3 of Reference Processing due to unavailable references
[24.444s][debug][gc,ref       ] GC(224) Skipped phase4 of Reference Processing due to unavailable references
[24.444s][debug][gc,age       ] GC(224) Desired survivor size 15400960 bytes, new threshold 6 (max threshold 6)
[24.444s][info ][gc,heap      ] GC(224) ParNew: 250538K->5918K(270976K)
[24.444s][info ][gc,heap      ] GC(224) CMS: 274491K->276616K(602112K)
[24.444s][info ][gc,metaspace ] GC(224) Metaspace: 59404K->59404K(1103872K)
[24.444s][info ][gc           ] GC(224) Pause Young (Allocation Failure) 512M->275M(852M) 6.304ms
[24.444s][info ][gc,cpu       ] GC(224) User=0.03s Sys=0.00s Real=0.01s
[24.444s][info ][safepoint    ] Leaving safepoint region
[24.444s][info ][safepoint    ] Total time for which application threads were stopped: 0.0101590 seconds, Stopping threads took: 0.0036406 seconds
[24.500s][info ][safepoint    ] Application time: 0.0551789 seconds
[24.500s][info ][safepoint    ] Entering safepoint region: GenCollectForAllocation
[24.500s][info ][gc,start     ] GC(225) Pause Young (Allocation Failure)
[24.500s][info ][gc,task      ] GC(225) Using 4 workers of 4 for evacuation
[24.505s][debug][gc,ref       ] GC(225) Skipped phase1 of Reference Processing due to unavailable references
[24.505s][debug][gc,ref       ] GC(225) Skipped phase2 of Reference Processing due to unavailable references
[24.505s][debug][gc,ref       ] GC(225) Skipped phase3 of Reference Processing due to unavailable references
[24.505s][debug][gc,ref       ] GC(225) Skipped phase4 of Reference Processing due to unavailable references
[24.505s][debug][gc,age       ] GC(225) Desired survivor size 15400960 bytes, new threshold 6 (max threshold 6)
[24.505s][info ][gc,heap      ] GC(225) ParNew: 246814K->8212K(270976K)
[24.505s][info ][gc,heap      ] GC(225) CMS: 276616K->276984K(602112K)
[24.505s][info ][gc,metaspace ] GC(225) Metaspace: 59411K->59411K(1103872K)
[24.505s][info ][gc           ] GC(225) Pause Young (Allocation Failure) 511M->278M(852M) 4.931ms
[24.505s][info ][gc,cpu       ] GC(225) User=0.03s Sys=0.00s Real=0.01s
[24.505s][info ][safepoint    ] Leaving safepoint region
[24.505s][info ][safepoint    ] Total time for which application threads were stopped: 0.0053300 seconds, Stopping threads took: 0.0001756 seconds
[24.560s][info ][safepoint    ] Application time: 0.0552932 seconds
[24.561s][info ][safepoint    ] Entering safepoint region: GenCollectForAllocation
[24.561s][info ][gc,start     ] GC(226) Pause Young (Allocation Failure)
[24.561s][info ][gc,task      ] GC(226) Using 4 workers of 4 for evacuation
[24.566s][debug][gc,ref       ] GC(226) Skipped phase1 of Reference Processing due to unavailable references
[24.566s][debug][gc,ref       ] GC(226) Skipped phase3 of Reference Processing due to unavailable references
[24.566s][debug][gc,age       ] GC(226) Desired survivor size 15400960 bytes, new threshold 6 (max threshold 6)
[24.566s][info ][gc,heap      ] GC(226) ParNew: 249108K->6721K(270976K)
[24.566s][info ][gc,heap      ] GC(226) CMS: 276984K->278631K(602112K)
[24.566s][info ][gc,metaspace ] GC(226) Metaspace: 59456K->59456K(1103872K)
[24.566s][info ][gc           ] GC(226) Pause Young (Allocation Failure) 513M->278M(852M) 5.029ms
[24.566s][info ][gc,cpu       ] GC(226) User=0.02s Sys=0.00s Real=0.00s
[24.566s][info ][safepoint    ] Leaving safepoint region
[24.566s][info ][safepoint    ] Total time for which application threads were stopped: 0.0057105 seconds, Stopping threads took: 0.0004743 seconds
[24.645s][info ][safepoint    ] Application time: 0.0791463 seconds
[24.645s][info ][safepoint    ] Entering safepoint region: GenCollectForAllocation
[24.646s][info ][gc,start     ] GC(227) Pause Young (Allocation Failure)
[24.646s][info ][gc,task      ] GC(227) Using 4 workers of 4 for evacuation
[24.650s][debug][gc,ref       ] GC(227) Skipped phase1 of Reference Processing due to unavailable references
[24.650s][debug][gc,ref       ] GC(227) Skipped phase2 of Reference Processing due to unavailable references
[24.650s][debug][gc,ref       ] GC(227) Skipped phase3 of Reference Processing due to unavailable references
[24.650s][debug][gc,ref       ] GC(227) Skipped phase4 of Reference Processing due to unavailable references
[24.650s][debug][gc,age       ] GC(227) Desired survivor size 15400960 bytes, new threshold 6 (max threshold 6)
[24.650s][info ][gc,heap      ] GC(227) ParNew: 247617K->5882K(270976K)
[24.650s][info ][gc,heap      ] GC(227) CMS: 278631K->279613K(602112K)
[24.650s][info ][gc,metaspace ] GC(227) Metaspace: 59472K->59472K(1103872K)
[24.650s][info ][gc           ] GC(227) Pause Young (Allocation Failure) 513M->278M(852M) 4.204ms
[24.650s][info ][gc,cpu       ] GC(227) User=0.01s Sys=0.00s Real=0.01s
[24.650s][info ][safepoint    ] Leaving safepoint region
[24.650s][info ][safepoint    ] Total time for which application threads were stopped: 0.0045922 seconds, Stopping threads took: 0.0001922 seconds
[24.694s][info ][safepoint    ] Application time: 0.0438590 seconds
[24.696s][info ][safepoint    ] Entering safepoint region: GenCollectForAllocation
[24.696s][info ][gc,start     ] GC(228) Pause Young (Allocation Failure)
[24.696s][info ][gc,task      ] GC(228) Using 4 workers of 4 for evacuation
[24.700s][debug][gc,ref       ] GC(228) Skipped phase1 of Reference Processing due to unavailable references
[24.700s][debug][gc,ref       ] GC(228) Skipped phase2 of Reference Processing due to unavailable references
[24.700s][debug][gc,ref       ] GC(228) Skipped phase3 of Reference Processing due to unavailable references
[24.700s][debug][gc,ref       ] GC(228) Skipped phase4 of Reference Processing due to unavailable references
[24.700s][debug][gc,age       ] GC(228) Desired survivor size 15400960 bytes, new threshold 6 (max threshold 6)
[24.700s][info ][gc,heap      ] GC(228) ParNew: 246778K->6266K(270976K)
[24.700s][info ][gc,heap      ] GC(228) CMS: 279613K->279998K(602112K)
[24.700s][info ][gc,metaspace ] GC(228) Metaspace: 59472K->59472K(1103872K)
[24.700s][info ][gc           ] GC(228) Pause Young (Allocation Failure) 514M->279M(852M) 3.587ms
[24.700s][info ][gc,cpu       ] GC(228) User=0.02s Sys=0.01s Real=0.00s
[24.700s][info ][safepoint    ] Leaving safepoint region
[24.700s][info ][safepoint    ] Total time for which application threads were stopped: 0.0060165 seconds, Stopping threads took: 0.0022295 seconds
[24.751s][info ][safepoint    ] Application time: 0.0513430 seconds
[24.751s][info ][safepoint    ] Entering safepoint region: GenCollectForAllocation
[24.752s][info ][safepoint    ] Leaving safepoint region
[24.752s][info ][safepoint    ] Total time for which application threads were stopped: 0.0005248 seconds, Stopping threads took: 0.0003035 seconds
[24.753s][info ][safepoint    ] Application time: 0.0010061 seconds
[24.753s][info ][safepoint    ] Entering safepoint region: GenCollectForAllocation
[24.753s][info ][gc,start     ] GC(229) Pause Young (Allocation Failure)
[24.753s][info ][gc,task      ] GC(229) Using 4 workers of 4 for evacuation
[24.756s][debug][gc,ref       ] GC(229) Skipped phase1 of Reference Processing due to unavailable references
[24.756s][debug][gc,ref       ] GC(229) Skipped phase3 of Reference Processing due to unavailable references
[24.756s][debug][gc,ref       ] GC(229) Skipped phase4 of Reference Processing due to unavailable references
[24.757s][debug][gc,age       ] GC(229) Desired survivor size 15400960 bytes, new threshold 6 (max threshold 6)
[24.757s][info ][gc,heap      ] GC(229) ParNew: 247162K->5812K(270976K)
[24.757s][info ][gc,heap      ] GC(229) CMS: 279998K->280070K(602112K)
[24.757s][info ][gc,metaspace ] GC(229) Metaspace: 59472K->59472K(1103872K)
[24.757s][info ][gc           ] GC(229) Pause Young (Allocation Failure) 514M->279M(852M) 3.554ms
[24.757s][info ][gc,cpu       ] GC(229) User=0.02s Sys=0.00s Real=0.00s
[24.757s][info ][safepoint    ] Leaving safepoint region
[24.757s][info ][safepoint    ] Total time for which application threads were stopped: 0.0038940 seconds, Stopping threads took: 0.0001435 seconds
[24.815s][info ][safepoint    ] Application time: 0.0588586 seconds
[24.816s][info ][safepoint    ] Entering safepoint region: GenCollectForAllocation
[24.816s][info ][gc,start     ] GC(230) Pause Young (Allocation Failure)
[24.816s][info ][gc,task      ] GC(230) Using 4 workers of 4 for evacuation
[24.821s][debug][gc,ref       ] GC(230) Skipped phase1 of Reference Processing due to unavailable references
[24.821s][debug][gc,ref       ] GC(230) Skipped phase3 of Reference Processing due to unavailable references
[24.821s][debug][gc,ref       ] GC(230) Skipped phase4 of Reference Processing due to unavailable references
[24.821s][debug][gc,age       ] GC(230) Desired survivor size 15400960 bytes, new threshold 6 (max threshold 6)
[24.821s][info ][gc,heap      ] GC(230) ParNew: 246708K->8059K(270976K)
[24.821s][info ][gc,heap      ] GC(230) CMS: 280070K->280377K(602112K)
[24.821s][info ][gc,metaspace ] GC(230) Metaspace: 59472K->59472K(1103872K)
[24.821s][info ][gc           ] GC(230) Pause Young (Allocation Failure) 514M->281M(852M) 5.036ms
[24.821s][info ][gc,cpu       ] GC(230) User=0.02s Sys=0.00s Real=0.01s
[24.821s][info ][safepoint    ] Leaving safepoint region
[24.821s][info ][safepoint    ] Total time for which application threads were stopped: 0.0059893 seconds, Stopping threads took: 0.0007412 seconds
[24.885s][info ][safepoint    ] Application time: 0.0630831 seconds
[24.885s][info ][safepoint    ] Entering safepoint region: GenCollectForAllocation
[24.885s][info ][gc,start     ] GC(231) Pause Young (Allocation Failure)
[24.885s][info ][gc,task      ] GC(231) Using 4 workers of 4 for evacuation
[24.890s][debug][gc,ref       ] GC(231) Skipped phase1 of Reference Processing due to unavailable references
[24.890s][debug][gc,ref       ] GC(231) Skipped phase3 of Reference Processing due to unavailable references
[24.890s][debug][gc,ref       ] GC(231) Skipped phase4 of Reference Processing due to unavailable references
[24.890s][debug][gc,age       ] GC(231) Desired survivor size 15400960 bytes, new threshold 6 (max threshold 6)
[24.890s][info ][gc,heap      ] GC(231) ParNew: 248955K->9773K(270976K)
[24.890s][info ][gc,heap      ] GC(231) CMS: 280377K->281842K(602112K)
[24.890s][info ][gc,metaspace ] GC(231) Metaspace: 59473K->59473K(1103872K)
[24.890s][info ][gc           ] GC(231) Pause Young (Allocation Failure) 516M->284M(852M) 5.110ms
[24.890s][info ][gc,cpu       ] GC(231) User=0.02s Sys=0.00s Real=0.01s
[24.890s][info ][safepoint    ] Leaving safepoint region
[24.890s][info ][safepoint    ] Total time for which application threads were stopped: 0.0054827 seconds, Stopping threads took: 0.0001671 seconds
[24.940s][info ][safepoint    ] Application time: 0.0497292 seconds
[24.944s][info ][safepoint    ] Entering safepoint region: GenCollectForAllocation
[24.944s][info ][gc,start     ] GC(232) Pause Young (Allocation Failure)
[24.944s][info ][gc,task      ] GC(232) Using 4 workers of 4 for evacuation
[24.948s][debug][gc,ref       ] GC(232) Skipped phase1 of Reference Processing due to unavailable references
[24.948s][debug][gc,ref       ] GC(232) Skipped phase3 of Reference Processing due to unavailable references
[24.948s][debug][gc,ref       ] GC(232) Skipped phase4 of Reference Processing due to unavailable references
[24.949s][debug][gc,age       ] GC(232) Desired survivor size 15400960 bytes, new threshold 6 (max threshold 6)
[24.949s][info ][gc,heap      ] GC(232) ParNew: 250669K->7024K(270976K)
[24.949s][info ][gc,heap      ] GC(232) CMS: 281842K->282557K(602112K)
[24.949s][info ][gc,metaspace ] GC(232) Metaspace: 59476K->59476K(1103872K)
[24.949s][info ][gc           ] GC(232) Pause Young (Allocation Failure) 520M->282M(852M) 4.730ms
[24.949s][info ][gc,cpu       ] GC(232) User=0.02s Sys=0.01s Real=0.01s
[24.949s][info ][safepoint    ] Leaving safepoint region
[24.949s][info ][safepoint    ] Total time for which application threads were stopped: 0.0088683 seconds, Stopping threads took: 0.0039155 seconds
[25.015s][info ][safepoint    ] Application time: 0.0665869 seconds
[25.016s][info ][safepoint    ] Entering safepoint region: GenCollectForAllocation
[25.016s][info ][gc,start     ] GC(233) Pause Young (Allocation Failure)
[25.016s][info ][gc,task      ] GC(233) Using 4 workers of 4 for evacuation
[25.020s][debug][gc,ref       ] GC(233) Skipped phase1 of Reference Processing due to unavailable references
[25.021s][debug][gc,ref       ] GC(233) Skipped phase3 of Reference Processing due to unavailable references
[25.021s][debug][gc,ref       ] GC(233) Skipped phase4 of Reference Processing due to unavailable references
[25.021s][debug][gc,age       ] GC(233) Desired survivor size 15400960 bytes, new threshold 6 (max threshold 6)
[25.021s][info ][gc,heap      ] GC(233) ParNew: 247920K->8764K(270976K)
[25.021s][info ][gc,heap      ] GC(233) CMS: 282557K->282983K(602112K)
[25.021s][info ][gc,metaspace ] GC(233) Metaspace: 59482K->59482K(1103872K)
[25.021s][info ][gc           ] GC(233) Pause Young (Allocation Failure) 518M->284M(852M) 5.029ms
[25.021s][info ][gc,cpu       ] GC(233) User=0.02s Sys=0.00s Real=0.01s
[25.021s][info ][safepoint    ] Leaving safepoint region
[25.021s][info ][safepoint    ] Total time for which application threads were stopped: 0.0055291 seconds, Stopping threads took: 0.0001734 seconds
[25.075s][info ][safepoint    ] Application time: 0.0536663 seconds
[25.076s][info ][safepoint    ] Entering safepoint region: GenCollectForAllocation
[25.077s][info ][gc,start     ] GC(234) Pause Young (Allocation Failure)
[25.077s][info ][gc,task      ] GC(234) Using 4 workers of 4 for evacuation
[25.081s][debug][gc,ref       ] GC(234) Skipped phase1 of Reference Processing due to unavailable references
[25.081s][debug][gc,ref       ] GC(234) Skipped phase3 of Reference Processing due to unavailable references
[25.081s][debug][gc,ref       ] GC(234) Skipped phase4 of Reference Processing due to unavailable references
[25.081s][debug][gc,age       ] GC(234) Desired survivor size 15400960 bytes, new threshold 6 (max threshold 6)
[25.081s][info ][gc,heap      ] GC(234) ParNew: 249660K->10071K(270976K)
[25.081s][info ][gc,heap      ] GC(234) CMS: 282983K->283035K(602112K)
[25.081s][info ][gc,metaspace ] GC(234) Metaspace: 59487K->59487K(1103872K)
[25.081s][info ][gc           ] GC(234) Pause Young (Allocation Failure) 520M->286M(852M) 4.853ms
[25.081s][info ][gc,cpu       ] GC(234) User=0.02s Sys=0.00s Real=0.01s
[25.082s][info ][safepoint    ] Leaving safepoint region
[25.082s][info ][safepoint    ] Total time for which application threads were stopped: 0.0069347 seconds, Stopping threads took: 0.0018825 seconds
[25.130s][info ][safepoint    ] Application time: 0.0485057 seconds
[25.133s][info ][safepoint    ] Entering safepoint region: GenCollectForAllocation
[25.134s][info ][gc,start     ] GC(235) Pause Young (Allocation Failure)
[25.134s][info ][gc,task      ] GC(235) Using 4 workers of 4 for evacuation
[25.138s][debug][gc,ref       ] GC(235) Skipped phase1 of Reference Processing due to unavailable references
[25.138s][debug][gc,ref       ] GC(235) Skipped phase2 of Reference Processing due to unavailable references
[25.138s][debug][gc,ref       ] GC(235) Skipped phase3 of Reference Processing due to unavailable references
[25.138s][debug][gc,ref       ] GC(235) Skipped phase4 of Reference Processing due to unavailable references
[25.138s][debug][gc,age       ] GC(235) Desired survivor size 15400960 bytes, new threshold 6 (max threshold 6)
[25.138s][info ][gc,heap      ] GC(235) ParNew: 250967K->11371K(270976K)
[25.138s][info ][gc,heap      ] GC(235) CMS: 283035K->283589K(602112K)
[25.138s][info ][gc,metaspace ] GC(235) Metaspace: 59490K->59490K(1103872K)
[25.138s][info ][gc           ] GC(235) Pause Young (Allocation Failure) 521M->288M(852M) 4.860ms
[25.138s][info ][gc,cpu       ] GC(235) User=0.02s Sys=0.00s Real=0.00s
[25.138s][info ][safepoint    ] Leaving safepoint region
[25.138s][info ][safepoint    ] Total time for which application threads were stopped: 0.0083650 seconds, Stopping threads took: 0.0033039 seconds
[25.206s][info ][safepoint    ] Application time: 0.0677428 seconds
[25.207s][info ][safepoint    ] Entering safepoint region: GenCollectForAllocation
[25.207s][info ][gc,start     ] GC(236) Pause Young (Allocation Failure)
[25.207s][info ][gc,task      ] GC(236) Using 4 workers of 4 for evacuation
[25.213s][debug][gc,ref       ] GC(236) Skipped phase1 of Reference Processing due to unavailable references
[25.213s][debug][gc,ref       ] GC(236) Skipped phase3 of Reference Processing due to unavailable references
[25.213s][debug][gc,age       ] GC(236) Desired survivor size 15400960 bytes, new threshold 6 (max threshold 6)
[25.213s][info ][gc,heap      ] GC(236) ParNew: 252267K->8679K(270976K)
[25.213s][info ][gc,heap      ] GC(236) CMS: 283589K->285742K(602112K)
[25.213s][info ][gc,metaspace ] GC(236) Metaspace: 59495K->59495K(1103872K)
[25.213s][info ][gc           ] GC(236) Pause Young (Allocation Failure) 523M->287M(852M) 5.533ms
[25.213s][info ][gc,cpu       ] GC(236) User=0.02s Sys=0.00s Real=0.01s
[25.213s][info ][safepoint    ] Leaving safepoint region
[25.213s][info ][safepoint    ] Total time for which application threads were stopped: 0.0068098 seconds, Stopping threads took: 0.0010784 seconds
[25.275s][info ][safepoint    ] Application time: 0.0620009 seconds
[25.275s][info ][safepoint    ] Entering safepoint region: GenCollectForAllocation
[25.275s][info ][gc,start     ] GC(237) Pause Young (Allocation Failure)
[25.276s][info ][gc,task      ] GC(237) Using 4 workers of 4 for evacuation
[25.281s][debug][gc,ref       ] GC(237) Skipped phase1 of Reference Processing due to unavailable references
[25.281s][debug][gc,ref       ] GC(237) Skipped phase3 of Reference Processing due to unavailable references
[25.281s][debug][gc,ref       ] GC(237) Skipped phase4 of Reference Processing due to unavailable references
[25.281s][debug][gc,age       ] GC(237) Desired survivor size 15400960 bytes, new threshold 6 (max threshold 6)
[25.281s][info ][gc,heap      ] GC(237) ParNew: 249575K->10715K(270976K)
[25.281s][info ][gc,heap      ] GC(237) CMS: 285742K->286799K(602112K)
[25.281s][info ][gc,metaspace ] GC(237) Metaspace: 59500K->59500K(1103872K)
[25.281s][info ][gc           ] GC(237) Pause Young (Allocation Failure) 522M->290M(852M) 5.487ms
[25.281s][info ][gc,cpu       ] GC(237) User=0.01s Sys=0.01s Real=0.01s
[25.281s][info ][safepoint    ] Leaving safepoint region
[25.281s][info ][safepoint    ] Total time for which application threads were stopped: 0.0059845 seconds, Stopping threads took: 0.0002563 seconds
[25.352s][info ][safepoint    ] Application time: 0.0707250 seconds
[25.353s][info ][safepoint    ] Entering safepoint region: GenCollectForAllocation
[25.353s][info ][gc,start     ] GC(238) Pause Young (Allocation Failure)
[25.353s][info ][gc,task      ] GC(238) Using 4 workers of 4 for evacuation
[25.359s][debug][gc,ref       ] GC(238) Skipped phase1 of Reference Processing due to unavailable references
[25.359s][debug][gc,ref       ] GC(238) Skipped phase3 of Reference Processing due to unavailable references
[25.359s][debug][gc,ref       ] GC(238) Skipped phase4 of Reference Processing due to unavailable references
[25.359s][debug][gc,age       ] GC(238) Desired survivor size 15400960 bytes, new threshold 6 (max threshold 6)
[25.359s][info ][gc,heap      ] GC(238) ParNew: 251611K->7342K(270976K)
[25.359s][info ][gc,heap      ] GC(238) CMS: 286799K->287380K(602112K)
[25.359s][info ][gc,metaspace ] GC(238) Metaspace: 59502K->59502K(1103872K)
[25.359s][info ][gc           ] GC(238) Pause Young (Allocation Failure) 525M->287M(852M) 5.842ms
[25.359s][info ][gc,cpu       ] GC(238) User=0.02s Sys=0.00s Real=0.00s
[25.359s][info ][safepoint    ] Leaving safepoint region
[25.359s][info ][safepoint    ] Total time for which application threads were stopped: 0.0075296 seconds, Stopping threads took: 0.0014675 seconds
[25.373s][info ][safepoint    ] Application time: 0.0134477 seconds
[25.373s][info ][safepoint    ] Entering safepoint region: RevokeBias
[25.373s][info ][safepoint    ] Leaving safepoint region
[25.373s][info ][safepoint    ] Total time for which application threads were stopped: 0.0004127 seconds, Stopping threads took: 0.0002391 seconds
[25.433s][info ][safepoint    ] Application time: 0.0602176 seconds
[25.437s][info ][safepoint    ] Entering safepoint region: GenCollectForAllocation
[25.437s][info ][gc,start     ] GC(239) Pause Young (Allocation Failure)
[25.437s][info ][gc,task      ] GC(239) Using 4 workers of 4 for evacuation
[25.445s][debug][gc,ref       ] GC(239) Skipped phase1 of Reference Processing due to unavailable references
[25.445s][debug][gc,ref       ] GC(239) Skipped phase3 of Reference Processing due to unavailable references
[25.445s][debug][gc,age       ] GC(239) Desired survivor size 15400960 bytes, new threshold 6 (max threshold 6)
[25.445s][info ][gc,heap      ] GC(239) ParNew: 248238K->7930K(270976K)
[25.445s][info ][gc,heap      ] GC(239) CMS: 287380K->288325K(602112K)
[25.445s][info ][gc,metaspace ] GC(239) Metaspace: 59529K->59529K(1103872K)
[25.445s][info ][gc           ] GC(239) Pause Young (Allocation Failure) 523M->289M(852M) 7.695ms
[25.445s][info ][gc,cpu       ] GC(239) User=0.03s Sys=0.01s Real=0.01s
[25.445s][info ][safepoint    ] Leaving safepoint region
[25.445s][info ][safepoint    ] Total time for which application threads were stopped: 0.0113141 seconds, Stopping threads took: 0.0034200 seconds
[25.515s][info ][safepoint    ] Application time: 0.0701025 seconds
[25.515s][info ][safepoint    ] Entering safepoint region: GenCollectForAllocation
[25.515s][info ][gc,start     ] GC(240) Pause Young (Allocation Failure)
[25.515s][info ][gc,task      ] GC(240) Using 4 workers of 4 for evacuation
[25.521s][debug][gc,ref       ] GC(240) Skipped phase1 of Reference Processing due to unavailable references
[25.521s][debug][gc,ref       ] GC(240) Skipped phase3 of Reference Processing due to unavailable references
[25.521s][debug][gc,ref       ] GC(240) Skipped phase4 of Reference Processing due to unavailable references
[25.521s][debug][gc,age       ] GC(240) Desired survivor size 15400960 bytes, new threshold 6 (max threshold 6)
[25.521s][info ][gc,heap      ] GC(240) ParNew: 248826K->8801K(270976K)
[25.521s][info ][gc,heap      ] GC(240) CMS: 288325K->289175K(602112K)
[25.521s][info ][gc,metaspace ] GC(240) Metaspace: 59530K->59530K(1103872K)
[25.521s][info ][gc           ] GC(240) Pause Young (Allocation Failure) 524M->290M(852M) 5.412ms
[25.521s][info ][gc,cpu       ] GC(240) User=0.02s Sys=0.00s Real=0.01s
[25.521s][info ][safepoint    ] Leaving safepoint region
[25.521s][info ][safepoint    ] Total time for which application threads were stopped: 0.0058823 seconds, Stopping threads took: 0.0002833 seconds
[25.584s][info ][safepoint    ] Application time: 0.0627963 seconds
[25.584s][info ][safepoint    ] Entering safepoint region: GenCollectForAllocation
[25.585s][info ][gc,start     ] GC(241) Pause Young (Allocation Failure)
[25.585s][info ][gc,task      ] GC(241) Using 4 workers of 4 for evacuation
[25.589s][debug][gc,ref       ] GC(241) Skipped phase1 of Reference Processing due to unavailable references
[25.589s][debug][gc,ref       ] GC(241) Skipped phase3 of Reference Processing due to unavailable references
[25.589s][debug][gc,ref       ] GC(241) Skipped phase4 of Reference Processing due to unavailable references
[25.589s][debug][gc,age       ] GC(241) Desired survivor size 15400960 bytes, new threshold 6 (max threshold 6)
[25.589s][info ][gc,heap      ] GC(241) ParNew: 249697K->10196K(270976K)
[25.589s][info ][gc,heap      ] GC(241) CMS: 289175K->290088K(602112K)
[25.589s][info ][gc,metaspace ] GC(241) Metaspace: 59530K->59530K(1103872K)
[25.589s][info ][gc           ] GC(241) Pause Young (Allocation Failure) 526M->293M(852M) 4.934ms
[25.589s][info ][gc,cpu       ] GC(241) User=0.01s Sys=0.00s Real=0.01s
[25.590s][info ][safepoint    ] Leaving safepoint region
[25.590s][info ][safepoint    ] Total time for which application threads were stopped: 0.0058879 seconds, Stopping threads took: 0.0007551 seconds
[25.660s][info ][safepoint    ] Application time: 0.0704489 seconds
[25.661s][info ][safepoint    ] Entering safepoint region: GenCollectForAllocation
[25.661s][info ][gc,start     ] GC(242) Pause Young (Allocation Failure)
[25.661s][info ][gc,task      ] GC(242) Using 4 workers of 4 for evacuation
[25.666s][debug][gc,ref       ] GC(242) Skipped phase1 of Reference Processing due to unavailable references
[25.666s][debug][gc,ref       ] GC(242) Skipped phase2 of Reference Processing due to unavailable references
[25.666s][debug][gc,ref       ] GC(242) Skipped phase3 of Reference Processing due to unavailable references
[25.666s][debug][gc,ref       ] GC(242) Skipped phase4 of Reference Processing due to unavailable references
[25.666s][debug][gc,age       ] GC(242) Desired survivor size 15400960 bytes, new threshold 6 (max threshold 6)
[25.666s][info ][gc,heap      ] GC(242) ParNew: 251092K->7471K(270976K)
[25.666s][info ][gc,heap      ] GC(242) CMS: 290088K->291011K(602112K)
[25.666s][info ][gc,metaspace ] GC(242) Metaspace: 59530K->59530K(1103872K)
[25.666s][info ][gc           ] GC(242) Pause Young (Allocation Failure) 528M->291M(852M) 5.001ms
[25.666s][info ][gc,cpu       ] GC(242) User=0.02s Sys=0.01s Real=0.00s
[25.666s][info ][safepoint    ] Leaving safepoint region
[25.666s][info ][safepoint    ] Total time for which application threads were stopped: 0.0058335 seconds, Stopping threads took: 0.0006361 seconds
[25.713s][info ][safepoint    ] Application time: 0.0467411 seconds
[25.716s][info ][safepoint    ] Entering safepoint region: GenCollectForAllocation
[25.716s][info ][gc,start     ] GC(243) Pause Young (Allocation Failure)
[25.716s][info ][gc,task      ] GC(243) Using 4 workers of 4 for evacuation
[25.720s][debug][gc,ref       ] GC(243) Skipped phase1 of Reference Processing due to unavailable references
[25.720s][debug][gc,ref       ] GC(243) Skipped phase2 of Reference Processing due to unavailable references
[25.720s][debug][gc,ref       ] GC(243) Skipped phase3 of Reference Processing due to unavailable references
[25.720s][debug][gc,ref       ] GC(243) Skipped phase4 of Reference Processing due to unavailable references
[25.720s][debug][gc,age       ] GC(243) Desired survivor size 15400960 bytes, new threshold 6 (max threshold 6)
[25.720s][info ][gc,heap      ] GC(243) ParNew: 248367K->6179K(270976K)
[25.721s][info ][gc,heap      ] GC(243) CMS: 291011K->291905K(602112K)
[25.721s][info ][gc,metaspace ] GC(243) Metaspace: 59534K->59534K(1103872K)
[25.721s][info ][gc           ] GC(243) Pause Young (Allocation Failure) 526M->291M(852M) 4.525ms
[25.721s][info ][gc,cpu       ] GC(243) User=0.02s Sys=0.00s Real=0.01s
[25.721s][info ][safepoint    ] Leaving safepoint region
[25.721s][info ][safepoint    ] Total time for which application threads were stopped: 0.0079435 seconds, Stopping threads took: 0.0032164 seconds
[25.790s][info ][safepoint    ] Application time: 0.0689413 seconds
[25.794s][info ][safepoint    ] Entering safepoint region: GenCollectForAllocation
[25.794s][info ][gc,start     ] GC(244) Pause Young (Allocation Failure)
[25.794s][info ][gc,task      ] GC(244) Using 4 workers of 4 for evacuation
[25.799s][debug][gc,ref       ] GC(244) Skipped phase1 of Reference Processing due to unavailable references
[25.799s][debug][gc,ref       ] GC(244) Skipped phase2 of Reference Processing due to unavailable references
[25.799s][debug][gc,ref       ] GC(244) Skipped phase3 of Reference Processing due to unavailable references
[25.799s][debug][gc,ref       ] GC(244) Skipped phase4 of Reference Processing due to unavailable references
[25.799s][debug][gc,age       ] GC(244) Desired survivor size 15400960 bytes, new threshold 6 (max threshold 6)
[25.799s][info ][gc,heap      ] GC(244) ParNew: 247075K->5907K(270976K)
[25.799s][info ][gc,heap      ] GC(244) CMS: 291905K->292611K(602112K)
[25.799s][info ][gc,metaspace ] GC(244) Metaspace: 59541K->59541K(1103872K)
[25.799s][info ][gc           ] GC(244) Pause Young (Allocation Failure) 526M->291M(852M) 5.002ms
[25.799s][info ][gc,cpu       ] GC(244) User=0.02s Sys=0.01s Real=0.00s
[25.799s][info ][safepoint    ] Leaving safepoint region
[25.799s][info ][safepoint    ] Total time for which application threads were stopped: 0.0092688 seconds, Stopping threads took: 0.0040466 seconds
[25.882s][info ][safepoint    ] Application time: 0.0828387 seconds
[25.882s][info ][safepoint    ] Entering safepoint region: GenCollectForAllocation
[25.882s][info ][gc,start     ] GC(245) Pause Young (Allocation Failure)
[25.882s][info ][gc,task      ] GC(245) Using 4 workers of 4 for evacuation
[25.886s][debug][gc,ref       ] GC(245) Skipped phase1 of Reference Processing due to unavailable references
[25.886s][debug][gc,ref       ] GC(245) Skipped phase3 of Reference Processing due to unavailable references
[25.886s][debug][gc,age       ] GC(245) Desired survivor size 15400960 bytes, new threshold 6 (max threshold 6)
[25.886s][info ][gc,heap      ] GC(245) ParNew: 246803K->7466K(270976K)
[25.886s][info ][gc,heap      ] GC(245) CMS: 292611K->292688K(602112K)
[25.886s][info ][gc,metaspace ] GC(245) Metaspace: 59546K->59546K(1103872K)
[25.886s][info ][gc           ] GC(245) Pause Young (Allocation Failure) 526M->293M(852M) 3.964ms
[25.886s][info ][gc,cpu       ] GC(245) User=0.02s Sys=0.00s Real=0.00s
[25.886s][info ][safepoint    ] Leaving safepoint region
[25.886s][info ][safepoint    ] Total time for which application threads were stopped: 0.0044040 seconds, Stopping threads took: 0.0002223 seconds
[25.940s][info ][safepoint    ] Application time: 0.0541790 seconds
[25.944s][info ][safepoint    ] Entering safepoint region: GenCollectForAllocation
[25.944s][info ][gc,start     ] GC(246) Pause Young (Allocation Failure)
[25.944s][info ][gc,task      ] GC(246) Using 4 workers of 4 for evacuation
[25.948s][debug][gc,ref       ] GC(246) Skipped phase1 of Reference Processing due to unavailable references
[25.948s][debug][gc,ref       ] GC(246) Skipped phase2 of Reference Processing due to unavailable references
[25.948s][debug][gc,ref       ] GC(246) Skipped phase3 of Reference Processing due to unavailable references
[25.948s][debug][gc,ref       ] GC(246) Skipped phase4 of Reference Processing due to unavailable references
[25.948s][debug][gc,age       ] GC(246) Desired survivor size 15400960 bytes, new threshold 6 (max threshold 6)
[25.949s][info ][gc,heap      ] GC(246) ParNew: 248362K->4869K(270976K)
[25.949s][info ][gc,heap      ] GC(246) CMS: 292688K->294639K(602112K)
[25.949s][info ][gc,metaspace ] GC(246) Metaspace: 59546K->59546K(1103872K)
[25.949s][info ][gc           ] GC(246) Pause Young (Allocation Failure) 528M->292M(852M) 4.812ms
[25.949s][info ][gc,cpu       ] GC(246) User=0.02s Sys=0.00s Real=0.01s
[25.949s][info ][safepoint    ] Leaving safepoint region
[25.949s][info ][safepoint    ] Total time for which application threads were stopped: 0.0082600 seconds, Stopping threads took: 0.0032601 seconds
[26.007s][info ][safepoint    ] Application time: 0.0579168 seconds
[26.008s][info ][safepoint    ] Entering safepoint region: GenCollectForAllocation
[26.009s][info ][gc,start     ] GC(247) Pause Young (Allocation Failure)
[26.009s][info ][gc,task      ] GC(247) Using 4 workers of 4 for evacuation
[26.013s][debug][gc,ref       ] GC(247) Skipped phase1 of Reference Processing due to unavailable references
[26.013s][debug][gc,ref       ] GC(247) Skipped phase2 of Reference Processing due to unavailable references
[26.013s][debug][gc,ref       ] GC(247) Skipped phase3 of Reference Processing due to unavailable references
[26.013s][debug][gc,ref       ] GC(247) Skipped phase4 of Reference Processing due to unavailable references
[26.014s][debug][gc,age       ] GC(247) Desired survivor size 15400960 bytes, new threshold 6 (max threshold 6)
[26.014s][info ][gc,heap      ] GC(247) ParNew: 245765K->4796K(270976K)
[26.014s][info ][gc,heap      ] GC(247) CMS: 294639K->295542K(602112K)
[26.014s][info ][gc,metaspace ] GC(247) Metaspace: 59550K->59550K(1103872K)
[26.014s][info ][gc           ] GC(247) Pause Young (Allocation Failure) 527M->293M(852M) 5.574ms
[26.014s][info ][gc,cpu       ] GC(247) User=0.02s Sys=0.00s Real=0.00s
[26.014s][info ][safepoint    ] Leaving safepoint region
[26.014s][info ][safepoint    ] Total time for which application threads were stopped: 0.0077435 seconds, Stopping threads took: 0.0019635 seconds
[26.068s][info ][safepoint    ] Application time: 0.0534183 seconds
[26.068s][info ][safepoint    ] Entering safepoint region: GenCollectForAllocation
[26.068s][info ][gc,start     ] GC(248) Pause Young (Allocation Failure)
[26.068s][info ][gc,task      ] GC(248) Using 4 workers of 4 for evacuation
[26.072s][debug][gc,ref       ] GC(248) Skipped phase1 of Reference Processing due to unavailable references
[26.072s][debug][gc,ref       ] GC(248) Skipped phase2 of Reference Processing due to unavailable references
[26.072s][debug][gc,ref       ] GC(248) Skipped phase3 of Reference Processing due to unavailable references
[26.072s][debug][gc,ref       ] GC(248) Skipped phase4 of Reference Processing due to unavailable references
[26.072s][debug][gc,age       ] GC(248) Desired survivor size 15400960 bytes, new threshold 6 (max threshold 6)
[26.072s][info ][gc,heap      ] GC(248) ParNew: 245692K->5035K(270976K)
[26.072s][info ][gc,heap      ] GC(248) CMS: 295542K->295707K(602112K)
[26.072s][info ][gc,metaspace ] GC(248) Metaspace: 59550K->59550K(1103872K)
[26.072s][info ][gc           ] GC(248) Pause Young (Allocation Failure) 528M->293M(852M) 3.747ms
[26.072s][info ][gc,cpu       ] GC(248) User=0.01s Sys=0.00s Real=0.00s
[26.072s][info ][safepoint    ] Leaving safepoint region
[26.072s][info ][safepoint    ] Total time for which application threads were stopped: 0.0042407 seconds, Stopping threads took: 0.0002608 seconds
[26.138s][info ][safepoint    ] Application time: 0.0663180 seconds
[26.139s][info ][safepoint    ] Entering safepoint region: GenCollectForAllocation
[26.139s][info ][gc,start     ] GC(249) Pause Young (Allocation Failure)
[26.139s][info ][gc,task      ] GC(249) Using 4 workers of 4 for evacuation
[26.143s][debug][gc,ref       ] GC(249) Skipped phase1 of Reference Processing due to unavailable references
[26.143s][debug][gc,ref       ] GC(249) Skipped phase2 of Reference Processing due to unavailable references
[26.143s][debug][gc,ref       ] GC(249) Skipped phase3 of Reference Processing due to unavailable references
[26.143s][debug][gc,ref       ] GC(249) Skipped phase4 of Reference Processing due to unavailable references
[26.144s][debug][gc,age       ] GC(249) Desired survivor size 15400960 bytes, new threshold 6 (max threshold 6)
[26.144s][info ][gc,heap      ] GC(249) ParNew: 245931K->7438K(270976K)
[26.144s][info ][gc,heap      ] GC(249) CMS: 295707K->295787K(602112K)
[26.144s][info ][gc,metaspace ] GC(249) Metaspace: 59552K->59552K(1103872K)
[26.144s][info ][gc           ] GC(249) Pause Young (Allocation Failure) 528M->296M(852M) 4.719ms
[26.144s][info ][gc,cpu       ] GC(249) User=0.02s Sys=0.00s Real=0.01s
[26.144s][info ][safepoint    ] Leaving safepoint region
[26.144s][info ][safepoint    ] Total time for which application threads were stopped: 0.0055819 seconds, Stopping threads took: 0.0006520 seconds
[26.208s][info ][safepoint    ] Application time: 0.0641076 seconds
[26.208s][info ][safepoint    ] Entering safepoint region: GenCollectForAllocation
[26.208s][info ][gc,start     ] GC(250) Pause Young (Allocation Failure)
[26.208s][info ][gc,task      ] GC(250) Using 4 workers of 4 for evacuation
[26.212s][debug][gc,ref       ] GC(250) Skipped phase1 of Reference Processing due to unavailable references
[26.213s][debug][gc,ref       ] GC(250) Skipped phase2 of Reference Processing due to unavailable references
[26.213s][debug][gc,ref       ] GC(250) Skipped phase3 of Reference Processing due to unavailable references
[26.213s][debug][gc,ref       ] GC(250) Skipped phase4 of Reference Processing due to unavailable references
[26.213s][debug][gc,age       ] GC(250) Desired survivor size 15400960 bytes, new threshold 6 (max threshold 6)
[26.213s][info ][gc,heap      ] GC(250) ParNew: 248334K->7031K(270976K)
[26.213s][info ][gc,heap      ] GC(250) CMS: 295787K->296227K(602112K)
[26.213s][info ][gc,metaspace ] GC(250) Metaspace: 59552K->59552K(1103872K)
[26.213s][info ][gc           ] GC(250) Pause Young (Allocation Failure) 531M->296M(852M) 4.305ms
[26.213s][info ][gc,cpu       ] GC(250) User=0.02s Sys=0.00s Real=0.00s
[26.213s][info ][safepoint    ] Leaving safepoint region
[26.213s][info ][safepoint    ] Total time for which application threads were stopped: 0.0046777 seconds, Stopping threads took: 0.0001830 seconds
[26.263s][info ][safepoint    ] Application time: 0.0503420 seconds
[26.263s][info ][safepoint    ] Entering safepoint region: Deoptimize
[26.265s][info ][safepoint    ] Leaving safepoint region
[26.265s][info ][safepoint    ] Total time for which application threads were stopped: 0.0018936 seconds, Stopping threads took: 0.0003816 seconds
[26.268s][info ][safepoint    ] Application time: 0.0032736 seconds
[26.272s][info ][safepoint    ] Entering safepoint region: Deoptimize
[26.273s][info ][safepoint    ] Leaving safepoint region
[26.273s][info ][safepoint    ] Total time for which application threads were stopped: 0.0048788 seconds, Stopping threads took: 0.0034633 seconds
[26.286s][info ][safepoint    ] Application time: 0.0132104 seconds
[26.287s][info ][safepoint    ] Entering safepoint region: GenCollectForAllocation
[26.287s][info ][gc,start     ] GC(251) Pause Young (Allocation Failure)
[26.287s][info ][gc,task      ] GC(251) Using 4 workers of 4 for evacuation
[26.291s][debug][gc,ref       ] GC(251) Skipped phase1 of Reference Processing due to unavailable references
[26.291s][debug][gc,ref       ] GC(251) Skipped phase3 of Reference Processing due to unavailable references
[26.291s][debug][gc,age       ] GC(251) Desired survivor size 15400960 bytes, new threshold 6 (max threshold 6)
[26.291s][info ][gc,heap      ] GC(251) ParNew: 247927K->6358K(270976K)
[26.291s][info ][gc,heap      ] GC(251) CMS: 296227K->297016K(602112K)
[26.291s][info ][gc,metaspace ] GC(251) Metaspace: 59639K->59639K(1103872K)
[26.292s][info ][gc           ] GC(251) Pause Young (Allocation Failure) 531M->296M(852M) 4.799ms
[26.292s][info ][gc,cpu       ] GC(251) User=0.02s Sys=0.00s Real=0.01s
[26.292s][info ][safepoint    ] Leaving safepoint region
[26.292s][info ][safepoint    ] Total time for which application threads were stopped: 0.0051037 seconds, Stopping threads took: 0.0001191 seconds
[26.358s][info ][safepoint    ] Application time: 0.0664304 seconds
[26.358s][info ][safepoint    ] Entering safepoint region: GenCollectForAllocation
[26.358s][info ][gc,start     ] GC(252) Pause Young (Allocation Failure)
[26.358s][info ][gc,task      ] GC(252) Using 4 workers of 4 for evacuation
[26.363s][debug][gc,ref       ] GC(252) Skipped phase1 of Reference Processing due to unavailable references
[26.363s][debug][gc,ref       ] GC(252) Skipped phase3 of Reference Processing due to unavailable references
[26.363s][debug][gc,ref       ] GC(252) Skipped phase4 of Reference Processing due to unavailable references
[26.363s][debug][gc,age       ] GC(252) Desired survivor size 15400960 bytes, new threshold 6 (max threshold 6)
[26.363s][info ][gc,heap      ] GC(252) ParNew: 247254K->7109K(270976K)
[26.363s][info ][gc,heap      ] GC(252) CMS: 297016K->297434K(602112K)
[26.363s][info ][gc,metaspace ] GC(252) Metaspace: 59655K->59655K(1103872K)
[26.363s][info ][gc           ] GC(252) Pause Young (Allocation Failure) 531M->297M(852M) 4.768ms
[26.363s][info ][gc,cpu       ] GC(252) User=0.02s Sys=0.00s Real=0.01s
[26.363s][info ][safepoint    ] Leaving safepoint region
[26.363s][info ][safepoint    ] Total time for which application threads were stopped: 0.0051146 seconds, Stopping threads took: 0.0001456 seconds
[26.432s][info ][safepoint    ] Application time: 0.0683980 seconds
[26.436s][info ][safepoint    ] Entering safepoint region: GenCollectForAllocation
[26.436s][info ][gc,start     ] GC(253) Pause Young (Allocation Failure)
[26.436s][info ][gc,task      ] GC(253) Using 4 workers of 4 for evacuation
[26.440s][debug][gc,ref       ] GC(253) Skipped phase1 of Reference Processing due to unavailable references
[26.440s][debug][gc,ref       ] GC(253) Skipped phase3 of Reference Processing due to unavailable references
[26.440s][debug][gc,ref       ] GC(253) Skipped phase4 of Reference Processing due to unavailable references
[26.440s][debug][gc,age       ] GC(253) Desired survivor size 15400960 bytes, new threshold 6 (max threshold 6)
[26.440s][info ][gc,heap      ] GC(253) ParNew: 248005K->6338K(270976K)
[26.440s][info ][gc,heap      ] GC(253) CMS: 297434K->297622K(602112K)
[26.440s][info ][gc,metaspace ] GC(253) Metaspace: 59659K->59659K(1103872K)
[26.440s][info ][gc           ] GC(253) Pause Young (Allocation Failure) 532M->296M(852M) 4.508ms
[26.440s][info ][gc,cpu       ] GC(253) User=0.02s Sys=0.00s Real=0.01s
[26.440s][info ][safepoint    ] Leaving safepoint region
[26.440s][info ][safepoint    ] Total time for which application threads were stopped: 0.0087587 seconds, Stopping threads took: 0.0040094 seconds
[26.513s][info ][safepoint    ] Application time: 0.0726486 seconds
[26.515s][info ][safepoint    ] Entering safepoint region: GenCollectForAllocation
[26.516s][info ][gc,start     ] GC(254) Pause Young (Allocation Failure)
[26.516s][info ][gc,task      ] GC(254) Using 4 workers of 4 for evacuation
[26.520s][debug][gc,ref       ] GC(254) Skipped phase1 of Reference Processing due to unavailable references
[26.520s][debug][gc,ref       ] GC(254) Skipped phase3 of Reference Processing due to unavailable references
[26.520s][debug][gc,ref       ] GC(254) Skipped phase4 of Reference Processing due to unavailable references
[26.521s][debug][gc,age       ] GC(254) Desired survivor size 15400960 bytes, new threshold 6 (max threshold 6)
[26.521s][info ][gc,heap      ] GC(254) ParNew: 247234K->6849K(270976K)
[26.521s][info ][gc,heap      ] GC(254) CMS: 297622K->298796K(602112K)
[26.521s][info ][gc,metaspace ] GC(254) Metaspace: 59677K->59677K(1103872K)
[26.521s][info ][gc           ] GC(254) Pause Young (Allocation Failure) 532M->298M(852M) 4.907ms
[26.521s][info ][gc,cpu       ] GC(254) User=0.02s Sys=0.00s Real=0.01s
[26.521s][info ][safepoint    ] Leaving safepoint region
[26.521s][info ][safepoint    ] Total time for which application threads were stopped: 0.0076429 seconds, Stopping threads took: 0.0024352 seconds
[26.588s][info ][safepoint    ] Application time: 0.0669837 seconds
[26.591s][info ][safepoint    ] Entering safepoint region: GenCollectForAllocation
[26.591s][info ][gc,start     ] GC(255) Pause Young (Allocation Failure)
[26.591s][info ][gc,task      ] GC(255) Using 4 workers of 4 for evacuation
[26.596s][debug][gc,ref       ] GC(255) Skipped phase1 of Reference Processing due to unavailable references
[26.596s][debug][gc,ref       ] GC(255) Skipped phase3 of Reference Processing due to unavailable references
[26.596s][debug][gc,age       ] GC(255) Desired survivor size 15400960 bytes, new threshold 6 (max threshold 6)
[26.596s][info ][gc,heap      ] GC(255) ParNew: 247745K->4944K(270976K)
[26.596s][info ][gc,heap      ] GC(255) CMS: 298796K->300290K(602112K)
[26.596s][info ][gc,metaspace ] GC(255) Metaspace: 59725K->59725K(1103872K)
[26.596s][info ][gc           ] GC(255) Pause Young (Allocation Failure) 533M->298M(852M) 5.345ms
[26.597s][info ][gc,cpu       ] GC(255) User=0.02s Sys=0.00s Real=0.00s
[26.597s][info ][safepoint    ] Leaving safepoint region
[26.597s][info ][safepoint    ] Total time for which application threads were stopped: 0.0088430 seconds, Stopping threads took: 0.0032703 seconds
[26.670s][info ][safepoint    ] Application time: 0.0738856 seconds
[26.671s][info ][safepoint    ] Entering safepoint region: GenCollectForAllocation
[26.671s][info ][gc,start     ] GC(256) Pause Young (Allocation Failure)
[26.671s][info ][gc,task      ] GC(256) Using 4 workers of 4 for evacuation
[26.675s][debug][gc,ref       ] GC(256) Skipped phase1 of Reference Processing due to unavailable references
[26.675s][debug][gc,ref       ] GC(256) Skipped phase3 of Reference Processing due to unavailable references
[26.675s][debug][gc,ref       ] GC(256) Skipped phase4 of Reference Processing due to unavailable references
[26.675s][debug][gc,age       ] GC(256) Desired survivor size 15400960 bytes, new threshold 6 (max threshold 6)
[26.675s][info ][gc,heap      ] GC(256) ParNew: 245840K->4404K(270976K)
[26.675s][info ][gc,heap      ] GC(256) CMS: 300290K->300840K(602112K)
[26.675s][info ][gc,metaspace ] GC(256) Metaspace: 59806K->59806K(1103872K)
[26.675s][info ][gc           ] GC(256) Pause Young (Allocation Failure) 533M->298M(852M) 4.219ms
[26.675s][info ][gc,cpu       ] GC(256) User=0.01s Sys=0.00s Real=0.00s
[26.675s][info ][safepoint    ] Leaving safepoint region
[26.675s][info ][safepoint    ] Total time for which application threads were stopped: 0.0049460 seconds, Stopping threads took: 0.0005285 seconds
[26.732s][info ][safepoint    ] Application time: 0.0567035 seconds
[26.734s][info ][safepoint    ] Entering safepoint region: GenCollectForAllocation
[26.734s][info ][gc,start     ] GC(257) Pause Young (Allocation Failure)
[26.734s][info ][gc,task      ] GC(257) Using 4 workers of 4 for evacuation
[26.737s][debug][gc,ref       ] GC(257) Skipped phase1 of Reference Processing due to unavailable references
[26.737s][debug][gc,ref       ] GC(257) Skipped phase3 of Reference Processing due to unavailable references
[26.737s][debug][gc,ref       ] GC(257) Skipped phase4 of Reference Processing due to unavailable references
[26.738s][debug][gc,age       ] GC(257) Desired survivor size 15400960 bytes, new threshold 6 (max threshold 6)
[26.738s][info ][gc,heap      ] GC(257) ParNew: 245300K->3715K(270976K)
[26.738s][info ][gc,heap      ] GC(257) CMS: 300840K->300928K(602112K)
[26.738s][info ][gc,metaspace ] GC(257) Metaspace: 59809K->59809K(1103872K)
[26.738s][info ][gc           ] GC(257) Pause Young (Allocation Failure) 533M->297M(852M) 3.779ms
[26.738s][info ][gc,cpu       ] GC(257) User=0.02s Sys=0.00s Real=0.00s
[26.738s][info ][safepoint    ] Leaving safepoint region
[26.738s][info ][safepoint    ] Total time for which application threads were stopped: 0.0054647 seconds, Stopping threads took: 0.0014952 seconds
[26.805s][info ][safepoint    ] Application time: 0.0671968 seconds
[26.805s][info ][safepoint    ] Entering safepoint region: GenCollectForAllocation
[26.805s][info ][gc,start     ] GC(258) Pause Young (Allocation Failure)
[26.805s][info ][gc,task      ] GC(258) Using 4 workers of 4 for evacuation
[26.811s][debug][gc,ref       ] GC(258) Skipped phase1 of Reference Processing due to unavailable references
[26.811s][debug][gc,ref       ] GC(258) Skipped phase3 of Reference Processing due to unavailable references
[26.811s][debug][gc,age       ] GC(258) Desired survivor size 15400960 bytes, new threshold 6 (max threshold 6)
[26.811s][info ][gc,heap      ] GC(258) ParNew: 244611K->3576K(270976K)
[26.811s][info ][gc,heap      ] GC(258) CMS: 300928K->302197K(602112K)
[26.811s][info ][gc,metaspace ] GC(258) Metaspace: 59823K->59823K(1103872K)
[26.811s][info ][gc           ] GC(258) Pause Young (Allocation Failure) 532M->298M(852M) 5.605ms
[26.811s][info ][gc,cpu       ] GC(258) User=0.02s Sys=0.00s Real=0.01s
[26.811s][info ][safepoint    ] Leaving safepoint region
[26.811s][info ][safepoint    ] Total time for which application threads were stopped: 0.0061444 seconds, Stopping threads took: 0.0003565 seconds
[26.874s][info ][safepoint    ] Application time: 0.0631584 seconds
[26.874s][info ][safepoint    ] Entering safepoint region: GenCollectForAllocation
[26.875s][info ][gc,start     ] GC(259) Pause Young (Allocation Failure)
[26.875s][info ][gc,task      ] GC(259) Using 4 workers of 4 for evacuation
[26.878s][debug][gc,ref       ] GC(259) Skipped phase1 of Reference Processing due to unavailable references
[26.878s][debug][gc,ref       ] GC(259) Skipped phase3 of Reference Processing due to unavailable references
[26.878s][debug][gc,ref       ] GC(259) Skipped phase4 of Reference Processing due to unavailable references
[26.878s][debug][gc,age       ] GC(259) Desired survivor size 15400960 bytes, new threshold 6 (max threshold 6)
[26.878s][info ][gc,heap      ] GC(259) ParNew: 244472K->1413K(270976K)
[26.878s][info ][gc,heap      ] GC(259) CMS: 302197K->303058K(602112K)
[26.878s][info ][gc,metaspace ] GC(259) Metaspace: 59828K->59828K(1103872K)
[26.878s][info ][gc           ] GC(259) Pause Young (Allocation Failure) 533M->297M(852M) 3.289ms
[26.878s][info ][gc,cpu       ] GC(259) User=0.01s Sys=0.00s Real=0.00s
[26.878s][info ][safepoint    ] Leaving safepoint region
[26.878s][info ][safepoint    ] Total time for which application threads were stopped: 0.0037574 seconds, Stopping threads took: 0.0002618 seconds
[26.942s][info ][safepoint    ] Application time: 0.0640866 seconds
[26.944s][info ][safepoint    ] Entering safepoint region: GenCollectForAllocation
[26.945s][info ][gc,start     ] GC(260) Pause Young (Allocation Failure)
[26.945s][info ][gc,task      ] GC(260) Using 4 workers of 4 for evacuation
[26.948s][debug][gc,ref       ] GC(260) Skipped phase1 of Reference Processing due to unavailable references
[26.948s][debug][gc,ref       ] GC(260) Skipped phase3 of Reference Processing due to unavailable references
[26.948s][debug][gc,ref       ] GC(260) Skipped phase4 of Reference Processing due to unavailable references
[26.948s][debug][gc,age       ] GC(260) Desired survivor size 15400960 bytes, new threshold 6 (max threshold 6)
[26.948s][info ][gc,heap      ] GC(260) ParNew: 242309K->996K(270976K)
[26.948s][info ][gc,heap      ] GC(260) CMS: 303058K->303189K(602112K)
[26.948s][info ][gc,metaspace ] GC(260) Metaspace: 59834K->59834K(1103872K)
[26.948s][info ][gc           ] GC(260) Pause Young (Allocation Failure) 532M->297M(852M) 3.693ms
[26.948s][info ][gc,cpu       ] GC(260) User=0.02s Sys=0.00s Real=0.01s
[26.948s][info ][safepoint    ] Leaving safepoint region
[26.948s][info ][safepoint    ] Total time for which application threads were stopped: 0.0062493 seconds, Stopping threads took: 0.0023289 seconds
[27.014s][info ][safepoint    ] Application time: 0.0654409 seconds
[27.016s][info ][safepoint    ] Entering safepoint region: GenCollectForAllocation
[27.017s][info ][gc,start     ] GC(261) Pause Young (Allocation Failure)
[27.017s][info ][gc,task      ] GC(261) Using 4 workers of 4 for evacuation
[27.019s][debug][gc,ref       ] GC(261) Skipped phase1 of Reference Processing due to unavailable references
[27.019s][debug][gc,ref       ] GC(261) Skipped phase3 of Reference Processing due to unavailable references
[27.020s][debug][gc,ref       ] GC(261) Skipped phase4 of Reference Processing due to unavailable references
[27.020s][debug][gc,age       ] GC(261) Desired survivor size 15400960 bytes, new threshold 6 (max threshold 6)
[27.020s][info ][gc,heap      ] GC(261) ParNew: 241892K->1551K(270976K)
[27.020s][info ][gc,heap      ] GC(261) CMS: 303189K->303282K(602112K)
[27.020s][info ][gc,metaspace ] GC(261) Metaspace: 59836K->59836K(1103872K)
[27.020s][info ][gc           ] GC(261) Pause Young (Allocation Failure) 532M->297M(852M) 3.221ms
[27.020s][info ][gc,cpu       ] GC(261) User=0.01s Sys=0.00s Real=0.00s
[27.020s][info ][safepoint    ] Leaving safepoint region
[27.020s][info ][safepoint    ] Total time for which application threads were stopped: 0.0060145 seconds, Stopping threads took: 0.0025962 seconds
[27.087s][info ][safepoint    ] Application time: 0.0670632 seconds
[27.090s][info ][safepoint    ] Entering safepoint region: GenCollectForAllocation
[27.090s][info ][gc,start     ] GC(262) Pause Young (Allocation Failure)
[27.090s][info ][gc,task      ] GC(262) Using 4 workers of 4 for evacuation
[27.093s][debug][gc,ref       ] GC(262) Skipped phase1 of Reference Processing due to unavailable references
[27.093s][debug][gc,ref       ] GC(262) Skipped phase3 of Reference Processing due to unavailable references
[27.093s][debug][gc,ref       ] GC(262) Skipped phase4 of Reference Processing due to unavailable references
[27.093s][debug][gc,age       ] GC(262) Desired survivor size 15400960 bytes, new threshold 6 (max threshold 6)
[27.093s][info ][gc,heap      ] GC(262) ParNew: 242447K->1302K(270976K)
[27.093s][info ][gc,heap      ] GC(262) CMS: 303282K->303395K(602112K)
[27.093s][info ][gc,metaspace ] GC(262) Metaspace: 59841K->59841K(1103872K)
[27.093s][info ][gc           ] GC(262) Pause Young (Allocation Failure) 532M->297M(852M) 2.999ms
[27.093s][info ][gc,cpu       ] GC(262) User=0.01s Sys=0.00s Real=0.00s
[27.093s][info ][safepoint    ] Leaving safepoint region
[27.093s][info ][safepoint    ] Total time for which application threads were stopped: 0.0065161 seconds, Stopping threads took: 0.0033347 seconds
[27.165s][info ][safepoint    ] Application time: 0.0714664 seconds
[27.166s][info ][safepoint    ] Entering safepoint region: GenCollectForAllocation
[27.166s][info ][gc,start     ] GC(263) Pause Young (Allocation Failure)
[27.166s][info ][gc,task      ] GC(263) Using 4 workers of 4 for evacuation
[27.169s][debug][gc,ref       ] GC(263) Skipped phase1 of Reference Processing due to unavailable references
[27.169s][debug][gc,ref       ] GC(263) Skipped phase3 of Reference Processing due to unavailable references
[27.169s][debug][gc,ref       ] GC(263) Skipped phase4 of Reference Processing due to unavailable references
[27.169s][debug][gc,age       ] GC(263) Desired survivor size 15400960 bytes, new threshold 6 (max threshold 6)
[27.169s][info ][gc,heap      ] GC(263) ParNew: 242198K->1305K(270976K)
[27.169s][info ][gc,heap      ] GC(263) CMS: 303395K->303516K(602112K)
[27.169s][info ][gc,metaspace ] GC(263) Metaspace: 59845K->59845K(1103872K)
[27.169s][info ][gc           ] GC(263) Pause Young (Allocation Failure) 532M->297M(852M) 2.978ms
[27.169s][info ][gc,cpu       ] GC(263) User=0.01s Sys=0.00s Real=0.01s
[27.169s][info ][safepoint    ] Leaving safepoint region
[27.169s][info ][safepoint    ] Total time for which application threads were stopped: 0.0039181 seconds, Stopping threads took: 0.0007445 seconds
[27.236s][info ][safepoint    ] Application time: 0.0666871 seconds
[27.238s][info ][safepoint    ] Entering safepoint region: GenCollectForAllocation
[27.238s][info ][gc,start     ] GC(264) Pause Young (Allocation Failure)
[27.238s][info ][gc,task      ] GC(264) Using 4 workers of 4 for evacuation
[27.241s][debug][gc,ref       ] GC(264) Skipped phase1 of Reference Processing due to unavailable references
[27.241s][debug][gc,ref       ] GC(264) Skipped phase2 of Reference Processing due to unavailable references
[27.241s][debug][gc,ref       ] GC(264) Skipped phase3 of Reference Processing due to unavailable references
[27.241s][debug][gc,ref       ] GC(264) Skipped phase4 of Reference Processing due to unavailable references
[27.241s][debug][gc,age       ] GC(264) Desired survivor size 15400960 bytes, new threshold 6 (max threshold 6)
[27.241s][info ][gc,heap      ] GC(264) ParNew: 242201K->1656K(270976K)
[27.241s][info ][gc,heap      ] GC(264) CMS: 303516K->303619K(602112K)
[27.241s][info ][gc,metaspace ] GC(264) Metaspace: 59846K->59846K(1103872K)
[27.241s][info ][gc           ] GC(264) Pause Young (Allocation Failure) 532M->298M(852M) 2.717ms
[27.241s][info ][gc,cpu       ] GC(264) User=0.01s Sys=0.00s Real=0.01s
[27.241s][info ][safepoint    ] Leaving safepoint region
[27.241s][info ][safepoint    ] Total time for which application threads were stopped: 0.0054822 seconds, Stopping threads took: 0.0025771 seconds
[27.312s][info ][safepoint    ] Application time: 0.0709518 seconds
[27.312s][info ][safepoint    ] Entering safepoint region: GenCollectForAllocation
[27.312s][info ][gc,start     ] GC(265) Pause Young (Allocation Failure)
[27.312s][info ][gc,task      ] GC(265) Using 4 workers of 4 for evacuation
[27.315s][debug][gc,ref       ] GC(265) Skipped phase1 of Reference Processing due to unavailable references
[27.315s][debug][gc,ref       ] GC(265) Skipped phase2 of Reference Processing due to unavailable references
[27.315s][debug][gc,ref       ] GC(265) Skipped phase3 of Reference Processing due to unavailable references
[27.315s][debug][gc,ref       ] GC(265) Skipped phase4 of Reference Processing due to unavailable references
[27.315s][debug][gc,age       ] GC(265) Desired survivor size 15400960 bytes, new threshold 6 (max threshold 6)
[27.315s][info ][gc,heap      ] GC(265) ParNew: 242552K->1193K(270976K)
[27.315s][info ][gc,heap      ] GC(265) CMS: 303619K->303925K(602112K)
[27.315s][info ][gc,metaspace ] GC(265) Metaspace: 59846K->59846K(1103872K)
[27.315s][info ][gc           ] GC(265) Pause Young (Allocation Failure) 533M->297M(852M) 2.899ms
[27.315s][info ][gc,cpu       ] GC(265) User=0.01s Sys=0.00s Real=0.00s
[27.315s][info ][safepoint    ] Leaving safepoint region
[27.315s][info ][safepoint    ] Total time for which application threads were stopped: 0.0033655 seconds, Stopping threads took: 0.0002614 seconds
[27.392s][info ][safepoint    ] Application time: 0.0764167 seconds
[27.395s][info ][safepoint    ] Entering safepoint region: GenCollectForAllocation
[27.395s][info ][gc,start     ] GC(266) Pause Young (Allocation Failure)
[27.395s][info ][gc,task      ] GC(266) Using 4 workers of 4 for evacuation
[27.398s][debug][gc,ref       ] GC(266) Skipped phase1 of Reference Processing due to unavailable references
[27.398s][debug][gc,ref       ] GC(266) Skipped phase2 of Reference Processing due to unavailable references
[27.398s][debug][gc,ref       ] GC(266) Skipped phase3 of Reference Processing due to unavailable references
[27.398s][debug][gc,ref       ] GC(266) Skipped phase4 of Reference Processing due to unavailable references
[27.398s][debug][gc,age       ] GC(266) Desired survivor size 15400960 bytes, new threshold 6 (max threshold 6)
[27.398s][info ][gc,heap      ] GC(266) ParNew: 242089K->1576K(270976K)
[27.398s][info ][gc,heap      ] GC(266) CMS: 303925K->304040K(602112K)
[27.398s][info ][gc,metaspace ] GC(266) Metaspace: 59846K->59846K(1103872K)
[27.398s][info ][gc           ] GC(266) Pause Young (Allocation Failure) 533M->298M(852M) 2.825ms
[27.398s][info ][gc,cpu       ] GC(266) User=0.02s Sys=0.00s Real=0.00s
[27.398s][info ][safepoint    ] Leaving safepoint region
[27.398s][info ][safepoint    ] Total time for which application threads were stopped: 0.0063458 seconds, Stopping threads took: 0.0032933 seconds
[27.479s][info ][safepoint    ] Application time: 0.0802945 seconds
[27.481s][info ][safepoint    ] Entering safepoint region: GenCollectForAllocation
[27.481s][info ][gc,start     ] GC(267) Pause Young (Allocation Failure)
[27.481s][info ][gc,task      ] GC(267) Using 4 workers of 4 for evacuation
[27.484s][debug][gc,ref       ] GC(267) Skipped phase1 of Reference Processing due to unavailable references
[27.484s][debug][gc,ref       ] GC(267) Skipped phase2 of Reference Processing due to unavailable references
[27.484s][debug][gc,ref       ] GC(267) Skipped phase3 of Reference Processing due to unavailable references
[27.484s][debug][gc,ref       ] GC(267) Skipped phase4 of Reference Processing due to unavailable references
[27.484s][debug][gc,age       ] GC(267) Desired survivor size 15400960 bytes, new threshold 6 (max threshold 6)
[27.484s][info ][gc,heap      ] GC(267) ParNew: 242472K->1921K(270976K)
[27.484s][info ][gc,heap      ] GC(267) CMS: 304040K->304168K(602112K)
[27.484s][info ][gc,metaspace ] GC(267) Metaspace: 59864K->59864K(1103872K)
[27.484s][info ][gc           ] GC(267) Pause Young (Allocation Failure) 533M->298M(852M) 3.161ms
[27.484s][info ][gc,cpu       ] GC(267) User=0.01s Sys=0.00s Real=0.00s
[27.484s][info ][safepoint    ] Leaving safepoint region
[27.484s][info ][safepoint    ] Total time for which application threads were stopped: 0.0058862 seconds, Stopping threads took: 0.0025330 seconds
[27.565s][info ][safepoint    ] Application time: 0.0808834 seconds
[27.565s][info ][safepoint    ] Entering safepoint region: GenCollectForAllocation
[27.566s][info ][gc,start     ] GC(268) Pause Young (Allocation Failure)
[27.566s][info ][gc,task      ] GC(268) Using 4 workers of 4 for evacuation
[27.568s][debug][gc,ref       ] GC(268) Skipped phase1 of Reference Processing due to unavailable references
[27.568s][debug][gc,ref       ] GC(268) Skipped phase2 of Reference Processing due to unavailable references
[27.569s][debug][gc,ref       ] GC(268) Skipped phase3 of Reference Processing due to unavailable references
[27.569s][debug][gc,ref       ] GC(268) Skipped phase4 of Reference Processing due to unavailable references
[27.569s][debug][gc,age       ] GC(268) Desired survivor size 15400960 bytes, new threshold 6 (max threshold 6)
[27.569s][info ][gc,heap      ] GC(268) ParNew: 242817K->2246K(270976K)
[27.569s][info ][gc,heap      ] GC(268) CMS: 304168K->304298K(602112K)
[27.569s][info ][gc,metaspace ] GC(268) Metaspace: 59864K->59864K(1103872K)
[27.569s][info ][gc           ] GC(268) Pause Young (Allocation Failure) 534M->299M(852M) 3.029ms
[27.569s][info ][gc,cpu       ] GC(268) User=0.01s Sys=0.00s Real=0.01s
[27.569s][info ][safepoint    ] Leaving safepoint region
[27.569s][info ][safepoint    ] Total time for which application threads were stopped: 0.0033745 seconds, Stopping threads took: 0.0001525 seconds
[27.932s][info ][safepoint    ] Application time: 0.3632560 seconds
[27.932s][info ][safepoint    ] Entering safepoint region: GenCollectForAllocation
[27.932s][info ][gc,start     ] GC(269) Pause Young (Allocation Failure)
[27.932s][info ][gc,task      ] GC(269) Using 4 workers of 4 for evacuation
[27.940s][debug][gc,ref       ] GC(269) Skipped phase1 of Reference Processing due to unavailable references
[27.940s][debug][gc,ref       ] GC(269) Skipped phase2 of Reference Processing due to unavailable references
[27.940s][debug][gc,ref       ] GC(269) Skipped phase3 of Reference Processing due to unavailable references
[27.940s][debug][gc,ref       ] GC(269) Skipped phase4 of Reference Processing due to unavailable references
[27.940s][debug][gc,age       ] GC(269) Desired survivor size 15400960 bytes, new threshold 6 (max threshold 6)
[27.940s][info ][gc,heap      ] GC(269) ParNew: 243142K->2035K(270976K)
[27.940s][info ][gc,heap      ] GC(269) CMS: 304298K->304443K(602112K)
[27.940s][info ][gc,metaspace ] GC(269) Metaspace: 59867K->59867K(1103872K)
[27.940s][info ][gc           ] GC(269) Pause Young (Allocation Failure) 534M->299M(852M) 8.070ms
[27.940s][info ][gc,cpu       ] GC(269) User=0.02s Sys=0.00s Real=0.01s
[27.940s][info ][safepoint    ] Leaving safepoint region
[27.940s][info ][safepoint    ] Total time for which application threads were stopped: 0.0083381 seconds, Stopping threads took: 0.0000178 seconds
[28.572s][info ][safepoint    ] Application time: 0.6312758 seconds
[28.572s][info ][safepoint    ] Entering safepoint region: ICBufferFull
[28.572s][info ][safepoint    ] Leaving safepoint region
[28.572s][info ][safepoint    ] Total time for which application threads were stopped: 0.0002261 seconds, Stopping threads took: 0.0000311 seconds
[29.572s][info ][safepoint    ] Application time: 1.0001083 seconds
[29.572s][info ][safepoint    ] Entering safepoint region: Cleanup
[29.572s][info ][safepoint    ] Leaving safepoint region
[29.572s][info ][safepoint    ] Total time for which application threads were stopped: 0.0002159 seconds, Stopping threads took: 0.0000357 seconds
[30.572s][info ][safepoint    ] Application time: 1.0000896 seconds
[30.572s][info ][safepoint    ] Entering safepoint region: Cleanup
[30.573s][info ][safepoint    ] Leaving safepoint region
[30.573s][info ][safepoint    ] Total time for which application threads were stopped: 0.0002035 seconds, Stopping threads took: 0.0000362 seconds
[31.370s][info ][safepoint    ] Application time: 0.7976271 seconds
[31.370s][info ][safepoint    ] Entering safepoint region: GenCollectForAllocation
[31.370s][info ][gc,start     ] GC(270) Pause Young (Allocation Failure)
[31.370s][info ][gc,task      ] GC(270) Using 4 workers of 4 for evacuation
[31.374s][debug][gc,ref       ] GC(270) Skipped phase1 of Reference Processing due to unavailable references
[31.374s][debug][gc,ref       ] GC(270) Skipped phase2 of Reference Processing due to unavailable references
[31.374s][debug][gc,ref       ] GC(270) Skipped phase3 of Reference Processing due to unavailable references
[31.374s][debug][gc,ref       ] GC(270) Skipped phase4 of Reference Processing due to unavailable references
[31.374s][debug][gc,age       ] GC(270) Desired survivor size 15400960 bytes, new threshold 6 (max threshold 6)
[31.374s][info ][gc,heap      ] GC(270) ParNew: 242931K->2904K(270976K)
[31.374s][info ][gc,heap      ] GC(270) CMS: 304443K->304587K(602112K)
[31.374s][info ][gc,metaspace ] GC(270) Metaspace: 59953K->59953K(1103872K)
[31.374s][info ][gc           ] GC(270) Pause Young (Allocation Failure) 534M->300M(852M) 4.037ms
[31.374s][info ][gc,cpu       ] GC(270) User=0.01s Sys=0.00s Real=0.00s
[31.374s][info ][safepoint    ] Leaving safepoint region
[31.374s][info ][safepoint    ] Total time for which application threads were stopped: 0.0042684 seconds, Stopping threads took: 0.0000167 seconds
[32.375s][info ][safepoint    ] Application time: 1.0001202 seconds
[32.375s][info ][safepoint    ] Entering safepoint region: Cleanup
[32.375s][info ][safepoint    ] Leaving safepoint region
[32.375s][info ][safepoint    ] Total time for which application threads were stopped: 0.0002731 seconds, Stopping threads took: 0.0000660 seconds
[33.375s][info ][safepoint    ] Application time: 1.0000858 seconds
[33.375s][info ][safepoint    ] Entering safepoint region: Cleanup
[33.375s][info ][safepoint    ] Leaving safepoint region
[33.375s][info ][safepoint    ] Total time for which application threads were stopped: 0.0001795 seconds, Stopping threads took: 0.0000360 seconds
[33.793s][info ][safepoint    ] Application time: 0.4176308 seconds
[33.793s][info ][safepoint    ] Entering safepoint region: ICBufferFull
[33.793s][info ][safepoint    ] Leaving safepoint region
[33.793s][info ][safepoint    ] Total time for which application threads were stopped: 0.0002541 seconds, Stopping threads took: 0.0000341 seconds
[34.281s][info ][safepoint    ] Application time: 0.4882791 seconds
[34.281s][info ][safepoint    ] Entering safepoint region: ICBufferFull
[34.282s][info ][safepoint    ] Leaving safepoint region
[34.282s][info ][safepoint    ] Total time for which application threads were stopped: 0.0002509 seconds, Stopping threads took: 0.0000165 seconds
[34.919s][info ][safepoint    ] Application time: 0.6375058 seconds
[34.919s][info ][safepoint    ] Entering safepoint region: GenCollectForAllocation
[34.919s][info ][gc,start     ] GC(271) Pause Young (Allocation Failure)
[34.919s][info ][gc,task      ] GC(271) Using 4 workers of 4 for evacuation
[34.924s][debug][gc,ref       ] GC(271) Skipped phase1 of Reference Processing due to unavailable references
[34.924s][debug][gc,ref       ] GC(271) Skipped phase2 of Reference Processing due to unavailable references
[34.924s][debug][gc,ref       ] GC(271) Skipped phase3 of Reference Processing due to unavailable references
[34.924s][debug][gc,ref       ] GC(271) Skipped phase4 of Reference Processing due to unavailable references
[34.924s][debug][gc,age       ] GC(271) Desired survivor size 15400960 bytes, new threshold 6 (max threshold 6)
[34.924s][info ][gc,heap      ] GC(271) ParNew: 243800K->2571K(270976K)
[34.924s][info ][gc,heap      ] GC(271) CMS: 304587K->304748K(602112K)
[34.924s][info ][gc,metaspace ] GC(271) Metaspace: 60019K->60019K(1103872K)
[34.924s][info ][gc           ] GC(271) Pause Young (Allocation Failure) 535M->300M(852M) 5.032ms
[34.925s][info ][gc,cpu       ] GC(271) User=0.02s Sys=0.00s Real=0.01s
[34.925s][info ][safepoint    ] Leaving safepoint region
[34.925s][info ][safepoint    ] Total time for which application threads were stopped: 0.0052644 seconds, Stopping threads took: 0.0000351 seconds
[35.925s][info ][safepoint    ] Application time: 1.0001066 seconds
[35.925s][info ][safepoint    ] Entering safepoint region: Cleanup
[35.925s][info ][safepoint    ] Leaving safepoint region
[35.925s][info ][safepoint    ] Total time for which application threads were stopped: 0.0002348 seconds, Stopping threads took: 0.0000982 seconds
[36.925s][info ][safepoint    ] Application time: 1.0001060 seconds
[36.925s][info ][safepoint    ] Entering safepoint region: Cleanup
[36.926s][info ][safepoint    ] Leaving safepoint region
[36.926s][info ][safepoint    ] Total time for which application threads were stopped: 0.0004581 seconds, Stopping threads took: 0.0001973 seconds
[37.926s][info ][safepoint    ] Application time: 1.0000943 seconds
[37.929s][info ][safepoint    ] Entering safepoint region: Cleanup
[37.929s][info ][safepoint    ] Leaving safepoint region
[37.929s][info ][safepoint    ] Total time for which application threads were stopped: 0.0033456 seconds, Stopping threads took: 0.0032302 seconds
[38.475s][info ][safepoint    ] Application time: 0.5464714 seconds
[38.476s][info ][safepoint    ] Entering safepoint region: GenCollectForAllocation
[38.476s][info ][gc,start     ] GC(272) Pause Young (Allocation Failure)
[38.476s][info ][gc,task      ] GC(272) Using 4 workers of 4 for evacuation
[38.481s][debug][gc,ref       ] GC(272) Skipped phase1 of Reference Processing due to unavailable references
[38.481s][debug][gc,ref       ] GC(272) Skipped phase3 of Reference Processing due to unavailable references
[38.481s][debug][gc,age       ] GC(272) Desired survivor size 15400960 bytes, new threshold 6 (max threshold 6)
[38.481s][info ][gc,heap      ] GC(272) ParNew: 243467K->2862K(270976K)
[38.481s][info ][gc,heap      ] GC(272) CMS: 304748K->304934K(602112K)
[38.481s][info ][gc,metaspace ] GC(272) Metaspace: 60084K->60084K(1103872K)
[38.481s][info ][gc           ] GC(272) Pause Young (Allocation Failure) 535M->300M(852M) 5.149ms
[38.481s][info ][gc,cpu       ] GC(272) User=0.02s Sys=0.01s Real=0.01s
[38.481s][info ][safepoint    ] Leaving safepoint region
[38.481s][info ][safepoint    ] Total time for which application threads were stopped: 0.0053233 seconds, Stopping threads took: 0.0000187 seconds
[39.481s][info ][safepoint    ] Application time: 1.0000956 seconds
[39.481s][info ][safepoint    ] Entering safepoint region: Cleanup
[39.481s][info ][safepoint    ] Leaving safepoint region
[39.481s][info ][safepoint    ] Total time for which application threads were stopped: 0.0001606 seconds, Stopping threads took: 0.0000501 seconds
[40.484s][info ][safepoint    ] Application time: 1.0030600 seconds
[40.484s][info ][safepoint    ] Entering safepoint region: Cleanup
[40.484s][info ][safepoint    ] Leaving safepoint region
[40.484s][info ][safepoint    ] Total time for which application threads were stopped: 0.0001425 seconds, Stopping threads took: 0.0000174 seconds
[41.484s][info ][safepoint    ] Application time: 1.0000792 seconds
[41.485s][info ][safepoint    ] Entering safepoint region: Cleanup
[41.485s][info ][safepoint    ] Leaving safepoint region
[41.485s][info ][safepoint    ] Total time for which application threads were stopped: 0.0001472 seconds, Stopping threads took: 0.0000415 seconds
[42.070s][info ][safepoint    ] Application time: 0.5851268 seconds
[42.070s][info ][safepoint    ] Entering safepoint region: GenCollectForAllocation
[42.070s][info ][gc,start     ] GC(273) Pause Young (Allocation Failure)
[42.070s][info ][gc,task      ] GC(273) Using 4 workers of 4 for evacuation
[42.073s][debug][gc,ref       ] GC(273) Skipped phase1 of Reference Processing due to unavailable references
[42.073s][debug][gc,ref       ] GC(273) Skipped phase3 of Reference Processing due to unavailable references
[42.074s][debug][gc,age       ] GC(273) Desired survivor size 15400960 bytes, new threshold 6 (max threshold 6)
[42.074s][info ][gc,heap      ] GC(273) ParNew: 243758K->2328K(270976K)
[42.074s][info ][gc,heap      ] GC(273) CMS: 304934K->305196K(602112K)
[42.074s][info ][gc,metaspace ] GC(273) Metaspace: 60141K->60141K(1103872K)
[42.074s][info ][gc           ] GC(273) Pause Young (Allocation Failure) 535M->300M(852M) 3.707ms
[42.074s][info ][gc,cpu       ] GC(273) User=0.02s Sys=0.00s Real=0.00s
[42.074s][info ][safepoint    ] Leaving safepoint region
[42.074s][info ][safepoint    ] Total time for which application threads were stopped: 0.0039070 seconds, Stopping threads took: 0.0000499 seconds
[43.074s][info ][safepoint    ] Application time: 1.0000635 seconds
[43.074s][info ][safepoint    ] Entering safepoint region: Cleanup
[43.074s][info ][safepoint    ] Leaving safepoint region
[43.074s][info ][safepoint    ] Total time for which application threads were stopped: 0.0001352 seconds, Stopping threads took: 0.0000399 seconds
[44.074s][info ][safepoint    ] Application time: 1.0001135 seconds
[44.074s][info ][safepoint    ] Entering safepoint region: Cleanup
[44.074s][info ][safepoint    ] Leaving safepoint region
[44.074s][info ][safepoint    ] Total time for which application threads were stopped: 0.0002230 seconds, Stopping threads took: 0.0001127 seconds
[45.074s][info ][safepoint    ] Application time: 1.0000965 seconds
[45.074s][info ][safepoint    ] Entering safepoint region: Cleanup
[45.075s][info ][safepoint    ] Leaving safepoint region
[45.075s][info ][safepoint    ] Total time for which application threads were stopped: 0.0001648 seconds, Stopping threads took: 0.0000394 seconds
[45.622s][info ][safepoint    ] Application time: 0.5477087 seconds
[45.622s][info ][safepoint    ] Entering safepoint region: GenCollectForAllocation
[45.623s][info ][gc,start     ] GC(274) Pause Young (Allocation Failure)
[45.623s][info ][gc,task      ] GC(274) Using 4 workers of 4 for evacuation
[45.626s][debug][gc,ref       ] GC(274) Skipped phase1 of Reference Processing due to unavailable references
[45.626s][debug][gc,ref       ] GC(274) Skipped phase3 of Reference Processing due to unavailable references
[45.626s][debug][gc,ref       ] GC(274) Skipped phase4 of Reference Processing due to unavailable references
[45.626s][debug][gc,age       ] GC(274) Desired survivor size 15400960 bytes, new threshold 6 (max threshold 6)
[45.626s][info ][gc,heap      ] GC(274) ParNew: 243224K->2512K(270976K)
[45.626s][info ][gc,heap      ] GC(274) CMS: 305196K->305435K(602112K)
[45.626s][info ][gc,metaspace ] GC(274) Metaspace: 60197K->60197K(1103872K)
[45.626s][info ][gc           ] GC(274) Pause Young (Allocation Failure) 535M->300M(852M) 3.798ms
[45.626s][info ][gc,cpu       ] GC(274) User=0.01s Sys=0.00s Real=0.00s
[45.626s][info ][safepoint    ] Leaving safepoint region
[45.626s][info ][safepoint    ] Total time for which application threads were stopped: 0.0039974 seconds, Stopping threads took: 0.0000170 seconds
[46.626s][info ][safepoint    ] Application time: 1.0000901 seconds
[46.627s][info ][safepoint    ] Entering safepoint region: Cleanup
[46.627s][info ][safepoint    ] Leaving safepoint region
[46.627s][info ][safepoint    ] Total time for which application threads were stopped: 0.0001370 seconds, Stopping threads took: 0.0000425 seconds
[47.627s][info ][safepoint    ] Application time: 1.0001422 seconds
[47.627s][info ][safepoint    ] Entering safepoint region: Cleanup
[47.627s][info ][safepoint    ] Leaving safepoint region
[47.627s][info ][safepoint    ] Total time for which application threads were stopped: 0.0001866 seconds, Stopping threads took: 0.0000664 seconds
[48.627s][info ][safepoint    ] Application time: 1.0000943 seconds
[48.630s][info ][safepoint    ] Entering safepoint region: Cleanup
[48.631s][info ][safepoint    ] Leaving safepoint region
[48.631s][info ][safepoint    ] Total time for which application threads were stopped: 0.0033747 seconds, Stopping threads took: 0.0032566 seconds
[49.227s][info ][safepoint    ] Application time: 0.5966315 seconds
[49.227s][info ][safepoint    ] Entering safepoint region: GenCollectForAllocation
[49.227s][info ][gc,start     ] GC(275) Pause Young (Allocation Failure)
[49.227s][info ][gc,task      ] GC(275) Using 4 workers of 4 for evacuation
[49.236s][debug][gc,ref       ] GC(275) Skipped phase1 of Reference Processing due to unavailable references
[49.236s][debug][gc,ref       ] GC(275) Skipped phase3 of Reference Processing due to unavailable references
[49.236s][debug][gc,ref       ] GC(275) Skipped phase4 of Reference Processing due to unavailable references
[49.237s][debug][gc,age       ] GC(275) Desired survivor size 15400960 bytes, new threshold 6 (max threshold 6)
[49.237s][info ][gc,heap      ] GC(275) ParNew: 243408K->2061K(270976K)
[49.237s][info ][gc,heap      ] GC(275) CMS: 305435K->306085K(602112K)
[49.237s][info ][gc,metaspace ] GC(275) Metaspace: 60203K->60203K(1103872K)
[49.237s][info ][gc           ] GC(275) Pause Young (Allocation Failure) 535M->300M(852M) 9.406ms
[49.237s][info ][gc,cpu       ] GC(275) User=0.02s Sys=0.00s Real=0.01s
[49.237s][info ][safepoint    ] Leaving safepoint region
[49.237s][info ][safepoint    ] Total time for which application threads were stopped: 0.0095697 seconds, Stopping threads took: 0.0000172 seconds
[50.237s][info ][safepoint    ] Application time: 1.0000962 seconds
[50.237s][info ][safepoint    ] Entering safepoint region: Cleanup
[50.237s][info ][safepoint    ] Leaving safepoint region
[50.237s][info ][safepoint    ] Total time for which application threads were stopped: 0.0001362 seconds, Stopping threads took: 0.0000577 seconds
[51.237s][info ][safepoint    ] Application time: 1.0001224 seconds
[51.237s][info ][safepoint    ] Entering safepoint region: Cleanup
[51.237s][info ][safepoint    ] Leaving safepoint region
[51.237s][info ][safepoint    ] Total time for which application threads were stopped: 0.0001016 seconds, Stopping threads took: 0.0000190 seconds
[52.237s][info ][safepoint    ] Application time: 1.0001225 seconds
[52.237s][info ][safepoint    ] Entering safepoint region: Cleanup
[52.238s][info ][safepoint    ] Leaving safepoint region
[52.238s][info ][safepoint    ] Total time for which application threads were stopped: 0.0001046 seconds, Stopping threads took: 0.0000182 seconds
[52.828s][info ][safepoint    ] Application time: 0.5906118 seconds
[52.828s][info ][safepoint    ] Entering safepoint region: GenCollectForAllocation
[52.828s][info ][gc,start     ] GC(276) Pause Young (Allocation Failure)
[52.828s][info ][gc,task      ] GC(276) Using 4 workers of 4 for evacuation
[52.831s][debug][gc,ref       ] GC(276) Skipped phase1 of Reference Processing due to unavailable references
[52.831s][debug][gc,ref       ] GC(276) Skipped phase3 of Reference Processing due to unavailable references
[52.831s][debug][gc,ref       ] GC(276) Skipped phase4 of Reference Processing due to unavailable references
[52.831s][debug][gc,age       ] GC(276) Desired survivor size 15400960 bytes, new threshold 6 (max threshold 6)
[52.831s][info ][gc,heap      ] GC(276) ParNew: 242957K->1455K(270976K)
[52.831s][info ][gc,heap      ] GC(276) CMS: 306085K->306306K(602112K)
[52.831s][info ][gc,metaspace ] GC(276) Metaspace: 60225K->60225K(1103872K)
[52.831s][info ][gc           ] GC(276) Pause Young (Allocation Failure) 536M->300M(852M) 2.707ms
[52.831s][info ][gc,cpu       ] GC(276) User=0.01s Sys=0.00s Real=0.00s
[52.831s][info ][safepoint    ] Leaving safepoint region
[52.831s][info ][safepoint    ] Total time for which application threads were stopped: 0.0029020 seconds, Stopping threads took: 0.0000184 seconds
[53.831s][info ][safepoint    ] Application time: 1.0000906 seconds
[53.831s][info ][safepoint    ] Entering safepoint region: Cleanup
[53.831s][info ][safepoint    ] Leaving safepoint region
[53.831s][info ][safepoint    ] Total time for which application threads were stopped: 0.0001697 seconds, Stopping threads took: 0.0000872 seconds
[54.832s][info ][safepoint    ] Application time: 1.0000902 seconds
[54.832s][info ][safepoint    ] Entering safepoint region: Cleanup
[54.832s][info ][safepoint    ] Leaving safepoint region
[54.832s][info ][safepoint    ] Total time for which application threads were stopped: 0.0000959 seconds, Stopping threads took: 0.0000168 seconds
[55.832s][info ][safepoint    ] Application time: 1.0000944 seconds
[55.832s][info ][safepoint    ] Entering safepoint region: Cleanup
[55.832s][info ][safepoint    ] Leaving safepoint region
[55.832s][info ][safepoint    ] Total time for which application threads were stopped: 0.0001093 seconds, Stopping threads took: 0.0000168 seconds
[56.380s][info ][safepoint    ] Application time: 0.5485430 seconds
[56.381s][info ][safepoint    ] Entering safepoint region: GenCollectForAllocation
[56.381s][info ][gc,start     ] GC(277) Pause Young (Allocation Failure)
[56.381s][info ][gc,task      ] GC(277) Using 4 workers of 4 for evacuation
[56.383s][debug][gc,ref       ] GC(277) Skipped phase1 of Reference Processing due to unavailable references
[56.383s][debug][gc,ref       ] GC(277) Skipped phase3 of Reference Processing due to unavailable references
[56.383s][debug][gc,ref       ] GC(277) Skipped phase4 of Reference Processing due to unavailable references
[56.383s][debug][gc,age       ] GC(277) Desired survivor size 15400960 bytes, new threshold 6 (max threshold 6)
[56.383s][info ][gc,heap      ] GC(277) ParNew: 242351K->867K(270976K)
[56.383s][info ][gc,heap      ] GC(277) CMS: 306306K->306575K(602112K)
[56.383s][info ][gc,metaspace ] GC(277) Metaspace: 60239K->60239K(1103872K)
[56.383s][info ][gc           ] GC(277) Pause Young (Allocation Failure) 535M->300M(852M) 2.762ms
[56.383s][info ][gc,cpu       ] GC(277) User=0.01s Sys=0.00s Real=0.00s
[56.383s][info ][safepoint    ] Leaving safepoint region
[56.383s][info ][safepoint    ] Total time for which application threads were stopped: 0.0029350 seconds, Stopping threads took: 0.0000188 seconds
[57.384s][info ][safepoint    ] Application time: 1.0001204 seconds
[57.384s][info ][safepoint    ] Entering safepoint region: Cleanup
[57.384s][info ][safepoint    ] Leaving safepoint region
[57.384s][info ][safepoint    ] Total time for which application threads were stopped: 0.0001144 seconds, Stopping threads took: 0.0000195 seconds
[58.384s][info ][safepoint    ] Application time: 1.0000901 seconds
[58.384s][info ][safepoint    ] Entering safepoint region: Cleanup
[58.384s][info ][safepoint    ] Leaving safepoint region
[58.384s][info ][safepoint    ] Total time for which application threads were stopped: 0.0001014 seconds, Stopping threads took: 0.0000175 seconds
[59.384s][info ][safepoint    ] Application time: 1.0000870 seconds
[59.384s][info ][safepoint    ] Entering safepoint region: Cleanup
[59.384s][info ][safepoint    ] Leaving safepoint region
[59.384s][info ][safepoint    ] Total time for which application threads were stopped: 0.0001157 seconds, Stopping threads took: 0.0000177 seconds
[59.927s][info ][safepoint    ] Application time: 0.5431678 seconds
[59.927s][info ][safepoint    ] Entering safepoint region: GenCollectForAllocation
[59.928s][info ][gc,start     ] GC(278) Pause Young (Allocation Failure)
[59.928s][info ][gc,task      ] GC(278) Using 4 workers of 4 for evacuation
[59.930s][debug][gc,ref       ] GC(278) Skipped phase1 of Reference Processing due to unavailable references
[59.930s][debug][gc,ref       ] GC(278) Skipped phase3 of Reference Processing due to unavailable references
[59.930s][debug][gc,ref       ] GC(278) Skipped phase4 of Reference Processing due to unavailable references
[59.931s][debug][gc,age       ] GC(278) Desired survivor size 15400960 bytes, new threshold 6 (max threshold 6)
[59.931s][info ][gc,heap      ] GC(278) ParNew: 241763K->993K(270976K)
[59.931s][info ][gc,heap      ] GC(278) CMS: 306575K->306640K(602112K)
[59.931s][info ][gc,metaspace ] GC(278) Metaspace: 60256K->60256K(1103872K)
[59.931s][info ][gc           ] GC(278) Pause Young (Allocation Failure) 535M->300M(852M) 2.951ms
[59.931s][info ][gc,cpu       ] GC(278) User=0.01s Sys=0.00s Real=0.01s
[59.931s][info ][safepoint    ] Leaving safepoint region
[59.931s][info ][safepoint    ] Total time for which application threads were stopped: 0.0032684 seconds, Stopping threads took: 0.0000175 seconds
[60.931s][info ][safepoint    ] Application time: 1.0000910 seconds
[60.931s][info ][safepoint    ] Entering safepoint region: Cleanup
[60.931s][info ][safepoint    ] Leaving safepoint region
[60.931s][info ][safepoint    ] Total time for which application threads were stopped: 0.0000880 seconds, Stopping threads took: 0.0000174 seconds
[61.931s][info ][safepoint    ] Application time: 1.0001286 seconds
[61.931s][info ][safepoint    ] Entering safepoint region: Cleanup
[61.931s][info ][safepoint    ] Leaving safepoint region
[61.931s][info ][safepoint    ] Total time for which application threads were stopped: 0.0002514 seconds, Stopping threads took: 0.0000722 seconds
[62.933s][info ][safepoint    ] Application time: 1.0015095 seconds
[62.933s][info ][safepoint    ] Entering safepoint region: Cleanup
[62.933s][info ][safepoint    ] Leaving safepoint region
[62.933s][info ][safepoint    ] Total time for which application threads were stopped: 0.0002121 seconds, Stopping threads took: 0.0000575 seconds
[63.219s][info ][safepoint    ] Application time: 0.2859722 seconds
[63.219s][info ][safepoint    ] Entering safepoint region: GenCollectForAllocation
[63.219s][info ][gc,start     ] GC(279) Pause Young (Allocation Failure)
[63.219s][info ][gc,task      ] GC(279) Using 4 workers of 4 for evacuation
[63.223s][debug][gc,ref       ] GC(279) Skipped phase1 of Reference Processing due to unavailable references
[63.223s][debug][gc,ref       ] GC(279) Skipped phase3 of Reference Processing due to unavailable references
[63.223s][debug][gc,age       ] GC(279) Desired survivor size 15400960 bytes, new threshold 6 (max threshold 6)
[63.223s][info ][gc,heap      ] GC(279) ParNew: 241889K->3776K(270976K)
[63.223s][info ][gc,heap      ] GC(279) CMS: 306640K->306659K(602112K)
[63.223s][info ][gc,metaspace ] GC(279) Metaspace: 60335K->60335K(1103872K)
[63.223s][info ][gc           ] GC(279) Pause Young (Allocation Failure) 535M->303M(852M) 3.794ms
[63.223s][info ][gc,cpu       ] GC(279) User=0.01s Sys=0.00s Real=0.01s
[63.223s][info ][safepoint    ] Leaving safepoint region
[63.223s][info ][safepoint    ] Total time for which application threads were stopped: 0.0039989 seconds, Stopping threads took: 0.0000384 seconds
[64.007s][info ][safepoint    ] Application time: 0.7841313 seconds
[64.007s][info ][safepoint    ] Entering safepoint region: Deoptimize
[64.009s][info ][safepoint    ] Leaving safepoint region
[64.009s][info ][safepoint    ] Total time for which application threads were stopped: 0.0016124 seconds, Stopping threads took: 0.0000164 seconds
[65.009s][info ][safepoint    ] Application time: 1.0001439 seconds
[65.009s][info ][safepoint    ] Entering safepoint region: Cleanup
[65.009s][info ][safepoint    ] Leaving safepoint region
[65.009s][info ][safepoint    ] Total time for which application threads were stopped: 0.0001144 seconds, Stopping threads took: 0.0000309 seconds
[66.009s][info ][safepoint    ] Application time: 1.0000774 seconds
[66.009s][info ][safepoint    ] Entering safepoint region: Cleanup
[66.009s][info ][safepoint    ] Leaving safepoint region
[66.009s][info ][safepoint    ] Total time for which application threads were stopped: 0.0001261 seconds, Stopping threads took: 0.0000158 seconds
[66.624s][info ][safepoint    ] Application time: 0.6146820 seconds
[66.624s][info ][safepoint    ] Entering safepoint region: GenCollectForAllocation
[66.624s][info ][gc,start     ] GC(280) Pause Young (Allocation Failure)
[66.624s][info ][gc,task      ] GC(280) Using 4 workers of 4 for evacuation
[66.630s][debug][gc,ref       ] GC(280) Skipped phase1 of Reference Processing due to unavailable references
[66.630s][debug][gc,ref       ] GC(280) Skipped phase3 of Reference Processing due to unavailable references
[66.630s][debug][gc,age       ] GC(280) Desired survivor size 15400960 bytes, new threshold 6 (max threshold 6)
[66.630s][info ][gc,heap      ] GC(280) ParNew: 244672K->6788K(270976K)
[66.630s][info ][gc,heap      ] GC(280) CMS: 306659K->306832K(602112K)
[66.630s][info ][gc,metaspace ] GC(280) Metaspace: 60454K->60454K(1103872K)
[66.630s][info ][gc           ] GC(280) Pause Young (Allocation Failure) 538M->306M(852M) 6.005ms
[66.630s][info ][gc,cpu       ] GC(280) User=0.03s Sys=0.00s Real=0.01s
[66.630s][info ][safepoint    ] Leaving safepoint region
[66.630s][info ][safepoint    ] Total time for which application threads were stopped: 0.0062061 seconds, Stopping threads took: 0.0000174 seconds
[67.630s][info ][safepoint    ] Application time: 1.0000814 seconds
[67.630s][info ][safepoint    ] Entering safepoint region: Cleanup
[67.631s][info ][safepoint    ] Leaving safepoint region
[67.631s][info ][safepoint    ] Total time for which application threads were stopped: 0.0000993 seconds, Stopping threads took: 0.0000167 seconds
[68.631s][info ][safepoint    ] Application time: 1.0001459 seconds
[68.631s][info ][safepoint    ] Entering safepoint region: Cleanup
[68.631s][info ][safepoint    ] Leaving safepoint region
[68.631s][info ][safepoint    ] Total time for which application threads were stopped: 0.0001277 seconds, Stopping threads took: 0.0000173 seconds
[69.631s][info ][safepoint    ] Application time: 1.0001100 seconds
[69.631s][info ][safepoint    ] Entering safepoint region: Cleanup
[69.631s][info ][safepoint    ] Leaving safepoint region
[69.631s][info ][safepoint    ] Total time for which application threads were stopped: 0.0001239 seconds, Stopping threads took: 0.0000164 seconds
[70.274s][info ][safepoint    ] Application time: 0.6425926 seconds
[70.274s][info ][safepoint    ] Entering safepoint region: GenCollectForAllocation
[70.274s][info ][gc,start     ] GC(281) Pause Young (Allocation Failure)
[70.274s][info ][gc,task      ] GC(281) Using 4 workers of 4 for evacuation
[70.278s][debug][gc,ref       ] GC(281) Skipped phase1 of Reference Processing due to unavailable references
[70.278s][debug][gc,ref       ] GC(281) Skipped phase3 of Reference Processing due to unavailable references
[70.279s][debug][gc,age       ] GC(281) Desired survivor size 15400960 bytes, new threshold 6 (max threshold 6)
[70.279s][info ][gc,heap      ] GC(281) ParNew: 247684K->8108K(270976K)
[70.279s][info ][gc,heap      ] GC(281) CMS: 306832K->306875K(602112K)
[70.279s][info ][gc,metaspace ] GC(281) Metaspace: 60533K->60533K(1103872K)
[70.279s][info ][gc           ] GC(281) Pause Young (Allocation Failure) 541M->307M(852M) 4.837ms
[70.279s][info ][gc,cpu       ] GC(281) User=0.02s Sys=0.00s Real=0.00s
[70.279s][info ][safepoint    ] Leaving safepoint region
[70.279s][info ][safepoint    ] Total time for which application threads were stopped: 0.0050138 seconds, Stopping threads took: 0.0000174 seconds
[71.279s][info ][safepoint    ] Application time: 1.0001350 seconds
[71.279s][info ][safepoint    ] Entering safepoint region: Cleanup
[71.279s][info ][safepoint    ] Leaving safepoint region
[71.279s][info ][safepoint    ] Total time for which application threads were stopped: 0.0001618 seconds, Stopping threads took: 0.0000549 seconds
[72.279s][info ][safepoint    ] Application time: 1.0001303 seconds
[72.279s][info ][safepoint    ] Entering safepoint region: Cleanup
[72.280s][info ][safepoint    ] Leaving safepoint region
[72.280s][info ][safepoint    ] Total time for which application threads were stopped: 0.0007359 seconds, Stopping threads took: 0.0000399 seconds
[72.938s][info ][safepoint    ] Application time: 0.6578506 seconds
[72.938s][info ][safepoint    ] Entering safepoint region: RevokeBias
[72.938s][info ][safepoint    ] Leaving safepoint region
[72.938s][info ][safepoint    ] Total time for which application threads were stopped: 0.0003002 seconds, Stopping threads took: 0.0001114 seconds
[72.939s][info ][safepoint    ] Application time: 0.0003856 seconds
[72.939s][info ][safepoint    ] Entering safepoint region: RevokeBias
[72.939s][info ][safepoint    ] Leaving safepoint region
[72.939s][info ][safepoint    ] Total time for which application threads were stopped: 0.0006995 seconds, Stopping threads took: 0.0000353 seconds
[73.557s][info ][safepoint    ] Application time: 0.6178502 seconds
[73.557s][info ][safepoint    ] Entering safepoint region: GenCollectForAllocation
[73.557s][info ][gc,start     ] GC(282) Pause Young (Allocation Failure)
[73.557s][info ][gc,task      ] GC(282) Using 4 workers of 4 for evacuation
[73.563s][debug][gc,ref       ] GC(282) Skipped phase1 of Reference Processing due to unavailable references
[73.563s][debug][gc,ref       ] GC(282) Skipped phase3 of Reference Processing due to unavailable references
[73.563s][debug][gc,age       ] GC(282) Desired survivor size 15400960 bytes, new threshold 6 (max threshold 6)
[73.563s][info ][gc,heap      ] GC(282) ParNew: 249004K->9230K(270976K)
[73.563s][info ][gc,heap      ] GC(282) CMS: 306875K->306919K(602112K)
[73.563s][info ][gc,metaspace ] GC(282) Metaspace: 60624K->60624K(1103872K)
[73.563s][info ][gc           ] GC(282) Pause Young (Allocation Failure) 542M->308M(852M) 6.024ms
[73.563s][info ][gc,cpu       ] GC(282) User=0.02s Sys=0.00s Real=0.01s
[73.563s][info ][safepoint    ] Leaving safepoint region
[73.564s][info ][safepoint    ] Total time for which application threads were stopped: 0.0062239 seconds, Stopping threads took: 0.0000186 seconds
[74.564s][info ][safepoint    ] Application time: 1.0001509 seconds
[74.564s][info ][safepoint    ] Entering safepoint region: Cleanup
[74.564s][info ][safepoint    ] Leaving safepoint region
[74.564s][info ][safepoint    ] Total time for which application threads were stopped: 0.0001247 seconds, Stopping threads took: 0.0000178 seconds
[75.564s][info ][safepoint    ] Application time: 1.0001027 seconds
[75.564s][info ][safepoint    ] Entering safepoint region: Cleanup
[75.564s][info ][safepoint    ] Leaving safepoint region
[75.564s][info ][safepoint    ] Total time for which application threads were stopped: 0.0001886 seconds, Stopping threads took: 0.0000227 seconds
[75.979s][info ][safepoint    ] Application time: 0.4145574 seconds
[75.979s][info ][safepoint    ] Entering safepoint region: ICBufferFull
[75.979s][info ][safepoint    ] Leaving safepoint region
[75.979s][info ][safepoint    ] Total time for which application threads were stopped: 0.0002108 seconds, Stopping threads took: 0.0000474 seconds
[75.992s][info ][safepoint    ] Application time: 0.0128380 seconds
[75.992s][info ][safepoint    ] Entering safepoint region: GenCollectForAllocation
[75.992s][info ][gc,start     ] GC(283) Pause Young (Allocation Failure)
[75.992s][info ][gc,task      ] GC(283) Using 4 workers of 4 for evacuation
[76.018s][debug][gc,ref       ] GC(283) Skipped phase1 of Reference Processing due to unavailable references
[76.018s][debug][gc,ref       ] GC(283) Skipped phase3 of Reference Processing due to unavailable references
[76.018s][debug][gc,age       ] GC(283) Desired survivor size 15400960 bytes, new threshold 1 (max threshold 6)
[76.018s][info ][gc,heap      ] GC(283) ParNew: 250126K->30080K(270976K)
[76.018s][info ][gc,heap      ] GC(283) CMS: 306919K->309243K(602112K)
[76.018s][info ][gc,metaspace ] GC(283) Metaspace: 60923K->60923K(1105920K)
[76.018s][info ][gc           ] GC(283) Pause Young (Allocation Failure) 543M->331M(852M) 26.137ms
[76.018s][info ][gc,cpu       ] GC(283) User=0.10s Sys=0.01s Real=0.02s
[76.018s][info ][safepoint    ] Leaving safepoint region
[76.018s][info ][safepoint    ] Total time for which application threads were stopped: 0.0263876 seconds, Stopping threads took: 0.0000754 seconds
[77.018s][info ][safepoint    ] Application time: 1.0001317 seconds
[77.018s][info ][safepoint    ] Entering safepoint region: Cleanup
[77.018s][info ][safepoint    ] Leaving safepoint region
[77.019s][info ][safepoint    ] Total time for which application threads were stopped: 0.0001329 seconds, Stopping threads took: 0.0000166 seconds
[78.019s][info ][safepoint    ] Application time: 1.0000870 seconds
[78.019s][info ][safepoint    ] Entering safepoint region: Cleanup
[78.019s][info ][safepoint    ] Leaving safepoint region
[78.019s][info ][safepoint    ] Total time for which application threads were stopped: 0.0000916 seconds, Stopping threads took: 0.0000158 seconds
[79.019s][info ][safepoint    ] Application time: 1.0001019 seconds
[79.019s][info ][safepoint    ] Entering safepoint region: Cleanup
[79.019s][info ][safepoint    ] Leaving safepoint region
[79.019s][info ][safepoint    ] Total time for which application threads were stopped: 0.0002030 seconds, Stopping threads took: 0.0000744 seconds
[80.024s][info ][safepoint    ] Application time: 1.0051569 seconds
[80.024s][info ][safepoint    ] Entering safepoint region: Cleanup
[80.024s][info ][safepoint    ] Leaving safepoint region
[80.024s][info ][safepoint    ] Total time for which application threads were stopped: 0.0001876 seconds, Stopping threads took: 0.0000493 seconds
[81.025s][info ][safepoint    ] Application time: 1.0000912 seconds
[81.025s][info ][safepoint    ] Entering safepoint region: Cleanup
[81.025s][info ][safepoint    ] Leaving safepoint region
[81.025s][info ][safepoint    ] Total time for which application threads were stopped: 0.0001416 seconds, Stopping threads took: 0.0000390 seconds
[81.275s][info ][safepoint    ] Application time: 0.2498754 seconds
[81.275s][info ][safepoint    ] Entering safepoint region: GenCollectForAllocation
[81.275s][info ][gc,start     ] GC(284) Pause Young (Allocation Failure)
[81.275s][info ][gc,task      ] GC(284) Using 4 workers of 4 for evacuation
[81.308s][debug][gc,ref       ] GC(284) Skipped phase1 of Reference Processing due to unavailable references
[81.308s][debug][gc,ref       ] GC(284) Skipped phase3 of Reference Processing due to unavailable references
[81.309s][debug][gc,age       ] GC(284) Desired survivor size 15400960 bytes, new threshold 6 (max threshold 6)
[81.309s][info ][gc,heap      ] GC(284) ParNew: 270976K->24162K(270976K)
[81.309s][info ][gc,heap      ] GC(284) CMS: 309243K->315554K(602112K)
[81.309s][info ][gc,metaspace ] GC(284) Metaspace: 61020K->61020K(1105920K)
[81.309s][info ][gc           ] GC(284) Pause Young (Allocation Failure) 566M->331M(852M) 33.960ms
[81.309s][info ][gc,cpu       ] GC(284) User=0.04s Sys=0.00s Real=0.04s
[81.309s][info ][safepoint    ] Leaving safepoint region
[81.309s][info ][safepoint    ] Total time for which application threads were stopped: 0.0341319 seconds, Stopping threads took: 0.0000171 seconds
[82.309s][info ][safepoint    ] Application time: 1.0001094 seconds
[82.317s][info ][safepoint    ] Entering safepoint region: Cleanup
[82.317s][info ][safepoint    ] Leaving safepoint region
[82.317s][info ][safepoint    ] Total time for which application threads were stopped: 0.0085427 seconds, Stopping threads took: 0.0084559 seconds
[83.318s][info ][safepoint    ] Application time: 1.0001502 seconds
[83.318s][info ][safepoint    ] Entering safepoint region: Cleanup
[83.318s][info ][safepoint    ] Leaving safepoint region
[83.318s][info ][safepoint    ] Total time for which application threads were stopped: 0.0001575 seconds, Stopping threads took: 0.0000801 seconds
[84.324s][info ][safepoint    ] Application time: 1.0064243 seconds
[84.324s][info ][safepoint    ] Entering safepoint region: Cleanup
[84.324s][info ][safepoint    ] Leaving safepoint region
[84.324s][info ][safepoint    ] Total time for which application threads were stopped: 0.0001319 seconds, Stopping threads took: 0.0000182 seconds
[84.725s][info ][safepoint    ] Application time: 0.4005661 seconds
[84.725s][info ][safepoint    ] Entering safepoint region: GenCollectForAllocation
[84.725s][info ][gc,start     ] GC(285) Pause Young (Allocation Failure)
[84.725s][info ][gc,task      ] GC(285) Using 4 workers of 4 for evacuation
[84.728s][debug][gc,ref       ] GC(285) Skipped phase1 of Reference Processing due to unavailable references
[84.728s][debug][gc,ref       ] GC(285) Skipped phase3 of Reference Processing due to unavailable references
[84.728s][debug][gc,age       ] GC(285) Desired survivor size 15400960 bytes, new threshold 6 (max threshold 6)
[84.728s][info ][gc,heap      ] GC(285) ParNew: 265058K->6216K(270976K)
[84.728s][info ][gc,heap      ] GC(285) CMS: 315554K->315554K(602112K)
[84.728s][info ][gc,metaspace ] GC(285) Metaspace: 61053K->61053K(1105920K)
[84.728s][info ][gc           ] GC(285) Pause Young (Allocation Failure) 567M->314M(852M) 3.054ms
[84.728s][info ][gc,cpu       ] GC(285) User=0.01s Sys=0.00s Real=0.01s
[84.728s][info ][safepoint    ] Leaving safepoint region
[84.728s][info ][safepoint    ] Total time for which application threads were stopped: 0.0032527 seconds, Stopping threads took: 0.0000173 seconds
[85.728s][info ][safepoint    ] Application time: 1.0001263 seconds
[85.728s][info ][safepoint    ] Entering safepoint region: Cleanup
[85.729s][info ][safepoint    ] Leaving safepoint region
[85.729s][info ][safepoint    ] Total time for which application threads were stopped: 0.0001609 seconds, Stopping threads took: 0.0000670 seconds
[86.729s][info ][safepoint    ] Application time: 1.0000920 seconds
[86.729s][info ][safepoint    ] Entering safepoint region: Cleanup
[86.729s][info ][safepoint    ] Leaving safepoint region
[86.729s][info ][safepoint    ] Total time for which application threads were stopped: 0.0001353 seconds, Stopping threads took: 0.0000440 seconds
[87.661s][info ][safepoint    ] Application time: 0.9323342 seconds
[87.661s][info ][safepoint    ] Entering safepoint region: RevokeBias
[87.661s][info ][safepoint    ] Leaving safepoint region
[87.661s][info ][safepoint    ] Total time for which application threads were stopped: 0.0000972 seconds, Stopping threads took: 0.0000165 seconds
[88.122s][info ][safepoint    ] Application time: 0.4605699 seconds
[88.122s][info ][safepoint    ] Entering safepoint region: GenCollectForAllocation
[88.122s][info ][gc,start     ] GC(286) Pause Young (Allocation Failure)
[88.122s][info ][gc,task      ] GC(286) Using 4 workers of 4 for evacuation
[88.125s][debug][gc,ref       ] GC(286) Skipped phase1 of Reference Processing due to unavailable references
[88.125s][debug][gc,ref       ] GC(286) Skipped phase3 of Reference Processing due to unavailable references
[88.125s][debug][gc,age       ] GC(286) Desired survivor size 15400960 bytes, new threshold 6 (max threshold 6)
[88.125s][info ][gc,heap      ] GC(286) ParNew: 247112K->2209K(270976K)
[88.125s][info ][gc,heap      ] GC(286) CMS: 315554K->315554K(602112K)
[88.125s][info ][gc,metaspace ] GC(286) Metaspace: 61068K->61068K(1105920K)
[88.125s][info ][gc           ] GC(286) Pause Young (Allocation Failure) 549M->310M(852M) 3.168ms
[88.125s][info ][gc,cpu       ] GC(286) User=0.01s Sys=0.01s Real=0.00s
[88.125s][info ][safepoint    ] Leaving safepoint region
[88.125s][info ][safepoint    ] Total time for which application threads were stopped: 0.0033521 seconds, Stopping threads took: 0.0000171 seconds
[89.126s][info ][safepoint    ] Application time: 1.0010759 seconds
[89.126s][info ][safepoint    ] Entering safepoint region: Cleanup
[89.127s][info ][safepoint    ] Leaving safepoint region
[89.127s][info ][safepoint    ] Total time for which application threads were stopped: 0.0001286 seconds, Stopping threads took: 0.0000429 seconds
[90.127s][info ][safepoint    ] Application time: 1.0001262 seconds
[90.127s][info ][safepoint    ] Entering safepoint region: Cleanup
[90.127s][info ][safepoint    ] Leaving safepoint region
[90.127s][info ][safepoint    ] Total time for which application threads were stopped: 0.0001156 seconds, Stopping threads took: 0.0000413 seconds
[90.430s][info ][safepoint    ] Application time: 0.3029794 seconds
[90.430s][info ][safepoint    ] Entering safepoint region: ICBufferFull
[90.430s][info ][safepoint    ] Leaving safepoint region
[90.430s][info ][safepoint    ] Total time for which application threads were stopped: 0.0003005 seconds, Stopping threads took: 0.0000572 seconds
[91.277s][info ][safepoint    ] Application time: 0.8468271 seconds
[91.277s][info ][safepoint    ] Entering safepoint region: GenCollectForAllocation
[91.277s][info ][gc,start     ] GC(287) Pause Young (Allocation Failure)
[91.277s][info ][gc,task      ] GC(287) Using 4 workers of 4 for evacuation
[91.281s][debug][gc,ref       ] GC(287) Skipped phase1 of Reference Processing due to unavailable references
[91.281s][debug][gc,ref       ] GC(287) Skipped phase3 of Reference Processing due to unavailable references
[91.282s][debug][gc,age       ] GC(287) Desired survivor size 15400960 bytes, new threshold 6 (max threshold 6)
[91.282s][info ][gc,heap      ] GC(287) ParNew: 243105K->4507K(270976K)
[91.282s][info ][gc,heap      ] GC(287) CMS: 315554K->315554K(602112K)
[91.282s][info ][gc,metaspace ] GC(287) Metaspace: 61127K->61127K(1105920K)
[91.282s][info ][gc           ] GC(287) Pause Young (Allocation Failure) 545M->312M(852M) 4.398ms
[91.282s][info ][gc,cpu       ] GC(287) User=0.02s Sys=0.00s Real=0.01s
[91.282s][info ][safepoint    ] Leaving safepoint region
[91.282s][info ][safepoint    ] Total time for which application threads were stopped: 0.0046111 seconds, Stopping threads took: 0.0000182 seconds
[92.282s][info ][safepoint    ] Application time: 1.0000875 seconds
[92.282s][info ][safepoint    ] Entering safepoint region: Cleanup
[92.282s][info ][safepoint    ] Leaving safepoint region
[92.282s][info ][safepoint    ] Total time for which application threads were stopped: 0.0000967 seconds, Stopping threads took: 0.0000181 seconds
[93.282s][info ][safepoint    ] Application time: 1.0000914 seconds
[93.282s][info ][safepoint    ] Entering safepoint region: Cleanup
[93.282s][info ][safepoint    ] Leaving safepoint region
[93.282s][info ][safepoint    ] Total time for which application threads were stopped: 0.0001694 seconds, Stopping threads took: 0.0000870 seconds
[94.282s][info ][safepoint    ] Application time: 1.0001197 seconds
[94.282s][info ][safepoint    ] Entering safepoint region: Cleanup
[94.283s][info ][safepoint    ] Leaving safepoint region
[94.283s][info ][safepoint    ] Total time for which application threads were stopped: 0.0001489 seconds, Stopping threads took: 0.0000763 seconds
[94.628s][info ][safepoint    ] Application time: 0.3449525 seconds
[94.628s][info ][safepoint    ] Entering safepoint region: GenCollectForAllocation
[94.628s][info ][gc,start     ] GC(288) Pause Young (Allocation Failure)
[94.628s][info ][gc,task      ] GC(288) Using 4 workers of 4 for evacuation
[94.632s][debug][gc,ref       ] GC(288) Skipped phase1 of Reference Processing due to unavailable references
[94.632s][debug][gc,ref       ] GC(288) Skipped phase3 of Reference Processing due to unavailable references
[94.632s][debug][gc,age       ] GC(288) Desired survivor size 15400960 bytes, new threshold 6 (max threshold 6)
[94.632s][info ][gc,heap      ] GC(288) ParNew: 245403K->5755K(270976K)
[94.632s][info ][gc,heap      ] GC(288) CMS: 315554K->315554K(602112K)
[94.632s][info ][gc,metaspace ] GC(288) Metaspace: 61145K->61145K(1105920K)
[94.632s][info ][gc           ] GC(288) Pause Young (Allocation Failure) 547M->313M(852M) 4.426ms
[94.632s][info ][gc,cpu       ] GC(288) User=0.02s Sys=0.00s Real=0.01s
[94.632s][info ][safepoint    ] Leaving safepoint region
[94.632s][info ][safepoint    ] Total time for which application threads were stopped: 0.0046207 seconds, Stopping threads took: 0.0000194 seconds
[95.632s][info ][safepoint    ] Application time: 1.0001278 seconds
[95.632s][info ][safepoint    ] Entering safepoint region: Cleanup
[95.632s][info ][safepoint    ] Leaving safepoint region
[95.632s][info ][safepoint    ] Total time for which application threads were stopped: 0.0001365 seconds, Stopping threads took: 0.0000567 seconds
[96.633s][info ][safepoint    ] Application time: 1.0000535 seconds
[96.633s][info ][safepoint    ] Entering safepoint region: Cleanup
[96.633s][info ][safepoint    ] Leaving safepoint region
[96.633s][info ][safepoint    ] Total time for which application threads were stopped: 0.0001026 seconds, Stopping threads took: 0.0000293 seconds
[97.633s][info ][safepoint    ] Application time: 1.0000948 seconds
[97.633s][info ][safepoint    ] Entering safepoint region: Cleanup
[97.633s][info ][safepoint    ] Leaving safepoint region
[97.633s][info ][safepoint    ] Total time for which application threads were stopped: 0.0001148 seconds, Stopping threads took: 0.0000373 seconds
[97.832s][info ][safepoint    ] Application time: 0.1990030 seconds
[97.832s][info ][safepoint    ] Entering safepoint region: GenCollectForAllocation
[97.832s][info ][gc,start     ] GC(289) Pause Young (Allocation Failure)
[97.832s][info ][gc,task      ] GC(289) Using 4 workers of 4 for evacuation
[97.836s][debug][gc,ref       ] GC(289) Skipped phase1 of Reference Processing due to unavailable references
[97.837s][debug][gc,ref       ] GC(289) Skipped phase3 of Reference Processing due to unavailable references
[97.837s][debug][gc,age       ] GC(289) Desired survivor size 15400960 bytes, new threshold 6 (max threshold 6)
[97.837s][info ][gc,heap      ] GC(289) ParNew: 246651K->5696K(270976K)
[97.837s][info ][gc,heap      ] GC(289) CMS: 315554K->315554K(602112K)
[97.837s][info ][gc,metaspace ] GC(289) Metaspace: 61163K->61163K(1105920K)
[97.837s][info ][gc           ] GC(289) Pause Young (Allocation Failure) 549M->313M(852M) 4.700ms
[97.837s][info ][gc,cpu       ] GC(289) User=0.01s Sys=0.00s Real=0.00s
[97.837s][info ][safepoint    ] Leaving safepoint region
[97.837s][info ][safepoint    ] Total time for which application threads were stopped: 0.0048720 seconds, Stopping threads took: 0.0000169 seconds
[98.837s][info ][safepoint    ] Application time: 1.0001331 seconds
[98.837s][info ][safepoint    ] Entering safepoint region: Cleanup
[98.837s][info ][safepoint    ] Leaving safepoint region
[98.837s][info ][safepoint    ] Total time for which application threads were stopped: 0.0000958 seconds, Stopping threads took: 0.0000310 seconds
[99.837s][info ][safepoint    ] Application time: 1.0000847 seconds
[99.837s][info ][safepoint    ] Entering safepoint region: Cleanup
[99.837s][info ][safepoint    ] Leaving safepoint region
[99.837s][info ][safepoint    ] Total time for which application threads were stopped: 0.0001119 seconds, Stopping threads took: 0.0000269 seconds
[100.837s][info ][safepoint    ] Application time: 1.0000786 seconds
[100.838s][info ][safepoint    ] Entering safepoint region: Cleanup
[100.838s][info ][safepoint    ] Leaving safepoint region
[100.838s][info ][safepoint    ] Total time for which application threads were stopped: 0.0000999 seconds, Stopping threads took: 0.0000323 seconds
[101.319s][info ][safepoint    ] Application time: 0.4810630 seconds
[101.319s][info ][safepoint    ] Entering safepoint region: GenCollectForAllocation
[101.319s][info ][gc,start     ] GC(290) Pause Young (Allocation Failure)
[101.319s][info ][gc,task      ] GC(290) Using 4 workers of 4 for evacuation
[101.324s][debug][gc,ref       ] GC(290) Skipped phase1 of Reference Processing due to unavailable references
[101.324s][debug][gc,ref       ] GC(290) Skipped phase3 of Reference Processing due to unavailable references
[101.324s][debug][gc,ref       ] GC(290) Skipped phase4 of Reference Processing due to unavailable references
[101.324s][debug][gc,age       ] GC(290) Desired survivor size 15400960 bytes, new threshold 6 (max threshold 6)
[101.324s][info ][gc,heap      ] GC(290) ParNew: 246592K->5081K(270976K)
[101.324s][info ][gc,heap      ] GC(290) CMS: 315554K->315867K(602112K)
[101.324s][info ][gc,metaspace ] GC(290) Metaspace: 61163K->61163K(1105920K)
[101.324s][info ][gc           ] GC(290) Pause Young (Allocation Failure) 548M->313M(852M) 5.037ms
[101.324s][info ][gc,cpu       ] GC(290) User=0.02s Sys=0.00s Real=0.01s
[101.324s][info ][safepoint    ] Leaving safepoint region
[101.324s][info ][safepoint    ] Total time for which application threads were stopped: 0.0052153 seconds, Stopping threads took: 0.0000171 seconds
[102.324s][info ][safepoint    ] Application time: 1.0001058 seconds
[102.324s][info ][safepoint    ] Entering safepoint region: Cleanup
[102.324s][info ][safepoint    ] Leaving safepoint region
[102.324s][info ][safepoint    ] Total time for which application threads were stopped: 0.0001494 seconds, Stopping threads took: 0.0000397 seconds
[103.324s][info ][safepoint    ] Application time: 1.0000852 seconds
[103.324s][info ][safepoint    ] Entering safepoint region: Cleanup
[103.324s][info ][safepoint    ] Leaving safepoint region
[103.324s][info ][safepoint    ] Total time for which application threads were stopped: 0.0001315 seconds, Stopping threads took: 0.0000528 seconds
[104.325s][info ][safepoint    ] Application time: 1.0001281 seconds
[104.325s][info ][safepoint    ] Entering safepoint region: Cleanup
[104.325s][info ][safepoint    ] Leaving safepoint region
[104.325s][info ][safepoint    ] Total time for which application threads were stopped: 0.0001832 seconds, Stopping threads took: 0.0000776 seconds
[104.720s][info ][safepoint    ] Application time: 0.3946903 seconds
[104.720s][info ][safepoint    ] Entering safepoint region: GenCollectForAllocation
[104.720s][info ][gc,start     ] GC(291) Pause Young (Allocation Failure)
[104.720s][info ][gc,task      ] GC(291) Using 4 workers of 4 for evacuation
[104.724s][debug][gc,ref       ] GC(291) Skipped phase1 of Reference Processing due to unavailable references
[104.724s][debug][gc,ref       ] GC(291) Skipped phase3 of Reference Processing due to unavailable references
[104.724s][debug][gc,age       ] GC(291) Desired survivor size 15400960 bytes, new threshold 6 (max threshold 6)
[104.724s][info ][gc,heap      ] GC(291) ParNew: 245977K->5982K(270976K)
[104.724s][info ][gc,heap      ] GC(291) CMS: 315867K->315988K(602112K)
[104.724s][info ][gc,metaspace ] GC(291) Metaspace: 61181K->61181K(1105920K)
[104.724s][info ][gc           ] GC(291) Pause Young (Allocation Failure) 548M->314M(852M) 4.471ms
[104.724s][info ][gc,cpu       ] GC(291) User=0.02s Sys=0.00s Real=0.01s
[104.724s][info ][safepoint    ] Leaving safepoint region
[104.724s][info ][safepoint    ] Total time for which application threads were stopped: 0.0047589 seconds, Stopping threads took: 0.0000652 seconds
[105.724s][info ][safepoint    ] Application time: 1.0001032 seconds
[105.727s][info ][safepoint    ] Entering safepoint region: Cleanup
[105.728s][info ][safepoint    ] Leaving safepoint region
[105.728s][info ][safepoint    ] Total time for which application threads were stopped: 0.0031261 seconds, Stopping threads took: 0.0030396 seconds
[106.728s][info ][safepoint    ] Application time: 1.0000939 seconds
[106.731s][info ][safepoint    ] Entering safepoint region: Cleanup
[106.731s][info ][safepoint    ] Leaving safepoint region
[106.731s][info ][safepoint    ] Total time for which application threads were stopped: 0.0032260 seconds, Stopping threads took: 0.0030282 seconds
[107.731s][info ][safepoint    ] Application time: 1.0000876 seconds
[107.731s][info ][safepoint    ] Entering safepoint region: Cleanup
[107.731s][info ][safepoint    ] Leaving safepoint region
[107.731s][info ][safepoint    ] Total time for which application threads were stopped: 0.0001308 seconds, Stopping threads took: 0.0000367 seconds
[108.178s][info ][safepoint    ] Application time: 0.4471506 seconds
[108.178s][info ][safepoint    ] Entering safepoint region: GenCollectForAllocation
[108.179s][info ][gc,start     ] GC(292) Pause Young (Allocation Failure)
[108.179s][info ][gc,task      ] GC(292) Using 4 workers of 4 for evacuation
[108.183s][debug][gc,ref       ] GC(292) Skipped phase1 of Reference Processing due to unavailable references
[108.183s][debug][gc,ref       ] GC(292) Skipped phase3 of Reference Processing due to unavailable references
[108.183s][debug][gc,ref       ] GC(292) Skipped phase4 of Reference Processing due to unavailable references
[108.183s][debug][gc,age       ] GC(292) Desired survivor size 15400960 bytes, new threshold 6 (max threshold 6)
[108.183s][info ][gc,heap      ] GC(292) ParNew: 246878K->5868K(270976K)
[108.183s][info ][gc,heap      ] GC(292) CMS: 315988K->316146K(602112K)
[108.183s][info ][gc,metaspace ] GC(292) Metaspace: 61187K->61187K(1105920K)
[108.183s][info ][gc           ] GC(292) Pause Young (Allocation Failure) 549M->314M(852M) 4.821ms
[108.183s][info ][gc,cpu       ] GC(292) User=0.01s Sys=0.00s Real=0.01s
[108.183s][info ][safepoint    ] Leaving safepoint region
[108.183s][info ][safepoint    ] Total time for which application threads were stopped: 0.0049960 seconds, Stopping threads took: 0.0000163 seconds
[109.184s][info ][safepoint    ] Application time: 1.0001283 seconds
[109.184s][info ][safepoint    ] Entering safepoint region: Cleanup
[109.184s][info ][safepoint    ] Leaving safepoint region
[109.184s][info ][safepoint    ] Total time for which application threads were stopped: 0.0001343 seconds, Stopping threads took: 0.0000514 seconds
[110.184s][info ][safepoint    ] Application time: 1.0000553 seconds
[110.184s][info ][safepoint    ] Entering safepoint region: Cleanup
[110.184s][info ][safepoint    ] Leaving safepoint region
[110.184s][info ][safepoint    ] Total time for which application threads were stopped: 0.0002345 seconds, Stopping threads took: 0.0000811 seconds
[111.184s][info ][safepoint    ] Application time: 1.0001161 seconds
[111.184s][info ][safepoint    ] Entering safepoint region: Cleanup
[111.184s][info ][safepoint    ] Leaving safepoint region
[111.184s][info ][safepoint    ] Total time for which application threads were stopped: 0.0001153 seconds, Stopping threads took: 0.0000353 seconds
[111.678s][info ][safepoint    ] Application time: 0.4940211 seconds
[111.678s][info ][safepoint    ] Entering safepoint region: GenCollectForAllocation
[111.679s][info ][gc,start     ] GC(293) Pause Young (Allocation Failure)
[111.679s][info ][gc,task      ] GC(293) Using 4 workers of 4 for evacuation
[111.684s][debug][gc,ref       ] GC(293) Skipped phase1 of Reference Processing due to unavailable references
[111.684s][debug][gc,ref       ] GC(293) Skipped phase3 of Reference Processing due to unavailable references
[111.684s][debug][gc,ref       ] GC(293) Skipped phase4 of Reference Processing due to unavailable references
[111.684s][debug][gc,age       ] GC(293) Desired survivor size 15400960 bytes, new threshold 6 (max threshold 6)
[111.684s][info ][gc,heap      ] GC(293) ParNew: 246764K->3822K(270976K)
[111.684s][info ][gc,heap      ] GC(293) CMS: 316146K->318656K(602112K)
[111.684s][info ][gc,metaspace ] GC(293) Metaspace: 61190K->61190K(1105920K)
[111.684s][info ][gc           ] GC(293) Pause Young (Allocation Failure) 549M->314M(852M) 5.777ms
[111.684s][info ][gc,cpu       ] GC(293) User=0.02s Sys=0.00s Real=0.01s
[111.684s][info ][safepoint    ] Leaving safepoint region
[111.684s][info ][safepoint    ] Total time for which application threads were stopped: 0.0059418 seconds, Stopping threads took: 0.0000189 seconds
[112.684s][info ][safepoint    ] Application time: 1.0000928 seconds
[112.684s][info ][safepoint    ] Entering safepoint region: Cleanup
[112.685s][info ][safepoint    ] Leaving safepoint region
[112.685s][info ][safepoint    ] Total time for which application threads were stopped: 0.0001030 seconds, Stopping threads took: 0.0000167 seconds
[113.685s][info ][safepoint    ] Application time: 1.0000708 seconds
[113.685s][info ][safepoint    ] Entering safepoint region: Cleanup
[113.685s][info ][safepoint    ] Leaving safepoint region
[113.685s][info ][safepoint    ] Total time for which application threads were stopped: 0.0001013 seconds, Stopping threads took: 0.0000305 seconds
[114.685s][info ][safepoint    ] Application time: 1.0001455 seconds
[114.685s][info ][safepoint    ] Entering safepoint region: Cleanup
[114.685s][info ][safepoint    ] Leaving safepoint region
[114.685s][info ][safepoint    ] Total time for which application threads were stopped: 0.0001846 seconds, Stopping threads took: 0.0001079 seconds
[115.221s][info ][safepoint    ] Application time: 0.5357994 seconds
[115.221s][info ][safepoint    ] Entering safepoint region: GenCollectForAllocation
[115.221s][info ][gc,start     ] GC(294) Pause Young (Allocation Failure)
[115.221s][info ][gc,task      ] GC(294) Using 4 workers of 4 for evacuation
[115.224s][debug][gc,ref       ] GC(294) Skipped phase1 of Reference Processing due to unavailable references
[115.224s][debug][gc,ref       ] GC(294) Skipped phase3 of Reference Processing due to unavailable references
[115.224s][debug][gc,age       ] GC(294) Desired survivor size 15400960 bytes, new threshold 6 (max threshold 6)
[115.224s][info ][gc,heap      ] GC(294) ParNew: 244718K->1770K(270976K)
[115.224s][info ][gc,heap      ] GC(294) CMS: 318656K->318871K(602112K)
[115.224s][info ][gc,metaspace ] GC(294) Metaspace: 61208K->61208K(1105920K)
[115.224s][info ][gc           ] GC(294) Pause Young (Allocation Failure) 550M->313M(852M) 2.854ms
[115.224s][info ][gc,cpu       ] GC(294) User=0.01s Sys=0.00s Real=0.00s
[115.224s][info ][safepoint    ] Leaving safepoint region
[115.224s][info ][safepoint    ] Total time for which application threads were stopped: 0.0030379 seconds, Stopping threads took: 0.0000171 seconds
[116.224s][info ][safepoint    ] Application time: 1.0000992 seconds
[116.224s][info ][safepoint    ] Entering safepoint region: Cleanup
[116.224s][info ][safepoint    ] Leaving safepoint region
[116.224s][info ][safepoint    ] Total time for which application threads were stopped: 0.0001479 seconds, Stopping threads took: 0.0000681 seconds
[117.225s][info ][safepoint    ] Application time: 1.0001390 seconds
[117.225s][info ][safepoint    ] Entering safepoint region: Cleanup
[117.225s][info ][safepoint    ] Leaving safepoint region
[117.225s][info ][safepoint    ] Total time for which application threads were stopped: 0.0001358 seconds, Stopping threads took: 0.0000561 seconds
[118.225s][info ][safepoint    ] Application time: 1.0001237 seconds
[118.225s][info ][safepoint    ] Entering safepoint region: Cleanup
[118.225s][info ][safepoint    ] Leaving safepoint region
[118.225s][info ][safepoint    ] Total time for which application threads were stopped: 0.0001329 seconds, Stopping threads took: 0.0000510 seconds
[118.770s][info ][safepoint    ] Application time: 0.5445334 seconds
[118.770s][info ][safepoint    ] Entering safepoint region: GenCollectForAllocation
[118.770s][info ][gc,start     ] GC(295) Pause Young (Allocation Failure)
[118.770s][info ][gc,task      ] GC(295) Using 4 workers of 4 for evacuation
[118.773s][debug][gc,ref       ] GC(295) Skipped phase1 of Reference Processing due to unavailable references
[118.773s][debug][gc,ref       ] GC(295) Skipped phase3 of Reference Processing due to unavailable references
[118.773s][debug][gc,age       ] GC(295) Desired survivor size 15400960 bytes, new threshold 6 (max threshold 6)
[118.773s][info ][gc,heap      ] GC(295) ParNew: 242666K->1343K(270976K)
[118.773s][info ][gc,heap      ] GC(295) CMS: 318871K->319048K(602112K)
[118.773s][info ][gc,metaspace ] GC(295) Metaspace: 61254K->61254K(1105920K)
[118.773s][info ][gc           ] GC(295) Pause Young (Allocation Failure) 548M->312M(852M) 3.208ms
[118.773s][info ][gc,cpu       ] GC(295) User=0.01s Sys=0.00s Real=0.00s
[118.773s][info ][safepoint    ] Leaving safepoint region
[118.773s][info ][safepoint    ] Total time for which application threads were stopped: 0.0033824 seconds, Stopping threads took: 0.0000196 seconds
[119.773s][info ][safepoint    ] Application time: 1.0001263 seconds
[119.773s][info ][safepoint    ] Entering safepoint region: Cleanup
[119.773s][info ][safepoint    ] Leaving safepoint region
[119.773s][info ][safepoint    ] Total time for which application threads were stopped: 0.0001695 seconds, Stopping threads took: 0.0000673 seconds
[120.773s][info ][safepoint    ] Application time: 1.0000876 seconds
[120.773s][info ][safepoint    ] Entering safepoint region: Cleanup
[120.774s][info ][safepoint    ] Leaving safepoint region
[120.774s][info ][safepoint    ] Total time for which application threads were stopped: 0.0001335 seconds, Stopping threads took: 0.0000504 seconds
[121.774s][info ][safepoint    ] Application time: 1.0001230 seconds
[121.774s][info ][safepoint    ] Entering safepoint region: Cleanup
[121.774s][info ][safepoint    ] Leaving safepoint region
[121.774s][info ][safepoint    ] Total time for which application threads were stopped: 0.0001228 seconds, Stopping threads took: 0.0000384 seconds
[122.278s][info ][safepoint    ] Application time: 0.5040560 seconds
[122.278s][info ][safepoint    ] Entering safepoint region: GenCollectForAllocation
[122.278s][info ][gc,start     ] GC(296) Pause Young (Allocation Failure)
[122.278s][info ][gc,task      ] GC(296) Using 4 workers of 4 for evacuation
[122.281s][debug][gc,ref       ] GC(296) Skipped phase1 of Reference Processing due to unavailable references
[122.281s][debug][gc,ref       ] GC(296) Skipped phase3 of Reference Processing due to unavailable references
[122.281s][debug][gc,age       ] GC(296) Desired survivor size 15400960 bytes, new threshold 6 (max threshold 6)
[122.281s][info ][gc,heap      ] GC(296) ParNew: 242239K->1675K(270976K)
[122.281s][info ][gc,heap      ] GC(296) CMS: 319048K->319118K(602112K)
[122.281s][info ][gc,metaspace ] GC(296) Metaspace: 61267K->61267K(1105920K)
[122.281s][info ][gc           ] GC(296) Pause Young (Allocation Failure) 548M->313M(852M) 2.829ms
[122.281s][info ][gc,cpu       ] GC(296) User=0.01s Sys=0.00s Real=0.01s
[122.281s][info ][safepoint    ] Leaving safepoint region
[122.281s][info ][safepoint    ] Total time for which application threads were stopped: 0.0030012 seconds, Stopping threads took: 0.0000191 seconds
[123.281s][info ][safepoint    ] Application time: 1.0001494 seconds
[123.281s][info ][safepoint    ] Entering safepoint region: Cleanup
[123.281s][info ][safepoint    ] Leaving safepoint region
[123.281s][info ][safepoint    ] Total time for which application threads were stopped: 0.0001544 seconds, Stopping threads took: 0.0000509 seconds
[124.281s][info ][safepoint    ] Application time: 1.0001220 seconds
[124.281s][info ][safepoint    ] Entering safepoint region: Cleanup
[124.281s][info ][safepoint    ] Leaving safepoint region
[124.282s][info ][safepoint    ] Total time for which application threads were stopped: 0.0000866 seconds, Stopping threads took: 0.0000184 seconds
[125.282s][info ][safepoint    ] Application time: 1.0001241 seconds
[125.282s][info ][safepoint    ] Entering safepoint region: Cleanup
[125.282s][info ][safepoint    ] Leaving safepoint region
[125.282s][info ][safepoint    ] Total time for which application threads were stopped: 0.0000798 seconds, Stopping threads took: 0.0000174 seconds
[125.828s][info ][safepoint    ] Application time: 0.5457862 seconds
[125.828s][info ][safepoint    ] Entering safepoint region: GenCollectForAllocation
[125.828s][info ][gc,start     ] GC(297) Pause Young (Allocation Failure)
[125.828s][info ][gc,task      ] GC(297) Using 4 workers of 4 for evacuation
[125.831s][debug][gc,ref       ] GC(297) Skipped phase1 of Reference Processing due to unavailable references
[125.831s][debug][gc,ref       ] GC(297) Skipped phase3 of Reference Processing due to unavailable references
[125.831s][debug][gc,ref       ] GC(297) Skipped phase4 of Reference Processing due to unavailable references
[125.832s][debug][gc,age       ] GC(297) Desired survivor size 15400960 bytes, new threshold 6 (max threshold 6)
[125.832s][info ][gc,heap      ] GC(297) ParNew: 242571K->1287K(270976K)
[125.832s][info ][gc,heap      ] GC(297) CMS: 319118K->319372K(602112K)
[125.832s][info ][gc,metaspace ] GC(297) Metaspace: 61273K->61273K(1105920K)
[125.832s][info ][gc           ] GC(297) Pause Young (Allocation Failure) 548M->313M(852M) 3.893ms
[125.832s][info ][gc,cpu       ] GC(297) User=0.01s Sys=0.00s Real=0.01s
[125.832s][info ][safepoint    ] Leaving safepoint region
[125.832s][info ][safepoint    ] Total time for which application threads were stopped: 0.0040709 seconds, Stopping threads took: 0.0000205 seconds
[126.832s][info ][safepoint    ] Application time: 1.0001078 seconds
[126.832s][info ][safepoint    ] Entering safepoint region: Cleanup
[126.832s][info ][safepoint    ] Leaving safepoint region
[126.832s][info ][safepoint    ] Total time for which application threads were stopped: 0.0001024 seconds, Stopping threads took: 0.0000187 seconds
[127.832s][info ][safepoint    ] Application time: 1.0000867 seconds
[127.832s][info ][safepoint    ] Entering safepoint region: Cleanup
[127.832s][info ][safepoint    ] Leaving safepoint region
[127.832s][info ][safepoint    ] Total time for which application threads were stopped: 0.0001413 seconds, Stopping threads took: 0.0000278 seconds
[128.832s][info ][safepoint    ] Application time: 1.0000841 seconds
[128.832s][info ][safepoint    ] Entering safepoint region: Cleanup
[128.832s][info ][safepoint    ] Leaving safepoint region
[128.832s][info ][safepoint    ] Total time for which application threads were stopped: 0.0001131 seconds, Stopping threads took: 0.0000247 seconds
[129.322s][info ][safepoint    ] Application time: 0.4896550 seconds
[129.322s][info ][safepoint    ] Entering safepoint region: GenCollectForAllocation
[129.323s][info ][gc,start     ] GC(298) Pause Young (Allocation Failure)
[129.323s][info ][gc,task      ] GC(298) Using 4 workers of 4 for evacuation
[129.325s][debug][gc,ref       ] GC(298) Skipped phase1 of Reference Processing due to unavailable references
[129.325s][debug][gc,ref       ] GC(298) Skipped phase3 of Reference Processing due to unavailable references
[129.325s][debug][gc,ref       ] GC(298) Skipped phase4 of Reference Processing due to unavailable references
[129.326s][debug][gc,age       ] GC(298) Desired survivor size 15400960 bytes, new threshold 6 (max threshold 6)
[129.326s][info ][gc,heap      ] GC(298) ParNew: 242183K->1688K(270976K)
[129.326s][info ][gc,heap      ] GC(298) CMS: 319372K->319434K(602112K)
[129.326s][info ][gc,metaspace ] GC(298) Metaspace: 61275K->61275K(1105920K)
[129.326s][info ][gc           ] GC(298) Pause Young (Allocation Failure) 548M->313M(852M) 3.052ms
[129.326s][info ][gc,cpu       ] GC(298) User=0.01s Sys=0.00s Real=0.00s
[129.326s][info ][safepoint    ] Leaving safepoint region
[129.326s][info ][safepoint    ] Total time for which application threads were stopped: 0.0033275 seconds, Stopping threads took: 0.0001116 seconds
[130.326s][info ][safepoint    ] Application time: 1.0001651 seconds
[130.326s][info ][safepoint    ] Entering safepoint region: Cleanup
[130.326s][info ][safepoint    ] Leaving safepoint region
[130.326s][info ][safepoint    ] Total time for which application threads were stopped: 0.0001298 seconds, Stopping threads took: 0.0000585 seconds
[131.326s][info ][safepoint    ] Application time: 1.0001340 seconds
[131.326s][info ][safepoint    ] Entering safepoint region: Cleanup
[131.326s][info ][safepoint    ] Leaving safepoint region
[131.326s][info ][safepoint    ] Total time for which application threads were stopped: 0.0001623 seconds, Stopping threads took: 0.0000669 seconds
[132.326s][info ][safepoint    ] Application time: 1.0001317 seconds
[132.327s][info ][safepoint    ] Entering safepoint region: Cleanup
[132.327s][info ][safepoint    ] Leaving safepoint region
[132.327s][info ][safepoint    ] Total time for which application threads were stopped: 0.0001234 seconds, Stopping threads took: 0.0000475 seconds
[132.721s][info ][safepoint    ] Application time: 0.3939483 seconds
[132.721s][info ][safepoint    ] Entering safepoint region: GenCollectForAllocation
[132.721s][info ][gc,start     ] GC(299) Pause Young (Allocation Failure)
[132.721s][info ][gc,task      ] GC(299) Using 4 workers of 4 for evacuation
[132.724s][debug][gc,ref       ] GC(299) Skipped phase1 of Reference Processing due to unavailable references
[132.724s][debug][gc,ref       ] GC(299) Skipped phase3 of Reference Processing due to unavailable references
[132.724s][debug][gc,ref       ] GC(299) Skipped phase4 of Reference Processing due to unavailable references
[132.724s][debug][gc,age       ] GC(299) Desired survivor size 15400960 bytes, new threshold 6 (max threshold 6)
[132.724s][info ][gc,heap      ] GC(299) ParNew: 242584K->1451K(270976K)
[132.724s][info ][gc,heap      ] GC(299) CMS: 319434K->319511K(602112K)
[132.724s][info ][gc,metaspace ] GC(299) Metaspace: 61280K->61280K(1105920K)
[132.724s][info ][gc           ] GC(299) Pause Young (Allocation Failure) 548M->313M(852M) 3.287ms
[132.724s][info ][gc,cpu       ] GC(299) User=0.01s Sys=0.00s Real=0.00s
[132.724s][info ][safepoint    ] Leaving safepoint region
[132.724s][info ][safepoint    ] Total time for which application threads were stopped: 0.0034341 seconds, Stopping threads took: 0.0000163 seconds
[133.724s][info ][safepoint    ] Application time: 1.0001633 seconds
[133.724s][info ][safepoint    ] Entering safepoint region: Cleanup
[133.724s][info ][safepoint    ] Leaving safepoint region
[133.724s][info ][safepoint    ] Total time for which application threads were stopped: 0.0001732 seconds, Stopping threads took: 0.0000574 seconds
[134.725s][info ][safepoint    ] Application time: 1.0000976 seconds
[134.725s][info ][safepoint    ] Entering safepoint region: Cleanup
[134.725s][info ][safepoint    ] Leaving safepoint region
[134.725s][info ][safepoint    ] Total time for which application threads were stopped: 0.0001204 seconds, Stopping threads took: 0.0000458 seconds
[135.725s][info ][safepoint    ] Application time: 1.0001225 seconds
[135.725s][info ][safepoint    ] Entering safepoint region: Cleanup
[135.725s][info ][safepoint    ] Leaving safepoint region
[135.725s][info ][safepoint    ] Total time for which application threads were stopped: 0.0001338 seconds, Stopping threads took: 0.0000566 seconds
[136.100s][info ][safepoint    ] Application time: 0.3745535 seconds
[136.100s][info ][safepoint    ] Entering safepoint region: GenCollectForAllocation
[136.100s][info ][gc,start     ] GC(300) Pause Young (Allocation Failure)
[136.100s][info ][gc,task      ] GC(300) Using 4 workers of 4 for evacuation
[136.103s][debug][gc,ref       ] GC(300) Skipped phase1 of Reference Processing due to unavailable references
[136.103s][debug][gc,ref       ] GC(300) Skipped phase3 of Reference Processing due to unavailable references
[136.103s][debug][gc,ref       ] GC(300) Skipped phase4 of Reference Processing due to unavailable references
[136.103s][debug][gc,age       ] GC(300) Desired survivor size 15400960 bytes, new threshold 6 (max threshold 6)
[136.103s][info ][gc,heap      ] GC(300) ParNew: 242347K->1616K(270976K)
[136.103s][info ][gc,heap      ] GC(300) CMS: 319511K->319587K(602112K)
[136.103s][info ][gc,metaspace ] GC(300) Metaspace: 61294K->61294K(1105920K)
[136.103s][info ][gc           ] GC(300) Pause Young (Allocation Failure) 548M->313M(852M) 3.204ms
[136.103s][info ][gc,cpu       ] GC(300) User=0.01s Sys=0.00s Real=0.01s
[136.103s][info ][safepoint    ] Leaving safepoint region
[136.103s][info ][safepoint    ] Total time for which application threads were stopped: 0.0033533 seconds, Stopping threads took: 0.0000179 seconds
[137.103s][info ][safepoint    ] Application time: 1.0002225 seconds
[137.103s][info ][safepoint    ] Entering safepoint region: Cleanup
[137.103s][info ][safepoint    ] Leaving safepoint region
[137.103s][info ][safepoint    ] Total time for which application threads were stopped: 0.0000914 seconds, Stopping threads took: 0.0000187 seconds
[138.103s][info ][safepoint    ] Application time: 1.0000916 seconds
[138.103s][info ][safepoint    ] Entering safepoint region: Cleanup
[138.103s][info ][safepoint    ] Leaving safepoint region
[138.103s][info ][safepoint    ] Total time for which application threads were stopped: 0.0000867 seconds, Stopping threads took: 0.0000189 seconds
[139.004s][info ][safepoint    ] Application time: 0.9003122 seconds
[139.004s][info ][safepoint    ] Entering safepoint region: RevokeBias
[139.004s][info ][safepoint    ] Leaving safepoint region
[139.004s][info ][safepoint    ] Total time for which application threads were stopped: 0.0001052 seconds, Stopping threads took: 0.0000163 seconds
[139.008s][info ][safepoint    ] Application time: 0.0042831 seconds
[139.008s][info ][safepoint    ] Entering safepoint region: RevokeBias
[139.008s][info ][safepoint    ] Leaving safepoint region
[139.008s][info ][safepoint    ] Total time for which application threads were stopped: 0.0000723 seconds, Stopping threads took: 0.0000400 seconds
[139.569s][info ][safepoint    ] Application time: 0.5610993 seconds
[139.570s][info ][safepoint    ] Entering safepoint region: GenCollectForAllocation
[139.570s][info ][gc,start     ] GC(301) Pause Young (Allocation Failure)
[139.570s][info ][gc,task      ] GC(301) Using 4 workers of 4 for evacuation
[139.572s][debug][gc,ref       ] GC(301) Skipped phase1 of Reference Processing due to unavailable references
[139.572s][debug][gc,ref       ] GC(301) Skipped phase3 of Reference Processing due to unavailable references
[139.572s][debug][gc,ref       ] GC(301) Skipped phase4 of Reference Processing due to unavailable references
[139.573s][debug][gc,age       ] GC(301) Desired survivor size 15400960 bytes, new threshold 6 (max threshold 6)
[139.573s][info ][gc,heap      ] GC(301) ParNew: 242512K->2109K(270976K)
[139.573s][info ][gc,heap      ] GC(301) CMS: 319587K->319644K(602112K)
[139.573s][info ][gc,metaspace ] GC(301) Metaspace: 61297K->61297K(1105920K)
[139.573s][info ][gc           ] GC(301) Pause Young (Allocation Failure) 548M->314M(852M) 2.972ms
[139.573s][info ][gc,cpu       ] GC(301) User=0.01s Sys=0.00s Real=0.00s
[139.573s][info ][safepoint    ] Leaving safepoint region
[139.573s][info ][safepoint    ] Total time for which application threads were stopped: 0.0031710 seconds, Stopping threads took: 0.0000463 seconds
[140.573s][info ][safepoint    ] Application time: 1.0001140 seconds
[140.573s][info ][safepoint    ] Entering safepoint region: Cleanup
[140.573s][info ][safepoint    ] Leaving safepoint region
[140.573s][info ][safepoint    ] Total time for which application threads were stopped: 0.0001302 seconds, Stopping threads took: 0.0000520 seconds
[141.573s][info ][safepoint    ] Application time: 1.0001560 seconds
[141.573s][info ][safepoint    ] Entering safepoint region: Cleanup
[141.573s][info ][safepoint    ] Leaving safepoint region
[141.573s][info ][safepoint    ] Total time for which application threads were stopped: 0.0001075 seconds, Stopping threads took: 0.0000402 seconds
[142.573s][info ][safepoint    ] Application time: 1.0001050 seconds
[142.573s][info ][safepoint    ] Entering safepoint region: Cleanup
[142.574s][info ][safepoint    ] Leaving safepoint region
[142.574s][info ][safepoint    ] Total time for which application threads were stopped: 0.0001570 seconds, Stopping threads took: 0.0000630 seconds
[143.124s][info ][safepoint    ] Application time: 0.5500015 seconds
[143.124s][info ][safepoint    ] Entering safepoint region: GenCollectForAllocation
[143.124s][info ][gc,start     ] GC(302) Pause Young (Allocation Failure)
[143.124s][info ][gc,task      ] GC(302) Using 4 workers of 4 for evacuation
[143.126s][debug][gc,ref       ] GC(302) Skipped phase1 of Reference Processing due to unavailable references
[143.126s][debug][gc,ref       ] GC(302) Skipped phase2 of Reference Processing due to unavailable references
[143.126s][debug][gc,ref       ] GC(302) Skipped phase3 of Reference Processing due to unavailable references
[143.126s][debug][gc,ref       ] GC(302) Skipped phase4 of Reference Processing due to unavailable references
[143.127s][debug][gc,age       ] GC(302) Desired survivor size 15400960 bytes, new threshold 6 (max threshold 6)
[143.127s][info ][gc,heap      ] GC(302) ParNew: 243005K->2258K(270976K)
[143.127s][info ][gc,heap      ] GC(302) CMS: 319644K->319793K(602112K)
[143.127s][info ][gc,metaspace ] GC(302) Metaspace: 61298K->61298K(1105920K)
[143.127s][info ][gc           ] GC(302) Pause Young (Allocation Failure) 549M->314M(852M) 2.940ms
[143.127s][info ][gc,cpu       ] GC(302) User=0.01s Sys=0.00s Real=0.00s
[143.127s][info ][safepoint    ] Leaving safepoint region
[143.127s][info ][safepoint    ] Total time for which application threads were stopped: 0.0031027 seconds, Stopping threads took: 0.0000167 seconds
[144.127s][info ][safepoint    ] Application time: 1.0006985 seconds
[144.127s][info ][safepoint    ] Entering safepoint region: Cleanup
[144.128s][info ][safepoint    ] Leaving safepoint region
[144.128s][info ][safepoint    ] Total time for which application threads were stopped: 0.0001275 seconds, Stopping threads took: 0.0000391 seconds
[145.128s][info ][safepoint    ] Application time: 1.0001073 seconds
[145.128s][info ][safepoint    ] Entering safepoint region: Cleanup
[145.128s][info ][safepoint    ] Leaving safepoint region
[145.128s][info ][safepoint    ] Total time for which application threads were stopped: 0.0001143 seconds, Stopping threads took: 0.0000523 seconds
[146.128s][info ][safepoint    ] Application time: 1.0001092 seconds
[146.128s][info ][safepoint    ] Entering safepoint region: Cleanup
[146.128s][info ][safepoint    ] Leaving safepoint region
[146.128s][info ][safepoint    ] Total time for which application threads were stopped: 0.0001173 seconds, Stopping threads took: 0.0000438 seconds
[146.627s][info ][safepoint    ] Application time: 0.4987117 seconds
[146.627s][info ][safepoint    ] Entering safepoint region: GenCollectForAllocation
[146.627s][info ][gc,start     ] GC(303) Pause Young (Allocation Failure)
[146.627s][info ][gc,task      ] GC(303) Using 4 workers of 4 for evacuation
[146.630s][debug][gc,ref       ] GC(303) Skipped phase1 of Reference Processing due to unavailable references
[146.630s][debug][gc,ref       ] GC(303) Skipped phase2 of Reference Processing due to unavailable references
[146.630s][debug][gc,ref       ] GC(303) Skipped phase3 of Reference Processing due to unavailable references
[146.630s][debug][gc,ref       ] GC(303) Skipped phase4 of Reference Processing due to unavailable references
[146.630s][debug][gc,age       ] GC(303) Desired survivor size 15400960 bytes, new threshold 6 (max threshold 6)
[146.630s][info ][gc,heap      ] GC(303) ParNew: 243154K->1752K(270976K)
[146.630s][info ][gc,heap      ] GC(303) CMS: 319793K->319900K(602112K)
[146.630s][info ][gc,metaspace ] GC(303) Metaspace: 61305K->61305K(1105920K)
[146.630s][info ][gc           ] GC(303) Pause Young (Allocation Failure) 549M->314M(852M) 2.937ms
[146.630s][info ][gc,cpu       ] GC(303) User=0.01s Sys=0.00s Real=0.01s
[146.630s][info ][safepoint    ] Leaving safepoint region
[146.630s][info ][safepoint    ] Total time for which application threads were stopped: 0.0030953 seconds, Stopping threads took: 0.0000165 seconds
[147.630s][info ][safepoint    ] Application time: 1.0001266 seconds
[147.630s][info ][safepoint    ] Entering safepoint region: Cleanup
[147.630s][info ][safepoint    ] Leaving safepoint region
[147.630s][info ][safepoint    ] Total time for which application threads were stopped: 0.0001537 seconds, Stopping threads took: 0.0000852 seconds
[147.661s][info ][safepoint    ] Application time: 0.0308298 seconds
[147.661s][info ][safepoint    ] Entering safepoint region: RevokeBias
[147.661s][info ][safepoint    ] Leaving safepoint region
[147.661s][info ][safepoint    ] Total time for which application threads were stopped: 0.0000897 seconds, Stopping threads took: 0.0000169 seconds
[148.661s][info ][safepoint    ] Application time: 1.0001040 seconds
[148.661s][info ][safepoint    ] Entering safepoint region: Cleanup
[148.661s][info ][safepoint    ] Leaving safepoint region
[148.661s][info ][safepoint    ] Total time for which application threads were stopped: 0.0000854 seconds, Stopping threads took: 0.0000170 seconds
[149.662s][info ][safepoint    ] Application time: 1.0001159 seconds
[149.662s][info ][safepoint    ] Entering safepoint region: Cleanup
[149.662s][info ][safepoint    ] Leaving safepoint region
[149.662s][info ][safepoint    ] Total time for which application threads were stopped: 0.0000810 seconds, Stopping threads took: 0.0000162 seconds
[150.119s][info ][safepoint    ] Application time: 0.4572165 seconds
[150.119s][info ][safepoint    ] Entering safepoint region: GenCollectForAllocation
[150.119s][info ][gc,start     ] GC(304) Pause Young (Allocation Failure)
[150.119s][info ][gc,task      ] GC(304) Using 4 workers of 4 for evacuation
[150.122s][debug][gc,ref       ] GC(304) Skipped phase1 of Reference Processing due to unavailable references
[150.122s][debug][gc,ref       ] GC(304) Skipped phase2 of Reference Processing due to unavailable references
[150.122s][debug][gc,ref       ] GC(304) Skipped phase3 of Reference Processing due to unavailable references
[150.122s][debug][gc,ref       ] GC(304) Skipped phase4 of Reference Processing due to unavailable references
[150.122s][debug][gc,age       ] GC(304) Desired survivor size 15400960 bytes, new threshold 6 (max threshold 6)
[150.122s][info ][gc,heap      ] GC(304) ParNew: 242648K->1823K(270976K)
[150.122s][info ][gc,heap      ] GC(304) CMS: 319900K->319982K(602112K)
[150.122s][info ][gc,metaspace ] GC(304) Metaspace: 61311K->61311K(1105920K)
[150.122s][info ][gc           ] GC(304) Pause Young (Allocation Failure) 549M->314M(852M) 3.286ms
[150.122s][info ][gc,cpu       ] GC(304) User=0.01s Sys=0.00s Real=0.01s
[150.122s][info ][safepoint    ] Leaving safepoint region
[150.122s][info ][safepoint    ] Total time for which application threads were stopped: 0.0035348 seconds, Stopping threads took: 0.0001035 seconds
[150.438s][info ][safepoint    ] Application time: 0.3157249 seconds
[150.438s][info ][safepoint    ] Entering safepoint region: RevokeBias
[150.438s][info ][safepoint    ] Leaving safepoint region
[150.438s][info ][safepoint    ] Total time for which application threads were stopped: 0.0000734 seconds, Stopping threads took: 0.0000156 seconds
[151.438s][info ][safepoint    ] Application time: 1.0000922 seconds
[151.438s][info ][safepoint    ] Entering safepoint region: Cleanup
[151.439s][info ][safepoint    ] Leaving safepoint region
[151.439s][info ][safepoint    ] Total time for which application threads were stopped: 0.0000909 seconds, Stopping threads took: 0.0000170 seconds
[152.439s][info ][safepoint    ] Application time: 1.0001045 seconds
[152.439s][info ][safepoint    ] Entering safepoint region: Cleanup
[152.439s][info ][safepoint    ] Leaving safepoint region
[152.439s][info ][safepoint    ] Total time for which application threads were stopped: 0.0000780 seconds, Stopping threads took: 0.0000158 seconds
[153.439s][info ][safepoint    ] Application time: 1.0001334 seconds
[153.439s][info ][safepoint    ] Entering safepoint region: Cleanup
[153.439s][info ][safepoint    ] Leaving safepoint region
[153.439s][info ][safepoint    ] Total time for which application threads were stopped: 0.0000744 seconds, Stopping threads took: 0.0000175 seconds
[153.577s][info ][safepoint    ] Application time: 0.1376118 seconds
[153.577s][info ][safepoint    ] Entering safepoint region: GenCollectForAllocation
[153.577s][info ][gc,start     ] GC(305) Pause Young (Allocation Failure)
[153.577s][info ][gc,task      ] GC(305) Using 4 workers of 4 for evacuation
[153.582s][debug][gc,ref       ] GC(305) Skipped phase1 of Reference Processing due to unavailable references
[153.582s][debug][gc,ref       ] GC(305) Skipped phase2 of Reference Processing due to unavailable references
[153.582s][debug][gc,ref       ] GC(305) Skipped phase3 of Reference Processing due to unavailable references
[153.582s][debug][gc,ref       ] GC(305) Skipped phase4 of Reference Processing due to unavailable references
[153.582s][debug][gc,age       ] GC(305) Desired survivor size 15400960 bytes, new threshold 6 (max threshold 6)
[153.582s][info ][gc,heap      ] GC(305) ParNew: 242719K->1910K(270976K)
[153.582s][info ][gc,heap      ] GC(305) CMS: 319982K->320062K(602112K)
[153.582s][info ][gc,metaspace ] GC(305) Metaspace: 61329K->61329K(1105920K)
[153.582s][info ][gc           ] GC(305) Pause Young (Allocation Failure) 549M->314M(852M) 5.092ms
[153.582s][info ][gc,cpu       ] GC(305) User=0.01s Sys=0.01s Real=0.01s
[153.582s][info ][safepoint    ] Leaving safepoint region
[153.582s][info ][safepoint    ] Total time for which application threads were stopped: 0.0052465 seconds, Stopping threads took: 0.0000206 seconds
[154.582s][info ][safepoint    ] Application time: 1.0001227 seconds
[154.582s][info ][safepoint    ] Entering safepoint region: Cleanup
[154.582s][info ][safepoint    ] Leaving safepoint region
[154.582s][info ][safepoint    ] Total time for which application threads were stopped: 0.0000974 seconds, Stopping threads took: 0.0000167 seconds
[155.582s][info ][safepoint    ] Application time: 1.0001187 seconds
[155.582s][info ][safepoint    ] Entering safepoint region: Cleanup
[155.582s][info ][safepoint    ] Leaving safepoint region
[155.582s][info ][safepoint    ] Total time for which application threads were stopped: 0.0000743 seconds, Stopping threads took: 0.0000164 seconds
[156.582s][info ][safepoint    ] Application time: 1.0000846 seconds
[156.583s][info ][safepoint    ] Entering safepoint region: Cleanup
[156.583s][info ][safepoint    ] Leaving safepoint region
[156.583s][info ][safepoint    ] Total time for which application threads were stopped: 0.0000746 seconds, Stopping threads took: 0.0000170 seconds
[157.378s][info ][safepoint    ] Application time: 0.7952871 seconds
[157.378s][info ][safepoint    ] Entering safepoint region: GenCollectForAllocation
[157.378s][info ][gc,start     ] GC(306) Pause Young (Allocation Failure)
[157.378s][info ][gc,task      ] GC(306) Using 4 workers of 4 for evacuation
[157.381s][debug][gc,ref       ] GC(306) Skipped phase1 of Reference Processing due to unavailable references
[157.381s][debug][gc,ref       ] GC(306) Skipped phase2 of Reference Processing due to unavailable references
[157.381s][debug][gc,ref       ] GC(306) Skipped phase3 of Reference Processing due to unavailable references
[157.381s][debug][gc,ref       ] GC(306) Skipped phase4 of Reference Processing due to unavailable references
[157.381s][debug][gc,age       ] GC(306) Desired survivor size 15400960 bytes, new threshold 6 (max threshold 6)
[157.381s][info ][gc,heap      ] GC(306) ParNew: 242806K->1401K(270976K)
[157.381s][info ][gc,heap      ] GC(306) CMS: 320062K->320435K(602112K)
[157.381s][info ][gc,metaspace ] GC(306) Metaspace: 61333K->61333K(1105920K)
[157.381s][info ][gc           ] GC(306) Pause Young (Allocation Failure) 549M->314M(852M) 3.272ms
[157.381s][info ][gc,cpu       ] GC(306) User=0.01s Sys=0.00s Real=0.01s
[157.381s][info ][safepoint    ] Leaving safepoint region
[157.381s][info ][safepoint    ] Total time for which application threads were stopped: 0.0034461 seconds, Stopping threads took: 0.0000244 seconds
[158.381s][info ][safepoint    ] Application time: 1.0000922 seconds
[158.382s][info ][safepoint    ] Entering safepoint region: Cleanup
[158.382s][info ][safepoint    ] Leaving safepoint region
[158.382s][info ][safepoint    ] Total time for which application threads were stopped: 0.0002918 seconds, Stopping threads took: 0.0002268 seconds
[159.382s][info ][safepoint    ] Application time: 1.0001105 seconds
[159.382s][info ][safepoint    ] Entering safepoint region: Cleanup
[159.382s][info ][safepoint    ] Leaving safepoint region
[159.382s][info ][safepoint    ] Total time for which application threads were stopped: 0.0000741 seconds, Stopping threads took: 0.0000174 seconds
[160.382s][info ][safepoint    ] Application time: 1.0001172 seconds
[160.382s][info ][safepoint    ] Entering safepoint region: Cleanup
[160.382s][info ][safepoint    ] Leaving safepoint region
[160.382s][info ][safepoint    ] Total time for which application threads were stopped: 0.0000729 seconds, Stopping threads took: 0.0000174 seconds
[161.178s][info ][safepoint    ] Application time: 0.7957913 seconds
[161.178s][info ][safepoint    ] Entering safepoint region: GenCollectForAllocation
[161.178s][info ][gc,start     ] GC(307) Pause Young (Allocation Failure)
[161.178s][info ][gc,task      ] GC(307) Using 4 workers of 4 for evacuation
[161.181s][debug][gc,ref       ] GC(307) Skipped phase1 of Reference Processing due to unavailable references
[161.181s][debug][gc,ref       ] GC(307) Skipped phase2 of Reference Processing due to unavailable references
[161.181s][debug][gc,ref       ] GC(307) Skipped phase3 of Reference Processing due to unavailable references
[161.181s][debug][gc,ref       ] GC(307) Skipped phase4 of Reference Processing due to unavailable references
[161.181s][debug][gc,age       ] GC(307) Desired survivor size 15400960 bytes, new threshold 6 (max threshold 6)
[161.181s][info ][gc,heap      ] GC(307) ParNew: 242297K->1230K(270976K)
[161.181s][info ][gc,heap      ] GC(307) CMS: 320435K->320542K(602112K)
[161.181s][info ][gc,metaspace ] GC(307) Metaspace: 61336K->61336K(1105920K)
[161.181s][info ][gc           ] GC(307) Pause Young (Allocation Failure) 549M->314M(852M) 3.126ms
[161.181s][info ][gc,cpu       ] GC(307) User=0.01s Sys=0.00s Real=0.01s
[161.181s][info ][safepoint    ] Leaving safepoint region
[161.181s][info ][safepoint    ] Total time for which application threads were stopped: 0.0032775 seconds, Stopping threads took: 0.0000166 seconds
[162.181s][info ][safepoint    ] Application time: 1.0001023 seconds
[162.182s][info ][safepoint    ] Entering safepoint region: Cleanup
[162.182s][info ][safepoint    ] Leaving safepoint region
[162.182s][info ][safepoint    ] Total time for which application threads were stopped: 0.0000755 seconds, Stopping threads took: 0.0000168 seconds
[163.182s][info ][safepoint    ] Application time: 1.0000780 seconds
[163.182s][info ][safepoint    ] Entering safepoint region: Cleanup
[163.182s][info ][safepoint    ] Leaving safepoint region
[163.182s][info ][safepoint    ] Total time for which application threads were stopped: 0.0000683 seconds, Stopping threads took: 0.0000174 seconds
[164.183s][info ][safepoint    ] Application time: 1.0009323 seconds
[164.183s][info ][safepoint    ] Entering safepoint region: Cleanup
[164.183s][info ][safepoint    ] Leaving safepoint region
[164.183s][info ][safepoint    ] Total time for which application threads were stopped: 0.0000792 seconds, Stopping threads took: 0.0000182 seconds
[165.023s][info ][safepoint    ] Application time: 0.8402688 seconds
[165.023s][info ][safepoint    ] Entering safepoint region: GenCollectForAllocation
[165.023s][info ][gc,start     ] GC(308) Pause Young (Allocation Failure)
[165.023s][info ][gc,task      ] GC(308) Using 4 workers of 4 for evacuation
[165.026s][debug][gc,ref       ] GC(308) Skipped phase1 of Reference Processing due to unavailable references
[165.026s][debug][gc,ref       ] GC(308) Skipped phase2 of Reference Processing due to unavailable references
[165.026s][debug][gc,ref       ] GC(308) Skipped phase3 of Reference Processing due to unavailable references
[165.026s][debug][gc,ref       ] GC(308) Skipped phase4 of Reference Processing due to unavailable references
[165.026s][debug][gc,age       ] GC(308) Desired survivor size 15400960 bytes, new threshold 6 (max threshold 6)
[165.026s][info ][gc,heap      ] GC(308) ParNew: 242126K->1629K(270976K)
[165.026s][info ][gc,heap      ] GC(308) CMS: 320542K->320604K(602112K)
[165.026s][info ][gc,metaspace ] GC(308) Metaspace: 61336K->61336K(1105920K)
[165.026s][info ][gc           ] GC(308) Pause Young (Allocation Failure) 549M->314M(852M) 2.775ms
[165.026s][info ][gc,cpu       ] GC(308) User=0.01s Sys=0.00s Real=0.00s
[165.026s][info ][safepoint    ] Leaving safepoint region
[165.026s][info ][safepoint    ] Total time for which application threads were stopped: 0.0030810 seconds, Stopping threads took: 0.0000154 seconds
[166.026s][info ][safepoint    ] Application time: 1.0001123 seconds
[166.026s][info ][safepoint    ] Entering safepoint region: Cleanup
[166.027s][info ][safepoint    ] Leaving safepoint region
[166.027s][info ][safepoint    ] Total time for which application threads were stopped: 0.0001360 seconds, Stopping threads took: 0.0000640 seconds
[167.027s][info ][safepoint    ] Application time: 1.0001044 seconds
[167.027s][info ][safepoint    ] Entering safepoint region: Cleanup
[167.027s][info ][safepoint    ] Leaving safepoint region
[167.027s][info ][safepoint    ] Total time for which application threads were stopped: 0.0001248 seconds, Stopping threads took: 0.0000563 seconds
[168.027s][info ][safepoint    ] Application time: 1.0000682 seconds
[168.027s][info ][safepoint    ] Entering safepoint region: Cleanup
[168.027s][info ][safepoint    ] Leaving safepoint region
[168.027s][info ][safepoint    ] Total time for which application threads were stopped: 0.0001067 seconds, Stopping threads took: 0.0000409 seconds
[168.877s][info ][safepoint    ] Application time: 0.8498803 seconds
[168.877s][info ][safepoint    ] Entering safepoint region: GenCollectForAllocation
[168.877s][info ][gc,start     ] GC(309) Pause Young (Allocation Failure)
[168.877s][info ][gc,task      ] GC(309) Using 4 workers of 4 for evacuation
[168.880s][debug][gc,ref       ] GC(309) Skipped phase1 of Reference Processing due to unavailable references
[168.880s][debug][gc,ref       ] GC(309) Skipped phase2 of Reference Processing due to unavailable references
[168.880s][debug][gc,ref       ] GC(309) Skipped phase3 of Reference Processing due to unavailable references
[168.880s][debug][gc,ref       ] GC(309) Skipped phase4 of Reference Processing due to unavailable references
[168.881s][debug][gc,age       ] GC(309) Desired survivor size 15400960 bytes, new threshold 6 (max threshold 6)
[168.881s][info ][gc,heap      ] GC(309) ParNew: 242525K->1141K(270976K)
[168.881s][info ][gc,heap      ] GC(309) CMS: 320604K->320688K(602112K)
[168.881s][info ][gc,metaspace ] GC(309) Metaspace: 61340K->61340K(1105920K)
[168.881s][info ][gc           ] GC(309) Pause Young (Allocation Failure) 549M->314M(852M) 3.670ms
[168.881s][info ][gc,cpu       ] GC(309) User=0.01s Sys=0.00s Real=0.01s
[168.881s][info ][safepoint    ] Leaving safepoint region
[168.881s][info ][safepoint    ] Total time for which application threads were stopped: 0.0038085 seconds, Stopping threads took: 0.0000171 seconds
[169.881s][info ][safepoint    ] Application time: 1.0001269 seconds
[169.881s][info ][safepoint    ] Entering safepoint region: Cleanup
[169.881s][info ][safepoint    ] Leaving safepoint region
[169.881s][info ][safepoint    ] Total time for which application threads were stopped: 0.0000664 seconds, Stopping threads took: 0.0000159 seconds
[170.881s][info ][safepoint    ] Application time: 1.0001381 seconds
[170.881s][info ][safepoint    ] Entering safepoint region: Cleanup
[170.881s][info ][safepoint    ] Leaving safepoint region
[170.881s][info ][safepoint    ] Total time for which application threads were stopped: 0.0000671 seconds, Stopping threads took: 0.0000167 seconds
[171.881s][info ][safepoint    ] Application time: 1.0000895 seconds
[171.881s][info ][safepoint    ] Entering safepoint region: Cleanup
[171.881s][info ][safepoint    ] Leaving safepoint region
[171.881s][info ][safepoint    ] Total time for which application threads were stopped: 0.0000834 seconds, Stopping threads took: 0.0000324 seconds
[172.676s][info ][safepoint    ] Application time: 0.7948289 seconds
[172.676s][info ][safepoint    ] Entering safepoint region: GenCollectForAllocation
[172.676s][info ][gc,start     ] GC(310) Pause Young (Allocation Failure)
[172.676s][info ][gc,task      ] GC(310) Using 4 workers of 4 for evacuation
[172.679s][debug][gc,ref       ] GC(310) Skipped phase1 of Reference Processing due to unavailable references
[172.679s][debug][gc,ref       ] GC(310) Skipped phase2 of Reference Processing due to unavailable references
[172.679s][debug][gc,ref       ] GC(310) Skipped phase3 of Reference Processing due to unavailable references
[172.679s][debug][gc,ref       ] GC(310) Skipped phase4 of Reference Processing due to unavailable references
[172.679s][debug][gc,age       ] GC(310) Desired survivor size 15400960 bytes, new threshold 6 (max threshold 6)
[172.679s][info ][gc,heap      ] GC(310) ParNew: 242037K->1044K(270976K)
[172.679s][info ][gc,heap      ] GC(310) CMS: 320688K->320974K(602112K)
[172.679s][info ][gc,metaspace ] GC(310) Metaspace: 61345K->61345K(1105920K)
[172.679s][info ][gc           ] GC(310) Pause Young (Allocation Failure) 549M->314M(852M) 3.055ms
[172.679s][info ][gc,cpu       ] GC(310) User=0.01s Sys=0.00s Real=0.00s
[172.680s][info ][safepoint    ] Leaving safepoint region
[172.680s][info ][safepoint    ] Total time for which application threads were stopped: 0.0032188 seconds, Stopping threads took: 0.0000162 seconds
[173.680s][info ][safepoint    ] Application time: 1.0000932 seconds
[173.680s][info ][safepoint    ] Entering safepoint region: Cleanup
[173.680s][info ][safepoint    ] Leaving safepoint region
[173.680s][info ][safepoint    ] Total time for which application threads were stopped: 0.0000803 seconds, Stopping threads took: 0.0000173 seconds
[174.680s][info ][safepoint    ] Application time: 1.0001179 seconds
[174.680s][info ][safepoint    ] Entering safepoint region: Cleanup
[174.680s][info ][safepoint    ] Leaving safepoint region
[174.680s][info ][safepoint    ] Total time for which application threads were stopped: 0.0000656 seconds, Stopping threads took: 0.0000158 seconds
[175.680s][info ][safepoint    ] Application time: 1.0001321 seconds
[175.680s][info ][safepoint    ] Entering safepoint region: Cleanup
[175.680s][info ][safepoint    ] Leaving safepoint region
[175.680s][info ][safepoint    ] Total time for which application threads were stopped: 0.0001281 seconds, Stopping threads took: 0.0000547 seconds
[176.222s][info ][safepoint    ] Application time: 0.5417435 seconds
[176.222s][info ][safepoint    ] Entering safepoint region: GenCollectForAllocation
[176.222s][info ][gc,start     ] GC(311) Pause Young (Allocation Failure)
[176.222s][info ][gc,task      ] GC(311) Using 4 workers of 4 for evacuation
[176.225s][debug][gc,ref       ] GC(311) Skipped phase1 of Reference Processing due to unavailable references
[176.225s][debug][gc,ref       ] GC(311) Skipped phase2 of Reference Processing due to unavailable references
[176.225s][debug][gc,ref       ] GC(311) Skipped phase3 of Reference Processing due to unavailable references
[176.225s][debug][gc,ref       ] GC(311) Skipped phase4 of Reference Processing due to unavailable references
[176.226s][debug][gc,age       ] GC(311) Desired survivor size 15400960 bytes, new threshold 6 (max threshold 6)
[176.226s][info ][gc,heap      ] GC(311) ParNew: 241940K->962K(270976K)
[176.226s][info ][gc,heap      ] GC(311) CMS: 320974K->321086K(602112K)
[176.226s][info ][gc,metaspace ] GC(311) Metaspace: 61349K->61349K(1105920K)
[176.226s][info ][gc           ] GC(311) Pause Young (Allocation Failure) 549M->314M(852M) 3.399ms
[176.226s][info ][gc,cpu       ] GC(311) User=0.01s Sys=0.00s Real=0.00s
[176.226s][info ][safepoint    ] Leaving safepoint region
[176.226s][info ][safepoint    ] Total time for which application threads were stopped: 0.0035769 seconds, Stopping threads took: 0.0000424 seconds
[177.226s][info ][safepoint    ] Application time: 1.0001286 seconds
[177.226s][info ][safepoint    ] Entering safepoint region: Cleanup
[177.226s][info ][safepoint    ] Leaving safepoint region
[177.226s][info ][safepoint    ] Total time for which application threads were stopped: 0.0001058 seconds, Stopping threads took: 0.0000416 seconds
[178.226s][info ][safepoint    ] Application time: 1.0001251 seconds
[178.226s][info ][safepoint    ] Entering safepoint region: Cleanup
[178.226s][info ][safepoint    ] Leaving safepoint region
[178.226s][info ][safepoint    ] Total time for which application threads were stopped: 0.0001216 seconds, Stopping threads took: 0.0000498 seconds
[179.226s][info ][safepoint    ] Application time: 1.0000993 seconds
[179.226s][info ][safepoint    ] Entering safepoint region: Cleanup
[179.227s][info ][safepoint    ] Leaving safepoint region
[179.227s][info ][safepoint    ] Total time for which application threads were stopped: 0.0002600 seconds, Stopping threads took: 0.0001066 seconds
[179.970s][info ][safepoint    ] Application time: 0.7430817 seconds
[179.970s][info ][safepoint    ] Entering safepoint region: GenCollectForAllocation
[179.970s][info ][gc,start     ] GC(312) Pause Young (Allocation Failure)
[179.970s][info ][gc,task      ] GC(312) Using 4 workers of 4 for evacuation
[179.973s][debug][gc,ref       ] GC(312) Skipped phase1 of Reference Processing due to unavailable references
[179.973s][debug][gc,ref       ] GC(312) Skipped phase2 of Reference Processing due to unavailable references
[179.973s][debug][gc,ref       ] GC(312) Skipped phase3 of Reference Processing due to unavailable references
[179.973s][debug][gc,ref       ] GC(312) Skipped phase4 of Reference Processing due to unavailable references
[179.973s][debug][gc,age       ] GC(312) Desired survivor size 15400960 bytes, new threshold 6 (max threshold 6)
[179.973s][info ][gc,heap      ] GC(312) ParNew: 241858K->1377K(270976K)
[179.973s][info ][gc,heap      ] GC(312) CMS: 321086K->321212K(602112K)
[179.973s][info ][gc,metaspace ] GC(312) Metaspace: 61360K->61360K(1105920K)
[179.973s][info ][gc           ] GC(312) Pause Young (Allocation Failure) 549M->315M(852M) 3.083ms
[179.973s][info ][gc,cpu       ] GC(312) User=0.01s Sys=0.00s Real=0.00s
[179.973s][info ][safepoint    ] Leaving safepoint region
[179.973s][info ][safepoint    ] Total time for which application threads were stopped: 0.0032494 seconds, Stopping threads took: 0.0000410 seconds
[180.973s][info ][safepoint    ] Application time: 1.0001333 seconds
[180.973s][info ][safepoint    ] Entering safepoint region: Cleanup
[180.973s][info ][safepoint    ] Leaving safepoint region
[180.973s][info ][safepoint    ] Total time for which application threads were stopped: 0.0001204 seconds, Stopping threads took: 0.0000403 seconds
[181.973s][info ][safepoint    ] Application time: 1.0001276 seconds
[181.973s][info ][safepoint    ] Entering safepoint region: Cleanup
[181.974s][info ][safepoint    ] Leaving safepoint region
[181.974s][info ][safepoint    ] Total time for which application threads were stopped: 0.0001163 seconds, Stopping threads took: 0.0000450 seconds
[182.974s][info ][safepoint    ] Application time: 1.0000935 seconds
[182.974s][info ][safepoint    ] Entering safepoint region: Cleanup
[182.974s][info ][safepoint    ] Leaving safepoint region
[182.974s][info ][safepoint    ] Total time for which application threads were stopped: 0.0001156 seconds, Stopping threads took: 0.0000407 seconds
[183.726s][info ][safepoint    ] Application time: 0.7517724 seconds
[183.726s][info ][safepoint    ] Entering safepoint region: GenCollectForAllocation
[183.726s][info ][gc,start     ] GC(313) Pause Young (Allocation Failure)
[183.726s][info ][gc,task      ] GC(313) Using 4 workers of 4 for evacuation
[183.728s][debug][gc,ref       ] GC(313) Skipped phase1 of Reference Processing due to unavailable references
[183.728s][debug][gc,ref       ] GC(313) Skipped phase2 of Reference Processing due to unavailable references
[183.728s][debug][gc,ref       ] GC(313) Skipped phase3 of Reference Processing due to unavailable references
[183.728s][debug][gc,ref       ] GC(313) Skipped phase4 of Reference Processing due to unavailable references
[183.729s][debug][gc,age       ] GC(313) Desired survivor size 15400960 bytes, new threshold 6 (max threshold 6)
[183.729s][info ][gc,heap      ] GC(313) ParNew: 242273K->950K(270976K)
[183.729s][info ][gc,heap      ] GC(313) CMS: 321212K->321278K(602112K)
[183.729s][info ][gc,metaspace ] GC(313) Metaspace: 61360K->61360K(1105920K)
[183.729s][info ][gc           ] GC(313) Pause Young (Allocation Failure) 550M->314M(852M) 3.017ms
[183.729s][info ][gc,cpu       ] GC(313) User=0.01s Sys=0.00s Real=0.01s
[183.729s][info ][safepoint    ] Leaving safepoint region
[183.729s][info ][safepoint    ] Total time for which application threads were stopped: 0.0031833 seconds, Stopping threads took: 0.0000302 seconds
[184.729s][info ][safepoint    ] Application time: 1.0000913 seconds
[184.729s][info ][safepoint    ] Entering safepoint region: Cleanup
[184.729s][info ][safepoint    ] Leaving safepoint region
[184.729s][info ][safepoint    ] Total time for which application threads were stopped: 0.0000850 seconds, Stopping threads took: 0.0000159 seconds
[185.729s][info ][safepoint    ] Application time: 1.0001148 seconds
[185.729s][info ][safepoint    ] Entering safepoint region: Cleanup
[185.729s][info ][safepoint    ] Leaving safepoint region
[185.729s][info ][safepoint    ] Total time for which application threads were stopped: 0.0000849 seconds, Stopping threads took: 0.0000155 seconds
[186.729s][info ][safepoint    ] Application time: 1.0000962 seconds
[186.729s][info ][safepoint    ] Entering safepoint region: Cleanup
[186.730s][info ][safepoint    ] Leaving safepoint region
[186.730s][info ][safepoint    ] Total time for which application threads were stopped: 0.0001272 seconds, Stopping threads took: 0.0000586 seconds
[187.474s][info ][safepoint    ] Application time: 0.7440944 seconds
[187.474s][info ][safepoint    ] Entering safepoint region: GenCollectForAllocation
[187.474s][info ][gc,start     ] GC(314) Pause Young (Allocation Failure)
[187.474s][info ][gc,task      ] GC(314) Using 4 workers of 4 for evacuation
[187.476s][debug][gc,ref       ] GC(314) Skipped phase1 of Reference Processing due to unavailable references
[187.476s][debug][gc,ref       ] GC(314) Skipped phase2 of Reference Processing due to unavailable references
[187.477s][debug][gc,ref       ] GC(314) Skipped phase3 of Reference Processing due to unavailable references
[187.477s][debug][gc,ref       ] GC(314) Skipped phase4 of Reference Processing due to unavailable references
[187.477s][debug][gc,age       ] GC(314) Desired survivor size 15400960 bytes, new threshold 6 (max threshold 6)
[187.477s][info ][gc,heap      ] GC(314) ParNew: 241846K->1020K(270976K)
[187.477s][info ][gc,heap      ] GC(314) CMS: 321278K->321334K(602112K)
[187.477s][info ][gc,metaspace ] GC(314) Metaspace: 61363K->61363K(1105920K)
[187.477s][info ][gc           ] GC(314) Pause Young (Allocation Failure) 549M->314M(852M) 3.391ms
[187.477s][info ][gc,cpu       ] GC(314) User=0.02s Sys=0.00s Real=0.00s
[187.477s][info ][safepoint    ] Leaving safepoint region
[187.477s][info ][safepoint    ] Total time for which application threads were stopped: 0.0035417 seconds, Stopping threads took: 0.0000169 seconds
[188.477s][info ][safepoint    ] Application time: 1.0001234 seconds
[188.477s][info ][safepoint    ] Entering safepoint region: Cleanup
[188.477s][info ][safepoint    ] Leaving safepoint region
[188.477s][info ][safepoint    ] Total time for which application threads were stopped: 0.0001230 seconds, Stopping threads took: 0.0000443 seconds
[189.478s][info ][safepoint    ] Application time: 1.0001382 seconds
[189.478s][info ][safepoint    ] Entering safepoint region: Cleanup
[189.478s][info ][safepoint    ] Leaving safepoint region
[189.478s][info ][safepoint    ] Total time for which application threads were stopped: 0.0001761 seconds, Stopping threads took: 0.0000699 seconds
[190.478s][info ][safepoint    ] Application time: 1.0001209 seconds
[190.478s][info ][safepoint    ] Entering safepoint region: Cleanup
[190.478s][info ][safepoint    ] Leaving safepoint region
[190.478s][info ][safepoint    ] Total time for which application threads were stopped: 0.0001346 seconds, Stopping threads took: 0.0000642 seconds
[191.230s][info ][safepoint    ] Application time: 0.7516758 seconds
[191.230s][info ][safepoint    ] Entering safepoint region: GenCollectForAllocation
[191.230s][info ][gc,start     ] GC(315) Pause Young (Allocation Failure)
[191.230s][info ][gc,task      ] GC(315) Using 4 workers of 4 for evacuation
[191.233s][debug][gc,ref       ] GC(315) Skipped phase1 of Reference Processing due to unavailable references
[191.233s][debug][gc,ref       ] GC(315) Skipped phase2 of Reference Processing due to unavailable references
[191.233s][debug][gc,ref       ] GC(315) Skipped phase3 of Reference Processing due to unavailable references
[191.233s][debug][gc,ref       ] GC(315) Skipped phase4 of Reference Processing due to unavailable references
[191.234s][debug][gc,age       ] GC(315) Desired survivor size 15400960 bytes, new threshold 6 (max threshold 6)
[191.234s][info ][gc,heap      ] GC(315) ParNew: 241916K->1298K(270976K)
[191.234s][info ][gc,heap      ] GC(315) CMS: 321334K->321343K(602112K)
[191.234s][info ][gc,metaspace ] GC(315) Metaspace: 61366K->61366K(1105920K)
[191.234s][info ][gc           ] GC(315) Pause Young (Allocation Failure) 550M->315M(852M) 3.708ms
[191.234s][info ][gc,cpu       ] GC(315) User=0.02s Sys=0.00s Real=0.00s
[191.234s][info ][safepoint    ] Leaving safepoint region
[191.234s][info ][safepoint    ] Total time for which application threads were stopped: 0.0038732 seconds, Stopping threads took: 0.0000163 seconds
[192.234s][info ][safepoint    ] Application time: 1.0001036 seconds
[192.234s][info ][safepoint    ] Entering safepoint region: Cleanup
[192.234s][info ][safepoint    ] Leaving safepoint region
[192.234s][info ][safepoint    ] Total time for which application threads were stopped: 0.0000700 seconds, Stopping threads took: 0.0000162 seconds
[193.234s][info ][safepoint    ] Application time: 1.0001037 seconds
[193.234s][info ][safepoint    ] Entering safepoint region: Cleanup
[193.234s][info ][safepoint    ] Leaving safepoint region
[193.234s][info ][safepoint    ] Total time for which application threads were stopped: 0.0002397 seconds, Stopping threads took: 0.0000177 seconds
[194.234s][info ][safepoint    ] Application time: 1.0001134 seconds
[194.234s][info ][safepoint    ] Entering safepoint region: Cleanup
[194.235s][info ][safepoint    ] Leaving safepoint region
[194.235s][info ][safepoint    ] Total time for which application threads were stopped: 0.0000906 seconds, Stopping threads took: 0.0000166 seconds
[194.946s][info ][safepoint    ] Application time: 0.7115455 seconds
[194.946s][info ][safepoint    ] Entering safepoint region: GenCollectForAllocation
[194.946s][info ][gc,start     ] GC(316) Pause Young (Allocation Failure)
[194.946s][info ][gc,task      ] GC(316) Using 4 workers of 4 for evacuation
[194.949s][debug][gc,ref       ] GC(316) Skipped phase1 of Reference Processing due to unavailable references
[194.949s][debug][gc,ref       ] GC(316) Skipped phase2 of Reference Processing due to unavailable references
[194.949s][debug][gc,ref       ] GC(316) Skipped phase3 of Reference Processing due to unavailable references
[194.949s][debug][gc,ref       ] GC(316) Skipped phase4 of Reference Processing due to unavailable references
[194.949s][debug][gc,age       ] GC(316) Desired survivor size 15400960 bytes, new threshold 6 (max threshold 6)
[194.949s][info ][gc,heap      ] GC(316) ParNew: 242194K->1412K(270976K)
[194.949s][info ][gc,heap      ] GC(316) CMS: 321343K->321422K(602112K)
[194.949s][info ][gc,metaspace ] GC(316) Metaspace: 61368K->61368K(1105920K)
[194.949s][info ][gc           ] GC(316) Pause Young (Allocation Failure) 550M->315M(852M) 2.851ms
[194.949s][info ][gc,cpu       ] GC(316) User=0.02s Sys=0.00s Real=0.01s
[194.949s][info ][safepoint    ] Leaving safepoint region
[194.949s][info ][safepoint    ] Total time for which application threads were stopped: 0.0030212 seconds, Stopping threads took: 0.0000170 seconds
[195.949s][info ][safepoint    ] Application time: 1.0001374 seconds
[195.949s][info ][safepoint    ] Entering safepoint region: Cleanup
[195.949s][info ][safepoint    ] Leaving safepoint region
[195.949s][info ][safepoint    ] Total time for which application threads were stopped: 0.0000712 seconds, Stopping threads took: 0.0000171 seconds
[196.950s][info ][safepoint    ] Application time: 1.0001706 seconds
[196.950s][info ][safepoint    ] Entering safepoint region: Cleanup
[196.950s][info ][safepoint    ] Leaving safepoint region
[196.950s][info ][safepoint    ] Total time for which application threads were stopped: 0.0000731 seconds, Stopping threads took: 0.0000173 seconds
[197.950s][info ][safepoint    ] Application time: 1.0001162 seconds
[197.950s][info ][safepoint    ] Entering safepoint region: Cleanup
[197.950s][info ][safepoint    ] Leaving safepoint region
[197.950s][info ][safepoint    ] Total time for which application threads were stopped: 0.0000737 seconds, Stopping threads took: 0.0000174 seconds
[198.448s][info ][safepoint    ] Application time: 0.4981150 seconds
[198.448s][info ][safepoint    ] Entering safepoint region: GenCollectForAllocation
[198.448s][info ][gc,start     ] GC(317) Pause Young (Allocation Failure)
[198.448s][info ][gc,task      ] GC(317) Using 4 workers of 4 for evacuation
[198.451s][debug][gc,ref       ] GC(317) Skipped phase1 of Reference Processing due to unavailable references
[198.451s][debug][gc,ref       ] GC(317) Skipped phase2 of Reference Processing due to unavailable references
[198.451s][debug][gc,ref       ] GC(317) Skipped phase3 of Reference Processing due to unavailable references
[198.451s][debug][gc,ref       ] GC(317) Skipped phase4 of Reference Processing due to unavailable references
[198.451s][debug][gc,age       ] GC(317) Desired survivor size 15400960 bytes, new threshold 6 (max threshold 6)
[198.451s][info ][gc,heap      ] GC(317) ParNew: 242308K->1223K(270976K)
[198.451s][info ][gc,heap      ] GC(317) CMS: 321422K->321537K(602112K)
[198.451s][info ][gc,metaspace ] GC(317) Metaspace: 61379K->61379K(1105920K)
[198.451s][info ][gc           ] GC(317) Pause Young (Allocation Failure) 550M->315M(852M) 2.878ms
[198.451s][info ][gc,cpu       ] GC(317) User=0.01s Sys=0.00s Real=0.00s
[198.451s][info ][safepoint    ] Leaving safepoint region
[198.451s][info ][safepoint    ] Total time for which application threads were stopped: 0.0030585 seconds, Stopping threads took: 0.0000330 seconds
[199.451s][info ][safepoint    ] Application time: 1.0001321 seconds
[199.451s][info ][safepoint    ] Entering safepoint region: Cleanup
[199.451s][info ][safepoint    ] Leaving safepoint region
[199.451s][info ][safepoint    ] Total time for which application threads were stopped: 0.0000729 seconds, Stopping threads took: 0.0000160 seconds
[200.452s][info ][safepoint    ] Application time: 1.0001210 seconds
[200.452s][info ][safepoint    ] Entering safepoint region: Cleanup
[200.452s][info ][safepoint    ] Leaving safepoint region
[200.452s][info ][safepoint    ] Total time for which application threads were stopped: 0.0000629 seconds, Stopping threads took: 0.0000147 seconds
[201.452s][info ][safepoint    ] Application time: 1.0000609 seconds
[201.452s][info ][safepoint    ] Entering safepoint region: Cleanup
[201.452s][info ][safepoint    ] Leaving safepoint region
[201.452s][info ][safepoint    ] Total time for which application threads were stopped: 0.0000684 seconds, Stopping threads took: 0.0000186 seconds
[201.975s][info ][safepoint    ] Application time: 0.5230810 seconds
[201.975s][info ][safepoint    ] Entering safepoint region: GenCollectForAllocation
[201.975s][info ][gc,start     ] GC(318) Pause Young (Allocation Failure)
[201.975s][info ][gc,task      ] GC(318) Using 4 workers of 4 for evacuation
[201.978s][debug][gc,ref       ] GC(318) Skipped phase1 of Reference Processing due to unavailable references
[201.978s][debug][gc,ref       ] GC(318) Skipped phase2 of Reference Processing due to unavailable references
[201.978s][debug][gc,ref       ] GC(318) Skipped phase3 of Reference Processing due to unavailable references
[201.978s][debug][gc,ref       ] GC(318) Skipped phase4 of Reference Processing due to unavailable references
[201.978s][debug][gc,age       ] GC(318) Desired survivor size 15400960 bytes, new threshold 6 (max threshold 6)
[201.978s][info ][gc,heap      ] GC(318) ParNew: 242119K->1427K(270976K)
[201.978s][info ][gc,heap      ] GC(318) CMS: 321537K->321637K(602112K)
[201.978s][info ][gc,metaspace ] GC(318) Metaspace: 61380K->61380K(1105920K)
[201.978s][info ][gc           ] GC(318) Pause Young (Allocation Failure) 550M->315M(852M) 3.195ms
[201.978s][info ][gc,cpu       ] GC(318) User=0.01s Sys=0.00s Real=0.00s
[201.978s][info ][safepoint    ] Leaving safepoint region
[201.978s][info ][safepoint    ] Total time for which application threads were stopped: 0.0033434 seconds, Stopping threads took: 0.0000164 seconds
[202.978s][info ][safepoint    ] Application time: 1.0001101 seconds
[202.978s][info ][safepoint    ] Entering safepoint region: Cleanup
[202.978s][info ][safepoint    ] Leaving safepoint region
[202.979s][info ][safepoint    ] Total time for which application threads were stopped: 0.0000978 seconds, Stopping threads took: 0.0000405 seconds
[203.979s][info ][safepoint    ] Application time: 1.0001268 seconds
[203.979s][info ][safepoint    ] Entering safepoint region: Cleanup
[203.979s][info ][safepoint    ] Leaving safepoint region
[203.979s][info ][safepoint    ] Total time for which application threads were stopped: 0.0001039 seconds, Stopping threads took: 0.0000467 seconds
[204.979s][info ][safepoint    ] Application time: 1.0000910 seconds
[204.979s][info ][safepoint    ] Entering safepoint region: Cleanup
[204.979s][info ][safepoint    ] Leaving safepoint region
[204.979s][info ][safepoint    ] Total time for which application threads were stopped: 0.0000986 seconds, Stopping threads took: 0.0000394 seconds
[205.420s][info ][safepoint    ] Application time: 0.4405900 seconds
[205.420s][info ][safepoint    ] Entering safepoint region: GenCollectForAllocation
[205.420s][info ][gc,start     ] GC(319) Pause Young (Allocation Failure)
[205.420s][info ][gc,task      ] GC(319) Using 4 workers of 4 for evacuation
[205.424s][debug][gc,ref       ] GC(319) Skipped phase1 of Reference Processing due to unavailable references
[205.424s][debug][gc,ref       ] GC(319) Skipped phase2 of Reference Processing due to unavailable references
[205.424s][debug][gc,ref       ] GC(319) Skipped phase3 of Reference Processing due to unavailable references
[205.424s][debug][gc,ref       ] GC(319) Skipped phase4 of Reference Processing due to unavailable references
[205.425s][debug][gc,age       ] GC(319) Desired survivor size 15400960 bytes, new threshold 6 (max threshold 6)
[205.425s][info ][gc,heap      ] GC(319) ParNew: 242323K->1638K(270976K)
[205.425s][info ][gc,heap      ] GC(319) CMS: 321637K->321652K(602112K)
[205.425s][info ][gc,metaspace ] GC(319) Metaspace: 61380K->61380K(1105920K)
[205.425s][info ][gc           ] GC(319) Pause Young (Allocation Failure) 550M->315M(852M) 4.830ms
[205.425s][info ][gc,cpu       ] GC(319) User=0.01s Sys=0.00s Real=0.01s
[205.425s][info ][safepoint    ] Leaving safepoint region
[205.425s][info ][safepoint    ] Total time for which application threads were stopped: 0.0050676 seconds, Stopping threads took: 0.0000381 seconds
[206.425s][info ][safepoint    ] Application time: 1.0001019 seconds
[206.425s][info ][safepoint    ] Entering safepoint region: Cleanup
[206.425s][info ][safepoint    ] Leaving safepoint region
[206.425s][info ][safepoint    ] Total time for which application threads were stopped: 0.0001690 seconds, Stopping threads took: 0.0001059 seconds
[207.425s][info ][safepoint    ] Application time: 1.0000904 seconds
[207.425s][info ][safepoint    ] Entering safepoint region: Cleanup
[207.425s][info ][safepoint    ] Leaving safepoint region
[207.425s][info ][safepoint    ] Total time for which application threads were stopped: 0.0001162 seconds, Stopping threads took: 0.0000507 seconds
[207.661s][info ][safepoint    ] Application time: 0.2358010 seconds
[207.661s][info ][safepoint    ] Entering safepoint region: RevokeBias
[207.661s][info ][safepoint    ] Leaving safepoint region
[207.661s][info ][safepoint    ] Total time for which application threads were stopped: 0.0000669 seconds, Stopping threads took: 0.0000148 seconds
[208.963s][info ][safepoint    ] Application time: 1.3015016 seconds
[208.963s][info ][safepoint    ] Entering safepoint region: GenCollectForAllocation
[208.963s][info ][gc,start     ] GC(320) Pause Young (Allocation Failure)
[208.963s][info ][gc,task      ] GC(320) Using 4 workers of 4 for evacuation
[208.966s][debug][gc,ref       ] GC(320) Skipped phase1 of Reference Processing due to unavailable references
[208.966s][debug][gc,ref       ] GC(320) Skipped phase2 of Reference Processing due to unavailable references
[208.966s][debug][gc,ref       ] GC(320) Skipped phase3 of Reference Processing due to unavailable references
[208.966s][debug][gc,ref       ] GC(320) Skipped phase4 of Reference Processing due to unavailable references
[208.966s][debug][gc,age       ] GC(320) Desired survivor size 15400960 bytes, new threshold 6 (max threshold 6)
[208.966s][info ][gc,heap      ] GC(320) ParNew: 242534K->1461K(270976K)
[208.966s][info ][gc,heap      ] GC(320) CMS: 321652K->321732K(602112K)
[208.966s][info ][gc,metaspace ] GC(320) Metaspace: 61382K->61382K(1105920K)
[208.966s][info ][gc           ] GC(320) Pause Young (Allocation Failure) 550M->315M(852M) 3.272ms
[208.966s][info ][gc,cpu       ] GC(320) User=0.01s Sys=0.00s Real=0.00s
[208.966s][info ][safepoint    ] Leaving safepoint region
[208.966s][info ][safepoint    ] Total time for which application threads were stopped: 0.0034413 seconds, Stopping threads took: 0.0000534 seconds
[209.966s][info ][safepoint    ] Application time: 1.0001400 seconds
[209.966s][info ][safepoint    ] Entering safepoint region: Cleanup
[209.966s][info ][safepoint    ] Leaving safepoint region
[209.966s][info ][safepoint    ] Total time for which application threads were stopped: 0.0000738 seconds, Stopping threads took: 0.0000157 seconds
[210.967s][info ][safepoint    ] Application time: 1.0000934 seconds
[210.967s][info ][safepoint    ] Entering safepoint region: Cleanup
[210.967s][info ][safepoint    ] Leaving safepoint region
[210.967s][info ][safepoint    ] Total time for which application threads were stopped: 0.0000699 seconds, Stopping threads took: 0.0000161 seconds
[211.967s][info ][safepoint    ] Application time: 1.0001261 seconds
[211.967s][info ][safepoint    ] Entering safepoint region: Cleanup
[211.967s][info ][safepoint    ] Leaving safepoint region
[211.967s][info ][safepoint    ] Total time for which application threads were stopped: 0.0000689 seconds, Stopping threads took: 0.0000160 seconds
[212.475s][info ][safepoint    ] Application time: 0.5082746 seconds
[212.475s][info ][safepoint    ] Entering safepoint region: GenCollectForAllocation
[212.475s][info ][gc,start     ] GC(321) Pause Young (Allocation Failure)
[212.475s][info ][gc,task      ] GC(321) Using 4 workers of 4 for evacuation
[212.479s][debug][gc,ref       ] GC(321) Skipped phase1 of Reference Processing due to unavailable references
[212.479s][debug][gc,ref       ] GC(321) Skipped phase2 of Reference Processing due to unavailable references
[212.479s][debug][gc,ref       ] GC(321) Skipped phase3 of Reference Processing due to unavailable references
[212.479s][debug][gc,ref       ] GC(321) Skipped phase4 of Reference Processing due to unavailable references
[212.479s][debug][gc,age       ] GC(321) Desired survivor size 15400960 bytes, new threshold 6 (max threshold 6)
[212.479s][info ][gc,heap      ] GC(321) ParNew: 242357K->1310K(270976K)
[212.479s][info ][gc,heap      ] GC(321) CMS: 321732K->321769K(602112K)
[212.479s][info ][gc,metaspace ] GC(321) Metaspace: 61387K->61387K(1105920K)
[212.479s][info ][gc           ] GC(321) Pause Young (Allocation Failure) 550M->315M(852M) 3.819ms
[212.479s][info ][gc,cpu       ] GC(321) User=0.01s Sys=0.00s Real=0.00s
[212.479s][info ][safepoint    ] Leaving safepoint region
[212.479s][info ][safepoint    ] Total time for which application threads were stopped: 0.0039588 seconds, Stopping threads took: 0.0000167 seconds
[215.479s][info ][safepoint    ] Application time: 3.0002610 seconds
[215.479s][info ][safepoint    ] Entering safepoint region: Cleanup
[215.480s][info ][safepoint    ] Leaving safepoint region
[215.480s][info ][safepoint    ] Total time for which application threads were stopped: 0.0001462 seconds, Stopping threads took: 0.0000783 seconds
[216.020s][info ][safepoint    ] Application time: 0.5401913 seconds
[216.020s][info ][safepoint    ] Entering safepoint region: GenCollectForAllocation
[216.020s][info ][gc,start     ] GC(322) Pause Young (Allocation Failure)
[216.020s][info ][gc,task      ] GC(322) Using 4 workers of 4 for evacuation
[216.023s][debug][gc,ref       ] GC(322) Skipped phase1 of Reference Processing due to unavailable references
[216.023s][debug][gc,ref       ] GC(322) Skipped phase2 of Reference Processing due to unavailable references
[216.023s][debug][gc,ref       ] GC(322) Skipped phase3 of Reference Processing due to unavailable references
[216.023s][debug][gc,ref       ] GC(322) Skipped phase4 of Reference Processing due to unavailable references
[216.023s][debug][gc,age       ] GC(322) Desired survivor size 15400960 bytes, new threshold 6 (max threshold 6)
[216.023s][info ][gc,heap      ] GC(322) ParNew: 242206K->1352K(270976K)
[216.023s][info ][gc,heap      ] GC(322) CMS: 321769K->321838K(602112K)
[216.023s][info ][gc,metaspace ] GC(322) Metaspace: 61393K->61393K(1105920K)
[216.023s][info ][gc           ] GC(322) Pause Young (Allocation Failure) 550M->315M(852M) 3.366ms
[216.023s][info ][gc,cpu       ] GC(322) User=0.01s Sys=0.00s Real=0.01s
[216.023s][info ][safepoint    ] Leaving safepoint region
[216.023s][info ][safepoint    ] Total time for which application threads were stopped: 0.0035323 seconds, Stopping threads took: 0.0000386 seconds
[218.024s][info ][safepoint    ] Application time: 2.0001855 seconds
[218.024s][info ][safepoint    ] Entering safepoint region: Cleanup
[218.024s][info ][safepoint    ] Leaving safepoint region
[218.024s][info ][safepoint    ] Total time for which application threads were stopped: 0.0001686 seconds, Stopping threads took: 0.0000812 seconds
[219.024s][info ][safepoint    ] Application time: 1.0000973 seconds
[219.024s][info ][safepoint    ] Entering safepoint region: Cleanup
[219.024s][info ][safepoint    ] Leaving safepoint region
[219.024s][info ][safepoint    ] Total time for which application threads were stopped: 0.0001225 seconds, Stopping threads took: 0.0000580 seconds
[219.577s][info ][safepoint    ] Application time: 0.5527415 seconds
[219.577s][info ][safepoint    ] Entering safepoint region: GenCollectForAllocation
[219.577s][info ][gc,start     ] GC(323) Pause Young (Allocation Failure)
[219.577s][info ][gc,task      ] GC(323) Using 4 workers of 4 for evacuation
[219.589s][debug][gc,ref       ] GC(323) Skipped phase1 of Reference Processing due to unavailable references
[219.589s][debug][gc,ref       ] GC(323) Skipped phase2 of Reference Processing due to unavailable references
[219.589s][debug][gc,ref       ] GC(323) Skipped phase3 of Reference Processing due to unavailable references
[219.589s][debug][gc,ref       ] GC(323) Skipped phase4 of Reference Processing due to unavailable references
[219.589s][debug][gc,age       ] GC(323) Desired survivor size 15400960 bytes, new threshold 6 (max threshold 6)
[219.589s][info ][gc,heap      ] GC(323) ParNew: 242248K->1618K(270976K)
[219.589s][info ][gc,heap      ] GC(323) CMS: 321838K->321945K(602112K)
[219.589s][info ][gc,metaspace ] GC(323) Metaspace: 61395K->61395K(1105920K)
[219.589s][info ][gc           ] GC(323) Pause Young (Allocation Failure) 550M->315M(852M) 12.207ms
[219.589s][info ][gc,cpu       ] GC(323) User=0.02s Sys=0.00s Real=0.02s
[219.589s][info ][safepoint    ] Leaving safepoint region
[219.589s][info ][safepoint    ] Total time for which application threads were stopped: 0.0123722 seconds, Stopping threads took: 0.0000188 seconds
[220.592s][info ][safepoint    ] Application time: 1.0030215 seconds
[220.592s][info ][safepoint    ] Entering safepoint region: Cleanup
[220.592s][info ][safepoint    ] Leaving safepoint region
[220.592s][info ][safepoint    ] Total time for which application threads were stopped: 0.0000811 seconds, Stopping threads took: 0.0000173 seconds
[221.592s][info ][safepoint    ] Application time: 1.0000846 seconds
[221.592s][info ][safepoint    ] Entering safepoint region: Cleanup
[221.593s][info ][safepoint    ] Leaving safepoint region
[221.593s][info ][safepoint    ] Total time for which application threads were stopped: 0.0000789 seconds, Stopping threads took: 0.0000190 seconds
[222.593s][info ][safepoint    ] Application time: 1.0000940 seconds
[222.593s][info ][safepoint    ] Entering safepoint region: Cleanup
[222.593s][info ][safepoint    ] Leaving safepoint region
[222.593s][info ][safepoint    ] Total time for which application threads were stopped: 0.0000769 seconds, Stopping threads took: 0.0000175 seconds
[222.979s][info ][safepoint    ] Application time: 0.3860059 seconds
[222.979s][info ][safepoint    ] Entering safepoint region: GenCollectForAllocation
[222.979s][info ][gc,start     ] GC(324) Pause Young (Allocation Failure)
[222.979s][info ][gc,task      ] GC(324) Using 4 workers of 4 for evacuation
[222.988s][debug][gc,ref       ] GC(324) Skipped phase1 of Reference Processing due to unavailable references
[222.988s][debug][gc,ref       ] GC(324) Skipped phase2 of Reference Processing due to unavailable references
[222.988s][debug][gc,ref       ] GC(324) Skipped phase3 of Reference Processing due to unavailable references
[222.988s][debug][gc,ref       ] GC(324) Skipped phase4 of Reference Processing due to unavailable references
[222.989s][debug][gc,age       ] GC(324) Desired survivor size 15400960 bytes, new threshold 6 (max threshold 6)
[222.989s][info ][gc,heap      ] GC(324) ParNew: 242514K->1718K(270976K)
[222.989s][info ][gc,heap      ] GC(324) CMS: 321945K->321988K(602112K)
[222.989s][info ][gc,metaspace ] GC(324) Metaspace: 61397K->61397K(1105920K)
[222.989s][info ][gc           ] GC(324) Pause Young (Allocation Failure) 551M->316M(852M) 9.651ms
[222.989s][info ][gc,cpu       ] GC(324) User=0.01s Sys=0.00s Real=0.02s
[222.989s][info ][safepoint    ] Leaving safepoint region
[222.989s][info ][safepoint    ] Total time for which application threads were stopped: 0.0098330 seconds, Stopping threads took: 0.0000172 seconds
[223.989s][info ][safepoint    ] Application time: 1.0001041 seconds
[223.989s][info ][safepoint    ] Entering safepoint region: Cleanup
[223.989s][info ][safepoint    ] Leaving safepoint region
[223.989s][info ][safepoint    ] Total time for which application threads were stopped: 0.0001272 seconds, Stopping threads took: 0.0000173 seconds
[225.989s][info ][safepoint    ] Application time: 2.0002071 seconds
[225.989s][info ][safepoint    ] Entering safepoint region: Cleanup
[225.989s][info ][safepoint    ] Leaving safepoint region
[225.989s][info ][safepoint    ] Total time for which application threads were stopped: 0.0000750 seconds, Stopping threads took: 0.0000161 seconds
[226.322s][info ][safepoint    ] Application time: 0.3332168 seconds
[226.323s][info ][safepoint    ] Entering safepoint region: GenCollectForAllocation
[226.323s][info ][gc,start     ] GC(325) Pause Young (Allocation Failure)
[226.323s][info ][gc,task      ] GC(325) Using 4 workers of 4 for evacuation
[226.325s][debug][gc,ref       ] GC(325) Skipped phase1 of Reference Processing due to unavailable references
[226.325s][debug][gc,ref       ] GC(325) Skipped phase2 of Reference Processing due to unavailable references
[226.325s][debug][gc,ref       ] GC(325) Skipped phase3 of Reference Processing due to unavailable references
[226.326s][debug][gc,ref       ] GC(325) Skipped phase4 of Reference Processing due to unavailable references
[226.326s][debug][gc,age       ] GC(325) Desired survivor size 15400960 bytes, new threshold 6 (max threshold 6)
[226.326s][info ][gc,heap      ] GC(325) ParNew: 242614K->2154K(270976K)
[226.326s][info ][gc,heap      ] GC(325) CMS: 321988K->322009K(602112K)
[226.326s][info ][gc,metaspace ] GC(325) Metaspace: 61426K->61426K(1105920K)
[226.326s][info ][gc           ] GC(325) Pause Young (Allocation Failure) 551M->316M(852M) 3.085ms
[226.326s][info ][gc,cpu       ] GC(325) User=0.01s Sys=0.00s Real=0.00s
[226.326s][info ][safepoint    ] Leaving safepoint region
[226.326s][info ][safepoint    ] Total time for which application threads were stopped: 0.0033455 seconds, Stopping threads took: 0.0000520 seconds
[227.326s][info ][safepoint    ] Application time: 1.0000981 seconds
[227.326s][info ][safepoint    ] Entering safepoint region: Cleanup
[227.326s][info ][safepoint    ] Leaving safepoint region
[227.326s][info ][safepoint    ] Total time for which application threads were stopped: 0.0001384 seconds, Stopping threads took: 0.0000753 seconds
[228.326s][info ][safepoint    ] Application time: 1.0000947 seconds
[228.326s][info ][safepoint    ] Entering safepoint region: Cleanup
[228.326s][info ][safepoint    ] Leaving safepoint region
[228.326s][info ][safepoint    ] Total time for which application threads were stopped: 0.0001408 seconds, Stopping threads took: 0.0000629 seconds
[229.327s][info ][safepoint    ] Application time: 1.0001162 seconds
[229.327s][info ][safepoint    ] Entering safepoint region: Cleanup
[229.327s][info ][safepoint    ] Leaving safepoint region
[229.327s][info ][safepoint    ] Total time for which application threads were stopped: 0.0001012 seconds, Stopping threads took: 0.0000394 seconds
[229.824s][info ][safepoint    ] Application time: 0.4971665 seconds
[229.824s][info ][safepoint    ] Entering safepoint region: GenCollectForAllocation
[229.824s][info ][gc,start     ] GC(326) Pause Young (Allocation Failure)
[229.824s][info ][gc,task      ] GC(326) Using 4 workers of 4 for evacuation
[229.827s][debug][gc,ref       ] GC(326) Skipped phase1 of Reference Processing due to unavailable references
[229.827s][debug][gc,ref       ] GC(326) Skipped phase2 of Reference Processing due to unavailable references
[229.827s][debug][gc,ref       ] GC(326) Skipped phase3 of Reference Processing due to unavailable references
[229.827s][debug][gc,ref       ] GC(326) Skipped phase4 of Reference Processing due to unavailable references
[229.827s][debug][gc,age       ] GC(326) Desired survivor size 15400960 bytes, new threshold 6 (max threshold 6)
[229.827s][info ][gc,heap      ] GC(326) ParNew: 243050K->2329K(270976K)
[229.827s][info ][gc,heap      ] GC(326) CMS: 322009K->322024K(602112K)
[229.827s][info ][gc,metaspace ] GC(326) Metaspace: 61427K->61427K(1105920K)
[229.827s][info ][gc           ] GC(326) Pause Young (Allocation Failure) 551M->316M(852M) 3.111ms
[229.827s][info ][gc,cpu       ] GC(326) User=0.01s Sys=0.00s Real=0.00s
[229.827s][info ][safepoint    ] Leaving safepoint region
[229.827s][info ][safepoint    ] Total time for which application threads were stopped: 0.0032507 seconds, Stopping threads took: 0.0000156 seconds
[231.827s][info ][safepoint    ] Application time: 2.0003284 seconds
[231.828s][info ][safepoint    ] Entering safepoint region: Cleanup
[231.828s][info ][safepoint    ] Leaving safepoint region
[231.828s][info ][safepoint    ] Total time for which application threads were stopped: 0.0001038 seconds, Stopping threads took: 0.0000408 seconds
[232.828s][info ][safepoint    ] Application time: 1.0001200 seconds
[232.828s][info ][safepoint    ] Entering safepoint region: Cleanup
[232.828s][info ][safepoint    ] Leaving safepoint region
[232.828s][info ][safepoint    ] Total time for which application threads were stopped: 0.0001026 seconds, Stopping threads took: 0.0000384 seconds
[233.178s][info ][safepoint    ] Application time: 0.3497738 seconds
[233.178s][info ][safepoint    ] Entering safepoint region: GenCollectForAllocation
[233.178s][info ][gc,start     ] GC(327) Pause Young (Allocation Failure)
[233.178s][info ][gc,task      ] GC(327) Using 4 workers of 4 for evacuation
[233.181s][debug][gc,ref       ] GC(327) Skipped phase1 of Reference Processing due to unavailable references
[233.181s][debug][gc,ref       ] GC(327) Skipped phase2 of Reference Processing due to unavailable references
[233.181s][debug][gc,ref       ] GC(327) Skipped phase3 of Reference Processing due to unavailable references
[233.181s][debug][gc,ref       ] GC(327) Skipped phase4 of Reference Processing due to unavailable references
[233.182s][debug][gc,age       ] GC(327) Desired survivor size 15400960 bytes, new threshold 6 (max threshold 6)
[233.182s][info ][gc,heap      ] GC(327) ParNew: 243225K->2192K(270976K)
[233.182s][info ][gc,heap      ] GC(327) CMS: 322024K->322115K(602112K)
[233.182s][info ][gc,metaspace ] GC(327) Metaspace: 61430K->61430K(1105920K)
[233.182s][info ][gc           ] GC(327) Pause Young (Allocation Failure) 552M->316M(852M) 3.917ms
[233.182s][info ][gc,cpu       ] GC(327) User=0.01s Sys=0.00s Real=0.01s
[233.182s][info ][safepoint    ] Leaving safepoint region
[233.182s][info ][safepoint    ] Total time for which application threads were stopped: 0.0040581 seconds, Stopping threads took: 0.0000159 seconds
[234.182s][info ][safepoint    ] Application time: 1.0001393 seconds
[234.182s][info ][safepoint    ] Entering safepoint region: Cleanup
[234.182s][info ][safepoint    ] Leaving safepoint region
[234.182s][info ][safepoint    ] Total time for which application threads were stopped: 0.0001575 seconds, Stopping threads took: 0.0000506 seconds
[235.182s][info ][safepoint    ] Application time: 1.0000829 seconds
[235.182s][info ][safepoint    ] Entering safepoint region: Cleanup
[235.182s][info ][safepoint    ] Leaving safepoint region
[235.182s][info ][safepoint    ] Total time for which application threads were stopped: 0.0000818 seconds, Stopping threads took: 0.0000151 seconds
[236.182s][info ][safepoint    ] Application time: 1.0000770 seconds
[236.182s][info ][safepoint    ] Entering safepoint region: Cleanup
[236.183s][info ][safepoint    ] Leaving safepoint region
[236.183s][info ][safepoint    ] Total time for which application threads were stopped: 0.0001594 seconds, Stopping threads took: 0.0000906 seconds
[236.668s][info ][safepoint    ] Application time: 0.4857565 seconds
[236.668s][info ][safepoint    ] Entering safepoint region: GenCollectForAllocation
[236.668s][info ][gc,start     ] GC(328) Pause Young (Allocation Failure)
[236.669s][info ][gc,task      ] GC(328) Using 4 workers of 4 for evacuation
[236.673s][debug][gc,ref       ] GC(328) Skipped phase1 of Reference Processing due to unavailable references
[236.673s][debug][gc,ref       ] GC(328) Skipped phase2 of Reference Processing due to unavailable references
[236.673s][debug][gc,ref       ] GC(328) Skipped phase3 of Reference Processing due to unavailable references
[236.673s][debug][gc,ref       ] GC(328) Skipped phase4 of Reference Processing due to unavailable references
[236.673s][debug][gc,age       ] GC(328) Desired survivor size 15400960 bytes, new threshold 6 (max threshold 6)
[236.674s][info ][gc,heap      ] GC(328) ParNew: 243088K->1935K(270976K)
[236.674s][info ][gc,heap      ] GC(328) CMS: 322115K->322188K(602112K)
[236.674s][info ][gc,metaspace ] GC(328) Metaspace: 61436K->61436K(1105920K)
[236.674s][info ][gc           ] GC(328) Pause Young (Allocation Failure) 551M->316M(852M) 5.036ms
[236.674s][info ][gc,cpu       ] GC(328) User=0.01s Sys=0.00s Real=0.00s
[236.674s][info ][safepoint    ] Leaving safepoint region
[236.674s][info ][safepoint    ] Total time for which application threads were stopped: 0.0052501 seconds, Stopping threads took: 0.0000164 seconds
[237.674s][info ][safepoint    ] Application time: 1.0001067 seconds
[237.674s][info ][safepoint    ] Entering safepoint region: Cleanup
[237.674s][info ][safepoint    ] Leaving safepoint region
[237.674s][info ][safepoint    ] Total time for which application threads were stopped: 0.0001135 seconds, Stopping threads took: 0.0000460 seconds
[240.020s][info ][safepoint    ] Application time: 2.3463179 seconds
[240.020s][info ][safepoint    ] Entering safepoint region: GenCollectForAllocation
[240.020s][info ][gc,start     ] GC(329) Pause Young (Allocation Failure)
[240.020s][info ][gc,task      ] GC(329) Using 4 workers of 4 for evacuation
[240.023s][debug][gc,ref       ] GC(329) Skipped phase1 of Reference Processing due to unavailable references
[240.023s][debug][gc,ref       ] GC(329) Skipped phase3 of Reference Processing due to unavailable references
[240.023s][debug][gc,age       ] GC(329) Desired survivor size 15400960 bytes, new threshold 6 (max threshold 6)
[240.023s][info ][gc,heap      ] GC(329) ParNew: 242831K->2321K(270976K)
[240.023s][info ][gc,heap      ] GC(329) CMS: 322188K->322324K(602112K)
[240.023s][info ][gc,metaspace ] GC(329) Metaspace: 61438K->61438K(1105920K)
[240.024s][info ][gc           ] GC(329) Pause Young (Allocation Failure) 551M->317M(852M) 3.241ms
[240.024s][info ][gc,cpu       ] GC(329) User=0.01s Sys=0.00s Real=0.00s
[240.024s][info ][safepoint    ] Leaving safepoint region
[240.024s][info ][safepoint    ] Total time for which application threads were stopped: 0.0033951 seconds, Stopping threads took: 0.0000421 seconds
[241.024s][info ][safepoint    ] Application time: 1.0001377 seconds
[241.024s][info ][safepoint    ] Entering safepoint region: Cleanup
[241.024s][info ][safepoint    ] Leaving safepoint region
[241.024s][info ][safepoint    ] Total time for which application threads were stopped: 0.0002284 seconds, Stopping threads took: 0.0001632 seconds
[242.024s][info ][safepoint    ] Application time: 1.0000991 seconds
[242.024s][info ][safepoint    ] Entering safepoint region: Cleanup
[242.024s][info ][safepoint    ] Leaving safepoint region
[242.024s][info ][safepoint    ] Total time for which application threads were stopped: 0.0001407 seconds, Stopping threads took: 0.0000784 seconds
[243.324s][info ][safepoint    ] Application time: 1.3001005 seconds
[243.324s][info ][safepoint    ] Entering safepoint region: GenCollectForAllocation
[243.325s][info ][gc,start     ] GC(330) Pause Young (Allocation Failure)
[243.325s][info ][gc,task      ] GC(330) Using 4 workers of 4 for evacuation
[243.327s][debug][gc,ref       ] GC(330) Skipped phase1 of Reference Processing due to unavailable references
[243.327s][debug][gc,ref       ] GC(330) Skipped phase2 of Reference Processing due to unavailable references
[243.327s][debug][gc,ref       ] GC(330) Skipped phase3 of Reference Processing due to unavailable references
[243.327s][debug][gc,ref       ] GC(330) Skipped phase4 of Reference Processing due to unavailable references
[243.328s][debug][gc,age       ] GC(330) Desired survivor size 15400960 bytes, new threshold 6 (max threshold 6)
[243.328s][info ][gc,heap      ] GC(330) ParNew: 243217K->1913K(270976K)
[243.328s][info ][gc,heap      ] GC(330) CMS: 322324K->322510K(602112K)
[243.328s][info ][gc,metaspace ] GC(330) Metaspace: 61442K->61442K(1105920K)
[243.328s][info ][gc           ] GC(330) Pause Young (Allocation Failure) 552M->316M(852M) 3.178ms
[243.328s][info ][gc,cpu       ] GC(330) User=0.01s Sys=0.01s Real=0.00s
[243.328s][info ][safepoint    ] Leaving safepoint region
[243.328s][info ][safepoint    ] Total time for which application threads were stopped: 0.0033381 seconds, Stopping threads took: 0.0000375 seconds
[244.328s][info ][safepoint    ] Application time: 1.0001144 seconds
[244.328s][info ][safepoint    ] Entering safepoint region: Cleanup
[244.328s][info ][safepoint    ] Leaving safepoint region
[244.328s][info ][safepoint    ] Total time for which application threads were stopped: 0.0001508 seconds, Stopping threads took: 0.0000750 seconds
[245.328s][info ][safepoint    ] Application time: 1.0000895 seconds
[245.328s][info ][safepoint    ] Entering safepoint region: Cleanup
[245.328s][info ][safepoint    ] Leaving safepoint region
[245.328s][info ][safepoint    ] Total time for which application threads were stopped: 0.0001245 seconds, Stopping threads took: 0.0000580 seconds
[246.328s][info ][safepoint    ] Application time: 1.0000959 seconds
[246.328s][info ][safepoint    ] Entering safepoint region: Cleanup
[246.329s][info ][safepoint    ] Leaving safepoint region
[246.329s][info ][safepoint    ] Total time for which application threads were stopped: 0.0003484 seconds, Stopping threads took: 0.0000564 seconds
[246.825s][info ][safepoint    ] Application time: 0.4961388 seconds
[246.825s][info ][safepoint    ] Entering safepoint region: GenCollectForAllocation
[246.825s][info ][gc,start     ] GC(331) Pause Young (Allocation Failure)
[246.825s][info ][gc,task      ] GC(331) Using 4 workers of 4 for evacuation
[246.828s][debug][gc,ref       ] GC(331) Skipped phase1 of Reference Processing due to unavailable references
[246.828s][debug][gc,ref       ] GC(331) Skipped phase2 of Reference Processing due to unavailable references
[246.828s][debug][gc,ref       ] GC(331) Skipped phase3 of Reference Processing due to unavailable references
[246.828s][debug][gc,ref       ] GC(331) Skipped phase4 of Reference Processing due to unavailable references
[246.828s][debug][gc,age       ] GC(331) Desired survivor size 15400960 bytes, new threshold 6 (max threshold 6)
[246.829s][info ][gc,heap      ] GC(331) ParNew: 242809K->1802K(270976K)
[246.829s][info ][gc,heap      ] GC(331) CMS: 322510K->322735K(602112K)
[246.829s][info ][gc,metaspace ] GC(331) Metaspace: 61444K->61444K(1105920K)
[246.829s][info ][gc           ] GC(331) Pause Young (Allocation Failure) 552M->316M(852M) 3.587ms
[246.829s][info ][gc,cpu       ] GC(331) User=0.01s Sys=0.00s Real=0.01s
[246.829s][info ][safepoint    ] Leaving safepoint region
[246.829s][info ][safepoint    ] Total time for which application threads were stopped: 0.0037402 seconds, Stopping threads took: 0.0000156 seconds
[248.829s][info ][safepoint    ] Application time: 2.0002864 seconds
[248.829s][info ][safepoint    ] Entering safepoint region: Cleanup
[248.829s][info ][safepoint    ] Leaving safepoint region
[248.829s][info ][safepoint    ] Total time for which application threads were stopped: 0.0000859 seconds, Stopping threads took: 0.0000320 seconds
[249.829s][info ][safepoint    ] Application time: 1.0001263 seconds
[249.829s][info ][safepoint    ] Entering safepoint region: Cleanup
[249.829s][info ][safepoint    ] Leaving safepoint region
[249.829s][info ][safepoint    ] Total time for which application threads were stopped: 0.0001135 seconds, Stopping threads took: 0.0000387 seconds
[250.470s][info ][safepoint    ] Application time: 0.6403808 seconds
[250.470s][info ][safepoint    ] Entering safepoint region: GenCollectForAllocation
[250.470s][info ][gc,start     ] GC(332) Pause Young (Allocation Failure)
[250.470s][info ][gc,task      ] GC(332) Using 4 workers of 4 for evacuation
[250.472s][debug][gc,ref       ] GC(332) Skipped phase1 of Reference Processing due to unavailable references
[250.473s][debug][gc,ref       ] GC(332) Skipped phase2 of Reference Processing due to unavailable references
[250.473s][debug][gc,ref       ] GC(332) Skipped phase3 of Reference Processing due to unavailable references
[250.473s][debug][gc,ref       ] GC(332) Skipped phase4 of Reference Processing due to unavailable references
[250.473s][debug][gc,age       ] GC(332) Desired survivor size 15400960 bytes, new threshold 6 (max threshold 6)
[250.473s][info ][gc,heap      ] GC(332) ParNew: 242698K->1381K(270976K)
[250.473s][info ][gc,heap      ] GC(332) CMS: 322735K->322751K(602112K)
[250.473s][info ][gc,metaspace ] GC(332) Metaspace: 61459K->61459K(1105920K)
[250.473s][info ][gc           ] GC(332) Pause Young (Allocation Failure) 552M->316M(852M) 2.837ms
[250.473s][info ][gc,cpu       ] GC(332) User=0.02s Sys=0.00s Real=0.00s
[250.473s][info ][safepoint    ] Leaving safepoint region
[250.473s][info ][safepoint    ] Total time for which application threads were stopped: 0.0029982 seconds, Stopping threads took: 0.0000392 seconds
[251.473s][info ][safepoint    ] Application time: 1.0001037 seconds
[251.473s][info ][safepoint    ] Entering safepoint region: Cleanup
[251.473s][info ][safepoint    ] Leaving safepoint region
[251.473s][info ][safepoint    ] Total time for which application threads were stopped: 0.0000932 seconds, Stopping threads took: 0.0000407 seconds
[252.473s][info ][safepoint    ] Application time: 1.0000890 seconds
[252.473s][info ][safepoint    ] Entering safepoint region: Cleanup
[252.473s][info ][safepoint    ] Leaving safepoint region
[252.473s][info ][safepoint    ] Total time for which application threads were stopped: 0.0001310 seconds, Stopping threads took: 0.0000409 seconds
[253.473s][info ][safepoint    ] Application time: 1.0001183 seconds
[253.474s][info ][safepoint    ] Entering safepoint region: Cleanup
[253.474s][info ][safepoint    ] Leaving safepoint region
[253.474s][info ][safepoint    ] Total time for which application threads were stopped: 0.0003803 seconds, Stopping threads took: 0.0003115 seconds
[254.230s][info ][safepoint    ] Application time: 0.7563312 seconds
[254.230s][info ][safepoint    ] Entering safepoint region: GenCollectForAllocation
[254.230s][info ][gc,start     ] GC(333) Pause Young (Allocation Failure)
[254.230s][info ][gc,task      ] GC(333) Using 4 workers of 4 for evacuation
[254.233s][debug][gc,ref       ] GC(333) Skipped phase1 of Reference Processing due to unavailable references
[254.233s][debug][gc,ref       ] GC(333) Skipped phase2 of Reference Processing due to unavailable references
[254.233s][debug][gc,ref       ] GC(333) Skipped phase3 of Reference Processing due to unavailable references
[254.233s][debug][gc,ref       ] GC(333) Skipped phase4 of Reference Processing due to unavailable references
[254.233s][debug][gc,age       ] GC(333) Desired survivor size 15400960 bytes, new threshold 6 (max threshold 6)
[254.233s][info ][gc,heap      ] GC(333) ParNew: 242277K->1234K(270976K)
[254.233s][info ][gc,heap      ] GC(333) CMS: 322751K->323101K(602112K)
[254.233s][info ][gc,metaspace ] GC(333) Metaspace: 61463K->61463K(1105920K)
[254.233s][info ][gc           ] GC(333) Pause Young (Allocation Failure) 551M->316M(852M) 3.004ms
[254.233s][info ][gc,cpu       ] GC(333) User=0.01s Sys=0.00s Real=0.00s
[254.233s][info ][safepoint    ] Leaving safepoint region
[254.233s][info ][safepoint    ] Total time for which application threads were stopped: 0.0031551 seconds, Stopping threads took: 0.0000170 seconds
[255.233s][info ][safepoint    ] Application time: 1.0000830 seconds
[255.234s][info ][safepoint    ] Entering safepoint region: Cleanup
[255.234s][info ][safepoint    ] Leaving safepoint region
[255.234s][info ][safepoint    ] Total time for which application threads were stopped: 0.0000808 seconds, Stopping threads took: 0.0000165 seconds
[256.234s][info ][safepoint    ] Application time: 1.0000911 seconds
[256.234s][info ][safepoint    ] Entering safepoint region: Cleanup
[256.234s][info ][safepoint    ] Leaving safepoint region
[256.234s][info ][safepoint    ] Total time for which application threads were stopped: 0.0001242 seconds, Stopping threads took: 0.0000713 seconds
[257.234s][info ][safepoint    ] Application time: 1.0001001 seconds
[257.234s][info ][safepoint    ] Entering safepoint region: Cleanup
[257.234s][info ][safepoint    ] Leaving safepoint region
[257.234s][info ][safepoint    ] Total time for which application threads were stopped: 0.0000946 seconds, Stopping threads took: 0.0000173 seconds
[258.019s][info ][safepoint    ] Application time: 0.7849825 seconds
[258.019s][info ][safepoint    ] Entering safepoint region: GenCollectForAllocation
[258.019s][info ][gc,start     ] GC(334) Pause Young (Allocation Failure)
[258.019s][info ][gc,task      ] GC(334) Using 4 workers of 4 for evacuation
[258.024s][debug][gc,ref       ] GC(334) Skipped phase1 of Reference Processing due to unavailable references
[258.024s][debug][gc,ref       ] GC(334) Skipped phase2 of Reference Processing due to unavailable references
[258.024s][debug][gc,ref       ] GC(334) Skipped phase3 of Reference Processing due to unavailable references
[258.024s][debug][gc,ref       ] GC(334) Skipped phase4 of Reference Processing due to unavailable references
[258.024s][debug][gc,age       ] GC(334) Desired survivor size 15400960 bytes, new threshold 6 (max threshold 6)
[258.024s][info ][gc,heap      ] GC(334) ParNew: 242130K->1027K(270976K)
[258.024s][info ][gc,heap      ] GC(334) CMS: 323101K->323214K(602112K)
[258.024s][info ][gc,metaspace ] GC(334) Metaspace: 61465K->61465K(1105920K)
[258.024s][info ][gc           ] GC(334) Pause Young (Allocation Failure) 551M->316M(852M) 4.535ms
[258.024s][info ][gc,cpu       ] GC(334) User=0.01s Sys=0.00s Real=0.01s
[258.024s][info ][safepoint    ] Leaving safepoint region
[258.024s][info ][safepoint    ] Total time for which application threads were stopped: 0.0047099 seconds, Stopping threads took: 0.0000426 seconds
[259.024s][info ][safepoint    ] Application time: 1.0001001 seconds
[259.024s][info ][safepoint    ] Entering safepoint region: Cleanup
[259.024s][info ][safepoint    ] Leaving safepoint region
[259.024s][info ][safepoint    ] Total time for which application threads were stopped: 0.0001327 seconds, Stopping threads took: 0.0000704 seconds
[260.024s][info ][safepoint    ] Application time: 1.0000872 seconds
[260.030s][info ][safepoint    ] Entering safepoint region: Cleanup
[260.030s][info ][safepoint    ] Leaving safepoint region
[260.030s][info ][safepoint    ] Total time for which application threads were stopped: 0.0059774 seconds, Stopping threads took: 0.0059096 seconds
[261.030s][info ][safepoint    ] Application time: 1.0000603 seconds
[261.030s][info ][safepoint    ] Entering safepoint region: Cleanup
[261.030s][info ][safepoint    ] Leaving safepoint region
[261.030s][info ][safepoint    ] Total time for which application threads were stopped: 0.0000797 seconds, Stopping threads took: 0.0000158 seconds
[261.769s][info ][safepoint    ] Application time: 0.7386949 seconds
[261.769s][info ][safepoint    ] Entering safepoint region: GenCollectForAllocation
[261.770s][info ][gc,start     ] GC(335) Pause Young (Allocation Failure)
[261.770s][info ][gc,task      ] GC(335) Using 4 workers of 4 for evacuation
[261.772s][debug][gc,ref       ] GC(335) Skipped phase1 of Reference Processing due to unavailable references
[261.772s][debug][gc,ref       ] GC(335) Skipped phase2 of Reference Processing due to unavailable references
[261.772s][debug][gc,ref       ] GC(335) Skipped phase3 of Reference Processing due to unavailable references
[261.772s][debug][gc,ref       ] GC(335) Skipped phase4 of Reference Processing due to unavailable references
[261.772s][debug][gc,age       ] GC(335) Desired survivor size 15400960 bytes, new threshold 6 (max threshold 6)
[261.772s][info ][gc,heap      ] GC(335) ParNew: 241923K->1355K(270976K)
[261.772s][info ][gc,heap      ] GC(335) CMS: 323214K->323302K(602112K)
[261.772s][info ][gc,metaspace ] GC(335) Metaspace: 61475K->61475K(1105920K)
[261.772s][info ][gc           ] GC(335) Pause Young (Allocation Failure) 551M->317M(852M) 2.880ms
[261.772s][info ][gc,cpu       ] GC(335) User=0.01s Sys=0.00s Real=0.00s
[261.772s][info ][safepoint    ] Leaving safepoint region
[261.772s][info ][safepoint    ] Total time for which application threads were stopped: 0.0032859 seconds, Stopping threads took: 0.0002884 seconds
[262.773s][info ][safepoint    ] Application time: 1.0001026 seconds
[262.773s][info ][safepoint    ] Entering safepoint region: Cleanup
[262.773s][info ][safepoint    ] Leaving safepoint region
[262.773s][info ][safepoint    ] Total time for which application threads were stopped: 0.0001139 seconds, Stopping threads took: 0.0000595 seconds
[263.773s][info ][safepoint    ] Application time: 1.0000952 seconds
[263.773s][info ][safepoint    ] Entering safepoint region: Cleanup
[263.773s][info ][safepoint    ] Leaving safepoint region
[263.773s][info ][safepoint    ] Total time for which application threads were stopped: 0.0001002 seconds, Stopping threads took: 0.0000368 seconds
[264.773s][info ][safepoint    ] Application time: 1.0001168 seconds
[264.773s][info ][safepoint    ] Entering safepoint region: Cleanup
[264.773s][info ][safepoint    ] Leaving safepoint region
[264.773s][info ][safepoint    ] Total time for which application threads were stopped: 0.0001067 seconds, Stopping threads took: 0.0000396 seconds
[265.521s][info ][safepoint    ] Application time: 0.7479442 seconds
[265.521s][info ][safepoint    ] Entering safepoint region: GenCollectForAllocation
[265.521s][info ][gc,start     ] GC(336) Pause Young (Allocation Failure)
[265.521s][info ][gc,task      ] GC(336) Using 4 workers of 4 for evacuation
[265.524s][debug][gc,ref       ] GC(336) Skipped phase1 of Reference Processing due to unavailable references
[265.524s][debug][gc,ref       ] GC(336) Skipped phase2 of Reference Processing due to unavailable references
[265.524s][debug][gc,ref       ] GC(336) Skipped phase3 of Reference Processing due to unavailable references
[265.524s][debug][gc,ref       ] GC(336) Skipped phase4 of Reference Processing due to unavailable references
[265.524s][debug][gc,age       ] GC(336) Desired survivor size 15400960 bytes, new threshold 6 (max threshold 6)
[265.524s][info ][gc,heap      ] GC(336) ParNew: 242251K->1650K(270976K)
[265.524s][info ][gc,heap      ] GC(336) CMS: 323302K->323368K(602112K)
[265.524s][info ][gc,metaspace ] GC(336) Metaspace: 61479K->61479K(1105920K)
[265.524s][info ][gc           ] GC(336) Pause Young (Allocation Failure) 552M->317M(852M) 3.101ms
[265.524s][info ][gc,cpu       ] GC(336) User=0.02s Sys=0.00s Real=0.00s
[265.524s][info ][safepoint    ] Leaving safepoint region
[265.524s][info ][safepoint    ] Total time for which application threads were stopped: 0.0032439 seconds, Stopping threads took: 0.0000165 seconds
[266.525s][info ][safepoint    ] Application time: 1.0000921 seconds
[266.525s][info ][safepoint    ] Entering safepoint region: Cleanup
[266.525s][info ][safepoint    ] Leaving safepoint region
[266.525s][info ][safepoint    ] Total time for which application threads were stopped: 0.0000994 seconds, Stopping threads took: 0.0000372 seconds
[267.525s][info ][safepoint    ] Application time: 1.0000832 seconds
[267.525s][info ][safepoint    ] Entering safepoint region: Cleanup
[267.525s][info ][safepoint    ] Leaving safepoint region
[267.525s][info ][safepoint    ] Total time for which application threads were stopped: 0.0001202 seconds, Stopping threads took: 0.0000550 seconds
[267.661s][info ][safepoint    ] Application time: 0.1361768 seconds
[267.661s][info ][safepoint    ] Entering safepoint region: RevokeBias
[267.661s][info ][safepoint    ] Leaving safepoint region
[267.661s][info ][safepoint    ] Total time for which application threads were stopped: 0.0000816 seconds, Stopping threads took: 0.0000154 seconds
[268.661s][info ][safepoint    ] Application time: 1.0001007 seconds
[268.661s][info ][safepoint    ] Entering safepoint region: Cleanup
[268.661s][info ][safepoint    ] Leaving safepoint region
[268.661s][info ][safepoint    ] Total time for which application threads were stopped: 0.0000834 seconds, Stopping threads took: 0.0000144 seconds
[269.128s][info ][safepoint    ] Application time: 0.4667980 seconds
[269.128s][info ][safepoint    ] Entering safepoint region: GenCollectForAllocation
[269.129s][info ][gc,start     ] GC(337) Pause Young (Allocation Failure)
[269.129s][info ][gc,task      ] GC(337) Using 4 workers of 4 for evacuation
[269.132s][debug][gc,ref       ] GC(337) Skipped phase1 of Reference Processing due to unavailable references
[269.132s][debug][gc,ref       ] GC(337) Skipped phase2 of Reference Processing due to unavailable references
[269.132s][debug][gc,ref       ] GC(337) Skipped phase3 of Reference Processing due to unavailable references
[269.132s][debug][gc,ref       ] GC(337) Skipped phase4 of Reference Processing due to unavailable references
[269.132s][debug][gc,age       ] GC(337) Desired survivor size 15400960 bytes, new threshold 6 (max threshold 6)
[269.132s][info ][gc,heap      ] GC(337) ParNew: 242546K->1681K(270976K)
[269.132s][info ][gc,heap      ] GC(337) CMS: 323368K->323449K(602112K)
[269.132s][info ][gc,metaspace ] GC(337) Metaspace: 61485K->61485K(1105920K)
[269.132s][info ][gc           ] GC(337) Pause Young (Allocation Failure) 552M->317M(852M) 3.289ms
[269.132s][info ][gc,cpu       ] GC(337) User=0.01s Sys=0.00s Real=0.00s
[269.132s][info ][safepoint    ] Leaving safepoint region
[269.132s][info ][safepoint    ] Total time for which application threads were stopped: 0.0035447 seconds, Stopping threads took: 0.0000557 seconds
[270.132s][info ][safepoint    ] Application time: 1.0000849 seconds
[270.132s][info ][safepoint    ] Entering safepoint region: Cleanup
[270.132s][info ][safepoint    ] Leaving safepoint region
[270.132s][info ][safepoint    ] Total time for which application threads were stopped: 0.0000977 seconds, Stopping threads took: 0.0000343 seconds
[271.132s][info ][safepoint    ] Application time: 1.0000944 seconds
[271.132s][info ][safepoint    ] Entering safepoint region: Cleanup
[271.132s][info ][safepoint    ] Leaving safepoint region
[271.132s][info ][safepoint    ] Total time for which application threads were stopped: 0.0000695 seconds, Stopping threads took: 0.0000177 seconds
[272.132s][info ][safepoint    ] Application time: 1.0001179 seconds
[272.132s][info ][safepoint    ] Entering safepoint region: Cleanup
[272.133s][info ][safepoint    ] Leaving safepoint region
[272.133s][info ][safepoint    ] Total time for which application threads were stopped: 0.0000702 seconds, Stopping threads took: 0.0000170 seconds
[272.818s][info ][safepoint    ] Application time: 0.6852186 seconds
[272.818s][info ][safepoint    ] Entering safepoint region: GenCollectForAllocation
[272.818s][info ][gc,start     ] GC(338) Pause Young (Allocation Failure)
[272.818s][info ][gc,task      ] GC(338) Using 4 workers of 4 for evacuation
[272.821s][debug][gc,ref       ] GC(338) Skipped phase1 of Reference Processing due to unavailable references
[272.821s][debug][gc,ref       ] GC(338) Skipped phase2 of Reference Processing due to unavailable references
[272.821s][debug][gc,ref       ] GC(338) Skipped phase3 of Reference Processing due to unavailable references
[272.821s][debug][gc,ref       ] GC(338) Skipped phase4 of Reference Processing due to unavailable references
[272.821s][debug][gc,age       ] GC(338) Desired survivor size 15400960 bytes, new threshold 6 (max threshold 6)
[272.821s][info ][gc,heap      ] GC(338) ParNew: 242577K->1283K(270976K)
[272.821s][info ][gc,heap      ] GC(338) CMS: 323449K->323745K(602112K)
[272.821s][info ][gc,metaspace ] GC(338) Metaspace: 61486K->61486K(1105920K)
[272.821s][info ][gc           ] GC(338) Pause Young (Allocation Failure) 552M->317M(852M) 3.140ms
[272.821s][info ][gc,cpu       ] GC(338) User=0.01s Sys=0.00s Real=0.01s
[272.821s][info ][safepoint    ] Leaving safepoint region
[272.821s][info ][safepoint    ] Total time for which application threads were stopped: 0.0032872 seconds, Stopping threads took: 0.0000278 seconds
[273.821s][info ][safepoint    ] Application time: 1.0001052 seconds
[273.821s][info ][safepoint    ] Entering safepoint region: Cleanup
[273.821s][info ][safepoint    ] Leaving safepoint region
[273.821s][info ][safepoint    ] Total time for which application threads were stopped: 0.0002030 seconds, Stopping threads took: 0.0000630 seconds
[275.822s][info ][safepoint    ] Application time: 2.0002068 seconds
[275.822s][info ][safepoint    ] Entering safepoint region: Cleanup
[275.822s][info ][safepoint    ] Leaving safepoint region
[275.822s][info ][safepoint    ] Total time for which application threads were stopped: 0.0001128 seconds, Stopping threads took: 0.0000560 seconds
[276.573s][info ][safepoint    ] Application time: 0.7508124 seconds
[276.573s][info ][safepoint    ] Entering safepoint region: GenCollectForAllocation
[276.573s][info ][gc,start     ] GC(339) Pause Young (Allocation Failure)
[276.573s][info ][gc,task      ] GC(339) Using 4 workers of 4 for evacuation
[276.577s][debug][gc,ref       ] GC(339) Skipped phase1 of Reference Processing due to unavailable references
[276.577s][debug][gc,ref       ] GC(339) Skipped phase2 of Reference Processing due to unavailable references
[276.577s][debug][gc,ref       ] GC(339) Skipped phase3 of Reference Processing due to unavailable references
[276.577s][debug][gc,ref       ] GC(339) Skipped phase4 of Reference Processing due to unavailable references
[276.577s][debug][gc,age       ] GC(339) Desired survivor size 15400960 bytes, new threshold 6 (max threshold 6)
[276.577s][info ][gc,heap      ] GC(339) ParNew: 242179K->1514K(270976K)
[276.577s][info ][gc,heap      ] GC(339) CMS: 323745K->323775K(602112K)
[276.577s][info ][gc,metaspace ] GC(339) Metaspace: 61487K->61487K(1105920K)
[276.577s][info ][gc           ] GC(339) Pause Young (Allocation Failure) 552M->317M(852M) 4.007ms
[276.577s][info ][gc,cpu       ] GC(339) User=0.01s Sys=0.00s Real=0.00s
[276.577s][info ][safepoint    ] Leaving safepoint region
[276.577s][info ][safepoint    ] Total time for which application threads were stopped: 0.0042459 seconds, Stopping threads took: 0.0000531 seconds
[277.577s][info ][safepoint    ] Application time: 1.0001260 seconds
[277.577s][info ][safepoint    ] Entering safepoint region: Cleanup
[277.577s][info ][safepoint    ] Leaving safepoint region
[277.577s][info ][safepoint    ] Total time for which application threads were stopped: 0.0001446 seconds, Stopping threads took: 0.0000474 seconds
[278.577s][info ][safepoint    ] Application time: 1.0001605 seconds
[278.577s][info ][safepoint    ] Entering safepoint region: Cleanup
[278.578s][info ][safepoint    ] Leaving safepoint region
[278.578s][info ][safepoint    ] Total time for which application threads were stopped: 0.0001454 seconds, Stopping threads took: 0.0000406 seconds
[280.369s][info ][safepoint    ] Application time: 1.7914364 seconds
[280.369s][info ][safepoint    ] Entering safepoint region: GenCollectForAllocation
[280.369s][info ][gc,start     ] GC(340) Pause Young (Allocation Failure)
[280.369s][info ][gc,task      ] GC(340) Using 4 workers of 4 for evacuation
[280.372s][debug][gc,ref       ] GC(340) Skipped phase1 of Reference Processing due to unavailable references
[280.372s][debug][gc,ref       ] GC(340) Skipped phase2 of Reference Processing due to unavailable references
[280.372s][debug][gc,ref       ] GC(340) Skipped phase3 of Reference Processing due to unavailable references
[280.372s][debug][gc,ref       ] GC(340) Skipped phase4 of Reference Processing due to unavailable references
[280.372s][debug][gc,age       ] GC(340) Desired survivor size 15400960 bytes, new threshold 6 (max threshold 6)
[280.372s][info ][gc,heap      ] GC(340) ParNew: 242410K->1757K(270976K)
[280.372s][info ][gc,heap      ] GC(340) CMS: 323775K->323842K(602112K)
[280.372s][info ][gc,metaspace ] GC(340) Metaspace: 61489K->61489K(1105920K)
[280.372s][info ][gc           ] GC(340) Pause Young (Allocation Failure) 552M->317M(852M) 2.961ms
[280.372s][info ][gc,cpu       ] GC(340) User=0.01s Sys=0.00s Real=0.00s
[280.372s][info ][safepoint    ] Leaving safepoint region
[280.372s][info ][safepoint    ] Total time for which application threads were stopped: 0.0031251 seconds, Stopping threads took: 0.0000383 seconds
[281.372s][info ][safepoint    ] Application time: 1.0001323 seconds
[281.372s][info ][safepoint    ] Entering safepoint region: Cleanup
[281.372s][info ][safepoint    ] Leaving safepoint region
[281.372s][info ][safepoint    ] Total time for which application threads were stopped: 0.0001105 seconds, Stopping threads took: 0.0000453 seconds
[284.069s][info ][safepoint    ] Application time: 2.6965235 seconds
[284.069s][info ][safepoint    ] Entering safepoint region: GenCollectForAllocation
[284.069s][info ][gc,start     ] GC(341) Pause Young (Allocation Failure)
[284.069s][info ][gc,task      ] GC(341) Using 4 workers of 4 for evacuation
[284.072s][debug][gc,ref       ] GC(341) Skipped phase1 of Reference Processing due to unavailable references
[284.072s][debug][gc,ref       ] GC(341) Skipped phase2 of Reference Processing due to unavailable references
[284.072s][debug][gc,ref       ] GC(341) Skipped phase3 of Reference Processing due to unavailable references
[284.072s][debug][gc,ref       ] GC(341) Skipped phase4 of Reference Processing due to unavailable references
[284.072s][debug][gc,age       ] GC(341) Desired survivor size 15400960 bytes, new threshold 6 (max threshold 6)
[284.072s][info ][gc,heap      ] GC(341) ParNew: 242653K->1637K(270976K)
[284.072s][info ][gc,heap      ] GC(341) CMS: 323842K->324026K(602112K)
[284.072s][info ][gc,metaspace ] GC(341) Metaspace: 61492K->61492K(1105920K)
[284.072s][info ][gc           ] GC(341) Pause Young (Allocation Failure) 553M->318M(852M) 3.050ms
[284.072s][info ][gc,cpu       ] GC(341) User=0.01s Sys=0.00s Real=0.00s
[284.072s][info ][safepoint    ] Leaving safepoint region
[284.072s][info ][safepoint    ] Total time for which application threads were stopped: 0.0032362 seconds, Stopping threads took: 0.0000382 seconds
[286.072s][info ][safepoint    ] Application time: 2.0002006 seconds
[286.073s][info ][safepoint    ] Entering safepoint region: Cleanup
[286.073s][info ][safepoint    ] Leaving safepoint region
[286.073s][info ][safepoint    ] Total time for which application threads were stopped: 0.0001355 seconds, Stopping threads took: 0.0000695 seconds
[287.923s][info ][safepoint    ] Application time: 1.8504619 seconds
[287.923s][info ][safepoint    ] Entering safepoint region: GenCollectForAllocation
[287.923s][info ][gc,start     ] GC(342) Pause Young (Allocation Failure)
[287.923s][info ][gc,task      ] GC(342) Using 4 workers of 4 for evacuation
[287.927s][debug][gc,ref       ] GC(342) Skipped phase1 of Reference Processing due to unavailable references
[287.927s][debug][gc,ref       ] GC(342) Skipped phase2 of Reference Processing due to unavailable references
[287.927s][debug][gc,ref       ] GC(342) Skipped phase3 of Reference Processing due to unavailable references
[287.927s][debug][gc,ref       ] GC(342) Skipped phase4 of Reference Processing due to unavailable references
[287.927s][debug][gc,age       ] GC(342) Desired survivor size 15400960 bytes, new threshold 6 (max threshold 6)
[287.927s][info ][gc,heap      ] GC(342) ParNew: 242533K->1203K(270976K)
[287.927s][info ][gc,heap      ] GC(342) CMS: 324026K->324177K(602112K)
[287.927s][info ][gc,metaspace ] GC(342) Metaspace: 61492K->61492K(1105920K)
[287.927s][info ][gc           ] GC(342) Pause Young (Allocation Failure) 553M->317M(852M) 4.083ms
[287.927s][info ][gc,cpu       ] GC(342) User=0.01s Sys=0.00s Real=0.00s
[287.927s][info ][safepoint    ] Leaving safepoint region
[287.927s][info ][safepoint    ] Total time for which application threads were stopped: 0.0042241 seconds, Stopping threads took: 0.0000165 seconds
[288.927s][info ][safepoint    ] Application time: 1.0001018 seconds
[288.927s][info ][safepoint    ] Entering safepoint region: Cleanup
[288.928s][info ][safepoint    ] Leaving safepoint region
[288.928s][info ][safepoint    ] Total time for which application threads were stopped: 0.0001248 seconds, Stopping threads took: 0.0000436 seconds
[290.928s][info ][safepoint    ] Application time: 2.0001971 seconds
[290.928s][info ][safepoint    ] Entering safepoint region: Cleanup
[290.928s][info ][safepoint    ] Leaving safepoint region
[290.928s][info ][safepoint    ] Total time for which application threads were stopped: 0.0001597 seconds, Stopping threads took: 0.0000378 seconds
[291.818s][info ][safepoint    ] Application time: 0.8903429 seconds
[291.818s][info ][safepoint    ] Entering safepoint region: GenCollectForAllocation
[291.818s][info ][gc,start     ] GC(343) Pause Young (Allocation Failure)
[291.818s][info ][gc,task      ] GC(343) Using 4 workers of 4 for evacuation
[291.821s][debug][gc,ref       ] GC(343) Skipped phase1 of Reference Processing due to unavailable references
[291.821s][debug][gc,ref       ] GC(343) Skipped phase2 of Reference Processing due to unavailable references
[291.821s][debug][gc,ref       ] GC(343) Skipped phase3 of Reference Processing due to unavailable references
[291.821s][debug][gc,ref       ] GC(343) Skipped phase4 of Reference Processing due to unavailable references
[291.821s][debug][gc,age       ] GC(343) Desired survivor size 15400960 bytes, new threshold 6 (max threshold 6)
[291.821s][info ][gc,heap      ] GC(343) ParNew: 242099K->1324K(270976K)
[291.821s][info ][gc,heap      ] GC(343) CMS: 324177K->324279K(602112K)
[291.821s][info ][gc,metaspace ] GC(343) Metaspace: 61494K->61494K(1105920K)
[291.821s][info ][gc           ] GC(343) Pause Young (Allocation Failure) 553M->317M(852M) 2.927ms
[291.821s][info ][gc,cpu       ] GC(343) User=0.01s Sys=0.00s Real=0.01s
[291.821s][info ][safepoint    ] Leaving safepoint region
[291.821s][info ][safepoint    ] Total time for which application threads were stopped: 0.0030602 seconds, Stopping threads took: 0.0000173 seconds
[292.822s][info ][safepoint    ] Application time: 1.0000923 seconds
[292.822s][info ][safepoint    ] Entering safepoint region: Cleanup
[292.822s][info ][safepoint    ] Leaving safepoint region
[292.822s][info ][safepoint    ] Total time for which application threads were stopped: 0.0001448 seconds, Stopping threads took: 0.0000736 seconds
[295.670s][info ][safepoint    ] Application time: 2.8479061 seconds
[295.670s][info ][safepoint    ] Entering safepoint region: GenCollectForAllocation
[295.670s][info ][gc,start     ] GC(344) Pause Young (Allocation Failure)
[295.670s][info ][gc,task      ] GC(344) Using 4 workers of 4 for evacuation
[295.673s][debug][gc,ref       ] GC(344) Skipped phase1 of Reference Processing due to unavailable references
[295.673s][debug][gc,ref       ] GC(344) Skipped phase2 of Reference Processing due to unavailable references
[295.673s][debug][gc,ref       ] GC(344) Skipped phase3 of Reference Processing due to unavailable references
[295.673s][debug][gc,ref       ] GC(344) Skipped phase4 of Reference Processing due to unavailable references
[295.673s][debug][gc,age       ] GC(344) Desired survivor size 15400960 bytes, new threshold 6 (max threshold 6)
[295.673s][info ][gc,heap      ] GC(344) ParNew: 242220K->1214K(270976K)
[295.673s][info ][gc,heap      ] GC(344) CMS: 324279K->324428K(602112K)
[295.673s][info ][gc,metaspace ] GC(344) Metaspace: 61494K->61494K(1105920K)
[295.673s][info ][gc           ] GC(344) Pause Young (Allocation Failure) 553M->318M(852M) 3.065ms
[295.673s][info ][gc,cpu       ] GC(344) User=0.01s Sys=0.00s Real=0.00s
[295.673s][info ][safepoint    ] Leaving safepoint region
[295.673s][info ][safepoint    ] Total time for which application threads were stopped: 0.0032020 seconds, Stopping threads took: 0.0000160 seconds
[297.673s][info ][safepoint    ] Application time: 2.0002884 seconds
[297.673s][info ][safepoint    ] Entering safepoint region: Cleanup
[297.673s][info ][safepoint    ] Leaving safepoint region
[297.673s][info ][safepoint    ] Total time for which application threads were stopped: 0.0001146 seconds, Stopping threads took: 0.0000434 seconds
[299.428s][info ][safepoint    ] Application time: 1.7550128 seconds
[299.428s][info ][safepoint    ] Entering safepoint region: GenCollectForAllocation
[299.428s][info ][gc,start     ] GC(345) Pause Young (Allocation Failure)
[299.429s][info ][gc,task      ] GC(345) Using 4 workers of 4 for evacuation
[299.431s][debug][gc,ref       ] GC(345) Skipped phase1 of Reference Processing due to unavailable references
[299.431s][debug][gc,ref       ] GC(345) Skipped phase2 of Reference Processing due to unavailable references
[299.431s][debug][gc,ref       ] GC(345) Skipped phase3 of Reference Processing due to unavailable references
[299.431s][debug][gc,ref       ] GC(345) Skipped phase4 of Reference Processing due to unavailable references
[299.431s][debug][gc,age       ] GC(345) Desired survivor size 15400960 bytes, new threshold 6 (max threshold 6)
[299.431s][info ][gc,heap      ] GC(345) ParNew: 242110K->1149K(270976K)
[299.432s][info ][gc,heap      ] GC(345) CMS: 324428K->324514K(602112K)
[299.432s][info ][gc,metaspace ] GC(345) Metaspace: 61502K->61502K(1105920K)
[299.432s][info ][gc           ] GC(345) Pause Young (Allocation Failure) 553M->318M(852M) 3.041ms
[299.432s][info ][gc,cpu       ] GC(345) User=0.01s Sys=0.00s Real=0.00s
[299.432s][info ][safepoint    ] Leaving safepoint region
[299.432s][info ][safepoint    ] Total time for which application threads were stopped: 0.0032012 seconds, Stopping threads took: 0.0000174 seconds
[301.432s][info ][safepoint    ] Application time: 2.0002149 seconds
[301.432s][info ][safepoint    ] Entering safepoint region: Cleanup
[301.432s][info ][safepoint    ] Leaving safepoint region
[301.432s][info ][safepoint    ] Total time for which application threads were stopped: 0.0000916 seconds, Stopping threads took: 0.0000381 seconds
[303.227s][info ][safepoint    ] Application time: 1.7946877 seconds
[303.227s][info ][safepoint    ] Entering safepoint region: GenCollectForAllocation
[303.227s][info ][gc,start     ] GC(346) Pause Young (Allocation Failure)
[303.227s][info ][gc,task      ] GC(346) Using 4 workers of 4 for evacuation
[303.230s][debug][gc,ref       ] GC(346) Skipped phase1 of Reference Processing due to unavailable references
[303.230s][debug][gc,ref       ] GC(346) Skipped phase2 of Reference Processing due to unavailable references
[303.230s][debug][gc,ref       ] GC(346) Skipped phase3 of Reference Processing due to unavailable references
[303.230s][debug][gc,ref       ] GC(346) Skipped phase4 of Reference Processing due to unavailable references
[303.230s][debug][gc,age       ] GC(346) Desired survivor size 15400960 bytes, new threshold 6 (max threshold 6)
[303.230s][info ][gc,heap      ] GC(346) ParNew: 242045K->1205K(270976K)
[303.230s][info ][gc,heap      ] GC(346) CMS: 324514K->324606K(602112K)
[303.230s][info ][gc,metaspace ] GC(346) Metaspace: 61502K->61502K(1105920K)
[303.230s][info ][gc           ] GC(346) Pause Young (Allocation Failure) 553M->318M(852M) 2.982ms
[303.230s][info ][gc,cpu       ] GC(346) User=0.01s Sys=0.00s Real=0.01s
[303.230s][info ][safepoint    ] Leaving safepoint region
[303.230s][info ][safepoint    ] Total time for which application threads were stopped: 0.0032181 seconds, Stopping threads took: 0.0000441 seconds
[305.230s][info ][safepoint    ] Application time: 2.0001683 seconds
[305.230s][info ][safepoint    ] Entering safepoint region: Cleanup
[305.230s][info ][safepoint    ] Leaving safepoint region
[305.230s][info ][safepoint    ] Total time for which application threads were stopped: 0.0000927 seconds, Stopping threads took: 0.0000162 seconds
[307.070s][info ][safepoint    ] Application time: 1.8397021 seconds
[307.070s][info ][safepoint    ] Entering safepoint region: GenCollectForAllocation
[307.070s][info ][gc,start     ] GC(347) Pause Young (Allocation Failure)
[307.070s][info ][gc,task      ] GC(347) Using 4 workers of 4 for evacuation
[307.073s][debug][gc,ref       ] GC(347) Skipped phase1 of Reference Processing due to unavailable references
[307.073s][debug][gc,ref       ] GC(347) Skipped phase2 of Reference Processing due to unavailable references
[307.073s][debug][gc,ref       ] GC(347) Skipped phase3 of Reference Processing due to unavailable references
[307.073s][debug][gc,ref       ] GC(347) Skipped phase4 of Reference Processing due to unavailable references
[307.073s][debug][gc,age       ] GC(347) Desired survivor size 15400960 bytes, new threshold 6 (max threshold 6)
[307.073s][info ][gc,heap      ] GC(347) ParNew: 242101K->1319K(270976K)
[307.073s][info ][gc,heap      ] GC(347) CMS: 324606K->324890K(602112K)
[307.073s][info ][gc,metaspace ] GC(347) Metaspace: 61502K->61502K(1105920K)
[307.073s][info ][gc           ] GC(347) Pause Young (Allocation Failure) 553M->318M(852M) 3.134ms
[307.073s][info ][gc,cpu       ] GC(347) User=0.01s Sys=0.00s Real=0.00s
[307.073s][info ][safepoint    ] Leaving safepoint region
[307.073s][info ][safepoint    ] Total time for which application threads were stopped: 0.0032931 seconds, Stopping threads took: 0.0000300 seconds
[308.073s][info ][safepoint    ] Application time: 1.0000875 seconds
[308.073s][info ][safepoint    ] Entering safepoint region: Cleanup
[308.074s][info ][safepoint    ] Leaving safepoint region
[308.074s][info ][safepoint    ] Total time for which application threads were stopped: 0.0001440 seconds, Stopping threads took: 0.0000479 seconds
[309.074s][info ][safepoint    ] Application time: 1.0000760 seconds
[309.074s][info ][safepoint    ] Entering safepoint region: Cleanup
[309.074s][info ][safepoint    ] Leaving safepoint region
[309.074s][info ][safepoint    ] Total time for which application threads were stopped: 0.0001325 seconds, Stopping threads took: 0.0000765 seconds
[310.074s][info ][safepoint    ] Application time: 1.0000948 seconds
[310.074s][info ][safepoint    ] Entering safepoint region: Cleanup
[310.074s][info ][safepoint    ] Leaving safepoint region
[310.074s][info ][safepoint    ] Total time for which application threads were stopped: 0.0001839 seconds, Stopping threads took: 0.0000681 seconds
[310.872s][info ][safepoint    ] Application time: 0.7981137 seconds
[310.872s][info ][safepoint    ] Entering safepoint region: GenCollectForAllocation
[310.872s][info ][gc,start     ] GC(348) Pause Young (Allocation Failure)
[310.873s][info ][gc,task      ] GC(348) Using 4 workers of 4 for evacuation
[310.876s][debug][gc,ref       ] GC(348) Skipped phase1 of Reference Processing due to unavailable references
[310.876s][debug][gc,ref       ] GC(348) Skipped phase2 of Reference Processing due to unavailable references
[310.876s][debug][gc,ref       ] GC(348) Skipped phase3 of Reference Processing due to unavailable references
[310.876s][debug][gc,ref       ] GC(348) Skipped phase4 of Reference Processing due to unavailable references
[310.876s][debug][gc,age       ] GC(348) Desired survivor size 15400960 bytes, new threshold 6 (max threshold 6)
[310.876s][info ][gc,heap      ] GC(348) ParNew: 242215K->1037K(270976K)
[310.876s][info ][gc,heap      ] GC(348) CMS: 324890K->324941K(602112K)
[310.876s][info ][gc,metaspace ] GC(348) Metaspace: 61503K->61503K(1105920K)
[310.876s][info ][gc           ] GC(348) Pause Young (Allocation Failure) 553M->318M(852M) 4.072ms
[310.876s][info ][gc,cpu       ] GC(348) User=0.02s Sys=0.00s Real=0.00s
[310.876s][info ][safepoint    ] Leaving safepoint region
[310.876s][info ][safepoint    ] Total time for which application threads were stopped: 0.0042418 seconds, Stopping threads took: 0.0000162 seconds
[311.877s][info ][safepoint    ] Application time: 1.0001020 seconds
[311.877s][info ][safepoint    ] Entering safepoint region: Cleanup
[311.877s][info ][safepoint    ] Leaving safepoint region
[311.877s][info ][safepoint    ] Total time for which application threads were stopped: 0.0001357 seconds, Stopping threads took: 0.0000626 seconds
[314.626s][info ][safepoint    ] Application time: 2.7489991 seconds
[314.626s][info ][safepoint    ] Entering safepoint region: GenCollectForAllocation
[314.626s][info ][gc,start     ] GC(349) Pause Young (Allocation Failure)
[314.626s][info ][gc,task      ] GC(349) Using 4 workers of 4 for evacuation
[314.628s][debug][gc,ref       ] GC(349) Skipped phase1 of Reference Processing due to unavailable references
[314.628s][debug][gc,ref       ] GC(349) Skipped phase2 of Reference Processing due to unavailable references
[314.628s][debug][gc,ref       ] GC(349) Skipped phase3 of Reference Processing due to unavailable references
[314.628s][debug][gc,ref       ] GC(349) Skipped phase4 of Reference Processing due to unavailable references
[314.628s][debug][gc,age       ] GC(349) Desired survivor size 15400960 bytes, new threshold 6 (max threshold 6)
[314.628s][info ][gc,heap      ] GC(349) ParNew: 241933K->1005K(270976K)
[314.629s][info ][gc,heap      ] GC(349) CMS: 324941K->325029K(602112K)
[314.629s][info ][gc,metaspace ] GC(349) Metaspace: 61504K->61504K(1105920K)
[314.629s][info ][gc           ] GC(349) Pause Young (Allocation Failure) 553M->318M(852M) 2.594ms
[314.629s][info ][gc,cpu       ] GC(349) User=0.00s Sys=0.00s Real=0.01s
[314.629s][info ][safepoint    ] Leaving safepoint region
[314.629s][info ][safepoint    ] Total time for which application threads were stopped: 0.0027596 seconds, Stopping threads took: 0.0000174 seconds
[316.629s][info ][safepoint    ] Application time: 2.0002152 seconds
[316.629s][info ][safepoint    ] Entering safepoint region: Cleanup
[316.629s][info ][safepoint    ] Leaving safepoint region
[316.629s][info ][safepoint    ] Total time for which application threads were stopped: 0.0001554 seconds, Stopping threads took: 0.0000658 seconds
[317.629s][info ][safepoint    ] Application time: 1.0000979 seconds
[317.629s][info ][safepoint    ] Entering safepoint region: Cleanup
[317.629s][info ][safepoint    ] Leaving safepoint region
[317.629s][info ][safepoint    ] Total time for which application threads were stopped: 0.0001482 seconds, Stopping threads took: 0.0000727 seconds
[318.019s][info ][safepoint    ] Application time: 0.3898368 seconds
[318.019s][info ][safepoint    ] Entering safepoint region: GenCollectForAllocation
[318.019s][info ][gc,start     ] GC(350) Pause Young (Allocation Failure)
[318.019s][info ][gc,task      ] GC(350) Using 4 workers of 4 for evacuation
[318.023s][debug][gc,ref       ] GC(350) Skipped phase1 of Reference Processing due to unavailable references
[318.023s][debug][gc,ref       ] GC(350) Skipped phase3 of Reference Processing due to unavailable references
[318.023s][debug][gc,age       ] GC(350) Desired survivor size 15400960 bytes, new threshold 6 (max threshold 6)
[318.023s][info ][gc,heap      ] GC(350) ParNew: 241901K->3779K(270976K)
[318.023s][info ][gc,heap      ] GC(350) CMS: 325029K->325123K(602112K)
[318.023s][info ][gc,metaspace ] GC(350) Metaspace: 61506K->61506K(1105920K)
[318.023s][info ][gc           ] GC(350) Pause Young (Allocation Failure) 553M->321M(852M) 3.767ms
[318.023s][info ][gc,cpu       ] GC(350) User=0.01s Sys=0.00s Real=0.01s
[318.023s][info ][safepoint    ] Leaving safepoint region
[318.023s][info ][safepoint    ] Total time for which application threads were stopped: 0.0039588 seconds, Stopping threads took: 0.0000429 seconds
[321.000s][info ][safepoint    ] Application time: 2.9771467 seconds
[321.000s][info ][safepoint    ] Entering safepoint region: GenCollectForAllocation
[321.000s][info ][gc,start     ] GC(351) Pause Young (Allocation Failure)
[321.001s][info ][gc,task      ] GC(351) Using 4 workers of 4 for evacuation
[321.009s][debug][gc,ref       ] GC(351) Skipped phase1 of Reference Processing due to unavailable references
[321.009s][debug][gc,ref       ] GC(351) Skipped phase3 of Reference Processing due to unavailable references
[321.009s][debug][gc,age       ] GC(351) Desired survivor size 15400960 bytes, new threshold 2 (max threshold 6)
[321.009s][info ][gc,heap      ] GC(351) ParNew: 244675K->17439K(270976K)
[321.009s][info ][gc,heap      ] GC(351) CMS: 325123K->325219K(602112K)
[321.009s][info ][gc,metaspace ] GC(351) Metaspace: 61550K->61550K(1105920K)
[321.009s][info ][gc           ] GC(351) Pause Young (Allocation Failure) 556M->334M(852M) 8.755ms
[321.009s][info ][gc,cpu       ] GC(351) User=0.03s Sys=0.00s Real=0.01s
[321.009s][info ][safepoint    ] Leaving safepoint region
[321.009s][info ][safepoint    ] Total time for which application threads were stopped: 0.0089954 seconds, Stopping threads took: 0.0000156 seconds
[322.009s][info ][safepoint    ] Application time: 1.0000976 seconds
[322.009s][info ][safepoint    ] Entering safepoint region: Cleanup
[322.010s][info ][safepoint    ] Leaving safepoint region
[322.010s][info ][safepoint    ] Total time for which application threads were stopped: 0.0001121 seconds, Stopping threads took: 0.0000168 seconds
[323.010s][info ][safepoint    ] Application time: 1.0001310 seconds
[323.010s][info ][safepoint    ] Entering safepoint region: Cleanup
[323.010s][info ][safepoint    ] Leaving safepoint region
[323.010s][info ][safepoint    ] Total time for which application threads were stopped: 0.0000893 seconds, Stopping threads took: 0.0000177 seconds
[324.010s][info ][safepoint    ] Application time: 1.0002501 seconds
[324.010s][info ][safepoint    ] Entering safepoint region: Cleanup
[324.010s][info ][safepoint    ] Leaving safepoint region
[324.010s][info ][safepoint    ] Total time for which application threads were stopped: 0.0000819 seconds, Stopping threads took: 0.0000184 seconds
[324.026s][info ][safepoint    ] Application time: 0.0156432 seconds
[324.026s][info ][safepoint    ] Entering safepoint region: GenCollectForAllocation
[324.026s][info ][gc,start     ] GC(352) Pause Young (Allocation Failure)
[324.026s][info ][gc,task      ] GC(352) Using 4 workers of 4 for evacuation
[324.034s][debug][gc,ref       ] GC(352) Skipped phase1 of Reference Processing due to unavailable references
[324.034s][debug][gc,ref       ] GC(352) Skipped phase3 of Reference Processing due to unavailable references
[324.035s][debug][gc,age       ] GC(352) Desired survivor size 15400960 bytes, new threshold 6 (max threshold 6)
[324.035s][info ][gc,heap      ] GC(352) ParNew: 258335K->12910K(270976K)
[324.035s][info ][gc,heap      ] GC(352) CMS: 325219K->328238K(602112K)
[324.035s][info ][gc,metaspace ] GC(352) Metaspace: 61572K->61572K(1105920K)
[324.035s][info ][gc           ] GC(352) Pause Young (Allocation Failure) 569M->333M(852M) 8.751ms
[324.035s][info ][gc,cpu       ] GC(352) User=0.02s Sys=0.00s Real=0.01s
[324.035s][info ][safepoint    ] Leaving safepoint region
[324.035s][info ][safepoint    ] Total time for which application threads were stopped: 0.0089075 seconds, Stopping threads took: 0.0000129 seconds
[327.035s][info ][safepoint    ] Application time: 3.0002411 seconds
[327.035s][info ][safepoint    ] Entering safepoint region: Cleanup
[327.035s][info ][safepoint    ] Leaving safepoint region
[327.035s][info ][safepoint    ] Total time for which application threads were stopped: 0.0000852 seconds, Stopping threads took: 0.0000165 seconds
[327.661s][info ][safepoint    ] Application time: 0.6259684 seconds
[327.661s][info ][safepoint    ] Entering safepoint region: RevokeBias
[327.661s][info ][safepoint    ] Leaving safepoint region
[327.661s][info ][safepoint    ] Total time for which application threads were stopped: 0.0001004 seconds, Stopping threads took: 0.0000166 seconds
[327.673s][info ][safepoint    ] Application time: 0.0112505 seconds
[327.673s][info ][safepoint    ] Entering safepoint region: GenCollectForAllocation
[327.673s][info ][gc,start     ] GC(353) Pause Young (Allocation Failure)
[327.673s][info ][gc,task      ] GC(353) Using 4 workers of 4 for evacuation
[327.676s][debug][gc,ref       ] GC(353) Skipped phase1 of Reference Processing due to unavailable references
[327.676s][debug][gc,ref       ] GC(353) Skipped phase3 of Reference Processing due to unavailable references
[327.676s][debug][gc,age       ] GC(353) Desired survivor size 15400960 bytes, new threshold 6 (max threshold 6)
[327.676s][info ][gc,heap      ] GC(353) ParNew: 253806K->3328K(270976K)
[327.676s][info ][gc,heap      ] GC(353) CMS: 328238K->328238K(602112K)
[327.676s][info ][gc,metaspace ] GC(353) Metaspace: 61616K->61616K(1105920K)
[327.676s][info ][gc           ] GC(353) Pause Young (Allocation Failure) 568M->323M(852M) 3.489ms
[327.676s][info ][gc,cpu       ] GC(353) User=0.02s Sys=0.00s Real=0.00s
[327.676s][info ][safepoint    ] Leaving safepoint region
[327.676s][info ][safepoint    ] Total time for which application threads were stopped: 0.0036421 seconds, Stopping threads took: 0.0000120 seconds
[328.676s][info ][safepoint    ] Application time: 1.0001052 seconds
[328.676s][info ][safepoint    ] Entering safepoint region: Cleanup
[328.676s][info ][safepoint    ] Leaving safepoint region
[328.676s][info ][safepoint    ] Total time for which application threads were stopped: 0.0001135 seconds, Stopping threads took: 0.0000409 seconds
[329.677s][info ][safepoint    ] Application time: 1.0000547 seconds
[329.677s][info ][safepoint    ] Entering safepoint region: Cleanup
[329.677s][info ][safepoint    ] Leaving safepoint region
[329.677s][info ][safepoint    ] Total time for which application threads were stopped: 0.0001227 seconds, Stopping threads took: 0.0000393 seconds
[330.677s][info ][safepoint    ] Application time: 1.0001260 seconds
[330.677s][info ][safepoint    ] Entering safepoint region: Cleanup
[330.677s][info ][safepoint    ] Leaving safepoint region
[330.677s][info ][safepoint    ] Total time for which application threads were stopped: 0.0001204 seconds, Stopping threads took: 0.0000409 seconds
[331.077s][info ][safepoint    ] Application time: 0.3998070 seconds
[331.077s][info ][safepoint    ] Entering safepoint region: GenCollectForAllocation
[331.077s][info ][gc,start     ] GC(354) Pause Young (Allocation Failure)
[331.077s][info ][gc,task      ] GC(354) Using 4 workers of 4 for evacuation
[331.080s][debug][gc,ref       ] GC(354) Skipped phase1 of Reference Processing due to unavailable references
[331.080s][debug][gc,ref       ] GC(354) Skipped phase3 of Reference Processing due to unavailable references
[331.080s][debug][gc,age       ] GC(354) Desired survivor size 15400960 bytes, new threshold 6 (max threshold 6)
[331.080s][info ][gc,heap      ] GC(354) ParNew: 244224K->1298K(270976K)
[331.080s][info ][gc,heap      ] GC(354) CMS: 328238K->328238K(602112K)
[331.080s][info ][gc,metaspace ] GC(354) Metaspace: 61630K->61630K(1105920K)
[331.080s][info ][gc           ] GC(354) Pause Young (Allocation Failure) 559M->321M(852M) 2.865ms
[331.080s][info ][gc,cpu       ] GC(354) User=0.01s Sys=0.00s Real=0.00s
[331.080s][info ][safepoint    ] Leaving safepoint region
[331.080s][info ][safepoint    ] Total time for which application threads were stopped: 0.0030174 seconds, Stopping threads took: 0.0000171 seconds
[332.080s][info ][safepoint    ] Application time: 1.0000999 seconds
[332.080s][info ][safepoint    ] Entering safepoint region: Cleanup
[332.080s][info ][safepoint    ] Leaving safepoint region
[332.080s][info ][safepoint    ] Total time for which application threads were stopped: 0.0000811 seconds, Stopping threads took: 0.0000169 seconds
[333.080s][info ][safepoint    ] Application time: 1.0000936 seconds
[333.080s][info ][safepoint    ] Entering safepoint region: Cleanup
[333.080s][info ][safepoint    ] Leaving safepoint region
[333.080s][info ][safepoint    ] Total time for which application threads were stopped: 0.0000760 seconds, Stopping threads took: 0.0000180 seconds
[334.080s][info ][safepoint    ] Application time: 1.0001179 seconds
[334.080s][info ][safepoint    ] Entering safepoint region: Cleanup
[334.081s][info ][safepoint    ] Leaving safepoint region
[334.081s][info ][safepoint    ] Total time for which application threads were stopped: 0.0000911 seconds, Stopping threads took: 0.0000161 seconds
[334.597s][info ][safepoint    ] Application time: 0.5163086 seconds
[334.597s][info ][safepoint    ] Entering safepoint region: GenCollectForAllocation
[334.597s][info ][gc,start     ] GC(355) Pause Young (Allocation Failure)
[334.597s][info ][gc,task      ] GC(355) Using 4 workers of 4 for evacuation
[334.599s][debug][gc,ref       ] GC(355) Skipped phase1 of Reference Processing due to unavailable references
[334.599s][debug][gc,ref       ] GC(355) Skipped phase3 of Reference Processing due to unavailable references
[334.600s][debug][gc,age       ] GC(355) Desired survivor size 15400960 bytes, new threshold 6 (max threshold 6)
[334.600s][info ][gc,heap      ] GC(355) ParNew: 242194K->1391K(270976K)
[334.600s][info ][gc,heap      ] GC(355) CMS: 328238K->328238K(602112K)
[334.600s][info ][gc,metaspace ] GC(355) Metaspace: 61646K->61646K(1105920K)
[334.600s][info ][gc           ] GC(355) Pause Young (Allocation Failure) 557M->321M(852M) 2.666ms
[334.600s][info ][gc,cpu       ] GC(355) User=0.01s Sys=0.00s Real=0.00s
[334.600s][info ][safepoint    ] Leaving safepoint region
[334.600s][info ][safepoint    ] Total time for which application threads were stopped: 0.0028443 seconds, Stopping threads took: 0.0000165 seconds
[335.600s][info ][safepoint    ] Application time: 1.0001571 seconds
[335.600s][info ][safepoint    ] Entering safepoint region: Cleanup
[335.600s][info ][safepoint    ] Leaving safepoint region
[335.600s][info ][safepoint    ] Total time for which application threads were stopped: 0.0000948 seconds, Stopping threads took: 0.0000286 seconds
[336.600s][info ][safepoint    ] Application time: 1.0001226 seconds
[336.600s][info ][safepoint    ] Entering safepoint region: Cleanup
[336.600s][info ][safepoint    ] Leaving safepoint region
[336.600s][info ][safepoint    ] Total time for which application threads were stopped: 0.0001417 seconds, Stopping threads took: 0.0000782 seconds
[338.228s][info ][safepoint    ] Application time: 1.6276570 seconds
[338.228s][info ][safepoint    ] Entering safepoint region: GenCollectForAllocation
[338.228s][info ][gc,start     ] GC(356) Pause Young (Allocation Failure)
[338.228s][info ][gc,task      ] GC(356) Using 4 workers of 4 for evacuation
[338.232s][debug][gc,ref       ] GC(356) Skipped phase1 of Reference Processing due to unavailable references
[338.232s][debug][gc,ref       ] GC(356) Skipped phase3 of Reference Processing due to unavailable references
[338.232s][debug][gc,age       ] GC(356) Desired survivor size 15400960 bytes, new threshold 6 (max threshold 6)
[338.232s][info ][gc,heap      ] GC(356) ParNew: 242287K->1560K(270976K)
[338.232s][info ][gc,heap      ] GC(356) CMS: 328238K->328238K(602112K)
[338.232s][info ][gc,metaspace ] GC(356) Metaspace: 61646K->61646K(1105920K)
[338.232s][info ][gc           ] GC(356) Pause Young (Allocation Failure) 557M->322M(852M) 3.522ms
[338.232s][info ][gc,cpu       ] GC(356) User=0.02s Sys=0.00s Real=0.00s
[338.232s][info ][safepoint    ] Leaving safepoint region
[338.232s][info ][safepoint    ] Total time for which application threads were stopped: 0.0038941 seconds, Stopping threads took: 0.0001215 seconds
[339.232s][info ][safepoint    ] Application time: 1.0001003 seconds
[339.232s][info ][safepoint    ] Entering safepoint region: Cleanup
[339.232s][info ][safepoint    ] Leaving safepoint region
[339.232s][info ][safepoint    ] Total time for which application threads were stopped: 0.0000972 seconds, Stopping threads took: 0.0000164 seconds
[340.232s][info ][safepoint    ] Application time: 1.0000758 seconds
[340.232s][info ][safepoint    ] Entering safepoint region: Cleanup
[340.232s][info ][safepoint    ] Leaving safepoint region
[340.232s][info ][safepoint    ] Total time for which application threads were stopped: 0.0000758 seconds, Stopping threads took: 0.0000162 seconds
[341.233s][info ][safepoint    ] Application time: 1.0002995 seconds
[341.233s][info ][safepoint    ] Entering safepoint region: Cleanup
[341.233s][info ][safepoint    ] Leaving safepoint region
[341.233s][info ][safepoint    ] Total time for which application threads were stopped: 0.0000759 seconds, Stopping threads took: 0.0000170 seconds
[341.875s][info ][safepoint    ] Application time: 0.6426586 seconds
[341.875s][info ][safepoint    ] Entering safepoint region: GenCollectForAllocation
[341.876s][info ][gc,start     ] GC(357) Pause Young (Allocation Failure)
[341.876s][info ][gc,task      ] GC(357) Using 4 workers of 4 for evacuation
[341.879s][debug][gc,ref       ] GC(357) Skipped phase1 of Reference Processing due to unavailable references
[341.879s][debug][gc,ref       ] GC(357) Skipped phase3 of Reference Processing due to unavailable references
[341.879s][debug][gc,ref       ] GC(357) Skipped phase4 of Reference Processing due to unavailable references
[341.879s][debug][gc,age       ] GC(357) Desired survivor size 15400960 bytes, new threshold 6 (max threshold 6)
[341.879s][info ][gc,heap      ] GC(357) ParNew: 242456K->1706K(270976K)
[341.879s][info ][gc,heap      ] GC(357) CMS: 328238K->328374K(602112K)
[341.879s][info ][gc,metaspace ] GC(357) Metaspace: 61646K->61646K(1105920K)
[341.879s][info ][gc           ] GC(357) Pause Young (Allocation Failure) 557M->322M(852M) 3.197ms
[341.879s][info ][gc,cpu       ] GC(357) User=0.01s Sys=0.00s Real=0.00s
[341.879s][info ][safepoint    ] Leaving safepoint region
[341.879s][info ][safepoint    ] Total time for which application threads were stopped: 0.0033475 seconds, Stopping threads took: 0.0000166 seconds
[342.879s][info ][safepoint    ] Application time: 1.0000706 seconds
[342.879s][info ][safepoint    ] Entering safepoint region: Cleanup
[342.879s][info ][safepoint    ] Leaving safepoint region
[342.879s][info ][safepoint    ] Total time for which application threads were stopped: 0.0001108 seconds, Stopping threads took: 0.0000444 seconds
[343.879s][info ][safepoint    ] Application time: 1.0001060 seconds
[343.879s][info ][safepoint    ] Entering safepoint region: Cleanup
[343.879s][info ][safepoint    ] Leaving safepoint region
[343.879s][info ][safepoint    ] Total time for which application threads were stopped: 0.0001430 seconds, Stopping threads took: 0.0000489 seconds
[344.879s][info ][safepoint    ] Application time: 1.0001206 seconds
[344.880s][info ][safepoint    ] Entering safepoint region: Cleanup
[344.880s][info ][safepoint    ] Leaving safepoint region
[344.880s][info ][safepoint    ] Total time for which application threads were stopped: 0.0000705 seconds, Stopping threads took: 0.0000156 seconds
[345.619s][info ][safepoint    ] Application time: 0.7397309 seconds
[345.619s][info ][safepoint    ] Entering safepoint region: GenCollectForAllocation
[345.620s][info ][gc,start     ] GC(358) Pause Young (Allocation Failure)
[345.620s][info ][gc,task      ] GC(358) Using 4 workers of 4 for evacuation
[345.623s][debug][gc,ref       ] GC(358) Skipped phase1 of Reference Processing due to unavailable references
[345.623s][debug][gc,ref       ] GC(358) Skipped phase3 of Reference Processing due to unavailable references
[345.623s][debug][gc,ref       ] GC(358) Skipped phase4 of Reference Processing due to unavailable references
[345.624s][debug][gc,age       ] GC(358) Desired survivor size 15400960 bytes, new threshold 6 (max threshold 6)
[345.624s][info ][gc,heap      ] GC(358) ParNew: 242602K->1491K(270976K)
[345.624s][info ][gc,heap      ] GC(358) CMS: 328374K->328470K(602112K)
[345.624s][info ][gc,metaspace ] GC(358) Metaspace: 61649K->61649K(1105920K)
[345.624s][info ][gc           ] GC(358) Pause Young (Allocation Failure) 557M->322M(852M) 4.116ms
[345.624s][info ][gc,cpu       ] GC(358) User=0.01s Sys=0.01s Real=0.01s
[345.624s][info ][safepoint    ] Leaving safepoint region
[345.624s][info ][safepoint    ] Total time for which application threads were stopped: 0.0043456 seconds, Stopping threads took: 0.0000487 seconds
[346.624s][info ][safepoint    ] Application time: 1.0001436 seconds
[346.624s][info ][safepoint    ] Entering safepoint region: Cleanup
[346.624s][info ][safepoint    ] Leaving safepoint region
[346.624s][info ][safepoint    ] Total time for which application threads were stopped: 0.0001250 seconds, Stopping threads took: 0.0000506 seconds
[347.624s][info ][safepoint    ] Application time: 1.0000905 seconds
[347.624s][info ][safepoint    ] Entering safepoint region: Cleanup
[347.624s][info ][safepoint    ] Leaving safepoint region
[347.624s][info ][safepoint    ] Total time for which application threads were stopped: 0.0001598 seconds, Stopping threads took: 0.0000443 seconds
[348.624s][info ][safepoint    ] Application time: 1.0001680 seconds
[348.625s][info ][safepoint    ] Entering safepoint region: Cleanup
[348.625s][info ][safepoint    ] Leaving safepoint region
[348.625s][info ][safepoint    ] Total time for which application threads were stopped: 0.0001406 seconds, Stopping threads took: 0.0000718 seconds
[349.329s][info ][safepoint    ] Application time: 0.7044227 seconds
[349.329s][info ][safepoint    ] Entering safepoint region: GenCollectForAllocation
[349.329s][info ][gc,start     ] GC(359) Pause Young (Allocation Failure)
[349.329s][info ][gc,task      ] GC(359) Using 4 workers of 4 for evacuation
[349.332s][debug][gc,ref       ] GC(359) Skipped phase1 of Reference Processing due to unavailable references
[349.333s][debug][gc,ref       ] GC(359) Skipped phase3 of Reference Processing due to unavailable references
[349.333s][debug][gc,ref       ] GC(359) Skipped phase4 of Reference Processing due to unavailable references
[349.333s][debug][gc,age       ] GC(359) Desired survivor size 15400960 bytes, new threshold 6 (max threshold 6)
[349.333s][info ][gc,heap      ] GC(359) ParNew: 242387K->1859K(270976K)
[349.333s][info ][gc,heap      ] GC(359) CMS: 328470K->328558K(602112K)
[349.333s][info ][gc,metaspace ] GC(359) Metaspace: 61656K->61656K(1105920K)
[349.333s][info ][gc           ] GC(359) Pause Young (Allocation Failure) 557M->322M(852M) 3.632ms
[349.333s][info ][gc,cpu       ] GC(359) User=0.01s Sys=0.00s Real=0.00s
[349.333s][info ][safepoint    ] Leaving safepoint region
[349.333s][info ][safepoint    ] Total time for which application threads were stopped: 0.0037839 seconds, Stopping threads took: 0.0000159 seconds
[350.333s][info ][safepoint    ] Application time: 1.0000935 seconds
[350.333s][info ][safepoint    ] Entering safepoint region: Cleanup
[350.333s][info ][safepoint    ] Leaving safepoint region
[350.333s][info ][safepoint    ] Total time for which application threads were stopped: 0.0000905 seconds, Stopping threads took: 0.0000312 seconds
[352.333s][info ][safepoint    ] Application time: 2.0002297 seconds
[352.333s][info ][safepoint    ] Entering safepoint region: Cleanup
[352.333s][info ][safepoint    ] Leaving safepoint region
[352.333s][info ][safepoint    ] Total time for which application threads were stopped: 0.0000785 seconds, Stopping threads took: 0.0000167 seconds
[353.069s][info ][safepoint    ] Application time: 0.7356158 seconds
[353.069s][info ][safepoint    ] Entering safepoint region: GenCollectForAllocation
[353.069s][info ][gc,start     ] GC(360) Pause Young (Allocation Failure)
[353.069s][info ][gc,task      ] GC(360) Using 4 workers of 4 for evacuation
[353.072s][debug][gc,ref       ] GC(360) Skipped phase1 of Reference Processing due to unavailable references
[353.072s][debug][gc,ref       ] GC(360) Skipped phase2 of Reference Processing due to unavailable references
[353.072s][debug][gc,ref       ] GC(360) Skipped phase3 of Reference Processing due to unavailable references
[353.072s][debug][gc,ref       ] GC(360) Skipped phase4 of Reference Processing due to unavailable references
[353.072s][debug][gc,age       ] GC(360) Desired survivor size 15400960 bytes, new threshold 6 (max threshold 6)
[353.072s][info ][gc,heap      ] GC(360) ParNew: 242755K->1883K(270976K)
[353.072s][info ][gc,heap      ] GC(360) CMS: 328558K->328693K(602112K)
[353.072s][info ][gc,metaspace ] GC(360) Metaspace: 61663K->61663K(1105920K)
[353.072s][info ][gc           ] GC(360) Pause Young (Allocation Failure) 557M->322M(852M) 3.104ms
[353.072s][info ][gc,cpu       ] GC(360) User=0.01s Sys=0.00s Real=0.00s
[353.072s][info ][safepoint    ] Leaving safepoint region
[353.072s][info ][safepoint    ] Total time for which application threads were stopped: 0.0032841 seconds, Stopping threads took: 0.0000494 seconds
[354.072s][info ][safepoint    ] Application time: 1.0001121 seconds
[354.073s][info ][safepoint    ] Entering safepoint region: Cleanup
[354.073s][info ][safepoint    ] Leaving safepoint region
[354.073s][info ][safepoint    ] Total time for which application threads were stopped: 0.0001119 seconds, Stopping threads took: 0.0000415 seconds
[356.073s][info ][safepoint    ] Application time: 2.0002490 seconds
[356.076s][info ][safepoint    ] Entering safepoint region: Cleanup
[356.076s][info ][safepoint    ] Leaving safepoint region
[356.076s][info ][safepoint    ] Total time for which application threads were stopped: 0.0031242 seconds, Stopping threads took: 0.0030506 seconds
[356.770s][info ][safepoint    ] Application time: 0.6940879 seconds
[356.770s][info ][safepoint    ] Entering safepoint region: GenCollectForAllocation
[356.770s][info ][gc,start     ] GC(361) Pause Young (Allocation Failure)
[356.770s][info ][gc,task      ] GC(361) Using 4 workers of 4 for evacuation
[356.774s][debug][gc,ref       ] GC(361) Skipped phase1 of Reference Processing due to unavailable references
[356.774s][debug][gc,ref       ] GC(361) Skipped phase2 of Reference Processing due to unavailable references
[356.774s][debug][gc,ref       ] GC(361) Skipped phase3 of Reference Processing due to unavailable references
[356.774s][debug][gc,ref       ] GC(361) Skipped phase4 of Reference Processing due to unavailable references
[356.775s][debug][gc,age       ] GC(361) Desired survivor size 15400960 bytes, new threshold 6 (max threshold 6)
[356.775s][info ][gc,heap      ] GC(361) ParNew: 242779K->1684K(270976K)
[356.775s][info ][gc,heap      ] GC(361) CMS: 328693K->328820K(602112K)
[356.775s][info ][gc,metaspace ] GC(361) Metaspace: 61664K->61664K(1105920K)
[356.775s][info ][gc           ] GC(361) Pause Young (Allocation Failure) 558M->322M(852M) 4.246ms
[356.775s][info ][gc,cpu       ] GC(361) User=0.01s Sys=0.00s Real=0.00s
[356.775s][info ][safepoint    ] Leaving safepoint region
[356.775s][info ][safepoint    ] Total time for which application threads were stopped: 0.0044013 seconds, Stopping threads took: 0.0000167 seconds
[360.519s][info ][safepoint    ] Application time: 3.7444686 seconds
[360.519s][info ][safepoint    ] Entering safepoint region: GenCollectForAllocation
[360.519s][info ][gc,start     ] GC(362) Pause Young (Allocation Failure)
[360.519s][info ][gc,task      ] GC(362) Using 4 workers of 4 for evacuation
[360.522s][debug][gc,ref       ] GC(362) Skipped phase1 of Reference Processing due to unavailable references
[360.522s][debug][gc,ref       ] GC(362) Skipped phase2 of Reference Processing due to unavailable references
[360.522s][debug][gc,ref       ] GC(362) Skipped phase3 of Reference Processing due to unavailable references
[360.522s][debug][gc,ref       ] GC(362) Skipped phase4 of Reference Processing due to unavailable references
[360.522s][debug][gc,age       ] GC(362) Desired survivor size 15400960 bytes, new threshold 6 (max threshold 6)
[360.522s][info ][gc,heap      ] GC(362) ParNew: 242580K->1677K(270976K)
[360.522s][info ][gc,heap      ] GC(362) CMS: 328820K->328925K(602112K)
[360.522s][info ][gc,metaspace ] GC(362) Metaspace: 61670K->61670K(1105920K)
[360.522s][info ][gc           ] GC(362) Pause Young (Allocation Failure) 558M->322M(852M) 2.981ms
[360.522s][info ][gc,cpu       ] GC(362) User=0.01s Sys=0.00s Real=0.01s
[360.522s][info ][safepoint    ] Leaving safepoint region
[360.522s][info ][safepoint    ] Total time for which application threads were stopped: 0.0031287 seconds, Stopping threads took: 0.0000151 seconds
[361.522s][info ][safepoint    ] Application time: 1.0000909 seconds
[361.522s][info ][safepoint    ] Entering safepoint region: Cleanup
[361.523s][info ][safepoint    ] Leaving safepoint region
[361.523s][info ][safepoint    ] Total time for which application threads were stopped: 0.0001094 seconds, Stopping threads took: 0.0000380 seconds
[363.523s][info ][safepoint    ] Application time: 2.0001988 seconds
[363.523s][info ][safepoint    ] Entering safepoint region: Cleanup
[363.523s][info ][safepoint    ] Leaving safepoint region
[363.523s][info ][safepoint    ] Total time for which application threads were stopped: 0.0001366 seconds, Stopping threads took: 0.0000708 seconds
[364.245s][info ][safepoint    ] Application time: 0.7217270 seconds
[364.245s][info ][safepoint    ] Entering safepoint region: GenCollectForAllocation
[364.245s][info ][gc,start     ] GC(363) Pause Young (Allocation Failure)
[364.245s][info ][gc,task      ] GC(363) Using 4 workers of 4 for evacuation
[364.247s][debug][gc,ref       ] GC(363) Skipped phase1 of Reference Processing due to unavailable references
[364.247s][debug][gc,ref       ] GC(363) Skipped phase2 of Reference Processing due to unavailable references
[364.247s][debug][gc,ref       ] GC(363) Skipped phase3 of Reference Processing due to unavailable references
[364.247s][debug][gc,ref       ] GC(363) Skipped phase4 of Reference Processing due to unavailable references
[364.248s][debug][gc,age       ] GC(363) Desired survivor size 15400960 bytes, new threshold 6 (max threshold 6)
[364.248s][info ][gc,heap      ] GC(363) ParNew: 242573K->1895K(270976K)
[364.248s][info ][gc,heap      ] GC(363) CMS: 328925K->329211K(602112K)
[364.248s][info ][gc,metaspace ] GC(363) Metaspace: 61673K->61673K(1105920K)
[364.248s][info ][gc           ] GC(363) Pause Young (Allocation Failure) 558M->323M(852M) 2.816ms
[364.248s][info ][gc,cpu       ] GC(363) User=0.01s Sys=0.00s Real=0.00s
[364.248s][info ][safepoint    ] Leaving safepoint region
[364.248s][info ][safepoint    ] Total time for which application threads were stopped: 0.0030035 seconds, Stopping threads took: 0.0000194 seconds
[367.248s][info ][safepoint    ] Application time: 3.0002971 seconds
[367.248s][info ][safepoint    ] Entering safepoint region: Cleanup
[367.248s][info ][safepoint    ] Leaving safepoint region
[367.248s][info ][safepoint    ] Total time for which application threads were stopped: 0.0000770 seconds, Stopping threads took: 0.0000177 seconds
[367.972s][info ][safepoint    ] Application time: 0.7237949 seconds
[367.972s][info ][safepoint    ] Entering safepoint region: GenCollectForAllocation
[367.972s][info ][gc,start     ] GC(364) Pause Young (Allocation Failure)
[367.972s][info ][gc,task      ] GC(364) Using 4 workers of 4 for evacuation
[367.975s][debug][gc,ref       ] GC(364) Skipped phase1 of Reference Processing due to unavailable references
[367.975s][debug][gc,ref       ] GC(364) Skipped phase2 of Reference Processing due to unavailable references
[367.975s][debug][gc,ref       ] GC(364) Skipped phase3 of Reference Processing due to unavailable references
[367.975s][debug][gc,ref       ] GC(364) Skipped phase4 of Reference Processing due to unavailable references
[367.975s][debug][gc,age       ] GC(364) Desired survivor size 15400960 bytes, new threshold 6 (max threshold 6)
[367.975s][info ][gc,heap      ] GC(364) ParNew: 242791K->1371K(270976K)
[367.975s][info ][gc,heap      ] GC(364) CMS: 329211K->329292K(602112K)
[367.975s][info ][gc,metaspace ] GC(364) Metaspace: 61675K->61675K(1105920K)
[367.975s][info ][gc           ] GC(364) Pause Young (Allocation Failure) 558M->322M(852M) 2.995ms
[367.975s][info ][gc,cpu       ] GC(364) User=0.00s Sys=0.00s Real=0.00s
[367.975s][info ][safepoint    ] Leaving safepoint region
[367.975s][info ][safepoint    ] Total time for which application threads were stopped: 0.0031681 seconds, Stopping threads took: 0.0000170 seconds
[370.975s][info ][safepoint    ] Application time: 3.0002740 seconds
[370.975s][info ][safepoint    ] Entering safepoint region: Cleanup
[370.976s][info ][safepoint    ] Leaving safepoint region
[370.976s][info ][safepoint    ] Total time for which application threads were stopped: 0.0003770 seconds, Stopping threads took: 0.0000745 seconds
[371.625s][info ][safepoint    ] Application time: 0.6487035 seconds
[371.625s][info ][safepoint    ] Entering safepoint region: GenCollectForAllocation
[371.625s][info ][gc,start     ] GC(365) Pause Young (Allocation Failure)
[371.625s][info ][gc,task      ] GC(365) Using 4 workers of 4 for evacuation
[371.628s][debug][gc,ref       ] GC(365) Skipped phase1 of Reference Processing due to unavailable references
[371.628s][debug][gc,ref       ] GC(365) Skipped phase2 of Reference Processing due to unavailable references
[371.628s][debug][gc,ref       ] GC(365) Skipped phase3 of Reference Processing due to unavailable references
[371.628s][debug][gc,ref       ] GC(365) Skipped phase4 of Reference Processing due to unavailable references
[371.628s][debug][gc,age       ] GC(365) Desired survivor size 15400960 bytes, new threshold 6 (max threshold 6)
[371.628s][info ][gc,heap      ] GC(365) ParNew: 242267K->1549K(270976K)
[371.628s][info ][gc,heap      ] GC(365) CMS: 329292K->329429K(602112K)
[371.628s][info ][gc,metaspace ] GC(365) Metaspace: 61680K->61680K(1105920K)
[371.628s][info ][gc           ] GC(365) Pause Young (Allocation Failure) 558M->323M(852M) 3.355ms
[371.628s][info ][gc,cpu       ] GC(365) User=0.01s Sys=0.00s Real=0.01s
[371.628s][info ][safepoint    ] Leaving safepoint region
[371.628s][info ][safepoint    ] Total time for which application threads were stopped: 0.0035153 seconds, Stopping threads took: 0.0000267 seconds
[372.628s][info ][safepoint    ] Application time: 1.0001401 seconds
[372.629s][info ][safepoint    ] Entering safepoint region: Cleanup
[372.629s][info ][safepoint    ] Leaving safepoint region
[372.629s][info ][safepoint    ] Total time for which application threads were stopped: 0.0009750 seconds, Stopping threads took: 0.0009072 seconds
[373.630s][info ][safepoint    ] Application time: 1.0000853 seconds
[373.630s][info ][safepoint    ] Entering safepoint region: Cleanup
[373.630s][info ][safepoint    ] Leaving safepoint region
[373.630s][info ][safepoint    ] Total time for which application threads were stopped: 0.0000776 seconds, Stopping threads took: 0.0000159 seconds
[375.324s][info ][safepoint    ] Application time: 1.6946092 seconds
[375.324s][info ][safepoint    ] Entering safepoint region: GenCollectForAllocation
[375.324s][info ][gc,start     ] GC(366) Pause Young (Allocation Failure)
[375.325s][info ][gc,task      ] GC(366) Using 4 workers of 4 for evacuation
[375.328s][debug][gc,ref       ] GC(366) Skipped phase1 of Reference Processing due to unavailable references
[375.328s][debug][gc,ref       ] GC(366) Skipped phase2 of Reference Processing due to unavailable references
[375.328s][debug][gc,ref       ] GC(366) Skipped phase3 of Reference Processing due to unavailable references
[375.328s][debug][gc,ref       ] GC(366) Skipped phase4 of Reference Processing due to unavailable references
[375.328s][debug][gc,age       ] GC(366) Desired survivor size 15400960 bytes, new threshold 6 (max threshold 6)
[375.328s][info ][gc,heap      ] GC(366) ParNew: 242445K->955K(270976K)
[375.328s][info ][gc,heap      ] GC(366) CMS: 329429K->329726K(602112K)
[375.328s][info ][gc,metaspace ] GC(366) Metaspace: 61689K->61689K(1105920K)
[375.328s][info ][gc           ] GC(366) Pause Young (Allocation Failure) 558M->322M(852M) 3.577ms
[375.328s][info ][gc,cpu       ] GC(366) User=0.02s Sys=0.00s Real=0.00s
[375.328s][info ][safepoint    ] Leaving safepoint region
[375.328s][info ][safepoint    ] Total time for which application threads were stopped: 0.0038302 seconds, Stopping threads took: 0.0000615 seconds
[377.328s][info ][safepoint    ] Application time: 2.0002214 seconds
[377.328s][info ][safepoint    ] Entering safepoint region: Cleanup
[377.329s][info ][safepoint    ] Leaving safepoint region
[377.329s][info ][safepoint    ] Total time for which application threads were stopped: 0.0001420 seconds, Stopping threads took: 0.0000497 seconds
[378.976s][info ][safepoint    ] Application time: 1.6478826 seconds
[378.976s][info ][safepoint    ] Entering safepoint region: GenCollectForAllocation
[378.977s][info ][gc,start     ] GC(367) Pause Young (Allocation Failure)
[378.977s][info ][gc,task      ] GC(367) Using 4 workers of 4 for evacuation
[378.979s][debug][gc,ref       ] GC(367) Skipped phase1 of Reference Processing due to unavailable references
[378.979s][debug][gc,ref       ] GC(367) Skipped phase2 of Reference Processing due to unavailable references
[378.979s][debug][gc,ref       ] GC(367) Skipped phase3 of Reference Processing due to unavailable references
[378.979s][debug][gc,ref       ] GC(367) Skipped phase4 of Reference Processing due to unavailable references
[378.979s][debug][gc,age       ] GC(367) Desired survivor size 15400960 bytes, new threshold 6 (max threshold 6)
[378.979s][info ][gc,heap      ] GC(367) ParNew: 241851K->791K(270976K)
[378.979s][info ][gc,heap      ] GC(367) CMS: 329726K->329871K(602112K)
[378.979s][info ][gc,metaspace ] GC(367) Metaspace: 61690K->61690K(1105920K)
[378.979s][info ][gc           ] GC(367) Pause Young (Allocation Failure) 558M->322M(852M) 2.534ms
[378.979s][info ][gc,cpu       ] GC(367) User=0.01s Sys=0.00s Real=0.00s
[378.979s][info ][safepoint    ] Leaving safepoint region
[378.979s][info ][safepoint    ] Total time for which application threads were stopped: 0.0026813 seconds, Stopping threads took: 0.0000171 seconds
[380.979s][info ][safepoint    ] Application time: 2.0001602 seconds
[380.979s][info ][safepoint    ] Entering safepoint region: Cleanup
[380.979s][info ][safepoint    ] Leaving safepoint region
[380.979s][info ][safepoint    ] Total time for which application threads were stopped: 0.0000800 seconds, Stopping threads took: 0.0000163 seconds
[381.971s][info ][safepoint    ] Application time: 0.9910994 seconds
[381.971s][info ][safepoint    ] Entering safepoint region: RevokeBias
[381.971s][info ][safepoint    ] Leaving safepoint region
[381.971s][info ][safepoint    ] Total time for which application threads were stopped: 0.0001636 seconds, Stopping threads took: 0.0000381 seconds
[381.974s][info ][safepoint    ] Application time: 0.0028620 seconds
[381.974s][info ][safepoint    ] Entering safepoint region: RevokeBias
[381.974s][info ][safepoint    ] Leaving safepoint region
[381.974s][info ][safepoint    ] Total time for which application threads were stopped: 0.0000591 seconds, Stopping threads took: 0.0000272 seconds
[382.619s][info ][safepoint    ] Application time: 0.6455189 seconds
[382.619s][info ][safepoint    ] Entering safepoint region: GenCollectForAllocation
[382.619s][info ][gc,start     ] GC(368) Pause Young (Allocation Failure)
[382.619s][info ][gc,task      ] GC(368) Using 4 workers of 4 for evacuation
[382.622s][debug][gc,ref       ] GC(368) Skipped phase1 of Reference Processing due to unavailable references
[382.622s][debug][gc,ref       ] GC(368) Skipped phase2 of Reference Processing due to unavailable references
[382.622s][debug][gc,ref       ] GC(368) Skipped phase3 of Reference Processing due to unavailable references
[382.622s][debug][gc,ref       ] GC(368) Skipped phase4 of Reference Processing due to unavailable references
[382.622s][debug][gc,age       ] GC(368) Desired survivor size 15400960 bytes, new threshold 6 (max threshold 6)
[382.622s][info ][gc,heap      ] GC(368) ParNew: 241687K->1161K(270976K)
[382.622s][info ][gc,heap      ] GC(368) CMS: 329871K->329913K(602112K)
[382.622s][info ][gc,metaspace ] GC(368) Metaspace: 61694K->61694K(1105920K)
[382.622s][info ][gc           ] GC(368) Pause Young (Allocation Failure) 558M->323M(852M) 2.880ms
[382.622s][info ][gc,cpu       ] GC(368) User=0.01s Sys=0.00s Real=0.01s
[382.622s][info ][safepoint    ] Leaving safepoint region
[382.622s][info ][safepoint    ] Total time for which application threads were stopped: 0.0030641 seconds, Stopping threads took: 0.0000405 seconds
[383.622s][info ][safepoint    ] Application time: 1.0001093 seconds
[383.622s][info ][safepoint    ] Entering safepoint region: Cleanup
[383.623s][info ][safepoint    ] Leaving safepoint region
[383.623s][info ][safepoint    ] Total time for which application threads were stopped: 0.0001159 seconds, Stopping threads took: 0.0000465 seconds
[385.623s][info ][safepoint    ] Application time: 2.0002396 seconds
[385.623s][info ][safepoint    ] Entering safepoint region: Cleanup
[385.623s][info ][safepoint    ] Leaving safepoint region
[385.623s][info ][safepoint    ] Total time for which application threads were stopped: 0.0001007 seconds, Stopping threads took: 0.0000403 seconds
[386.274s][info ][safepoint    ] Application time: 0.6511699 seconds
[386.274s][info ][safepoint    ] Entering safepoint region: GenCollectForAllocation
[386.274s][info ][gc,start     ] GC(369) Pause Young (Allocation Failure)
[386.274s][info ][gc,task      ] GC(369) Using 4 workers of 4 for evacuation
[386.277s][debug][gc,ref       ] GC(369) Skipped phase1 of Reference Processing due to unavailable references
[386.277s][debug][gc,ref       ] GC(369) Skipped phase2 of Reference Processing due to unavailable references
[386.277s][debug][gc,ref       ] GC(369) Skipped phase3 of Reference Processing due to unavailable references
[386.277s][debug][gc,ref       ] GC(369) Skipped phase4 of Reference Processing due to unavailable references
[386.277s][debug][gc,age       ] GC(369) Desired survivor size 15400960 bytes, new threshold 6 (max threshold 6)
[386.277s][info ][gc,heap      ] GC(369) ParNew: 242057K->1095K(270976K)
[386.277s][info ][gc,heap      ] GC(369) CMS: 329913K->330034K(602112K)
[386.277s][info ][gc,metaspace ] GC(369) Metaspace: 61694K->61694K(1105920K)
[386.277s][info ][gc           ] GC(369) Pause Young (Allocation Failure) 558M->323M(852M) 3.005ms
[386.277s][info ][gc,cpu       ] GC(369) User=0.01s Sys=0.00s Real=0.00s
[386.277s][info ][safepoint    ] Leaving safepoint region
[386.277s][info ][safepoint    ] Total time for which application threads were stopped: 0.0031608 seconds, Stopping threads took: 0.0000146 seconds
[387.277s][info ][safepoint    ] Application time: 1.0001371 seconds
[387.278s][info ][safepoint    ] Entering safepoint region: Cleanup
[387.278s][info ][safepoint    ] Leaving safepoint region
[387.278s][info ][safepoint    ] Total time for which application threads were stopped: 0.0001421 seconds, Stopping threads took: 0.0000780 seconds
[387.661s][info ][safepoint    ] Application time: 0.3835029 seconds
[387.661s][info ][safepoint    ] Entering safepoint region: RevokeBias
[387.661s][info ][safepoint    ] Leaving safepoint region
[387.661s][info ][safepoint    ] Total time for which application threads were stopped: 0.0000711 seconds, Stopping threads took: 0.0000144 seconds
[388.661s][info ][safepoint    ] Application time: 1.0001317 seconds
[388.661s][info ][safepoint    ] Entering safepoint region: Cleanup
[388.661s][info ][safepoint    ] Leaving safepoint region
[388.661s][info ][safepoint    ] Total time for which application threads were stopped: 0.0000681 seconds, Stopping threads took: 0.0000161 seconds
[389.922s][info ][safepoint    ] Application time: 1.2601628 seconds
[389.922s][info ][safepoint    ] Entering safepoint region: GenCollectForAllocation
[389.922s][info ][gc,start     ] GC(370) Pause Young (Allocation Failure)
[389.922s][info ][gc,task      ] GC(370) Using 4 workers of 4 for evacuation
[389.924s][debug][gc,ref       ] GC(370) Skipped phase1 of Reference Processing due to unavailable references
[389.924s][debug][gc,ref       ] GC(370) Skipped phase2 of Reference Processing due to unavailable references
[389.924s][debug][gc,ref       ] GC(370) Skipped phase3 of Reference Processing due to unavailable references
[389.924s][debug][gc,ref       ] GC(370) Skipped phase4 of Reference Processing due to unavailable references
[389.924s][debug][gc,age       ] GC(370) Desired survivor size 15400960 bytes, new threshold 6 (max threshold 6)
[389.925s][info ][gc,heap      ] GC(370) ParNew: 241991K->1328K(270976K)
[389.925s][info ][gc,heap      ] GC(370) CMS: 330034K->330080K(602112K)
[389.925s][info ][gc,metaspace ] GC(370) Metaspace: 61696K->61696K(1105920K)
[389.925s][info ][gc           ] GC(370) Pause Young (Allocation Failure) 558M->323M(852M) 2.788ms
[389.925s][info ][gc,cpu       ] GC(370) User=0.01s Sys=0.00s Real=0.00s
[389.925s][info ][safepoint    ] Leaving safepoint region
[389.925s][info ][safepoint    ] Total time for which application threads were stopped: 0.0029187 seconds, Stopping threads took: 0.0000138 seconds
[390.925s][info ][safepoint    ] Application time: 1.0001279 seconds
[390.925s][info ][safepoint    ] Entering safepoint region: Cleanup
[390.925s][info ][safepoint    ] Leaving safepoint region
[390.925s][info ][safepoint    ] Total time for which application threads were stopped: 0.0005562 seconds, Stopping threads took: 0.0004909 seconds
[391.925s][info ][safepoint    ] Application time: 1.0001168 seconds
[391.925s][info ][safepoint    ] Entering safepoint region: Cleanup
[391.926s][info ][safepoint    ] Leaving safepoint region
[391.926s][info ][safepoint    ] Total time for which application threads were stopped: 0.0000923 seconds, Stopping threads took: 0.0000421 seconds
[393.574s][info ][safepoint    ] Application time: 1.6482242 seconds
[393.574s][info ][safepoint    ] Entering safepoint region: GenCollectForAllocation
[393.574s][info ][gc,start     ] GC(371) Pause Young (Allocation Failure)
[393.574s][info ][gc,task      ] GC(371) Using 4 workers of 4 for evacuation
[393.576s][debug][gc,ref       ] GC(371) Skipped phase1 of Reference Processing due to unavailable references
[393.576s][debug][gc,ref       ] GC(371) Skipped phase2 of Reference Processing due to unavailable references
[393.576s][debug][gc,ref       ] GC(371) Skipped phase3 of Reference Processing due to unavailable references
[393.576s][debug][gc,ref       ] GC(371) Skipped phase4 of Reference Processing due to unavailable references
[393.577s][debug][gc,age       ] GC(371) Desired survivor size 15400960 bytes, new threshold 6 (max threshold 6)
[393.577s][info ][gc,heap      ] GC(371) ParNew: 242224K->1225K(270976K)
[393.577s][info ][gc,heap      ] GC(371) CMS: 330080K->330142K(602112K)
[393.577s][info ][gc,metaspace ] GC(371) Metaspace: 61704K->61704K(1105920K)
[393.577s][info ][gc           ] GC(371) Pause Young (Allocation Failure) 558M->323M(852M) 2.834ms
[393.577s][info ][gc,cpu       ] GC(371) User=0.01s Sys=0.00s Real=0.00s
[393.577s][info ][safepoint    ] Leaving safepoint region
[393.577s][info ][safepoint    ] Total time for which application threads were stopped: 0.0029759 seconds, Stopping threads took: 0.0000301 seconds
[395.577s][info ][safepoint    ] Application time: 2.0001942 seconds
[395.577s][info ][safepoint    ] Entering safepoint region: Cleanup
[395.577s][info ][safepoint    ] Leaving safepoint region
[395.577s][info ][safepoint    ] Total time for which application threads were stopped: 0.0001395 seconds, Stopping threads took: 0.0000638 seconds
[397.170s][info ][safepoint    ] Application time: 1.5924191 seconds
[397.170s][info ][safepoint    ] Entering safepoint region: GenCollectForAllocation
[397.170s][info ][gc,start     ] GC(372) Pause Young (Allocation Failure)
[397.170s][info ][gc,task      ] GC(372) Using 4 workers of 4 for evacuation
[397.172s][debug][gc,ref       ] GC(372) Skipped phase1 of Reference Processing due to unavailable references
[397.172s][debug][gc,ref       ] GC(372) Skipped phase2 of Reference Processing due to unavailable references
[397.172s][debug][gc,ref       ] GC(372) Skipped phase3 of Reference Processing due to unavailable references
[397.172s][debug][gc,ref       ] GC(372) Skipped phase4 of Reference Processing due to unavailable references
[397.172s][debug][gc,age       ] GC(372) Desired survivor size 15400960 bytes, new threshold 6 (max threshold 6)
[397.172s][info ][gc,heap      ] GC(372) ParNew: 242121K->1372K(270976K)
[397.172s][info ][gc,heap      ] GC(372) CMS: 330142K->330166K(602112K)
[397.172s][info ][gc,metaspace ] GC(372) Metaspace: 61705K->61705K(1105920K)
[397.172s][info ][gc           ] GC(372) Pause Young (Allocation Failure) 558M->323M(852M) 2.697ms
[397.172s][info ][gc,cpu       ] GC(372) User=0.01s Sys=0.00s Real=0.00s
[397.172s][info ][safepoint    ] Leaving safepoint region
[397.173s][info ][safepoint    ] Total time for which application threads were stopped: 0.0028940 seconds, Stopping threads took: 0.0000729 seconds
[400.173s][info ][safepoint    ] Application time: 3.0003583 seconds
[400.173s][info ][safepoint    ] Entering safepoint region: Cleanup
[400.173s][info ][safepoint    ] Leaving safepoint region
[400.173s][info ][safepoint    ] Total time for which application threads were stopped: 0.0001601 seconds, Stopping threads took: 0.0000520 seconds
[400.870s][info ][safepoint    ] Application time: 0.6972660 seconds
[400.871s][info ][safepoint    ] Entering safepoint region: GenCollectForAllocation
[400.871s][info ][gc,start     ] GC(373) Pause Young (Allocation Failure)
[400.871s][info ][gc,task      ] GC(373) Using 4 workers of 4 for evacuation
[400.874s][debug][gc,ref       ] GC(373) Skipped phase1 of Reference Processing due to unavailable references
[400.874s][debug][gc,ref       ] GC(373) Skipped phase2 of Reference Processing due to unavailable references
[400.874s][debug][gc,ref       ] GC(373) Skipped phase3 of Reference Processing due to unavailable references
[400.874s][debug][gc,ref       ] GC(373) Skipped phase4 of Reference Processing due to unavailable references
[400.874s][debug][gc,age       ] GC(373) Desired survivor size 15400960 bytes, new threshold 6 (max threshold 6)
[400.874s][info ][gc,heap      ] GC(373) ParNew: 242268K->1293K(270976K)
[400.874s][info ][gc,heap      ] GC(373) CMS: 330166K->330228K(602112K)
[400.874s][info ][gc,metaspace ] GC(373) Metaspace: 61723K->61723K(1105920K)
[400.874s][info ][gc           ] GC(373) Pause Young (Allocation Failure) 559M->323M(852M) 3.006ms
[400.874s][info ][gc,cpu       ] GC(373) User=0.00s Sys=0.01s Real=0.00s
[400.874s][info ][safepoint    ] Leaving safepoint region
[400.874s][info ][safepoint    ] Total time for which application threads were stopped: 0.0036242 seconds, Stopping threads took: 0.0004669 seconds
[401.874s][info ][safepoint    ] Application time: 1.0001375 seconds
[401.874s][info ][safepoint    ] Entering safepoint region: Cleanup
[401.874s][info ][safepoint    ] Leaving safepoint region
[401.874s][info ][safepoint    ] Total time for which application threads were stopped: 0.0001435 seconds, Stopping threads took: 0.0000685 seconds
[402.874s][info ][safepoint    ] Application time: 1.0000747 seconds
[402.874s][info ][safepoint    ] Entering safepoint region: Cleanup
[402.875s][info ][safepoint    ] Leaving safepoint region
[402.875s][info ][safepoint    ] Total time for which application threads were stopped: 0.0001450 seconds, Stopping threads took: 0.0000656 seconds
[403.875s][info ][safepoint    ] Application time: 1.0001300 seconds
[403.875s][info ][safepoint    ] Entering safepoint region: Cleanup
[403.875s][info ][safepoint    ] Leaving safepoint region
[403.875s][info ][safepoint    ] Total time for which application threads were stopped: 0.0001849 seconds, Stopping threads took: 0.0000702 seconds
[404.527s][info ][safepoint    ] Application time: 0.6517815 seconds
[404.527s][info ][safepoint    ] Entering safepoint region: GenCollectForAllocation
[404.527s][info ][gc,start     ] GC(374) Pause Young (Allocation Failure)
[404.527s][info ][gc,task      ] GC(374) Using 4 workers of 4 for evacuation
[404.530s][debug][gc,ref       ] GC(374) Skipped phase1 of Reference Processing due to unavailable references
[404.530s][debug][gc,ref       ] GC(374) Skipped phase2 of Reference Processing due to unavailable references
[404.530s][debug][gc,ref       ] GC(374) Skipped phase3 of Reference Processing due to unavailable references
[404.530s][debug][gc,ref       ] GC(374) Skipped phase4 of Reference Processing due to unavailable references
[404.531s][debug][gc,age       ] GC(374) Desired survivor size 15400960 bytes, new threshold 6 (max threshold 6)
[404.531s][info ][gc,heap      ] GC(374) ParNew: 242189K->1368K(270976K)
[404.531s][info ][gc,heap      ] GC(374) CMS: 330228K->330332K(602112K)
[404.531s][info ][gc,metaspace ] GC(374) Metaspace: 61723K->61723K(1105920K)
[404.531s][info ][gc           ] GC(374) Pause Young (Allocation Failure) 559M->323M(852M) 3.863ms
[404.531s][info ][gc,cpu       ] GC(374) User=0.01s Sys=0.00s Real=0.01s
[404.531s][info ][safepoint    ] Leaving safepoint region
[404.531s][info ][safepoint    ] Total time for which application threads were stopped: 0.0040350 seconds, Stopping threads took: 0.0000146 seconds
[405.531s][info ][safepoint    ] Application time: 1.0001308 seconds
[405.531s][info ][safepoint    ] Entering safepoint region: Cleanup
[405.531s][info ][safepoint    ] Leaving safepoint region
[405.531s][info ][safepoint    ] Total time for which application threads were stopped: 0.0001154 seconds, Stopping threads took: 0.0000596 seconds
[406.531s][info ][safepoint    ] Application time: 1.0000820 seconds
[406.531s][info ][safepoint    ] Entering safepoint region: Cleanup
[406.531s][info ][safepoint    ] Leaving safepoint region
[406.531s][info ][safepoint    ] Total time for which application threads were stopped: 0.0000852 seconds, Stopping threads took: 0.0000141 seconds
[407.531s][info ][safepoint    ] Application time: 1.0001103 seconds
[407.531s][info ][safepoint    ] Entering safepoint region: Cleanup
[407.531s][info ][safepoint    ] Leaving safepoint region
[407.531s][info ][safepoint    ] Total time for which application threads were stopped: 0.0000668 seconds, Stopping threads took: 0.0000149 seconds
[408.225s][info ][safepoint    ] Application time: 0.6932455 seconds
[408.225s][info ][safepoint    ] Entering safepoint region: GenCollectForAllocation
[408.225s][info ][gc,start     ] GC(375) Pause Young (Allocation Failure)
[408.225s][info ][gc,task      ] GC(375) Using 4 workers of 4 for evacuation
[408.228s][debug][gc,ref       ] GC(375) Skipped phase1 of Reference Processing due to unavailable references
[408.228s][debug][gc,ref       ] GC(375) Skipped phase2 of Reference Processing due to unavailable references
[408.228s][debug][gc,ref       ] GC(375) Skipped phase3 of Reference Processing due to unavailable references
[408.228s][debug][gc,ref       ] GC(375) Skipped phase4 of Reference Processing due to unavailable references
[408.228s][debug][gc,age       ] GC(375) Desired survivor size 15400960 bytes, new threshold 6 (max threshold 6)
[408.228s][info ][gc,heap      ] GC(375) ParNew: 242264K->1420K(270976K)
[408.228s][info ][gc,heap      ] GC(375) CMS: 330332K->330422K(602112K)
[408.228s][info ][gc,metaspace ] GC(375) Metaspace: 61733K->61733K(1105920K)
[408.228s][info ][gc           ] GC(375) Pause Young (Allocation Failure) 559M->324M(852M) 3.351ms
[408.228s][info ][gc,cpu       ] GC(375) User=0.01s Sys=0.00s Real=0.01s
[408.228s][info ][safepoint    ] Leaving safepoint region
[408.228s][info ][safepoint    ] Total time for which application threads were stopped: 0.0034984 seconds, Stopping threads took: 0.0000225 seconds
[409.228s][info ][safepoint    ] Application time: 1.0000991 seconds
[409.228s][info ][safepoint    ] Entering safepoint region: Cleanup
[409.229s][info ][safepoint    ] Leaving safepoint region
[409.229s][info ][safepoint    ] Total time for which application threads were stopped: 0.0001317 seconds, Stopping threads took: 0.0000646 seconds
[411.229s][info ][safepoint    ] Application time: 2.0002397 seconds
[411.229s][info ][safepoint    ] Entering safepoint region: Cleanup
[411.229s][info ][safepoint    ] Leaving safepoint region
[411.229s][info ][safepoint    ] Total time for which application threads were stopped: 0.0000666 seconds, Stopping threads took: 0.0000158 seconds
[411.927s][info ][safepoint    ] Application time: 0.6979191 seconds
[411.927s][info ][safepoint    ] Entering safepoint region: GenCollectForAllocation
[411.927s][info ][gc,start     ] GC(376) Pause Young (Allocation Failure)
[411.927s][info ][gc,task      ] GC(376) Using 4 workers of 4 for evacuation
[411.929s][debug][gc,ref       ] GC(376) Skipped phase1 of Reference Processing due to unavailable references
[411.929s][debug][gc,ref       ] GC(376) Skipped phase2 of Reference Processing due to unavailable references
[411.929s][debug][gc,ref       ] GC(376) Skipped phase3 of Reference Processing due to unavailable references
[411.929s][debug][gc,ref       ] GC(376) Skipped phase4 of Reference Processing due to unavailable references
[411.930s][debug][gc,age       ] GC(376) Desired survivor size 15400960 bytes, new threshold 6 (max threshold 6)
[411.930s][info ][gc,heap      ] GC(376) ParNew: 242316K->1313K(270976K)
[411.930s][info ][gc,heap      ] GC(376) CMS: 330422K->330454K(602112K)
[411.930s][info ][gc,metaspace ] GC(376) Metaspace: 61735K->61735K(1105920K)
[411.930s][info ][gc           ] GC(376) Pause Young (Allocation Failure) 559M->323M(852M) 2.620ms
[411.930s][info ][gc,cpu       ] GC(376) User=0.01s Sys=0.00s Real=0.01s
[411.930s][info ][safepoint    ] Leaving safepoint region
[411.930s][info ][safepoint    ] Total time for which application threads were stopped: 0.0028089 seconds, Stopping threads took: 0.0000340 seconds
[414.930s][info ][safepoint    ] Application time: 3.0003112 seconds
[414.930s][info ][safepoint    ] Entering safepoint region: Cleanup
[414.930s][info ][safepoint    ] Leaving safepoint region
[414.930s][info ][safepoint    ] Total time for which application threads were stopped: 0.0000696 seconds, Stopping threads took: 0.0000157 seconds
[415.621s][info ][safepoint    ] Application time: 0.6913328 seconds
[415.621s][info ][safepoint    ] Entering safepoint region: GenCollectForAllocation
[415.622s][info ][gc,start     ] GC(377) Pause Young (Allocation Failure)
[415.622s][info ][gc,task      ] GC(377) Using 4 workers of 4 for evacuation
[415.624s][debug][gc,ref       ] GC(377) Skipped phase1 of Reference Processing due to unavailable references
[415.624s][debug][gc,ref       ] GC(377) Skipped phase2 of Reference Processing due to unavailable references
[415.624s][debug][gc,ref       ] GC(377) Skipped phase3 of Reference Processing due to unavailable references
[415.624s][debug][gc,ref       ] GC(377) Skipped phase4 of Reference Processing due to unavailable references
[415.625s][debug][gc,age       ] GC(377) Desired survivor size 15400960 bytes, new threshold 6 (max threshold 6)
[415.625s][info ][gc,heap      ] GC(377) ParNew: 242209K->1305K(270976K)
[415.625s][info ][gc,heap      ] GC(377) CMS: 330454K->330480K(602112K)
[415.625s][info ][gc,metaspace ] GC(377) Metaspace: 61735K->61735K(1105920K)
[415.625s][info ][gc           ] GC(377) Pause Young (Allocation Failure) 559M->324M(852M) 3.077ms
[415.625s][info ][gc,cpu       ] GC(377) User=0.00s Sys=0.01s Real=0.00s
[415.625s][info ][safepoint    ] Leaving safepoint region
[415.625s][info ][safepoint    ] Total time for which application threads were stopped: 0.0032052 seconds, Stopping threads took: 0.0000143 seconds
[418.625s][info ][safepoint    ] Application time: 3.0002954 seconds
[418.625s][info ][safepoint    ] Entering safepoint region: Cleanup
[418.625s][info ][safepoint    ] Leaving safepoint region
[418.625s][info ][safepoint    ] Total time for which application threads were stopped: 0.0001007 seconds, Stopping threads took: 0.0000433 seconds
[419.327s][info ][safepoint    ] Application time: 0.7020674 seconds
[419.327s][info ][safepoint    ] Entering safepoint region: GenCollectForAllocation
[419.327s][info ][gc,start     ] GC(378) Pause Young (Allocation Failure)
[419.327s][info ][gc,task      ] GC(378) Using 4 workers of 4 for evacuation
[419.330s][debug][gc,ref       ] GC(378) Skipped phase1 of Reference Processing due to unavailable references
[419.330s][debug][gc,ref       ] GC(378) Skipped phase2 of Reference Processing due to unavailable references
[419.330s][debug][gc,ref       ] GC(378) Skipped phase3 of Reference Processing due to unavailable references
[419.330s][debug][gc,ref       ] GC(378) Skipped phase4 of Reference Processing due to unavailable references
[419.330s][debug][gc,age       ] GC(378) Desired survivor size 15400960 bytes, new threshold 6 (max threshold 6)
[419.330s][info ][gc,heap      ] GC(378) ParNew: 242201K->1133K(270976K)
[419.330s][info ][gc,heap      ] GC(378) CMS: 330480K->330582K(602112K)
[419.330s][info ][gc,metaspace ] GC(378) Metaspace: 61736K->61736K(1105920K)
[419.330s][info ][gc           ] GC(378) Pause Young (Allocation Failure) 559M->323M(852M) 2.952ms
[419.330s][info ][gc,cpu       ] GC(378) User=0.01s Sys=0.00s Real=0.01s
[419.330s][info ][safepoint    ] Leaving safepoint region
[419.330s][info ][safepoint    ] Total time for which application threads were stopped: 0.0030975 seconds, Stopping threads took: 0.0000148 seconds
[421.331s][info ][safepoint    ] Application time: 2.0001645 seconds
[421.331s][info ][safepoint    ] Entering safepoint region: Cleanup
[421.331s][info ][safepoint    ] Leaving safepoint region
[421.331s][info ][safepoint    ] Total time for which application threads were stopped: 0.0000629 seconds, Stopping threads took: 0.0000143 seconds
[423.128s][info ][safepoint    ] Application time: 1.7974084 seconds
[423.128s][info ][safepoint    ] Entering safepoint region: GenCollectForAllocation
[423.128s][info ][gc,start     ] GC(379) Pause Young (Allocation Failure)
[423.128s][info ][gc,task      ] GC(379) Using 4 workers of 4 for evacuation
[423.130s][debug][gc,ref       ] GC(379) Skipped phase1 of Reference Processing due to unavailable references
[423.130s][debug][gc,ref       ] GC(379) Skipped phase2 of Reference Processing due to unavailable references
[423.130s][debug][gc,ref       ] GC(379) Skipped phase3 of Reference Processing due to unavailable references
[423.130s][debug][gc,ref       ] GC(379) Skipped phase4 of Reference Processing due to unavailable references
[423.131s][debug][gc,age       ] GC(379) Desired survivor size 15400960 bytes, new threshold 6 (max threshold 6)
[423.131s][info ][gc,heap      ] GC(379) ParNew: 242029K->1331K(270976K)
[423.131s][info ][gc,heap      ] GC(379) CMS: 330582K->330628K(602112K)
[423.131s][info ][gc,metaspace ] GC(379) Metaspace: 61741K->61741K(1105920K)
[423.131s][info ][gc           ] GC(379) Pause Young (Allocation Failure) 559M->324M(852M) 2.699ms
[423.131s][info ][gc,cpu       ] GC(379) User=0.01s Sys=0.00s Real=0.01s
[423.131s][info ][safepoint    ] Leaving safepoint region
[423.131s][info ][safepoint    ] Total time for which application threads were stopped: 0.0028423 seconds, Stopping threads took: 0.0000160 seconds
[424.131s][info ][safepoint    ] Application time: 1.0001046 seconds
[424.131s][info ][safepoint    ] Entering safepoint region: Cleanup
[424.131s][info ][safepoint    ] Leaving safepoint region
[424.131s][info ][safepoint    ] Total time for which application threads were stopped: 0.0000750 seconds, Stopping threads took: 0.0000262 seconds
[426.131s][info ][safepoint    ] Application time: 2.0001747 seconds
[426.131s][info ][safepoint    ] Entering safepoint region: Cleanup
[426.131s][info ][safepoint    ] Leaving safepoint region
[426.131s][info ][safepoint    ] Total time for which application threads were stopped: 0.0001467 seconds, Stopping threads took: 0.0000423 seconds
[426.869s][info ][safepoint    ] Application time: 0.7380060 seconds
[426.870s][info ][safepoint    ] Entering safepoint region: GenCollectForAllocation
[426.870s][info ][gc,start     ] GC(380) Pause Young (Allocation Failure)
[426.870s][info ][gc,task      ] GC(380) Using 4 workers of 4 for evacuation
[426.873s][debug][gc,ref       ] GC(380) Skipped phase1 of Reference Processing due to unavailable references
[426.873s][debug][gc,ref       ] GC(380) Skipped phase2 of Reference Processing due to unavailable references
[426.873s][debug][gc,ref       ] GC(380) Skipped phase3 of Reference Processing due to unavailable references
[426.873s][debug][gc,ref       ] GC(380) Skipped phase4 of Reference Processing due to unavailable references
[426.873s][debug][gc,age       ] GC(380) Desired survivor size 15400960 bytes, new threshold 6 (max threshold 6)
[426.873s][info ][gc,heap      ] GC(380) ParNew: 242227K->1255K(270976K)
[426.873s][info ][gc,heap      ] GC(380) CMS: 330628K->330756K(602112K)
[426.873s][info ][gc,metaspace ] GC(380) Metaspace: 61744K->61744K(1105920K)
[426.873s][info ][gc           ] GC(380) Pause Young (Allocation Failure) 559M->324M(852M) 3.554ms
[426.873s][info ][gc,cpu       ] GC(380) User=0.01s Sys=0.00s Real=0.00s
[426.873s][info ][safepoint    ] Leaving safepoint region
[426.873s][info ][safepoint    ] Total time for which application threads were stopped: 0.0037617 seconds, Stopping threads took: 0.0000454 seconds
[427.873s][info ][safepoint    ] Application time: 1.0001278 seconds
[427.874s][info ][safepoint    ] Entering safepoint region: Cleanup
[427.874s][info ][safepoint    ] Leaving safepoint region
[427.874s][info ][safepoint    ] Total time for which application threads were stopped: 0.0001460 seconds, Stopping threads took: 0.0000653 seconds
[430.578s][info ][safepoint    ] Application time: 2.7040970 seconds
[430.578s][info ][safepoint    ] Entering safepoint region: GenCollectForAllocation
[430.578s][info ][gc,start     ] GC(381) Pause Young (Allocation Failure)
[430.578s][info ][gc,task      ] GC(381) Using 4 workers of 4 for evacuation
[430.581s][debug][gc,ref       ] GC(381) Skipped phase1 of Reference Processing due to unavailable references
[430.581s][debug][gc,ref       ] GC(381) Skipped phase2 of Reference Processing due to unavailable references
[430.581s][debug][gc,ref       ] GC(381) Skipped phase3 of Reference Processing due to unavailable references
[430.581s][debug][gc,ref       ] GC(381) Skipped phase4 of Reference Processing due to unavailable references
[430.582s][debug][gc,age       ] GC(381) Desired survivor size 15400960 bytes, new threshold 6 (max threshold 6)
[430.582s][info ][gc,heap      ] GC(381) ParNew: 242151K->1356K(270976K)
[430.582s][info ][gc,heap      ] GC(381) CMS: 330756K->330816K(602112K)
[430.582s][info ][gc,metaspace ] GC(381) Metaspace: 61745K->61745K(1105920K)
[430.582s][info ][gc           ] GC(381) Pause Young (Allocation Failure) 559M->324M(852M) 3.643ms
[430.582s][info ][gc,cpu       ] GC(381) User=0.02s Sys=0.00s Real=0.01s
[430.582s][info ][safepoint    ] Leaving safepoint region
[430.582s][info ][safepoint    ] Total time for which application threads were stopped: 0.0038621 seconds, Stopping threads took: 0.0000350 seconds
[433.582s][info ][safepoint    ] Application time: 3.0002334 seconds
[433.582s][info ][safepoint    ] Entering safepoint region: Cleanup
[433.582s][info ][safepoint    ] Leaving safepoint region
[433.582s][info ][safepoint    ] Total time for which application threads were stopped: 0.0000716 seconds, Stopping threads took: 0.0000141 seconds
[434.325s][info ][safepoint    ] Application time: 0.7426876 seconds
[434.325s][info ][safepoint    ] Entering safepoint region: GenCollectForAllocation
[434.325s][info ][gc,start     ] GC(382) Pause Young (Allocation Failure)
[434.325s][info ][gc,task      ] GC(382) Using 4 workers of 4 for evacuation
[434.327s][debug][gc,ref       ] GC(382) Skipped phase1 of Reference Processing due to unavailable references
[434.327s][debug][gc,ref       ] GC(382) Skipped phase2 of Reference Processing due to unavailable references
[434.327s][debug][gc,ref       ] GC(382) Skipped phase3 of Reference Processing due to unavailable references
[434.327s][debug][gc,ref       ] GC(382) Skipped phase4 of Reference Processing due to unavailable references
[434.328s][debug][gc,age       ] GC(382) Desired survivor size 15400960 bytes, new threshold 6 (max threshold 6)
[434.328s][info ][gc,heap      ] GC(382) ParNew: 242252K->1296K(270976K)
[434.328s][info ][gc,heap      ] GC(382) CMS: 330816K->330872K(602112K)
[434.328s][info ][gc,metaspace ] GC(382) Metaspace: 61745K->61745K(1105920K)
[434.328s][info ][gc           ] GC(382) Pause Young (Allocation Failure) 559M->324M(852M) 2.816ms
[434.328s][info ][gc,cpu       ] GC(382) User=0.01s Sys=0.00s Real=0.00s
[434.328s][info ][safepoint    ] Leaving safepoint region
[434.328s][info ][safepoint    ] Total time for which application threads were stopped: 0.0029738 seconds, Stopping threads took: 0.0000134 seconds
[435.328s][info ][safepoint    ] Application time: 1.0001337 seconds
[435.328s][info ][safepoint    ] Entering safepoint region: Cleanup
[435.328s][info ][safepoint    ] Leaving safepoint region
[435.328s][info ][safepoint    ] Total time for which application threads were stopped: 0.0000994 seconds, Stopping threads took: 0.0000416 seconds
[437.947s][info ][safepoint    ] Application time: 2.6186862 seconds
[437.947s][info ][safepoint    ] Entering safepoint region: GenCollectForAllocation
[437.947s][info ][gc,start     ] GC(383) Pause Young (Allocation Failure)
[437.947s][info ][gc,task      ] GC(383) Using 4 workers of 4 for evacuation
[437.949s][debug][gc,ref       ] GC(383) Skipped phase1 of Reference Processing due to unavailable references
[437.949s][debug][gc,ref       ] GC(383) Skipped phase2 of Reference Processing due to unavailable references
[437.949s][debug][gc,ref       ] GC(383) Skipped phase3 of Reference Processing due to unavailable references
[437.949s][debug][gc,ref       ] GC(383) Skipped phase4 of Reference Processing due to unavailable references
[437.949s][debug][gc,age       ] GC(383) Desired survivor size 15400960 bytes, new threshold 6 (max threshold 6)
[437.949s][info ][gc,heap      ] GC(383) ParNew: 242192K->1407K(270976K)
[437.949s][info ][gc,heap      ] GC(383) CMS: 330872K->330929K(602112K)
[437.949s][info ][gc,metaspace ] GC(383) Metaspace: 61748K->61748K(1105920K)
[437.949s][info ][gc           ] GC(383) Pause Young (Allocation Failure) 559M->324M(852M) 2.673ms
[437.949s][info ][gc,cpu       ] GC(383) User=0.00s Sys=0.00s Real=0.01s
[437.949s][info ][safepoint    ] Leaving safepoint region
[437.949s][info ][safepoint    ] Total time for which application threads were stopped: 0.0028138 seconds, Stopping threads took: 0.0000148 seconds
[441.673s][info ][safepoint    ] Application time: 3.7238151 seconds
[441.673s][info ][safepoint    ] Entering safepoint region: GenCollectForAllocation
[441.673s][info ][gc,start     ] GC(384) Pause Young (Allocation Failure)
[441.673s][info ][gc,task      ] GC(384) Using 4 workers of 4 for evacuation
[441.676s][debug][gc,ref       ] GC(384) Skipped phase1 of Reference Processing due to unavailable references
[441.676s][debug][gc,ref       ] GC(384) Skipped phase2 of Reference Processing due to unavailable references
[441.676s][debug][gc,ref       ] GC(384) Skipped phase3 of Reference Processing due to unavailable references
[441.676s][debug][gc,ref       ] GC(384) Skipped phase4 of Reference Processing due to unavailable references
[441.677s][debug][gc,age       ] GC(384) Desired survivor size 15400960 bytes, new threshold 6 (max threshold 6)
[441.677s][info ][gc,heap      ] GC(384) ParNew: 242303K->1016K(270976K)
[441.677s][info ][gc,heap      ] GC(384) CMS: 330929K->331060K(602112K)
[441.677s][info ][gc,metaspace ] GC(384) Metaspace: 61751K->61751K(1105920K)
[441.677s][info ][gc           ] GC(384) Pause Young (Allocation Failure) 559M->324M(852M) 3.163ms
[441.677s][info ][gc,cpu       ] GC(384) User=0.01s Sys=0.00s Real=0.00s
[441.677s][info ][safepoint    ] Leaving safepoint region
[441.677s][info ][safepoint    ] Total time for which application threads were stopped: 0.0033209 seconds, Stopping threads took: 0.0000159 seconds
[442.677s][info ][safepoint    ] Application time: 1.0001393 seconds
[442.677s][info ][safepoint    ] Entering safepoint region: Cleanup
[442.677s][info ][safepoint    ] Leaving safepoint region
[442.677s][info ][safepoint    ] Total time for which application threads were stopped: 0.0001296 seconds, Stopping threads took: 0.0000634 seconds
[443.677s][info ][safepoint    ] Application time: 1.0000957 seconds
[443.677s][info ][safepoint    ] Entering safepoint region: Cleanup
[443.677s][info ][safepoint    ] Leaving safepoint region
[443.677s][info ][safepoint    ] Total time for which application threads were stopped: 0.0001163 seconds, Stopping threads took: 0.0000577 seconds
[445.469s][info ][safepoint    ] Application time: 1.7921272 seconds
[445.469s][info ][safepoint    ] Entering safepoint region: GenCollectForAllocation
[445.469s][info ][gc,start     ] GC(385) Pause Young (Allocation Failure)
[445.469s][info ][gc,task      ] GC(385) Using 4 workers of 4 for evacuation
[445.473s][debug][gc,ref       ] GC(385) Skipped phase1 of Reference Processing due to unavailable references
[445.473s][debug][gc,ref       ] GC(385) Skipped phase2 of Reference Processing due to unavailable references
[445.473s][debug][gc,ref       ] GC(385) Skipped phase3 of Reference Processing due to unavailable references
[445.473s][debug][gc,ref       ] GC(385) Skipped phase4 of Reference Processing due to unavailable references
[445.473s][debug][gc,age       ] GC(385) Desired survivor size 15400960 bytes, new threshold 6 (max threshold 6)
[445.473s][info ][gc,heap      ] GC(385) ParNew: 241912K->961K(270976K)
[445.473s][info ][gc,heap      ] GC(385) CMS: 331060K->331139K(602112K)
[445.473s][info ][gc,metaspace ] GC(385) Metaspace: 61751K->61751K(1105920K)
[445.473s][info ][gc           ] GC(385) Pause Young (Allocation Failure) 559M->324M(852M) 3.545ms
[445.473s][info ][gc,cpu       ] GC(385) User=0.01s Sys=0.00s Real=0.00s
[445.473s][info ][safepoint    ] Leaving safepoint region
[445.473s][info ][safepoint    ] Total time for which application threads were stopped: 0.0037056 seconds, Stopping threads took: 0.0000395 seconds
[447.473s][info ][safepoint    ] Application time: 2.0002354 seconds
[447.473s][info ][safepoint    ] Entering safepoint region: Cleanup
[447.473s][info ][safepoint    ] Leaving safepoint region
[447.473s][info ][safepoint    ] Total time for which application threads were stopped: 0.0001052 seconds, Stopping threads took: 0.0000400 seconds
[449.276s][info ][safepoint    ] Application time: 1.8029014 seconds
[449.276s][info ][safepoint    ] Entering safepoint region: GenCollectForAllocation
[449.276s][info ][gc,start     ] GC(386) Pause Young (Allocation Failure)
[449.276s][info ][gc,task      ] GC(386) Using 4 workers of 4 for evacuation
[449.279s][debug][gc,ref       ] GC(386) Skipped phase1 of Reference Processing due to unavailable references
[449.279s][debug][gc,ref       ] GC(386) Skipped phase2 of Reference Processing due to unavailable references
[449.279s][debug][gc,ref       ] GC(386) Skipped phase3 of Reference Processing due to unavailable references
[449.279s][debug][gc,ref       ] GC(386) Skipped phase4 of Reference Processing due to unavailable references
[449.279s][debug][gc,age       ] GC(386) Desired survivor size 15400960 bytes, new threshold 6 (max threshold 6)
[449.279s][info ][gc,heap      ] GC(386) ParNew: 241857K->1018K(270976K)
[449.279s][info ][gc,heap      ] GC(386) CMS: 331139K->331223K(602112K)
[449.279s][info ][gc,metaspace ] GC(386) Metaspace: 61752K->61752K(1105920K)
[449.279s][info ][gc           ] GC(386) Pause Young (Allocation Failure) 559M->324M(852M) 2.533ms
[449.279s][info ][gc,cpu       ] GC(386) User=0.01s Sys=0.00s Real=0.00s
[449.279s][info ][safepoint    ] Leaving safepoint region
[449.279s][info ][safepoint    ] Total time for which application threads were stopped: 0.0026690 seconds, Stopping threads took: 0.0000141 seconds
[450.279s][info ][safepoint    ] Application time: 1.0001180 seconds
[450.279s][info ][safepoint    ] Entering safepoint region: Cleanup
[450.279s][info ][safepoint    ] Leaving safepoint region
[450.279s][info ][safepoint    ] Total time for which application threads were stopped: 0.0001216 seconds, Stopping threads took: 0.0000430 seconds
[452.280s][info ][safepoint    ] Application time: 2.0002026 seconds
[452.280s][info ][safepoint    ] Entering safepoint region: Cleanup
[452.280s][info ][safepoint    ] Leaving safepoint region
[452.280s][info ][safepoint    ] Total time for which application threads were stopped: 0.0001503 seconds, Stopping threads took: 0.0000429 seconds
[453.119s][info ][safepoint    ] Application time: 0.8395189 seconds
[453.119s][info ][safepoint    ] Entering safepoint region: GenCollectForAllocation
[453.120s][info ][gc,start     ] GC(387) Pause Young (Allocation Failure)
[453.120s][info ][gc,task      ] GC(387) Using 4 workers of 4 for evacuation
[453.122s][debug][gc,ref       ] GC(387) Skipped phase1 of Reference Processing due to unavailable references
[453.122s][debug][gc,ref       ] GC(387) Skipped phase2 of Reference Processing due to unavailable references
[453.122s][debug][gc,ref       ] GC(387) Skipped phase3 of Reference Processing due to unavailable references
[453.122s][debug][gc,ref       ] GC(387) Skipped phase4 of Reference Processing due to unavailable references
[453.122s][debug][gc,age       ] GC(387) Desired survivor size 15400960 bytes, new threshold 6 (max threshold 6)
[453.122s][info ][gc,heap      ] GC(387) ParNew: 241914K->1061K(270976K)
[453.122s][info ][gc,heap      ] GC(387) CMS: 331223K->331273K(602112K)
[453.122s][info ][gc,metaspace ] GC(387) Metaspace: 61752K->61752K(1105920K)
[453.123s][info ][gc           ] GC(387) Pause Young (Allocation Failure) 559M->324M(852M) 2.993ms
[453.123s][info ][gc,cpu       ] GC(387) User=0.01s Sys=0.00s Real=0.01s
[453.123s][info ][safepoint    ] Leaving safepoint region
[453.123s][info ][safepoint    ] Total time for which application threads were stopped: 0.0032476 seconds, Stopping threads took: 0.0001001 seconds
[455.123s][info ][safepoint    ] Application time: 2.0001904 seconds
[455.123s][info ][safepoint    ] Entering safepoint region: Cleanup
[455.123s][info ][safepoint    ] Leaving safepoint region
[455.123s][info ][safepoint    ] Total time for which application threads were stopped: 0.0001238 seconds, Stopping threads took: 0.0000557 seconds
[456.921s][info ][safepoint    ] Application time: 1.7977627 seconds
[456.921s][info ][safepoint    ] Entering safepoint region: GenCollectForAllocation
[456.921s][info ][gc,start     ] GC(388) Pause Young (Allocation Failure)
[456.921s][info ][gc,task      ] GC(388) Using 4 workers of 4 for evacuation
[456.923s][debug][gc,ref       ] GC(388) Skipped phase1 of Reference Processing due to unavailable references
[456.923s][debug][gc,ref       ] GC(388) Skipped phase2 of Reference Processing due to unavailable references
[456.923s][debug][gc,ref       ] GC(388) Skipped phase3 of Reference Processing due to unavailable references
[456.923s][debug][gc,ref       ] GC(388) Skipped phase4 of Reference Processing due to unavailable references
[456.924s][debug][gc,age       ] GC(388) Desired survivor size 15400960 bytes, new threshold 6 (max threshold 6)
[456.924s][info ][gc,heap      ] GC(388) ParNew: 241957K->1157K(270976K)
[456.924s][info ][gc,heap      ] GC(388) CMS: 331273K->331311K(602112K)
[456.924s][info ][gc,metaspace ] GC(388) Metaspace: 61752K->61752K(1105920K)
[456.924s][info ][gc           ] GC(388) Pause Young (Allocation Failure) 559M->324M(852M) 2.766ms
[456.924s][info ][gc,cpu       ] GC(388) User=0.01s Sys=0.00s Real=0.00s
[456.924s][info ][safepoint    ] Leaving safepoint region
[456.924s][info ][safepoint    ] Total time for which application threads were stopped: 0.0029189 seconds, Stopping threads took: 0.0000159 seconds
[459.924s][info ][safepoint    ] Application time: 3.0003114 seconds
[459.924s][info ][safepoint    ] Entering safepoint region: Cleanup
[459.924s][info ][safepoint    ] Leaving safepoint region
[459.924s][info ][safepoint    ] Total time for which application threads were stopped: 0.0001923 seconds, Stopping threads took: 0.0000590 seconds
[460.769s][info ][safepoint    ] Application time: 0.8449939 seconds
[460.769s][info ][safepoint    ] Entering safepoint region: GenCollectForAllocation
[460.769s][info ][gc,start     ] GC(389) Pause Young (Allocation Failure)
[460.769s][info ][gc,task      ] GC(389) Using 4 workers of 4 for evacuation
[460.772s][debug][gc,ref       ] GC(389) Skipped phase1 of Reference Processing due to unavailable references
[460.772s][debug][gc,ref       ] GC(389) Skipped phase2 of Reference Processing due to unavailable references
[460.772s][debug][gc,ref       ] GC(389) Skipped phase3 of Reference Processing due to unavailable references
[460.772s][debug][gc,ref       ] GC(389) Skipped phase4 of Reference Processing due to unavailable references
[460.773s][debug][gc,age       ] GC(389) Desired survivor size 15400960 bytes, new threshold 6 (max threshold 6)
[460.773s][info ][gc,heap      ] GC(389) ParNew: 242053K->1179K(270976K)
[460.773s][info ][gc,heap      ] GC(389) CMS: 331311K->331358K(602112K)
[460.773s][info ][gc,metaspace ] GC(389) Metaspace: 61753K->61753K(1105920K)
[460.773s][info ][gc           ] GC(389) Pause Young (Allocation Failure) 559M->324M(852M) 3.409ms
[460.773s][info ][gc,cpu       ] GC(389) User=0.01s Sys=0.00s Real=0.00s
[460.773s][info ][safepoint    ] Leaving safepoint region
[460.773s][info ][safepoint    ] Total time for which application threads were stopped: 0.0035833 seconds, Stopping threads took: 0.0000393 seconds
[461.773s][info ][safepoint    ] Application time: 1.0001353 seconds
[461.773s][info ][safepoint    ] Entering safepoint region: Cleanup
[461.773s][info ][safepoint    ] Leaving safepoint region
[461.773s][info ][safepoint    ] Total time for which application threads were stopped: 0.0002839 seconds, Stopping threads took: 0.0000435 seconds
[462.773s][info ][safepoint    ] Application time: 1.0000996 seconds
[462.773s][info ][safepoint    ] Entering safepoint region: Cleanup
[462.773s][info ][safepoint    ] Leaving safepoint region
[462.773s][info ][safepoint    ] Total time for which application threads were stopped: 0.0001085 seconds, Stopping threads took: 0.0000401 seconds
[464.360s][info ][safepoint    ] Application time: 1.5869904 seconds
[464.361s][info ][safepoint    ] Entering safepoint region: GenCollectForAllocation
[464.361s][info ][gc,start     ] GC(390) Pause Young (Allocation Failure)
[464.361s][info ][gc,task      ] GC(390) Using 4 workers of 4 for evacuation
[464.364s][debug][gc,ref       ] GC(390) Skipped phase1 of Reference Processing due to unavailable references
[464.364s][debug][gc,ref       ] GC(390) Skipped phase2 of Reference Processing due to unavailable references
[464.364s][debug][gc,ref       ] GC(390) Skipped phase3 of Reference Processing due to unavailable references
[464.364s][debug][gc,ref       ] GC(390) Skipped phase4 of Reference Processing due to unavailable references
[464.364s][debug][gc,age       ] GC(390) Desired survivor size 15400960 bytes, new threshold 6 (max threshold 6)
[464.364s][info ][gc,heap      ] GC(390) ParNew: 242075K->1236K(270976K)
[464.364s][info ][gc,heap      ] GC(390) CMS: 331358K->331822K(602112K)
[464.364s][info ][gc,metaspace ] GC(390) Metaspace: 61753K->61753K(1105920K)
[464.364s][info ][gc           ] GC(390) Pause Young (Allocation Failure) 559M->325M(852M) 3.118ms
[464.364s][info ][gc,cpu       ] GC(390) User=0.02s Sys=0.00s Real=0.00s
[464.364s][info ][safepoint    ] Leaving safepoint region
[464.364s][info ][safepoint    ] Total time for which application threads were stopped: 0.0032761 seconds, Stopping threads took: 0.0000381 seconds
[465.364s][info ][safepoint    ] Application time: 1.0001065 seconds
[465.364s][info ][safepoint    ] Entering safepoint region: Cleanup
[465.364s][info ][safepoint    ] Leaving safepoint region
[465.364s][info ][safepoint    ] Total time for which application threads were stopped: 0.0000744 seconds, Stopping threads took: 0.0000153 seconds
[466.364s][info ][safepoint    ] Application time: 1.0000872 seconds
[466.364s][info ][safepoint    ] Entering safepoint region: Cleanup
[466.364s][info ][safepoint    ] Leaving safepoint region
[466.364s][info ][safepoint    ] Total time for which application threads were stopped: 0.0000952 seconds, Stopping threads took: 0.0000158 seconds
[467.976s][info ][safepoint    ] Application time: 1.6122213 seconds
[467.977s][info ][safepoint    ] Entering safepoint region: GenCollectForAllocation
[467.977s][info ][gc,start     ] GC(391) Pause Young (Allocation Failure)
[467.977s][info ][gc,task      ] GC(391) Using 4 workers of 4 for evacuation
[467.979s][debug][gc,ref       ] GC(391) Skipped phase1 of Reference Processing due to unavailable references
[467.979s][debug][gc,ref       ] GC(391) Skipped phase2 of Reference Processing due to unavailable references
[467.979s][debug][gc,ref       ] GC(391) Skipped phase3 of Reference Processing due to unavailable references
[467.979s][debug][gc,ref       ] GC(391) Skipped phase4 of Reference Processing due to unavailable references
[467.980s][debug][gc,age       ] GC(391) Desired survivor size 15400960 bytes, new threshold 6 (max threshold 6)
[467.980s][info ][gc,heap      ] GC(391) ParNew: 242132K->1299K(270976K)
[467.980s][info ][gc,heap      ] GC(391) CMS: 331822K->331879K(602112K)
[467.980s][info ][gc,metaspace ] GC(391) Metaspace: 61753K->61753K(1105920K)
[467.980s][info ][gc           ] GC(391) Pause Young (Allocation Failure) 560M->325M(852M) 2.731ms
[467.980s][info ][gc,cpu       ] GC(391) User=0.00s Sys=0.00s Real=0.00s
[467.980s][info ][safepoint    ] Leaving safepoint region
[467.980s][info ][safepoint    ] Total time for which application threads were stopped: 0.0032689 seconds, Stopping threads took: 0.0000154 seconds
[469.980s][info ][safepoint    ] Application time: 2.0002191 seconds
[469.980s][info ][safepoint    ] Entering safepoint region: Cleanup
[469.980s][info ][safepoint    ] Leaving safepoint region
[469.980s][info ][safepoint    ] Total time for which application threads were stopped: 0.0000679 seconds, Stopping threads took: 0.0000160 seconds
[471.776s][info ][safepoint    ] Application time: 1.7957216 seconds
[471.776s][info ][safepoint    ] Entering safepoint region: GenCollectForAllocation
[471.776s][info ][gc,start     ] GC(392) Pause Young (Allocation Failure)
[471.776s][info ][gc,task      ] GC(392) Using 4 workers of 4 for evacuation
[471.779s][debug][gc,ref       ] GC(392) Skipped phase1 of Reference Processing due to unavailable references
[471.779s][debug][gc,ref       ] GC(392) Skipped phase2 of Reference Processing due to unavailable references
[471.779s][debug][gc,ref       ] GC(392) Skipped phase3 of Reference Processing due to unavailable references
[471.779s][debug][gc,ref       ] GC(392) Skipped phase4 of Reference Processing due to unavailable references
[471.779s][debug][gc,age       ] GC(392) Desired survivor size 15400960 bytes, new threshold 6 (max threshold 6)
[471.779s][info ][gc,heap      ] GC(392) ParNew: 242195K->1354K(270976K)
[471.779s][info ][gc,heap      ] GC(392) CMS: 331879K->331928K(602112K)
[471.779s][info ][gc,metaspace ] GC(392) Metaspace: 61753K->61753K(1105920K)
[471.779s][info ][gc           ] GC(392) Pause Young (Allocation Failure) 560M->325M(852M) 3.303ms
[471.779s][info ][gc,cpu       ] GC(392) User=0.02s Sys=0.00s Real=0.00s
[471.779s][info ][safepoint    ] Leaving safepoint region
[471.779s][info ][safepoint    ] Total time for which application threads were stopped: 0.0034511 seconds, Stopping threads took: 0.0000164 seconds
[472.780s][info ][safepoint    ] Application time: 1.0002097 seconds
[472.780s][info ][safepoint    ] Entering safepoint region: Cleanup
[472.780s][info ][safepoint    ] Leaving safepoint region
[472.780s][info ][safepoint    ] Total time for which application threads were stopped: 0.0000652 seconds, Stopping threads took: 0.0000145 seconds
[473.780s][info ][safepoint    ] Application time: 1.0001244 seconds
[473.780s][info ][safepoint    ] Entering safepoint region: Cleanup
[473.780s][info ][safepoint    ] Leaving safepoint region
[473.780s][info ][safepoint    ] Total time for which application threads were stopped: 0.0000689 seconds, Stopping threads took: 0.0000156 seconds
[475.319s][info ][safepoint    ] Application time: 1.5394781 seconds
[475.319s][info ][safepoint    ] Entering safepoint region: GenCollectForAllocation
[475.319s][info ][gc,start     ] GC(393) Pause Young (Allocation Failure)
[475.319s][info ][gc,task      ] GC(393) Using 4 workers of 4 for evacuation
[475.324s][debug][gc,ref       ] GC(393) Skipped phase1 of Reference Processing due to unavailable references
[475.324s][debug][gc,ref       ] GC(393) Skipped phase3 of Reference Processing due to unavailable references
[475.324s][debug][gc,age       ] GC(393) Desired survivor size 15400960 bytes, new threshold 6 (max threshold 6)
[475.324s][info ][gc,heap      ] GC(393) ParNew: 242250K->1345K(270976K)
[475.324s][info ][gc,heap      ] GC(393) CMS: 331928K->332019K(602112K)
[475.324s][info ][gc,metaspace ] GC(393) Metaspace: 61768K->61768K(1105920K)
[475.324s][info ][gc           ] GC(393) Pause Young (Allocation Failure) 560M->325M(852M) 4.910ms
[475.324s][info ][gc,cpu       ] GC(393) User=0.01s Sys=0.01s Real=0.01s
[475.324s][info ][safepoint    ] Leaving safepoint region
[475.324s][info ][safepoint    ] Total time for which application threads were stopped: 0.0050448 seconds, Stopping threads took: 0.0000150 seconds
[476.325s][info ][safepoint    ] Application time: 1.0000963 seconds
[476.325s][info ][safepoint    ] Entering safepoint region: Cleanup
[476.325s][info ][safepoint    ] Leaving safepoint region
[476.325s][info ][safepoint    ] Total time for which application threads were stopped: 0.0001179 seconds, Stopping threads took: 0.0000515 seconds
[477.325s][info ][safepoint    ] Application time: 1.0000903 seconds
[477.325s][info ][safepoint    ] Entering safepoint region: Cleanup
[477.325s][info ][safepoint    ] Leaving safepoint region
[477.325s][info ][safepoint    ] Total time for which application threads were stopped: 0.0001126 seconds, Stopping threads took: 0.0000403 seconds
[478.927s][info ][safepoint    ] Application time: 1.6022974 seconds
[478.927s][info ][safepoint    ] Entering safepoint region: GenCollectForAllocation
[478.927s][info ][gc,start     ] GC(394) Pause Young (Allocation Failure)
[478.927s][info ][gc,task      ] GC(394) Using 4 workers of 4 for evacuation
[478.930s][debug][gc,ref       ] GC(394) Skipped phase1 of Reference Processing due to unavailable references
[478.930s][debug][gc,ref       ] GC(394) Skipped phase3 of Reference Processing due to unavailable references
[478.930s][debug][gc,age       ] GC(394) Desired survivor size 15400960 bytes, new threshold 6 (max threshold 6)
[478.930s][info ][gc,heap      ] GC(394) ParNew: 242241K->1425K(270976K)
[478.930s][info ][gc,heap      ] GC(394) CMS: 332019K->332054K(602112K)
[478.930s][info ][gc,metaspace ] GC(394) Metaspace: 61834K->61834K(1105920K)
[478.930s][info ][gc           ] GC(394) Pause Young (Allocation Failure) 560M->325M(852M) 2.614ms
[478.930s][info ][gc,cpu       ] GC(394) User=0.00s Sys=0.00s Real=0.01s
[478.930s][info ][safepoint    ] Leaving safepoint region
[478.930s][info ][safepoint    ] Total time for which application threads were stopped: 0.0027678 seconds, Stopping threads took: 0.0000152 seconds
[479.930s][info ][safepoint    ] Application time: 1.0001342 seconds
[479.930s][info ][safepoint    ] Entering safepoint region: Cleanup
[479.930s][info ][safepoint    ] Leaving safepoint region
[479.930s][info ][safepoint    ] Total time for which application threads were stopped: 0.0000944 seconds, Stopping threads took: 0.0000157 seconds
[480.930s][info ][safepoint    ] Application time: 1.0000880 seconds
[480.930s][info ][safepoint    ] Entering safepoint region: Cleanup
[480.931s][info ][safepoint    ] Leaving safepoint region
[480.931s][info ][safepoint    ] Total time for which application threads were stopped: 0.0000839 seconds, Stopping threads took: 0.0000155 seconds
[481.931s][info ][safepoint    ] Application time: 1.0000880 seconds
[481.931s][info ][safepoint    ] Entering safepoint region: Cleanup
[481.931s][info ][safepoint    ] Leaving safepoint region
[481.931s][info ][safepoint    ] Total time for which application threads were stopped: 0.0000766 seconds, Stopping threads took: 0.0000168 seconds
[482.620s][info ][safepoint    ] Application time: 0.6896770 seconds
[482.620s][info ][safepoint    ] Entering safepoint region: GenCollectForAllocation
[482.621s][info ][gc,start     ] GC(395) Pause Young (Allocation Failure)
[482.621s][info ][gc,task      ] GC(395) Using 4 workers of 4 for evacuation
[482.623s][debug][gc,ref       ] GC(395) Skipped phase1 of Reference Processing due to unavailable references
[482.623s][debug][gc,ref       ] GC(395) Skipped phase3 of Reference Processing due to unavailable references
[482.623s][debug][gc,ref       ] GC(395) Skipped phase4 of Reference Processing due to unavailable references
[482.623s][debug][gc,age       ] GC(395) Desired survivor size 15400960 bytes, new threshold 6 (max threshold 6)
[482.623s][info ][gc,heap      ] GC(395) ParNew: 242321K->1454K(270976K)
[482.623s][info ][gc,heap      ] GC(395) CMS: 332054K->332134K(602112K)
[482.623s][info ][gc,metaspace ] GC(395) Metaspace: 61877K->61877K(1105920K)
[482.623s][info ][gc           ] GC(395) Pause Young (Allocation Failure) 560M->325M(852M) 2.682ms
[482.623s][info ][gc,cpu       ] GC(395) User=0.01s Sys=0.00s Real=0.00s
[482.623s][info ][safepoint    ] Leaving safepoint region
[482.623s][info ][safepoint    ] Total time for which application threads were stopped: 0.0028161 seconds, Stopping threads took: 0.0000155 seconds
[484.623s][info ][safepoint    ] Application time: 2.0002311 seconds
[484.624s][info ][safepoint    ] Entering safepoint region: Cleanup
[484.624s][info ][safepoint    ] Leaving safepoint region
[484.624s][info ][safepoint    ] Total time for which application threads were stopped: 0.0002066 seconds, Stopping threads took: 0.0000412 seconds
[486.270s][info ][safepoint    ] Application time: 1.6464344 seconds
[486.270s][info ][safepoint    ] Entering safepoint region: GenCollectForAllocation
[486.270s][info ][gc,start     ] GC(396) Pause Young (Allocation Failure)
[486.270s][info ][gc,task      ] GC(396) Using 4 workers of 4 for evacuation
[486.275s][debug][gc,ref       ] GC(396) Skipped phase1 of Reference Processing due to unavailable references
[486.275s][debug][gc,ref       ] GC(396) Skipped phase3 of Reference Processing due to unavailable references
[486.275s][debug][gc,age       ] GC(396) Desired survivor size 15400960 bytes, new threshold 6 (max threshold 6)
[486.275s][info ][gc,heap      ] GC(396) ParNew: 242350K->1172K(270976K)
[486.275s][info ][gc,heap      ] GC(396) CMS: 332134K->332306K(602112K)
[486.275s][info ][gc,metaspace ] GC(396) Metaspace: 61886K->61886K(1105920K)
[486.275s][info ][gc           ] GC(396) Pause Young (Allocation Failure) 561M->325M(852M) 4.413ms
[486.275s][info ][gc,cpu       ] GC(396) User=0.01s Sys=0.00s Real=0.00s
[486.275s][info ][safepoint    ] Leaving safepoint region
[486.275s][info ][safepoint    ] Total time for which application threads were stopped: 0.0046540 seconds, Stopping threads took: 0.0000396 seconds
[487.275s][info ][safepoint    ] Application time: 1.0001025 seconds
[487.275s][info ][safepoint    ] Entering safepoint region: Cleanup
[487.275s][info ][safepoint    ] Leaving safepoint region
[487.275s][info ][safepoint    ] Total time for which application threads were stopped: 0.0001262 seconds, Stopping threads took: 0.0000501 seconds
[488.275s][info ][safepoint    ] Application time: 1.0001073 seconds
[488.275s][info ][safepoint    ] Entering safepoint region: Cleanup
[488.275s][info ][safepoint    ] Leaving safepoint region
[488.275s][info ][safepoint    ] Total time for which application threads were stopped: 0.0001625 seconds, Stopping threads took: 0.0000605 seconds
[489.970s][info ][safepoint    ] Application time: 1.6946896 seconds
[489.970s][info ][safepoint    ] Entering safepoint region: GenCollectForAllocation
[489.970s][info ][gc,start     ] GC(397) Pause Young (Allocation Failure)
[489.970s][info ][gc,task      ] GC(397) Using 4 workers of 4 for evacuation
[489.976s][debug][gc,ref       ] GC(397) Skipped phase1 of Reference Processing due to unavailable references
[489.976s][debug][gc,ref       ] GC(397) Skipped phase3 of Reference Processing due to unavailable references
[489.976s][debug][gc,age       ] GC(397) Desired survivor size 15400960 bytes, new threshold 6 (max threshold 6)
[489.976s][info ][gc,heap      ] GC(397) ParNew: 242068K->1043K(270976K)
[489.976s][info ][gc,heap      ] GC(397) CMS: 332306K->332486K(602112K)
[489.976s][info ][gc,metaspace ] GC(397) Metaspace: 61888K->61888K(1105920K)
[489.976s][info ][gc           ] GC(397) Pause Young (Allocation Failure) 560M->325M(852M) 5.515ms
[489.976s][info ][gc,cpu       ] GC(397) User=0.01s Sys=0.00s Real=0.00s
[489.976s][info ][safepoint    ] Leaving safepoint region
[489.976s][info ][safepoint    ] Total time for which application threads were stopped: 0.0057471 seconds, Stopping threads took: 0.0000636 seconds
[490.976s][info ][safepoint    ] Application time: 1.0001400 seconds
[490.976s][info ][safepoint    ] Entering safepoint region: Cleanup
[490.976s][info ][safepoint    ] Leaving safepoint region
[490.976s][info ][safepoint    ] Total time for which application threads were stopped: 0.0002025 seconds, Stopping threads took: 0.0000756 seconds
[491.976s][info ][safepoint    ] Application time: 1.0000965 seconds
[491.976s][info ][safepoint    ] Entering safepoint region: Cleanup
[491.977s][info ][safepoint    ] Leaving safepoint region
[491.977s][info ][safepoint    ] Total time for which application threads were stopped: 0.0001188 seconds, Stopping threads took: 0.0000533 seconds
[492.977s][info ][safepoint    ] Application time: 1.0000941 seconds
[492.977s][info ][safepoint    ] Entering safepoint region: Cleanup
[492.977s][info ][safepoint    ] Leaving safepoint region
[492.977s][info ][safepoint    ] Total time for which application threads were stopped: 0.0001178 seconds, Stopping threads took: 0.0000497 seconds
[493.727s][info ][safepoint    ] Application time: 0.7497317 seconds
[493.727s][info ][safepoint    ] Entering safepoint region: GenCollectForAllocation
[493.727s][info ][gc,start     ] GC(398) Pause Young (Allocation Failure)
[493.727s][info ][gc,task      ] GC(398) Using 4 workers of 4 for evacuation
[493.729s][debug][gc,ref       ] GC(398) Skipped phase1 of Reference Processing due to unavailable references
[493.729s][debug][gc,ref       ] GC(398) Skipped phase3 of Reference Processing due to unavailable references
[493.729s][debug][gc,ref       ] GC(398) Skipped phase4 of Reference Processing due to unavailable references
[493.729s][debug][gc,age       ] GC(398) Desired survivor size 15400960 bytes, new threshold 6 (max threshold 6)
[493.729s][info ][gc,heap      ] GC(398) ParNew: 241939K->948K(270976K)
[493.729s][info ][gc,heap      ] GC(398) CMS: 332486K->332575K(602112K)
[493.729s][info ][gc,metaspace ] GC(398) Metaspace: 61888K->61888K(1105920K)
[493.729s][info ][gc           ] GC(398) Pause Young (Allocation Failure) 560M->325M(852M) 2.445ms
[493.729s][info ][gc,cpu       ] GC(398) User=0.01s Sys=0.00s Real=0.01s
[493.729s][info ][safepoint    ] Leaving safepoint region
[493.729s][info ][safepoint    ] Total time for which application threads were stopped: 0.0025889 seconds, Stopping threads took: 0.0000160 seconds
[497.377s][info ][safepoint    ] Application time: 3.6479643 seconds
[497.377s][info ][safepoint    ] Entering safepoint region: GenCollectForAllocation
[497.377s][info ][gc,start     ] GC(399) Pause Young (Allocation Failure)
[497.377s][info ][gc,task      ] GC(399) Using 4 workers of 4 for evacuation
[497.381s][debug][gc,ref       ] GC(399) Skipped phase1 of Reference Processing due to unavailable references
[497.381s][debug][gc,ref       ] GC(399) Skipped phase3 of Reference Processing due to unavailable references
[497.381s][debug][gc,ref       ] GC(399) Skipped phase4 of Reference Processing due to unavailable references
[497.382s][debug][gc,age       ] GC(399) Desired survivor size 15400960 bytes, new threshold 6 (max threshold 6)
[497.382s][info ][gc,heap      ] GC(399) ParNew: 241844K->870K(270976K)
[497.382s][info ][gc,heap      ] GC(399) CMS: 332575K->332731K(602112K)
[497.382s][info ][gc,metaspace ] GC(399) Metaspace: 61888K->61888K(1105920K)
[497.382s][info ][gc           ] GC(399) Pause Young (Allocation Failure) 560M->325M(852M) 4.979ms
[497.382s][info ][gc,cpu       ] GC(399) User=0.01s Sys=0.00s Real=0.01s
[497.382s][info ][safepoint    ] Leaving safepoint region
[497.382s][info ][safepoint    ] Total time for which application threads were stopped: 0.0052988 seconds, Stopping threads took: 0.0000166 seconds
[501.130s][info ][safepoint    ] Application time: 3.7471593 seconds
[501.130s][info ][safepoint    ] Entering safepoint region: GenCollectForAllocation
[501.130s][info ][gc,start     ] GC(400) Pause Young (Allocation Failure)
[501.130s][info ][gc,task      ] GC(400) Using 4 workers of 4 for evacuation
[501.132s][debug][gc,ref       ] GC(400) Skipped phase1 of Reference Processing due to unavailable references
[501.132s][debug][gc,ref       ] GC(400) Skipped phase3 of Reference Processing due to unavailable references
[501.132s][debug][gc,ref       ] GC(400) Skipped phase4 of Reference Processing due to unavailable references
[501.132s][debug][gc,age       ] GC(400) Desired survivor size 15400960 bytes, new threshold 6 (max threshold 6)
[501.132s][info ][gc,heap      ] GC(400) ParNew: 241766K->1378K(270976K)
[501.132s][info ][gc,heap      ] GC(400) CMS: 332731K->332747K(602112K)
[501.132s][info ][gc,metaspace ] GC(400) Metaspace: 61888K->61888K(1105920K)
[501.132s][info ][gc           ] GC(400) Pause Young (Allocation Failure) 561M->326M(852M) 2.606ms
[501.132s][info ][gc,cpu       ] GC(400) User=0.00s Sys=0.00s Real=0.00s
[501.132s][info ][safepoint    ] Leaving safepoint region
[501.132s][info ][safepoint    ] Total time for which application threads were stopped: 0.0027523 seconds, Stopping threads took: 0.0000166 seconds
[502.133s][info ][safepoint    ] Application time: 1.0000949 seconds
[502.133s][info ][safepoint    ] Entering safepoint region: Cleanup
[502.133s][info ][safepoint    ] Leaving safepoint region
[502.133s][info ][safepoint    ] Total time for which application threads were stopped: 0.0000773 seconds, Stopping threads took: 0.0000156 seconds
[504.924s][info ][safepoint    ] Application time: 2.7908611 seconds
[504.924s][info ][safepoint    ] Entering safepoint region: GenCollectForAllocation
[504.924s][info ][gc,start     ] GC(401) Pause Young (Allocation Failure)
[504.924s][info ][gc,task      ] GC(401) Using 4 workers of 4 for evacuation
[504.926s][debug][gc,ref       ] GC(401) Skipped phase1 of Reference Processing due to unavailable references
[504.926s][debug][gc,ref       ] GC(401) Skipped phase3 of Reference Processing due to unavailable references
[504.926s][debug][gc,ref       ] GC(401) Skipped phase4 of Reference Processing due to unavailable references
[504.927s][debug][gc,age       ] GC(401) Desired survivor size 15400960 bytes, new threshold 6 (max threshold 6)
[504.927s][info ][gc,heap      ] GC(401) ParNew: 242274K->1487K(270976K)
[504.927s][info ][gc,heap      ] GC(401) CMS: 332747K->332763K(602112K)
[504.927s][info ][gc,metaspace ] GC(401) Metaspace: 61891K->61891K(1105920K)
[504.927s][info ][gc           ] GC(401) Pause Young (Allocation Failure) 561M->326M(852M) 2.929ms
[504.927s][info ][gc,cpu       ] GC(401) User=0.01s Sys=0.00s Real=0.00s
[504.927s][info ][safepoint    ] Leaving safepoint region
[504.927s][info ][safepoint    ] Total time for which application threads were stopped: 0.0030801 seconds, Stopping threads took: 0.0000153 seconds
[508.775s][info ][safepoint    ] Application time: 3.8484710 seconds
[508.775s][info ][safepoint    ] Entering safepoint region: GenCollectForAllocation
[508.775s][info ][gc,start     ] GC(402) Pause Young (Allocation Failure)
[508.775s][info ][gc,task      ] GC(402) Using 4 workers of 4 for evacuation
[508.778s][debug][gc,ref       ] GC(402) Skipped phase1 of Reference Processing due to unavailable references
[508.778s][debug][gc,ref       ] GC(402) Skipped phase3 of Reference Processing due to unavailable references
[508.778s][debug][gc,ref       ] GC(402) Skipped phase4 of Reference Processing due to unavailable references
[508.779s][debug][gc,age       ] GC(402) Desired survivor size 15400960 bytes, new threshold 6 (max threshold 6)
[508.779s][info ][gc,heap      ] GC(402) ParNew: 242383K->1395K(270976K)
[508.779s][info ][gc,heap      ] GC(402) CMS: 332763K->332816K(602112K)
[508.779s][info ][gc,metaspace ] GC(402) Metaspace: 61891K->61891K(1105920K)
[508.779s][info ][gc           ] GC(402) Pause Young (Allocation Failure) 561M->326M(852M) 3.313ms
[508.779s][info ][gc,cpu       ] GC(402) User=0.01s Sys=0.01s Real=0.00s
[508.779s][info ][safepoint    ] Leaving safepoint region
[508.779s][info ][safepoint    ] Total time for which application threads were stopped: 0.0035784 seconds, Stopping threads took: 0.0000375 seconds
[512.551s][info ][safepoint    ] Application time: 3.7725108 seconds
[512.551s][info ][safepoint    ] Entering safepoint region: GenCollectForAllocation
[512.551s][info ][gc,start     ] GC(403) Pause Young (Allocation Failure)
[512.551s][info ][gc,task      ] GC(403) Using 4 workers of 4 for evacuation
[512.554s][debug][gc,ref       ] GC(403) Skipped phase1 of Reference Processing due to unavailable references
[512.554s][debug][gc,ref       ] GC(403) Skipped phase2 of Reference Processing due to unavailable references
[512.554s][debug][gc,ref       ] GC(403) Skipped phase3 of Reference Processing due to unavailable references
[512.554s][debug][gc,ref       ] GC(403) Skipped phase4 of Reference Processing due to unavailable references
[512.554s][debug][gc,age       ] GC(403) Desired survivor size 15400960 bytes, new threshold 6 (max threshold 6)
[512.554s][info ][gc,heap      ] GC(403) ParNew: 242291K->1550K(270976K)
[512.554s][info ][gc,heap      ] GC(403) CMS: 332816K->332875K(602112K)
[512.554s][info ][gc,metaspace ] GC(403) Metaspace: 61891K->61891K(1105920K)
[512.554s][info ][gc           ] GC(403) Pause Young (Allocation Failure) 561M->326M(852M) 2.442ms
[512.554s][info ][gc,cpu       ] GC(403) User=0.01s Sys=0.00s Real=0.00s
[512.554s][info ][safepoint    ] Leaving safepoint region
[512.554s][info ][safepoint    ] Total time for which application threads were stopped: 0.0026074 seconds, Stopping threads took: 0.0000312 seconds
[514.554s][info ][safepoint    ] Application time: 2.0002010 seconds
[514.554s][info ][safepoint    ] Entering safepoint region: Cleanup
[514.554s][info ][safepoint    ] Leaving safepoint region
[514.554s][info ][safepoint    ] Total time for which application threads were stopped: 0.0001285 seconds, Stopping threads took: 0.0000435 seconds
[515.554s][info ][safepoint    ] Application time: 1.0000879 seconds
[515.554s][info ][safepoint    ] Entering safepoint region: Cleanup
[515.554s][info ][safepoint    ] Leaving safepoint region
[515.554s][info ][safepoint    ] Total time for which application threads were stopped: 0.0000665 seconds, Stopping threads took: 0.0000152 seconds
[516.325s][info ][safepoint    ] Application time: 0.7707597 seconds
[516.325s][info ][safepoint    ] Entering safepoint region: GenCollectForAllocation
[516.325s][info ][gc,start     ] GC(404) Pause Young (Allocation Failure)
[516.325s][info ][gc,task      ] GC(404) Using 4 workers of 4 for evacuation
[516.329s][debug][gc,ref       ] GC(404) Skipped phase1 of Reference Processing due to unavailable references
[516.329s][debug][gc,ref       ] GC(404) Skipped phase2 of Reference Processing due to unavailable references
[516.329s][debug][gc,ref       ] GC(404) Skipped phase3 of Reference Processing due to unavailable references
[516.329s][debug][gc,ref       ] GC(404) Skipped phase4 of Reference Processing due to unavailable references
[516.329s][debug][gc,age       ] GC(404) Desired survivor size 15400960 bytes, new threshold 6 (max threshold 6)
[516.329s][info ][gc,heap      ] GC(404) ParNew: 242446K->1529K(270976K)
[516.329s][info ][gc,heap      ] GC(404) CMS: 332875K->332978K(602112K)
[516.329s][info ][gc,metaspace ] GC(404) Metaspace: 61892K->61892K(1105920K)
[516.329s][info ][gc           ] GC(404) Pause Young (Allocation Failure) 561M->326M(852M) 3.481ms
[516.329s][info ][gc,cpu       ] GC(404) User=0.02s Sys=0.00s Real=0.01s
[516.329s][info ][safepoint    ] Leaving safepoint region
[516.329s][info ][safepoint    ] Total time for which application threads were stopped: 0.0036765 seconds, Stopping threads took: 0.0000260 seconds
[518.329s][info ][safepoint    ] Application time: 2.0001763 seconds
[518.329s][info ][safepoint    ] Entering safepoint region: Cleanup
[518.329s][info ][safepoint    ] Leaving safepoint region
[518.329s][info ][safepoint    ] Total time for which application threads were stopped: 0.0001081 seconds, Stopping threads took: 0.0000466 seconds
[519.329s][info ][safepoint    ] Application time: 1.0001283 seconds
[519.329s][info ][safepoint    ] Entering safepoint region: Cleanup
[519.330s][info ][safepoint    ] Leaving safepoint region
[519.330s][info ][safepoint    ] Total time for which application threads were stopped: 0.0000689 seconds, Stopping threads took: 0.0000158 seconds
[520.026s][info ][safepoint    ] Application time: 0.6967688 seconds
[520.026s][info ][safepoint    ] Entering safepoint region: GenCollectForAllocation
[520.026s][info ][gc,start     ] GC(405) Pause Young (Allocation Failure)
[520.026s][info ][gc,task      ] GC(405) Using 4 workers of 4 for evacuation
[520.030s][debug][gc,ref       ] GC(405) Skipped phase1 of Reference Processing due to unavailable references
[520.030s][debug][gc,ref       ] GC(405) Skipped phase2 of Reference Processing due to unavailable references
[520.030s][debug][gc,ref       ] GC(405) Skipped phase3 of Reference Processing due to unavailable references
[520.030s][debug][gc,ref       ] GC(405) Skipped phase4 of Reference Processing due to unavailable references
[520.030s][debug][gc,age       ] GC(405) Desired survivor size 15400960 bytes, new threshold 6 (max threshold 6)
[520.030s][info ][gc,heap      ] GC(405) ParNew: 242425K->1422K(270976K)
[520.030s][info ][gc,heap      ] GC(405) CMS: 332978K->333110K(602112K)
[520.030s][info ][gc,metaspace ] GC(405) Metaspace: 61892K->61892K(1105920K)
[520.030s][info ][gc           ] GC(405) Pause Young (Allocation Failure) 561M->326M(852M) 3.381ms
[520.030s][info ][gc,cpu       ] GC(405) User=0.02s Sys=0.00s Real=0.01s
[520.030s][info ][safepoint    ] Leaving safepoint region
[520.030s][info ][safepoint    ] Total time for which application threads were stopped: 0.0035322 seconds, Stopping threads took: 0.0000161 seconds
[523.723s][info ][safepoint    ] Application time: 3.6932654 seconds
[523.723s][info ][safepoint    ] Entering safepoint region: GenCollectForAllocation
[523.723s][info ][gc,start     ] GC(406) Pause Young (Allocation Failure)
[523.723s][info ][gc,task      ] GC(406) Using 4 workers of 4 for evacuation
[523.727s][debug][gc,ref       ] GC(406) Skipped phase1 of Reference Processing due to unavailable references
[523.727s][debug][gc,ref       ] GC(406) Skipped phase2 of Reference Processing due to unavailable references
[523.727s][debug][gc,ref       ] GC(406) Skipped phase3 of Reference Processing due to unavailable references
[523.727s][debug][gc,ref       ] GC(406) Skipped phase4 of Reference Processing due to unavailable references
[523.727s][debug][gc,age       ] GC(406) Desired survivor size 15400960 bytes, new threshold 6 (max threshold 6)
[523.727s][info ][gc,heap      ] GC(406) ParNew: 242318K->1245K(270976K)
[523.727s][info ][gc,heap      ] GC(406) CMS: 333110K->333161K(602112K)
[523.727s][info ][gc,metaspace ] GC(406) Metaspace: 61894K->61894K(1105920K)
[523.727s][info ][gc           ] GC(406) Pause Young (Allocation Failure) 561M->326M(852M) 3.454ms
[523.727s][info ][gc,cpu       ] GC(406) User=0.01s Sys=0.00s Real=0.00s
[523.727s][info ][safepoint    ] Leaving safepoint region
[523.727s][info ][safepoint    ] Total time for which application threads were stopped: 0.0036121 seconds, Stopping threads took: 0.0000161 seconds
[526.727s][info ][safepoint    ] Application time: 3.0002514 seconds
[526.727s][info ][safepoint    ] Entering safepoint region: Cleanup
[526.727s][info ][safepoint    ] Leaving safepoint region
[526.727s][info ][safepoint    ] Total time for which application threads were stopped: 0.0001043 seconds, Stopping threads took: 0.0000413 seconds
[527.317s][info ][safepoint    ] Application time: 0.5901059 seconds
[527.317s][info ][safepoint    ] Entering safepoint region: GenCollectForAllocation
[527.317s][info ][gc,start     ] GC(407) Pause Young (Allocation Failure)
[527.317s][info ][gc,task      ] GC(407) Using 4 workers of 4 for evacuation
[527.320s][debug][gc,ref       ] GC(407) Skipped phase1 of Reference Processing due to unavailable references
[527.320s][debug][gc,ref       ] GC(407) Skipped phase2 of Reference Processing due to unavailable references
[527.320s][debug][gc,ref       ] GC(407) Skipped phase3 of Reference Processing due to unavailable references
[527.320s][debug][gc,ref       ] GC(407) Skipped phase4 of Reference Processing due to unavailable references
[527.320s][debug][gc,age       ] GC(407) Desired survivor size 15400960 bytes, new threshold 6 (max threshold 6)
[527.320s][info ][gc,heap      ] GC(407) ParNew: 242141K->1393K(270976K)
[527.320s][info ][gc,heap      ] GC(407) CMS: 333161K->333197K(602112K)
[527.320s][info ][gc,metaspace ] GC(407) Metaspace: 61897K->61897K(1105920K)
[527.320s][info ][gc           ] GC(407) Pause Young (Allocation Failure) 561M->326M(852M) 2.801ms
[527.320s][info ][gc,cpu       ] GC(407) User=0.01s Sys=0.00s Real=0.01s
[527.320s][info ][safepoint    ] Leaving safepoint region
[527.320s][info ][safepoint    ] Total time for which application threads were stopped: 0.0029261 seconds, Stopping threads took: 0.0000150 seconds
[530.321s][info ][safepoint    ] Application time: 3.0002828 seconds
[530.321s][info ][safepoint    ] Entering safepoint region: Cleanup
[530.321s][info ][safepoint    ] Leaving safepoint region
[530.321s][info ][safepoint    ] Total time for which application threads were stopped: 0.0001122 seconds, Stopping threads took: 0.0000425 seconds
[530.720s][info ][safepoint    ] Application time: 0.3991626 seconds
[530.720s][info ][safepoint    ] Entering safepoint region: GenCollectForAllocation
[530.720s][info ][gc,start     ] GC(408) Pause Young (Allocation Failure)
[530.720s][info ][gc,task      ] GC(408) Using 4 workers of 4 for evacuation
[530.724s][debug][gc,ref       ] GC(408) Skipped phase1 of Reference Processing due to unavailable references
[530.724s][debug][gc,ref       ] GC(408) Skipped phase2 of Reference Processing due to unavailable references
[530.724s][debug][gc,ref       ] GC(408) Skipped phase3 of Reference Processing due to unavailable references
[530.724s][debug][gc,ref       ] GC(408) Skipped phase4 of Reference Processing due to unavailable references
[530.725s][debug][gc,age       ] GC(408) Desired survivor size 15400960 bytes, new threshold 6 (max threshold 6)
[530.725s][info ][gc,heap      ] GC(408) ParNew: 242289K->1593K(270976K)
[530.725s][info ][gc,heap      ] GC(408) CMS: 333197K->333234K(602112K)
[530.725s][info ][gc,metaspace ] GC(408) Metaspace: 61897K->61897K(1105920K)
[530.725s][info ][gc           ] GC(408) Pause Young (Allocation Failure) 561M->326M(852M) 4.606ms
[530.725s][info ][gc,cpu       ] GC(408) User=0.02s Sys=0.00s Real=0.01s
[530.725s][info ][safepoint    ] Leaving safepoint region
[530.725s][info ][safepoint    ] Total time for which application threads were stopped: 0.0047479 seconds, Stopping threads took: 0.0000145 seconds
[531.725s][info ][safepoint    ] Application time: 1.0001218 seconds
[531.725s][info ][safepoint    ] Entering safepoint region: Cleanup
[531.725s][info ][safepoint    ] Leaving safepoint region
[531.725s][info ][safepoint    ] Total time for which application threads were stopped: 0.0001323 seconds, Stopping threads took: 0.0000699 seconds
[532.725s][info ][safepoint    ] Application time: 1.0001054 seconds
[532.725s][info ][safepoint    ] Entering safepoint region: Cleanup
[532.725s][info ][safepoint    ] Leaving safepoint region
[532.725s][info ][safepoint    ] Total time for which application threads were stopped: 0.0001082 seconds, Stopping threads took: 0.0000387 seconds
[534.470s][info ][safepoint    ] Application time: 1.7451939 seconds
[534.470s][info ][safepoint    ] Entering safepoint region: GenCollectForAllocation
[534.470s][info ][gc,start     ] GC(409) Pause Young (Allocation Failure)
[534.471s][info ][gc,task      ] GC(409) Using 4 workers of 4 for evacuation
[534.473s][debug][gc,ref       ] GC(409) Skipped phase1 of Reference Processing due to unavailable references
[534.473s][debug][gc,ref       ] GC(409) Skipped phase2 of Reference Processing due to unavailable references
[534.473s][debug][gc,ref       ] GC(409) Skipped phase3 of Reference Processing due to unavailable references
[534.473s][debug][gc,ref       ] GC(409) Skipped phase4 of Reference Processing due to unavailable references
[534.473s][debug][gc,age       ] GC(409) Desired survivor size 15400960 bytes, new threshold 6 (max threshold 6)
[534.473s][info ][gc,heap      ] GC(409) ParNew: 242489K->1522K(270976K)
[534.473s][info ][gc,heap      ] GC(409) CMS: 333234K->333252K(602112K)
[534.473s][info ][gc,metaspace ] GC(409) Metaspace: 61898K->61898K(1105920K)
[534.473s][info ][gc           ] GC(409) Pause Young (Allocation Failure) 562M->326M(852M) 2.848ms
[534.473s][info ][gc,cpu       ] GC(409) User=0.01s Sys=0.00s Real=0.00s
[534.473s][info ][safepoint    ] Leaving safepoint region
[534.473s][info ][safepoint    ] Total time for which application threads were stopped: 0.0029780 seconds, Stopping threads took: 0.0000149 seconds
[535.474s][info ][safepoint    ] Application time: 1.0001233 seconds
[535.474s][info ][safepoint    ] Entering safepoint region: Cleanup
[535.474s][info ][safepoint    ] Leaving safepoint region
[535.474s][info ][safepoint    ] Total time for which application threads were stopped: 0.0001031 seconds, Stopping threads took: 0.0000398 seconds
[537.474s][info ][safepoint    ] Application time: 2.0002032 seconds
[537.474s][info ][safepoint    ] Entering safepoint region: Cleanup
[537.474s][info ][safepoint    ] Leaving safepoint region
[537.474s][info ][safepoint    ] Total time for which application threads were stopped: 0.0001420 seconds, Stopping threads took: 0.0000740 seconds
[538.148s][info ][safepoint    ] Application time: 0.6739537 seconds
[538.148s][info ][safepoint    ] Entering safepoint region: GenCollectForAllocation
[538.148s][info ][gc,start     ] GC(410) Pause Young (Allocation Failure)
[538.148s][info ][gc,task      ] GC(410) Using 4 workers of 4 for evacuation
[538.151s][debug][gc,ref       ] GC(410) Skipped phase1 of Reference Processing due to unavailable references
[538.151s][debug][gc,ref       ] GC(410) Skipped phase2 of Reference Processing due to unavailable references
[538.151s][debug][gc,ref       ] GC(410) Skipped phase3 of Reference Processing due to unavailable references
[538.151s][debug][gc,ref       ] GC(410) Skipped phase4 of Reference Processing due to unavailable references
[538.152s][debug][gc,age       ] GC(410) Desired survivor size 15400960 bytes, new threshold 6 (max threshold 6)
[538.152s][info ][gc,heap      ] GC(410) ParNew: 242418K->1521K(270976K)
[538.152s][info ][gc,heap      ] GC(410) CMS: 333252K->333562K(602112K)
[538.152s][info ][gc,metaspace ] GC(410) Metaspace: 61898K->61898K(1105920K)
[538.152s][info ][gc           ] GC(410) Pause Young (Allocation Failure) 562M->327M(852M) 3.411ms
[538.152s][info ][gc,cpu       ] GC(410) User=0.01s Sys=0.00s Real=0.01s
[538.152s][info ][safepoint    ] Leaving safepoint region
[538.152s][info ][safepoint    ] Total time for which application threads were stopped: 0.0035868 seconds, Stopping threads took: 0.0000195 seconds
[540.152s][info ][safepoint    ] Application time: 2.0002490 seconds
[540.152s][info ][safepoint    ] Entering safepoint region: Cleanup
[540.152s][info ][safepoint    ] Leaving safepoint region
[540.152s][info ][safepoint    ] Total time for which application threads were stopped: 0.0000900 seconds, Stopping threads took: 0.0000212 seconds
[541.876s][info ][safepoint    ] Application time: 1.7242006 seconds
[541.876s][info ][safepoint    ] Entering safepoint region: GenCollectForAllocation
[541.876s][info ][gc,start     ] GC(411) Pause Young (Allocation Failure)
[541.876s][info ][gc,task      ] GC(411) Using 4 workers of 4 for evacuation
[541.880s][debug][gc,ref       ] GC(411) Skipped phase1 of Reference Processing due to unavailable references
[541.880s][debug][gc,ref       ] GC(411) Skipped phase2 of Reference Processing due to unavailable references
[541.880s][debug][gc,ref       ] GC(411) Skipped phase3 of Reference Processing due to unavailable references
[541.880s][debug][gc,ref       ] GC(411) Skipped phase4 of Reference Processing due to unavailable references
[541.880s][debug][gc,age       ] GC(411) Desired survivor size 15400960 bytes, new threshold 6 (max threshold 6)
[541.880s][info ][gc,heap      ] GC(411) ParNew: 242417K->1507K(270976K)
[541.880s][info ][gc,heap      ] GC(411) CMS: 333562K->333660K(602112K)
[541.880s][info ][gc,metaspace ] GC(411) Metaspace: 61898K->61898K(1105920K)
[541.880s][info ][gc           ] GC(411) Pause Young (Allocation Failure) 562M->327M(852M) 4.018ms
[541.880s][info ][gc,cpu       ] GC(411) User=0.01s Sys=0.00s Real=0.01s
[541.880s][info ][safepoint    ] Leaving safepoint region
[541.880s][info ][safepoint    ] Total time for which application threads were stopped: 0.0042428 seconds, Stopping threads took: 0.0000364 seconds
[542.881s][info ][safepoint    ] Application time: 1.0001444 seconds
[542.881s][info ][safepoint    ] Entering safepoint region: Cleanup
[542.881s][info ][safepoint    ] Leaving safepoint region
[542.881s][info ][safepoint    ] Total time for which application threads were stopped: 0.0001240 seconds, Stopping threads took: 0.0000616 seconds
[543.881s][info ][safepoint    ] Application time: 1.0001348 seconds
[543.881s][info ][safepoint    ] Entering safepoint region: Cleanup
[543.881s][info ][safepoint    ] Leaving safepoint region
[543.881s][info ][safepoint    ] Total time for which application threads were stopped: 0.0000702 seconds, Stopping threads took: 0.0000162 seconds
[545.679s][info ][safepoint    ] Application time: 1.7974651 seconds
[545.679s][info ][safepoint    ] Entering safepoint region: GenCollectForAllocation
[545.679s][info ][gc,start     ] GC(412) Pause Young (Allocation Failure)
[545.679s][info ][gc,task      ] GC(412) Using 4 workers of 4 for evacuation
[545.682s][debug][gc,ref       ] GC(412) Skipped phase1 of Reference Processing due to unavailable references
[545.682s][debug][gc,ref       ] GC(412) Skipped phase2 of Reference Processing due to unavailable references
[545.682s][debug][gc,ref       ] GC(412) Skipped phase3 of Reference Processing due to unavailable references
[545.682s][debug][gc,ref       ] GC(412) Skipped phase4 of Reference Processing due to unavailable references
[545.682s][debug][gc,age       ] GC(412) Desired survivor size 15400960 bytes, new threshold 6 (max threshold 6)
[545.682s][info ][gc,heap      ] GC(412) ParNew: 242403K->1514K(270976K)
[545.682s][info ][gc,heap      ] GC(412) CMS: 333660K->333794K(602112K)
[545.682s][info ][gc,metaspace ] GC(412) Metaspace: 61903K->61903K(1105920K)
[545.682s][info ][gc           ] GC(412) Pause Young (Allocation Failure) 562M->327M(852M) 3.625ms
[545.682s][info ][gc,cpu       ] GC(412) User=0.01s Sys=0.00s Real=0.01s
[545.682s][info ][safepoint    ] Leaving safepoint region
[545.682s][info ][safepoint    ] Total time for which application threads were stopped: 0.0038836 seconds, Stopping threads took: 0.0000569 seconds
[547.683s][info ][safepoint    ] Application time: 2.0002157 seconds
[547.683s][info ][safepoint    ] Entering safepoint region: Cleanup
[547.683s][info ][safepoint    ] Leaving safepoint region
[547.683s][info ][safepoint    ] Total time for which application threads were stopped: 0.0001042 seconds, Stopping threads took: 0.0000332 seconds
[549.569s][info ][safepoint    ] Application time: 1.8860521 seconds
[549.569s][info ][safepoint    ] Entering safepoint region: GenCollectForAllocation
[549.569s][info ][gc,start     ] GC(413) Pause Young (Allocation Failure)
[549.569s][info ][gc,task      ] GC(413) Using 4 workers of 4 for evacuation
[549.571s][debug][gc,ref       ] GC(413) Skipped phase1 of Reference Processing due to unavailable references
[549.571s][debug][gc,ref       ] GC(413) Skipped phase2 of Reference Processing due to unavailable references
[549.571s][debug][gc,ref       ] GC(413) Skipped phase3 of Reference Processing due to unavailable references
[549.571s][debug][gc,ref       ] GC(413) Skipped phase4 of Reference Processing due to unavailable references
[549.572s][debug][gc,age       ] GC(413) Desired survivor size 15400960 bytes, new threshold 6 (max threshold 6)
[549.572s][info ][gc,heap      ] GC(413) ParNew: 242410K->1440K(270976K)
[549.572s][info ][gc,heap      ] GC(413) CMS: 333794K->333857K(602112K)
[549.572s][info ][gc,metaspace ] GC(413) Metaspace: 61903K->61903K(1105920K)
[549.572s][info ][gc           ] GC(413) Pause Young (Allocation Failure) 562M->327M(852M) 2.679ms
[549.572s][info ][gc,cpu       ] GC(413) User=0.01s Sys=0.00s Real=0.00s
[549.572s][info ][safepoint    ] Leaving safepoint region
[549.572s][info ][safepoint    ] Total time for which application threads were stopped: 0.0028052 seconds, Stopping threads took: 0.0000153 seconds
[553.375s][info ][safepoint    ] Application time: 3.8028480 seconds
[553.375s][info ][safepoint    ] Entering safepoint region: GenCollectForAllocation
[553.375s][info ][gc,start     ] GC(414) Pause Young (Allocation Failure)
[553.375s][info ][gc,task      ] GC(414) Using 4 workers of 4 for evacuation
[553.377s][debug][gc,ref       ] GC(414) Skipped phase1 of Reference Processing due to unavailable references
[553.378s][debug][gc,ref       ] GC(414) Skipped phase2 of Reference Processing due to unavailable references
[553.378s][debug][gc,ref       ] GC(414) Skipped phase3 of Reference Processing due to unavailable references
[553.378s][debug][gc,ref       ] GC(414) Skipped phase4 of Reference Processing due to unavailable references
[553.378s][debug][gc,age       ] GC(414) Desired survivor size 15400960 bytes, new threshold 6 (max threshold 6)
[553.378s][info ][gc,heap      ] GC(414) ParNew: 242336K->1318K(270976K)
[553.378s][info ][gc,heap      ] GC(414) CMS: 333857K->334190K(602112K)
[553.378s][info ][gc,metaspace ] GC(414) Metaspace: 61903K->61903K(1105920K)
[553.378s][info ][gc           ] GC(414) Pause Young (Allocation Failure) 562M->327M(852M) 3.083ms
[553.378s][info ][gc,cpu       ] GC(414) User=0.02s Sys=0.00s Real=0.00s
[553.378s][info ][safepoint    ] Leaving safepoint region
[553.378s][info ][safepoint    ] Total time for which application threads were stopped: 0.0032152 seconds, Stopping threads took: 0.0000152 seconds
[557.119s][info ][safepoint    ] Application time: 3.7412146 seconds
[557.119s][info ][safepoint    ] Entering safepoint region: GenCollectForAllocation
[557.119s][info ][gc,start     ] GC(415) Pause Young (Allocation Failure)
[557.119s][info ][gc,task      ] GC(415) Using 4 workers of 4 for evacuation
[557.122s][debug][gc,ref       ] GC(415) Skipped phase1 of Reference Processing due to unavailable references
[557.122s][debug][gc,ref       ] GC(415) Skipped phase2 of Reference Processing due to unavailable references
[557.122s][debug][gc,ref       ] GC(415) Skipped phase3 of Reference Processing due to unavailable references
[557.122s][debug][gc,ref       ] GC(415) Skipped phase4 of Reference Processing due to unavailable references
[557.122s][debug][gc,age       ] GC(415) Desired survivor size 15400960 bytes, new threshold 6 (max threshold 6)
[557.122s][info ][gc,heap      ] GC(415) ParNew: 242214K->1520K(270976K)
[557.122s][info ][gc,heap      ] GC(415) CMS: 334190K->334256K(602112K)
[557.122s][info ][gc,metaspace ] GC(415) Metaspace: 61903K->61903K(1105920K)
[557.122s][info ][gc           ] GC(415) Pause Young (Allocation Failure) 562M->327M(852M) 2.659ms
[557.122s][info ][gc,cpu       ] GC(415) User=0.01s Sys=0.00s Real=0.01s
[557.122s][info ][safepoint    ] Leaving safepoint region
[557.122s][info ][safepoint    ] Total time for which application threads were stopped: 0.0028642 seconds, Stopping threads took: 0.0000589 seconds
[560.793s][info ][safepoint    ] Application time: 3.6710299 seconds
[560.793s][info ][safepoint    ] Entering safepoint region: GenCollectForAllocation
[560.793s][info ][gc,start     ] GC(416) Pause Young (Allocation Failure)
[560.793s][info ][gc,task      ] GC(416) Using 4 workers of 4 for evacuation
[560.795s][debug][gc,ref       ] GC(416) Skipped phase1 of Reference Processing due to unavailable references
[560.795s][debug][gc,ref       ] GC(416) Skipped phase2 of Reference Processing due to unavailable references
[560.795s][debug][gc,ref       ] GC(416) Skipped phase3 of Reference Processing due to unavailable references
[560.795s][debug][gc,ref       ] GC(416) Skipped phase4 of Reference Processing due to unavailable references
[560.795s][debug][gc,age       ] GC(416) Desired survivor size 15400960 bytes, new threshold 6 (max threshold 6)
[560.795s][info ][gc,heap      ] GC(416) ParNew: 242416K->1258K(270976K)
[560.796s][info ][gc,heap      ] GC(416) CMS: 334256K->334287K(602112K)
[560.796s][info ][gc,metaspace ] GC(416) Metaspace: 61904K->61904K(1105920K)
[560.796s][info ][gc           ] GC(416) Pause Young (Allocation Failure) 563M->327M(852M) 2.403ms
[560.796s][info ][gc,cpu       ] GC(416) User=0.01s Sys=0.00s Real=0.00s
[560.796s][info ][safepoint    ] Leaving safepoint region
[560.796s][info ][safepoint    ] Total time for which application threads were stopped: 0.0025657 seconds, Stopping threads took: 0.0000289 seconds
[562.796s][info ][safepoint    ] Application time: 2.0002987 seconds
[562.796s][info ][safepoint    ] Entering safepoint region: Cleanup
[562.796s][info ][safepoint    ] Leaving safepoint region
[562.796s][info ][safepoint    ] Total time for which application threads were stopped: 0.0000681 seconds, Stopping threads took: 0.0000161 seconds
[563.796s][info ][safepoint    ] Application time: 1.0001350 seconds
[563.796s][info ][safepoint    ] Entering safepoint region: Cleanup
[563.796s][info ][safepoint    ] Leaving safepoint region
[563.796s][info ][safepoint    ] Total time for which application threads were stopped: 0.0001816 seconds, Stopping threads took: 0.0000509 seconds
[564.526s][info ][safepoint    ] Application time: 0.7297509 seconds
[564.526s][info ][safepoint    ] Entering safepoint region: GenCollectForAllocation
[564.526s][info ][gc,start     ] GC(417) Pause Young (Allocation Failure)
[564.526s][info ][gc,task      ] GC(417) Using 4 workers of 4 for evacuation
[564.529s][debug][gc,ref       ] GC(417) Skipped phase1 of Reference Processing due to unavailable references
[564.529s][debug][gc,ref       ] GC(417) Skipped phase2 of Reference Processing due to unavailable references
[564.529s][debug][gc,ref       ] GC(417) Skipped phase3 of Reference Processing due to unavailable references
[564.529s][debug][gc,ref       ] GC(417) Skipped phase4 of Reference Processing due to unavailable references
[564.529s][debug][gc,age       ] GC(417) Desired survivor size 15400960 bytes, new threshold 6 (max threshold 6)
[564.529s][info ][gc,heap      ] GC(417) ParNew: 242154K->1199K(270976K)
[564.529s][info ][gc,heap      ] GC(417) CMS: 334287K->334343K(602112K)
[564.529s][info ][gc,metaspace ] GC(417) Metaspace: 61907K->61907K(1105920K)
[564.529s][info ][gc           ] GC(417) Pause Young (Allocation Failure) 562M->327M(852M) 2.988ms
[564.529s][info ][gc,cpu       ] GC(417) User=0.01s Sys=0.00s Real=0.01s
[564.529s][info ][safepoint    ] Leaving safepoint region
[564.529s][info ][safepoint    ] Total time for which application threads were stopped: 0.0031446 seconds, Stopping threads took: 0.0000150 seconds
[565.529s][info ][safepoint    ] Application time: 1.0001017 seconds
[565.529s][info ][safepoint    ] Entering safepoint region: Cleanup
[565.529s][info ][safepoint    ] Leaving safepoint region
[565.529s][info ][safepoint    ] Total time for which application threads were stopped: 0.0000692 seconds, Stopping threads took: 0.0000154 seconds
[568.253s][info ][safepoint    ] Application time: 2.7234456 seconds
[568.253s][info ][safepoint    ] Entering safepoint region: GenCollectForAllocation
[568.253s][info ][gc,start     ] GC(418) Pause Young (Allocation Failure)
[568.253s][info ][gc,task      ] GC(418) Using 4 workers of 4 for evacuation
[568.257s][debug][gc,ref       ] GC(418) Skipped phase1 of Reference Processing due to unavailable references
[568.257s][debug][gc,ref       ] GC(418) Skipped phase2 of Reference Processing due to unavailable references
[568.257s][debug][gc,ref       ] GC(418) Skipped phase3 of Reference Processing due to unavailable references
[568.257s][debug][gc,ref       ] GC(418) Skipped phase4 of Reference Processing due to unavailable references
[568.257s][debug][gc,age       ] GC(418) Desired survivor size 15400960 bytes, new threshold 6 (max threshold 6)
[568.257s][info ][gc,heap      ] GC(418) ParNew: 242046K->1474K(270976K)
[568.257s][info ][gc,heap      ] GC(418) CMS: 334343K->334386K(602112K)
[568.257s][info ][gc,metaspace ] GC(418) Metaspace: 61909K->61909K(1105920K)
[568.257s][info ][gc           ] GC(418) Pause Young (Allocation Failure) 562M->327M(852M) 3.862ms
[568.257s][info ][gc,cpu       ] GC(418) User=0.01s Sys=0.00s Real=0.00s
[568.257s][info ][safepoint    ] Leaving safepoint region
[568.257s][info ][safepoint    ] Total time for which application threads were stopped: 0.0040766 seconds, Stopping threads took: 0.0000403 seconds
[569.257s][info ][safepoint    ] Application time: 1.0001037 seconds
[569.257s][info ][safepoint    ] Entering safepoint region: Cleanup
[569.257s][info ][safepoint    ] Leaving safepoint region
[569.257s][info ][safepoint    ] Total time for which application threads were stopped: 0.0000751 seconds, Stopping threads took: 0.0000142 seconds
[571.759s][info ][safepoint    ] Application time: 2.5020870 seconds
[571.759s][info ][safepoint    ] Entering safepoint region: GenCollectForAllocation
[571.760s][info ][gc,start     ] GC(419) Pause Young (Allocation Failure)
[571.760s][info ][gc,task      ] GC(419) Using 4 workers of 4 for evacuation
[571.763s][debug][gc,ref       ] GC(419) Skipped phase1 of Reference Processing due to unavailable references
[571.763s][debug][gc,ref       ] GC(419) Skipped phase2 of Reference Processing due to unavailable references
[571.763s][debug][gc,ref       ] GC(419) Skipped phase3 of Reference Processing due to unavailable references
[571.763s][debug][gc,ref       ] GC(419) Skipped phase4 of Reference Processing due to unavailable references
[571.763s][debug][gc,age       ] GC(419) Desired survivor size 15400960 bytes, new threshold 6 (max threshold 6)
[571.763s][info ][gc,heap      ] GC(419) ParNew: 242370K->1802K(270976K)
[571.763s][info ][gc,heap      ] GC(419) CMS: 334386K->334471K(602112K)
[571.763s][info ][gc,metaspace ] GC(419) Metaspace: 61909K->61909K(1105920K)
[571.763s][info ][gc           ] GC(419) Pause Young (Allocation Failure) 563M->328M(852M) 3.333ms
[571.763s][info ][gc,cpu       ] GC(419) User=0.01s Sys=0.00s Real=0.01s
[571.763s][info ][safepoint    ] Leaving safepoint region
[571.763s][info ][safepoint    ] Total time for which application threads were stopped: 0.0034967 seconds, Stopping threads took: 0.0000461 seconds
[575.257s][info ][safepoint    ] Application time: 3.4943840 seconds
[575.257s][info ][safepoint    ] Entering safepoint region: GenCollectForAllocation
[575.257s][info ][gc,start     ] GC(420) Pause Young (Allocation Failure)
[575.257s][info ][gc,task      ] GC(420) Using 4 workers of 4 for evacuation
[575.260s][debug][gc,ref       ] GC(420) Skipped phase1 of Reference Processing due to unavailable references
[575.260s][debug][gc,ref       ] GC(420) Skipped phase2 of Reference Processing due to unavailable references
[575.260s][debug][gc,ref       ] GC(420) Skipped phase3 of Reference Processing due to unavailable references
[575.260s][debug][gc,ref       ] GC(420) Skipped phase4 of Reference Processing due to unavailable references
[575.260s][debug][gc,age       ] GC(420) Desired survivor size 15400960 bytes, new threshold 6 (max threshold 6)
[575.260s][info ][gc,heap      ] GC(420) ParNew: 242671K->1459K(270976K)
[575.260s][info ][gc,heap      ] GC(420) CMS: 334471K->334584K(602112K)
[575.260s][info ][gc,metaspace ] GC(420) Metaspace: 61909K->61909K(1105920K)
[575.260s][info ][gc           ] GC(420) Pause Young (Allocation Failure) 563M->328M(852M) 2.720ms
[575.260s][info ][gc,cpu       ] GC(420) User=0.01s Sys=0.00s Real=0.00s
[575.260s][info ][safepoint    ] Leaving safepoint region
[575.260s][info ][safepoint    ] Total time for which application threads were stopped: 0.0028604 seconds, Stopping threads took: 0.0000142 seconds
[576.260s][info ][safepoint    ] Application time: 1.0001159 seconds
[576.260s][info ][safepoint    ] Entering safepoint region: Cleanup
[576.260s][info ][safepoint    ] Leaving safepoint region
[576.260s][info ][safepoint    ] Total time for which application threads were stopped: 0.0000824 seconds, Stopping threads took: 0.0000294 seconds
[578.912s][info ][safepoint    ] Application time: 2.6517214 seconds
[578.912s][info ][safepoint    ] Entering safepoint region: GenCollectForAllocation
[578.912s][info ][gc,start     ] GC(421) Pause Young (Allocation Failure)
[578.912s][info ][gc,task      ] GC(421) Using 4 workers of 4 for evacuation
[578.915s][debug][gc,ref       ] GC(421) Skipped phase1 of Reference Processing due to unavailable references
[578.915s][debug][gc,ref       ] GC(421) Skipped phase2 of Reference Processing due to unavailable references
[578.915s][debug][gc,ref       ] GC(421) Skipped phase3 of Reference Processing due to unavailable references
[578.915s][debug][gc,ref       ] GC(421) Skipped phase4 of Reference Processing due to unavailable references
[578.915s][debug][gc,age       ] GC(421) Desired survivor size 15400960 bytes, new threshold 6 (max threshold 6)
[578.915s][info ][gc,heap      ] GC(421) ParNew: 242355K->1617K(270976K)
[578.915s][info ][gc,heap      ] GC(421) CMS: 334584K->334632K(602112K)
[578.915s][info ][gc,metaspace ] GC(421) Metaspace: 61909K->61909K(1105920K)
[578.915s][info ][gc           ] GC(421) Pause Young (Allocation Failure) 563M->328M(852M) 2.533ms
[578.915s][info ][gc,cpu       ] GC(421) User=0.01s Sys=0.00s Real=0.00s
[578.915s][info ][safepoint    ] Leaving safepoint region
[578.915s][info ][safepoint    ] Total time for which application threads were stopped: 0.0027270 seconds, Stopping threads took: 0.0000639 seconds
[582.624s][info ][safepoint    ] Application time: 3.7087483 seconds
[582.624s][info ][safepoint    ] Entering safepoint region: GenCollectForAllocation
[582.624s][info ][gc,start     ] GC(422) Pause Young (Allocation Failure)
[582.624s][info ][gc,task      ] GC(422) Using 4 workers of 4 for evacuation
[582.626s][debug][gc,ref       ] GC(422) Skipped phase1 of Reference Processing due to unavailable references
[582.626s][debug][gc,ref       ] GC(422) Skipped phase2 of Reference Processing due to unavailable references
[582.626s][debug][gc,ref       ] GC(422) Skipped phase3 of Reference Processing due to unavailable references
[582.626s][debug][gc,ref       ] GC(422) Skipped phase4 of Reference Processing due to unavailable references
[582.627s][debug][gc,age       ] GC(422) Desired survivor size 15400960 bytes, new threshold 6 (max threshold 6)
[582.627s][info ][gc,heap      ] GC(422) ParNew: 242513K->1602K(270976K)
[582.627s][info ][gc,heap      ] GC(422) CMS: 334632K->334691K(602112K)
[582.627s][info ][gc,metaspace ] GC(422) Metaspace: 61910K->61910K(1105920K)
[582.627s][info ][gc           ] GC(422) Pause Young (Allocation Failure) 563M->328M(852M) 2.906ms
[582.627s][info ][gc,cpu       ] GC(422) User=0.01s Sys=0.00s Real=0.00s
[582.627s][info ][safepoint    ] Leaving safepoint region
[582.627s][info ][safepoint    ] Total time for which application threads were stopped: 0.0030593 seconds, Stopping threads took: 0.0000158 seconds
[583.627s][info ][safepoint    ] Application time: 1.0001259 seconds
[583.627s][info ][safepoint    ] Entering safepoint region: Cleanup
[583.627s][info ][safepoint    ] Leaving safepoint region
[583.627s][info ][safepoint    ] Total time for which application threads were stopped: 0.0001262 seconds, Stopping threads took: 0.0000556 seconds
[584.627s][info ][safepoint    ] Application time: 1.0001199 seconds
[584.627s][info ][safepoint    ] Entering safepoint region: Cleanup
[584.627s][info ][safepoint    ] Leaving safepoint region
[584.627s][info ][safepoint    ] Total time for which application threads were stopped: 0.0001328 seconds, Stopping threads took: 0.0000713 seconds
[586.369s][info ][safepoint    ] Application time: 1.7419555 seconds
[586.369s][info ][safepoint    ] Entering safepoint region: GenCollectForAllocation
[586.369s][info ][gc,start     ] GC(423) Pause Young (Allocation Failure)
[586.369s][info ][gc,task      ] GC(423) Using 4 workers of 4 for evacuation
[586.372s][debug][gc,ref       ] GC(423) Skipped phase1 of Reference Processing due to unavailable references
[586.372s][debug][gc,ref       ] GC(423) Skipped phase2 of Reference Processing due to unavailable references
[586.372s][debug][gc,ref       ] GC(423) Skipped phase3 of Reference Processing due to unavailable references
[586.372s][debug][gc,ref       ] GC(423) Skipped phase4 of Reference Processing due to unavailable references
[586.372s][debug][gc,age       ] GC(423) Desired survivor size 15400960 bytes, new threshold 6 (max threshold 6)
[586.372s][info ][gc,heap      ] GC(423) ParNew: 242498K->1467K(270976K)
[586.372s][info ][gc,heap      ] GC(423) CMS: 334691K->334755K(602112K)
[586.372s][info ][gc,metaspace ] GC(423) Metaspace: 61910K->61910K(1105920K)
[586.372s][info ][gc           ] GC(423) Pause Young (Allocation Failure) 563M->328M(852M) 2.693ms
[586.372s][info ][gc,cpu       ] GC(423) User=0.00s Sys=0.00s Real=0.00s
[586.372s][info ][safepoint    ] Leaving safepoint region
[586.372s][info ][safepoint    ] Total time for which application threads were stopped: 0.0028738 seconds, Stopping threads took: 0.0000406 seconds
[589.373s][info ][safepoint    ] Application time: 3.0003888 seconds
[589.373s][info ][safepoint    ] Entering safepoint region: Cleanup
[589.373s][info ][safepoint    ] Leaving safepoint region
[589.373s][info ][safepoint    ] Total time for which application threads were stopped: 0.0001951 seconds, Stopping threads took: 0.0000651 seconds
[590.126s][info ][safepoint    ] Application time: 0.7528628 seconds
[590.126s][info ][safepoint    ] Entering safepoint region: GenCollectForAllocation
[590.126s][info ][gc,start     ] GC(424) Pause Young (Allocation Failure)
[590.126s][info ][gc,task      ] GC(424) Using 4 workers of 4 for evacuation
[590.129s][debug][gc,ref       ] GC(424) Skipped phase1 of Reference Processing due to unavailable references
[590.129s][debug][gc,ref       ] GC(424) Skipped phase2 of Reference Processing due to unavailable references
[590.129s][debug][gc,ref       ] GC(424) Skipped phase3 of Reference Processing due to unavailable references
[590.129s][debug][gc,ref       ] GC(424) Skipped phase4 of Reference Processing due to unavailable references
[590.129s][debug][gc,age       ] GC(424) Desired survivor size 15400960 bytes, new threshold 6 (max threshold 6)
[590.129s][info ][gc,heap      ] GC(424) ParNew: 242363K->1680K(270976K)
[590.129s][info ][gc,heap      ] GC(424) CMS: 334755K->334837K(602112K)
[590.129s][info ][gc,metaspace ] GC(424) Metaspace: 61913K->61913K(1105920K)
[590.129s][info ][gc           ] GC(424) Pause Young (Allocation Failure) 563M->328M(852M) 3.193ms
[590.129s][info ][gc,cpu       ] GC(424) User=0.01s Sys=0.00s Real=0.01s
[590.129s][info ][safepoint    ] Leaving safepoint region
[590.129s][info ][safepoint    ] Total time for which application threads were stopped: 0.0033626 seconds, Stopping threads took: 0.0000168 seconds
[591.129s][info ][safepoint    ] Application time: 1.0000934 seconds
[591.129s][info ][safepoint    ] Entering safepoint region: Cleanup
[591.129s][info ][safepoint    ] Leaving safepoint region
[591.129s][info ][safepoint    ] Total time for which application threads were stopped: 0.0000710 seconds, Stopping threads took: 0.0000162 seconds
[592.129s][info ][safepoint    ] Application time: 1.0001852 seconds
[592.130s][info ][safepoint    ] Entering safepoint region: Cleanup
[592.130s][info ][safepoint    ] Leaving safepoint region
[592.130s][info ][safepoint    ] Total time for which application threads were stopped: 0.0001704 seconds, Stopping threads took: 0.0000666 seconds
[593.877s][info ][safepoint    ] Application time: 1.7468997 seconds
[593.877s][info ][safepoint    ] Entering safepoint region: GenCollectForAllocation
[593.877s][info ][gc,start     ] GC(425) Pause Young (Allocation Failure)
[593.877s][info ][gc,task      ] GC(425) Using 4 workers of 4 for evacuation
[593.880s][debug][gc,ref       ] GC(425) Skipped phase1 of Reference Processing due to unavailable references
[593.880s][debug][gc,ref       ] GC(425) Skipped phase2 of Reference Processing due to unavailable references
[593.880s][debug][gc,ref       ] GC(425) Skipped phase3 of Reference Processing due to unavailable references
[593.880s][debug][gc,ref       ] GC(425) Skipped phase4 of Reference Processing due to unavailable references
[593.880s][debug][gc,age       ] GC(425) Desired survivor size 15400960 bytes, new threshold 6 (max threshold 6)
[593.880s][info ][gc,heap      ] GC(425) ParNew: 242576K->1724K(270976K)
[593.880s][info ][gc,heap      ] GC(425) CMS: 334837K->334905K(602112K)
[593.880s][info ][gc,metaspace ] GC(425) Metaspace: 61917K->61917K(1105920K)
[593.880s][info ][gc           ] GC(425) Pause Young (Allocation Failure) 563M->328M(852M) 3.663ms
[593.880s][info ][gc,cpu       ] GC(425) User=0.01s Sys=0.00s Real=0.01s
[593.880s][info ][safepoint    ] Leaving safepoint region
[593.880s][info ][safepoint    ] Total time for which application threads were stopped: 0.0038137 seconds, Stopping threads took: 0.0000142 seconds
[597.621s][info ][safepoint    ] Application time: 3.7406258 seconds
[597.621s][info ][safepoint    ] Entering safepoint region: GenCollectForAllocation
[597.621s][info ][gc,start     ] GC(426) Pause Young (Allocation Failure)
[597.621s][info ][gc,task      ] GC(426) Using 4 workers of 4 for evacuation
[597.624s][debug][gc,ref       ] GC(426) Skipped phase1 of Reference Processing due to unavailable references
[597.624s][debug][gc,ref       ] GC(426) Skipped phase2 of Reference Processing due to unavailable references
[597.624s][debug][gc,ref       ] GC(426) Skipped phase3 of Reference Processing due to unavailable references
[597.624s][debug][gc,ref       ] GC(426) Skipped phase4 of Reference Processing due to unavailable references
[597.624s][debug][gc,age       ] GC(426) Desired survivor size 15400960 bytes, new threshold 6 (max threshold 6)
[597.624s][info ][gc,heap      ] GC(426) ParNew: 242620K->1572K(270976K)
[597.624s][info ][gc,heap      ] GC(426) CMS: 334905K->335202K(602112K)
[597.624s][info ][gc,metaspace ] GC(426) Metaspace: 61926K->61926K(1105920K)
[597.624s][info ][gc           ] GC(426) Pause Young (Allocation Failure) 563M->328M(852M) 3.022ms
[597.624s][info ][gc,cpu       ] GC(426) User=0.01s Sys=0.00s Real=0.00s
[597.624s][info ][safepoint    ] Leaving safepoint region
[597.624s][info ][safepoint    ] Total time for which application threads were stopped: 0.0031742 seconds, Stopping threads took: 0.0000162 seconds
[600.625s][info ][safepoint    ] Application time: 3.0003737 seconds
[600.625s][info ][safepoint    ] Entering safepoint region: Cleanup
[600.625s][info ][safepoint    ] Leaving safepoint region
[600.625s][info ][safepoint    ] Total time for which application threads were stopped: 0.0001330 seconds, Stopping threads took: 0.0000680 seconds
[601.324s][info ][safepoint    ] Application time: 0.6989403 seconds
[601.324s][info ][safepoint    ] Entering safepoint region: GenCollectForAllocation
[601.324s][info ][gc,start     ] GC(427) Pause Young (Allocation Failure)
[601.324s][info ][gc,task      ] GC(427) Using 4 workers of 4 for evacuation
[601.327s][debug][gc,ref       ] GC(427) Skipped phase1 of Reference Processing due to unavailable references
[601.327s][debug][gc,ref       ] GC(427) Skipped phase2 of Reference Processing due to unavailable references
[601.327s][debug][gc,ref       ] GC(427) Skipped phase3 of Reference Processing due to unavailable references
[601.327s][debug][gc,ref       ] GC(427) Skipped phase4 of Reference Processing due to unavailable references
[601.327s][debug][gc,age       ] GC(427) Desired survivor size 15400960 bytes, new threshold 6 (max threshold 6)
[601.327s][info ][gc,heap      ] GC(427) ParNew: 242468K->1172K(270976K)
[601.327s][info ][gc,heap      ] GC(427) CMS: 335202K->335339K(602112K)
[601.327s][info ][gc,metaspace ] GC(427) Metaspace: 61930K->61930K(1105920K)
[601.327s][info ][gc           ] GC(427) Pause Young (Allocation Failure) 564M->328M(852M) 2.893ms
[601.327s][info ][gc,cpu       ] GC(427) User=0.01s Sys=0.00s Real=0.00s
[601.327s][info ][safepoint    ] Leaving safepoint region
[601.327s][info ][safepoint    ] Total time for which application threads were stopped: 0.0030477 seconds, Stopping threads took: 0.0000158 seconds
[605.075s][info ][safepoint    ] Application time: 3.7483334 seconds
[605.075s][info ][safepoint    ] Entering safepoint region: GenCollectForAllocation
[605.075s][info ][gc,start     ] GC(428) Pause Young (Allocation Failure)
[605.075s][info ][gc,task      ] GC(428) Using 4 workers of 4 for evacuation
[605.078s][debug][gc,ref       ] GC(428) Skipped phase1 of Reference Processing due to unavailable references
[605.078s][debug][gc,ref       ] GC(428) Skipped phase2 of Reference Processing due to unavailable references
[605.078s][debug][gc,ref       ] GC(428) Skipped phase3 of Reference Processing due to unavailable references
[605.078s][debug][gc,ref       ] GC(428) Skipped phase4 of Reference Processing due to unavailable references
[605.078s][debug][gc,age       ] GC(428) Desired survivor size 15400960 bytes, new threshold 6 (max threshold 6)
[605.078s][info ][gc,heap      ] GC(428) ParNew: 242068K->1097K(270976K)
[605.078s][info ][gc,heap      ] GC(428) CMS: 335339K->335420K(602112K)
[605.078s][info ][gc,metaspace ] GC(428) Metaspace: 61930K->61930K(1105920K)
[605.078s][info ][gc           ] GC(428) Pause Young (Allocation Failure) 563M->328M(852M) 2.549ms
[605.078s][info ][gc,cpu       ] GC(428) User=0.01s Sys=0.00s Real=0.00s
[605.078s][info ][safepoint    ] Leaving safepoint region
[605.078s][info ][safepoint    ] Total time for which application threads were stopped: 0.0026870 seconds, Stopping threads took: 0.0000152 seconds
[608.769s][info ][safepoint    ] Application time: 3.6912042 seconds
[608.769s][info ][safepoint    ] Entering safepoint region: GenCollectForAllocation
[608.769s][info ][gc,start     ] GC(429) Pause Young (Allocation Failure)
[608.769s][info ][gc,task      ] GC(429) Using 4 workers of 4 for evacuation
[608.773s][debug][gc,ref       ] GC(429) Skipped phase1 of Reference Processing due to unavailable references
[608.773s][debug][gc,ref       ] GC(429) Skipped phase2 of Reference Processing due to unavailable references
[608.773s][debug][gc,ref       ] GC(429) Skipped phase3 of Reference Processing due to unavailable references
[608.773s][debug][gc,ref       ] GC(429) Skipped phase4 of Reference Processing due to unavailable references
[608.773s][debug][gc,age       ] GC(429) Desired survivor size 15400960 bytes, new threshold 6 (max threshold 6)
[608.773s][info ][gc,heap      ] GC(429) ParNew: 241993K->1479K(270976K)
[608.773s][info ][gc,heap      ] GC(429) CMS: 335420K->335513K(602112K)
[608.773s][info ][gc,metaspace ] GC(429) Metaspace: 61932K->61932K(1105920K)
[608.773s][info ][gc           ] GC(429) Pause Young (Allocation Failure) 563M->329M(852M) 3.711ms
[608.773s][info ][gc,cpu       ] GC(429) User=0.01s Sys=0.00s Real=0.00s
[608.773s][info ][safepoint    ] Leaving safepoint region
[608.773s][info ][safepoint    ] Total time for which application threads were stopped: 0.0038964 seconds, Stopping threads took: 0.0000557 seconds
[612.476s][info ][safepoint    ] Application time: 3.7033674 seconds
[612.476s][info ][safepoint    ] Entering safepoint region: GenCollectForAllocation
[612.477s][info ][gc,start     ] GC(430) Pause Young (Allocation Failure)
[612.477s][info ][gc,task      ] GC(430) Using 4 workers of 4 for evacuation
[612.479s][debug][gc,ref       ] GC(430) Skipped phase1 of Reference Processing due to unavailable references
[612.479s][debug][gc,ref       ] GC(430) Skipped phase2 of Reference Processing due to unavailable references
[612.479s][debug][gc,ref       ] GC(430) Skipped phase3 of Reference Processing due to unavailable references
[612.479s][debug][gc,ref       ] GC(430) Skipped phase4 of Reference Processing due to unavailable references
[612.479s][debug][gc,age       ] GC(430) Desired survivor size 15400960 bytes, new threshold 6 (max threshold 6)
[612.479s][info ][gc,heap      ] GC(430) ParNew: 242375K->1478K(270976K)
[612.479s][info ][gc,heap      ] GC(430) CMS: 335513K->335519K(602112K)
[612.479s][info ][gc,metaspace ] GC(430) Metaspace: 61932K->61932K(1105920K)
[612.479s][info ][gc           ] GC(430) Pause Young (Allocation Failure) 564M->329M(852M) 2.801ms
[612.479s][info ][gc,cpu       ] GC(430) User=0.01s Sys=0.00s Real=0.00s
[612.479s][info ][safepoint    ] Leaving safepoint region
[612.479s][info ][safepoint    ] Total time for which application threads were stopped: 0.0029508 seconds, Stopping threads took: 0.0000169 seconds
[615.480s][info ][safepoint    ] Application time: 3.0002698 seconds
[615.480s][info ][safepoint    ] Entering safepoint region: Cleanup
[615.480s][info ][safepoint    ] Leaving safepoint region
[615.480s][info ][safepoint    ] Total time for which application threads were stopped: 0.0000682 seconds, Stopping threads took: 0.0000140 seconds
[616.169s][info ][safepoint    ] Application time: 0.6896112 seconds
[616.169s][info ][safepoint    ] Entering safepoint region: GenCollectForAllocation
[616.170s][info ][gc,start     ] GC(431) Pause Young (Allocation Failure)
[616.170s][info ][gc,task      ] GC(431) Using 4 workers of 4 for evacuation
[616.173s][debug][gc,ref       ] GC(431) Skipped phase1 of Reference Processing due to unavailable references
[616.173s][debug][gc,ref       ] GC(431) Skipped phase2 of Reference Processing due to unavailable references
[616.173s][debug][gc,ref       ] GC(431) Skipped phase3 of Reference Processing due to unavailable references
[616.173s][debug][gc,ref       ] GC(431) Skipped phase4 of Reference Processing due to unavailable references
[616.173s][debug][gc,age       ] GC(431) Desired survivor size 15400960 bytes, new threshold 6 (max threshold 6)
[616.173s][info ][gc,heap      ] GC(431) ParNew: 242374K->1626K(270976K)
[616.173s][info ][gc,heap      ] GC(431) CMS: 335519K->335553K(602112K)
[616.173s][info ][gc,metaspace ] GC(431) Metaspace: 61933K->61933K(1105920K)
[616.173s][info ][gc           ] GC(431) Pause Young (Allocation Failure) 564M->329M(852M) 3.274ms
[616.173s][info ][gc,cpu       ] GC(431) User=0.01s Sys=0.00s Real=0.00s
[616.173s][info ][safepoint    ] Leaving safepoint region
[616.173s][info ][safepoint    ] Total time for which application threads were stopped: 0.0035288 seconds, Stopping threads took: 0.0000539 seconds
[617.173s][info ][safepoint    ] Application time: 1.0000954 seconds
[617.173s][info ][safepoint    ] Entering safepoint region: Cleanup
[617.173s][info ][safepoint    ] Leaving safepoint region
[617.173s][info ][safepoint    ] Total time for which application threads were stopped: 0.0001899 seconds, Stopping threads took: 0.0001154 seconds
[619.872s][info ][safepoint    ] Application time: 2.6983131 seconds
[619.872s][info ][safepoint    ] Entering safepoint region: GenCollectForAllocation
[619.872s][info ][gc,start     ] GC(432) Pause Young (Allocation Failure)
[619.872s][info ][gc,task      ] GC(432) Using 4 workers of 4 for evacuation
[619.874s][debug][gc,ref       ] GC(432) Skipped phase1 of Reference Processing due to unavailable references
[619.875s][debug][gc,ref       ] GC(432) Skipped phase2 of Reference Processing due to unavailable references
[619.875s][debug][gc,ref       ] GC(432) Skipped phase3 of Reference Processing due to unavailable references
[619.875s][debug][gc,ref       ] GC(432) Skipped phase4 of Reference Processing due to unavailable references
[619.875s][debug][gc,age       ] GC(432) Desired survivor size 15400960 bytes, new threshold 6 (max threshold 6)
[619.875s][info ][gc,heap      ] GC(432) ParNew: 242522K->1758K(270976K)
[619.875s][info ][gc,heap      ] GC(432) CMS: 335553K->335669K(602112K)
[619.875s][info ][gc,metaspace ] GC(432) Metaspace: 61937K->61937K(1105920K)
[619.875s][info ][gc           ] GC(432) Pause Young (Allocation Failure) 564M->329M(852M) 2.956ms
[619.875s][info ][gc,cpu       ] GC(432) User=0.01s Sys=0.00s Real=0.00s
[619.875s][info ][safepoint    ] Leaving safepoint region
[619.875s][info ][safepoint    ] Total time for which application threads were stopped: 0.0031082 seconds, Stopping threads took: 0.0000159 seconds
[620.875s][info ][safepoint    ] Application time: 1.0000971 seconds
[620.875s][info ][safepoint    ] Entering safepoint region: Cleanup
[620.875s][info ][safepoint    ] Leaving safepoint region
[620.875s][info ][safepoint    ] Total time for which application threads were stopped: 0.0001786 seconds, Stopping threads took: 0.0000434 seconds
[621.875s][info ][safepoint    ] Application time: 1.0000976 seconds
[621.875s][info ][safepoint    ] Entering safepoint region: Cleanup
[621.875s][info ][safepoint    ] Leaving safepoint region
[621.875s][info ][safepoint    ] Total time for which application threads were stopped: 0.0001532 seconds, Stopping threads took: 0.0000556 seconds
[622.568s][info ][safepoint    ] Application time: 0.6923002 seconds
[622.568s][info ][safepoint    ] Entering safepoint region: GenCollectForAllocation
[622.569s][info ][gc,start     ] GC(433) Pause Young (Allocation Failure)
[622.569s][info ][gc,task      ] GC(433) Using 4 workers of 4 for evacuation
[622.573s][debug][gc,ref       ] GC(433) Skipped phase1 of Reference Processing due to unavailable references
[622.573s][debug][gc,ref       ] GC(433) Skipped phase3 of Reference Processing due to unavailable references
[622.573s][debug][gc,age       ] GC(433) Desired survivor size 15400960 bytes, new threshold 6 (max threshold 6)
[622.573s][info ][gc,heap      ] GC(433) ParNew: 242654K->1638K(270976K)
[622.573s][info ][gc,heap      ] GC(433) CMS: 335669K->335799K(602112K)
[622.573s][info ][gc,metaspace ] GC(433) Metaspace: 61939K->61939K(1105920K)
[622.573s][info ][gc           ] GC(433) Pause Young (Allocation Failure) 564M->329M(852M) 4.149ms
[622.573s][info ][gc,cpu       ] GC(433) User=0.01s Sys=0.00s Real=0.00s
[622.573s][info ][safepoint    ] Leaving safepoint region
[622.573s][info ][safepoint    ] Total time for which application threads were stopped: 0.0050596 seconds, Stopping threads took: 0.0000229 seconds
[625.573s][info ][safepoint    ] Application time: 3.0005176 seconds
[625.573s][info ][safepoint    ] Entering safepoint region: Cleanup
[625.573s][info ][safepoint    ] Leaving safepoint region
[625.573s][info ][safepoint    ] Total time for which application threads were stopped: 0.0001090 seconds, Stopping threads took: 0.0000414 seconds
[626.219s][info ][safepoint    ] Application time: 0.6455773 seconds
[626.219s][info ][safepoint    ] Entering safepoint region: GenCollectForAllocation
[626.219s][info ][gc,start     ] GC(434) Pause Young (Allocation Failure)
[626.219s][info ][gc,task      ] GC(434) Using 4 workers of 4 for evacuation
[626.222s][debug][gc,ref       ] GC(434) Skipped phase1 of Reference Processing due to unavailable references
[626.222s][debug][gc,ref       ] GC(434) Skipped phase3 of Reference Processing due to unavailable references
[626.223s][debug][gc,age       ] GC(434) Desired survivor size 15400960 bytes, new threshold 6 (max threshold 6)
[626.223s][info ][gc,heap      ] GC(434) ParNew: 242534K->1285K(270976K)
[626.223s][info ][gc,heap      ] GC(434) CMS: 335799K->335942K(602112K)
[626.223s][info ][gc,metaspace ] GC(434) Metaspace: 61939K->61939K(1105920K)
[626.223s][info ][gc           ] GC(434) Pause Young (Allocation Failure) 564M->329M(852M) 3.366ms
[626.223s][info ][gc,cpu       ] GC(434) User=0.01s Sys=0.00s Real=0.01s
[626.223s][info ][safepoint    ] Leaving safepoint region
[626.223s][info ][safepoint    ] Total time for which application threads were stopped: 0.0036622 seconds, Stopping threads took: 0.0000417 seconds
[629.224s][info ][safepoint    ] Application time: 3.0010775 seconds
[629.224s][info ][safepoint    ] Entering safepoint region: Cleanup
[629.224s][info ][safepoint    ] Leaving safepoint region
[629.224s][info ][safepoint    ] Total time for which application threads were stopped: 0.0001679 seconds, Stopping threads took: 0.0000946 seconds
[629.921s][info ][safepoint    ] Application time: 0.6967924 seconds
[629.921s][info ][safepoint    ] Entering safepoint region: GenCollectForAllocation
[629.921s][info ][gc,start     ] GC(435) Pause Young (Allocation Failure)
[629.921s][info ][gc,task      ] GC(435) Using 4 workers of 4 for evacuation
[629.924s][debug][gc,ref       ] GC(435) Skipped phase1 of Reference Processing due to unavailable references
[629.924s][debug][gc,ref       ] GC(435) Skipped phase3 of Reference Processing due to unavailable references
[629.924s][debug][gc,age       ] GC(435) Desired survivor size 15400960 bytes, new threshold 6 (max threshold 6)
[629.924s][info ][gc,heap      ] GC(435) ParNew: 242181K->1611K(270976K)
[629.924s][info ][gc,heap      ] GC(435) CMS: 335942K->336036K(602112K)
[629.924s][info ][gc,metaspace ] GC(435) Metaspace: 61939K->61939K(1105920K)
[629.924s][info ][gc           ] GC(435) Pause Young (Allocation Failure) 564M->329M(852M) 3.112ms
[629.924s][info ][gc,cpu       ] GC(435) User=0.01s Sys=0.00s Real=0.00s
[629.924s][info ][safepoint    ] Leaving safepoint region
[629.924s][info ][safepoint    ] Total time for which application threads were stopped: 0.0032635 seconds, Stopping threads took: 0.0000164 seconds
[630.924s][info ][safepoint    ] Application time: 1.0001274 seconds
[630.924s][info ][safepoint    ] Entering safepoint region: Cleanup
[630.924s][info ][safepoint    ] Leaving safepoint region
[630.924s][info ][safepoint    ] Total time for which application threads were stopped: 0.0001328 seconds, Stopping threads took: 0.0000641 seconds
[631.924s][info ][safepoint    ] Application time: 1.0000632 seconds
[631.925s][info ][safepoint    ] Entering safepoint region: Cleanup
[631.925s][info ][safepoint    ] Leaving safepoint region
[631.925s][info ][safepoint    ] Total time for which application threads were stopped: 0.0001051 seconds, Stopping threads took: 0.0000419 seconds
[632.925s][info ][safepoint    ] Application time: 1.0001059 seconds
[632.925s][info ][safepoint    ] Entering safepoint region: Cleanup
[632.925s][info ][safepoint    ] Leaving safepoint region
[632.925s][info ][safepoint    ] Total time for which application threads were stopped: 0.0001147 seconds, Stopping threads took: 0.0000417 seconds
[633.576s][info ][safepoint    ] Application time: 0.6515502 seconds
[633.576s][info ][safepoint    ] Entering safepoint region: GenCollectForAllocation
[633.577s][info ][gc,start     ] GC(436) Pause Young (Allocation Failure)
[633.577s][info ][gc,task      ] GC(436) Using 4 workers of 4 for evacuation
[633.579s][debug][gc,ref       ] GC(436) Skipped phase1 of Reference Processing due to unavailable references
[633.579s][debug][gc,ref       ] GC(436) Skipped phase3 of Reference Processing due to unavailable references
[633.579s][debug][gc,age       ] GC(436) Desired survivor size 15400960 bytes, new threshold 6 (max threshold 6)
[633.579s][info ][gc,heap      ] GC(436) ParNew: 242507K->1204K(270976K)
[633.579s][info ][gc,heap      ] GC(436) CMS: 336036K->336172K(602112K)
[633.579s][info ][gc,metaspace ] GC(436) Metaspace: 61941K->61941K(1105920K)
[633.579s][info ][gc           ] GC(436) Pause Young (Allocation Failure) 564M->329M(852M) 2.890ms
[633.579s][info ][gc,cpu       ] GC(436) User=0.01s Sys=0.00s Real=0.00s
[633.580s][info ][safepoint    ] Leaving safepoint region
[633.580s][info ][safepoint    ] Total time for which application threads were stopped: 0.0030377 seconds, Stopping threads took: 0.0000162 seconds
[637.219s][info ][safepoint    ] Application time: 3.6395638 seconds
[637.219s][info ][safepoint    ] Entering safepoint region: GenCollectForAllocation
[637.219s][info ][gc,start     ] GC(437) Pause Young (Allocation Failure)
[637.219s][info ][gc,task      ] GC(437) Using 4 workers of 4 for evacuation
[637.222s][debug][gc,ref       ] GC(437) Skipped phase1 of Reference Processing due to unavailable references
[637.222s][debug][gc,ref       ] GC(437) Skipped phase3 of Reference Processing due to unavailable references
[637.222s][debug][gc,age       ] GC(437) Desired survivor size 15400960 bytes, new threshold 6 (max threshold 6)
[637.222s][info ][gc,heap      ] GC(437) ParNew: 242100K->1187K(270976K)
[637.222s][info ][gc,heap      ] GC(437) CMS: 336172K->336329K(602112K)
[637.222s][info ][gc,metaspace ] GC(437) Metaspace: 61941K->61941K(1105920K)
[637.222s][info ][gc           ] GC(437) Pause Young (Allocation Failure) 564M->329M(852M) 3.102ms
[637.222s][info ][gc,cpu       ] GC(437) User=0.01s Sys=0.00s Real=0.01s
[637.222s][info ][safepoint    ] Leaving safepoint region
[637.222s][info ][safepoint    ] Total time for which application threads were stopped: 0.0033347 seconds, Stopping threads took: 0.0000689 seconds
[638.223s][info ][safepoint    ] Application time: 1.0001366 seconds
[638.223s][info ][safepoint    ] Entering safepoint region: Cleanup
[638.223s][info ][safepoint    ] Leaving safepoint region
[638.223s][info ][safepoint    ] Total time for which application threads were stopped: 0.0001219 seconds, Stopping threads took: 0.0000545 seconds
[640.869s][info ][safepoint    ] Application time: 2.6466267 seconds
[640.869s][info ][safepoint    ] Entering safepoint region: GenCollectForAllocation
[640.870s][info ][gc,start     ] GC(438) Pause Young (Allocation Failure)
[640.870s][info ][gc,task      ] GC(438) Using 4 workers of 4 for evacuation
[640.872s][debug][gc,ref       ] GC(438) Skipped phase1 of Reference Processing due to unavailable references
[640.872s][debug][gc,ref       ] GC(438) Skipped phase3 of Reference Processing due to unavailable references
[640.872s][debug][gc,age       ] GC(438) Desired survivor size 15400960 bytes, new threshold 6 (max threshold 6)
[640.872s][info ][gc,heap      ] GC(438) ParNew: 242083K->1210K(270976K)
[640.872s][info ][gc,heap      ] GC(438) CMS: 336329K->336336K(602112K)
[640.872s][info ][gc,metaspace ] GC(438) Metaspace: 61941K->61941K(1105920K)
[640.872s][info ][gc           ] GC(438) Pause Young (Allocation Failure) 564M->329M(852M) 2.437ms
[640.872s][info ][gc,cpu       ] GC(438) User=0.01s Sys=0.00s Real=0.00s
[640.872s][info ][safepoint    ] Leaving safepoint region
[640.872s][info ][safepoint    ] Total time for which application threads were stopped: 0.0026486 seconds, Stopping threads took: 0.0000750 seconds
[644.570s][info ][safepoint    ] Application time: 3.6981570 seconds
[644.570s][info ][safepoint    ] Entering safepoint region: GenCollectForAllocation
[644.570s][info ][gc,start     ] GC(439) Pause Young (Allocation Failure)
[644.570s][info ][gc,task      ] GC(439) Using 4 workers of 4 for evacuation
[644.573s][debug][gc,ref       ] GC(439) Skipped phase1 of Reference Processing due to unavailable references
[644.573s][debug][gc,ref       ] GC(439) Skipped phase2 of Reference Processing due to unavailable references
[644.573s][debug][gc,ref       ] GC(439) Skipped phase3 of Reference Processing due to unavailable references
[644.573s][debug][gc,ref       ] GC(439) Skipped phase4 of Reference Processing due to unavailable references
[644.573s][debug][gc,age       ] GC(439) Desired survivor size 15400960 bytes, new threshold 6 (max threshold 6)
[644.573s][info ][gc,heap      ] GC(439) ParNew: 242106K->1311K(270976K)
[644.573s][info ][gc,heap      ] GC(439) CMS: 336336K->336382K(602112K)
[644.573s][info ][gc,metaspace ] GC(439) Metaspace: 61941K->61941K(1105920K)
[644.573s][info ][gc           ] GC(439) Pause Young (Allocation Failure) 564M->329M(852M) 2.771ms
[644.573s][info ][gc,cpu       ] GC(439) User=0.01s Sys=0.00s Real=0.00s
[644.573s][info ][safepoint    ] Leaving safepoint region
[644.573s][info ][safepoint    ] Total time for which application threads were stopped: 0.0030326 seconds, Stopping threads took: 0.0000597 seconds
[647.574s][info ][safepoint    ] Application time: 3.0003133 seconds
[647.574s][info ][safepoint    ] Entering safepoint region: Cleanup
[647.574s][info ][safepoint    ] Leaving safepoint region
[647.574s][info ][safepoint    ] Total time for which application threads were stopped: 0.0002106 seconds, Stopping threads took: 0.0000673 seconds
[648.269s][info ][safepoint    ] Application time: 0.6949171 seconds
[648.269s][info ][safepoint    ] Entering safepoint region: GenCollectForAllocation
[648.269s][info ][gc,start     ] GC(440) Pause Young (Allocation Failure)
[648.269s][info ][gc,task      ] GC(440) Using 4 workers of 4 for evacuation
[648.276s][debug][gc,ref       ] GC(440) Skipped phase1 of Reference Processing due to unavailable references
[648.276s][debug][gc,ref       ] GC(440) Skipped phase2 of Reference Processing due to unavailable references
[648.276s][debug][gc,ref       ] GC(440) Skipped phase3 of Reference Processing due to unavailable references
[648.276s][debug][gc,ref       ] GC(440) Skipped phase4 of Reference Processing due to unavailable references
[648.276s][debug][gc,age       ] GC(440) Desired survivor size 15400960 bytes, new threshold 6 (max threshold 6)
[648.276s][info ][gc,heap      ] GC(440) ParNew: 242207K->1221K(270976K)
[648.276s][info ][gc,heap      ] GC(440) CMS: 336382K->336490K(602112K)
[648.276s][info ][gc,metaspace ] GC(440) Metaspace: 61941K->61941K(1105920K)
[648.276s][info ][gc           ] GC(440) Pause Young (Allocation Failure) 565M->329M(852M) 7.418ms
[648.276s][info ][gc,cpu       ] GC(440) User=0.02s Sys=0.00s Real=0.00s
[648.276s][info ][safepoint    ] Leaving safepoint region
[648.276s][info ][safepoint    ] Total time for which application threads were stopped: 0.0076225 seconds, Stopping threads took: 0.0000413 seconds
[651.972s][info ][safepoint    ] Application time: 3.6953570 seconds
[651.972s][info ][safepoint    ] Entering safepoint region: GenCollectForAllocation
[651.972s][info ][gc,start     ] GC(441) Pause Young (Allocation Failure)
[651.972s][info ][gc,task      ] GC(441) Using 4 workers of 4 for evacuation
[651.974s][debug][gc,ref       ] GC(441) Skipped phase1 of Reference Processing due to unavailable references
[651.974s][debug][gc,ref       ] GC(441) Skipped phase2 of Reference Processing due to unavailable references
[651.974s][debug][gc,ref       ] GC(441) Skipped phase3 of Reference Processing due to unavailable references
[651.974s][debug][gc,ref       ] GC(441) Skipped phase4 of Reference Processing due to unavailable references
[651.975s][debug][gc,age       ] GC(441) Desired survivor size 15400960 bytes, new threshold 6 (max threshold 6)
[651.975s][info ][gc,heap      ] GC(441) ParNew: 242117K->1358K(270976K)
[651.975s][info ][gc,heap      ] GC(441) CMS: 336490K->336516K(602112K)
[651.975s][info ][gc,metaspace ] GC(441) Metaspace: 61942K->61942K(1105920K)
[651.975s][info ][gc           ] GC(441) Pause Young (Allocation Failure) 565M->329M(852M) 2.724ms
[651.975s][info ][gc,cpu       ] GC(441) User=0.01s Sys=0.00s Real=0.00s
[651.975s][info ][safepoint    ] Leaving safepoint region
[651.975s][info ][safepoint    ] Total time for which application threads were stopped: 0.0028704 seconds, Stopping threads took: 0.0000161 seconds
[655.720s][info ][safepoint    ] Application time: 3.7450411 seconds
[655.720s][info ][safepoint    ] Entering safepoint region: GenCollectForAllocation
[655.720s][info ][gc,start     ] GC(442) Pause Young (Allocation Failure)
[655.720s][info ][gc,task      ] GC(442) Using 4 workers of 4 for evacuation
[655.723s][debug][gc,ref       ] GC(442) Skipped phase1 of Reference Processing due to unavailable references
[655.723s][debug][gc,ref       ] GC(442) Skipped phase2 of Reference Processing due to unavailable references
[655.723s][debug][gc,ref       ] GC(442) Skipped phase3 of Reference Processing due to unavailable references
[655.723s][debug][gc,ref       ] GC(442) Skipped phase4 of Reference Processing due to unavailable references
[655.723s][debug][gc,age       ] GC(442) Desired survivor size 15400960 bytes, new threshold 6 (max threshold 6)
[655.723s][info ][gc,heap      ] GC(442) ParNew: 242254K->1253K(270976K)
[655.723s][info ][gc,heap      ] GC(442) CMS: 336516K->336582K(602112K)
[655.723s][info ][gc,metaspace ] GC(442) Metaspace: 61942K->61942K(1105920K)
[655.723s][info ][gc           ] GC(442) Pause Young (Allocation Failure) 565M->329M(852M) 3.046ms
[655.723s][info ][gc,cpu       ] GC(442) User=0.01s Sys=0.00s Real=0.01s
[655.723s][info ][safepoint    ] Leaving safepoint region
[655.723s][info ][safepoint    ] Total time for which application threads were stopped: 0.0031877 seconds, Stopping threads took: 0.0000153 seconds
[659.473s][info ][safepoint    ] Application time: 3.7504007 seconds
[659.473s][info ][safepoint    ] Entering safepoint region: GenCollectForAllocation
[659.474s][info ][gc,start     ] GC(443) Pause Young (Allocation Failure)
[659.474s][info ][gc,task      ] GC(443) Using 4 workers of 4 for evacuation
[659.476s][debug][gc,ref       ] GC(443) Skipped phase1 of Reference Processing due to unavailable references
[659.476s][debug][gc,ref       ] GC(443) Skipped phase2 of Reference Processing due to unavailable references
[659.476s][debug][gc,ref       ] GC(443) Skipped phase3 of Reference Processing due to unavailable references
[659.476s][debug][gc,ref       ] GC(443) Skipped phase4 of Reference Processing due to unavailable references
[659.477s][debug][gc,age       ] GC(443) Desired survivor size 15400960 bytes, new threshold 6 (max threshold 6)
[659.477s][info ][gc,heap      ] GC(443) ParNew: 242149K->1308K(270976K)
[659.477s][info ][gc,heap      ] GC(443) CMS: 336582K->336714K(602112K)
[659.477s][info ][gc,metaspace ] GC(443) Metaspace: 61942K->61942K(1105920K)
[659.477s][info ][gc           ] GC(443) Pause Young (Allocation Failure) 565M->330M(852M) 3.001ms
[659.477s][info ][gc,cpu       ] GC(443) User=0.01s Sys=0.00s Real=0.00s
[659.477s][info ][safepoint    ] Leaving safepoint region
[659.477s][info ][safepoint    ] Total time for which application threads were stopped: 0.0031691 seconds, Stopping threads took: 0.0000319 seconds
[663.174s][info ][safepoint    ] Application time: 3.6970605 seconds
[663.174s][info ][safepoint    ] Entering safepoint region: GenCollectForAllocation
[663.174s][info ][gc,start     ] GC(444) Pause Young (Allocation Failure)
[663.174s][info ][gc,task      ] GC(444) Using 4 workers of 4 for evacuation
[663.176s][debug][gc,ref       ] GC(444) Skipped phase1 of Reference Processing due to unavailable references
[663.176s][debug][gc,ref       ] GC(444) Skipped phase2 of Reference Processing due to unavailable references
[663.176s][debug][gc,ref       ] GC(444) Skipped phase3 of Reference Processing due to unavailable references
[663.176s][debug][gc,ref       ] GC(444) Skipped phase4 of Reference Processing due to unavailable references
[663.176s][debug][gc,age       ] GC(444) Desired survivor size 15400960 bytes, new threshold 6 (max threshold 6)
[663.176s][info ][gc,heap      ] GC(444) ParNew: 242204K->1147K(270976K)
[663.176s][info ][gc,heap      ] GC(444) CMS: 336714K->336797K(602112K)
[663.177s][info ][gc,metaspace ] GC(444) Metaspace: 61942K->61942K(1105920K)
[663.177s][info ][gc           ] GC(444) Pause Young (Allocation Failure) 565M->330M(852M) 2.725ms
[663.177s][info ][gc,cpu       ] GC(444) User=0.01s Sys=0.00s Real=0.00s
[663.177s][info ][safepoint    ] Leaving safepoint region
[663.177s][info ][safepoint    ] Total time for which application threads were stopped: 0.0028730 seconds, Stopping threads took: 0.0000173 seconds
[666.760s][info ][safepoint    ] Application time: 3.5839288 seconds
[666.761s][info ][safepoint    ] Entering safepoint region: GenCollectForAllocation
[666.761s][info ][gc,start     ] GC(445) Pause Young (Allocation Failure)
[666.761s][info ][gc,task      ] GC(445) Using 4 workers of 4 for evacuation
[666.763s][debug][gc,ref       ] GC(445) Skipped phase1 of Reference Processing due to unavailable references
[666.763s][debug][gc,ref       ] GC(445) Skipped phase2 of Reference Processing due to unavailable references
[666.763s][debug][gc,ref       ] GC(445) Skipped phase3 of Reference Processing due to unavailable references
[666.763s][debug][gc,ref       ] GC(445) Skipped phase4 of Reference Processing due to unavailable references
[666.763s][debug][gc,age       ] GC(445) Desired survivor size 15400960 bytes, new threshold 6 (max threshold 6)
[666.763s][info ][gc,heap      ] GC(445) ParNew: 242043K->1467K(270976K)
[666.763s][info ][gc,heap      ] GC(445) CMS: 336797K->336829K(602112K)
[666.763s][info ][gc,metaspace ] GC(445) Metaspace: 61946K->61946K(1105920K)
[666.763s][info ][gc           ] GC(445) Pause Young (Allocation Failure) 565M->330M(852M) 2.580ms
[666.763s][info ][gc,cpu       ] GC(445) User=0.01s Sys=0.00s Real=0.00s
[666.763s][info ][safepoint    ] Leaving safepoint region
[666.763s][info ][safepoint    ] Total time for which application threads were stopped: 0.0028562 seconds, Stopping threads took: 0.0001213 seconds
[670.382s][info ][safepoint    ] Application time: 3.6189078 seconds
[670.382s][info ][safepoint    ] Entering safepoint region: GenCollectForAllocation
[670.382s][info ][gc,start     ] GC(446) Pause Young (Allocation Failure)
[670.382s][info ][gc,task      ] GC(446) Using 4 workers of 4 for evacuation
[670.385s][debug][gc,ref       ] GC(446) Skipped phase1 of Reference Processing due to unavailable references
[670.385s][debug][gc,ref       ] GC(446) Skipped phase2 of Reference Processing due to unavailable references
[670.385s][debug][gc,ref       ] GC(446) Skipped phase3 of Reference Processing due to unavailable references
[670.385s][debug][gc,ref       ] GC(446) Skipped phase4 of Reference Processing due to unavailable references
[670.385s][debug][gc,age       ] GC(446) Desired survivor size 15400960 bytes, new threshold 6 (max threshold 6)
[670.385s][info ][gc,heap      ] GC(446) ParNew: 242363K->1608K(270976K)
[670.385s][info ][gc,heap      ] GC(446) CMS: 336829K->336917K(602112K)
[670.385s][info ][gc,metaspace ] GC(446) Metaspace: 61947K->61947K(1105920K)
[670.385s][info ][gc           ] GC(446) Pause Young (Allocation Failure) 565M->330M(852M) 2.603ms
[670.385s][info ][gc,cpu       ] GC(446) User=0.01s Sys=0.00s Real=0.00s
[670.385s][info ][safepoint    ] Leaving safepoint region
[670.385s][info ][safepoint    ] Total time for which application threads were stopped: 0.0027725 seconds, Stopping threads took: 0.0000376 seconds
[674.027s][info ][safepoint    ] Application time: 3.6416517 seconds
[674.027s][info ][safepoint    ] Entering safepoint region: GenCollectForAllocation
[674.027s][info ][gc,start     ] GC(447) Pause Young (Allocation Failure)
[674.027s][info ][gc,task      ] GC(447) Using 4 workers of 4 for evacuation
[674.030s][debug][gc,ref       ] GC(447) Skipped phase1 of Reference Processing due to unavailable references
[674.030s][debug][gc,ref       ] GC(447) Skipped phase2 of Reference Processing due to unavailable references
[674.030s][debug][gc,ref       ] GC(447) Skipped phase3 of Reference Processing due to unavailable references
[674.030s][debug][gc,ref       ] GC(447) Skipped phase4 of Reference Processing due to unavailable references
[674.030s][debug][gc,age       ] GC(447) Desired survivor size 15400960 bytes, new threshold 6 (max threshold 6)
[674.030s][info ][gc,heap      ] GC(447) ParNew: 242504K->1661K(270976K)
[674.030s][info ][gc,heap      ] GC(447) CMS: 336917K->336992K(602112K)
[674.030s][info ][gc,metaspace ] GC(447) Metaspace: 61952K->61952K(1105920K)
[674.030s][info ][gc           ] GC(447) Pause Young (Allocation Failure) 565M->330M(852M) 2.911ms
[674.030s][info ][gc,cpu       ] GC(447) User=0.01s Sys=0.00s Real=0.01s
[674.030s][info ][safepoint    ] Leaving safepoint region
[674.030s][info ][safepoint    ] Total time for which application threads were stopped: 0.0030580 seconds, Stopping threads took: 0.0000164 seconds
[676.030s][info ][safepoint    ] Application time: 2.0001904 seconds
[676.030s][info ][safepoint    ] Entering safepoint region: Cleanup
[676.030s][info ][safepoint    ] Leaving safepoint region
[676.030s][info ][safepoint    ] Total time for which application threads were stopped: 0.0001445 seconds, Stopping threads took: 0.0000784 seconds
[677.030s][info ][safepoint    ] Application time: 1.0000866 seconds
[677.030s][info ][safepoint    ] Entering safepoint region: Cleanup
[677.030s][info ][safepoint    ] Leaving safepoint region
[677.030s][info ][safepoint    ] Total time for which application threads were stopped: 0.0000772 seconds, Stopping threads took: 0.0000191 seconds
[677.674s][info ][safepoint    ] Application time: 0.6433954 seconds
[677.674s][info ][safepoint    ] Entering safepoint region: GenCollectForAllocation
[677.674s][info ][gc,start     ] GC(448) Pause Young (Allocation Failure)
[677.674s][info ][gc,task      ] GC(448) Using 4 workers of 4 for evacuation
[677.677s][debug][gc,ref       ] GC(448) Skipped phase1 of Reference Processing due to unavailable references
[677.677s][debug][gc,ref       ] GC(448) Skipped phase2 of Reference Processing due to unavailable references
[677.677s][debug][gc,ref       ] GC(448) Skipped phase3 of Reference Processing due to unavailable references
[677.677s][debug][gc,ref       ] GC(448) Skipped phase4 of Reference Processing due to unavailable references
[677.677s][debug][gc,age       ] GC(448) Desired survivor size 15400960 bytes, new threshold 6 (max threshold 6)
[677.677s][info ][gc,heap      ] GC(448) ParNew: 242557K->1718K(270976K)
[677.677s][info ][gc,heap      ] GC(448) CMS: 336992K->337239K(602112K)
[677.677s][info ][gc,metaspace ] GC(448) Metaspace: 61952K->61952K(1105920K)
[677.677s][info ][gc           ] GC(448) Pause Young (Allocation Failure) 565M->331M(852M) 3.509ms
[677.677s][info ][gc,cpu       ] GC(448) User=0.01s Sys=0.00s Real=0.00s
[677.678s][info ][safepoint    ] Leaving safepoint region
[677.678s][info ][safepoint    ] Total time for which application threads were stopped: 0.0036580 seconds, Stopping threads took: 0.0000175 seconds
[678.678s][info ][safepoint    ] Application time: 1.0001094 seconds
[678.678s][info ][safepoint    ] Entering safepoint region: Cleanup
[678.678s][info ][safepoint    ] Leaving safepoint region
[678.678s][info ][safepoint    ] Total time for which application threads were stopped: 0.0001785 seconds, Stopping threads took: 0.0000687 seconds
[680.678s][info ][safepoint    ] Application time: 2.0002326 seconds
[680.678s][info ][safepoint    ] Entering safepoint region: Cleanup
[680.678s][info ][safepoint    ] Leaving safepoint region
[680.678s][info ][safepoint    ] Total time for which application threads were stopped: 0.0002029 seconds, Stopping threads took: 0.0001028 seconds
[680.991s][info ][safepoint    ] Application time: 0.3126151 seconds
[680.991s][info ][safepoint    ] Entering safepoint region: RevokeBias
[680.991s][info ][safepoint    ] Leaving safepoint region
[680.991s][info ][safepoint    ] Total time for which application threads were stopped: 0.0000945 seconds, Stopping threads took: 0.0000204 seconds
[681.076s][info ][safepoint    ] Application time: 0.0845252 seconds
[681.076s][info ][safepoint    ] Entering safepoint region: GenCollectForAllocation
[681.076s][info ][gc,start     ] GC(449) Pause Young (Allocation Failure)
[681.076s][info ][gc,task      ] GC(449) Using 4 workers of 4 for evacuation
[681.079s][debug][gc,ref       ] GC(449) Skipped phase1 of Reference Processing due to unavailable references
[681.079s][debug][gc,ref       ] GC(449) Skipped phase2 of Reference Processing due to unavailable references
[681.079s][debug][gc,ref       ] GC(449) Skipped phase3 of Reference Processing due to unavailable references
[681.079s][debug][gc,ref       ] GC(449) Skipped phase4 of Reference Processing due to unavailable references
[681.079s][debug][gc,age       ] GC(449) Desired survivor size 15400960 bytes, new threshold 6 (max threshold 6)
[681.079s][info ][gc,heap      ] GC(449) ParNew: 242614K->1438K(270976K)
[681.079s][info ][gc,heap      ] GC(449) CMS: 337239K->337278K(602112K)
[681.079s][info ][gc,metaspace ] GC(449) Metaspace: 61952K->61952K(1105920K)
[681.079s][info ][gc           ] GC(449) Pause Young (Allocation Failure) 566M->330M(852M) 3.369ms
[681.079s][info ][gc,cpu       ] GC(449) User=0.01s Sys=0.00s Real=0.00s
[681.079s][info ][safepoint    ] Leaving safepoint region
[681.079s][info ][safepoint    ] Total time for which application threads were stopped: 0.0035237 seconds, Stopping threads took: 0.0000157 seconds
[681.767s][info ][safepoint    ] Application time: 0.6882918 seconds
[681.768s][info ][safepoint    ] Entering safepoint region: RevokeBias
[681.768s][info ][safepoint    ] Leaving safepoint region
[681.768s][info ][safepoint    ] Total time for which application threads were stopped: 0.0001474 seconds, Stopping threads took: 0.0000485 seconds
[684.777s][info ][safepoint    ] Application time: 3.0094957 seconds
[684.777s][info ][safepoint    ] Entering safepoint region: GenCollectForAllocation
[684.777s][info ][gc,start     ] GC(450) Pause Young (Allocation Failure)
[684.777s][info ][gc,task      ] GC(450) Using 4 workers of 4 for evacuation
[684.781s][debug][gc,ref       ] GC(450) Skipped phase1 of Reference Processing due to unavailable references
[684.781s][debug][gc,ref       ] GC(450) Skipped phase2 of Reference Processing due to unavailable references
[684.781s][debug][gc,ref       ] GC(450) Skipped phase3 of Reference Processing due to unavailable references
[684.781s][debug][gc,ref       ] GC(450) Skipped phase4 of Reference Processing due to unavailable references
[684.781s][debug][gc,age       ] GC(450) Desired survivor size 15400960 bytes, new threshold 6 (max threshold 6)
[684.781s][info ][gc,heap      ] GC(450) ParNew: 242334K->1247K(270976K)
[684.781s][info ][gc,heap      ] GC(450) CMS: 337278K->337383K(602112K)
[684.781s][info ][gc,metaspace ] GC(450) Metaspace: 61953K->61953K(1105920K)
[684.781s][info ][gc           ] GC(450) Pause Young (Allocation Failure) 566M->330M(852M) 3.925ms
[684.781s][info ][gc,cpu       ] GC(450) User=0.02s Sys=0.00s Real=0.01s
[684.781s][info ][safepoint    ] Leaving safepoint region
[684.781s][info ][safepoint    ] Total time for which application threads were stopped: 0.0041560 seconds, Stopping threads took: 0.0000564 seconds
[685.781s][info ][safepoint    ] Application time: 1.0000920 seconds
[685.782s][info ][safepoint    ] Entering safepoint region: Cleanup
[685.782s][info ][safepoint    ] Leaving safepoint region
[685.782s][info ][safepoint    ] Total time for which application threads were stopped: 0.0000942 seconds, Stopping threads took: 0.0000154 seconds
[686.782s][info ][safepoint    ] Application time: 1.0001035 seconds
[686.782s][info ][safepoint    ] Entering safepoint region: Cleanup
[686.782s][info ][safepoint    ] Leaving safepoint region
[686.782s][info ][safepoint    ] Total time for which application threads were stopped: 0.0001288 seconds, Stopping threads took: 0.0000151 seconds
[687.782s][info ][safepoint    ] Application time: 1.0000933 seconds
[687.782s][info ][safepoint    ] Entering safepoint region: Cleanup
[687.782s][info ][safepoint    ] Leaving safepoint region
[687.782s][info ][safepoint    ] Total time for which application threads were stopped: 0.0001416 seconds, Stopping threads took: 0.0000520 seconds
[688.426s][info ][safepoint    ] Application time: 0.6438010 seconds
[688.426s][info ][safepoint    ] Entering safepoint region: GenCollectForAllocation
[688.426s][info ][gc,start     ] GC(451) Pause Young (Allocation Failure)
[688.426s][info ][gc,task      ] GC(451) Using 4 workers of 4 for evacuation
[688.429s][debug][gc,ref       ] GC(451) Skipped phase1 of Reference Processing due to unavailable references
[688.429s][debug][gc,ref       ] GC(451) Skipped phase3 of Reference Processing due to unavailable references
[688.430s][debug][gc,age       ] GC(451) Desired survivor size 15400960 bytes, new threshold 6 (max threshold 6)
[688.430s][info ][gc,heap      ] GC(451) ParNew: 242143K->1911K(270976K)
[688.430s][info ][gc,heap      ] GC(451) CMS: 337383K->337453K(602112K)
[688.430s][info ][gc,metaspace ] GC(451) Metaspace: 62072K->62072K(1105920K)
[688.430s][info ][gc           ] GC(451) Pause Young (Allocation Failure) 565M->331M(852M) 3.647ms
[688.430s][info ][gc,cpu       ] GC(451) User=0.01s Sys=0.00s Real=0.01s
[688.430s][info ][safepoint    ] Leaving safepoint region
[688.430s][info ][safepoint    ] Total time for which application threads were stopped: 0.0038250 seconds, Stopping threads took: 0.0000149 seconds
[690.430s][info ][safepoint    ] Application time: 2.0001986 seconds
[690.430s][info ][safepoint    ] Entering safepoint region: Cleanup
[690.430s][info ][safepoint    ] Leaving safepoint region
[690.430s][info ][safepoint    ] Total time for which application threads were stopped: 0.0000729 seconds, Stopping threads took: 0.0000147 seconds
[691.430s][info ][safepoint    ] Application time: 1.0001050 seconds
[691.430s][info ][safepoint    ] Entering safepoint region: Cleanup
[691.430s][info ][safepoint    ] Leaving safepoint region
[691.430s][info ][safepoint    ] Total time for which application threads were stopped: 0.0000894 seconds, Stopping threads took: 0.0000151 seconds
[692.173s][info ][safepoint    ] Application time: 0.7430498 seconds
[692.173s][info ][safepoint    ] Entering safepoint region: GenCollectForAllocation
[692.174s][info ][gc,start     ] GC(452) Pause Young (Allocation Failure)
[692.174s][info ][gc,task      ] GC(452) Using 4 workers of 4 for evacuation
[692.176s][debug][gc,ref       ] GC(452) Skipped phase1 of Reference Processing due to unavailable references
[692.176s][debug][gc,ref       ] GC(452) Skipped phase3 of Reference Processing due to unavailable references
[692.176s][debug][gc,ref       ] GC(452) Skipped phase4 of Reference Processing due to unavailable references
[692.177s][debug][gc,age       ] GC(452) Desired survivor size 15400960 bytes, new threshold 6 (max threshold 6)
[692.177s][info ][gc,heap      ] GC(452) ParNew: 242807K->1430K(270976K)
[692.177s][info ][gc,heap      ] GC(452) CMS: 337453K->337565K(602112K)
[692.177s][info ][gc,metaspace ] GC(452) Metaspace: 62072K->62072K(1105920K)
[692.177s][info ][gc           ] GC(452) Pause Young (Allocation Failure) 566M->331M(852M) 3.071ms
[692.177s][info ][gc,cpu       ] GC(452) User=0.01s Sys=0.00s Real=0.00s
[692.177s][info ][safepoint    ] Leaving safepoint region
[692.177s][info ][safepoint    ] Total time for which application threads were stopped: 0.0032359 seconds, Stopping threads took: 0.0000276 seconds
[695.874s][info ][safepoint    ] Application time: 3.6974406 seconds
[695.874s][info ][safepoint    ] Entering safepoint region: GenCollectForAllocation
[695.874s][info ][gc,start     ] GC(453) Pause Young (Allocation Failure)
[695.874s][info ][gc,task      ] GC(453) Using 4 workers of 4 for evacuation
[695.877s][debug][gc,ref       ] GC(453) Skipped phase1 of Reference Processing due to unavailable references
[695.877s][debug][gc,ref       ] GC(453) Skipped phase3 of Reference Processing due to unavailable references
[695.877s][debug][gc,ref       ] GC(453) Skipped phase4 of Reference Processing due to unavailable references
[695.877s][debug][gc,age       ] GC(453) Desired survivor size 15400960 bytes, new threshold 6 (max threshold 6)
[695.877s][info ][gc,heap      ] GC(453) ParNew: 242326K->1524K(270976K)
[695.877s][info ][gc,heap      ] GC(453) CMS: 337565K->337696K(602112K)
[695.877s][info ][gc,metaspace ] GC(453) Metaspace: 62073K->62073K(1105920K)
[695.877s][info ][gc           ] GC(453) Pause Young (Allocation Failure) 566M->331M(852M) 3.060ms
[695.877s][info ][gc,cpu       ] GC(453) User=0.01s Sys=0.00s Real=0.00s
[695.877s][info ][safepoint    ] Leaving safepoint region
[695.877s][info ][safepoint    ] Total time for which application threads were stopped: 0.0032034 seconds, Stopping threads took: 0.0000232 seconds
[699.726s][info ][safepoint    ] Application time: 3.8481204 seconds
[699.726s][info ][safepoint    ] Entering safepoint region: GenCollectForAllocation
[699.726s][info ][gc,start     ] GC(454) Pause Young (Allocation Failure)
[699.726s][info ][gc,task      ] GC(454) Using 4 workers of 4 for evacuation
[699.729s][debug][gc,ref       ] GC(454) Skipped phase1 of Reference Processing due to unavailable references
[699.729s][debug][gc,ref       ] GC(454) Skipped phase3 of Reference Processing due to unavailable references
[699.729s][debug][gc,ref       ] GC(454) Skipped phase4 of Reference Processing due to unavailable references
[699.729s][debug][gc,age       ] GC(454) Desired survivor size 15400960 bytes, new threshold 6 (max threshold 6)
[699.729s][info ][gc,heap      ] GC(454) ParNew: 242420K->1746K(270976K)
[699.729s][info ][gc,heap      ] GC(454) CMS: 337696K->337793K(602112K)
[699.729s][info ][gc,metaspace ] GC(454) Metaspace: 62074K->62074K(1105920K)
[699.729s][info ][gc           ] GC(454) Pause Young (Allocation Failure) 566M->331M(852M) 3.152ms
[699.729s][info ][gc,cpu       ] GC(454) User=0.01s Sys=0.00s Real=0.01s
[699.729s][info ][safepoint    ] Leaving safepoint region
[699.729s][info ][safepoint    ] Total time for which application threads were stopped: 0.0032956 seconds, Stopping threads took: 0.0000168 seconds
[703.575s][info ][safepoint    ] Application time: 3.8460834 seconds
[703.575s][info ][safepoint    ] Entering safepoint region: GenCollectForAllocation
[703.575s][info ][gc,start     ] GC(455) Pause Young (Allocation Failure)
[703.575s][info ][gc,task      ] GC(455) Using 4 workers of 4 for evacuation
[703.578s][debug][gc,ref       ] GC(455) Skipped phase1 of Reference Processing due to unavailable references
[703.578s][debug][gc,ref       ] GC(455) Skipped phase3 of Reference Processing due to unavailable references
[703.578s][debug][gc,ref       ] GC(455) Skipped phase4 of Reference Processing due to unavailable references
[703.578s][debug][gc,age       ] GC(455) Desired survivor size 15400960 bytes, new threshold 6 (max threshold 6)
[703.578s][info ][gc,heap      ] GC(455) ParNew: 242642K->1763K(270976K)
[703.578s][info ][gc,heap      ] GC(455) CMS: 337793K->337849K(602112K)
[703.578s][info ][gc,metaspace ] GC(455) Metaspace: 62076K->62076K(1105920K)
[703.578s][info ][gc           ] GC(455) Pause Young (Allocation Failure) 566M->331M(852M) 3.265ms
[703.578s][info ][gc,cpu       ] GC(455) User=0.01s Sys=0.00s Real=0.00s
[703.578s][info ][safepoint    ] Leaving safepoint region
[703.578s][info ][safepoint    ] Total time for which application threads were stopped: 0.0034915 seconds, Stopping threads took: 0.0000493 seconds
[705.581s][info ][safepoint    ] Application time: 2.0024360 seconds
[705.581s][info ][safepoint    ] Entering safepoint region: Cleanup
[705.581s][info ][safepoint    ] Leaving safepoint region
[705.581s][info ][safepoint    ] Total time for which application threads were stopped: 0.0000737 seconds, Stopping threads took: 0.0000149 seconds
[707.426s][info ][safepoint    ] Application time: 1.8445282 seconds
[707.426s][info ][safepoint    ] Entering safepoint region: GenCollectForAllocation
[707.426s][info ][gc,start     ] GC(456) Pause Young (Allocation Failure)
[707.426s][info ][gc,task      ] GC(456) Using 4 workers of 4 for evacuation
[707.430s][debug][gc,ref       ] GC(456) Skipped phase1 of Reference Processing due to unavailable references
[707.430s][debug][gc,ref       ] GC(456) Skipped phase3 of Reference Processing due to unavailable references
[707.430s][debug][gc,ref       ] GC(456) Skipped phase4 of Reference Processing due to unavailable references
[707.430s][debug][gc,age       ] GC(456) Desired survivor size 15400960 bytes, new threshold 6 (max threshold 6)
[707.430s][info ][gc,heap      ] GC(456) ParNew: 242659K->1291K(270976K)
[707.430s][info ][gc,heap      ] GC(456) CMS: 337849K->337923K(602112K)
[707.430s][info ][gc,metaspace ] GC(456) Metaspace: 62076K->62076K(1105920K)
[707.430s][info ][gc           ] GC(456) Pause Young (Allocation Failure) 566M->331M(852M) 4.372ms
[707.430s][info ][gc,cpu       ] GC(456) User=0.01s Sys=0.00s Real=0.01s
[707.430s][info ][safepoint    ] Leaving safepoint region
[707.430s][info ][safepoint    ] Total time for which application threads were stopped: 0.0046161 seconds, Stopping threads took: 0.0000530 seconds
[711.320s][info ][safepoint    ] Application time: 3.8896006 seconds
[711.320s][info ][safepoint    ] Entering safepoint region: GenCollectForAllocation
[711.320s][info ][gc,start     ] GC(457) Pause Young (Allocation Failure)
[711.320s][info ][gc,task      ] GC(457) Using 4 workers of 4 for evacuation
[711.323s][debug][gc,ref       ] GC(457) Skipped phase1 of Reference Processing due to unavailable references
[711.323s][debug][gc,ref       ] GC(457) Skipped phase2 of Reference Processing due to unavailable references
[711.323s][debug][gc,ref       ] GC(457) Skipped phase3 of Reference Processing due to unavailable references
[711.323s][debug][gc,ref       ] GC(457) Skipped phase4 of Reference Processing due to unavailable references
[711.323s][debug][gc,age       ] GC(457) Desired survivor size 15400960 bytes, new threshold 6 (max threshold 6)
[711.323s][info ][gc,heap      ] GC(457) ParNew: 242187K->1143K(270976K)
[711.323s][info ][gc,heap      ] GC(457) CMS: 337923K->338255K(602112K)
[711.323s][info ][gc,metaspace ] GC(457) Metaspace: 62077K->62077K(1105920K)
[711.323s][info ][gc           ] GC(457) Pause Young (Allocation Failure) 566M->331M(852M) 2.937ms
[711.323s][info ][gc,cpu       ] GC(457) User=0.00s Sys=0.01s Real=0.01s
[711.323s][info ][safepoint    ] Leaving safepoint region
[711.323s][info ][safepoint    ] Total time for which application threads were stopped: 0.0030797 seconds, Stopping threads took: 0.0000159 seconds
[712.323s][info ][safepoint    ] Application time: 1.0000963 seconds
[712.323s][info ][safepoint    ] Entering safepoint region: Cleanup
[712.323s][info ][safepoint    ] Leaving safepoint region
[712.323s][info ][safepoint    ] Total time for which application threads were stopped: 0.0001402 seconds, Stopping threads took: 0.0000655 seconds
[715.123s][info ][safepoint    ] Application time: 2.7994692 seconds
[715.123s][info ][safepoint    ] Entering safepoint region: GenCollectForAllocation
[715.123s][info ][gc,start     ] GC(458) Pause Young (Allocation Failure)
[715.123s][info ][gc,task      ] GC(458) Using 4 workers of 4 for evacuation
[715.126s][debug][gc,ref       ] GC(458) Skipped phase1 of Reference Processing due to unavailable references
[715.126s][debug][gc,ref       ] GC(458) Skipped phase2 of Reference Processing due to unavailable references
[715.126s][debug][gc,ref       ] GC(458) Skipped phase3 of Reference Processing due to unavailable references
[715.126s][debug][gc,ref       ] GC(458) Skipped phase4 of Reference Processing due to unavailable references
[715.126s][debug][gc,age       ] GC(458) Desired survivor size 15400960 bytes, new threshold 6 (max threshold 6)
[715.126s][info ][gc,heap      ] GC(458) ParNew: 242039K->1284K(270976K)
[715.126s][info ][gc,heap      ] GC(458) CMS: 338255K->338292K(602112K)
[715.126s][info ][gc,metaspace ] GC(458) Metaspace: 62080K->62080K(1105920K)
[715.126s][info ][gc           ] GC(458) Pause Young (Allocation Failure) 566M->331M(852M) 3.135ms
[715.126s][info ][gc,cpu       ] GC(458) User=0.01s Sys=0.00s Real=0.00s
[715.126s][info ][safepoint    ] Leaving safepoint region
[715.126s][info ][safepoint    ] Total time for which application threads were stopped: 0.0032817 seconds, Stopping threads took: 0.0000150 seconds
[716.126s][info ][safepoint    ] Application time: 1.0001273 seconds
[716.126s][info ][safepoint    ] Entering safepoint region: Cleanup
[716.126s][info ][safepoint    ] Leaving safepoint region
[716.126s][info ][safepoint    ] Total time for which application threads were stopped: 0.0001237 seconds, Stopping threads took: 0.0000606 seconds
[718.126s][info ][safepoint    ] Application time: 2.0001924 seconds
[718.127s][info ][safepoint    ] Entering safepoint region: Cleanup
[718.127s][info ][safepoint    ] Leaving safepoint region
[718.127s][info ][safepoint    ] Total time for which application threads were stopped: 0.0000995 seconds, Stopping threads took: 0.0000409 seconds
[719.020s][info ][safepoint    ] Application time: 0.8929496 seconds
[719.020s][info ][safepoint    ] Entering safepoint region: GenCollectForAllocation
[719.020s][info ][gc,start     ] GC(459) Pause Young (Allocation Failure)
[719.020s][info ][gc,task      ] GC(459) Using 4 workers of 4 for evacuation
[719.023s][debug][gc,ref       ] GC(459) Skipped phase1 of Reference Processing due to unavailable references
[719.023s][debug][gc,ref       ] GC(459) Skipped phase2 of Reference Processing due to unavailable references
[719.023s][debug][gc,ref       ] GC(459) Skipped phase3 of Reference Processing due to unavailable references
[719.023s][debug][gc,ref       ] GC(459) Skipped phase4 of Reference Processing due to unavailable references
[719.023s][debug][gc,age       ] GC(459) Desired survivor size 15400960 bytes, new threshold 6 (max threshold 6)
[719.023s][info ][gc,heap      ] GC(459) ParNew: 242180K->1234K(270976K)
[719.023s][info ][gc,heap      ] GC(459) CMS: 338292K->338577K(602112K)
[719.023s][info ][gc,metaspace ] GC(459) Metaspace: 62080K->62080K(1105920K)
[719.023s][info ][gc           ] GC(459) Pause Young (Allocation Failure) 566M->331M(852M) 3.250ms
[719.023s][info ][gc,cpu       ] GC(459) User=0.01s Sys=0.00s Real=0.01s
[719.023s][info ][safepoint    ] Leaving safepoint region
[719.023s][info ][safepoint    ] Total time for which application threads were stopped: 0.0033924 seconds, Stopping threads took: 0.0000155 seconds
[720.023s][info ][safepoint    ] Application time: 1.0001154 seconds
[720.023s][info ][safepoint    ] Entering safepoint region: Cleanup
[720.023s][info ][safepoint    ] Leaving safepoint region
[720.023s][info ][safepoint    ] Total time for which application threads were stopped: 0.0001444 seconds, Stopping threads took: 0.0000752 seconds
[722.870s][info ][safepoint    ] Application time: 2.8469909 seconds
[722.870s][info ][safepoint    ] Entering safepoint region: GenCollectForAllocation
[722.870s][info ][gc,start     ] GC(460) Pause Young (Allocation Failure)
[722.870s][info ][gc,task      ] GC(460) Using 4 workers of 4 for evacuation
[722.873s][debug][gc,ref       ] GC(460) Skipped phase1 of Reference Processing due to unavailable references
[722.873s][debug][gc,ref       ] GC(460) Skipped phase2 of Reference Processing due to unavailable references
[722.873s][debug][gc,ref       ] GC(460) Skipped phase3 of Reference Processing due to unavailable references
[722.873s][debug][gc,ref       ] GC(460) Skipped phase4 of Reference Processing due to unavailable references
[722.873s][debug][gc,age       ] GC(460) Desired survivor size 15400960 bytes, new threshold 6 (max threshold 6)
[722.873s][info ][gc,heap      ] GC(460) ParNew: 242130K->1051K(270976K)
[722.873s][info ][gc,heap      ] GC(460) CMS: 338577K->338714K(602112K)
[722.873s][info ][gc,metaspace ] GC(460) Metaspace: 62080K->62080K(1105920K)
[722.873s][info ][gc           ] GC(460) Pause Young (Allocation Failure) 567M->331M(852M) 2.731ms
[722.873s][info ][gc,cpu       ] GC(460) User=0.01s Sys=0.00s Real=0.00s
[722.873s][info ][safepoint    ] Leaving safepoint region
[722.873s][info ][safepoint    ] Total time for which application threads were stopped: 0.0028631 seconds, Stopping threads took: 0.0000158 seconds
[725.874s][info ][safepoint    ] Application time: 3.0003979 seconds
[725.874s][info ][safepoint    ] Entering safepoint region: Cleanup
[725.874s][info ][safepoint    ] Leaving safepoint region
[725.874s][info ][safepoint    ] Total time for which application threads were stopped: 0.0002248 seconds, Stopping threads took: 0.0001000 seconds
[726.776s][info ][safepoint    ] Application time: 0.9024183 seconds
[726.776s][info ][safepoint    ] Entering safepoint region: GenCollectForAllocation
[726.776s][info ][gc,start     ] GC(461) Pause Young (Allocation Failure)
[726.776s][info ][gc,task      ] GC(461) Using 4 workers of 4 for evacuation
[726.779s][debug][gc,ref       ] GC(461) Skipped phase1 of Reference Processing due to unavailable references
[726.779s][debug][gc,ref       ] GC(461) Skipped phase2 of Reference Processing due to unavailable references
[726.779s][debug][gc,ref       ] GC(461) Skipped phase3 of Reference Processing due to unavailable references
[726.779s][debug][gc,ref       ] GC(461) Skipped phase4 of Reference Processing due to unavailable references
[726.779s][debug][gc,age       ] GC(461) Desired survivor size 15400960 bytes, new threshold 6 (max threshold 6)
[726.779s][info ][gc,heap      ] GC(461) ParNew: 241947K->891K(270976K)
[726.779s][info ][gc,heap      ] GC(461) CMS: 338714K->338961K(602112K)
[726.779s][info ][gc,metaspace ] GC(461) Metaspace: 62081K->62081K(1105920K)
[726.779s][info ][gc           ] GC(461) Pause Young (Allocation Failure) 567M->331M(852M) 2.809ms
[726.779s][info ][gc,cpu       ] GC(461) User=0.01s Sys=0.00s Real=0.00s
[726.779s][info ][safepoint    ] Leaving safepoint region
[726.779s][info ][safepoint    ] Total time for which application threads were stopped: 0.0029508 seconds, Stopping threads took: 0.0000156 seconds
[730.675s][info ][safepoint    ] Application time: 3.8956691 seconds
[730.675s][info ][safepoint    ] Entering safepoint region: GenCollectForAllocation
[730.675s][info ][gc,start     ] GC(462) Pause Young (Allocation Failure)
[730.675s][info ][gc,task      ] GC(462) Using 4 workers of 4 for evacuation
[730.678s][debug][gc,ref       ] GC(462) Skipped phase1 of Reference Processing due to unavailable references
[730.678s][debug][gc,ref       ] GC(462) Skipped phase2 of Reference Processing due to unavailable references
[730.678s][debug][gc,ref       ] GC(462) Skipped phase3 of Reference Processing due to unavailable references
[730.678s][debug][gc,ref       ] GC(462) Skipped phase4 of Reference Processing due to unavailable references
[730.678s][debug][gc,age       ] GC(462) Desired survivor size 15400960 bytes, new threshold 6 (max threshold 6)
[730.679s][info ][gc,heap      ] GC(462) ParNew: 241787K->828K(270976K)
[730.679s][info ][gc,heap      ] GC(462) CMS: 338961K->339004K(602112K)
[730.679s][info ][gc,metaspace ] GC(462) Metaspace: 62081K->62081K(1105920K)
[730.679s][info ][gc           ] GC(462) Pause Young (Allocation Failure) 567M->331M(852M) 3.320ms
[730.679s][info ][gc,cpu       ] GC(462) User=0.01s Sys=0.00s Real=0.00s
[730.679s][info ][safepoint    ] Leaving safepoint region
[730.679s][info ][safepoint    ] Total time for which application threads were stopped: 0.0038161 seconds, Stopping threads took: 0.0000900 seconds
[734.475s][info ][safepoint    ] Application time: 3.7961379 seconds
[734.475s][info ][safepoint    ] Entering safepoint region: GenCollectForAllocation
[734.475s][info ][gc,start     ] GC(463) Pause Young (Allocation Failure)
[734.475s][info ][gc,task      ] GC(463) Using 4 workers of 4 for evacuation
[734.479s][debug][gc,ref       ] GC(463) Skipped phase1 of Reference Processing due to unavailable references
[734.479s][debug][gc,ref       ] GC(463) Skipped phase2 of Reference Processing due to unavailable references
[734.479s][debug][gc,ref       ] GC(463) Skipped phase3 of Reference Processing due to unavailable references
[734.479s][debug][gc,ref       ] GC(463) Skipped phase4 of Reference Processing due to unavailable references
[734.479s][debug][gc,age       ] GC(463) Desired survivor size 15400960 bytes, new threshold 6 (max threshold 6)
[734.479s][info ][gc,heap      ] GC(463) ParNew: 241724K->943K(270976K)
[734.479s][info ][gc,heap      ] GC(463) CMS: 339004K->339116K(602112K)
[734.479s][info ][gc,metaspace ] GC(463) Metaspace: 62082K->62082K(1105920K)
[734.479s][info ][gc           ] GC(463) Pause Young (Allocation Failure) 567M->332M(852M) 4.028ms
[734.479s][info ][gc,cpu       ] GC(463) User=0.01s Sys=0.00s Real=0.00s
[734.479s][info ][safepoint    ] Leaving safepoint region
[734.479s][info ][safepoint    ] Total time for which application threads were stopped: 0.0041791 seconds, Stopping threads took: 0.0000291 seconds
[735.479s][info ][safepoint    ] Application time: 1.0001270 seconds
[735.480s][info ][safepoint    ] Entering safepoint region: Cleanup
[735.480s][info ][safepoint    ] Leaving safepoint region
[735.480s][info ][safepoint    ] Total time for which application threads were stopped: 0.0003614 seconds, Stopping threads took: 0.0002737 seconds
[736.480s][info ][safepoint    ] Application time: 1.0000869 seconds
[736.480s][info ][safepoint    ] Entering safepoint region: Cleanup
[736.480s][info ][safepoint    ] Leaving safepoint region
[736.480s][info ][safepoint    ] Total time for which application threads were stopped: 0.0001412 seconds, Stopping threads took: 0.0000774 seconds
[737.480s][info ][safepoint    ] Application time: 1.0001030 seconds
[737.480s][info ][safepoint    ] Entering safepoint region: Cleanup
[737.480s][info ][safepoint    ] Leaving safepoint region
[737.480s][info ][safepoint    ] Total time for which application threads were stopped: 0.0000811 seconds, Stopping threads took: 0.0000157 seconds
[738.220s][info ][safepoint    ] Application time: 0.7395029 seconds
[738.220s][info ][safepoint    ] Entering safepoint region: GenCollectForAllocation
[738.220s][info ][gc,start     ] GC(464) Pause Young (Allocation Failure)
[738.220s][info ][gc,task      ] GC(464) Using 4 workers of 4 for evacuation
[738.222s][debug][gc,ref       ] GC(464) Skipped phase1 of Reference Processing due to unavailable references
[738.222s][debug][gc,ref       ] GC(464) Skipped phase2 of Reference Processing due to unavailable references
[738.222s][debug][gc,ref       ] GC(464) Skipped phase3 of Reference Processing due to unavailable references
[738.222s][debug][gc,ref       ] GC(464) Skipped phase4 of Reference Processing due to unavailable references
[738.223s][debug][gc,age       ] GC(464) Desired survivor size 15400960 bytes, new threshold 6 (max threshold 6)
[738.223s][info ][gc,heap      ] GC(464) ParNew: 241839K->1255K(270976K)
[738.223s][info ][gc,heap      ] GC(464) CMS: 339116K->339254K(602112K)
[738.223s][info ][gc,metaspace ] GC(464) Metaspace: 62085K->62085K(1105920K)
[738.223s][info ][gc           ] GC(464) Pause Young (Allocation Failure) 567M->332M(852M) 2.878ms
[738.223s][info ][gc,cpu       ] GC(464) User=0.01s Sys=0.00s Real=0.01s
[738.223s][info ][safepoint    ] Leaving safepoint region
[738.223s][info ][safepoint    ] Total time for which application threads were stopped: 0.0030449 seconds, Stopping threads took: 0.0000405 seconds
[741.976s][info ][safepoint    ] Application time: 3.7536632 seconds
[741.976s][info ][safepoint    ] Entering safepoint region: GenCollectForAllocation
[741.977s][info ][gc,start     ] GC(465) Pause Young (Allocation Failure)
[741.977s][info ][gc,task      ] GC(465) Using 4 workers of 4 for evacuation
[741.979s][debug][gc,ref       ] GC(465) Skipped phase1 of Reference Processing due to unavailable references
[741.979s][debug][gc,ref       ] GC(465) Skipped phase2 of Reference Processing due to unavailable references
[741.979s][debug][gc,ref       ] GC(465) Skipped phase3 of Reference Processing due to unavailable references
[741.979s][debug][gc,ref       ] GC(465) Skipped phase4 of Reference Processing due to unavailable references
[741.979s][debug][gc,age       ] GC(465) Desired survivor size 15400960 bytes, new threshold 6 (max threshold 6)
[741.979s][info ][gc,heap      ] GC(465) ParNew: 242151K->1293K(270976K)
[741.979s][info ][gc,heap      ] GC(465) CMS: 339254K->339308K(602112K)
[741.979s][info ][gc,metaspace ] GC(465) Metaspace: 62085K->62085K(1105920K)
[741.979s][info ][gc           ] GC(465) Pause Young (Allocation Failure) 567M->332M(852M) 2.483ms
[741.979s][info ][gc,cpu       ] GC(465) User=0.00s Sys=0.01s Real=0.00s
[741.979s][info ][safepoint    ] Leaving safepoint region
[741.979s][info ][safepoint    ] Total time for which application threads were stopped: 0.0026250 seconds, Stopping threads took: 0.0000174 seconds
[742.979s][info ][safepoint    ] Application time: 1.0001191 seconds
[742.979s][info ][safepoint    ] Entering safepoint region: Cleanup
[742.979s][info ][safepoint    ] Leaving safepoint region
[742.979s][info ][safepoint    ] Total time for which application threads were stopped: 0.0001038 seconds, Stopping threads took: 0.0000429 seconds
[744.980s][info ][safepoint    ] Application time: 2.0002018 seconds
[744.980s][info ][safepoint    ] Entering safepoint region: Cleanup
[744.980s][info ][safepoint    ] Leaving safepoint region
[744.980s][info ][safepoint    ] Total time for which application threads were stopped: 0.0001215 seconds, Stopping threads took: 0.0000498 seconds
[745.775s][info ][safepoint    ] Application time: 0.7952726 seconds
[745.775s][info ][safepoint    ] Entering safepoint region: GenCollectForAllocation
[745.775s][info ][gc,start     ] GC(466) Pause Young (Allocation Failure)
[745.775s][info ][gc,task      ] GC(466) Using 4 workers of 4 for evacuation
[745.778s][debug][gc,ref       ] GC(466) Skipped phase1 of Reference Processing due to unavailable references
[745.778s][debug][gc,ref       ] GC(466) Skipped phase2 of Reference Processing due to unavailable references
[745.778s][debug][gc,ref       ] GC(466) Skipped phase3 of Reference Processing due to unavailable references
[745.778s][debug][gc,ref       ] GC(466) Skipped phase4 of Reference Processing due to unavailable references
[745.779s][debug][gc,age       ] GC(466) Desired survivor size 15400960 bytes, new threshold 6 (max threshold 6)
[745.779s][info ][gc,heap      ] GC(466) ParNew: 242189K->1289K(270976K)
[745.779s][info ][gc,heap      ] GC(466) CMS: 339308K->339404K(602112K)
[745.779s][info ][gc,metaspace ] GC(466) Metaspace: 62085K->62085K(1105920K)
[745.779s][info ][gc           ] GC(466) Pause Young (Allocation Failure) 567M->332M(852M) 3.550ms
[745.779s][info ][gc,cpu       ] GC(466) User=0.01s Sys=0.00s Real=0.00s
[745.779s][info ][safepoint    ] Leaving safepoint region
[745.779s][info ][safepoint    ] Total time for which application threads were stopped: 0.0036873 seconds, Stopping threads took: 0.0000168 seconds
[746.779s][info ][safepoint    ] Application time: 1.0001219 seconds
[746.779s][info ][safepoint    ] Entering safepoint region: Cleanup
[746.779s][info ][safepoint    ] Leaving safepoint region
[746.779s][info ][safepoint    ] Total time for which application threads were stopped: 0.0000682 seconds, Stopping threads took: 0.0000155 seconds
[749.528s][info ][safepoint    ] Application time: 2.7486411 seconds
[749.528s][info ][safepoint    ] Entering safepoint region: GenCollectForAllocation
[749.528s][info ][gc,start     ] GC(467) Pause Young (Allocation Failure)
[749.528s][info ][gc,task      ] GC(467) Using 4 workers of 4 for evacuation
[749.530s][debug][gc,ref       ] GC(467) Skipped phase1 of Reference Processing due to unavailable references
[749.530s][debug][gc,ref       ] GC(467) Skipped phase2 of Reference Processing due to unavailable references
[749.530s][debug][gc,ref       ] GC(467) Skipped phase3 of Reference Processing due to unavailable references
[749.530s][debug][gc,ref       ] GC(467) Skipped phase4 of Reference Processing due to unavailable references
[749.530s][debug][gc,age       ] GC(467) Desired survivor size 15400960 bytes, new threshold 6 (max threshold 6)
[749.530s][info ][gc,heap      ] GC(467) ParNew: 242185K->1469K(270976K)
[749.530s][info ][gc,heap      ] GC(467) CMS: 339404K->339430K(602112K)
[749.530s][info ][gc,metaspace ] GC(467) Metaspace: 62085K->62085K(1105920K)
[749.530s][info ][gc           ] GC(467) Pause Young (Allocation Failure) 567M->332M(852M) 2.644ms
[749.530s][info ][gc,cpu       ] GC(467) User=0.01s Sys=0.01s Real=0.01s
[749.530s][info ][safepoint    ] Leaving safepoint region
[749.530s][info ][safepoint    ] Total time for which application threads were stopped: 0.0027787 seconds, Stopping threads took: 0.0000161 seconds
[753.319s][info ][safepoint    ] Application time: 3.7885805 seconds
[753.319s][info ][safepoint    ] Entering safepoint region: GenCollectForAllocation
[753.319s][info ][gc,start     ] GC(468) Pause Young (Allocation Failure)
[753.319s][info ][gc,task      ] GC(468) Using 4 workers of 4 for evacuation
[753.322s][debug][gc,ref       ] GC(468) Skipped phase1 of Reference Processing due to unavailable references
[753.322s][debug][gc,ref       ] GC(468) Skipped phase2 of Reference Processing due to unavailable references
[753.322s][debug][gc,ref       ] GC(468) Skipped phase3 of Reference Processing due to unavailable references
[753.322s][debug][gc,ref       ] GC(468) Skipped phase4 of Reference Processing due to unavailable references
[753.322s][debug][gc,age       ] GC(468) Desired survivor size 15400960 bytes, new threshold 6 (max threshold 6)
[753.322s][info ][gc,heap      ] GC(468) ParNew: 242365K->1454K(270976K)
[753.322s][info ][gc,heap      ] GC(468) CMS: 339430K->339471K(602112K)
[753.322s][info ][gc,metaspace ] GC(468) Metaspace: 62085K->62085K(1105920K)
[753.322s][info ][gc           ] GC(468) Pause Young (Allocation Failure) 568M->332M(852M) 2.586ms
[753.322s][info ][gc,cpu       ] GC(468) User=0.01s Sys=0.00s Real=0.01s
[753.322s][info ][safepoint    ] Leaving safepoint region
[753.322s][info ][safepoint    ] Total time for which application threads were stopped: 0.0027558 seconds, Stopping threads took: 0.0000417 seconds
[757.076s][info ][safepoint    ] Application time: 3.7543789 seconds
[757.076s][info ][safepoint    ] Entering safepoint region: GenCollectForAllocation
[757.076s][info ][gc,start     ] GC(469) Pause Young (Allocation Failure)
[757.076s][info ][gc,task      ] GC(469) Using 4 workers of 4 for evacuation
[757.079s][debug][gc,ref       ] GC(469) Skipped phase1 of Reference Processing due to unavailable references
[757.079s][debug][gc,ref       ] GC(469) Skipped phase2 of Reference Processing due to unavailable references
[757.079s][debug][gc,ref       ] GC(469) Skipped phase3 of Reference Processing due to unavailable references
[757.079s][debug][gc,ref       ] GC(469) Skipped phase4 of Reference Processing due to unavailable references
[757.079s][debug][gc,age       ] GC(469) Desired survivor size 15400960 bytes, new threshold 6 (max threshold 6)
[757.079s][info ][gc,heap      ] GC(469) ParNew: 242350K->1600K(270976K)
[757.079s][info ][gc,heap      ] GC(469) CMS: 339471K->339592K(602112K)
[757.079s][info ][gc,metaspace ] GC(469) Metaspace: 62086K->62086K(1105920K)
[757.079s][info ][gc           ] GC(469) Pause Young (Allocation Failure) 568M->333M(852M) 3.065ms
[757.079s][info ][gc,cpu       ] GC(469) User=0.01s Sys=0.00s Real=0.00s
[757.079s][info ][safepoint    ] Leaving safepoint region
[757.079s][info ][safepoint    ] Total time for which application threads were stopped: 0.0032196 seconds, Stopping threads took: 0.0000319 seconds
[760.874s][info ][safepoint    ] Application time: 3.7949089 seconds
[760.874s][info ][safepoint    ] Entering safepoint region: GenCollectForAllocation
[760.875s][info ][gc,start     ] GC(470) Pause Young (Allocation Failure)
[760.875s][info ][gc,task      ] GC(470) Using 4 workers of 4 for evacuation
[760.878s][debug][gc,ref       ] GC(470) Skipped phase1 of Reference Processing due to unavailable references
[760.878s][debug][gc,ref       ] GC(470) Skipped phase2 of Reference Processing due to unavailable references
[760.878s][debug][gc,ref       ] GC(470) Skipped phase3 of Reference Processing due to unavailable references
[760.878s][debug][gc,ref       ] GC(470) Skipped phase4 of Reference Processing due to unavailable references
[760.879s][debug][gc,age       ] GC(470) Desired survivor size 15400960 bytes, new threshold 6 (max threshold 6)
[760.879s][info ][gc,heap      ] GC(470) ParNew: 242496K->1733K(270976K)
[760.879s][info ][gc,heap      ] GC(470) CMS: 339592K->339730K(602112K)
[760.879s][info ][gc,metaspace ] GC(470) Metaspace: 62086K->62086K(1105920K)
[760.879s][info ][gc           ] GC(470) Pause Young (Allocation Failure) 568M->333M(852M) 3.991ms
[760.879s][info ][gc,cpu       ] GC(470) User=0.01s Sys=0.00s Real=0.00s
[760.879s][info ][safepoint    ] Leaving safepoint region
[760.879s][info ][safepoint    ] Total time for which application threads were stopped: 0.0042264 seconds, Stopping threads took: 0.0000327 seconds
[764.618s][info ][safepoint    ] Application time: 3.7391724 seconds
[764.618s][info ][safepoint    ] Entering safepoint region: GenCollectForAllocation
[764.618s][info ][gc,start     ] GC(471) Pause Young (Allocation Failure)
[764.618s][info ][gc,task      ] GC(471) Using 4 workers of 4 for evacuation
[764.622s][debug][gc,ref       ] GC(471) Skipped phase1 of Reference Processing due to unavailable references
[764.622s][debug][gc,ref       ] GC(471) Skipped phase2 of Reference Processing due to unavailable references
[764.622s][debug][gc,ref       ] GC(471) Skipped phase3 of Reference Processing due to unavailable references
[764.622s][debug][gc,ref       ] GC(471) Skipped phase4 of Reference Processing due to unavailable references
[764.622s][debug][gc,age       ] GC(471) Desired survivor size 15400960 bytes, new threshold 6 (max threshold 6)
[764.622s][info ][gc,heap      ] GC(471) ParNew: 242629K->1387K(270976K)
[764.622s][info ][gc,heap      ] GC(471) CMS: 339730K->339829K(602112K)
[764.622s][info ][gc,metaspace ] GC(471) Metaspace: 62088K->62088K(1105920K)
[764.622s][info ][gc           ] GC(471) Pause Young (Allocation Failure) 568M->333M(852M) 3.711ms
[764.622s][info ][gc,cpu       ] GC(471) User=0.02s Sys=0.00s Real=0.01s
[764.622s][info ][safepoint    ] Leaving safepoint region
[764.622s][info ][safepoint    ] Total time for which application threads were stopped: 0.0039502 seconds, Stopping threads took: 0.0000599 seconds
[768.375s][info ][safepoint    ] Application time: 3.7533520 seconds
[768.375s][info ][safepoint    ] Entering safepoint region: GenCollectForAllocation
[768.375s][info ][gc,start     ] GC(472) Pause Young (Allocation Failure)
[768.375s][info ][gc,task      ] GC(472) Using 4 workers of 4 for evacuation
[768.378s][debug][gc,ref       ] GC(472) Skipped phase1 of Reference Processing due to unavailable references
[768.378s][debug][gc,ref       ] GC(472) Skipped phase2 of Reference Processing due to unavailable references
[768.378s][debug][gc,ref       ] GC(472) Skipped phase3 of Reference Processing due to unavailable references
[768.378s][debug][gc,ref       ] GC(472) Skipped phase4 of Reference Processing due to unavailable references
[768.378s][debug][gc,age       ] GC(472) Desired survivor size 15400960 bytes, new threshold 6 (max threshold 6)
[768.378s][info ][gc,heap      ] GC(472) ParNew: 242283K->1663K(270976K)
[768.378s][info ][gc,heap      ] GC(472) CMS: 339829K->339914K(602112K)
[768.378s][info ][gc,metaspace ] GC(472) Metaspace: 62089K->62089K(1105920K)
[768.378s][info ][gc           ] GC(472) Pause Young (Allocation Failure) 568M->333M(852M) 2.983ms
[768.378s][info ][gc,cpu       ] GC(472) User=0.01s Sys=0.00s Real=0.00s
[768.378s][info ][safepoint    ] Leaving safepoint region
[768.378s][info ][safepoint    ] Total time for which application threads were stopped: 0.0031315 seconds, Stopping threads took: 0.0000162 seconds
[771.379s][info ][safepoint    ] Application time: 3.0003442 seconds
[771.379s][info ][safepoint    ] Entering safepoint region: Cleanup
[771.379s][info ][safepoint    ] Leaving safepoint region
[771.379s][info ][safepoint    ] Total time for which application threads were stopped: 0.0001700 seconds, Stopping threads took: 0.0000891 seconds
[772.177s][info ][safepoint    ] Application time: 0.7976877 seconds
[772.177s][info ][safepoint    ] Entering safepoint region: GenCollectForAllocation
[772.177s][info ][gc,start     ] GC(473) Pause Young (Allocation Failure)
[772.177s][info ][gc,task      ] GC(473) Using 4 workers of 4 for evacuation
[772.180s][debug][gc,ref       ] GC(473) Skipped phase1 of Reference Processing due to unavailable references
[772.180s][debug][gc,ref       ] GC(473) Skipped phase2 of Reference Processing due to unavailable references
[772.180s][debug][gc,ref       ] GC(473) Skipped phase3 of Reference Processing due to unavailable references
[772.180s][debug][gc,ref       ] GC(473) Skipped phase4 of Reference Processing due to unavailable references
[772.180s][debug][gc,age       ] GC(473) Desired survivor size 15400960 bytes, new threshold 6 (max threshold 6)
[772.180s][info ][gc,heap      ] GC(473) ParNew: 242559K->1444K(270976K)
[772.180s][info ][gc,heap      ] GC(473) CMS: 339914K->340020K(602112K)
[772.180s][info ][gc,metaspace ] GC(473) Metaspace: 62089K->62089K(1105920K)
[772.180s][info ][gc           ] GC(473) Pause Young (Allocation Failure) 568M->333M(852M) 3.333ms
[772.180s][info ][gc,cpu       ] GC(473) User=0.01s Sys=0.00s Real=0.00s
[772.180s][info ][safepoint    ] Leaving safepoint region
[772.180s][info ][safepoint    ] Total time for which application threads were stopped: 0.0034762 seconds, Stopping threads took: 0.0000154 seconds
[774.180s][info ][safepoint    ] Application time: 2.0002410 seconds
[774.180s][info ][safepoint    ] Entering safepoint region: Cleanup
[774.180s][info ][safepoint    ] Leaving safepoint region
[774.180s][info ][safepoint    ] Total time for which application threads were stopped: 0.0000723 seconds, Stopping threads took: 0.0000149 seconds
[775.774s][info ][safepoint    ] Application time: 1.5933620 seconds
[775.774s][info ][safepoint    ] Entering safepoint region: GenCollectForAllocation
[775.774s][info ][gc,start     ] GC(474) Pause Young (Allocation Failure)
[775.774s][info ][gc,task      ] GC(474) Using 4 workers of 4 for evacuation
[775.776s][debug][gc,ref       ] GC(474) Skipped phase1 of Reference Processing due to unavailable references
[775.776s][debug][gc,ref       ] GC(474) Skipped phase2 of Reference Processing due to unavailable references
[775.776s][debug][gc,ref       ] GC(474) Skipped phase3 of Reference Processing due to unavailable references
[775.776s][debug][gc,ref       ] GC(474) Skipped phase4 of Reference Processing due to unavailable references
[775.777s][debug][gc,age       ] GC(474) Desired survivor size 15400960 bytes, new threshold 6 (max threshold 6)
[775.777s][info ][gc,heap      ] GC(474) ParNew: 242340K->1483K(270976K)
[775.777s][info ][gc,heap      ] GC(474) CMS: 340020K->340035K(602112K)
[775.777s][info ][gc,metaspace ] GC(474) Metaspace: 62089K->62089K(1105920K)
[775.777s][info ][gc           ] GC(474) Pause Young (Allocation Failure) 568M->333M(852M) 2.655ms
[775.777s][info ][gc,cpu       ] GC(474) User=0.01s Sys=0.00s Real=0.00s
[775.777s][info ][safepoint    ] Leaving safepoint region
[775.777s][info ][safepoint    ] Total time for which application threads were stopped: 0.0027962 seconds, Stopping threads took: 0.0000174 seconds
[777.777s][info ][safepoint    ] Application time: 2.0002283 seconds
[777.777s][info ][safepoint    ] Entering safepoint region: Cleanup
[777.777s][info ][safepoint    ] Leaving safepoint region
[777.777s][info ][safepoint    ] Total time for which application threads were stopped: 0.0001196 seconds, Stopping threads took: 0.0000485 seconds
[779.619s][info ][safepoint    ] Application time: 1.8414676 seconds
[779.619s][info ][safepoint    ] Entering safepoint region: GenCollectForAllocation
[779.619s][info ][gc,start     ] GC(475) Pause Young (Allocation Failure)
[779.619s][info ][gc,task      ] GC(475) Using 4 workers of 4 for evacuation
[779.621s][debug][gc,ref       ] GC(475) Skipped phase1 of Reference Processing due to unavailable references
[779.621s][debug][gc,ref       ] GC(475) Skipped phase2 of Reference Processing due to unavailable references
[779.621s][debug][gc,ref       ] GC(475) Skipped phase3 of Reference Processing due to unavailable references
[779.621s][debug][gc,ref       ] GC(475) Skipped phase4 of Reference Processing due to unavailable references
[779.621s][debug][gc,age       ] GC(475) Desired survivor size 15400960 bytes, new threshold 6 (max threshold 6)
[779.621s][info ][gc,heap      ] GC(475) ParNew: 242379K->1509K(270976K)
[779.621s][info ][gc,heap      ] GC(475) CMS: 340035K->340137K(602112K)
[779.621s][info ][gc,metaspace ] GC(475) Metaspace: 62089K->62089K(1105920K)
[779.621s][info ][gc           ] GC(475) Pause Young (Allocation Failure) 568M->333M(852M) 2.769ms
[779.621s][info ][gc,cpu       ] GC(475) User=0.01s Sys=0.00s Real=0.01s
[779.621s][info ][safepoint    ] Leaving safepoint region
[779.621s][info ][safepoint    ] Total time for which application threads were stopped: 0.0029056 seconds, Stopping threads took: 0.0000177 seconds
[783.370s][info ][safepoint    ] Application time: 3.7489321 seconds
[783.370s][info ][safepoint    ] Entering safepoint region: GenCollectForAllocation
[783.371s][info ][gc,start     ] GC(476) Pause Young (Allocation Failure)
[783.371s][info ][gc,task      ] GC(476) Using 4 workers of 4 for evacuation
[783.373s][debug][gc,ref       ] GC(476) Skipped phase1 of Reference Processing due to unavailable references
[783.373s][debug][gc,ref       ] GC(476) Skipped phase2 of Reference Processing due to unavailable references
[783.373s][debug][gc,ref       ] GC(476) Skipped phase3 of Reference Processing due to unavailable references
[783.373s][debug][gc,ref       ] GC(476) Skipped phase4 of Reference Processing due to unavailable references
[783.374s][debug][gc,age       ] GC(476) Desired survivor size 15400960 bytes, new threshold 6 (max threshold 6)
[783.374s][info ][gc,heap      ] GC(476) ParNew: 242405K->1676K(270976K)
[783.374s][info ][gc,heap      ] GC(476) CMS: 340137K->340205K(602112K)
[783.374s][info ][gc,metaspace ] GC(476) Metaspace: 62089K->62089K(1105920K)
[783.374s][info ][gc           ] GC(476) Pause Young (Allocation Failure) 568M->333M(852M) 3.081ms
[783.374s][info ][gc,cpu       ] GC(476) User=0.01s Sys=0.00s Real=0.00s
[783.374s][info ][safepoint    ] Leaving safepoint region
[783.374s][info ][safepoint    ] Total time for which application threads were stopped: 0.0032588 seconds, Stopping threads took: 0.0000151 seconds
[787.174s][info ][safepoint    ] Application time: 3.8003710 seconds
[787.174s][info ][safepoint    ] Entering safepoint region: GenCollectForAllocation
[787.174s][info ][gc,start     ] GC(477) Pause Young (Allocation Failure)
[787.174s][info ][gc,task      ] GC(477) Using 4 workers of 4 for evacuation
[787.177s][debug][gc,ref       ] GC(477) Skipped phase1 of Reference Processing due to unavailable references
[787.177s][debug][gc,ref       ] GC(477) Skipped phase2 of Reference Processing due to unavailable references
[787.177s][debug][gc,ref       ] GC(477) Skipped phase3 of Reference Processing due to unavailable references
[787.177s][debug][gc,ref       ] GC(477) Skipped phase4 of Reference Processing due to unavailable references
[787.177s][debug][gc,age       ] GC(477) Desired survivor size 15400960 bytes, new threshold 6 (max threshold 6)
[787.177s][info ][gc,heap      ] GC(477) ParNew: 242572K->1397K(270976K)
[787.177s][info ][gc,heap      ] GC(477) CMS: 340205K->340279K(602112K)
[787.177s][info ][gc,metaspace ] GC(477) Metaspace: 62089K->62089K(1105920K)
[787.177s][info ][gc           ] GC(477) Pause Young (Allocation Failure) 569M->333M(852M) 3.075ms
[787.177s][info ][gc,cpu       ] GC(477) User=0.01s Sys=0.00s Real=0.00s
[787.177s][info ][safepoint    ] Leaving safepoint region
[787.177s][info ][safepoint    ] Total time for which application threads were stopped: 0.0032313 seconds, Stopping threads took: 0.0000169 seconds
[789.177s][info ][safepoint    ] Application time: 2.0001719 seconds
[789.178s][info ][safepoint    ] Entering safepoint region: Cleanup
[789.178s][info ][safepoint    ] Leaving safepoint region
[789.178s][info ][safepoint    ] Total time for which application threads were stopped: 0.0000971 seconds, Stopping threads took: 0.0000337 seconds
[790.178s][info ][safepoint    ] Application time: 1.0000929 seconds
[790.178s][info ][safepoint    ] Entering safepoint region: Cleanup
[790.178s][info ][safepoint    ] Leaving safepoint region
[790.178s][info ][safepoint    ] Total time for which application threads were stopped: 0.0001214 seconds, Stopping threads took: 0.0000514 seconds
[790.929s][info ][safepoint    ] Application time: 0.7512227 seconds
[790.929s][info ][safepoint    ] Entering safepoint region: GenCollectForAllocation
[790.929s][info ][gc,start     ] GC(478) Pause Young (Allocation Failure)
[790.929s][info ][gc,task      ] GC(478) Using 4 workers of 4 for evacuation
[790.932s][debug][gc,ref       ] GC(478) Skipped phase1 of Reference Processing due to unavailable references
[790.932s][debug][gc,ref       ] GC(478) Skipped phase2 of Reference Processing due to unavailable references
[790.932s][debug][gc,ref       ] GC(478) Skipped phase3 of Reference Processing due to unavailable references
[790.932s][debug][gc,ref       ] GC(478) Skipped phase4 of Reference Processing due to unavailable references
[790.932s][debug][gc,age       ] GC(478) Desired survivor size 15400960 bytes, new threshold 6 (max threshold 6)
[790.932s][info ][gc,heap      ] GC(478) ParNew: 242293K->1364K(270976K)
[790.932s][info ][gc,heap      ] GC(478) CMS: 340279K->340378K(602112K)
[790.932s][info ][gc,metaspace ] GC(478) Metaspace: 62089K->62089K(1105920K)
[790.932s][info ][gc           ] GC(478) Pause Young (Allocation Failure) 568M->333M(852M) 2.600ms
[790.932s][info ][gc,cpu       ] GC(478) User=0.00s Sys=0.00s Real=0.00s
[790.932s][info ][safepoint    ] Leaving safepoint region
[790.932s][info ][safepoint    ] Total time for which application threads were stopped: 0.0027644 seconds, Stopping threads took: 0.0000354 seconds
[791.932s][info ][safepoint    ] Application time: 1.0001182 seconds
[791.932s][info ][safepoint    ] Entering safepoint region: Cleanup
[791.932s][info ][safepoint    ] Leaving safepoint region
[791.932s][info ][safepoint    ] Total time for which application threads were stopped: 0.0001687 seconds, Stopping threads took: 0.0000370 seconds
[792.932s][info ][safepoint    ] Application time: 1.0000899 seconds
[792.932s][info ][safepoint    ] Entering safepoint region: Cleanup
[792.932s][info ][safepoint    ] Leaving safepoint region
[792.932s][info ][safepoint    ] Total time for which application threads were stopped: 0.0001078 seconds, Stopping threads took: 0.0000330 seconds
[794.677s][info ][safepoint    ] Application time: 1.7449885 seconds
[794.678s][info ][safepoint    ] Entering safepoint region: GenCollectForAllocation
[794.678s][info ][gc,start     ] GC(479) Pause Young (Allocation Failure)
[794.678s][info ][gc,task      ] GC(479) Using 4 workers of 4 for evacuation
[794.681s][debug][gc,ref       ] GC(479) Skipped phase1 of Reference Processing due to unavailable references
[794.681s][debug][gc,ref       ] GC(479) Skipped phase2 of Reference Processing due to unavailable references
[794.681s][debug][gc,ref       ] GC(479) Skipped phase3 of Reference Processing due to unavailable references
[794.681s][debug][gc,ref       ] GC(479) Skipped phase4 of Reference Processing due to unavailable references
[794.681s][debug][gc,age       ] GC(479) Desired survivor size 15400960 bytes, new threshold 6 (max threshold 6)
[794.681s][info ][gc,heap      ] GC(479) ParNew: 242260K->1535K(270976K)
[794.681s][info ][gc,heap      ] GC(479) CMS: 340378K->340493K(602112K)
[794.681s][info ][gc,metaspace ] GC(479) Metaspace: 62097K->62097K(1105920K)
[794.681s][info ][gc           ] GC(479) Pause Young (Allocation Failure) 568M->334M(852M) 3.498ms
[794.681s][info ][gc,cpu       ] GC(479) User=0.01s Sys=0.00s Real=0.01s
[794.681s][info ][safepoint    ] Leaving safepoint region
[794.681s][info ][safepoint    ] Total time for which application threads were stopped: 0.0036411 seconds, Stopping threads took: 0.0000146 seconds
[795.681s][info ][safepoint    ] Application time: 1.0001330 seconds
[795.681s][info ][safepoint    ] Entering safepoint region: Cleanup
[795.681s][info ][safepoint    ] Leaving safepoint region
[795.681s][info ][safepoint    ] Total time for which application threads were stopped: 0.0000802 seconds, Stopping threads took: 0.0000158 seconds
[796.682s][info ][safepoint    ] Application time: 1.0000995 seconds
[796.682s][info ][safepoint    ] Entering safepoint region: Cleanup
[796.682s][info ][safepoint    ] Leaving safepoint region
[796.682s][info ][safepoint    ] Total time for which application threads were stopped: 0.0002263 seconds, Stopping threads took: 0.0001140 seconds
[798.353s][info ][safepoint    ] Application time: 1.6710108 seconds
[798.353s][info ][safepoint    ] Entering safepoint region: GenCollectForAllocation
[798.353s][info ][gc,start     ] GC(480) Pause Young (Allocation Failure)
[798.353s][info ][gc,task      ] GC(480) Using 4 workers of 4 for evacuation
[798.357s][debug][gc,ref       ] GC(480) Skipped phase1 of Reference Processing due to unavailable references
[798.357s][debug][gc,ref       ] GC(480) Skipped phase3 of Reference Processing due to unavailable references
[798.357s][debug][gc,age       ] GC(480) Desired survivor size 15400960 bytes, new threshold 6 (max threshold 6)
[798.357s][info ][gc,heap      ] GC(480) ParNew: 242431K->1539K(270976K)
[798.357s][info ][gc,heap      ] GC(480) CMS: 340493K->340594K(602112K)
[798.357s][info ][gc,metaspace ] GC(480) Metaspace: 62119K->62119K(1105920K)
[798.357s][info ][gc           ] GC(480) Pause Young (Allocation Failure) 569M->334M(852M) 4.226ms
[798.357s][info ][gc,cpu       ] GC(480) User=0.02s Sys=0.00s Real=0.00s
[798.357s][info ][safepoint    ] Leaving safepoint region
[798.357s][info ][safepoint    ] Total time for which application threads were stopped: 0.0043835 seconds, Stopping threads took: 0.0000166 seconds
[799.358s][info ][safepoint    ] Application time: 1.0002861 seconds
[799.358s][info ][safepoint    ] Entering safepoint region: Cleanup
[799.358s][info ][safepoint    ] Leaving safepoint region
[799.359s][info ][safepoint    ] Total time for which application threads were stopped: 0.0009273 seconds, Stopping threads took: 0.0000151 seconds
[802.077s][info ][safepoint    ] Application time: 2.7149693 seconds
[802.077s][info ][safepoint    ] Entering safepoint region: GenCollectForAllocation
[802.077s][info ][gc,start     ] GC(481) Pause Young (Allocation Failure)
[802.077s][info ][gc,task      ] GC(481) Using 4 workers of 4 for evacuation
[802.079s][debug][gc,ref       ] GC(481) Skipped phase1 of Reference Processing due to unavailable references
[802.079s][debug][gc,ref       ] GC(481) Skipped phase3 of Reference Processing due to unavailable references
[802.079s][debug][gc,ref       ] GC(481) Skipped phase4 of Reference Processing due to unavailable references
[802.080s][debug][gc,age       ] GC(481) Desired survivor size 15400960 bytes, new threshold 6 (max threshold 6)
[802.080s][info ][gc,heap      ] GC(481) ParNew: 242435K->1296K(270976K)
[802.080s][info ][gc,heap      ] GC(481) CMS: 340594K->340661K(602112K)
[802.080s][info ][gc,metaspace ] GC(481) Metaspace: 62119K->62119K(1105920K)
[802.080s][info ][gc           ] GC(481) Pause Young (Allocation Failure) 569M->333M(852M) 2.809ms
[802.080s][info ][gc,cpu       ] GC(481) User=0.01s Sys=0.00s Real=0.00s
[802.080s][info ][safepoint    ] Leaving safepoint region
[802.080s][info ][safepoint    ] Total time for which application threads were stopped: 0.0030336 seconds, Stopping threads took: 0.0000705 seconds
[805.080s][info ][safepoint    ] Application time: 3.0003196 seconds
[805.080s][info ][safepoint    ] Entering safepoint region: Cleanup
[805.080s][info ][safepoint    ] Leaving safepoint region
[805.080s][info ][safepoint    ] Total time for which application threads were stopped: 0.0001637 seconds, Stopping threads took: 0.0000653 seconds
[805.776s][info ][safepoint    ] Application time: 0.6956763 seconds
[805.776s][info ][safepoint    ] Entering safepoint region: GenCollectForAllocation
[805.776s][info ][gc,start     ] GC(482) Pause Young (Allocation Failure)
[805.776s][info ][gc,task      ] GC(482) Using 4 workers of 4 for evacuation
[805.779s][debug][gc,ref       ] GC(482) Skipped phase1 of Reference Processing due to unavailable references
[805.779s][debug][gc,ref       ] GC(482) Skipped phase3 of Reference Processing due to unavailable references
[805.779s][debug][gc,ref       ] GC(482) Skipped phase4 of Reference Processing due to unavailable references
[805.779s][debug][gc,age       ] GC(482) Desired survivor size 15400960 bytes, new threshold 6 (max threshold 6)
[805.779s][info ][gc,heap      ] GC(482) ParNew: 242192K->1461K(270976K)
[805.779s][info ][gc,heap      ] GC(482) CMS: 340661K->340763K(602112K)
[805.779s][info ][gc,metaspace ] GC(482) Metaspace: 62120K->62120K(1105920K)
[805.779s][info ][gc           ] GC(482) Pause Young (Allocation Failure) 569M->334M(852M) 3.149ms
[805.779s][info ][gc,cpu       ] GC(482) User=0.01s Sys=0.00s Real=0.00s
[805.779s][info ][safepoint    ] Leaving safepoint region
[805.779s][info ][safepoint    ] Total time for which application threads were stopped: 0.0033006 seconds, Stopping threads took: 0.0000153 seconds
[806.779s][info ][safepoint    ] Application time: 1.0001485 seconds
[806.779s][info ][safepoint    ] Entering safepoint region: Cleanup
[806.780s][info ][safepoint    ] Leaving safepoint region
[806.780s][info ][safepoint    ] Total time for which application threads were stopped: 0.0001338 seconds, Stopping threads took: 0.0000624 seconds
[807.780s][info ][safepoint    ] Application time: 1.0001202 seconds
[807.780s][info ][safepoint    ] Entering safepoint region: Cleanup
[807.780s][info ][safepoint    ] Leaving safepoint region
[807.780s][info ][safepoint    ] Total time for which application threads were stopped: 0.0001620 seconds, Stopping threads took: 0.0000540 seconds
[808.780s][info ][safepoint    ] Application time: 1.0001209 seconds
[808.780s][info ][safepoint    ] Entering safepoint region: Cleanup
[808.780s][info ][safepoint    ] Leaving safepoint region
[808.780s][info ][safepoint    ] Total time for which application threads were stopped: 0.0000748 seconds, Stopping threads took: 0.0000155 seconds
[809.574s][info ][safepoint    ] Application time: 0.7941171 seconds
[809.574s][info ][safepoint    ] Entering safepoint region: GenCollectForAllocation
[809.574s][info ][gc,start     ] GC(483) Pause Young (Allocation Failure)
[809.574s][info ][gc,task      ] GC(483) Using 4 workers of 4 for evacuation
[809.577s][debug][gc,ref       ] GC(483) Skipped phase1 of Reference Processing due to unavailable references
[809.577s][debug][gc,ref       ] GC(483) Skipped phase3 of Reference Processing due to unavailable references
[809.577s][debug][gc,ref       ] GC(483) Skipped phase4 of Reference Processing due to unavailable references
[809.577s][debug][gc,age       ] GC(483) Desired survivor size 15400960 bytes, new threshold 6 (max threshold 6)
[809.577s][info ][gc,heap      ] GC(483) ParNew: 242357K->1610K(270976K)
[809.577s][info ][gc,heap      ] GC(483) CMS: 340763K->340996K(602112K)
[809.577s][info ][gc,metaspace ] GC(483) Metaspace: 62129K->62129K(1105920K)
[809.577s][info ][gc           ] GC(483) Pause Young (Allocation Failure) 569M->334M(852M) 3.045ms
[809.577s][info ][gc,cpu       ] GC(483) User=0.01s Sys=0.00s Real=0.00s
[809.577s][info ][safepoint    ] Leaving safepoint region
[809.577s][info ][safepoint    ] Total time for which application threads were stopped: 0.0031750 seconds, Stopping threads took: 0.0000154 seconds
[811.578s][info ][safepoint    ] Application time: 2.0002343 seconds
[811.578s][info ][safepoint    ] Entering safepoint region: Cleanup
[811.578s][info ][safepoint    ] Leaving safepoint region
[811.578s][info ][safepoint    ] Total time for which application threads were stopped: 0.0000972 seconds, Stopping threads took: 0.0000335 seconds
[812.578s][info ][safepoint    ] Application time: 1.0001234 seconds
[812.578s][info ][safepoint    ] Entering safepoint region: Cleanup
[812.578s][info ][safepoint    ] Leaving safepoint region
[812.578s][info ][safepoint    ] Total time for which application threads were stopped: 0.0001221 seconds, Stopping threads took: 0.0000578 seconds
[813.278s][info ][safepoint    ] Application time: 0.6993718 seconds
[813.278s][info ][safepoint    ] Entering safepoint region: GenCollectForAllocation
[813.278s][info ][gc,start     ] GC(484) Pause Young (Allocation Failure)
[813.278s][info ][gc,task      ] GC(484) Using 4 workers of 4 for evacuation
[813.281s][debug][gc,ref       ] GC(484) Skipped phase1 of Reference Processing due to unavailable references
[813.281s][debug][gc,ref       ] GC(484) Skipped phase3 of Reference Processing due to unavailable references
[813.281s][debug][gc,ref       ] GC(484) Skipped phase4 of Reference Processing due to unavailable references
[813.281s][debug][gc,age       ] GC(484) Desired survivor size 15400960 bytes, new threshold 6 (max threshold 6)
[813.281s][info ][gc,heap      ] GC(484) ParNew: 242506K->1325K(270976K)
[813.281s][info ][gc,heap      ] GC(484) CMS: 340996K->341054K(602112K)
[813.281s][info ][gc,metaspace ] GC(484) Metaspace: 62144K->62144K(1105920K)
[813.281s][info ][gc           ] GC(484) Pause Young (Allocation Failure) 569M->334M(852M) 3.337ms
[813.281s][info ][gc,cpu       ] GC(484) User=0.01s Sys=0.00s Real=0.01s
[813.281s][info ][safepoint    ] Leaving safepoint region
[813.281s][info ][safepoint    ] Total time for which application threads were stopped: 0.0034771 seconds, Stopping threads took: 0.0000154 seconds
[814.281s][info ][safepoint    ] Application time: 1.0001561 seconds
[814.281s][info ][safepoint    ] Entering safepoint region: Cleanup
[814.281s][info ][safepoint    ] Leaving safepoint region
[814.281s][info ][safepoint    ] Total time for which application threads were stopped: 0.0001056 seconds, Stopping threads took: 0.0000355 seconds
[815.281s][info ][safepoint    ] Application time: 1.0000897 seconds
[815.281s][info ][safepoint    ] Entering safepoint region: Cleanup
[815.282s][info ][safepoint    ] Leaving safepoint region
[815.282s][info ][safepoint    ] Total time for which application threads were stopped: 0.0000896 seconds, Stopping threads took: 0.0000153 seconds
[816.823s][info ][safepoint    ] Application time: 1.5415211 seconds
[816.823s][info ][safepoint    ] Entering safepoint region: GenCollectForAllocation
[816.823s][info ][gc,start     ] GC(485) Pause Young (Allocation Failure)
[816.823s][info ][gc,task      ] GC(485) Using 4 workers of 4 for evacuation
[816.826s][debug][gc,ref       ] GC(485) Skipped phase1 of Reference Processing due to unavailable references
[816.826s][debug][gc,ref       ] GC(485) Skipped phase3 of Reference Processing due to unavailable references
[816.826s][debug][gc,ref       ] GC(485) Skipped phase4 of Reference Processing due to unavailable references
[816.827s][debug][gc,age       ] GC(485) Desired survivor size 15400960 bytes, new threshold 6 (max threshold 6)
[816.827s][info ][gc,heap      ] GC(485) ParNew: 242221K->1442K(270976K)
[816.827s][info ][gc,heap      ] GC(485) CMS: 341054K->341167K(602112K)
[816.827s][info ][gc,metaspace ] GC(485) Metaspace: 62162K->62162K(1105920K)
[816.827s][info ][gc           ] GC(485) Pause Young (Allocation Failure) 569M->334M(852M) 3.419ms
[816.827s][info ][gc,cpu       ] GC(485) User=0.01s Sys=0.00s Real=0.00s
[816.827s][info ][safepoint    ] Leaving safepoint region
[816.827s][info ][safepoint    ] Total time for which application threads were stopped: 0.0035682 seconds, Stopping threads took: 0.0000142 seconds
[817.827s][info ][safepoint    ] Application time: 1.0000864 seconds
[817.827s][info ][safepoint    ] Entering safepoint region: Cleanup
[817.827s][info ][safepoint    ] Leaving safepoint region
[817.827s][info ][safepoint    ] Total time for which application threads were stopped: 0.0001042 seconds, Stopping threads took: 0.0000424 seconds
[818.827s][info ][safepoint    ] Application time: 1.0001595 seconds
[818.827s][info ][safepoint    ] Entering safepoint region: Cleanup
[818.827s][info ][safepoint    ] Leaving safepoint region
[818.827s][info ][safepoint    ] Total time for which application threads were stopped: 0.0002055 seconds, Stopping threads took: 0.0000692 seconds
[819.827s][info ][safepoint    ] Application time: 1.0001060 seconds
[819.828s][info ][safepoint    ] Entering safepoint region: Cleanup
[819.828s][info ][safepoint    ] Leaving safepoint region
[819.828s][info ][safepoint    ] Total time for which application threads were stopped: 0.0001462 seconds, Stopping threads took: 0.0000545 seconds
[820.472s][info ][safepoint    ] Application time: 0.6439740 seconds
[820.472s][info ][safepoint    ] Entering safepoint region: GenCollectForAllocation
[820.472s][info ][gc,start     ] GC(486) Pause Young (Allocation Failure)
[820.472s][info ][gc,task      ] GC(486) Using 4 workers of 4 for evacuation
[820.475s][debug][gc,ref       ] GC(486) Skipped phase1 of Reference Processing due to unavailable references
[820.475s][debug][gc,ref       ] GC(486) Skipped phase2 of Reference Processing due to unavailable references
[820.475s][debug][gc,ref       ] GC(486) Skipped phase3 of Reference Processing due to unavailable references
[820.475s][debug][gc,ref       ] GC(486) Skipped phase4 of Reference Processing due to unavailable references
[820.475s][debug][gc,age       ] GC(486) Desired survivor size 15400960 bytes, new threshold 6 (max threshold 6)
[820.475s][info ][gc,heap      ] GC(486) ParNew: 242338K->1763K(270976K)
[820.475s][info ][gc,heap      ] GC(486) CMS: 341167K->341287K(602112K)
[820.475s][info ][gc,metaspace ] GC(486) Metaspace: 62165K->62165K(1105920K)
[820.475s][info ][gc           ] GC(486) Pause Young (Allocation Failure) 569M->335M(852M) 3.479ms
[820.475s][info ][gc,cpu       ] GC(486) User=0.01s Sys=0.01s Real=0.00s
[820.475s][info ][safepoint    ] Leaving safepoint region
[820.475s][info ][safepoint    ] Total time for which application threads were stopped: 0.0036407 seconds, Stopping threads took: 0.0000158 seconds
[824.176s][info ][safepoint    ] Application time: 3.7003999 seconds
[824.176s][info ][safepoint    ] Entering safepoint region: GenCollectForAllocation
[824.176s][info ][gc,start     ] GC(487) Pause Young (Allocation Failure)
[824.176s][info ][gc,task      ] GC(487) Using 4 workers of 4 for evacuation
[824.181s][debug][gc,ref       ] GC(487) Skipped phase1 of Reference Processing due to unavailable references
[824.181s][debug][gc,ref       ] GC(487) Skipped phase2 of Reference Processing due to unavailable references
[824.181s][debug][gc,ref       ] GC(487) Skipped phase3 of Reference Processing due to unavailable references
[824.181s][debug][gc,ref       ] GC(487) Skipped phase4 of Reference Processing due to unavailable references
[824.181s][debug][gc,age       ] GC(487) Desired survivor size 15400960 bytes, new threshold 6 (max threshold 6)
[824.181s][info ][gc,heap      ] GC(487) ParNew: 242659K->1887K(270976K)
[824.181s][info ][gc,heap      ] GC(487) CMS: 341287K->341411K(602112K)
[824.181s][info ][gc,metaspace ] GC(487) Metaspace: 62166K->62166K(1105920K)
[824.181s][info ][gc           ] GC(487) Pause Young (Allocation Failure) 570M->335M(852M) 4.881ms
[824.181s][info ][gc,cpu       ] GC(487) User=0.01s Sys=0.00s Real=0.01s
[824.181s][info ][safepoint    ] Leaving safepoint region
[824.181s][info ][safepoint    ] Total time for which application threads were stopped: 0.0051338 seconds, Stopping threads took: 0.0000757 seconds
[825.181s][info ][safepoint    ] Application time: 1.0001049 seconds
[825.181s][info ][safepoint    ] Entering safepoint region: Cleanup
[825.181s][info ][safepoint    ] Leaving safepoint region
[825.181s][info ][safepoint    ] Total time for which application threads were stopped: 0.0000768 seconds, Stopping threads took: 0.0000160 seconds
[827.181s][info ][safepoint    ] Application time: 2.0002155 seconds
[827.181s][info ][safepoint    ] Entering safepoint region: Cleanup
[827.181s][info ][safepoint    ] Leaving safepoint region
[827.181s][info ][safepoint    ] Total time for which application threads were stopped: 0.0001443 seconds, Stopping threads took: 0.0000754 seconds
[827.918s][info ][safepoint    ] Application time: 0.7360861 seconds
[827.918s][info ][safepoint    ] Entering safepoint region: GenCollectForAllocation
[827.918s][info ][gc,start     ] GC(488) Pause Young (Allocation Failure)
[827.918s][info ][gc,task      ] GC(488) Using 4 workers of 4 for evacuation
[827.920s][debug][gc,ref       ] GC(488) Skipped phase1 of Reference Processing due to unavailable references
[827.920s][debug][gc,ref       ] GC(488) Skipped phase2 of Reference Processing due to unavailable references
[827.920s][debug][gc,ref       ] GC(488) Skipped phase3 of Reference Processing due to unavailable references
[827.920s][debug][gc,ref       ] GC(488) Skipped phase4 of Reference Processing due to unavailable references
[827.921s][debug][gc,age       ] GC(488) Desired survivor size 15400960 bytes, new threshold 6 (max threshold 6)
[827.921s][info ][gc,heap      ] GC(488) ParNew: 242783K->1796K(270976K)
[827.921s][info ][gc,heap      ] GC(488) CMS: 341411K->341495K(602112K)
[827.921s][info ][gc,metaspace ] GC(488) Metaspace: 62175K->62175K(1105920K)
[827.921s][info ][gc           ] GC(488) Pause Young (Allocation Failure) 570M->335M(852M) 2.905ms
[827.921s][info ][gc,cpu       ] GC(488) User=0.01s Sys=0.00s Real=0.01s
[827.921s][info ][safepoint    ] Leaving safepoint region
[827.921s][info ][safepoint    ] Total time for which application threads were stopped: 0.0030358 seconds, Stopping threads took: 0.0000156 seconds
[830.921s][info ][safepoint    ] Application time: 3.0002934 seconds
[830.921s][info ][safepoint    ] Entering safepoint region: Cleanup
[830.921s][info ][safepoint    ] Leaving safepoint region
[830.921s][info ][safepoint    ] Total time for which application threads were stopped: 0.0001358 seconds, Stopping threads took: 0.0000673 seconds
[831.526s][info ][safepoint    ] Application time: 0.6047639 seconds
[831.526s][info ][safepoint    ] Entering safepoint region: GenCollectForAllocation
[831.526s][info ][gc,start     ] GC(489) Pause Young (Allocation Failure)
[831.526s][info ][gc,task      ] GC(489) Using 4 workers of 4 for evacuation
[831.529s][debug][gc,ref       ] GC(489) Skipped phase1 of Reference Processing due to unavailable references
[831.529s][debug][gc,ref       ] GC(489) Skipped phase2 of Reference Processing due to unavailable references
[831.529s][debug][gc,ref       ] GC(489) Skipped phase3 of Reference Processing due to unavailable references
[831.529s][debug][gc,ref       ] GC(489) Skipped phase4 of Reference Processing due to unavailable references
[831.529s][debug][gc,age       ] GC(489) Desired survivor size 15400960 bytes, new threshold 6 (max threshold 6)
[831.529s][info ][gc,heap      ] GC(489) ParNew: 242692K->1975K(270976K)
[831.529s][info ][gc,heap      ] GC(489) CMS: 341495K->341565K(602112K)
[831.529s][info ][gc,metaspace ] GC(489) Metaspace: 62176K->62176K(1105920K)
[831.529s][info ][gc           ] GC(489) Pause Young (Allocation Failure) 570M->335M(852M) 2.893ms
[831.529s][info ][gc,cpu       ] GC(489) User=0.01s Sys=0.00s Real=0.01s
[831.529s][info ][safepoint    ] Leaving safepoint region
[831.529s][info ][safepoint    ] Total time for which application threads were stopped: 0.0030339 seconds, Stopping threads took: 0.0000176 seconds
[832.529s][info ][safepoint    ] Application time: 1.0001481 seconds
[832.529s][info ][safepoint    ] Entering safepoint region: Cleanup
[832.529s][info ][safepoint    ] Leaving safepoint region
[832.529s][info ][safepoint    ] Total time for which application threads were stopped: 0.0001800 seconds, Stopping threads took: 0.0001080 seconds
[835.226s][info ][safepoint    ] Application time: 2.6964336 seconds
[835.226s][info ][safepoint    ] Entering safepoint region: GenCollectForAllocation
[835.226s][info ][gc,start     ] GC(490) Pause Young (Allocation Failure)
[835.226s][info ][gc,task      ] GC(490) Using 4 workers of 4 for evacuation
[835.229s][debug][gc,ref       ] GC(490) Skipped phase1 of Reference Processing due to unavailable references
[835.229s][debug][gc,ref       ] GC(490) Skipped phase2 of Reference Processing due to unavailable references
[835.229s][debug][gc,ref       ] GC(490) Skipped phase3 of Reference Processing due to unavailable references
[835.229s][debug][gc,ref       ] GC(490) Skipped phase4 of Reference Processing due to unavailable references
[835.229s][debug][gc,age       ] GC(490) Desired survivor size 15400960 bytes, new threshold 6 (max threshold 6)
[835.229s][info ][gc,heap      ] GC(490) ParNew: 242871K->1656K(270976K)
[835.229s][info ][gc,heap      ] GC(490) CMS: 341565K->341663K(602112K)
[835.229s][info ][gc,metaspace ] GC(490) Metaspace: 62177K->62177K(1105920K)
[835.229s][info ][gc           ] GC(490) Pause Young (Allocation Failure) 570M->335M(852M) 3.440ms
[835.229s][info ][gc,cpu       ] GC(490) User=0.02s Sys=0.00s Real=0.01s
[835.229s][info ][safepoint    ] Leaving safepoint region
[835.229s][info ][safepoint    ] Total time for which application threads were stopped: 0.0036000 seconds, Stopping threads took: 0.0000155 seconds
[838.230s][info ][safepoint    ] Application time: 3.0002986 seconds
[838.230s][info ][safepoint    ] Entering safepoint region: Cleanup
[838.230s][info ][safepoint    ] Leaving safepoint region
[838.230s][info ][safepoint    ] Total time for which application threads were stopped: 0.0000705 seconds, Stopping threads took: 0.0000156 seconds
[838.921s][info ][safepoint    ] Application time: 0.6909245 seconds
[838.921s][info ][safepoint    ] Entering safepoint region: GenCollectForAllocation
[838.921s][info ][gc,start     ] GC(491) Pause Young (Allocation Failure)
[838.921s][info ][gc,task      ] GC(491) Using 4 workers of 4 for evacuation
[838.924s][debug][gc,ref       ] GC(491) Skipped phase1 of Reference Processing due to unavailable references
[838.924s][debug][gc,ref       ] GC(491) Skipped phase2 of Reference Processing due to unavailable references
[838.924s][debug][gc,ref       ] GC(491) Skipped phase3 of Reference Processing due to unavailable references
[838.924s][debug][gc,ref       ] GC(491) Skipped phase4 of Reference Processing due to unavailable references
[838.924s][debug][gc,age       ] GC(491) Desired survivor size 15400960 bytes, new threshold 6 (max threshold 6)
[838.924s][info ][gc,heap      ] GC(491) ParNew: 242552K->1830K(270976K)
[838.924s][info ][gc,heap      ] GC(491) CMS: 341663K->341722K(602112K)
[838.924s][info ][gc,metaspace ] GC(491) Metaspace: 62177K->62177K(1105920K)
[838.924s][info ][gc           ] GC(491) Pause Young (Allocation Failure) 570M->335M(852M) 3.164ms
[838.924s][info ][gc,cpu       ] GC(491) User=0.01s Sys=0.00s Real=0.00s
[838.924s][info ][safepoint    ] Leaving safepoint region
[838.924s][info ][safepoint    ] Total time for which application threads were stopped: 0.0033544 seconds, Stopping threads took: 0.0000518 seconds
[839.924s][info ][safepoint    ] Application time: 1.0001347 seconds
[839.924s][info ][safepoint    ] Entering safepoint region: Cleanup
[839.924s][info ][safepoint    ] Leaving safepoint region
[839.924s][info ][safepoint    ] Total time for which application threads were stopped: 0.0001321 seconds, Stopping threads took: 0.0000645 seconds
[841.925s][info ][safepoint    ] Application time: 2.0001950 seconds
[841.925s][info ][safepoint    ] Entering safepoint region: Cleanup
[841.925s][info ][safepoint    ] Leaving safepoint region
[841.925s][info ][safepoint    ] Total time for which application threads were stopped: 0.0002270 seconds, Stopping threads took: 0.0000988 seconds
[842.480s][info ][safepoint    ] Application time: 0.5546839 seconds
[842.480s][info ][safepoint    ] Entering safepoint region: GenCollectForAllocation
[842.480s][info ][gc,start     ] GC(492) Pause Young (Allocation Failure)
[842.480s][info ][gc,task      ] GC(492) Using 4 workers of 4 for evacuation
[842.483s][debug][gc,ref       ] GC(492) Skipped phase1 of Reference Processing due to unavailable references
[842.483s][debug][gc,ref       ] GC(492) Skipped phase2 of Reference Processing due to unavailable references
[842.483s][debug][gc,ref       ] GC(492) Skipped phase3 of Reference Processing due to unavailable references
[842.483s][debug][gc,ref       ] GC(492) Skipped phase4 of Reference Processing due to unavailable references
[842.483s][debug][gc,age       ] GC(492) Desired survivor size 15400960 bytes, new threshold 6 (max threshold 6)
[842.483s][info ][gc,heap      ] GC(492) ParNew: 242726K->1955K(270976K)
[842.483s][info ][gc,heap      ] GC(492) CMS: 341722K->341886K(602112K)
[842.483s][info ][gc,metaspace ] GC(492) Metaspace: 62177K->62177K(1105920K)
[842.483s][info ][gc           ] GC(492) Pause Young (Allocation Failure) 570M->335M(852M) 3.449ms
[842.483s][info ][gc,cpu       ] GC(492) User=0.01s Sys=0.01s Real=0.01s
[842.483s][info ][safepoint    ] Leaving safepoint region
[842.483s][info ][safepoint    ] Total time for which application threads were stopped: 0.0035944 seconds, Stopping threads took: 0.0000150 seconds
[846.123s][info ][safepoint    ] Application time: 3.6398423 seconds
[846.123s][info ][safepoint    ] Entering safepoint region: GenCollectForAllocation
[846.123s][info ][gc,start     ] GC(493) Pause Young (Allocation Failure)
[846.123s][info ][gc,task      ] GC(493) Using 4 workers of 4 for evacuation
[846.127s][debug][gc,ref       ] GC(493) Skipped phase1 of Reference Processing due to unavailable references
[846.127s][debug][gc,ref       ] GC(493) Skipped phase2 of Reference Processing due to unavailable references
[846.127s][debug][gc,ref       ] GC(493) Skipped phase3 of Reference Processing due to unavailable references
[846.127s][debug][gc,ref       ] GC(493) Skipped phase4 of Reference Processing due to unavailable references
[846.127s][debug][gc,age       ] GC(493) Desired survivor size 15400960 bytes, new threshold 6 (max threshold 6)
[846.127s][info ][gc,heap      ] GC(493) ParNew: 242851K->1548K(270976K)
[846.127s][info ][gc,heap      ] GC(493) CMS: 341886K->341973K(602112K)
[846.127s][info ][gc,metaspace ] GC(493) Metaspace: 62188K->62188K(1105920K)
[846.127s][info ][gc           ] GC(493) Pause Young (Allocation Failure) 571M->335M(852M) 4.120ms
[846.127s][info ][gc,cpu       ] GC(493) User=0.01s Sys=0.01s Real=0.00s
[846.128s][info ][safepoint    ] Leaving safepoint region
[846.128s][info ][safepoint    ] Total time for which application threads were stopped: 0.0044428 seconds, Stopping threads took: 0.0000890 seconds
[849.776s][info ][safepoint    ] Application time: 3.6484258 seconds
[849.776s][info ][safepoint    ] Entering safepoint region: GenCollectForAllocation
[849.776s][info ][gc,start     ] GC(494) Pause Young (Allocation Failure)
[849.776s][info ][gc,task      ] GC(494) Using 4 workers of 4 for evacuation
[849.786s][debug][gc,ref       ] GC(494) Skipped phase1 of Reference Processing due to unavailable references
[849.786s][debug][gc,ref       ] GC(494) Skipped phase2 of Reference Processing due to unavailable references
[849.786s][debug][gc,ref       ] GC(494) Skipped phase3 of Reference Processing due to unavailable references
[849.786s][debug][gc,ref       ] GC(494) Skipped phase4 of Reference Processing due to unavailable references
[849.786s][debug][gc,age       ] GC(494) Desired survivor size 15400960 bytes, new threshold 6 (max threshold 6)
[849.786s][info ][gc,heap      ] GC(494) ParNew: 242444K->1890K(270976K)
[849.786s][info ][gc,heap      ] GC(494) CMS: 341973K->342051K(602112K)
[849.786s][info ][gc,metaspace ] GC(494) Metaspace: 62189K->62189K(1105920K)
[849.786s][info ][gc           ] GC(494) Pause Young (Allocation Failure) 570M->335M(852M) 10.215ms
[849.786s][info ][gc,cpu       ] GC(494) User=0.02s Sys=0.02s Real=0.01s
[849.786s][info ][safepoint    ] Leaving safepoint region
[849.786s][info ][safepoint    ] Total time for which application threads were stopped: 0.0103683 seconds, Stopping threads took: 0.0000160 seconds
[853.531s][info ][safepoint    ] Application time: 3.7450875 seconds
[853.532s][info ][safepoint    ] Entering safepoint region: GenCollectForAllocation
[853.532s][info ][gc,start     ] GC(495) Pause Young (Allocation Failure)
[853.532s][info ][gc,task      ] GC(495) Using 4 workers of 4 for evacuation
[853.534s][debug][gc,ref       ] GC(495) Skipped phase1 of Reference Processing due to unavailable references
[853.534s][debug][gc,ref       ] GC(495) Skipped phase2 of Reference Processing due to unavailable references
[853.534s][debug][gc,ref       ] GC(495) Skipped phase3 of Reference Processing due to unavailable references
[853.534s][debug][gc,ref       ] GC(495) Skipped phase4 of Reference Processing due to unavailable references
[853.534s][debug][gc,age       ] GC(495) Desired survivor size 15400960 bytes, new threshold 6 (max threshold 6)
[853.534s][info ][gc,heap      ] GC(495) ParNew: 242786K->1514K(270976K)
[853.534s][info ][gc,heap      ] GC(495) CMS: 342051K->342187K(602112K)
[853.534s][info ][gc,metaspace ] GC(495) Metaspace: 62189K->62189K(1105920K)
[853.535s][info ][gc           ] GC(495) Pause Young (Allocation Failure) 571M->335M(852M) 2.892ms
[853.535s][info ][gc,cpu       ] GC(495) User=0.02s Sys=0.00s Real=0.00s
[853.535s][info ][safepoint    ] Leaving safepoint region
[853.535s][info ][safepoint    ] Total time for which application threads were stopped: 0.0030532 seconds, Stopping threads took: 0.0000151 seconds
[857.322s][info ][safepoint    ] Application time: 3.7878051 seconds
[857.322s][info ][safepoint    ] Entering safepoint region: GenCollectForAllocation
[857.323s][info ][gc,start     ] GC(496) Pause Young (Allocation Failure)
[857.323s][info ][gc,task      ] GC(496) Using 4 workers of 4 for evacuation
[857.325s][debug][gc,ref       ] GC(496) Skipped phase1 of Reference Processing due to unavailable references
[857.326s][debug][gc,ref       ] GC(496) Skipped phase2 of Reference Processing due to unavailable references
[857.326s][debug][gc,ref       ] GC(496) Skipped phase3 of Reference Processing due to unavailable references
[857.326s][debug][gc,ref       ] GC(496) Skipped phase4 of Reference Processing due to unavailable references
[857.326s][debug][gc,age       ] GC(496) Desired survivor size 15400960 bytes, new threshold 6 (max threshold 6)
[857.326s][info ][gc,heap      ] GC(496) ParNew: 242410K->1599K(270976K)
[857.326s][info ][gc,heap      ] GC(496) CMS: 342187K->342323K(602112K)
[857.326s][info ][gc,metaspace ] GC(496) Metaspace: 62189K->62189K(1105920K)
[857.326s][info ][gc           ] GC(496) Pause Young (Allocation Failure) 570M->335M(852M) 3.205ms
[857.326s][info ][gc,cpu       ] GC(496) User=0.01s Sys=0.00s Real=0.00s
[857.326s][info ][safepoint    ] Leaving safepoint region
[857.326s][info ][safepoint    ] Total time for which application threads were stopped: 0.0033767 seconds, Stopping threads took: 0.0000125 seconds
[861.019s][info ][safepoint    ] Application time: 3.6935046 seconds
[861.019s][info ][safepoint    ] Entering safepoint region: GenCollectForAllocation
[861.019s][info ][gc,start     ] GC(497) Pause Young (Allocation Failure)
[861.019s][info ][gc,task      ] GC(497) Using 4 workers of 4 for evacuation
[861.022s][debug][gc,ref       ] GC(497) Skipped phase1 of Reference Processing due to unavailable references
[861.022s][debug][gc,ref       ] GC(497) Skipped phase2 of Reference Processing due to unavailable references
[861.022s][debug][gc,ref       ] GC(497) Skipped phase3 of Reference Processing due to unavailable references
[861.022s][debug][gc,ref       ] GC(497) Skipped phase4 of Reference Processing due to unavailable references
[861.022s][debug][gc,age       ] GC(497) Desired survivor size 15400960 bytes, new threshold 6 (max threshold 6)
[861.022s][info ][gc,heap      ] GC(497) ParNew: 242495K->1746K(270976K)
[861.022s][info ][gc,heap      ] GC(497) CMS: 342323K->342359K(602112K)
[861.022s][info ][gc,metaspace ] GC(497) Metaspace: 62189K->62189K(1105920K)
[861.022s][info ][gc           ] GC(497) Pause Young (Allocation Failure) 571M->336M(852M) 2.867ms
[861.022s][info ][gc,cpu       ] GC(497) User=0.01s Sys=0.00s Real=0.01s
[861.022s][info ][safepoint    ] Leaving safepoint region
[861.022s][info ][safepoint    ] Total time for which application threads were stopped: 0.0030278 seconds, Stopping threads took: 0.0000443 seconds
[863.023s][info ][safepoint    ] Application time: 2.0002504 seconds
[863.023s][info ][safepoint    ] Entering safepoint region: Cleanup
[863.023s][info ][safepoint    ] Leaving safepoint region
[863.023s][info ][safepoint    ] Total time for which application threads were stopped: 0.0001061 seconds, Stopping threads took: 0.0000459 seconds
[864.725s][info ][safepoint    ] Application time: 1.7022166 seconds
[864.725s][info ][safepoint    ] Entering safepoint region: GenCollectForAllocation
[864.725s][info ][gc,start     ] GC(498) Pause Young (Allocation Failure)
[864.725s][info ][gc,task      ] GC(498) Using 4 workers of 4 for evacuation
[864.731s][debug][gc,ref       ] GC(498) Skipped phase1 of Reference Processing due to unavailable references
[864.732s][debug][gc,ref       ] GC(498) Skipped phase2 of Reference Processing due to unavailable references
[864.732s][debug][gc,ref       ] GC(498) Skipped phase3 of Reference Processing due to unavailable references
[864.732s][debug][gc,ref       ] GC(498) Skipped phase4 of Reference Processing due to unavailable references
[864.732s][debug][gc,age       ] GC(498) Desired survivor size 15400960 bytes, new threshold 6 (max threshold 6)
[864.732s][info ][gc,heap      ] GC(498) ParNew: 242642K->1165K(270976K)
[864.732s][info ][gc,heap      ] GC(498) CMS: 342359K->342862K(602112K)
[864.732s][info ][gc,metaspace ] GC(498) Metaspace: 62189K->62189K(1105920K)
[864.732s][info ][gc           ] GC(498) Pause Young (Allocation Failure) 571M->335M(852M) 6.663ms
[864.732s][info ][gc,cpu       ] GC(498) User=0.01s Sys=0.01s Real=0.01s
[864.732s][info ][safepoint    ] Leaving safepoint region
[864.732s][info ][safepoint    ] Total time for which application threads were stopped: 0.0068119 seconds, Stopping threads took: 0.0000161 seconds
[865.732s][info ][safepoint    ] Application time: 1.0001294 seconds
[865.732s][info ][safepoint    ] Entering safepoint region: Cleanup
[865.732s][info ][safepoint    ] Leaving safepoint region
[865.732s][info ][safepoint    ] Total time for which application threads were stopped: 0.0000751 seconds, Stopping threads took: 0.0000156 seconds
[867.732s][info ][safepoint    ] Application time: 2.0001935 seconds
[867.732s][info ][safepoint    ] Entering safepoint region: Cleanup
[867.732s][info ][safepoint    ] Leaving safepoint region
[867.732s][info ][safepoint    ] Total time for which application threads were stopped: 0.0000733 seconds, Stopping threads took: 0.0000153 seconds
[868.527s][info ][safepoint    ] Application time: 0.7946570 seconds
[868.527s][info ][safepoint    ] Entering safepoint region: GenCollectForAllocation
[868.527s][info ][gc,start     ] GC(499) Pause Young (Allocation Failure)
[868.527s][info ][gc,task      ] GC(499) Using 4 workers of 4 for evacuation
[868.529s][debug][gc,ref       ] GC(499) Skipped phase1 of Reference Processing due to unavailable references
[868.529s][debug][gc,ref       ] GC(499) Skipped phase2 of Reference Processing due to unavailable references
[868.529s][debug][gc,ref       ] GC(499) Skipped phase3 of Reference Processing due to unavailable references
[868.529s][debug][gc,ref       ] GC(499) Skipped phase4 of Reference Processing due to unavailable references
[868.530s][debug][gc,age       ] GC(499) Desired survivor size 15400960 bytes, new threshold 6 (max threshold 6)
[868.530s][info ][gc,heap      ] GC(499) ParNew: 242061K->1284K(270976K)
[868.530s][info ][gc,heap      ] GC(499) CMS: 342862K->342906K(602112K)
[868.530s][info ][gc,metaspace ] GC(499) Metaspace: 62189K->62189K(1105920K)
[868.530s][info ][gc           ] GC(499) Pause Young (Allocation Failure) 571M->336M(852M) 2.453ms
[868.530s][info ][gc,cpu       ] GC(499) User=0.01s Sys=0.00s Real=0.01s
[868.530s][info ][safepoint    ] Leaving safepoint region
[868.530s][info ][safepoint    ] Total time for which application threads were stopped: 0.0026251 seconds, Stopping threads took: 0.0000163 seconds
[872.326s][info ][safepoint    ] Application time: 3.7959385 seconds
[872.326s][info ][safepoint    ] Entering safepoint region: GenCollectForAllocation
[872.326s][info ][gc,start     ] GC(500) Pause Young (Allocation Failure)
[872.326s][info ][gc,task      ] GC(500) Using 4 workers of 4 for evacuation
[872.329s][debug][gc,ref       ] GC(500) Skipped phase1 of Reference Processing due to unavailable references
[872.329s][debug][gc,ref       ] GC(500) Skipped phase2 of Reference Processing due to unavailable references
[872.329s][debug][gc,ref       ] GC(500) Skipped phase3 of Reference Processing due to unavailable references
[872.329s][debug][gc,ref       ] GC(500) Skipped phase4 of Reference Processing due to unavailable references
[872.329s][debug][gc,age       ] GC(500) Desired survivor size 15400960 bytes, new threshold 6 (max threshold 6)
[872.329s][info ][gc,heap      ] GC(500) ParNew: 242180K->868K(270976K)
[872.329s][info ][gc,heap      ] GC(500) CMS: 342906K->343048K(602112K)
[872.329s][info ][gc,metaspace ] GC(500) Metaspace: 62189K->62189K(1105920K)
[872.329s][info ][gc           ] GC(500) Pause Young (Allocation Failure) 571M->335M(852M) 3.347ms
[872.329s][info ][gc,cpu       ] GC(500) User=0.01s Sys=0.00s Real=0.01s
[872.329s][info ][safepoint    ] Leaving safepoint region
[872.329s][info ][safepoint    ] Total time for which application threads were stopped: 0.0036385 seconds, Stopping threads took: 0.0000402 seconds
[875.330s][info ][safepoint    ] Application time: 3.0003513 seconds
[875.330s][info ][safepoint    ] Entering safepoint region: Cleanup
[875.330s][info ][safepoint    ] Leaving safepoint region
[875.330s][info ][safepoint    ] Total time for which application threads were stopped: 0.0001432 seconds, Stopping threads took: 0.0000472 seconds
[876.122s][info ][safepoint    ] Application time: 0.7917104 seconds
[876.122s][info ][safepoint    ] Entering safepoint region: GenCollectForAllocation
[876.122s][info ][gc,start     ] GC(501) Pause Young (Allocation Failure)
[876.122s][info ][gc,task      ] GC(501) Using 4 workers of 4 for evacuation
[876.125s][debug][gc,ref       ] GC(501) Skipped phase1 of Reference Processing due to unavailable references
[876.125s][debug][gc,ref       ] GC(501) Skipped phase2 of Reference Processing due to unavailable references
[876.125s][debug][gc,ref       ] GC(501) Skipped phase3 of Reference Processing due to unavailable references
[876.125s][debug][gc,ref       ] GC(501) Skipped phase4 of Reference Processing due to unavailable references
[876.125s][debug][gc,age       ] GC(501) Desired survivor size 15400960 bytes, new threshold 6 (max threshold 6)
[876.125s][info ][gc,heap      ] GC(501) ParNew: 241764K->960K(270976K)
[876.125s][info ][gc,heap      ] GC(501) CMS: 343048K->343100K(602112K)
[876.125s][info ][gc,metaspace ] GC(501) Metaspace: 62189K->62189K(1105920K)
[876.125s][info ][gc           ] GC(501) Pause Young (Allocation Failure) 571M->335M(852M) 3.792ms
[876.125s][info ][gc,cpu       ] GC(501) User=0.01s Sys=0.00s Real=0.00s
[876.126s][info ][safepoint    ] Leaving safepoint region
[876.126s][info ][safepoint    ] Total time for which application threads were stopped: 0.0039619 seconds, Stopping threads took: 0.0000155 seconds
[879.774s][info ][safepoint    ] Application time: 3.6482920 seconds
[879.774s][info ][safepoint    ] Entering safepoint region: GenCollectForAllocation
[879.774s][info ][gc,start     ] GC(502) Pause Young (Allocation Failure)
[879.774s][info ][gc,task      ] GC(502) Using 4 workers of 4 for evacuation
[879.776s][debug][gc,ref       ] GC(502) Skipped phase1 of Reference Processing due to unavailable references
[879.777s][debug][gc,ref       ] GC(502) Skipped phase2 of Reference Processing due to unavailable references
[879.777s][debug][gc,ref       ] GC(502) Skipped phase3 of Reference Processing due to unavailable references
[879.777s][debug][gc,ref       ] GC(502) Skipped phase4 of Reference Processing due to unavailable references
[879.777s][debug][gc,age       ] GC(502) Desired survivor size 15400960 bytes, new threshold 6 (max threshold 6)
[879.777s][info ][gc,heap      ] GC(502) ParNew: 241856K->1080K(270976K)
[879.777s][info ][gc,heap      ] GC(502) CMS: 343100K->343174K(602112K)
[879.777s][info ][gc,metaspace ] GC(502) Metaspace: 62190K->62190K(1105920K)
[879.777s][info ][gc           ] GC(502) Pause Young (Allocation Failure) 571M->336M(852M) 2.757ms
[879.777s][info ][gc,cpu       ] GC(502) User=0.01s Sys=0.00s Real=0.00s
[879.777s][info ][safepoint    ] Leaving safepoint region
[879.777s][info ][safepoint    ] Total time for which application threads were stopped: 0.0029109 seconds, Stopping threads took: 0.0000161 seconds
[883.570s][info ][safepoint    ] Application time: 3.7930733 seconds
[883.570s][info ][safepoint    ] Entering safepoint region: GenCollectForAllocation
[883.570s][info ][gc,start     ] GC(503) Pause Young (Allocation Failure)
[883.570s][info ][gc,task      ] GC(503) Using 4 workers of 4 for evacuation
[883.572s][debug][gc,ref       ] GC(503) Skipped phase1 of Reference Processing due to unavailable references
[883.572s][debug][gc,ref       ] GC(503) Skipped phase2 of Reference Processing due to unavailable references
[883.572s][debug][gc,ref       ] GC(503) Skipped phase3 of Reference Processing due to unavailable references
[883.572s][debug][gc,ref       ] GC(503) Skipped phase4 of Reference Processing due to unavailable references
[883.573s][debug][gc,age       ] GC(503) Desired survivor size 15400960 bytes, new threshold 6 (max threshold 6)
[883.573s][info ][gc,heap      ] GC(503) ParNew: 241976K->1122K(270976K)
[883.573s][info ][gc,heap      ] GC(503) CMS: 343174K->343218K(602112K)
[883.573s][info ][gc,metaspace ] GC(503) Metaspace: 62192K->62192K(1105920K)
[883.573s][info ][gc           ] GC(503) Pause Young (Allocation Failure) 571M->336M(852M) 2.648ms
[883.573s][info ][gc,cpu       ] GC(503) User=0.01s Sys=0.00s Real=0.00s
[883.573s][info ][safepoint    ] Leaving safepoint region
[883.573s][info ][safepoint    ] Total time for which application threads were stopped: 0.0028072 seconds, Stopping threads took: 0.0000157 seconds
[884.573s][info ][safepoint    ] Application time: 1.0001285 seconds
[884.573s][info ][safepoint    ] Entering safepoint region: Cleanup
[884.573s][info ][safepoint    ] Leaving safepoint region
[884.573s][info ][safepoint    ] Total time for which application threads were stopped: 0.0001465 seconds, Stopping threads took: 0.0000664 seconds
[887.322s][info ][safepoint    ] Application time: 2.7491669 seconds
[887.322s][info ][safepoint    ] Entering safepoint region: GenCollectForAllocation
[887.322s][info ][gc,start     ] GC(504) Pause Young (Allocation Failure)
[887.322s][info ][gc,task      ] GC(504) Using 4 workers of 4 for evacuation
[887.325s][debug][gc,ref       ] GC(504) Skipped phase1 of Reference Processing due to unavailable references
[887.325s][debug][gc,ref       ] GC(504) Skipped phase2 of Reference Processing due to unavailable references
[887.325s][debug][gc,ref       ] GC(504) Skipped phase3 of Reference Processing due to unavailable references
[887.325s][debug][gc,ref       ] GC(504) Skipped phase4 of Reference Processing due to unavailable references
[887.325s][debug][gc,age       ] GC(504) Desired survivor size 15400960 bytes, new threshold 6 (max threshold 6)
[887.325s][info ][gc,heap      ] GC(504) ParNew: 242018K->1112K(270976K)
[887.325s][info ][gc,heap      ] GC(504) CMS: 343218K->343288K(602112K)
[887.325s][info ][gc,metaspace ] GC(504) Metaspace: 62192K->62192K(1105920K)
[887.325s][info ][gc           ] GC(504) Pause Young (Allocation Failure) 571M->336M(852M) 2.552ms
[887.325s][info ][gc,cpu       ] GC(504) User=0.01s Sys=0.00s Real=0.00s
[887.325s][info ][safepoint    ] Leaving safepoint region
[887.325s][info ][safepoint    ] Total time for which application threads were stopped: 0.0027017 seconds, Stopping threads took: 0.0000158 seconds
[891.020s][info ][safepoint    ] Application time: 3.6952969 seconds
[891.020s][info ][safepoint    ] Entering safepoint region: GenCollectForAllocation
[891.020s][info ][gc,start     ] GC(505) Pause Young (Allocation Failure)
[891.020s][info ][gc,task      ] GC(505) Using 4 workers of 4 for evacuation
[891.023s][debug][gc,ref       ] GC(505) Skipped phase1 of Reference Processing due to unavailable references
[891.023s][debug][gc,ref       ] GC(505) Skipped phase2 of Reference Processing due to unavailable references
[891.023s][debug][gc,ref       ] GC(505) Skipped phase3 of Reference Processing due to unavailable references
[891.023s][debug][gc,ref       ] GC(505) Skipped phase4 of Reference Processing due to unavailable references
[891.024s][debug][gc,age       ] GC(505) Desired survivor size 15400960 bytes, new threshold 6 (max threshold 6)
[891.024s][info ][gc,heap      ] GC(505) ParNew: 242008K->1085K(270976K)
[891.024s][info ][gc,heap      ] GC(505) CMS: 343288K->343356K(602112K)
[891.024s][info ][gc,metaspace ] GC(505) Metaspace: 62193K->62193K(1105920K)
[891.024s][info ][gc           ] GC(505) Pause Young (Allocation Failure) 571M->336M(852M) 3.247ms
[891.024s][info ][gc,cpu       ] GC(505) User=0.01s Sys=0.00s Real=0.00s
[891.024s][info ][safepoint    ] Leaving safepoint region
[891.024s][info ][safepoint    ] Total time for which application threads were stopped: 0.0034190 seconds, Stopping threads took: 0.0000466 seconds
[892.024s][info ][safepoint    ] Application time: 1.0001416 seconds
[892.024s][info ][safepoint    ] Entering safepoint region: Cleanup
[892.024s][info ][safepoint    ] Leaving safepoint region
[892.024s][info ][safepoint    ] Total time for which application threads were stopped: 0.0001641 seconds, Stopping threads took: 0.0000488 seconds
[894.778s][info ][safepoint    ] Application time: 2.7535328 seconds
[894.778s][info ][safepoint    ] Entering safepoint region: GenCollectForAllocation
[894.778s][info ][gc,start     ] GC(506) Pause Young (Allocation Failure)
[894.778s][info ][gc,task      ] GC(506) Using 4 workers of 4 for evacuation
[894.781s][debug][gc,ref       ] GC(506) Skipped phase1 of Reference Processing due to unavailable references
[894.781s][debug][gc,ref       ] GC(506) Skipped phase2 of Reference Processing due to unavailable references
[894.781s][debug][gc,ref       ] GC(506) Skipped phase3 of Reference Processing due to unavailable references
[894.781s][debug][gc,ref       ] GC(506) Skipped phase4 of Reference Processing due to unavailable references
[894.781s][debug][gc,age       ] GC(506) Desired survivor size 15400960 bytes, new threshold 6 (max threshold 6)
[894.781s][info ][gc,heap      ] GC(506) ParNew: 241981K->1647K(270976K)
[894.781s][info ][gc,heap      ] GC(506) CMS: 343356K->343488K(602112K)
[894.781s][info ][gc,metaspace ] GC(506) Metaspace: 62193K->62193K(1105920K)
[894.781s][info ][gc           ] GC(506) Pause Young (Allocation Failure) 571M->337M(852M) 3.078ms
[894.781s][info ][gc,cpu       ] GC(506) User=0.01s Sys=0.00s Real=0.01s
[894.781s][info ][safepoint    ] Leaving safepoint region
[894.781s][info ][safepoint    ] Total time for which application threads were stopped: 0.0032398 seconds, Stopping threads took: 0.0000170 seconds
[898.420s][info ][safepoint    ] Application time: 3.6390388 seconds
[898.420s][info ][safepoint    ] Entering safepoint region: GenCollectForAllocation
[898.420s][info ][gc,start     ] GC(507) Pause Young (Allocation Failure)
[898.420s][info ][gc,task      ] GC(507) Using 4 workers of 4 for evacuation
[898.424s][debug][gc,ref       ] GC(507) Skipped phase1 of Reference Processing due to unavailable references
[898.424s][debug][gc,ref       ] GC(507) Skipped phase2 of Reference Processing due to unavailable references
[898.424s][debug][gc,ref       ] GC(507) Skipped phase3 of Reference Processing due to unavailable references
[898.424s][debug][gc,ref       ] GC(507) Skipped phase4 of Reference Processing due to unavailable references
[898.425s][debug][gc,age       ] GC(507) Desired survivor size 15400960 bytes, new threshold 6 (max threshold 6)
[898.425s][info ][gc,heap      ] GC(507) ParNew: 242543K->1329K(270976K)
[898.425s][info ][gc,heap      ] GC(507) CMS: 343488K->343566K(602112K)
[898.425s][info ][gc,metaspace ] GC(507) Metaspace: 62193K->62193K(1105920K)
[898.425s][info ][gc           ] GC(507) Pause Young (Allocation Failure) 572M->336M(852M) 4.339ms
[898.425s][info ][gc,cpu       ] GC(507) User=0.02s Sys=0.00s Real=0.00s
[898.425s][info ][safepoint    ] Leaving safepoint region
[898.425s][info ][safepoint    ] Total time for which application threads were stopped: 0.0046290 seconds, Stopping threads took: 0.0000730 seconds
[902.129s][info ][safepoint    ] Application time: 3.7047817 seconds
[902.129s][info ][safepoint    ] Entering safepoint region: GenCollectForAllocation
[902.130s][info ][gc,start     ] GC(508) Pause Young (Allocation Failure)
[902.130s][info ][gc,task      ] GC(508) Using 4 workers of 4 for evacuation
[902.133s][debug][gc,ref       ] GC(508) Skipped phase1 of Reference Processing due to unavailable references
[902.133s][debug][gc,ref       ] GC(508) Skipped phase2 of Reference Processing due to unavailable references
[902.133s][debug][gc,ref       ] GC(508) Skipped phase3 of Reference Processing due to unavailable references
[902.133s][debug][gc,ref       ] GC(508) Skipped phase4 of Reference Processing due to unavailable references
[902.133s][debug][gc,age       ] GC(508) Desired survivor size 15400960 bytes, new threshold 6 (max threshold 6)
[902.133s][info ][gc,heap      ] GC(508) ParNew: 242225K->1340K(270976K)
[902.133s][info ][gc,heap      ] GC(508) CMS: 343566K->343629K(602112K)
[902.133s][info ][gc,metaspace ] GC(508) Metaspace: 62195K->62195K(1105920K)
[902.133s][info ][gc           ] GC(508) Pause Young (Allocation Failure) 572M->336M(852M) 3.421ms
[902.133s][info ][gc,cpu       ] GC(508) User=0.01s Sys=0.00s Real=0.00s
[902.133s][info ][safepoint    ] Leaving safepoint region
[902.133s][info ][safepoint    ] Total time for which application threads were stopped: 0.0036048 seconds, Stopping threads took: 0.0000165 seconds
[905.133s][info ][safepoint    ] Application time: 3.0003158 seconds
[905.133s][info ][safepoint    ] Entering safepoint region: Cleanup
[905.133s][info ][safepoint    ] Leaving safepoint region
[905.134s][info ][safepoint    ] Total time for which application threads were stopped: 0.0000748 seconds, Stopping threads took: 0.0000153 seconds
[905.832s][info ][safepoint    ] Application time: 0.6981868 seconds
[905.832s][info ][safepoint    ] Entering safepoint region: GenCollectForAllocation
[905.832s][info ][gc,start     ] GC(509) Pause Young (Allocation Failure)
[905.832s][info ][gc,task      ] GC(509) Using 4 workers of 4 for evacuation
[905.835s][debug][gc,ref       ] GC(509) Skipped phase1 of Reference Processing due to unavailable references
[905.835s][debug][gc,ref       ] GC(509) Skipped phase2 of Reference Processing due to unavailable references
[905.835s][debug][gc,ref       ] GC(509) Skipped phase3 of Reference Processing due to unavailable references
[905.835s][debug][gc,ref       ] GC(509) Skipped phase4 of Reference Processing due to unavailable references
[905.835s][debug][gc,age       ] GC(509) Desired survivor size 15400960 bytes, new threshold 6 (max threshold 6)
[905.835s][info ][gc,heap      ] GC(509) ParNew: 242236K->1437K(270976K)
[905.835s][info ][gc,heap      ] GC(509) CMS: 343629K->343690K(602112K)
[905.835s][info ][gc,metaspace ] GC(509) Metaspace: 62196K->62196K(1105920K)
[905.835s][info ][gc           ] GC(509) Pause Young (Allocation Failure) 572M->337M(852M) 2.995ms
[905.835s][info ][gc,cpu       ] GC(509) User=0.02s Sys=0.00s Real=0.00s
[905.835s][info ][safepoint    ] Leaving safepoint region
[905.835s][info ][safepoint    ] Total time for which application threads were stopped: 0.0031411 seconds, Stopping threads took: 0.0000131 seconds
[909.620s][info ][safepoint    ] Application time: 3.7855277 seconds
[909.620s][info ][safepoint    ] Entering safepoint region: GenCollectForAllocation
[909.621s][info ][gc,start     ] GC(510) Pause Young (Allocation Failure)
[909.621s][info ][gc,task      ] GC(510) Using 4 workers of 4 for evacuation
[909.623s][debug][gc,ref       ] GC(510) Skipped phase1 of Reference Processing due to unavailable references
[909.623s][debug][gc,ref       ] GC(510) Skipped phase2 of Reference Processing due to unavailable references
[909.623s][debug][gc,ref       ] GC(510) Skipped phase3 of Reference Processing due to unavailable references
[909.623s][debug][gc,ref       ] GC(510) Skipped phase4 of Reference Processing due to unavailable references
[909.623s][debug][gc,age       ] GC(510) Desired survivor size 15400960 bytes, new threshold 6 (max threshold 6)
[909.623s][info ][gc,heap      ] GC(510) ParNew: 242333K->1555K(270976K)
[909.623s][info ][gc,heap      ] GC(510) CMS: 343690K->343728K(602112K)
[909.623s][info ][gc,metaspace ] GC(510) Metaspace: 62196K->62196K(1105920K)
[909.623s][info ][gc           ] GC(510) Pause Young (Allocation Failure) 572M->337M(852M) 2.802ms
[909.623s][info ][gc,cpu       ] GC(510) User=0.01s Sys=0.00s Real=0.00s
[909.624s][info ][safepoint    ] Leaving safepoint region
[909.624s][info ][safepoint    ] Total time for which application threads were stopped: 0.0030772 seconds, Stopping threads took: 0.0000208 seconds
[913.422s][info ][safepoint    ] Application time: 3.7983440 seconds
[913.422s][info ][safepoint    ] Entering safepoint region: GenCollectForAllocation
[913.422s][info ][gc,start     ] GC(511) Pause Young (Allocation Failure)
[913.422s][info ][gc,task      ] GC(511) Using 4 workers of 4 for evacuation
[913.425s][debug][gc,ref       ] GC(511) Skipped phase1 of Reference Processing due to unavailable references
[913.425s][debug][gc,ref       ] GC(511) Skipped phase2 of Reference Processing due to unavailable references
[913.425s][debug][gc,ref       ] GC(511) Skipped phase3 of Reference Processing due to unavailable references
[913.425s][debug][gc,ref       ] GC(511) Skipped phase4 of Reference Processing due to unavailable references
[913.425s][debug][gc,age       ] GC(511) Desired survivor size 15400960 bytes, new threshold 6 (max threshold 6)
[913.425s][info ][gc,heap      ] GC(511) ParNew: 242451K->1505K(270976K)
[913.425s][info ][gc,heap      ] GC(511) CMS: 343728K->343850K(602112K)
[913.425s][info ][gc,metaspace ] GC(511) Metaspace: 62197K->62197K(1105920K)
[913.425s][info ][gc           ] GC(511) Pause Young (Allocation Failure) 572M->337M(852M) 2.801ms
[913.425s][info ][gc,cpu       ] GC(511) User=0.01s Sys=0.00s Real=0.00s
[913.425s][info ][safepoint    ] Leaving safepoint region
[913.425s][info ][safepoint    ] Total time for which application threads were stopped: 0.0029464 seconds, Stopping threads took: 0.0000156 seconds
[915.425s][info ][safepoint    ] Application time: 2.0001553 seconds
[915.425s][info ][safepoint    ] Entering safepoint region: Cleanup
[915.425s][info ][safepoint    ] Leaving safepoint region
[915.425s][info ][safepoint    ] Total time for which application threads were stopped: 0.0001298 seconds, Stopping threads took: 0.0000647 seconds
[917.226s][info ][safepoint    ] Application time: 1.8009982 seconds
[917.226s][info ][safepoint    ] Entering safepoint region: GenCollectForAllocation
[917.226s][info ][gc,start     ] GC(512) Pause Young (Allocation Failure)
[917.226s][info ][gc,task      ] GC(512) Using 4 workers of 4 for evacuation
[917.231s][debug][gc,ref       ] GC(512) Skipped phase1 of Reference Processing due to unavailable references
[917.231s][debug][gc,ref       ] GC(512) Skipped phase2 of Reference Processing due to unavailable references
[917.231s][debug][gc,ref       ] GC(512) Skipped phase3 of Reference Processing due to unavailable references
[917.231s][debug][gc,ref       ] GC(512) Skipped phase4 of Reference Processing due to unavailable references
[917.231s][debug][gc,age       ] GC(512) Desired survivor size 15400960 bytes, new threshold 6 (max threshold 6)
[917.232s][info ][gc,heap      ] GC(512) ParNew: 242401K->1596K(270976K)
[917.232s][info ][gc,heap      ] GC(512) CMS: 343850K->344127K(602112K)
[917.232s][info ][gc,metaspace ] GC(512) Metaspace: 62197K->62197K(1105920K)
[917.232s][info ][gc           ] GC(512) Pause Young (Allocation Failure) 572M->337M(852M) 5.207ms
[917.232s][info ][gc,cpu       ] GC(512) User=0.02s Sys=0.01s Real=0.01s
[917.232s][info ][safepoint    ] Leaving safepoint region
[917.232s][info ][safepoint    ] Total time for which application threads were stopped: 0.0053544 seconds, Stopping threads took: 0.0000163 seconds
[920.839s][info ][safepoint    ] Application time: 3.6072824 seconds
[920.839s][info ][safepoint    ] Entering safepoint region: GenCollectForAllocation
[920.839s][info ][gc,start     ] GC(513) Pause Young (Allocation Failure)
[920.839s][info ][gc,task      ] GC(513) Using 4 workers of 4 for evacuation
[920.843s][debug][gc,ref       ] GC(513) Skipped phase1 of Reference Processing due to unavailable references
[920.843s][debug][gc,ref       ] GC(513) Skipped phase3 of Reference Processing due to unavailable references
[920.843s][debug][gc,age       ] GC(513) Desired survivor size 15400960 bytes, new threshold 6 (max threshold 6)
[920.843s][info ][gc,heap      ] GC(513) ParNew: 242492K->5326K(270976K)
[920.843s][info ][gc,heap      ] GC(513) CMS: 344127K->344179K(602112K)
[920.843s][info ][gc,metaspace ] GC(513) Metaspace: 62200K->62200K(1105920K)
[920.843s][info ][gc           ] GC(513) Pause Young (Allocation Failure) 572M->341M(852M) 4.081ms
[920.843s][info ][gc,cpu       ] GC(513) User=0.01s Sys=0.00s Real=0.01s
[920.843s][info ][safepoint    ] Leaving safepoint region
[920.843s][info ][safepoint    ] Total time for which application threads were stopped: 0.0042762 seconds, Stopping threads took: 0.0000203 seconds
[921.843s][info ][safepoint    ] Application time: 1.0001294 seconds
[921.843s][info ][safepoint    ] Entering safepoint region: Cleanup
[921.843s][info ][safepoint    ] Leaving safepoint region
[921.843s][info ][safepoint    ] Total time for which application threads were stopped: 0.0000795 seconds, Stopping threads took: 0.0000155 seconds
[922.844s][info ][safepoint    ] Application time: 1.0001056 seconds
[922.844s][info ][safepoint    ] Entering safepoint region: Cleanup
[922.844s][info ][safepoint    ] Leaving safepoint region
[922.844s][info ][safepoint    ] Total time for which application threads were stopped: 0.0001126 seconds, Stopping threads took: 0.0000191 seconds
[923.867s][info ][safepoint    ] Application time: 1.0236526 seconds
[923.867s][info ][safepoint    ] Entering safepoint region: GenCollectForAllocation
[923.868s][info ][gc,start     ] GC(514) Pause Young (Allocation Failure)
[923.868s][info ][gc,task      ] GC(514) Using 4 workers of 4 for evacuation
[923.870s][debug][gc,ref       ] GC(514) Skipped phase1 of Reference Processing due to unavailable references
[923.870s][debug][gc,ref       ] GC(514) Skipped phase3 of Reference Processing due to unavailable references
[923.871s][debug][gc,age       ] GC(514) Desired survivor size 15400960 bytes, new threshold 6 (max threshold 6)
[923.871s][info ][gc,heap      ] GC(514) ParNew: 246222K->3670K(270976K)
[923.871s][info ][gc,heap      ] GC(514) CMS: 344179K->344224K(602112K)
[923.871s][info ][gc,metaspace ] GC(514) Metaspace: 62201K->62201K(1105920K)
[923.871s][info ][gc           ] GC(514) Pause Young (Allocation Failure) 576M->339M(852M) 3.051ms
[923.871s][info ][gc,cpu       ] GC(514) User=0.01s Sys=0.00s Real=0.01s
[923.871s][info ][safepoint    ] Leaving safepoint region
[923.871s][info ][safepoint    ] Total time for which application threads were stopped: 0.0033093 seconds, Stopping threads took: 0.0000657 seconds
[927.476s][info ][safepoint    ] Application time: 3.6057115 seconds
[927.476s][info ][safepoint    ] Entering safepoint region: GenCollectForAllocation
[927.477s][info ][gc,start     ] GC(515) Pause Young (Allocation Failure)
[927.477s][info ][gc,task      ] GC(515) Using 4 workers of 4 for evacuation
[927.479s][debug][gc,ref       ] GC(515) Skipped phase1 of Reference Processing due to unavailable references
[927.479s][debug][gc,ref       ] GC(515) Skipped phase3 of Reference Processing due to unavailable references
[927.479s][debug][gc,age       ] GC(515) Desired survivor size 15400960 bytes, new threshold 6 (max threshold 6)
[927.479s][info ][gc,heap      ] GC(515) ParNew: 244566K->1325K(270976K)
[927.479s][info ][gc,heap      ] GC(515) CMS: 344224K->344491K(602112K)
[927.479s][info ][gc,metaspace ] GC(515) Metaspace: 62202K->62202K(1105920K)
[927.479s][info ][gc           ] GC(515) Pause Young (Allocation Failure) 574M->337M(852M) 2.771ms
[927.479s][info ][gc,cpu       ] GC(515) User=0.01s Sys=0.00s Real=0.00s
[927.479s][info ][safepoint    ] Leaving safepoint region
[927.479s][info ][safepoint    ] Total time for which application threads were stopped: 0.0029335 seconds, Stopping threads took: 0.0000198 seconds
[929.480s][info ][safepoint    ] Application time: 2.0002329 seconds
[929.480s][info ][safepoint    ] Entering safepoint region: Cleanup
[929.480s][info ][safepoint    ] Leaving safepoint region
[929.480s][info ][safepoint    ] Total time for which application threads were stopped: 0.0001545 seconds, Stopping threads took: 0.0000417 seconds
[931.128s][info ][safepoint    ] Application time: 1.6479584 seconds
[931.128s][info ][safepoint    ] Entering safepoint region: GenCollectForAllocation
[931.128s][info ][gc,start     ] GC(516) Pause Young (Allocation Failure)
[931.128s][info ][gc,task      ] GC(516) Using 4 workers of 4 for evacuation
[931.132s][debug][gc,ref       ] GC(516) Skipped phase1 of Reference Processing due to unavailable references
[931.132s][debug][gc,ref       ] GC(516) Skipped phase3 of Reference Processing due to unavailable references
[931.132s][debug][gc,age       ] GC(516) Desired survivor size 15400960 bytes, new threshold 6 (max threshold 6)
[931.132s][info ][gc,heap      ] GC(516) ParNew: 242221K->1504K(270976K)
[931.132s][info ][gc,heap      ] GC(516) CMS: 344491K->344664K(602112K)
[931.132s][info ][gc,metaspace ] GC(516) Metaspace: 62204K->62204K(1105920K)
[931.132s][info ][gc           ] GC(516) Pause Young (Allocation Failure) 572M->338M(852M) 4.000ms
[931.132s][info ][gc,cpu       ] GC(516) User=0.01s Sys=0.00s Real=0.01s
[931.132s][info ][safepoint    ] Leaving safepoint region
[931.132s][info ][safepoint    ] Total time for which application threads were stopped: 0.0041597 seconds, Stopping threads took: 0.0000171 seconds
[934.132s][info ][safepoint    ] Application time: 3.0002616 seconds
[934.132s][info ][safepoint    ] Entering safepoint region: Cleanup
[934.132s][info ][safepoint    ] Leaving safepoint region
[934.132s][info ][safepoint    ] Total time for which application threads were stopped: 0.0000752 seconds, Stopping threads took: 0.0000159 seconds
[934.778s][info ][safepoint    ] Application time: 0.6457650 seconds
[934.778s][info ][safepoint    ] Entering safepoint region: GenCollectForAllocation
[934.778s][info ][gc,start     ] GC(517) Pause Young (Allocation Failure)
[934.778s][info ][gc,task      ] GC(517) Using 4 workers of 4 for evacuation
[934.781s][debug][gc,ref       ] GC(517) Skipped phase1 of Reference Processing due to unavailable references
[934.781s][debug][gc,ref       ] GC(517) Skipped phase3 of Reference Processing due to unavailable references
[934.782s][debug][gc,age       ] GC(517) Desired survivor size 15400960 bytes, new threshold 6 (max threshold 6)
[934.782s][info ][gc,heap      ] GC(517) ParNew: 242400K->1712K(270976K)
[934.782s][info ][gc,heap      ] GC(517) CMS: 344664K->344774K(602112K)
[934.782s][info ][gc,metaspace ] GC(517) Metaspace: 62204K->62204K(1105920K)
[934.782s][info ][gc           ] GC(517) Pause Young (Allocation Failure) 573M->338M(852M) 3.494ms
[934.782s][info ][gc,cpu       ] GC(517) User=0.01s Sys=0.00s Real=0.01s
[934.782s][info ][safepoint    ] Leaving safepoint region
[934.782s][info ][safepoint    ] Total time for which application threads were stopped: 0.0036463 seconds, Stopping threads took: 0.0000168 seconds
[936.782s][info ][safepoint    ] Application time: 2.0001810 seconds
[936.782s][info ][safepoint    ] Entering safepoint region: Cleanup
[936.782s][info ][safepoint    ] Leaving safepoint region
[936.782s][info ][safepoint    ] Total time for which application threads were stopped: 0.0001101 seconds, Stopping threads took: 0.0000173 seconds
[937.782s][info ][safepoint    ] Application time: 1.0000961 seconds
[937.782s][info ][safepoint    ] Entering safepoint region: Cleanup
[937.782s][info ][safepoint    ] Leaving safepoint region
[937.782s][info ][safepoint    ] Total time for which application threads were stopped: 0.0000762 seconds, Stopping threads took: 0.0000160 seconds
[938.423s][info ][safepoint    ] Application time: 0.6411208 seconds
[938.424s][info ][safepoint    ] Entering safepoint region: GenCollectForAllocation
[938.424s][info ][gc,start     ] GC(518) Pause Young (Allocation Failure)
[938.424s][info ][gc,task      ] GC(518) Using 4 workers of 4 for evacuation
[938.427s][debug][gc,ref       ] GC(518) Skipped phase1 of Reference Processing due to unavailable references
[938.427s][debug][gc,ref       ] GC(518) Skipped phase3 of Reference Processing due to unavailable references
[938.427s][debug][gc,age       ] GC(518) Desired survivor size 15400960 bytes, new threshold 6 (max threshold 6)
[938.427s][info ][gc,heap      ] GC(518) ParNew: 242608K->1762K(270976K)
[938.427s][info ][gc,heap      ] GC(518) CMS: 344774K->344836K(602112K)
[938.427s][info ][gc,metaspace ] GC(518) Metaspace: 62204K->62204K(1105920K)
[938.427s][info ][gc           ] GC(518) Pause Young (Allocation Failure) 573M->338M(852M) 3.196ms
[938.427s][info ][gc,cpu       ] GC(518) User=0.01s Sys=0.00s Real=0.00s
[938.427s][info ][safepoint    ] Leaving safepoint region
[938.427s][info ][safepoint    ] Total time for which application threads were stopped: 0.0033381 seconds, Stopping threads took: 0.0000161 seconds
[939.427s][info ][safepoint    ] Application time: 1.0000982 seconds
[939.427s][info ][safepoint    ] Entering safepoint region: Cleanup
[939.427s][info ][safepoint    ] Leaving safepoint region
[939.427s][info ][safepoint    ] Total time for which application threads were stopped: 0.0001381 seconds, Stopping threads took: 0.0000710 seconds
[940.427s][info ][safepoint    ] Application time: 1.0001245 seconds
[940.427s][info ][safepoint    ] Entering safepoint region: Cleanup
[940.427s][info ][safepoint    ] Leaving safepoint region
[940.427s][info ][safepoint    ] Total time for which application threads were stopped: 0.0001208 seconds, Stopping threads took: 0.0000463 seconds
[941.844s][info ][safepoint    ] Application time: 1.4164614 seconds
[941.844s][info ][safepoint    ] Entering safepoint region: GenCollectForAllocation
[941.844s][info ][gc,start     ] GC(519) Pause Young (Allocation Failure)
[941.844s][info ][gc,task      ] GC(519) Using 4 workers of 4 for evacuation
[941.847s][debug][gc,ref       ] GC(519) Skipped phase1 of Reference Processing due to unavailable references
[941.847s][debug][gc,ref       ] GC(519) Skipped phase3 of Reference Processing due to unavailable references
[941.847s][debug][gc,age       ] GC(519) Desired survivor size 15400960 bytes, new threshold 6 (max threshold 6)
[941.847s][info ][gc,heap      ] GC(519) ParNew: 242658K->2128K(270976K)
[941.847s][info ][gc,heap      ] GC(519) CMS: 344836K->344884K(602112K)
[941.847s][info ][gc,metaspace ] GC(519) Metaspace: 62204K->62204K(1105920K)
[941.847s][info ][gc           ] GC(519) Pause Young (Allocation Failure) 573M->338M(852M) 3.262ms
[941.847s][info ][gc,cpu       ] GC(519) User=0.02s Sys=0.00s Real=0.00s
[941.847s][info ][safepoint    ] Leaving safepoint region
[941.847s][info ][safepoint    ] Total time for which application threads were stopped: 0.0034374 seconds, Stopping threads took: 0.0000160 seconds
[942.847s][info ][safepoint    ] Application time: 1.0001061 seconds
[942.848s][info ][safepoint    ] Entering safepoint region: Cleanup
[942.848s][info ][safepoint    ] Leaving safepoint region
[942.848s][info ][safepoint    ] Total time for which application threads were stopped: 0.0000962 seconds, Stopping threads took: 0.0000181 seconds
[943.848s][info ][safepoint    ] Application time: 1.0000915 seconds
[943.848s][info ][safepoint    ] Entering safepoint region: Cleanup
[943.848s][info ][safepoint    ] Leaving safepoint region
[943.848s][info ][safepoint    ] Total time for which application threads were stopped: 0.0000763 seconds, Stopping threads took: 0.0000186 seconds
[945.080s][info ][safepoint    ] Application time: 1.2318643 seconds
[945.080s][info ][safepoint    ] Entering safepoint region: GenCollectForAllocation
[945.080s][info ][gc,start     ] GC(520) Pause Young (Allocation Failure)
[945.080s][info ][gc,task      ] GC(520) Using 4 workers of 4 for evacuation
[945.086s][debug][gc,ref       ] GC(520) Skipped phase1 of Reference Processing due to unavailable references
[945.086s][debug][gc,ref       ] GC(520) Skipped phase2 of Reference Processing due to unavailable references
[945.086s][debug][gc,ref       ] GC(520) Skipped phase3 of Reference Processing due to unavailable references
[945.086s][debug][gc,ref       ] GC(520) Skipped phase4 of Reference Processing due to unavailable references
[945.086s][debug][gc,age       ] GC(520) Desired survivor size 15400960 bytes, new threshold 6 (max threshold 6)
[945.086s][info ][gc,heap      ] GC(520) ParNew: 243024K->4495K(270976K)
[945.086s][info ][gc,heap      ] GC(520) CMS: 344884K->344918K(602112K)
[945.086s][info ][gc,metaspace ] GC(520) Metaspace: 62208K->62208K(1105920K)
[945.086s][info ][gc           ] GC(520) Pause Young (Allocation Failure) 574M->341M(852M) 6.557ms
[945.086s][info ][gc,cpu       ] GC(520) User=0.02s Sys=0.00s Real=0.01s
[945.086s][info ][safepoint    ] Leaving safepoint region
[945.086s][info ][safepoint    ] Total time for which application threads were stopped: 0.0067358 seconds, Stopping threads took: 0.0000164 seconds
[946.087s][info ][safepoint    ] Application time: 1.0001733 seconds
[946.087s][info ][safepoint    ] Entering safepoint region: Cleanup
[946.087s][info ][safepoint    ] Leaving safepoint region
[946.087s][info ][safepoint    ] Total time for which application threads were stopped: 0.0001030 seconds, Stopping threads took: 0.0000312 seconds
[948.422s][info ][safepoint    ] Application time: 2.3350590 seconds
[948.422s][info ][safepoint    ] Entering safepoint region: GenCollectForAllocation
[948.422s][info ][gc,start     ] GC(521) Pause Young (Allocation Failure)
[948.422s][info ][gc,task      ] GC(521) Using 4 workers of 4 for evacuation
[948.427s][debug][gc,ref       ] GC(521) Skipped phase1 of Reference Processing due to unavailable references
[948.427s][debug][gc,ref       ] GC(521) Skipped phase2 of Reference Processing due to unavailable references
[948.427s][debug][gc,ref       ] GC(521) Skipped phase3 of Reference Processing due to unavailable references
[948.427s][debug][gc,ref       ] GC(521) Skipped phase4 of Reference Processing due to unavailable references
[948.427s][debug][gc,age       ] GC(521) Desired survivor size 15400960 bytes, new threshold 6 (max threshold 6)
[948.427s][info ][gc,heap      ] GC(521) ParNew: 245391K->7445K(270976K)
[948.427s][info ][gc,heap      ] GC(521) CMS: 344918K->345116K(602112K)
[948.427s][info ][gc,metaspace ] GC(521) Metaspace: 62218K->62218K(1105920K)
[948.427s][info ][gc           ] GC(521) Pause Young (Allocation Failure) 576M->344M(852M) 5.439ms
[948.427s][info ][gc,cpu       ] GC(521) User=0.02s Sys=0.00s Real=0.00s
[948.427s][info ][safepoint    ] Leaving safepoint region
[948.427s][info ][safepoint    ] Total time for which application threads were stopped: 0.0055899 seconds, Stopping threads took: 0.0000169 seconds
[951.428s][info ][safepoint    ] Application time: 3.0002864 seconds
[951.428s][info ][safepoint    ] Entering safepoint region: Cleanup
[951.428s][info ][safepoint    ] Leaving safepoint region
[951.428s][info ][safepoint    ] Total time for which application threads were stopped: 0.0001129 seconds, Stopping threads took: 0.0000413 seconds
[951.770s][info ][safepoint    ] Application time: 0.3416357 seconds
[951.770s][info ][safepoint    ] Entering safepoint region: GenCollectForAllocation
[951.770s][info ][gc,start     ] GC(522) Pause Young (Allocation Failure)
[951.770s][info ][gc,task      ] GC(522) Using 4 workers of 4 for evacuation
[951.775s][debug][gc,ref       ] GC(522) Skipped phase1 of Reference Processing due to unavailable references
[951.775s][debug][gc,ref       ] GC(522) Skipped phase2 of Reference Processing due to unavailable references
[951.775s][debug][gc,ref       ] GC(522) Skipped phase3 of Reference Processing due to unavailable references
[951.775s][debug][gc,ref       ] GC(522) Skipped phase4 of Reference Processing due to unavailable references
[951.775s][debug][gc,age       ] GC(522) Desired survivor size 15400960 bytes, new threshold 6 (max threshold 6)
[951.775s][info ][gc,heap      ] GC(522) ParNew: 248341K->8161K(270976K)
[951.775s][info ][gc,heap      ] GC(522) CMS: 345116K->345264K(602112K)
[951.775s][info ][gc,metaspace ] GC(522) Metaspace: 62221K->62221K(1105920K)
[951.775s][info ][gc           ] GC(522) Pause Young (Allocation Failure) 579M->345M(852M) 5.176ms
[951.775s][info ][gc,cpu       ] GC(522) User=0.02s Sys=0.00s Real=0.00s
[951.775s][info ][safepoint    ] Leaving safepoint region
[951.775s][info ][safepoint    ] Total time for which application threads were stopped: 0.0054065 seconds, Stopping threads took: 0.0000967 seconds
[953.775s][info ][safepoint    ] Application time: 2.0002778 seconds
[953.775s][info ][safepoint    ] Entering safepoint region: Cleanup
[953.775s][info ][safepoint    ] Leaving safepoint region
[953.776s][info ][safepoint    ] Total time for which application threads were stopped: 0.0001468 seconds, Stopping threads took: 0.0000678 seconds
[954.776s][info ][safepoint    ] Application time: 1.0001042 seconds
[954.776s][info ][safepoint    ] Entering safepoint region: Cleanup
[954.776s][info ][safepoint    ] Leaving safepoint region
[954.776s][info ][safepoint    ] Total time for which application threads were stopped: 0.0003299 seconds, Stopping threads took: 0.0002057 seconds
[955.026s][info ][safepoint    ] Application time: 0.2497823 seconds
[955.026s][info ][safepoint    ] Entering safepoint region: GenCollectForAllocation
[955.026s][info ][gc,start     ] GC(523) Pause Young (Allocation Failure)
[955.026s][info ][gc,task      ] GC(523) Using 4 workers of 4 for evacuation
[955.030s][debug][gc,ref       ] GC(523) Skipped phase1 of Reference Processing due to unavailable references
[955.031s][debug][gc,ref       ] GC(523) Skipped phase2 of Reference Processing due to unavailable references
[955.031s][debug][gc,ref       ] GC(523) Skipped phase3 of Reference Processing due to unavailable references
[955.031s][debug][gc,ref       ] GC(523) Skipped phase4 of Reference Processing due to unavailable references
[955.031s][debug][gc,age       ] GC(523) Desired survivor size 15400960 bytes, new threshold 6 (max threshold 6)
[955.031s][info ][gc,heap      ] GC(523) ParNew: 249057K->6930K(270976K)
[955.031s][info ][gc,heap      ] GC(523) CMS: 345264K->345383K(602112K)
[955.031s][info ][gc,metaspace ] GC(523) Metaspace: 62228K->62228K(1105920K)
[955.031s][info ][gc           ] GC(523) Pause Young (Allocation Failure) 580M->344M(852M) 4.853ms
[955.031s][info ][gc,cpu       ] GC(523) User=0.01s Sys=0.00s Real=0.01s
[955.031s][info ][safepoint    ] Leaving safepoint region
[955.031s][info ][safepoint    ] Total time for which application threads were stopped: 0.0050153 seconds, Stopping threads took: 0.0000170 seconds
[957.031s][info ][safepoint    ] Application time: 2.0001993 seconds
[957.031s][info ][safepoint    ] Entering safepoint region: Cleanup
[957.031s][info ][safepoint    ] Leaving safepoint region
[957.031s][info ][safepoint    ] Total time for which application threads were stopped: 0.0000812 seconds, Stopping threads took: 0.0000163 seconds
[958.031s][info ][safepoint    ] Application time: 1.0000868 seconds
[958.031s][info ][safepoint    ] Entering safepoint region: Cleanup
[958.031s][info ][safepoint    ] Leaving safepoint region
[958.031s][info ][safepoint    ] Total time for which application threads were stopped: 0.0001057 seconds, Stopping threads took: 0.0000308 seconds
[958.282s][info ][safepoint    ] Application time: 0.2503246 seconds
[958.282s][info ][safepoint    ] Entering safepoint region: GenCollectForAllocation
[958.282s][info ][gc,start     ] GC(524) Pause Young (Allocation Failure)
[958.282s][info ][gc,task      ] GC(524) Using 4 workers of 4 for evacuation
[958.286s][debug][gc,ref       ] GC(524) Skipped phase1 of Reference Processing due to unavailable references
[958.286s][debug][gc,ref       ] GC(524) Skipped phase2 of Reference Processing due to unavailable references
[958.286s][debug][gc,ref       ] GC(524) Skipped phase3 of Reference Processing due to unavailable references
[958.286s][debug][gc,ref       ] GC(524) Skipped phase4 of Reference Processing due to unavailable references
[958.287s][debug][gc,age       ] GC(524) Desired survivor size 15400960 bytes, new threshold 6 (max threshold 6)
[958.287s][info ][gc,heap      ] GC(524) ParNew: 247826K->10243K(270976K)
[958.287s][info ][gc,heap      ] GC(524) CMS: 345383K->345528K(602112K)
[958.287s][info ][gc,metaspace ] GC(524) Metaspace: 62231K->62231K(1105920K)
[958.287s][info ][gc           ] GC(524) Pause Young (Allocation Failure) 579M->347M(852M) 4.836ms
[958.287s][info ][gc,cpu       ] GC(524) User=0.01s Sys=0.00s Real=0.00s
[958.287s][info ][safepoint    ] Leaving safepoint region
[958.287s][info ][safepoint    ] Total time for which application threads were stopped: 0.0049963 seconds, Stopping threads took: 0.0000351 seconds
[959.287s][info ][safepoint    ] Application time: 1.0001346 seconds
[959.287s][info ][safepoint    ] Entering safepoint region: Cleanup
[959.287s][info ][safepoint    ] Leaving safepoint region
[959.287s][info ][safepoint    ] Total time for which application threads were stopped: 0.0000736 seconds, Stopping threads took: 0.0000158 seconds
[961.288s][info ][safepoint    ] Application time: 2.0005016 seconds
[961.288s][info ][safepoint    ] Entering safepoint region: Cleanup
[961.289s][info ][safepoint    ] Leaving safepoint region
[961.289s][info ][safepoint    ] Total time for which application threads were stopped: 0.0013262 seconds, Stopping threads took: 0.0002594 seconds
[961.970s][info ][safepoint    ] Application time: 0.6810842 seconds
[961.970s][info ][safepoint    ] Entering safepoint region: GenCollectForAllocation
[961.970s][info ][gc,start     ] GC(525) Pause Young (Allocation Failure)
[961.970s][info ][gc,task      ] GC(525) Using 4 workers of 4 for evacuation
[961.976s][debug][gc,ref       ] GC(525) Skipped phase1 of Reference Processing due to unavailable references
[961.976s][debug][gc,ref       ] GC(525) Skipped phase3 of Reference Processing due to unavailable references
[961.977s][debug][gc,age       ] GC(525) Desired survivor size 15400960 bytes, new threshold 6 (max threshold 6)
[961.977s][info ][gc,heap      ] GC(525) ParNew: 251139K->10444K(270976K)
[961.977s][info ][gc,heap      ] GC(525) CMS: 345528K->345644K(602112K)
[961.977s][info ][gc,metaspace ] GC(525) Metaspace: 62243K->62243K(1105920K)
[961.977s][info ][gc           ] GC(525) Pause Young (Allocation Failure) 582M->347M(852M) 6.468ms
[961.977s][info ][gc,cpu       ] GC(525) User=0.02s Sys=0.00s Real=0.00s
[961.977s][info ][safepoint    ] Leaving safepoint region
[961.977s][info ][safepoint    ] Total time for which application threads were stopped: 0.0066643 seconds, Stopping threads took: 0.0000149 seconds
[962.977s][info ][safepoint    ] Application time: 1.0000961 seconds
[962.977s][info ][safepoint    ] Entering safepoint region: Cleanup
[962.977s][info ][safepoint    ] Leaving safepoint region
[962.977s][info ][safepoint    ] Total time for which application threads were stopped: 0.0001064 seconds, Stopping threads took: 0.0000407 seconds
[963.977s][info ][safepoint    ] Application time: 1.0001202 seconds
[963.977s][info ][safepoint    ] Entering safepoint region: Cleanup
[963.977s][info ][safepoint    ] Leaving safepoint region
[963.977s][info ][safepoint    ] Total time for which application threads were stopped: 0.0001084 seconds, Stopping threads took: 0.0000420 seconds
[965.875s][info ][safepoint    ] Application time: 1.8982481 seconds
[965.875s][info ][safepoint    ] Entering safepoint region: GenCollectForAllocation
[965.876s][info ][gc,start     ] GC(526) Pause Young (Allocation Failure)
[965.876s][info ][gc,task      ] GC(526) Using 4 workers of 4 for evacuation
[965.882s][debug][gc,ref       ] GC(526) Skipped phase1 of Reference Processing due to unavailable references
[965.882s][debug][gc,ref       ] GC(526) Skipped phase3 of Reference Processing due to unavailable references
[965.882s][debug][gc,ref       ] GC(526) Skipped phase4 of Reference Processing due to unavailable references
[965.882s][debug][gc,age       ] GC(526) Desired survivor size 15400960 bytes, new threshold 6 (max threshold 6)
[965.882s][info ][gc,heap      ] GC(526) ParNew: 251340K->9201K(270976K)
[965.882s][info ][gc,heap      ] GC(526) CMS: 345644K->347052K(602112K)
[965.882s][info ][gc,metaspace ] GC(526) Metaspace: 62243K->62243K(1105920K)
[965.882s][info ][gc           ] GC(526) Pause Young (Allocation Failure) 582M->347M(852M) 6.863ms
[965.882s][info ][gc,cpu       ] GC(526) User=0.02s Sys=0.00s Real=0.01s
[965.883s][info ][safepoint    ] Leaving safepoint region
[965.883s][info ][safepoint    ] Total time for which application threads were stopped: 0.0070500 seconds, Stopping threads took: 0.0000169 seconds
[969.722s][info ][safepoint    ] Application time: 3.8392282 seconds
[969.722s][info ][safepoint    ] Entering safepoint region: GenCollectForAllocation
[969.722s][info ][gc,start     ] GC(527) Pause Young (Allocation Failure)
[969.722s][info ][gc,task      ] GC(527) Using 4 workers of 4 for evacuation
[969.727s][debug][gc,ref       ] GC(527) Skipped phase1 of Reference Processing due to unavailable references
[969.727s][debug][gc,ref       ] GC(527) Skipped phase3 of Reference Processing due to unavailable references
[969.727s][debug][gc,ref       ] GC(527) Skipped phase4 of Reference Processing due to unavailable references
[969.727s][debug][gc,age       ] GC(527) Desired survivor size 15400960 bytes, new threshold 6 (max threshold 6)
[969.727s][info ][gc,heap      ] GC(527) ParNew: 250097K->8063K(270976K)
[969.727s][info ][gc,heap      ] GC(527) CMS: 347052K->348030K(602112K)
[969.727s][info ][gc,metaspace ] GC(527) Metaspace: 62243K->62243K(1105920K)
[969.727s][info ][gc           ] GC(527) Pause Young (Allocation Failure) 583M->347M(852M) 5.134ms
[969.727s][info ][gc,cpu       ] GC(527) User=0.02s Sys=0.00s Real=0.00s
[969.727s][info ][safepoint    ] Leaving safepoint region
[969.727s][info ][safepoint    ] Total time for which application threads were stopped: 0.0052977 seconds, Stopping threads took: 0.0000169 seconds
[973.571s][info ][safepoint    ] Application time: 3.8435572 seconds
[973.571s][info ][safepoint    ] Entering safepoint region: GenCollectForAllocation
[973.571s][info ][gc,start     ] GC(528) Pause Young (Allocation Failure)
[973.571s][info ][gc,task      ] GC(528) Using 4 workers of 4 for evacuation
[973.575s][debug][gc,ref       ] GC(528) Skipped phase1 of Reference Processing due to unavailable references
[973.575s][debug][gc,ref       ] GC(528) Skipped phase3 of Reference Processing due to unavailable references
[973.575s][debug][gc,ref       ] GC(528) Skipped phase4 of Reference Processing due to unavailable references
[973.575s][debug][gc,age       ] GC(528) Desired survivor size 15400960 bytes, new threshold 6 (max threshold 6)
[973.575s][info ][gc,heap      ] GC(528) ParNew: 248959K->8283K(270976K)
[973.575s][info ][gc,heap      ] GC(528) CMS: 348030K->348352K(602112K)
[973.575s][info ][gc,metaspace ] GC(528) Metaspace: 62244K->62244K(1105920K)
[973.575s][info ][gc           ] GC(528) Pause Young (Allocation Failure) 582M->348M(852M) 4.370ms
[973.575s][info ][gc,cpu       ] GC(528) User=0.02s Sys=0.00s Real=0.00s
[973.575s][info ][safepoint    ] Leaving safepoint region
[973.575s][info ][safepoint    ] Total time for which application threads were stopped: 0.0045454 seconds, Stopping threads took: 0.0000331 seconds
[974.575s][info ][safepoint    ] Application time: 1.0000977 seconds
[974.575s][info ][safepoint    ] Entering safepoint region: Cleanup
[974.575s][info ][safepoint    ] Leaving safepoint region
[974.576s][info ][safepoint    ] Total time for which application threads were stopped: 0.0001287 seconds, Stopping threads took: 0.0000486 seconds
[977.375s][info ][safepoint    ] Application time: 2.7991855 seconds
[977.375s][info ][safepoint    ] Entering safepoint region: GenCollectForAllocation
[977.375s][info ][gc,start     ] GC(529) Pause Young (Allocation Failure)
[977.375s][info ][gc,task      ] GC(529) Using 4 workers of 4 for evacuation
[977.380s][debug][gc,ref       ] GC(529) Skipped phase1 of Reference Processing due to unavailable references
[977.380s][debug][gc,ref       ] GC(529) Skipped phase3 of Reference Processing due to unavailable references
[977.380s][debug][gc,ref       ] GC(529) Skipped phase4 of Reference Processing due to unavailable references
[977.380s][debug][gc,age       ] GC(529) Desired survivor size 15400960 bytes, new threshold 6 (max threshold 6)
[977.380s][info ][gc,heap      ] GC(529) ParNew: 249179K->6437K(270976K)
[977.380s][info ][gc,heap      ] GC(529) CMS: 348352K->348838K(602112K)
[977.380s][info ][gc,metaspace ] GC(529) Metaspace: 62248K->62248K(1105920K)
[977.380s][info ][gc           ] GC(529) Pause Young (Allocation Failure) 583M->346M(852M) 4.946ms
[977.380s][info ][gc,cpu       ] GC(529) User=0.01s Sys=0.00s Real=0.00s
[977.380s][info ][safepoint    ] Leaving safepoint region
[977.380s][info ][safepoint    ] Total time for which application threads were stopped: 0.0052362 seconds, Stopping threads took: 0.0000408 seconds
[981.418s][info ][safepoint    ] Application time: 4.0376889 seconds
[981.418s][info ][safepoint    ] Entering safepoint region: GenCollectForAllocation
[981.418s][info ][gc,start     ] GC(530) Pause Young (Allocation Failure)
[981.418s][info ][gc,task      ] GC(530) Using 4 workers of 4 for evacuation
[981.426s][debug][gc,ref       ] GC(530) Skipped phase1 of Reference Processing due to unavailable references
[981.426s][debug][gc,ref       ] GC(530) Skipped phase3 of Reference Processing due to unavailable references
[981.426s][debug][gc,ref       ] GC(530) Skipped phase4 of Reference Processing due to unavailable references
[981.426s][debug][gc,age       ] GC(530) Desired survivor size 15400960 bytes, new threshold 6 (max threshold 6)
[981.426s][info ][gc,heap      ] GC(530) ParNew: 247333K->4820K(270976K)
[981.426s][info ][gc,heap      ] GC(530) CMS: 348838K->351541K(602112K)
[981.426s][info ][gc,metaspace ] GC(530) Metaspace: 62251K->62251K(1105920K)
[981.426s][info ][gc           ] GC(530) Pause Young (Allocation Failure) 582M->348M(852M) 8.422ms
[981.426s][info ][gc,cpu       ] GC(530) User=0.02s Sys=0.00s Real=0.01s
[981.426s][info ][safepoint    ] Leaving safepoint region
[981.426s][info ][safepoint    ] Total time for which application threads were stopped: 0.0086961 seconds, Stopping threads took: 0.0000498 seconds
[983.427s][info ][safepoint    ] Application time: 2.0002673 seconds
[983.427s][info ][safepoint    ] Entering safepoint region: Cleanup
[983.427s][info ][safepoint    ] Leaving safepoint region
[983.427s][info ][safepoint    ] Total time for which application threads were stopped: 0.0001495 seconds, Stopping threads took: 0.0000681 seconds
[984.427s][info ][safepoint    ] Application time: 1.0001291 seconds
[984.427s][info ][safepoint    ] Entering safepoint region: Cleanup
[984.427s][info ][safepoint    ] Leaving safepoint region
[984.427s][info ][safepoint    ] Total time for which application threads were stopped: 0.0001280 seconds, Stopping threads took: 0.0000505 seconds
[985.471s][info ][safepoint    ] Application time: 1.0439711 seconds
[985.471s][info ][safepoint    ] Entering safepoint region: GenCollectForAllocation
[985.471s][info ][gc,start     ] GC(531) Pause Young (Allocation Failure)
[985.471s][info ][gc,task      ] GC(531) Using 4 workers of 4 for evacuation
[985.475s][debug][gc,ref       ] GC(531) Skipped phase1 of Reference Processing due to unavailable references
[985.475s][debug][gc,ref       ] GC(531) Skipped phase2 of Reference Processing due to unavailable references
[985.475s][debug][gc,ref       ] GC(531) Skipped phase3 of Reference Processing due to unavailable references
[985.475s][debug][gc,ref       ] GC(531) Skipped phase4 of Reference Processing due to unavailable references
[985.475s][debug][gc,age       ] GC(531) Desired survivor size 15400960 bytes, new threshold 6 (max threshold 6)
[985.475s][info ][gc,heap      ] GC(531) ParNew: 245716K->2006K(270976K)
[985.475s][info ][gc,heap      ] GC(531) CMS: 351541K->352450K(602112K)
[985.475s][info ][gc,metaspace ] GC(531) Metaspace: 62269K->62269K(1105920K)
[985.475s][info ][gc           ] GC(531) Pause Young (Allocation Failure) 583M->346M(852M) 3.798ms
[985.475s][info ][gc,cpu       ] GC(531) User=0.01s Sys=0.00s Real=0.00s
[985.475s][info ][safepoint    ] Leaving safepoint region
[985.475s][info ][safepoint    ] Total time for which application threads were stopped: 0.0039499 seconds, Stopping threads took: 0.0000317 seconds
[989.424s][info ][safepoint    ] Application time: 3.9487220 seconds
[989.424s][info ][safepoint    ] Entering safepoint region: GenCollectForAllocation
[989.424s][info ][gc,start     ] GC(532) Pause Young (Allocation Failure)
[989.424s][info ][gc,task      ] GC(532) Using 4 workers of 4 for evacuation
[989.428s][debug][gc,ref       ] GC(532) Skipped phase1 of Reference Processing due to unavailable references
[989.428s][debug][gc,ref       ] GC(532) Skipped phase2 of Reference Processing due to unavailable references
[989.428s][debug][gc,ref       ] GC(532) Skipped phase3 of Reference Processing due to unavailable references
[989.428s][debug][gc,ref       ] GC(532) Skipped phase4 of Reference Processing due to unavailable references
[989.428s][debug][gc,age       ] GC(532) Desired survivor size 15400960 bytes, new threshold 6 (max threshold 6)
[989.428s][info ][gc,heap      ] GC(532) ParNew: 242902K->1894K(270976K)
[989.428s][info ][gc,heap      ] GC(532) CMS: 352450K->352516K(602112K)
[989.428s][info ][gc,metaspace ] GC(532) Metaspace: 62269K->62269K(1105920K)
[989.428s][info ][gc           ] GC(532) Pause Young (Allocation Failure) 581M->346M(852M) 4.021ms
[989.428s][info ][gc,cpu       ] GC(532) User=0.01s Sys=0.00s Real=0.00s
[989.428s][info ][safepoint    ] Leaving safepoint region
[989.428s][info ][safepoint    ] Total time for which application threads were stopped: 0.0042670 seconds, Stopping threads took: 0.0000516 seconds
[991.428s][info ][safepoint    ] Application time: 2.0001644 seconds
[991.428s][info ][safepoint    ] Entering safepoint region: Cleanup
[991.428s][info ][safepoint    ] Leaving safepoint region
[991.428s][info ][safepoint    ] Total time for which application threads were stopped: 0.0000827 seconds, Stopping threads took: 0.0000152 seconds
[992.429s][info ][safepoint    ] Application time: 1.0001190 seconds
[992.429s][info ][safepoint    ] Entering safepoint region: Cleanup
[992.429s][info ][safepoint    ] Leaving safepoint region
[992.429s][info ][safepoint    ] Total time for which application threads were stopped: 0.0001315 seconds, Stopping threads took: 0.0000644 seconds
[993.327s][info ][safepoint    ] Application time: 0.8979198 seconds
[993.327s][info ][safepoint    ] Entering safepoint region: GenCollectForAllocation
[993.327s][info ][gc,start     ] GC(533) Pause Young (Allocation Failure)
[993.327s][info ][gc,task      ] GC(533) Using 4 workers of 4 for evacuation
[993.329s][debug][gc,ref       ] GC(533) Skipped phase1 of Reference Processing due to unavailable references
[993.329s][debug][gc,ref       ] GC(533) Skipped phase2 of Reference Processing due to unavailable references
[993.329s][debug][gc,ref       ] GC(533) Skipped phase3 of Reference Processing due to unavailable references
[993.329s][debug][gc,ref       ] GC(533) Skipped phase4 of Reference Processing due to unavailable references
[993.330s][debug][gc,age       ] GC(533) Desired survivor size 15400960 bytes, new threshold 6 (max threshold 6)
[993.330s][info ][gc,heap      ] GC(533) ParNew: 242790K->1626K(270976K)
[993.330s][info ][gc,heap      ] GC(533) CMS: 352516K->352530K(602112K)
[993.330s][info ][gc,metaspace ] GC(533) Metaspace: 62272K->62272K(1105920K)
[993.330s][info ][gc           ] GC(533) Pause Young (Allocation Failure) 581M->345M(852M) 2.810ms
[993.330s][info ][gc,cpu       ] GC(533) User=0.01s Sys=0.00s Real=0.01s
[993.330s][info ][safepoint    ] Leaving safepoint region
[993.330s][info ][safepoint    ] Total time for which application threads were stopped: 0.0029662 seconds, Stopping threads took: 0.0000165 seconds
[997.069s][info ][safepoint    ] Application time: 3.7396107 seconds
[997.069s][info ][safepoint    ] Entering safepoint region: GenCollectForAllocation
[997.069s][info ][gc,start     ] GC(534) Pause Young (Allocation Failure)
[997.069s][info ][gc,task      ] GC(534) Using 4 workers of 4 for evacuation
[997.074s][debug][gc,ref       ] GC(534) Skipped phase1 of Reference Processing due to unavailable references
[997.074s][debug][gc,ref       ] GC(534) Skipped phase2 of Reference Processing due to unavailable references
[997.074s][debug][gc,ref       ] GC(534) Skipped phase3 of Reference Processing due to unavailable references
[997.074s][debug][gc,ref       ] GC(534) Skipped phase4 of Reference Processing due to unavailable references
[997.074s][debug][gc,age       ] GC(534) Desired survivor size 15400960 bytes, new threshold 6 (max threshold 6)
[997.074s][info ][gc,heap      ] GC(534) ParNew: 242522K->1977K(270976K)
[997.074s][info ][gc,heap      ] GC(534) CMS: 352530K->352658K(602112K)
[997.074s][info ][gc,metaspace ] GC(534) Metaspace: 62272K->62272K(1105920K)
[997.074s][info ][gc           ] GC(534) Pause Young (Allocation Failure) 581M->346M(852M) 4.526ms
[997.074s][info ][gc,cpu       ] GC(534) User=0.01s Sys=0.00s Real=0.00s
[997.074s][info ][safepoint    ] Leaving safepoint region
[997.074s][info ][safepoint    ] Total time for which application threads were stopped: 0.0047189 seconds, Stopping threads took: 0.0000446 seconds
[1000.629s][info ][safepoint    ] Application time: 3.5546592 seconds
[1000.629s][info ][safepoint    ] Entering safepoint region: GenCollectForAllocation
[1000.629s][info ][gc,start     ] GC(535) Pause Young (Allocation Failure)
[1000.629s][info ][gc,task      ] GC(535) Using 4 workers of 4 for evacuation
[1000.632s][debug][gc,ref       ] GC(535) Skipped phase1 of Reference Processing due to unavailable references
[1000.632s][debug][gc,ref       ] GC(535) Skipped phase2 of Reference Processing due to unavailable references
[1000.632s][debug][gc,ref       ] GC(535) Skipped phase3 of Reference Processing due to unavailable references
[1000.632s][debug][gc,ref       ] GC(535) Skipped phase4 of Reference Processing due to unavailable references
[1000.632s][debug][gc,age       ] GC(535) Desired survivor size 15400960 bytes, new threshold 6 (max threshold 6)
[1000.632s][info ][gc,heap      ] GC(535) ParNew: 242873K->1263K(270976K)
[1000.632s][info ][gc,heap      ] GC(535) CMS: 352658K->353289K(602112K)
[1000.632s][info ][gc,metaspace ] GC(535) Metaspace: 62272K->62272K(1105920K)
[1000.632s][info ][gc           ] GC(535) Pause Young (Allocation Failure) 581M->346M(852M) 3.634ms
[1000.632s][info ][gc,cpu       ] GC(535) User=0.02s Sys=0.00s Real=0.00s
[1000.633s][info ][safepoint    ] Leaving safepoint region
[1000.633s][info ][safepoint    ] Total time for which application threads were stopped: 0.0037790 seconds, Stopping threads took: 0.0000169 seconds
[1001.633s][info ][safepoint    ] Application time: 1.0001363 seconds
[1001.633s][info ][safepoint    ] Entering safepoint region: Cleanup
[1001.633s][info ][safepoint    ] Leaving safepoint region
[1001.633s][info ][safepoint    ] Total time for which application threads were stopped: 0.0000710 seconds, Stopping threads took: 0.0000160 seconds
[1004.180s][info ][safepoint    ] Application time: 2.5471762 seconds
[1004.180s][info ][safepoint    ] Entering safepoint region: GenCollectForAllocation
[1004.180s][info ][gc,start     ] GC(536) Pause Young (Allocation Failure)
[1004.180s][info ][gc,task      ] GC(536) Using 4 workers of 4 for evacuation
[1004.183s][debug][gc,ref       ] GC(536) Skipped phase1 of Reference Processing due to unavailable references
[1004.183s][debug][gc,ref       ] GC(536) Skipped phase2 of Reference Processing due to unavailable references
[1004.183s][debug][gc,ref       ] GC(536) Skipped phase3 of Reference Processing due to unavailable references
[1004.183s][debug][gc,ref       ] GC(536) Skipped phase4 of Reference Processing due to unavailable references
[1004.183s][debug][gc,age       ] GC(536) Desired survivor size 15400960 bytes, new threshold 6 (max threshold 6)
[1004.183s][info ][gc,heap      ] GC(536) ParNew: 242159K->1211K(270976K)
[1004.183s][info ][gc,heap      ] GC(536) CMS: 353289K->353339K(602112K)
[1004.183s][info ][gc,metaspace ] GC(536) Metaspace: 62272K->62272K(1105920K)
[1004.183s][info ][gc           ] GC(536) Pause Young (Allocation Failure) 581M->346M(852M) 3.071ms
[1004.183s][info ][gc,cpu       ] GC(536) User=0.01s Sys=0.00s Real=0.01s
[1004.183s][info ][safepoint    ] Leaving safepoint region
[1004.183s][info ][safepoint    ] Total time for which application threads were stopped: 0.0032189 seconds, Stopping threads took: 0.0000156 seconds
[1005.183s][info ][safepoint    ] Application time: 1.0001257 seconds
[1005.183s][info ][safepoint    ] Entering safepoint region: Cleanup
[1005.183s][info ][safepoint    ] Leaving safepoint region
[1005.183s][info ][safepoint    ] Total time for which application threads were stopped: 0.0000725 seconds, Stopping threads took: 0.0000154 seconds
[1007.583s][info ][safepoint    ] Application time: 2.3999838 seconds
[1007.583s][info ][safepoint    ] Entering safepoint region: GenCollectForAllocation
[1007.584s][info ][gc,start     ] GC(537) Pause Young (Allocation Failure)
[1007.584s][info ][gc,task      ] GC(537) Using 4 workers of 4 for evacuation
[1007.586s][debug][gc,ref       ] GC(537) Skipped phase1 of Reference Processing due to unavailable references
[1007.586s][debug][gc,ref       ] GC(537) Skipped phase2 of Reference Processing due to unavailable references
[1007.586s][debug][gc,ref       ] GC(537) Skipped phase3 of Reference Processing due to unavailable references
[1007.586s][debug][gc,ref       ] GC(537) Skipped phase4 of Reference Processing due to unavailable references
[1007.587s][debug][gc,age       ] GC(537) Desired survivor size 15400960 bytes, new threshold 6 (max threshold 6)
[1007.587s][info ][gc,heap      ] GC(537) ParNew: 242107K->1531K(270976K)
[1007.587s][info ][gc,heap      ] GC(537) CMS: 353339K->353365K(602112K)
[1007.587s][info ][gc,metaspace ] GC(537) Metaspace: 62272K->62272K(1105920K)
[1007.587s][info ][gc           ] GC(537) Pause Young (Allocation Failure) 581M->346M(852M) 3.001ms
[1007.587s][info ][gc,cpu       ] GC(537) User=0.01s Sys=0.00s Real=0.00s
[1007.587s][info ][safepoint    ] Leaving safepoint region
[1007.587s][info ][safepoint    ] Total time for which application threads were stopped: 0.0031868 seconds, Stopping threads took: 0.0000419 seconds
[1011.151s][info ][safepoint    ] Application time: 3.5645055 seconds
[1011.151s][info ][safepoint    ] Entering safepoint region: GenCollectForAllocation
[1011.151s][info ][gc,start     ] GC(538) Pause Young (Allocation Failure)
[1011.151s][info ][gc,task      ] GC(538) Using 4 workers of 4 for evacuation
[1011.154s][debug][gc,ref       ] GC(538) Skipped phase1 of Reference Processing due to unavailable references
[1011.154s][debug][gc,ref       ] GC(538) Skipped phase2 of Reference Processing due to unavailable references
[1011.154s][debug][gc,ref       ] GC(538) Skipped phase3 of Reference Processing due to unavailable references
[1011.154s][debug][gc,ref       ] GC(538) Skipped phase4 of Reference Processing due to unavailable references
[1011.154s][debug][gc,age       ] GC(538) Desired survivor size 15400960 bytes, new threshold 6 (max threshold 6)
[1011.154s][info ][gc,heap      ] GC(538) ParNew: 242427K->1555K(270976K)
[1011.154s][info ][gc,heap      ] GC(538) CMS: 353365K->353403K(602112K)
[1011.154s][info ][gc,metaspace ] GC(538) Metaspace: 62272K->62272K(1105920K)
[1011.154s][info ][gc           ] GC(538) Pause Young (Allocation Failure) 581M->346M(852M) 2.789ms
[1011.154s][info ][gc,cpu       ] GC(538) User=0.01s Sys=0.00s Real=0.00s
[1011.154s][info ][safepoint    ] Leaving safepoint region
[1011.154s][info ][safepoint    ] Total time for which application threads were stopped: 0.0029368 seconds, Stopping threads took: 0.0000169 seconds
[1014.819s][info ][safepoint    ] Application time: 3.6648861 seconds
[1014.819s][info ][safepoint    ] Entering safepoint region: GenCollectForAllocation
[1014.819s][info ][gc,start     ] GC(539) Pause Young (Allocation Failure)
[1014.819s][info ][gc,task      ] GC(539) Using 4 workers of 4 for evacuation
[1014.823s][debug][gc,ref       ] GC(539) Skipped phase1 of Reference Processing due to unavailable references
[1014.823s][debug][gc,ref       ] GC(539) Skipped phase2 of Reference Processing due to unavailable references
[1014.823s][debug][gc,ref       ] GC(539) Skipped phase3 of Reference Processing due to unavailable references
[1014.823s][debug][gc,ref       ] GC(539) Skipped phase4 of Reference Processing due to unavailable references
[1014.824s][debug][gc,age       ] GC(539) Desired survivor size 15400960 bytes, new threshold 6 (max threshold 6)
[1014.824s][info ][gc,heap      ] GC(539) ParNew: 242451K->1552K(270976K)
[1014.824s][info ][gc,heap      ] GC(539) CMS: 353403K->353511K(602112K)
[1014.824s][info ][gc,metaspace ] GC(539) Metaspace: 62274K->62274K(1105920K)
[1014.824s][info ][gc           ] GC(539) Pause Young (Allocation Failure) 581M->346M(852M) 4.481ms
[1014.824s][info ][gc,cpu       ] GC(539) User=0.01s Sys=0.00s Real=0.01s
[1014.824s][info ][safepoint    ] Leaving safepoint region
[1014.824s][info ][safepoint    ] Total time for which application threads were stopped: 0.0047462 seconds, Stopping threads took: 0.0000570 seconds
[1018.330s][info ][safepoint    ] Application time: 3.5061195 seconds
[1018.330s][info ][safepoint    ] Entering safepoint region: GenCollectForAllocation
[1018.330s][info ][gc,start     ] GC(540) Pause Young (Allocation Failure)
[1018.330s][info ][gc,task      ] GC(540) Using 4 workers of 4 for evacuation
[1018.334s][debug][gc,ref       ] GC(540) Skipped phase1 of Reference Processing due to unavailable references
[1018.334s][debug][gc,ref       ] GC(540) Skipped phase2 of Reference Processing due to unavailable references
[1018.334s][debug][gc,ref       ] GC(540) Skipped phase3 of Reference Processing due to unavailable references
[1018.334s][debug][gc,ref       ] GC(540) Skipped phase4 of Reference Processing due to unavailable references
[1018.335s][debug][gc,age       ] GC(540) Desired survivor size 15400960 bytes, new threshold 6 (max threshold 6)
[1018.335s][info ][gc,heap      ] GC(540) ParNew: 242448K->1629K(270976K)
[1018.335s][info ][gc,heap      ] GC(540) CMS: 353511K->353631K(602112K)
[1018.335s][info ][gc,metaspace ] GC(540) Metaspace: 62276K->62276K(1105920K)
[1018.335s][info ][gc           ] GC(540) Pause Young (Allocation Failure) 581M->346M(852M) 4.459ms
[1018.335s][info ][gc,cpu       ] GC(540) User=0.01s Sys=0.01s Real=0.00s
[1018.335s][info ][safepoint    ] Leaving safepoint region
[1018.335s][info ][safepoint    ] Total time for which application threads were stopped: 0.0047495 seconds, Stopping threads took: 0.0000460 seconds
[1019.335s][info ][safepoint    ] Application time: 1.0001300 seconds
[1019.335s][info ][safepoint    ] Entering safepoint region: Cleanup
[1019.335s][info ][safepoint    ] Leaving safepoint region
[1019.335s][info ][safepoint    ] Total time for which application threads were stopped: 0.0000855 seconds, Stopping threads took: 0.0000169 seconds
[1021.323s][info ][safepoint    ] Application time: 1.9882562 seconds
[1021.323s][info ][safepoint    ] Entering safepoint region: RevokeBias
[1021.323s][info ][safepoint    ] Leaving safepoint region
[1021.323s][info ][safepoint    ] Total time for which application threads were stopped: 0.0001331 seconds, Stopping threads took: 0.0000444 seconds
[1021.929s][info ][safepoint    ] Application time: 0.6052051 seconds
[1021.929s][info ][safepoint    ] Entering safepoint region: GenCollectForAllocation
[1021.929s][info ][gc,start     ] GC(541) Pause Young (Allocation Failure)
[1021.929s][info ][gc,task      ] GC(541) Using 4 workers of 4 for evacuation
[1021.932s][debug][gc,ref       ] GC(541) Skipped phase1 of Reference Processing due to unavailable references
[1021.932s][debug][gc,ref       ] GC(541) Skipped phase2 of Reference Processing due to unavailable references
[1021.932s][debug][gc,ref       ] GC(541) Skipped phase3 of Reference Processing due to unavailable references
[1021.932s][debug][gc,ref       ] GC(541) Skipped phase4 of Reference Processing due to unavailable references
[1021.932s][debug][gc,age       ] GC(541) Desired survivor size 15400960 bytes, new threshold 6 (max threshold 6)
[1021.932s][info ][gc,heap      ] GC(541) ParNew: 242525K->1618K(270976K)
[1021.932s][info ][gc,heap      ] GC(541) CMS: 353631K->353751K(602112K)
[1021.932s][info ][gc,metaspace ] GC(541) Metaspace: 62276K->62276K(1105920K)
[1021.932s][info ][gc           ] GC(541) Pause Young (Allocation Failure) 582M->347M(852M) 3.441ms
[1021.932s][info ][gc,cpu       ] GC(541) User=0.01s Sys=0.00s Real=0.00s
[1021.932s][info ][safepoint    ] Leaving safepoint region
[1021.932s][info ][safepoint    ] Total time for which application threads were stopped: 0.0036046 seconds, Stopping threads took: 0.0000168 seconds
[1023.932s][info ][safepoint    ] Application time: 2.0001169 seconds
[1023.933s][info ][safepoint    ] Entering safepoint region: Cleanup
[1023.933s][info ][safepoint    ] Leaving safepoint region
[1023.933s][info ][safepoint    ] Total time for which application threads were stopped: 0.0001609 seconds, Stopping threads took: 0.0000863 seconds
[1024.933s][info ][safepoint    ] Application time: 1.0001058 seconds
[1024.933s][info ][safepoint    ] Entering safepoint region: Cleanup
[1024.933s][info ][safepoint    ] Leaving safepoint region
[1024.933s][info ][safepoint    ] Total time for which application threads were stopped: 0.0000788 seconds, Stopping threads took: 0.0000173 seconds
[1025.372s][info ][safepoint    ] Application time: 0.4393132 seconds
[1025.372s][info ][safepoint    ] Entering safepoint region: GenCollectForAllocation
[1025.372s][info ][gc,start     ] GC(542) Pause Young (Allocation Failure)
[1025.372s][info ][gc,task      ] GC(542) Using 4 workers of 4 for evacuation
[1025.375s][debug][gc,ref       ] GC(542) Skipped phase1 of Reference Processing due to unavailable references
[1025.375s][debug][gc,ref       ] GC(542) Skipped phase2 of Reference Processing due to unavailable references
[1025.375s][debug][gc,ref       ] GC(542) Skipped phase3 of Reference Processing due to unavailable references
[1025.375s][debug][gc,ref       ] GC(542) Skipped phase4 of Reference Processing due to unavailable references
[1025.376s][debug][gc,age       ] GC(542) Desired survivor size 15400960 bytes, new threshold 6 (max threshold 6)
[1025.376s][info ][gc,heap      ] GC(542) ParNew: 242514K->1678K(270976K)
[1025.376s][info ][gc,heap      ] GC(542) CMS: 353751K->353808K(602112K)
[1025.376s][info ][gc,metaspace ] GC(542) Metaspace: 62278K->62278K(1105920K)
[1025.376s][info ][gc           ] GC(542) Pause Young (Allocation Failure) 582M->347M(852M) 3.300ms
[1025.376s][info ][gc,cpu       ] GC(542) User=0.01s Sys=0.00s Real=0.00s
[1025.376s][info ][safepoint    ] Leaving safepoint region
[1025.376s][info ][safepoint    ] Total time for which application threads were stopped: 0.0034670 seconds, Stopping threads took: 0.0000262 seconds
[1028.876s][info ][safepoint    ] Application time: 3.5003881 seconds
[1028.876s][info ][safepoint    ] Entering safepoint region: GenCollectForAllocation
[1028.876s][info ][gc,start     ] GC(543) Pause Young (Allocation Failure)
[1028.876s][info ][gc,task      ] GC(543) Using 4 workers of 4 for evacuation
[1028.879s][debug][gc,ref       ] GC(543) Skipped phase1 of Reference Processing due to unavailable references
[1028.879s][debug][gc,ref       ] GC(543) Skipped phase2 of Reference Processing due to unavailable references
[1028.879s][debug][gc,ref       ] GC(543) Skipped phase3 of Reference Processing due to unavailable references
[1028.879s][debug][gc,ref       ] GC(543) Skipped phase4 of Reference Processing due to unavailable references
[1028.880s][debug][gc,age       ] GC(543) Desired survivor size 15400960 bytes, new threshold 6 (max threshold 6)
[1028.880s][info ][gc,heap      ] GC(543) ParNew: 242574K->1584K(270976K)
[1028.880s][info ][gc,heap      ] GC(543) CMS: 353808K->353999K(602112K)
[1028.880s][info ][gc,metaspace ] GC(543) Metaspace: 62280K->62280K(1105920K)
[1028.880s][info ][gc           ] GC(543) Pause Young (Allocation Failure) 582M->347M(852M) 3.436ms
[1028.880s][info ][gc,cpu       ] GC(543) User=0.01s Sys=0.00s Real=0.00s
[1028.880s][info ][safepoint    ] Leaving safepoint region
[1028.880s][info ][safepoint    ] Total time for which application threads were stopped: 0.0035994 seconds, Stopping threads took: 0.0000146 seconds
[1030.880s][info ][safepoint    ] Application time: 2.0001858 seconds
[1030.880s][info ][safepoint    ] Entering safepoint region: Cleanup
[1030.880s][info ][safepoint    ] Leaving safepoint region
[1030.880s][info ][safepoint    ] Total time for which application threads were stopped: 0.0001120 seconds, Stopping threads took: 0.0000399 seconds
[1031.880s][info ][safepoint    ] Application time: 1.0001267 seconds
[1031.880s][info ][safepoint    ] Entering safepoint region: Cleanup
[1031.880s][info ][safepoint    ] Leaving safepoint region
[1031.880s][info ][safepoint    ] Total time for which application threads were stopped: 0.0000739 seconds, Stopping threads took: 0.0000156 seconds
[1032.418s][info ][safepoint    ] Application time: 0.5377317 seconds
[1032.418s][info ][safepoint    ] Entering safepoint region: GenCollectForAllocation
[1032.419s][info ][gc,start     ] GC(544) Pause Young (Allocation Failure)
[1032.419s][info ][gc,task      ] GC(544) Using 4 workers of 4 for evacuation
[1032.422s][debug][gc,ref       ] GC(544) Skipped phase1 of Reference Processing due to unavailable references
[1032.422s][debug][gc,ref       ] GC(544) Skipped phase2 of Reference Processing due to unavailable references
[1032.422s][debug][gc,ref       ] GC(544) Skipped phase3 of Reference Processing due to unavailable references
[1032.422s][debug][gc,ref       ] GC(544) Skipped phase4 of Reference Processing due to unavailable references
[1032.422s][debug][gc,age       ] GC(544) Desired survivor size 15400960 bytes, new threshold 6 (max threshold 6)
[1032.422s][info ][gc,heap      ] GC(544) ParNew: 242480K->1827K(270976K)
[1032.422s][info ][gc,heap      ] GC(544) CMS: 353999K->354099K(602112K)
[1032.422s][info ][gc,metaspace ] GC(544) Metaspace: 62288K->62288K(1105920K)
[1032.422s][info ][gc           ] GC(544) Pause Young (Allocation Failure) 582M->347M(852M) 3.546ms
[1032.422s][info ][gc,cpu       ] GC(544) User=0.01s Sys=0.00s Real=0.01s
[1032.422s][info ][safepoint    ] Leaving safepoint region
[1032.422s][info ][safepoint    ] Total time for which application threads were stopped: 0.0042576 seconds, Stopping threads took: 0.0002751 seconds
[1034.909s][info ][safepoint    ] Application time: 2.4863301 seconds
[1034.909s][info ][safepoint    ] Entering safepoint region: RevokeBias
[1034.909s][info ][safepoint    ] Leaving safepoint region
[1034.909s][info ][safepoint    ] Total time for which application threads were stopped: 0.0001255 seconds, Stopping threads took: 0.0000590 seconds
[1034.909s][info ][safepoint    ] Application time: 0.0001264 seconds
[1034.909s][info ][safepoint    ] Entering safepoint region: RevokeBias
[1034.909s][info ][safepoint    ] Leaving safepoint region
[1034.909s][info ][safepoint    ] Total time for which application threads were stopped: 0.0000300 seconds, Stopping threads took: 0.0000079 seconds
[1035.909s][info ][safepoint    ] Application time: 1.0000923 seconds
[1035.909s][info ][safepoint    ] Entering safepoint region: Cleanup
[1035.909s][info ][safepoint    ] Leaving safepoint region
[1035.909s][info ][safepoint    ] Total time for which application threads were stopped: 0.0000720 seconds, Stopping threads took: 0.0000160 seconds
[1035.968s][info ][safepoint    ] Application time: 0.0587054 seconds
[1035.968s][info ][safepoint    ] Entering safepoint region: GenCollectForAllocation
[1035.968s][info ][gc,start     ] GC(545) Pause Young (Allocation Failure)
[1035.968s][info ][gc,task      ] GC(545) Using 4 workers of 4 for evacuation
[1035.971s][debug][gc,ref       ] GC(545) Skipped phase1 of Reference Processing due to unavailable references
[1035.971s][debug][gc,ref       ] GC(545) Skipped phase2 of Reference Processing due to unavailable references
[1035.971s][debug][gc,ref       ] GC(545) Skipped phase3 of Reference Processing due to unavailable references
[1035.971s][debug][gc,ref       ] GC(545) Skipped phase4 of Reference Processing due to unavailable references
[1035.971s][debug][gc,age       ] GC(545) Desired survivor size 15400960 bytes, new threshold 6 (max threshold 6)
[1035.971s][info ][gc,heap      ] GC(545) ParNew: 242723K->1469K(270976K)
[1035.971s][info ][gc,heap      ] GC(545) CMS: 354099K->354214K(602112K)
[1035.971s][info ][gc,metaspace ] GC(545) Metaspace: 62288K->62288K(1105920K)
[1035.971s][info ][gc           ] GC(545) Pause Young (Allocation Failure) 582M->347M(852M) 2.896ms
[1035.971s][info ][gc,cpu       ] GC(545) User=0.01s Sys=0.00s Real=0.01s
[1035.971s][info ][safepoint    ] Leaving safepoint region
[1035.971s][info ][safepoint    ] Total time for which application threads were stopped: 0.0030288 seconds, Stopping threads took: 0.0000156 seconds
[1039.424s][info ][safepoint    ] Application time: 3.4532818 seconds
[1039.424s][info ][safepoint    ] Entering safepoint region: GenCollectForAllocation
[1039.425s][info ][gc,start     ] GC(546) Pause Young (Allocation Failure)
[1039.425s][info ][gc,task      ] GC(546) Using 4 workers of 4 for evacuation
[1039.428s][debug][gc,ref       ] GC(546) Skipped phase1 of Reference Processing due to unavailable references
[1039.428s][debug][gc,ref       ] GC(546) Skipped phase2 of Reference Processing due to unavailable references
[1039.428s][debug][gc,ref       ] GC(546) Skipped phase3 of Reference Processing due to unavailable references
[1039.428s][debug][gc,ref       ] GC(546) Skipped phase4 of Reference Processing due to unavailable references
[1039.428s][debug][gc,age       ] GC(546) Desired survivor size 15400960 bytes, new threshold 6 (max threshold 6)
[1039.428s][info ][gc,heap      ] GC(546) ParNew: 242365K->1763K(270976K)
[1039.428s][info ][gc,heap      ] GC(546) CMS: 354214K->354277K(602112K)
[1039.428s][info ][gc,metaspace ] GC(546) Metaspace: 62292K->62292K(1105920K)
[1039.428s][info ][gc           ] GC(546) Pause Young (Allocation Failure) 582M->347M(852M) 3.628ms
[1039.428s][info ][gc,cpu       ] GC(546) User=0.01s Sys=0.00s Real=0.01s
[1039.428s][info ][safepoint    ] Leaving safepoint region
[1039.428s][info ][safepoint    ] Total time for which application threads were stopped: 0.0039110 seconds, Stopping threads took: 0.0000559 seconds
[1042.429s][info ][safepoint    ] Application time: 3.0002905 seconds
[1042.429s][info ][safepoint    ] Entering safepoint region: Cleanup
[1042.429s][info ][safepoint    ] Leaving safepoint region
[1042.429s][info ][safepoint    ] Total time for which application threads were stopped: 0.0002233 seconds, Stopping threads took: 0.0000535 seconds
[1042.871s][info ][safepoint    ] Application time: 0.4420397 seconds
[1042.871s][info ][safepoint    ] Entering safepoint region: GenCollectForAllocation
[1042.871s][info ][gc,start     ] GC(547) Pause Young (Allocation Failure)
[1042.871s][info ][gc,task      ] GC(547) Using 4 workers of 4 for evacuation
[1042.875s][debug][gc,ref       ] GC(547) Skipped phase1 of Reference Processing due to unavailable references
[1042.875s][debug][gc,ref       ] GC(547) Skipped phase2 of Reference Processing due to unavailable references
[1042.875s][debug][gc,ref       ] GC(547) Skipped phase3 of Reference Processing due to unavailable references
[1042.875s][debug][gc,ref       ] GC(547) Skipped phase4 of Reference Processing due to unavailable references
[1042.875s][debug][gc,age       ] GC(547) Desired survivor size 15400960 bytes, new threshold 6 (max threshold 6)
[1042.875s][info ][gc,heap      ] GC(547) ParNew: 242659K->1673K(270976K)
[1042.875s][info ][gc,heap      ] GC(547) CMS: 354277K->354390K(602112K)
[1042.875s][info ][gc,metaspace ] GC(547) Metaspace: 62302K->62302K(1105920K)
[1042.875s][info ][gc           ] GC(547) Pause Young (Allocation Failure) 582M->347M(852M) 3.861ms
[1042.875s][info ][gc,cpu       ] GC(547) User=0.01s Sys=0.00s Real=0.00s
[1042.875s][info ][safepoint    ] Leaving safepoint region
[1042.875s][info ][safepoint    ] Total time for which application threads were stopped: 0.0040071 seconds, Stopping threads took: 0.0000148 seconds
[1043.875s][info ][safepoint    ] Application time: 1.0001398 seconds
[1043.875s][info ][safepoint    ] Entering safepoint region: Cleanup
[1043.875s][info ][safepoint    ] Leaving safepoint region
[1043.875s][info ][safepoint    ] Total time for which application threads were stopped: 0.0001293 seconds, Stopping threads took: 0.0000575 seconds
[1044.875s][info ][safepoint    ] Application time: 1.0001205 seconds
[1044.875s][info ][safepoint    ] Entering safepoint region: Cleanup
[1044.876s][info ][safepoint    ] Leaving safepoint region
[1044.876s][info ][safepoint    ] Total time for which application threads were stopped: 0.0001048 seconds, Stopping threads took: 0.0000405 seconds
[1045.876s][info ][safepoint    ] Application time: 1.0001455 seconds
[1045.876s][info ][safepoint    ] Entering safepoint region: Cleanup
[1045.876s][info ][safepoint    ] Leaving safepoint region
[1045.876s][info ][safepoint    ] Total time for which application threads were stopped: 0.0001391 seconds, Stopping threads took: 0.0000742 seconds
[1046.178s][info ][safepoint    ] Application time: 0.3016877 seconds
[1046.178s][info ][safepoint    ] Entering safepoint region: GenCollectForAllocation
[1046.178s][info ][gc,start     ] GC(548) Pause Young (Allocation Failure)
[1046.178s][info ][gc,task      ] GC(548) Using 4 workers of 4 for evacuation
[1046.182s][debug][gc,ref       ] GC(548) Skipped phase1 of Reference Processing due to unavailable references
[1046.182s][debug][gc,ref       ] GC(548) Skipped phase2 of Reference Processing due to unavailable references
[1046.182s][debug][gc,ref       ] GC(548) Skipped phase3 of Reference Processing due to unavailable references
[1046.182s][debug][gc,ref       ] GC(548) Skipped phase4 of Reference Processing due to unavailable references
[1046.182s][debug][gc,age       ] GC(548) Desired survivor size 15400960 bytes, new threshold 6 (max threshold 6)
[1046.182s][info ][gc,heap      ] GC(548) ParNew: 242569K->1695K(270976K)
[1046.182s][info ][gc,heap      ] GC(548) CMS: 354390K->354730K(602112K)
[1046.182s][info ][gc,metaspace ] GC(548) Metaspace: 62302K->62302K(1105920K)
[1046.182s][info ][gc           ] GC(548) Pause Young (Allocation Failure) 582M->348M(852M) 4.747ms
[1046.182s][info ][gc,cpu       ] GC(548) User=0.01s Sys=0.00s Real=0.01s
[1046.182s][info ][safepoint    ] Leaving safepoint region
[1046.182s][info ][safepoint    ] Total time for which application threads were stopped: 0.0048979 seconds, Stopping threads took: 0.0000155 seconds
[1047.183s][info ][safepoint    ] Application time: 1.0001392 seconds
[1047.183s][info ][safepoint    ] Entering safepoint region: Cleanup
[1047.183s][info ][safepoint    ] Leaving safepoint region
[1047.183s][info ][safepoint    ] Total time for which application threads were stopped: 0.0001893 seconds, Stopping threads took: 0.0001247 seconds
[1048.184s][info ][safepoint    ] Application time: 1.0015422 seconds
[1048.184s][info ][safepoint    ] Entering safepoint region: Cleanup
[1048.185s][info ][safepoint    ] Leaving safepoint region
[1048.185s][info ][safepoint    ] Total time for which application threads were stopped: 0.0000704 seconds, Stopping threads took: 0.0000167 seconds
[1049.823s][info ][safepoint    ] Application time: 1.6379795 seconds
[1049.823s][info ][safepoint    ] Entering safepoint region: GenCollectForAllocation
[1049.823s][info ][gc,start     ] GC(549) Pause Young (Allocation Failure)
[1049.823s][info ][gc,task      ] GC(549) Using 4 workers of 4 for evacuation
[1049.827s][debug][gc,ref       ] GC(549) Skipped phase1 of Reference Processing due to unavailable references
[1049.827s][debug][gc,ref       ] GC(549) Skipped phase2 of Reference Processing due to unavailable references
[1049.827s][debug][gc,ref       ] GC(549) Skipped phase3 of Reference Processing due to unavailable references
[1049.827s][debug][gc,ref       ] GC(549) Skipped phase4 of Reference Processing due to unavailable references
[1049.827s][debug][gc,age       ] GC(549) Desired survivor size 15400960 bytes, new threshold 6 (max threshold 6)
[1049.827s][info ][gc,heap      ] GC(549) ParNew: 242591K->1514K(270976K)
[1049.827s][info ][gc,heap      ] GC(549) CMS: 354730K->354885K(602112K)
[1049.827s][info ][gc,metaspace ] GC(549) Metaspace: 62303K->62303K(1105920K)
[1049.827s][info ][gc           ] GC(549) Pause Young (Allocation Failure) 583M->348M(852M) 4.550ms
[1049.827s][info ][gc,cpu       ] GC(549) User=0.02s Sys=0.00s Real=0.00s
[1049.827s][info ][safepoint    ] Leaving safepoint region
[1049.827s][info ][safepoint    ] Total time for which application threads were stopped: 0.0046937 seconds, Stopping threads took: 0.0000143 seconds
[1050.827s][info ][safepoint    ] Application time: 1.0001015 seconds
[1050.827s][info ][safepoint    ] Entering safepoint region: Cleanup
[1050.827s][info ][safepoint    ] Leaving safepoint region
[1050.828s][info ][safepoint    ] Total time for which application threads were stopped: 0.0001037 seconds, Stopping threads took: 0.0000432 seconds
[1052.828s][info ][safepoint    ] Application time: 2.0001660 seconds
[1052.828s][info ][safepoint    ] Entering safepoint region: Cleanup
[1052.828s][info ][safepoint    ] Leaving safepoint region
[1052.828s][info ][safepoint    ] Total time for which application threads were stopped: 0.0001122 seconds, Stopping threads took: 0.0000406 seconds
[1053.479s][info ][safepoint    ] Application time: 0.6514442 seconds
[1053.479s][info ][safepoint    ] Entering safepoint region: GenCollectForAllocation
[1053.479s][info ][gc,start     ] GC(550) Pause Young (Allocation Failure)
[1053.479s][info ][gc,task      ] GC(550) Using 4 workers of 4 for evacuation
[1053.482s][debug][gc,ref       ] GC(550) Skipped phase1 of Reference Processing due to unavailable references
[1053.482s][debug][gc,ref       ] GC(550) Skipped phase2 of Reference Processing due to unavailable references
[1053.482s][debug][gc,ref       ] GC(550) Skipped phase3 of Reference Processing due to unavailable references
[1053.482s][debug][gc,ref       ] GC(550) Skipped phase4 of Reference Processing due to unavailable references
[1053.482s][debug][gc,age       ] GC(550) Desired survivor size 15400960 bytes, new threshold 6 (max threshold 6)
[1053.482s][info ][gc,heap      ] GC(550) ParNew: 242410K->1336K(270976K)
[1053.482s][info ][gc,heap      ] GC(550) CMS: 354885K->355007K(602112K)
[1053.482s][info ][gc,metaspace ] GC(550) Metaspace: 62310K->62310K(1105920K)
[1053.482s][info ][gc           ] GC(550) Pause Young (Allocation Failure) 583M->347M(852M) 2.889ms
[1053.482s][info ][gc,cpu       ] GC(550) User=0.02s Sys=0.00s Real=0.01s
[1053.482s][info ][safepoint    ] Leaving safepoint region
[1053.482s][info ][safepoint    ] Total time for which application threads were stopped: 0.0030283 seconds, Stopping threads took: 0.0000153 seconds
[1057.169s][info ][safepoint    ] Application time: 3.6868040 seconds
[1057.169s][info ][safepoint    ] Entering safepoint region: GenCollectForAllocation
[1057.169s][info ][gc,start     ] GC(551) Pause Young (Allocation Failure)
[1057.169s][info ][gc,task      ] GC(551) Using 4 workers of 4 for evacuation
[1057.172s][debug][gc,ref       ] GC(551) Skipped phase1 of Reference Processing due to unavailable references
[1057.172s][debug][gc,ref       ] GC(551) Skipped phase2 of Reference Processing due to unavailable references
[1057.172s][debug][gc,ref       ] GC(551) Skipped phase3 of Reference Processing due to unavailable references
[1057.172s][debug][gc,ref       ] GC(551) Skipped phase4 of Reference Processing due to unavailable references
[1057.172s][debug][gc,age       ] GC(551) Desired survivor size 15400960 bytes, new threshold 6 (max threshold 6)
[1057.172s][info ][gc,heap      ] GC(551) ParNew: 242232K->1452K(270976K)
[1057.172s][info ][gc,heap      ] GC(551) CMS: 355007K->355053K(602112K)
[1057.172s][info ][gc,metaspace ] GC(551) Metaspace: 62310K->62310K(1105920K)
[1057.172s][info ][gc           ] GC(551) Pause Young (Allocation Failure) 583M->348M(852M) 2.971ms
[1057.172s][info ][gc,cpu       ] GC(551) User=0.01s Sys=0.00s Real=0.00s
[1057.172s][info ][safepoint    ] Leaving safepoint region
[1057.172s][info ][safepoint    ] Total time for which application threads were stopped: 0.0031349 seconds, Stopping threads took: 0.0000394 seconds
[1060.691s][info ][safepoint    ] Application time: 3.5183633 seconds
[1060.691s][info ][safepoint    ] Entering safepoint region: GenCollectForAllocation
[1060.691s][info ][gc,start     ] GC(552) Pause Young (Allocation Failure)
[1060.691s][info ][gc,task      ] GC(552) Using 4 workers of 4 for evacuation
[1060.696s][debug][gc,ref       ] GC(552) Skipped phase1 of Reference Processing due to unavailable references
[1060.696s][debug][gc,ref       ] GC(552) Skipped phase2 of Reference Processing due to unavailable references
[1060.696s][debug][gc,ref       ] GC(552) Skipped phase3 of Reference Processing due to unavailable references
[1060.696s][debug][gc,ref       ] GC(552) Skipped phase4 of Reference Processing due to unavailable references
[1060.696s][debug][gc,age       ] GC(552) Desired survivor size 15400960 bytes, new threshold 6 (max threshold 6)
[1060.696s][info ][gc,heap      ] GC(552) ParNew: 242348K->1457K(270976K)
[1060.696s][info ][gc,heap      ] GC(552) CMS: 355053K->355189K(602112K)
[1060.696s][info ][gc,metaspace ] GC(552) Metaspace: 62310K->62310K(1105920K)
[1060.696s][info ][gc           ] GC(552) Pause Young (Allocation Failure) 583M->348M(852M) 4.886ms
[1060.696s][info ][gc,cpu       ] GC(552) User=0.02s Sys=0.01s Real=0.00s
[1060.696s][info ][safepoint    ] Leaving safepoint region
[1060.696s][info ][safepoint    ] Total time for which application threads were stopped: 0.0051974 seconds, Stopping threads took: 0.0000873 seconds
[1063.697s][info ][safepoint    ] Application time: 3.0014051 seconds
[1063.697s][info ][safepoint    ] Entering safepoint region: Cleanup
[1063.697s][info ][safepoint    ] Leaving safepoint region
[1063.697s][info ][safepoint    ] Total time for which application threads were stopped: 0.0000752 seconds, Stopping threads took: 0.0000163 seconds
[1064.219s][info ][safepoint    ] Application time: 0.5217089 seconds
[1064.219s][info ][safepoint    ] Entering safepoint region: GenCollectForAllocation
[1064.219s][info ][gc,start     ] GC(553) Pause Young (Allocation Failure)
[1064.219s][info ][gc,task      ] GC(553) Using 4 workers of 4 for evacuation
[1064.222s][debug][gc,ref       ] GC(553) Skipped phase1 of Reference Processing due to unavailable references
[1064.222s][debug][gc,ref       ] GC(553) Skipped phase2 of Reference Processing due to unavailable references
[1064.222s][debug][gc,ref       ] GC(553) Skipped phase3 of Reference Processing due to unavailable references
[1064.222s][debug][gc,ref       ] GC(553) Skipped phase4 of Reference Processing due to unavailable references
[1064.223s][debug][gc,age       ] GC(553) Desired survivor size 15400960 bytes, new threshold 6 (max threshold 6)
[1064.223s][info ][gc,heap      ] GC(553) ParNew: 242353K->1402K(270976K)
[1064.223s][info ][gc,heap      ] GC(553) CMS: 355189K->355418K(602112K)
[1064.223s][info ][gc,metaspace ] GC(553) Metaspace: 62310K->62310K(1105920K)
[1064.223s][info ][gc           ] GC(553) Pause Young (Allocation Failure) 583M->348M(852M) 3.287ms
[1064.223s][info ][gc,cpu       ] GC(553) User=0.02s Sys=0.00s Real=0.01s
[1064.223s][info ][safepoint    ] Leaving safepoint region
[1064.223s][info ][safepoint    ] Total time for which application threads were stopped: 0.0035278 seconds, Stopping threads took: 0.0000734 seconds
[1067.223s][info ][safepoint    ] Application time: 3.0003135 seconds
[1067.223s][info ][safepoint    ] Entering safepoint region: Cleanup
[1067.223s][info ][safepoint    ] Leaving safepoint region
[1067.223s][info ][safepoint    ] Total time for which application threads were stopped: 0.0001545 seconds, Stopping threads took: 0.0000753 seconds
[1067.724s][info ][safepoint    ] Application time: 0.5011736 seconds
[1067.725s][info ][safepoint    ] Entering safepoint region: GenCollectForAllocation
[1067.725s][info ][gc,start     ] GC(554) Pause Young (Allocation Failure)
[1067.725s][info ][gc,task      ] GC(554) Using 4 workers of 4 for evacuation
[1067.728s][debug][gc,ref       ] GC(554) Skipped phase1 of Reference Processing due to unavailable references
[1067.728s][debug][gc,ref       ] GC(554) Skipped phase2 of Reference Processing due to unavailable references
[1067.728s][debug][gc,ref       ] GC(554) Skipped phase3 of Reference Processing due to unavailable references
[1067.728s][debug][gc,ref       ] GC(554) Skipped phase4 of Reference Processing due to unavailable references
[1067.728s][debug][gc,age       ] GC(554) Desired survivor size 15400960 bytes, new threshold 6 (max threshold 6)
[1067.728s][info ][gc,heap      ] GC(554) ParNew: 242298K->1362K(270976K)
[1067.728s][info ][gc,heap      ] GC(554) CMS: 355418K->355510K(602112K)
[1067.728s][info ][gc,metaspace ] GC(554) Metaspace: 62311K->62311K(1105920K)
[1067.728s][info ][gc           ] GC(554) Pause Young (Allocation Failure) 583M->348M(852M) 3.714ms
[1067.729s][info ][gc,cpu       ] GC(554) User=0.02s Sys=0.00s Real=0.01s
[1067.729s][info ][safepoint    ] Leaving safepoint region
[1067.729s][info ][safepoint    ] Total time for which application threads were stopped: 0.0038796 seconds, Stopping threads took: 0.0000179 seconds
[1070.729s][info ][safepoint    ] Application time: 3.0003102 seconds
[1070.729s][info ][safepoint    ] Entering safepoint region: Cleanup
[1070.729s][info ][safepoint    ] Leaving safepoint region
[1070.729s][info ][safepoint    ] Total time for which application threads were stopped: 0.0001148 seconds, Stopping threads took: 0.0000395 seconds
[1071.378s][info ][safepoint    ] Application time: 0.6485911 seconds
[1071.378s][info ][safepoint    ] Entering safepoint region: GenCollectForAllocation
[1071.378s][info ][gc,start     ] GC(555) Pause Young (Allocation Failure)
[1071.378s][info ][gc,task      ] GC(555) Using 4 workers of 4 for evacuation
[1071.380s][debug][gc,ref       ] GC(555) Skipped phase1 of Reference Processing due to unavailable references
[1071.380s][debug][gc,ref       ] GC(555) Skipped phase2 of Reference Processing due to unavailable references
[1071.380s][debug][gc,ref       ] GC(555) Skipped phase3 of Reference Processing due to unavailable references
[1071.380s][debug][gc,ref       ] GC(555) Skipped phase4 of Reference Processing due to unavailable references
[1071.380s][debug][gc,age       ] GC(555) Desired survivor size 15400960 bytes, new threshold 6 (max threshold 6)
[1071.380s][info ][gc,heap      ] GC(555) ParNew: 242258K->1354K(270976K)
[1071.381s][info ][gc,heap      ] GC(555) CMS: 355510K->355540K(602112K)
[1071.381s][info ][gc,metaspace ] GC(555) Metaspace: 62311K->62311K(1105920K)
[1071.381s][info ][gc           ] GC(555) Pause Young (Allocation Failure) 583M->348M(852M) 2.801ms
[1071.381s][info ][gc,cpu       ] GC(555) User=0.01s Sys=0.00s Real=0.01s
[1071.381s][info ][safepoint    ] Leaving safepoint region
[1071.381s][info ][safepoint    ] Total time for which application threads were stopped: 0.0029323 seconds, Stopping threads took: 0.0000150 seconds
[1075.029s][info ][safepoint    ] Application time: 3.6482723 seconds
[1075.029s][info ][safepoint    ] Entering safepoint region: GenCollectForAllocation
[1075.029s][info ][gc,start     ] GC(556) Pause Young (Allocation Failure)
[1075.029s][info ][gc,task      ] GC(556) Using 4 workers of 4 for evacuation
[1075.032s][debug][gc,ref       ] GC(556) Skipped phase1 of Reference Processing due to unavailable references
[1075.032s][debug][gc,ref       ] GC(556) Skipped phase2 of Reference Processing due to unavailable references
[1075.032s][debug][gc,ref       ] GC(556) Skipped phase3 of Reference Processing due to unavailable references
[1075.032s][debug][gc,ref       ] GC(556) Skipped phase4 of Reference Processing due to unavailable references
[1075.032s][debug][gc,age       ] GC(556) Desired survivor size 15400960 bytes, new threshold 6 (max threshold 6)
[1075.032s][info ][gc,heap      ] GC(556) ParNew: 242250K->1500K(270976K)
[1075.032s][info ][gc,heap      ] GC(556) CMS: 355540K->355562K(602112K)
[1075.032s][info ][gc,metaspace ] GC(556) Metaspace: 62311K->62311K(1105920K)
[1075.032s][info ][gc           ] GC(556) Pause Young (Allocation Failure) 583M->348M(852M) 3.000ms
[1075.032s][info ][gc,cpu       ] GC(556) User=0.01s Sys=0.00s Real=0.00s
[1075.032s][info ][safepoint    ] Leaving safepoint region
[1075.032s][info ][safepoint    ] Total time for which application threads were stopped: 0.0031664 seconds, Stopping threads took: 0.0000149 seconds
[1076.032s][info ][safepoint    ] Application time: 1.0000920 seconds
[1076.032s][info ][safepoint    ] Entering safepoint region: Cleanup
[1076.032s][info ][safepoint    ] Leaving safepoint region
[1076.032s][info ][safepoint    ] Total time for which application threads were stopped: 0.0000816 seconds, Stopping threads took: 0.0000274 seconds
[1077.032s][info ][safepoint    ] Application time: 1.0000692 seconds
[1077.032s][info ][safepoint    ] Entering safepoint region: Cleanup
[1077.032s][info ][safepoint    ] Leaving safepoint region
[1077.032s][info ][safepoint    ] Total time for which application threads were stopped: 0.0000695 seconds, Stopping threads took: 0.0000157 seconds
[1078.729s][info ][safepoint    ] Application time: 1.6961165 seconds
[1078.729s][info ][safepoint    ] Entering safepoint region: GenCollectForAllocation
[1078.729s][info ][gc,start     ] GC(557) Pause Young (Allocation Failure)
[1078.729s][info ][gc,task      ] GC(557) Using 4 workers of 4 for evacuation
[1078.734s][debug][gc,ref       ] GC(557) Skipped phase1 of Reference Processing due to unavailable references
[1078.734s][debug][gc,ref       ] GC(557) Skipped phase2 of Reference Processing due to unavailable references
[1078.734s][debug][gc,ref       ] GC(557) Skipped phase3 of Reference Processing due to unavailable references
[1078.734s][debug][gc,ref       ] GC(557) Skipped phase4 of Reference Processing due to unavailable references
[1078.734s][debug][gc,age       ] GC(557) Desired survivor size 15400960 bytes, new threshold 6 (max threshold 6)
[1078.734s][info ][gc,heap      ] GC(557) ParNew: 242396K->1575K(270976K)
[1078.734s][info ][gc,heap      ] GC(557) CMS: 355562K->355816K(602112K)
[1078.734s][info ][gc,metaspace ] GC(557) Metaspace: 62311K->62311K(1105920K)
[1078.734s][info ][gc           ] GC(557) Pause Young (Allocation Failure) 583M->349M(852M) 5.687ms
[1078.734s][info ][gc,cpu       ] GC(557) User=0.03s Sys=0.00s Real=0.00s
[1078.734s][info ][safepoint    ] Leaving safepoint region
[1078.734s][info ][safepoint    ] Total time for which application threads were stopped: 0.0058393 seconds, Stopping threads took: 0.0000150 seconds
[1080.735s][info ][safepoint    ] Application time: 2.0002016 seconds
[1080.735s][info ][safepoint    ] Entering safepoint region: Cleanup
[1080.735s][info ][safepoint    ] Leaving safepoint region
[1080.735s][info ][safepoint    ] Total time for which application threads were stopped: 0.0000679 seconds, Stopping threads took: 0.0000158 seconds
[1081.735s][info ][safepoint    ] Application time: 1.0000924 seconds
[1081.735s][info ][safepoint    ] Entering safepoint region: Cleanup
[1081.735s][info ][safepoint    ] Leaving safepoint region
[1081.735s][info ][safepoint    ] Total time for which application threads were stopped: 0.0000690 seconds, Stopping threads took: 0.0000160 seconds
[1082.623s][info ][safepoint    ] Application time: 0.8880659 seconds
[1082.623s][info ][safepoint    ] Entering safepoint region: GenCollectForAllocation
[1082.623s][info ][gc,start     ] GC(558) Pause Young (Allocation Failure)
[1082.623s][info ][gc,task      ] GC(558) Using 4 workers of 4 for evacuation
[1082.626s][debug][gc,ref       ] GC(558) Skipped phase1 of Reference Processing due to unavailable references
[1082.626s][debug][gc,ref       ] GC(558) Skipped phase2 of Reference Processing due to unavailable references
[1082.626s][debug][gc,ref       ] GC(558) Skipped phase3 of Reference Processing due to unavailable references
[1082.626s][debug][gc,ref       ] GC(558) Skipped phase4 of Reference Processing due to unavailable references
[1082.626s][debug][gc,age       ] GC(558) Desired survivor size 15400960 bytes, new threshold 6 (max threshold 6)
[1082.626s][info ][gc,heap      ] GC(558) ParNew: 242471K->1653K(270976K)
[1082.626s][info ][gc,heap      ] GC(558) CMS: 355816K->355965K(602112K)
[1082.626s][info ][gc,metaspace ] GC(558) Metaspace: 62312K->62312K(1105920K)
[1082.626s][info ][gc           ] GC(558) Pause Young (Allocation Failure) 584M->349M(852M) 3.175ms
[1082.626s][info ][gc,cpu       ] GC(558) User=0.01s Sys=0.01s Real=0.00s
[1082.626s][info ][safepoint    ] Leaving safepoint region
[1082.626s][info ][safepoint    ] Total time for which application threads were stopped: 0.0034165 seconds, Stopping threads took: 0.0000376 seconds
[1084.627s][info ][safepoint    ] Application time: 2.0001767 seconds
[1084.627s][info ][safepoint    ] Entering safepoint region: Cleanup
[1084.627s][info ][safepoint    ] Leaving safepoint region
[1084.627s][info ][safepoint    ] Total time for which application threads were stopped: 0.0001200 seconds, Stopping threads took: 0.0000416 seconds
[1085.627s][info ][safepoint    ] Application time: 1.0001387 seconds
[1085.627s][info ][safepoint    ] Entering safepoint region: Cleanup
[1085.627s][info ][safepoint    ] Leaving safepoint region
[1085.627s][info ][safepoint    ] Total time for which application threads were stopped: 0.0001428 seconds, Stopping threads took: 0.0000644 seconds
[1086.569s][info ][safepoint    ] Application time: 0.9416514 seconds
[1086.569s][info ][safepoint    ] Entering safepoint region: GenCollectForAllocation
[1086.569s][info ][gc,start     ] GC(559) Pause Young (Allocation Failure)
[1086.569s][info ][gc,task      ] GC(559) Using 4 workers of 4 for evacuation
[1086.572s][debug][gc,ref       ] GC(559) Skipped phase1 of Reference Processing due to unavailable references
[1086.572s][debug][gc,ref       ] GC(559) Skipped phase2 of Reference Processing due to unavailable references
[1086.572s][debug][gc,ref       ] GC(559) Skipped phase3 of Reference Processing due to unavailable references
[1086.572s][debug][gc,ref       ] GC(559) Skipped phase4 of Reference Processing due to unavailable references
[1086.573s][debug][gc,age       ] GC(559) Desired survivor size 15400960 bytes, new threshold 6 (max threshold 6)
[1086.573s][info ][gc,heap      ] GC(559) ParNew: 242549K->1432K(270976K)
[1086.573s][info ][gc,heap      ] GC(559) CMS: 355965K->356074K(602112K)
[1086.573s][info ][gc,metaspace ] GC(559) Metaspace: 62315K->62315K(1105920K)
[1086.573s][info ][gc           ] GC(559) Pause Young (Allocation Failure) 584M->349M(852M) 3.719ms
[1086.573s][info ][gc,cpu       ] GC(559) User=0.01s Sys=0.00s Real=0.00s
[1086.573s][info ][safepoint    ] Leaving safepoint region
[1086.573s][info ][safepoint    ] Total time for which application threads were stopped: 0.0039959 seconds, Stopping threads took: 0.0000166 seconds
[1088.573s][info ][safepoint    ] Application time: 2.0003888 seconds
[1088.573s][info ][safepoint    ] Entering safepoint region: Cleanup
[1088.573s][info ][safepoint    ] Leaving safepoint region
[1088.573s][info ][safepoint    ] Total time for which application threads were stopped: 0.0001557 seconds, Stopping threads took: 0.0000460 seconds
[1090.408s][info ][safepoint    ] Application time: 1.8343622 seconds
[1090.408s][info ][safepoint    ] Entering safepoint region: GenCollectForAllocation
[1090.408s][info ][gc,start     ] GC(560) Pause Young (Allocation Failure)
[1090.408s][info ][gc,task      ] GC(560) Using 4 workers of 4 for evacuation
[1090.412s][debug][gc,ref       ] GC(560) Skipped phase1 of Reference Processing due to unavailable references
[1090.412s][debug][gc,ref       ] GC(560) Skipped phase3 of Reference Processing due to unavailable references
[1090.412s][debug][gc,age       ] GC(560) Desired survivor size 15400960 bytes, new threshold 6 (max threshold 6)
[1090.412s][info ][gc,heap      ] GC(560) ParNew: 242328K->1380K(270976K)
[1090.412s][info ][gc,heap      ] GC(560) CMS: 356074K->356193K(602112K)
[1090.412s][info ][gc,metaspace ] GC(560) Metaspace: 62315K->62315K(1105920K)
[1090.412s][info ][gc           ] GC(560) Pause Young (Allocation Failure) 584M->349M(852M) 4.161ms
[1090.412s][info ][gc,cpu       ] GC(560) User=0.01s Sys=0.00s Real=0.01s
[1090.412s][info ][safepoint    ] Leaving safepoint region
[1090.412s][info ][safepoint    ] Total time for which application threads were stopped: 0.0043015 seconds, Stopping threads took: 0.0000153 seconds
[1094.376s][info ][safepoint    ] Application time: 3.9643004 seconds
[1094.376s][info ][safepoint    ] Entering safepoint region: GenCollectForAllocation
[1094.377s][info ][gc,start     ] GC(561) Pause Young (Allocation Failure)
[1094.377s][info ][gc,task      ] GC(561) Using 4 workers of 4 for evacuation
[1094.379s][debug][gc,ref       ] GC(561) Skipped phase1 of Reference Processing due to unavailable references
[1094.379s][debug][gc,ref       ] GC(561) Skipped phase3 of Reference Processing due to unavailable references
[1094.379s][debug][gc,ref       ] GC(561) Skipped phase4 of Reference Processing due to unavailable references
[1094.379s][debug][gc,age       ] GC(561) Desired survivor size 15400960 bytes, new threshold 6 (max threshold 6)
[1094.379s][info ][gc,heap      ] GC(561) ParNew: 242276K->1742K(270976K)
[1094.379s][info ][gc,heap      ] GC(561) CMS: 356193K->356279K(602112K)
[1094.379s][info ][gc,metaspace ] GC(561) Metaspace: 62315K->62315K(1105920K)
[1094.379s][info ][gc           ] GC(561) Pause Young (Allocation Failure) 584M->349M(852M) 2.912ms
[1094.379s][info ][gc,cpu       ] GC(561) User=0.01s Sys=0.00s Real=0.00s
[1094.380s][info ][safepoint    ] Leaving safepoint region
[1094.380s][info ][safepoint    ] Total time for which application threads were stopped: 0.0030712 seconds, Stopping threads took: 0.0000154 seconds
[1097.380s][info ][safepoint    ] Application time: 3.0003110 seconds
[1097.380s][info ][safepoint    ] Entering safepoint region: Cleanup
[1097.380s][info ][safepoint    ] Leaving safepoint region
[1097.380s][info ][safepoint    ] Total time for which application threads were stopped: 0.0000745 seconds, Stopping threads took: 0.0000162 seconds
[1098.370s][info ][safepoint    ] Application time: 0.9898716 seconds
[1098.370s][info ][safepoint    ] Entering safepoint region: GenCollectForAllocation
[1098.370s][info ][gc,start     ] GC(562) Pause Young (Allocation Failure)
[1098.370s][info ][gc,task      ] GC(562) Using 4 workers of 4 for evacuation
[1098.373s][debug][gc,ref       ] GC(562) Skipped phase1 of Reference Processing due to unavailable references
[1098.373s][debug][gc,ref       ] GC(562) Skipped phase3 of Reference Processing due to unavailable references
[1098.373s][debug][gc,ref       ] GC(562) Skipped phase4 of Reference Processing due to unavailable references
[1098.373s][debug][gc,age       ] GC(562) Desired survivor size 15400960 bytes, new threshold 6 (max threshold 6)
[1098.373s][info ][gc,heap      ] GC(562) ParNew: 242638K->1529K(270976K)
[1098.373s][info ][gc,heap      ] GC(562) CMS: 356279K->356402K(602112K)
[1098.373s][info ][gc,metaspace ] GC(562) Metaspace: 62318K->62318K(1105920K)
[1098.373s][info ][gc           ] GC(562) Pause Young (Allocation Failure) 584M->349M(852M) 3.121ms
[1098.373s][info ][gc,cpu       ] GC(562) User=0.02s Sys=0.00s Real=0.00s
[1098.373s][info ][safepoint    ] Leaving safepoint region
[1098.373s][info ][safepoint    ] Total time for which application threads were stopped: 0.0033480 seconds, Stopping threads took: 0.0000313 seconds
[1099.373s][info ][safepoint    ] Application time: 1.0001103 seconds
[1099.373s][info ][safepoint    ] Entering safepoint region: Cleanup
[1099.373s][info ][safepoint    ] Leaving safepoint region
[1099.373s][info ][safepoint    ] Total time for which application threads were stopped: 0.0001215 seconds, Stopping threads took: 0.0000587 seconds
[1101.374s][info ][safepoint    ] Application time: 2.0001805 seconds
[1101.374s][info ][safepoint    ] Entering safepoint region: Cleanup
[1101.374s][info ][safepoint    ] Leaving safepoint region
[1101.374s][info ][safepoint    ] Total time for which application threads were stopped: 0.0001310 seconds, Stopping threads took: 0.0000579 seconds
[1102.369s][info ][safepoint    ] Application time: 0.9954002 seconds
[1102.369s][info ][safepoint    ] Entering safepoint region: GenCollectForAllocation
[1102.369s][info ][gc,start     ] GC(563) Pause Young (Allocation Failure)
[1102.369s][info ][gc,task      ] GC(563) Using 4 workers of 4 for evacuation
[1102.372s][debug][gc,ref       ] GC(563) Skipped phase1 of Reference Processing due to unavailable references
[1102.372s][debug][gc,ref       ] GC(563) Skipped phase3 of Reference Processing due to unavailable references
[1102.372s][debug][gc,ref       ] GC(563) Skipped phase4 of Reference Processing due to unavailable references
[1102.372s][debug][gc,age       ] GC(563) Desired survivor size 15400960 bytes, new threshold 6 (max threshold 6)
[1102.372s][info ][gc,heap      ] GC(563) ParNew: 242425K->1534K(270976K)
[1102.372s][info ][gc,heap      ] GC(563) CMS: 356402K->356498K(602112K)
[1102.372s][info ][gc,metaspace ] GC(563) Metaspace: 62321K->62321K(1105920K)
[1102.372s][info ][gc           ] GC(563) Pause Young (Allocation Failure) 584M->349M(852M) 2.986ms
[1102.372s][info ][gc,cpu       ] GC(563) User=0.01s Sys=0.00s Real=0.00s
[1102.372s][info ][safepoint    ] Leaving safepoint region
[1102.372s][info ][safepoint    ] Total time for which application threads were stopped: 0.0031641 seconds, Stopping threads took: 0.0000401 seconds
[1103.373s][info ][safepoint    ] Application time: 1.0001405 seconds
[1103.373s][info ][safepoint    ] Entering safepoint region: Cleanup
[1103.373s][info ][safepoint    ] Leaving safepoint region
[1103.373s][info ][safepoint    ] Total time for which application threads were stopped: 0.0001488 seconds, Stopping threads took: 0.0000625 seconds
[1106.225s][info ][safepoint    ] Application time: 2.8520956 seconds
[1106.225s][info ][safepoint    ] Entering safepoint region: GenCollectForAllocation
[1106.225s][info ][gc,start     ] GC(564) Pause Young (Allocation Failure)
[1106.225s][info ][gc,task      ] GC(564) Using 4 workers of 4 for evacuation
[1106.228s][debug][gc,ref       ] GC(564) Skipped phase1 of Reference Processing due to unavailable references
[1106.228s][debug][gc,ref       ] GC(564) Skipped phase3 of Reference Processing due to unavailable references
[1106.228s][debug][gc,ref       ] GC(564) Skipped phase4 of Reference Processing due to unavailable references
[1106.228s][debug][gc,age       ] GC(564) Desired survivor size 15400960 bytes, new threshold 6 (max threshold 6)
[1106.228s][info ][gc,heap      ] GC(564) ParNew: 242430K->1726K(270976K)
[1106.228s][info ][gc,heap      ] GC(564) CMS: 356498K->356609K(602112K)
[1106.228s][info ][gc,metaspace ] GC(564) Metaspace: 62321K->62321K(1105920K)
[1106.228s][info ][gc           ] GC(564) Pause Young (Allocation Failure) 584M->349M(852M) 3.095ms
[1106.228s][info ][gc,cpu       ] GC(564) User=0.01s Sys=0.00s Real=0.00s
[1106.228s][info ][safepoint    ] Leaving safepoint region
[1106.228s][info ][safepoint    ] Total time for which application threads were stopped: 0.0032699 seconds, Stopping threads took: 0.0000157 seconds
[1110.176s][info ][safepoint    ] Application time: 3.9473206 seconds
[1110.176s][info ][safepoint    ] Entering safepoint region: GenCollectForAllocation
[1110.176s][info ][gc,start     ] GC(565) Pause Young (Allocation Failure)
[1110.176s][info ][gc,task      ] GC(565) Using 4 workers of 4 for evacuation
[1110.178s][debug][gc,ref       ] GC(565) Skipped phase1 of Reference Processing due to unavailable references
[1110.178s][debug][gc,ref       ] GC(565) Skipped phase3 of Reference Processing due to unavailable references
[1110.178s][debug][gc,ref       ] GC(565) Skipped phase4 of Reference Processing due to unavailable references
[1110.179s][debug][gc,age       ] GC(565) Desired survivor size 15400960 bytes, new threshold 6 (max threshold 6)
[1110.179s][info ][gc,heap      ] GC(565) ParNew: 242622K->2121K(270976K)
[1110.179s][info ][gc,heap      ] GC(565) CMS: 356609K->356628K(602112K)
[1110.179s][info ][gc,metaspace ] GC(565) Metaspace: 62322K->62322K(1105920K)
[1110.179s][info ][gc           ] GC(565) Pause Young (Allocation Failure) 585M->350M(852M) 2.908ms
[1110.179s][info ][gc,cpu       ] GC(565) User=0.01s Sys=0.01s Real=0.00s
[1110.179s][info ][safepoint    ] Leaving safepoint region
[1110.179s][info ][safepoint    ] Total time for which application threads were stopped: 0.0032348 seconds, Stopping threads took: 0.0000455 seconds
[1113.179s][info ][safepoint    ] Application time: 3.0004234 seconds
[1113.179s][info ][safepoint    ] Entering safepoint region: Cleanup
[1113.179s][info ][safepoint    ] Leaving safepoint region
[1113.179s][info ][safepoint    ] Total time for which application threads were stopped: 0.0001673 seconds, Stopping threads took: 0.0000527 seconds
[1114.127s][info ][safepoint    ] Application time: 0.9474111 seconds
[1114.127s][info ][safepoint    ] Entering safepoint region: GenCollectForAllocation
[1114.127s][info ][gc,start     ] GC(566) Pause Young (Allocation Failure)
[1114.127s][info ][gc,task      ] GC(566) Using 4 workers of 4 for evacuation
[1114.131s][debug][gc,ref       ] GC(566) Skipped phase1 of Reference Processing due to unavailable references
[1114.131s][debug][gc,ref       ] GC(566) Skipped phase2 of Reference Processing due to unavailable references
[1114.131s][debug][gc,ref       ] GC(566) Skipped phase3 of Reference Processing due to unavailable references
[1114.131s][debug][gc,ref       ] GC(566) Skipped phase4 of Reference Processing due to unavailable references
[1114.131s][debug][gc,age       ] GC(566) Desired survivor size 15400960 bytes, new threshold 6 (max threshold 6)
[1114.131s][info ][gc,heap      ] GC(566) ParNew: 243017K->1982K(270976K)
[1114.131s][info ][gc,heap      ] GC(566) CMS: 356628K->356970K(602112K)
[1114.131s][info ][gc,metaspace ] GC(566) Metaspace: 62322K->62322K(1105920K)
[1114.131s][info ][gc           ] GC(566) Pause Young (Allocation Failure) 585M->350M(852M) 4.259ms
[1114.131s][info ][gc,cpu       ] GC(566) User=0.01s Sys=0.00s Real=0.01s
[1114.131s][info ][safepoint    ] Leaving safepoint region
[1114.131s][info ][safepoint    ] Total time for which application threads were stopped: 0.0044388 seconds, Stopping threads took: 0.0000159 seconds
[1116.132s][info ][safepoint    ] Application time: 2.0001958 seconds
[1116.132s][info ][safepoint    ] Entering safepoint region: Cleanup
[1116.132s][info ][safepoint    ] Leaving safepoint region
[1116.132s][info ][safepoint    ] Total time for which application threads were stopped: 0.0000832 seconds, Stopping threads took: 0.0000160 seconds
[1118.122s][info ][safepoint    ] Application time: 1.9899337 seconds
[1118.122s][info ][safepoint    ] Entering safepoint region: GenCollectForAllocation
[1118.122s][info ][gc,start     ] GC(567) Pause Young (Allocation Failure)
[1118.122s][info ][gc,task      ] GC(567) Using 4 workers of 4 for evacuation
[1118.124s][debug][gc,ref       ] GC(567) Skipped phase1 of Reference Processing due to unavailable references
[1118.124s][debug][gc,ref       ] GC(567) Skipped phase2 of Reference Processing due to unavailable references
[1118.124s][debug][gc,ref       ] GC(567) Skipped phase3 of Reference Processing due to unavailable references
[1118.124s][debug][gc,ref       ] GC(567) Skipped phase4 of Reference Processing due to unavailable references
[1118.124s][debug][gc,age       ] GC(567) Desired survivor size 15400960 bytes, new threshold 6 (max threshold 6)
[1118.124s][info ][gc,heap      ] GC(567) ParNew: 242878K->1260K(270976K)
[1118.124s][info ][gc,heap      ] GC(567) CMS: 356970K->357076K(602112K)
[1118.124s][info ][gc,metaspace ] GC(567) Metaspace: 62322K->62322K(1105920K)
[1118.124s][info ][gc           ] GC(567) Pause Young (Allocation Failure) 585M->349M(852M) 2.529ms
[1118.124s][info ][gc,cpu       ] GC(567) User=0.01s Sys=0.00s Real=0.00s
[1118.124s][info ][safepoint    ] Leaving safepoint region
[1118.124s][info ][safepoint    ] Total time for which application threads were stopped: 0.0026956 seconds, Stopping threads took: 0.0000158 seconds
[1119.124s][info ][safepoint    ] Application time: 1.0001237 seconds
[1119.125s][info ][safepoint    ] Entering safepoint region: Cleanup
[1119.125s][info ][safepoint    ] Leaving safepoint region
[1119.125s][info ][safepoint    ] Total time for which application threads were stopped: 0.0001470 seconds, Stopping threads took: 0.0000624 seconds
[1120.125s][info ][safepoint    ] Application time: 1.0000972 seconds
[1120.125s][info ][safepoint    ] Entering safepoint region: Cleanup
[1120.125s][info ][safepoint    ] Leaving safepoint region
[1120.125s][info ][safepoint    ] Total time for which application threads were stopped: 0.0001315 seconds, Stopping threads took: 0.0000514 seconds
[1121.972s][info ][safepoint    ] Application time: 1.8465972 seconds
[1121.972s][info ][safepoint    ] Entering safepoint region: GenCollectForAllocation
[1121.972s][info ][gc,start     ] GC(568) Pause Young (Allocation Failure)
[1121.972s][info ][gc,task      ] GC(568) Using 4 workers of 4 for evacuation
[1121.975s][debug][gc,ref       ] GC(568) Skipped phase1 of Reference Processing due to unavailable references
[1121.975s][debug][gc,ref       ] GC(568) Skipped phase2 of Reference Processing due to unavailable references
[1121.975s][debug][gc,ref       ] GC(568) Skipped phase3 of Reference Processing due to unavailable references
[1121.975s][debug][gc,age       ] GC(568) Desired survivor size 15400960 bytes, new threshold 6 (max threshold 6)
[1121.975s][info ][gc,heap      ] GC(568) ParNew: 242156K->1661K(270976K)
[1121.975s][info ][gc,heap      ] GC(568) CMS: 357076K->357147K(602112K)
[1121.975s][info ][gc,metaspace ] GC(568) Metaspace: 62322K->62322K(1105920K)
[1121.975s][info ][gc           ] GC(568) Pause Young (Allocation Failure) 585M->350M(852M) 3.551ms
[1121.975s][info ][gc,cpu       ] GC(568) User=0.02s Sys=0.00s Real=0.00s
[1121.975s][info ][safepoint    ] Leaving safepoint region
[1121.975s][info ][safepoint    ] Total time for which application threads were stopped: 0.0037127 seconds, Stopping threads took: 0.0000172 seconds
[1125.820s][info ][safepoint    ] Application time: 3.8451161 seconds
[1125.820s][info ][safepoint    ] Entering safepoint region: GenCollectForAllocation
[1125.821s][info ][gc,start     ] GC(569) Pause Young (Allocation Failure)
[1125.821s][info ][gc,task      ] GC(569) Using 4 workers of 4 for evacuation
[1125.824s][debug][gc,ref       ] GC(569) Skipped phase1 of Reference Processing due to unavailable references
[1125.824s][debug][gc,ref       ] GC(569) Skipped phase2 of Reference Processing due to unavailable references
[1125.824s][debug][gc,ref       ] GC(569) Skipped phase3 of Reference Processing due to unavailable references
[1125.824s][debug][gc,age       ] GC(569) Desired survivor size 15400960 bytes, new threshold 6 (max threshold 6)
[1125.824s][info ][gc,heap      ] GC(569) ParNew: 242557K->2070K(270976K)
[1125.824s][info ][gc,heap      ] GC(569) CMS: 357147K->357225K(602112K)
[1125.824s][info ][gc,metaspace ] GC(569) Metaspace: 62324K->62324K(1105920K)
[1125.824s][info ][gc           ] GC(569) Pause Young (Allocation Failure) 585M->350M(852M) 3.492ms
[1125.824s][info ][gc,cpu       ] GC(569) User=0.01s Sys=0.00s Real=0.00s
[1125.824s][info ][safepoint    ] Leaving safepoint region
[1125.824s][info ][safepoint    ] Total time for which application threads were stopped: 0.0036499 seconds, Stopping threads took: 0.0000186 seconds
[1126.824s][info ][safepoint    ] Application time: 1.0001014 seconds
[1126.824s][info ][safepoint    ] Entering safepoint region: Cleanup
[1126.824s][info ][safepoint    ] Leaving safepoint region
[1126.824s][info ][safepoint    ] Total time for which application threads were stopped: 0.0001141 seconds, Stopping threads took: 0.0000435 seconds
[1127.825s][info ][safepoint    ] Application time: 1.0001093 seconds
[1127.825s][info ][safepoint    ] Entering safepoint region: Cleanup
[1127.825s][info ][safepoint    ] Leaving safepoint region
[1127.825s][info ][safepoint    ] Total time for which application threads were stopped: 0.0001606 seconds, Stopping threads took: 0.0000827 seconds
[1128.825s][info ][safepoint    ] Application time: 1.0001165 seconds
[1128.825s][info ][safepoint    ] Entering safepoint region: Cleanup
[1128.825s][info ][safepoint    ] Leaving safepoint region
[1128.825s][info ][safepoint    ] Total time for which application threads were stopped: 0.0001484 seconds, Stopping threads took: 0.0000805 seconds
[1129.773s][info ][safepoint    ] Application time: 0.9477859 seconds
[1129.773s][info ][safepoint    ] Entering safepoint region: GenCollectForAllocation
[1129.773s][info ][gc,start     ] GC(570) Pause Young (Allocation Failure)
[1129.773s][info ][gc,task      ] GC(570) Using 4 workers of 4 for evacuation
[1129.777s][debug][gc,ref       ] GC(570) Skipped phase1 of Reference Processing due to unavailable references
[1129.777s][debug][gc,ref       ] GC(570) Skipped phase2 of Reference Processing due to unavailable references
[1129.777s][debug][gc,ref       ] GC(570) Skipped phase3 of Reference Processing due to unavailable references
[1129.778s][debug][gc,age       ] GC(570) Desired survivor size 15400960 bytes, new threshold 6 (max threshold 6)
[1129.778s][info ][gc,heap      ] GC(570) ParNew: 242966K->2493K(270976K)
[1129.778s][info ][gc,heap      ] GC(570) CMS: 357225K->357351K(602112K)
[1129.778s][info ][gc,metaspace ] GC(570) Metaspace: 62324K->62324K(1105920K)
[1129.778s][info ][gc           ] GC(570) Pause Young (Allocation Failure) 586M->351M(852M) 4.366ms
[1129.778s][info ][gc,cpu       ] GC(570) User=0.01s Sys=0.00s Real=0.00s
[1129.778s][info ][safepoint    ] Leaving safepoint region
[1129.778s][info ][safepoint    ] Total time for which application threads were stopped: 0.0045979 seconds, Stopping threads took: 0.0000159 seconds
[1130.778s][info ][safepoint    ] Application time: 1.0000976 seconds
[1130.778s][info ][safepoint    ] Entering safepoint region: Cleanup
[1130.778s][info ][safepoint    ] Leaving safepoint region
[1130.778s][info ][safepoint    ] Total time for which application threads were stopped: 0.0000899 seconds, Stopping threads took: 0.0000333 seconds
[1133.726s][info ][safepoint    ] Application time: 2.9478382 seconds
[1133.726s][info ][safepoint    ] Entering safepoint region: GenCollectForAllocation
[1133.726s][info ][gc,start     ] GC(571) Pause Young (Allocation Failure)
[1133.726s][info ][gc,task      ] GC(571) Using 4 workers of 4 for evacuation
[1133.729s][debug][gc,ref       ] GC(571) Skipped phase1 of Reference Processing due to unavailable references
[1133.729s][debug][gc,ref       ] GC(571) Skipped phase2 of Reference Processing due to unavailable references
[1133.729s][debug][gc,ref       ] GC(571) Skipped phase3 of Reference Processing due to unavailable references
[1133.729s][debug][gc,age       ] GC(571) Desired survivor size 15400960 bytes, new threshold 6 (max threshold 6)
[1133.730s][info ][gc,heap      ] GC(571) ParNew: 243389K->2837K(270976K)
[1133.730s][info ][gc,heap      ] GC(571) CMS: 357351K->357461K(602112K)
[1133.730s][info ][gc,metaspace ] GC(571) Metaspace: 62324K->62324K(1105920K)
[1133.730s][info ][gc           ] GC(571) Pause Young (Allocation Failure) 586M->351M(852M) 3.579ms
[1133.730s][info ][gc,cpu       ] GC(571) User=0.02s Sys=0.00s Real=0.01s
[1133.730s][info ][safepoint    ] Leaving safepoint region
[1133.730s][info ][safepoint    ] Total time for which application threads were stopped: 0.0037266 seconds, Stopping threads took: 0.0000161 seconds
[1136.730s][info ][safepoint    ] Application time: 3.0003139 seconds
[1136.730s][info ][safepoint    ] Entering safepoint region: Cleanup
[1136.730s][info ][safepoint    ] Leaving safepoint region
[1136.730s][info ][safepoint    ] Total time for which application threads were stopped: 0.0000781 seconds, Stopping threads took: 0.0000170 seconds
[1137.773s][info ][safepoint    ] Application time: 1.0430125 seconds
[1137.773s][info ][safepoint    ] Entering safepoint region: GenCollectForAllocation
[1137.773s][info ][gc,start     ] GC(572) Pause Young (Allocation Failure)
[1137.773s][info ][gc,task      ] GC(572) Using 4 workers of 4 for evacuation
[1137.777s][debug][gc,ref       ] GC(572) Skipped phase1 of Reference Processing due to unavailable references
[1137.777s][debug][gc,ref       ] GC(572) Skipped phase2 of Reference Processing due to unavailable references
[1137.777s][debug][gc,ref       ] GC(572) Skipped phase3 of Reference Processing due to unavailable references
[1137.777s][debug][gc,age       ] GC(572) Desired survivor size 15400960 bytes, new threshold 6 (max threshold 6)
[1137.777s][info ][gc,heap      ] GC(572) ParNew: 243733K->2358K(270976K)
[1137.777s][info ][gc,heap      ] GC(572) CMS: 357461K->357600K(602112K)
[1137.777s][info ][gc,metaspace ] GC(572) Metaspace: 62325K->62325K(1105920K)
[1137.777s][info ][gc           ] GC(572) Pause Young (Allocation Failure) 587M->351M(852M) 3.623ms
[1137.777s][info ][gc,cpu       ] GC(572) User=0.01s Sys=0.00s Real=0.00s
[1137.777s][info ][safepoint    ] Leaving safepoint region
[1137.777s][info ][safepoint    ] Total time for which application threads were stopped: 0.0037741 seconds, Stopping threads took: 0.0000169 seconds
[1138.777s][info ][safepoint    ] Application time: 1.0000970 seconds
[1138.777s][info ][safepoint    ] Entering safepoint region: Cleanup
[1138.777s][info ][safepoint    ] Leaving safepoint region
[1138.777s][info ][safepoint    ] Total time for which application threads were stopped: 0.0002450 seconds, Stopping threads took: 0.0000909 seconds
[1139.777s][info ][safepoint    ] Application time: 1.0001011 seconds
[1139.777s][info ][safepoint    ] Entering safepoint region: Cleanup
[1139.778s][info ][safepoint    ] Leaving safepoint region
[1139.778s][info ][safepoint    ] Total time for which application threads were stopped: 0.0001488 seconds, Stopping threads took: 0.0000664 seconds
[1141.727s][info ][safepoint    ] Application time: 1.9495134 seconds
[1141.727s][info ][safepoint    ] Entering safepoint region: GenCollectForAllocation
[1141.727s][info ][gc,start     ] GC(573) Pause Young (Allocation Failure)
[1141.727s][info ][gc,task      ] GC(573) Using 4 workers of 4 for evacuation
[1141.731s][debug][gc,ref       ] GC(573) Skipped phase1 of Reference Processing due to unavailable references
[1141.731s][debug][gc,ref       ] GC(573) Skipped phase3 of Reference Processing due to unavailable references
[1141.731s][debug][gc,age       ] GC(573) Desired survivor size 15400960 bytes, new threshold 6 (max threshold 6)
[1141.731s][info ][gc,heap      ] GC(573) ParNew: 243254K->3228K(270976K)
[1141.731s][info ][gc,heap      ] GC(573) CMS: 357600K->357697K(602112K)
[1141.731s][info ][gc,metaspace ] GC(573) Metaspace: 62351K->62351K(1105920K)
[1141.731s][info ][gc           ] GC(573) Pause Young (Allocation Failure) 586M->352M(852M) 4.003ms
[1141.731s][info ][gc,cpu       ] GC(573) User=0.01s Sys=0.00s Real=0.01s
[1141.731s][info ][safepoint    ] Leaving safepoint region
[1141.731s][info ][safepoint    ] Total time for which application threads were stopped: 0.0041994 seconds, Stopping threads took: 0.0000424 seconds
[1145.732s][info ][safepoint    ] Application time: 4.0003462 seconds
[1145.732s][info ][safepoint    ] Entering safepoint region: Cleanup
[1145.732s][info ][safepoint    ] Leaving safepoint region
[1145.732s][info ][safepoint    ] Total time for which application threads were stopped: 0.0001565 seconds, Stopping threads took: 0.0000554 seconds
[1145.819s][info ][safepoint    ] Application time: 0.0873053 seconds
[1145.819s][info ][safepoint    ] Entering safepoint region: GenCollectForAllocation
[1145.819s][info ][gc,start     ] GC(574) Pause Young (Allocation Failure)
[1145.819s][info ][gc,task      ] GC(574) Using 4 workers of 4 for evacuation
[1145.824s][debug][gc,ref       ] GC(574) Skipped phase1 of Reference Processing due to unavailable references
[1145.824s][debug][gc,ref       ] GC(574) Skipped phase3 of Reference Processing due to unavailable references
[1145.824s][debug][gc,ref       ] GC(574) Skipped phase4 of Reference Processing due to unavailable references
[1145.824s][debug][gc,age       ] GC(574) Desired survivor size 15400960 bytes, new threshold 6 (max threshold 6)
[1145.824s][info ][gc,heap      ] GC(574) ParNew: 244124K->3338K(270976K)
[1145.824s][info ][gc,heap      ] GC(574) CMS: 357697K->357931K(602112K)
[1145.824s][info ][gc,metaspace ] GC(574) Metaspace: 62353K->62353K(1105920K)
[1145.824s][info ][gc           ] GC(574) Pause Young (Allocation Failure) 587M->352M(852M) 4.486ms
[1145.824s][info ][gc,cpu       ] GC(574) User=0.01s Sys=0.01s Real=0.01s
[1145.824s][info ][safepoint    ] Leaving safepoint region
[1145.824s][info ][safepoint    ] Total time for which application threads were stopped: 0.0046699 seconds, Stopping threads took: 0.0000161 seconds
[1147.824s][info ][safepoint    ] Application time: 2.0002396 seconds
[1147.824s][info ][safepoint    ] Entering safepoint region: Cleanup
[1147.824s][info ][safepoint    ] Leaving safepoint region
[1147.824s][info ][safepoint    ] Total time for which application threads were stopped: 0.0001357 seconds, Stopping threads took: 0.0000634 seconds
[1149.721s][info ][safepoint    ] Application time: 1.8964163 seconds
[1149.721s][info ][safepoint    ] Entering safepoint region: GenCollectForAllocation
[1149.721s][info ][gc,start     ] GC(575) Pause Young (Allocation Failure)
[1149.721s][info ][gc,task      ] GC(575) Using 4 workers of 4 for evacuation
[1149.724s][debug][gc,ref       ] GC(575) Skipped phase1 of Reference Processing due to unavailable references
[1149.725s][debug][gc,ref       ] GC(575) Skipped phase3 of Reference Processing due to unavailable references
[1149.725s][debug][gc,age       ] GC(575) Desired survivor size 15400960 bytes, new threshold 6 (max threshold 6)
[1149.725s][info ][gc,heap      ] GC(575) ParNew: 244234K->2760K(270976K)
[1149.725s][info ][gc,heap      ] GC(575) CMS: 357931K->358221K(602112K)
[1149.725s][info ][gc,metaspace ] GC(575) Metaspace: 62361K->62361K(1105920K)
[1149.725s][info ][gc           ] GC(575) Pause Young (Allocation Failure) 588M->352M(852M) 3.948ms
[1149.725s][info ][gc,cpu       ] GC(575) User=0.01s Sys=0.00s Real=0.00s
[1149.725s][info ][safepoint    ] Leaving safepoint region
[1149.725s][info ][safepoint    ] Total time for which application threads were stopped: 0.0041085 seconds, Stopping threads took: 0.0000170 seconds
[1153.623s][info ][safepoint    ] Application time: 3.8977874 seconds
[1153.623s][info ][safepoint    ] Entering safepoint region: GenCollectForAllocation
[1153.623s][info ][gc,start     ] GC(576) Pause Young (Allocation Failure)
[1153.623s][info ][gc,task      ] GC(576) Using 4 workers of 4 for evacuation
[1153.626s][debug][gc,ref       ] GC(576) Skipped phase1 of Reference Processing due to unavailable references
[1153.626s][debug][gc,ref       ] GC(576) Skipped phase3 of Reference Processing due to unavailable references
[1153.626s][debug][gc,ref       ] GC(576) Skipped phase4 of Reference Processing due to unavailable references
[1153.626s][debug][gc,age       ] GC(576) Desired survivor size 15400960 bytes, new threshold 6 (max threshold 6)
[1153.626s][info ][gc,heap      ] GC(576) ParNew: 243656K->3617K(270976K)
[1153.626s][info ][gc,heap      ] GC(576) CMS: 358221K->358386K(602112K)
[1153.626s][info ][gc,metaspace ] GC(576) Metaspace: 62361K->62361K(1105920K)
[1153.626s][info ][gc           ] GC(576) Pause Young (Allocation Failure) 587M->353M(852M) 3.198ms
[1153.626s][info ][gc,cpu       ] GC(576) User=0.01s Sys=0.00s Real=0.00s
[1153.626s][info ][safepoint    ] Leaving safepoint region
[1153.626s][info ][safepoint    ] Total time for which application threads were stopped: 0.0033675 seconds, Stopping threads took: 0.0000330 seconds
[1155.626s][info ][safepoint    ] Application time: 2.0002029 seconds
[1155.626s][info ][safepoint    ] Entering safepoint region: Cleanup
[1155.626s][info ][safepoint    ] Leaving safepoint region
[1155.626s][info ][safepoint    ] Total time for which application threads were stopped: 0.0001243 seconds, Stopping threads took: 0.0000564 seconds
[1157.520s][info ][safepoint    ] Application time: 1.8940100 seconds
[1157.520s][info ][safepoint    ] Entering safepoint region: GenCollectForAllocation
[1157.521s][info ][gc,start     ] GC(577) Pause Young (Allocation Failure)
[1157.521s][info ][gc,task      ] GC(577) Using 4 workers of 4 for evacuation
[1157.524s][debug][gc,ref       ] GC(577) Skipped phase1 of Reference Processing due to unavailable references
[1157.524s][debug][gc,ref       ] GC(577) Skipped phase3 of Reference Processing due to unavailable references
[1157.524s][debug][gc,ref       ] GC(577) Skipped phase4 of Reference Processing due to unavailable references
[1157.524s][debug][gc,age       ] GC(577) Desired survivor size 15400960 bytes, new threshold 6 (max threshold 6)
[1157.524s][info ][gc,heap      ] GC(577) ParNew: 244513K->2835K(270976K)
[1157.524s][info ][gc,heap      ] GC(577) CMS: 358386K->358651K(602112K)
[1157.524s][info ][gc,metaspace ] GC(577) Metaspace: 62361K->62361K(1105920K)
[1157.524s][info ][gc           ] GC(577) Pause Young (Allocation Failure) 588M->353M(852M) 3.445ms
[1157.524s][info ][gc,cpu       ] GC(577) User=0.02s Sys=0.00s Real=0.00s
[1157.524s][info ][safepoint    ] Leaving safepoint region
[1157.524s][info ][safepoint    ] Total time for which application threads were stopped: 0.0036153 seconds, Stopping threads took: 0.0000168 seconds
[1158.524s][info ][safepoint    ] Application time: 1.0001226 seconds
[1158.524s][info ][safepoint    ] Entering safepoint region: Cleanup
[1158.524s][info ][safepoint    ] Leaving safepoint region
[1158.524s][info ][safepoint    ] Total time for which application threads were stopped: 0.0001095 seconds, Stopping threads took: 0.0000411 seconds
[1161.358s][info ][safepoint    ] Application time: 2.8333361 seconds
[1161.358s][info ][safepoint    ] Entering safepoint region: GenCollectForAllocation
[1161.358s][info ][gc,start     ] GC(578) Pause Young (Allocation Failure)
[1161.358s][info ][gc,task      ] GC(578) Using 4 workers of 4 for evacuation
[1161.361s][debug][gc,ref       ] GC(578) Skipped phase1 of Reference Processing due to unavailable references
[1161.361s][debug][gc,ref       ] GC(578) Skipped phase3 of Reference Processing due to unavailable references
[1161.361s][debug][gc,ref       ] GC(578) Skipped phase4 of Reference Processing due to unavailable references
[1161.361s][debug][gc,age       ] GC(578) Desired survivor size 15400960 bytes, new threshold 6 (max threshold 6)
[1161.361s][info ][gc,heap      ] GC(578) ParNew: 243731K->3409K(270976K)
[1161.361s][info ][gc,heap      ] GC(578) CMS: 358651K->358726K(602112K)
[1161.361s][info ][gc,metaspace ] GC(578) Metaspace: 62361K->62361K(1105920K)
[1161.361s][info ][gc           ] GC(578) Pause Young (Allocation Failure) 588M->353M(852M) 3.322ms
[1161.361s][info ][gc,cpu       ] GC(578) User=0.01s Sys=0.00s Real=0.01s
[1161.361s][info ][safepoint    ] Leaving safepoint region
[1161.361s][info ][safepoint    ] Total time for which application threads were stopped: 0.0036088 seconds, Stopping threads took: 0.0000788 seconds
[1163.362s][info ][safepoint    ] Application time: 2.0001716 seconds
[1163.362s][info ][safepoint    ] Entering safepoint region: Cleanup
[1163.362s][info ][safepoint    ] Leaving safepoint region
[1163.362s][info ][safepoint    ] Total time for which application threads were stopped: 0.0001063 seconds, Stopping threads took: 0.0000229 seconds
[1165.225s][info ][safepoint    ] Application time: 1.8631596 seconds
[1165.225s][info ][safepoint    ] Entering safepoint region: GenCollectForAllocation
[1165.225s][info ][gc,start     ] GC(579) Pause Young (Allocation Failure)
[1165.225s][info ][gc,task      ] GC(579) Using 4 workers of 4 for evacuation
[1165.230s][debug][gc,ref       ] GC(579) Skipped phase1 of Reference Processing due to unavailable references
[1165.230s][debug][gc,ref       ] GC(579) Skipped phase3 of Reference Processing due to unavailable references
[1165.230s][debug][gc,ref       ] GC(579) Skipped phase4 of Reference Processing due to unavailable references
[1165.231s][debug][gc,age       ] GC(579) Desired survivor size 15400960 bytes, new threshold 6 (max threshold 6)
[1165.231s][info ][gc,heap      ] GC(579) ParNew: 244305K->2974K(270976K)
[1165.231s][info ][gc,heap      ] GC(579) CMS: 358726K->358993K(602112K)
[1165.231s][info ][gc,metaspace ] GC(579) Metaspace: 62362K->62362K(1105920K)
[1165.231s][info ][gc           ] GC(579) Pause Young (Allocation Failure) 588M->353M(852M) 5.610ms
[1165.231s][info ][gc,cpu       ] GC(579) User=0.02s Sys=0.00s Real=0.01s
[1165.231s][info ][safepoint    ] Leaving safepoint region
[1165.231s][info ][safepoint    ] Total time for which application threads were stopped: 0.0058926 seconds, Stopping threads took: 0.0000514 seconds
[1166.231s][info ][safepoint    ] Application time: 1.0001071 seconds
[1166.231s][info ][safepoint    ] Entering safepoint region: Cleanup
[1166.231s][info ][safepoint    ] Leaving safepoint region
[1166.231s][info ][safepoint    ] Total time for which application threads were stopped: 0.0000843 seconds, Stopping threads took: 0.0000165 seconds
[1167.231s][info ][safepoint    ] Application time: 1.0000915 seconds
[1167.231s][info ][safepoint    ] Entering safepoint region: Cleanup
[1167.231s][info ][safepoint    ] Leaving safepoint region
[1167.231s][info ][safepoint    ] Total time for which application threads were stopped: 0.0000862 seconds, Stopping threads took: 0.0000212 seconds
[1168.820s][info ][safepoint    ] Application time: 1.5891161 seconds
[1168.821s][info ][safepoint    ] Entering safepoint region: GenCollectForAllocation
[1168.821s][info ][gc,start     ] GC(580) Pause Young (Allocation Failure)
[1168.821s][info ][gc,task      ] GC(580) Using 4 workers of 4 for evacuation
[1168.824s][debug][gc,ref       ] GC(580) Skipped phase1 of Reference Processing due to unavailable references
[1168.824s][debug][gc,ref       ] GC(580) Skipped phase3 of Reference Processing due to unavailable references
[1168.824s][debug][gc,age       ] GC(580) Desired survivor size 15400960 bytes, new threshold 6 (max threshold 6)
[1168.824s][info ][gc,heap      ] GC(580) ParNew: 243870K->3590K(270976K)
[1168.824s][info ][gc,heap      ] GC(580) CMS: 358993K->359087K(602112K)
[1168.824s][info ][gc,metaspace ] GC(580) Metaspace: 62373K->62373K(1105920K)
[1168.824s][info ][gc           ] GC(580) Pause Young (Allocation Failure) 588M->354M(852M) 3.540ms
[1168.824s][info ][gc,cpu       ] GC(580) User=0.01s Sys=0.00s Real=0.00s
[1168.824s][info ][safepoint    ] Leaving safepoint region
[1168.824s][info ][safepoint    ] Total time for which application threads were stopped: 0.0037653 seconds, Stopping threads took: 0.0000649 seconds
[1172.621s][info ][safepoint    ] Application time: 3.7969291 seconds
[1172.621s][info ][safepoint    ] Entering safepoint region: GenCollectForAllocation
[1172.621s][info ][gc,start     ] GC(581) Pause Young (Allocation Failure)
[1172.621s][info ][gc,task      ] GC(581) Using 4 workers of 4 for evacuation
[1172.625s][debug][gc,ref       ] GC(581) Skipped phase1 of Reference Processing due to unavailable references
[1172.625s][debug][gc,ref       ] GC(581) Skipped phase3 of Reference Processing due to unavailable references
[1172.625s][debug][gc,age       ] GC(581) Desired survivor size 15400960 bytes, new threshold 6 (max threshold 6)
[1172.625s][info ][gc,heap      ] GC(581) ParNew: 244486K->3413K(270976K)
[1172.625s][info ][gc,heap      ] GC(581) CMS: 359087K->359531K(602112K)
[1172.625s][info ][gc,metaspace ] GC(581) Metaspace: 62375K->62375K(1105920K)
[1172.625s][info ][gc           ] GC(581) Pause Young (Allocation Failure) 589M->354M(852M) 3.780ms
[1172.625s][info ][gc,cpu       ] GC(581) User=0.02s Sys=0.00s Real=0.00s
[1172.625s][info ][safepoint    ] Leaving safepoint region
[1172.625s][info ][safepoint    ] Total time for which application threads were stopped: 0.0039325 seconds, Stopping threads took: 0.0000176 seconds
[1174.625s][info ][safepoint    ] Application time: 2.0001696 seconds
[1174.625s][info ][safepoint    ] Entering safepoint region: Cleanup
[1174.625s][info ][safepoint    ] Leaving safepoint region
[1174.625s][info ][safepoint    ] Total time for which application threads were stopped: 0.0001129 seconds, Stopping threads took: 0.0000442 seconds
[1176.425s][info ][safepoint    ] Application time: 1.7998451 seconds
[1176.425s][info ][safepoint    ] Entering safepoint region: GenCollectForAllocation
[1176.425s][info ][gc,start     ] GC(582) Pause Young (Allocation Failure)
[1176.425s][info ][gc,task      ] GC(582) Using 4 workers of 4 for evacuation
[1176.428s][debug][gc,ref       ] GC(582) Skipped phase1 of Reference Processing due to unavailable references
[1176.428s][debug][gc,ref       ] GC(582) Skipped phase3 of Reference Processing due to unavailable references
[1176.429s][debug][gc,age       ] GC(582) Desired survivor size 15400960 bytes, new threshold 6 (max threshold 6)
[1176.429s][info ][gc,heap      ] GC(582) ParNew: 244309K->2307K(270976K)
[1176.429s][info ][gc,heap      ] GC(582) CMS: 359531K->359685K(602112K)
[1176.429s][info ][gc,metaspace ] GC(582) Metaspace: 62376K->62376K(1105920K)
[1176.429s][info ][gc           ] GC(582) Pause Young (Allocation Failure) 589M->353M(852M) 3.195ms
[1176.429s][info ][gc,cpu       ] GC(582) User=0.01s Sys=0.00s Real=0.01s
[1176.429s][info ][safepoint    ] Leaving safepoint region
[1176.429s][info ][safepoint    ] Total time for which application threads were stopped: 0.0033484 seconds, Stopping threads took: 0.0000172 seconds
[1178.429s][info ][safepoint    ] Application time: 2.0002430 seconds
[1178.429s][info ][safepoint    ] Entering safepoint region: Cleanup
[1178.429s][info ][safepoint    ] Leaving safepoint region
[1178.429s][info ][safepoint    ] Total time for which application threads were stopped: 0.0001369 seconds, Stopping threads took: 0.0000635 seconds
[1179.429s][info ][safepoint    ] Application time: 1.0000968 seconds
[1179.429s][info ][safepoint    ] Entering safepoint region: Cleanup
[1179.429s][info ][safepoint    ] Leaving safepoint region
[1179.429s][info ][safepoint    ] Total time for which application threads were stopped: 0.0000718 seconds, Stopping threads took: 0.0000161 seconds
[1180.227s][info ][safepoint    ] Application time: 0.7976506 seconds
[1180.227s][info ][safepoint    ] Entering safepoint region: GenCollectForAllocation
[1180.227s][info ][gc,start     ] GC(583) Pause Young (Allocation Failure)
[1180.227s][info ][gc,task      ] GC(583) Using 4 workers of 4 for evacuation
[1180.231s][debug][gc,ref       ] GC(583) Skipped phase1 of Reference Processing due to unavailable references
[1180.231s][debug][gc,ref       ] GC(583) Skipped phase3 of Reference Processing due to unavailable references
[1180.231s][debug][gc,ref       ] GC(583) Skipped phase4 of Reference Processing due to unavailable references
[1180.231s][debug][gc,age       ] GC(583) Desired survivor size 15400960 bytes, new threshold 6 (max threshold 6)
[1180.231s][info ][gc,heap      ] GC(583) ParNew: 243203K->3211K(270976K)
[1180.231s][info ][gc,heap      ] GC(583) CMS: 359685K->359784K(602112K)
[1180.231s][info ][gc,metaspace ] GC(583) Metaspace: 62378K->62378K(1105920K)
[1180.231s][info ][gc           ] GC(583) Pause Young (Allocation Failure) 588M->354M(852M) 3.613ms
[1180.231s][info ][gc,cpu       ] GC(583) User=0.02s Sys=0.00s Real=0.01s
[1180.231s][info ][safepoint    ] Leaving safepoint region
[1180.231s][info ][safepoint    ] Total time for which application threads were stopped: 0.0038802 seconds, Stopping threads took: 0.0000505 seconds
[1181.231s][info ][safepoint    ] Application time: 1.0001284 seconds
[1181.231s][info ][safepoint    ] Entering safepoint region: Cleanup
[1181.231s][info ][safepoint    ] Leaving safepoint region
[1181.231s][info ][safepoint    ] Total time for which application threads were stopped: 0.0000880 seconds, Stopping threads took: 0.0000178 seconds
[1183.869s][info ][safepoint    ] Application time: 2.6382864 seconds
[1183.870s][info ][safepoint    ] Entering safepoint region: GenCollectForAllocation
[1183.870s][info ][gc,start     ] GC(584) Pause Young (Allocation Failure)
[1183.870s][info ][gc,task      ] GC(584) Using 4 workers of 4 for evacuation
[1183.874s][debug][gc,ref       ] GC(584) Skipped phase1 of Reference Processing due to unavailable references
[1183.874s][debug][gc,ref       ] GC(584) Skipped phase3 of Reference Processing due to unavailable references
[1183.874s][debug][gc,ref       ] GC(584) Skipped phase4 of Reference Processing due to unavailable references
[1183.874s][debug][gc,age       ] GC(584) Desired survivor size 15400960 bytes, new threshold 6 (max threshold 6)
[1183.874s][info ][gc,heap      ] GC(584) ParNew: 244107K->3240K(270976K)
[1183.874s][info ][gc,heap      ] GC(584) CMS: 359784K->359864K(602112K)
[1183.874s][info ][gc,metaspace ] GC(584) Metaspace: 62379K->62379K(1105920K)
[1183.874s][info ][gc           ] GC(584) Pause Young (Allocation Failure) 589M->354M(852M) 4.308ms
[1183.874s][info ][gc,cpu       ] GC(584) User=0.01s Sys=0.00s Real=0.00s
[1183.874s][info ][safepoint    ] Leaving safepoint region
[1183.874s][info ][safepoint    ] Total time for which application threads were stopped: 0.0045593 seconds, Stopping threads took: 0.0000534 seconds
[1184.874s][info ][safepoint    ] Application time: 1.0001045 seconds
[1184.874s][info ][safepoint    ] Entering safepoint region: Cleanup
[1184.874s][info ][safepoint    ] Leaving safepoint region
[1184.874s][info ][safepoint    ] Total time for which application threads were stopped: 0.0001300 seconds, Stopping threads took: 0.0000613 seconds
[1187.771s][info ][safepoint    ] Application time: 2.8971588 seconds
[1187.772s][info ][safepoint    ] Entering safepoint region: GenCollectForAllocation
[1187.772s][info ][gc,start     ] GC(585) Pause Young (Allocation Failure)
[1187.772s][info ][gc,task      ] GC(585) Using 4 workers of 4 for evacuation
[1187.775s][debug][gc,ref       ] GC(585) Skipped phase1 of Reference Processing due to unavailable references
[1187.775s][debug][gc,ref       ] GC(585) Skipped phase3 of Reference Processing due to unavailable references
[1187.775s][debug][gc,age       ] GC(585) Desired survivor size 15400960 bytes, new threshold 6 (max threshold 6)
[1187.775s][info ][gc,heap      ] GC(585) ParNew: 244136K->3138K(270976K)
[1187.775s][info ][gc,heap      ] GC(585) CMS: 359864K->359923K(602112K)
[1187.775s][info ][gc,metaspace ] GC(585) Metaspace: 62379K->62379K(1105920K)
[1187.775s][info ][gc           ] GC(585) Pause Young (Allocation Failure) 589M->354M(852M) 3.330ms
[1187.775s][info ][gc,cpu       ] GC(585) User=0.01s Sys=0.00s Real=0.00s
[1187.775s][info ][safepoint    ] Leaving safepoint region
[1187.775s][info ][safepoint    ] Total time for which application threads were stopped: 0.0035039 seconds, Stopping threads took: 0.0000152 seconds
[1188.775s][info ][safepoint    ] Application time: 1.0001305 seconds
[1188.775s][info ][safepoint    ] Entering safepoint region: Cleanup
[1188.775s][info ][safepoint    ] Leaving safepoint region
[1188.775s][info ][safepoint    ] Total time for which application threads were stopped: 0.0001255 seconds, Stopping threads took: 0.0000461 seconds
[1189.775s][info ][safepoint    ] Application time: 1.0000977 seconds
[1189.776s][info ][safepoint    ] Entering safepoint region: Cleanup
[1189.776s][info ][safepoint    ] Leaving safepoint region
[1189.776s][info ][safepoint    ] Total time for which application threads were stopped: 0.0001274 seconds, Stopping threads took: 0.0000465 seconds
[1191.628s][info ][safepoint    ] Application time: 1.8519290 seconds
[1191.628s][info ][safepoint    ] Entering safepoint region: GenCollectForAllocation
[1191.628s][info ][gc,start     ] GC(586) Pause Young (Allocation Failure)
[1191.628s][info ][gc,task      ] GC(586) Using 4 workers of 4 for evacuation
[1191.632s][debug][gc,ref       ] GC(586) Skipped phase1 of Reference Processing due to unavailable references
[1191.632s][debug][gc,ref       ] GC(586) Skipped phase3 of Reference Processing due to unavailable references
[1191.632s][debug][gc,age       ] GC(586) Desired survivor size 15400960 bytes, new threshold 6 (max threshold 6)
[1191.632s][info ][gc,heap      ] GC(586) ParNew: 244034K->2011K(270976K)
[1191.632s][info ][gc,heap      ] GC(586) CMS: 359923K->361192K(602112K)
[1191.632s][info ][gc,metaspace ] GC(586) Metaspace: 62382K->62382K(1105920K)
[1191.632s][info ][gc           ] GC(586) Pause Young (Allocation Failure) 589M->354M(852M) 4.484ms
[1191.632s][info ][gc,cpu       ] GC(586) User=0.01s Sys=0.00s Real=0.01s
[1191.632s][info ][safepoint    ] Leaving safepoint region
[1191.632s][info ][safepoint    ] Total time for which application threads were stopped: 0.0046509 seconds, Stopping threads took: 0.0000292 seconds
[1193.632s][info ][safepoint    ] Application time: 2.0001906 seconds
[1193.632s][info ][safepoint    ] Entering safepoint region: Cleanup
[1193.633s][info ][safepoint    ] Leaving safepoint region
[1193.633s][info ][safepoint    ] Total time for which application threads were stopped: 0.0001087 seconds, Stopping threads took: 0.0000434 seconds
[1195.523s][info ][safepoint    ] Application time: 1.8903991 seconds
[1195.523s][info ][safepoint    ] Entering safepoint region: GenCollectForAllocation
[1195.523s][info ][gc,start     ] GC(587) Pause Young (Allocation Failure)
[1195.523s][info ][gc,task      ] GC(587) Using 4 workers of 4 for evacuation
[1195.526s][debug][gc,ref       ] GC(587) Skipped phase1 of Reference Processing due to unavailable references
[1195.526s][debug][gc,ref       ] GC(587) Skipped phase3 of Reference Processing due to unavailable references
[1195.526s][debug][gc,ref       ] GC(587) Skipped phase4 of Reference Processing due to unavailable references
[1195.526s][debug][gc,age       ] GC(587) Desired survivor size 15400960 bytes, new threshold 6 (max threshold 6)
[1195.526s][info ][gc,heap      ] GC(587) ParNew: 242907K->1736K(270976K)
[1195.526s][info ][gc,heap      ] GC(587) CMS: 361192K->361332K(602112K)
[1195.526s][info ][gc,metaspace ] GC(587) Metaspace: 62385K->62385K(1105920K)
[1195.526s][info ][gc           ] GC(587) Pause Young (Allocation Failure) 589M->354M(852M) 3.048ms
[1195.526s][info ][gc,cpu       ] GC(587) User=0.01s Sys=0.00s Real=0.00s
[1195.526s][info ][safepoint    ] Leaving safepoint region
[1195.526s][info ][safepoint    ] Total time for which application threads were stopped: 0.0032070 seconds, Stopping threads took: 0.0000164 seconds
[1197.526s][info ][safepoint    ] Application time: 2.0001632 seconds
[1197.526s][info ][safepoint    ] Entering safepoint region: Cleanup
[1197.527s][info ][safepoint    ] Leaving safepoint region
[1197.527s][info ][safepoint    ] Total time for which application threads were stopped: 0.0001100 seconds, Stopping threads took: 0.0000434 seconds
[1198.527s][info ][safepoint    ] Application time: 1.0001214 seconds
[1198.527s][info ][safepoint    ] Entering safepoint region: Cleanup
[1198.527s][info ][safepoint    ] Leaving safepoint region
[1198.527s][info ][safepoint    ] Total time for which application threads were stopped: 0.0001974 seconds, Stopping threads took: 0.0000855 seconds
[1199.123s][info ][safepoint    ] Application time: 0.5956193 seconds
[1199.123s][info ][safepoint    ] Entering safepoint region: GenCollectForAllocation
[1199.123s][info ][gc,start     ] GC(588) Pause Young (Allocation Failure)
[1199.123s][info ][gc,task      ] GC(588) Using 4 workers of 4 for evacuation
[1199.126s][debug][gc,ref       ] GC(588) Skipped phase1 of Reference Processing due to unavailable references
[1199.126s][debug][gc,ref       ] GC(588) Skipped phase3 of Reference Processing due to unavailable references
[1199.126s][debug][gc,age       ] GC(588) Desired survivor size 15400960 bytes, new threshold 6 (max threshold 6)
[1199.126s][info ][gc,heap      ] GC(588) ParNew: 242632K->2205K(270976K)
[1199.126s][info ][gc,heap      ] GC(588) CMS: 361332K->361375K(602112K)
[1199.126s][info ][gc,metaspace ] GC(588) Metaspace: 62388K->62388K(1105920K)
[1199.126s][info ][gc           ] GC(588) Pause Young (Allocation Failure) 589M->355M(852M) 3.084ms
[1199.126s][info ][gc,cpu       ] GC(588) User=0.01s Sys=0.00s Real=0.00s
[1199.126s][info ][safepoint    ] Leaving safepoint region
[1199.126s][info ][safepoint    ] Total time for which application threads were stopped: 0.0032390 seconds, Stopping threads took: 0.0000172 seconds
[1200.126s][info ][safepoint    ] Application time: 1.0001237 seconds
[1200.126s][info ][safepoint    ] Entering safepoint region: Cleanup
[1200.126s][info ][safepoint    ] Leaving safepoint region
[1200.126s][info ][safepoint    ] Total time for which application threads were stopped: 0.0001607 seconds, Stopping threads took: 0.0000790 seconds
[1201.126s][info ][safepoint    ] Application time: 1.0002070 seconds
[1201.126s][info ][safepoint    ] Entering safepoint region: Cleanup
[1201.127s][info ][safepoint    ] Leaving safepoint region
[1201.127s][info ][safepoint    ] Total time for which application threads were stopped: 0.0002284 seconds, Stopping threads took: 0.0000813 seconds
[1203.027s][info ][safepoint    ] Application time: 1.9006540 seconds
[1203.027s][info ][safepoint    ] Entering safepoint region: GenCollectForAllocation
[1203.027s][info ][gc,start     ] GC(589) Pause Young (Allocation Failure)
[1203.027s][info ][gc,task      ] GC(589) Using 4 workers of 4 for evacuation
[1203.032s][debug][gc,ref       ] GC(589) Skipped phase1 of Reference Processing due to unavailable references
[1203.032s][debug][gc,ref       ] GC(589) Skipped phase3 of Reference Processing due to unavailable references
[1203.032s][debug][gc,age       ] GC(589) Desired survivor size 15400960 bytes, new threshold 6 (max threshold 6)
[1203.032s][info ][gc,heap      ] GC(589) ParNew: 243101K->3319K(270976K)
[1203.032s][info ][gc,heap      ] GC(589) CMS: 361375K->361509K(602112K)
[1203.032s][info ][gc,metaspace ] GC(589) Metaspace: 62388K->62388K(1105920K)
[1203.032s][info ][gc           ] GC(589) Pause Young (Allocation Failure) 590M->356M(852M) 4.880ms
[1203.032s][info ][gc,cpu       ] GC(589) User=0.02s Sys=0.00s Real=0.01s
[1203.032s][info ][safepoint    ] Leaving safepoint region
[1203.032s][info ][safepoint    ] Total time for which application threads were stopped: 0.0050561 seconds, Stopping threads took: 0.0000171 seconds
[1205.033s][info ][safepoint    ] Application time: 2.0001855 seconds
[1205.033s][info ][safepoint    ] Entering safepoint region: Cleanup
[1205.033s][info ][safepoint    ] Leaving safepoint region
[1205.033s][info ][safepoint    ] Total time for which application threads were stopped: 0.0001572 seconds, Stopping threads took: 0.0000382 seconds
[1206.876s][info ][safepoint    ] Application time: 1.8434952 seconds
[1206.876s][info ][safepoint    ] Entering safepoint region: GenCollectForAllocation
[1206.876s][info ][gc,start     ] GC(590) Pause Young (Allocation Failure)
[1206.876s][info ][gc,task      ] GC(590) Using 4 workers of 4 for evacuation
[1206.881s][debug][gc,ref       ] GC(590) Skipped phase1 of Reference Processing due to unavailable references
[1206.881s][debug][gc,ref       ] GC(590) Skipped phase3 of Reference Processing due to unavailable references
[1206.881s][debug][gc,age       ] GC(590) Desired survivor size 15400960 bytes, new threshold 6 (max threshold 6)
[1206.881s][info ][gc,heap      ] GC(590) ParNew: 244215K->2182K(270976K)
[1206.881s][info ][gc,heap      ] GC(590) CMS: 361509K->361702K(602112K)
[1206.881s][info ][gc,metaspace ] GC(590) Metaspace: 62388K->62388K(1105920K)
[1206.881s][info ][gc           ] GC(590) Pause Young (Allocation Failure) 591M->355M(852M) 4.376ms
[1206.881s][info ][gc,cpu       ] GC(590) User=0.01s Sys=0.00s Real=0.01s
[1206.881s][info ][safepoint    ] Leaving safepoint region
[1206.881s][info ][safepoint    ] Total time for which application threads were stopped: 0.0045558 seconds, Stopping threads took: 0.0000305 seconds
[1206.924s][info ][safepoint    ] Application time: 0.0431820 seconds
[1206.924s][info ][safepoint    ] Entering safepoint region: RevokeBias
[1206.924s][info ][safepoint    ] Leaving safepoint region
[1206.924s][info ][safepoint    ] Total time for which application threads were stopped: 0.0002686 seconds, Stopping threads took: 0.0000770 seconds
[1210.724s][info ][safepoint    ] Application time: 3.7999918 seconds
[1210.724s][info ][safepoint    ] Entering safepoint region: GenCollectForAllocation
[1210.724s][info ][gc,start     ] GC(591) Pause Young (Allocation Failure)
[1210.725s][info ][gc,task      ] GC(591) Using 4 workers of 4 for evacuation
[1210.727s][debug][gc,ref       ] GC(591) Skipped phase1 of Reference Processing due to unavailable references
[1210.727s][debug][gc,ref       ] GC(591) Skipped phase3 of Reference Processing due to unavailable references
[1210.728s][debug][gc,age       ] GC(591) Desired survivor size 15400960 bytes, new threshold 6 (max threshold 6)
[1210.728s][info ][gc,heap      ] GC(591) ParNew: 243078K->2641K(270976K)
[1210.728s][info ][gc,heap      ] GC(591) CMS: 361702K->361891K(602112K)
[1210.728s][info ][gc,metaspace ] GC(591) Metaspace: 62389K->62389K(1105920K)
[1210.728s][info ][gc           ] GC(591) Pause Young (Allocation Failure) 590M->355M(852M) 3.192ms
[1210.728s][info ][gc,cpu       ] GC(591) User=0.01s Sys=0.00s Real=0.00s
[1210.728s][info ][safepoint    ] Leaving safepoint region
[1210.728s][info ][safepoint    ] Total time for which application threads were stopped: 0.0033450 seconds, Stopping threads took: 0.0000170 seconds
[1211.728s][info ][safepoint    ] Application time: 1.0001208 seconds
[1211.728s][info ][safepoint    ] Entering safepoint region: Cleanup
[1211.728s][info ][safepoint    ] Leaving safepoint region
[1211.728s][info ][safepoint    ] Total time for which application threads were stopped: 0.0000735 seconds, Stopping threads took: 0.0000168 seconds
[1213.728s][info ][safepoint    ] Application time: 2.0001956 seconds
[1213.728s][info ][safepoint    ] Entering safepoint region: Cleanup
[1213.728s][info ][safepoint    ] Leaving safepoint region
[1213.728s][info ][safepoint    ] Total time for which application threads were stopped: 0.0001283 seconds, Stopping threads took: 0.0000644 seconds
[1214.675s][info ][safepoint    ] Application time: 0.9466279 seconds
[1214.675s][info ][safepoint    ] Entering safepoint region: GenCollectForAllocation
[1214.675s][info ][gc,start     ] GC(592) Pause Young (Allocation Failure)
[1214.675s][info ][gc,task      ] GC(592) Using 4 workers of 4 for evacuation
[1214.679s][debug][gc,ref       ] GC(592) Skipped phase1 of Reference Processing due to unavailable references
[1214.679s][debug][gc,ref       ] GC(592) Skipped phase3 of Reference Processing due to unavailable references
[1214.679s][debug][gc,age       ] GC(592) Desired survivor size 15400960 bytes, new threshold 6 (max threshold 6)
[1214.679s][info ][gc,heap      ] GC(592) ParNew: 243537K->2451K(270976K)
[1214.679s][info ][gc,heap      ] GC(592) CMS: 361891K->362004K(602112K)
[1214.679s][info ][gc,metaspace ] GC(592) Metaspace: 62390K->62390K(1105920K)
[1214.679s][info ][gc           ] GC(592) Pause Young (Allocation Failure) 591M->355M(852M) 3.784ms
[1214.679s][info ][gc,cpu       ] GC(592) User=0.01s Sys=0.00s Real=0.00s
[1214.679s][info ][safepoint    ] Leaving safepoint region
[1214.679s][info ][safepoint    ] Total time for which application threads were stopped: 0.0039396 seconds, Stopping threads took: 0.0000168 seconds
[1215.679s][info ][safepoint    ] Application time: 1.0000984 seconds
[1215.679s][info ][safepoint    ] Entering safepoint region: Cleanup
[1215.679s][info ][safepoint    ] Leaving safepoint region
[1215.679s][info ][safepoint    ] Total time for which application threads were stopped: 0.0000788 seconds, Stopping threads took: 0.0000163 seconds
[1218.527s][info ][safepoint    ] Application time: 2.8476473 seconds
[1218.527s][info ][safepoint    ] Entering safepoint region: GenCollectForAllocation
[1218.527s][info ][gc,start     ] GC(593) Pause Young (Allocation Failure)
[1218.527s][info ][gc,task      ] GC(593) Using 4 workers of 4 for evacuation
[1218.530s][debug][gc,ref       ] GC(593) Skipped phase1 of Reference Processing due to unavailable references
[1218.530s][debug][gc,ref       ] GC(593) Skipped phase3 of Reference Processing due to unavailable references
[1218.530s][debug][gc,age       ] GC(593) Desired survivor size 15400960 bytes, new threshold 6 (max threshold 6)
[1218.530s][info ][gc,heap      ] GC(593) ParNew: 243347K->2245K(270976K)
[1218.530s][info ][gc,heap      ] GC(593) CMS: 362004K->362173K(602112K)
[1218.530s][info ][gc,metaspace ] GC(593) Metaspace: 62391K->62391K(1105920K)
[1218.530s][info ][gc           ] GC(593) Pause Young (Allocation Failure) 591M->355M(852M) 3.031ms
[1218.530s][info ][gc,cpu       ] GC(593) User=0.01s Sys=0.00s Real=0.01s
[1218.530s][info ][safepoint    ] Leaving safepoint region
[1218.530s][info ][safepoint    ] Total time for which application threads were stopped: 0.0031835 seconds, Stopping threads took: 0.0000166 seconds
[1220.530s][info ][safepoint    ] Application time: 2.0002318 seconds
[1220.530s][info ][safepoint    ] Entering safepoint region: Cleanup
[1220.530s][info ][safepoint    ] Leaving safepoint region
[1220.530s][info ][safepoint    ] Total time for which application threads were stopped: 0.0000724 seconds, Stopping threads took: 0.0000160 seconds
[1221.148s][info ][safepoint    ] Application time: 0.6178872 seconds
[1221.148s][info ][safepoint    ] Entering safepoint region: GenCollectForAllocation
[1221.148s][info ][gc,start     ] GC(594) Pause Young (Allocation Failure)
[1221.148s][info ][gc,task      ] GC(594) Using 4 workers of 4 for evacuation
[1221.163s][debug][gc,ref       ] GC(594) Skipped phase1 of Reference Processing due to unavailable references
[1221.163s][debug][gc,ref       ] GC(594) Skipped phase2 of Reference Processing due to unavailable references
[1221.163s][debug][gc,ref       ] GC(594) Skipped phase3 of Reference Processing due to unavailable references
[1221.163s][debug][gc,age       ] GC(594) Desired survivor size 15400960 bytes, new threshold 1 (max threshold 6)
[1221.163s][info ][gc,heap      ] GC(594) ParNew: 243141K->27152K(270976K)
[1221.163s][info ][gc,heap      ] GC(594) CMS: 362173K->362910K(602112K)
[1221.163s][info ][gc,metaspace ] GC(594) Metaspace: 62393K->62393K(1105920K)
[1221.163s][info ][gc           ] GC(594) Pause Young (Allocation Failure) 591M->380M(852M) 14.538ms
[1221.163s][info ][gc,cpu       ] GC(594) User=0.06s Sys=0.00s Real=0.01s
[1221.163s][info ][safepoint    ] Leaving safepoint region
[1221.163s][info ][safepoint    ] Total time for which application threads were stopped: 0.0147188 seconds, Stopping threads took: 0.0000147 seconds
[1223.163s][info ][safepoint    ] Application time: 2.0002182 seconds
[1223.163s][info ][safepoint    ] Entering safepoint region: Cleanup
[1223.163s][info ][safepoint    ] Leaving safepoint region
[1223.163s][info ][safepoint    ] Total time for which application threads were stopped: 0.0000912 seconds, Stopping threads took: 0.0000305 seconds
[1224.163s][info ][safepoint    ] Application time: 1.0000829 seconds
[1224.163s][info ][safepoint    ] Entering safepoint region: Cleanup
[1224.164s][info ][safepoint    ] Leaving safepoint region
[1224.164s][info ][safepoint    ] Total time for which application threads were stopped: 0.0000881 seconds, Stopping threads took: 0.0000160 seconds
[1224.322s][info ][safepoint    ] Application time: 0.1585770 seconds
[1224.322s][info ][safepoint    ] Entering safepoint region: GenCollectForAllocation
[1224.322s][info ][gc,start     ] GC(595) Pause Young (Allocation Failure)
[1224.322s][info ][gc,task      ] GC(595) Using 4 workers of 4 for evacuation
[1224.326s][debug][gc,ref       ] GC(595) Skipped phase1 of Reference Processing due to unavailable references
[1224.326s][debug][gc,ref       ] GC(595) Skipped phase2 of Reference Processing due to unavailable references
[1224.326s][debug][gc,ref       ] GC(595) Skipped phase3 of Reference Processing due to unavailable references
[1224.326s][debug][gc,ref       ] GC(595) Skipped phase4 of Reference Processing due to unavailable references
[1224.326s][debug][gc,age       ] GC(595) Desired survivor size 15400960 bytes, new threshold 6 (max threshold 6)
[1224.326s][info ][gc,heap      ] GC(595) ParNew: 268048K->19759K(270976K)
[1224.326s][info ][gc,heap      ] GC(595) CMS: 362910K->363618K(602112K)
[1224.326s][info ][gc,metaspace ] GC(595) Metaspace: 62393K->62393K(1105920K)
[1224.326s][info ][gc           ] GC(595) Pause Young (Allocation Failure) 616M->374M(852M) 4.182ms
[1224.327s][info ][gc,cpu       ] GC(595) User=0.01s Sys=0.00s Real=0.00s
[1224.327s][info ][safepoint    ] Leaving safepoint region
[1224.327s][info ][safepoint    ] Total time for which application threads were stopped: 0.0043534 seconds, Stopping threads took: 0.0000304 seconds
[1225.327s][info ][safepoint    ] Application time: 1.0001398 seconds
[1225.327s][info ][safepoint    ] Entering safepoint region: Cleanup
[1225.327s][info ][safepoint    ] Leaving safepoint region
[1225.327s][info ][safepoint    ] Total time for which application threads were stopped: 0.0001146 seconds, Stopping threads took: 0.0000418 seconds
[1227.235s][info ][safepoint    ] Application time: 1.9082235 seconds
[1227.235s][info ][safepoint    ] Entering safepoint region: RevokeBias
[1227.235s][info ][safepoint    ] Leaving safepoint region
[1227.235s][info ][safepoint    ] Total time for which application threads were stopped: 0.0001863 seconds, Stopping threads took: 0.0000638 seconds
[1227.242s][info ][safepoint    ] Application time: 0.0071390 seconds
[1227.242s][info ][safepoint    ] Entering safepoint region: Deoptimize
[1227.249s][info ][safepoint    ] Leaving safepoint region
[1227.249s][info ][safepoint    ] Total time for which application threads were stopped: 0.0063180 seconds, Stopping threads took: 0.0000107 seconds
[1227.256s][info ][safepoint    ] Application time: 0.0067595 seconds
[1227.256s][info ][safepoint    ] Entering safepoint region: RevokeBias
[1227.256s][info ][safepoint    ] Leaving safepoint region
[1227.256s][info ][safepoint    ] Total time for which application threads were stopped: 0.0001380 seconds, Stopping threads took: 0.0000140 seconds
[1227.256s][info ][safepoint    ] Application time: 0.0002537 seconds
[1227.256s][info ][safepoint    ] Entering safepoint region: RevokeBias
[1227.256s][info ][safepoint    ] Leaving safepoint region
[1227.256s][info ][safepoint    ] Total time for which application threads were stopped: 0.0000454 seconds, Stopping threads took: 0.0000070 seconds
[1227.257s][info ][safepoint    ] Application time: 0.0012529 seconds
[1227.257s][info ][safepoint    ] Entering safepoint region: RevokeBias
[1227.257s][info ][safepoint    ] Leaving safepoint region
[1227.257s][info ][safepoint    ] Total time for which application threads were stopped: 0.0000742 seconds, Stopping threads took: 0.0000101 seconds
[1227.259s][info ][safepoint    ] Application time: 0.0012613 seconds
[1227.259s][info ][safepoint    ] Entering safepoint region: RevokeBias
[1227.259s][info ][safepoint    ] Leaving safepoint region
[1227.259s][info ][safepoint    ] Total time for which application threads were stopped: 0.0000561 seconds, Stopping threads took: 0.0000109 seconds
[1227.259s][info ][safepoint    ] Application time: 0.0007137 seconds
[1227.259s][info ][safepoint    ] Entering safepoint region: RevokeBias
[1227.259s][info ][safepoint    ] Leaving safepoint region
[1227.259s][info ][safepoint    ] Total time for which application threads were stopped: 0.0000551 seconds, Stopping threads took: 0.0000098 seconds
[1227.260s][info ][safepoint    ] Application time: 0.0000983 seconds
[1227.260s][info ][safepoint    ] Entering safepoint region: RevokeBias
[1227.260s][info ][safepoint    ] Leaving safepoint region
[1227.260s][info ][safepoint    ] Total time for which application threads were stopped: 0.0000408 seconds, Stopping threads took: 0.0000066 seconds
[1227.279s][info ][safepoint    ] Application time: 0.0196597 seconds
[1227.279s][info ][safepoint    ] Entering safepoint region: RevokeBias
[1227.279s][info ][safepoint    ] Leaving safepoint region
[1227.279s][info ][safepoint    ] Total time for which application threads were stopped: 0.0000974 seconds, Stopping threads took: 0.0000114 seconds
[1227.355s][info ][safepoint    ] Application time: 0.0759601 seconds
[1227.356s][info ][safepoint    ] Entering safepoint region: RevokeBias
[1227.356s][info ][safepoint    ] Leaving safepoint region
[1227.356s][info ][safepoint    ] Total time for which application threads were stopped: 0.0006831 seconds, Stopping threads took: 0.0005118 seconds
[1227.356s][info ][safepoint    ] Application time: 0.0000933 seconds
[1227.356s][info ][safepoint    ] Entering safepoint region: RevokeBias
[1227.356s][info ][safepoint    ] Leaving safepoint region
[1227.356s][info ][safepoint    ] Total time for which application threads were stopped: 0.0000538 seconds, Stopping threads took: 0.0000075 seconds
[1227.357s][info ][safepoint    ] Application time: 0.0007835 seconds
[1227.357s][info ][safepoint    ] Entering safepoint region: RevokeBias
[1227.357s][info ][safepoint    ] Leaving safepoint region
[1227.357s][info ][safepoint    ] Total time for which application threads were stopped: 0.0000598 seconds, Stopping threads took: 0.0000092 seconds
[1227.357s][info ][safepoint    ] Application time: 0.0000544 seconds
[1227.357s][info ][safepoint    ] Entering safepoint region: RevokeBias
[1227.357s][info ][safepoint    ] Leaving safepoint region
[1227.357s][info ][safepoint    ] Total time for which application threads were stopped: 0.0000690 seconds, Stopping threads took: 0.0000342 seconds
[1227.378s][info ][safepoint    ] Application time: 0.0202478 seconds
[1227.378s][info ][safepoint    ] Entering safepoint region: RevokeBias
[1227.378s][info ][safepoint    ] Leaving safepoint region
[1227.378s][info ][safepoint    ] Total time for which application threads were stopped: 0.0000875 seconds, Stopping threads took: 0.0000143 seconds
[1227.378s][info ][safepoint    ] Application time: 0.0001355 seconds
[1227.378s][info ][safepoint    ] Entering safepoint region: RevokeBias
[1227.378s][info ][safepoint    ] Leaving safepoint region
[1227.378s][info ][safepoint    ] Total time for which application threads were stopped: 0.0000393 seconds, Stopping threads took: 0.0000066 seconds
[1227.379s][info ][safepoint    ] Application time: 0.0007045 seconds
[1227.379s][info ][safepoint    ] Entering safepoint region: BulkRevokeBias
[1227.379s][info ][safepoint    ] Leaving safepoint region
[1227.379s][info ][safepoint    ] Total time for which application threads were stopped: 0.0002890 seconds, Stopping threads took: 0.0000090 seconds
[1227.379s][info ][safepoint    ] Application time: 0.0001000 seconds
[1227.379s][info ][safepoint    ] Entering safepoint region: RevokeBias
[1227.379s][info ][safepoint    ] Leaving safepoint region
[1227.379s][info ][safepoint    ] Total time for which application threads were stopped: 0.0000471 seconds, Stopping threads took: 0.0000077 seconds
[1227.494s][info ][safepoint    ] Application time: 0.1150252 seconds
[1227.494s][info ][safepoint    ] Entering safepoint region: RevokeBias
[1227.494s][info ][safepoint    ] Leaving safepoint region
[1227.494s][info ][safepoint    ] Total time for which application threads were stopped: 0.0001671 seconds, Stopping threads took: 0.0000160 seconds
[1227.773s][info ][safepoint    ] Application time: 0.2789349 seconds
[1227.773s][info ][safepoint    ] Entering safepoint region: GenCollectForAllocation
[1227.773s][info ][gc,start     ] GC(596) Pause Young (Allocation Failure)
[1227.773s][info ][gc,task      ] GC(596) Using 4 workers of 4 for evacuation
[1227.779s][debug][gc,ref       ] GC(596) Skipped phase1 of Reference Processing due to unavailable references
[1227.779s][debug][gc,ref       ] GC(596) Skipped phase3 of Reference Processing due to unavailable references
[1227.779s][debug][gc,age       ] GC(596) Desired survivor size 15400960 bytes, new threshold 6 (max threshold 6)
[1227.779s][info ][gc,heap      ] GC(596) ParNew: 260655K->10107K(270976K)
[1227.779s][info ][gc,heap      ] GC(596) CMS: 363618K->363618K(602112K)
[1227.779s][info ][gc,metaspace ] GC(596) Metaspace: 62920K->62920K(1107968K)
[1227.779s][info ][gc           ] GC(596) Pause Young (Allocation Failure) 609M->364M(852M) 5.950ms
[1227.779s][info ][gc,cpu       ] GC(596) User=0.02s Sys=0.00s Real=0.00s
[1227.779s][info ][safepoint    ] Leaving safepoint region
[1227.779s][info ][safepoint    ] Total time for which application threads were stopped: 0.0061384 seconds, Stopping threads took: 0.0000155 seconds
[1228.779s][info ][safepoint    ] Application time: 1.0001060 seconds
[1228.780s][info ][safepoint    ] Entering safepoint region: Cleanup
[1228.780s][info ][safepoint    ] Leaving safepoint region
[1228.780s][info ][safepoint    ] Total time for which application threads were stopped: 0.0001900 seconds, Stopping threads took: 0.0000622 seconds
[1229.780s][info ][safepoint    ] Application time: 1.0001024 seconds
[1229.780s][info ][safepoint    ] Entering safepoint region: Cleanup
[1229.780s][info ][safepoint    ] Leaving safepoint region
[1229.780s][info ][safepoint    ] Total time for which application threads were stopped: 0.0002431 seconds, Stopping threads took: 0.0001010 seconds
[1230.780s][info ][safepoint    ] Application time: 1.0001277 seconds
[1230.780s][info ][safepoint    ] Entering safepoint region: Cleanup
[1230.780s][info ][safepoint    ] Leaving safepoint region
[1230.780s][info ][safepoint    ] Total time for which application threads were stopped: 0.0000799 seconds, Stopping threads took: 0.0000161 seconds
[1231.443s][info ][safepoint    ] Application time: 0.6622741 seconds
[1231.443s][info ][safepoint    ] Entering safepoint region: GenCollectForAllocation
[1231.443s][info ][gc,start     ] GC(597) Pause Young (Allocation Failure)
[1231.443s][info ][gc,task      ] GC(597) Using 4 workers of 4 for evacuation
[1231.448s][debug][gc,ref       ] GC(597) Skipped phase1 of Reference Processing due to unavailable references
[1231.448s][debug][gc,ref       ] GC(597) Skipped phase3 of Reference Processing due to unavailable references
[1231.448s][debug][gc,age       ] GC(597) Desired survivor size 15400960 bytes, new threshold 6 (max threshold 6)
[1231.448s][info ][gc,heap      ] GC(597) ParNew: 251003K->10331K(270976K)
[1231.448s][info ][gc,heap      ] GC(597) CMS: 363618K->363618K(602112K)
[1231.448s][info ][gc,metaspace ] GC(597) Metaspace: 62965K->62965K(1107968K)
[1231.448s][info ][gc           ] GC(597) Pause Young (Allocation Failure) 600M->365M(852M) 5.249ms
[1231.448s][info ][gc,cpu       ] GC(597) User=0.02s Sys=0.00s Real=0.00s
[1231.448s][info ][safepoint    ] Leaving safepoint region
[1231.448s][info ][safepoint    ] Total time for which application threads were stopped: 0.0054256 seconds, Stopping threads took: 0.0000172 seconds
[1232.448s][info ][safepoint    ] Application time: 1.0001443 seconds
[1232.448s][info ][safepoint    ] Entering safepoint region: Cleanup
[1232.448s][info ][safepoint    ] Leaving safepoint region
[1232.448s][info ][safepoint    ] Total time for which application threads were stopped: 0.0001260 seconds, Stopping threads took: 0.0000316 seconds
[1233.448s][info ][safepoint    ] Application time: 1.0000947 seconds
[1233.449s][info ][safepoint    ] Entering safepoint region: Cleanup
[1233.449s][info ][safepoint    ] Leaving safepoint region
[1233.449s][info ][safepoint    ] Total time for which application threads were stopped: 0.0001045 seconds, Stopping threads took: 0.0000292 seconds
[1234.449s][info ][safepoint    ] Application time: 1.0001231 seconds
[1234.449s][info ][safepoint    ] Entering safepoint region: Cleanup
[1234.449s][info ][safepoint    ] Leaving safepoint region
[1234.449s][info ][safepoint    ] Total time for which application threads were stopped: 0.0000929 seconds, Stopping threads took: 0.0000166 seconds
[1235.176s][info ][safepoint    ] Application time: 0.7275250 seconds
[1235.176s][info ][safepoint    ] Entering safepoint region: GenCollectForAllocation
[1235.177s][info ][gc,start     ] GC(598) Pause Young (Allocation Failure)
[1235.177s][info ][gc,task      ] GC(598) Using 4 workers of 4 for evacuation
[1235.181s][debug][gc,ref       ] GC(598) Skipped phase1 of Reference Processing due to unavailable references
[1235.181s][debug][gc,ref       ] GC(598) Skipped phase3 of Reference Processing due to unavailable references
[1235.182s][debug][gc,age       ] GC(598) Desired survivor size 15400960 bytes, new threshold 6 (max threshold 6)
[1235.182s][info ][gc,heap      ] GC(598) ParNew: 251227K->11179K(270976K)
[1235.182s][info ][gc,heap      ] GC(598) CMS: 363618K->363618K(602112K)
[1235.182s][info ][gc,metaspace ] GC(598) Metaspace: 62993K->62993K(1107968K)
[1235.182s][info ][gc           ] GC(598) Pause Young (Allocation Failure) 600M->366M(852M) 5.107ms
[1235.182s][info ][gc,cpu       ] GC(598) User=0.02s Sys=0.00s Real=0.01s
[1235.182s][info ][safepoint    ] Leaving safepoint region
[1235.182s][info ][safepoint    ] Total time for which application threads were stopped: 0.0052532 seconds, Stopping threads took: 0.0000177 seconds
[1236.182s][info ][safepoint    ] Application time: 1.0001039 seconds
[1236.182s][info ][safepoint    ] Entering safepoint region: Cleanup
[1236.182s][info ][safepoint    ] Leaving safepoint region
[1236.182s][info ][safepoint    ] Total time for which application threads were stopped: 0.0000762 seconds, Stopping threads took: 0.0000160 seconds
[1237.182s][info ][safepoint    ] Application time: 1.0000860 seconds
[1237.182s][info ][safepoint    ] Entering safepoint region: Cleanup
[1237.182s][info ][safepoint    ] Leaving safepoint region
[1237.182s][info ][safepoint    ] Total time for which application threads were stopped: 0.0000815 seconds, Stopping threads took: 0.0000156 seconds
[1238.182s][info ][safepoint    ] Application time: 1.0000885 seconds
[1238.182s][info ][safepoint    ] Entering safepoint region: Cleanup
[1238.182s][info ][safepoint    ] Leaving safepoint region
[1238.182s][info ][safepoint    ] Total time for which application threads were stopped: 0.0000718 seconds, Stopping threads took: 0.0000149 seconds
[1238.919s][info ][safepoint    ] Application time: 0.7365498 seconds
[1238.919s][info ][safepoint    ] Entering safepoint region: GenCollectForAllocation
[1238.919s][info ][gc,start     ] GC(599) Pause Young (Allocation Failure)
[1238.919s][info ][gc,task      ] GC(599) Using 4 workers of 4 for evacuation
[1238.924s][debug][gc,ref       ] GC(599) Skipped phase1 of Reference Processing due to unavailable references
[1238.924s][debug][gc,ref       ] GC(599) Skipped phase3 of Reference Processing due to unavailable references
[1238.924s][debug][gc,age       ] GC(599) Desired survivor size 15400960 bytes, new threshold 6 (max threshold 6)
[1238.924s][info ][gc,heap      ] GC(599) ParNew: 252075K->11464K(270976K)
[1238.924s][info ][gc,heap      ] GC(599) CMS: 363618K->363618K(602112K)
[1238.924s][info ][gc,metaspace ] GC(599) Metaspace: 63015K->63015K(1107968K)
[1238.924s][info ][gc           ] GC(599) Pause Young (Allocation Failure) 601M->366M(852M) 4.758ms
[1238.924s][info ][gc,cpu       ] GC(599) User=0.02s Sys=0.00s Real=0.01s
[1238.924s][info ][safepoint    ] Leaving safepoint region
[1238.924s][info ][safepoint    ] Total time for which application threads were stopped: 0.0049584 seconds, Stopping threads took: 0.0000427 seconds
[1239.924s][info ][safepoint    ] Application time: 1.0001017 seconds
[1239.924s][info ][safepoint    ] Entering safepoint region: Cleanup
[1239.924s][info ][safepoint    ] Leaving safepoint region
[1239.924s][info ][safepoint    ] Total time for which application threads were stopped: 0.0001091 seconds, Stopping threads took: 0.0000394 seconds
[1240.924s][info ][safepoint    ] Application time: 1.0000722 seconds
[1240.924s][info ][safepoint    ] Entering safepoint region: Cleanup
[1240.924s][info ][safepoint    ] Leaving safepoint region
[1240.924s][info ][safepoint    ] Total time for which application threads were stopped: 0.0001336 seconds, Stopping threads took: 0.0000560 seconds
[1241.925s][info ][safepoint    ] Application time: 1.0001288 seconds
[1241.925s][info ][safepoint    ] Entering safepoint region: Cleanup
[1241.925s][info ][safepoint    ] Leaving safepoint region
[1241.925s][info ][safepoint    ] Total time for which application threads were stopped: 0.0005128 seconds, Stopping threads took: 0.0002996 seconds
[1242.328s][info ][safepoint    ] Application time: 0.4029300 seconds
[1242.328s][info ][safepoint    ] Entering safepoint region: GenCollectForAllocation
[1242.328s][info ][gc,start     ] GC(600) Pause Young (Allocation Failure)
[1242.328s][info ][gc,task      ] GC(600) Using 4 workers of 4 for evacuation
[1242.332s][debug][gc,ref       ] GC(600) Skipped phase1 of Reference Processing due to unavailable references
[1242.332s][debug][gc,ref       ] GC(600) Skipped phase3 of Reference Processing due to unavailable references
[1242.332s][debug][gc,age       ] GC(600) Desired survivor size 15400960 bytes, new threshold 6 (max threshold 6)
[1242.332s][info ][gc,heap      ] GC(600) ParNew: 252360K->9649K(270976K)
[1242.332s][info ][gc,heap      ] GC(600) CMS: 363618K->363618K(602112K)
[1242.332s][info ][gc,metaspace ] GC(600) Metaspace: 63043K->63043K(1107968K)
[1242.332s][info ][gc           ] GC(600) Pause Young (Allocation Failure) 601M->364M(852M) 4.211ms
[1242.332s][info ][gc,cpu       ] GC(600) User=0.01s Sys=0.00s Real=0.00s
[1242.332s][info ][safepoint    ] Leaving safepoint region
[1242.332s][info ][safepoint    ] Total time for which application threads were stopped: 0.0044655 seconds, Stopping threads took: 0.0000604 seconds
[1243.333s][info ][safepoint    ] Application time: 1.0001123 seconds
[1243.333s][info ][safepoint    ] Entering safepoint region: Cleanup
[1243.333s][info ][safepoint    ] Leaving safepoint region
[1243.333s][info ][safepoint    ] Total time for which application threads were stopped: 0.0000822 seconds, Stopping threads took: 0.0000181 seconds
[1246.070s][info ][safepoint    ] Application time: 2.7372539 seconds
[1246.070s][info ][safepoint    ] Entering safepoint region: GenCollectForAllocation
[1246.070s][info ][gc,start     ] GC(601) Pause Young (Allocation Failure)
[1246.070s][info ][gc,task      ] GC(601) Using 4 workers of 4 for evacuation
[1246.074s][debug][gc,ref       ] GC(601) Skipped phase1 of Reference Processing due to unavailable references
[1246.074s][debug][gc,ref       ] GC(601) Skipped phase3 of Reference Processing due to unavailable references
[1246.074s][debug][gc,age       ] GC(601) Desired survivor size 15400960 bytes, new threshold 6 (max threshold 6)
[1246.074s][info ][gc,heap      ] GC(601) ParNew: 250545K->5934K(270976K)
[1246.074s][info ][gc,heap      ] GC(601) CMS: 363618K->363709K(602112K)
[1246.074s][info ][gc,metaspace ] GC(601) Metaspace: 63043K->63043K(1107968K)
[1246.074s][info ][gc           ] GC(601) Pause Young (Allocation Failure) 599M->360M(852M) 3.747ms
[1246.074s][info ][gc,cpu       ] GC(601) User=0.01s Sys=0.00s Real=0.00s
[1246.074s][info ][safepoint    ] Leaving safepoint region
[1246.074s][info ][safepoint    ] Total time for which application threads were stopped: 0.0039208 seconds, Stopping threads took: 0.0000167 seconds
[1249.074s][info ][safepoint    ] Application time: 3.0002934 seconds
[1249.074s][info ][safepoint    ] Entering safepoint region: Cleanup
[1249.074s][info ][safepoint    ] Leaving safepoint region
[1249.074s][info ][safepoint    ] Total time for which application threads were stopped: 0.0001172 seconds, Stopping threads took: 0.0000470 seconds
[1249.968s][info ][safepoint    ] Application time: 0.8932153 seconds
[1249.968s][info ][safepoint    ] Entering safepoint region: GenCollectForAllocation
[1249.968s][info ][gc,start     ] GC(602) Pause Young (Allocation Failure)
[1249.968s][info ][gc,task      ] GC(602) Using 4 workers of 4 for evacuation
[1249.973s][debug][gc,ref       ] GC(602) Skipped phase1 of Reference Processing due to unavailable references
[1249.973s][debug][gc,ref       ] GC(602) Skipped phase3 of Reference Processing due to unavailable references
[1249.973s][debug][gc,ref       ] GC(602) Skipped phase4 of Reference Processing due to unavailable references
[1249.973s][debug][gc,age       ] GC(602) Desired survivor size 15400960 bytes, new threshold 6 (max threshold 6)
[1249.973s][info ][gc,heap      ] GC(602) ParNew: 246830K->3796K(270976K)
[1249.973s][info ][gc,heap      ] GC(602) CMS: 363709K->366350K(602112K)
[1249.973s][info ][gc,metaspace ] GC(602) Metaspace: 63045K->63045K(1107968K)
[1249.973s][info ][gc           ] GC(602) Pause Young (Allocation Failure) 596M->361M(852M) 5.570ms
[1249.973s][info ][gc,cpu       ] GC(602) User=0.02s Sys=0.00s Real=0.01s
[1249.973s][info ][safepoint    ] Leaving safepoint region
[1249.973s][info ][safepoint    ] Total time for which application threads were stopped: 0.0057257 seconds, Stopping threads took: 0.0000161 seconds
[1251.974s][info ][safepoint    ] Application time: 2.0002350 seconds
[1251.974s][info ][safepoint    ] Entering safepoint region: Cleanup
[1251.974s][info ][safepoint    ] Leaving safepoint region
[1251.974s][info ][safepoint    ] Total time for which application threads were stopped: 0.0002240 seconds, Stopping threads took: 0.0000629 seconds
[1253.820s][info ][safepoint    ] Application time: 1.8457681 seconds
[1253.820s][info ][safepoint    ] Entering safepoint region: GenCollectForAllocation
[1253.820s][info ][gc,start     ] GC(603) Pause Young (Allocation Failure)
[1253.820s][info ][gc,task      ] GC(603) Using 4 workers of 4 for evacuation
[1253.823s][debug][gc,ref       ] GC(603) Skipped phase1 of Reference Processing due to unavailable references
[1253.823s][debug][gc,ref       ] GC(603) Skipped phase3 of Reference Processing due to unavailable references
[1253.823s][debug][gc,ref       ] GC(603) Skipped phase4 of Reference Processing due to unavailable references
[1253.824s][debug][gc,age       ] GC(603) Desired survivor size 15400960 bytes, new threshold 6 (max threshold 6)
[1253.824s][info ][gc,heap      ] GC(603) ParNew: 244692K->1580K(270976K)
[1253.824s][info ][gc,heap      ] GC(603) CMS: 366350K->366496K(602112K)
[1253.824s][info ][gc,metaspace ] GC(603) Metaspace: 63045K->63045K(1107968K)
[1253.824s][info ][gc           ] GC(603) Pause Young (Allocation Failure) 596M->359M(852M) 3.801ms
[1253.824s][info ][gc,cpu       ] GC(603) User=0.01s Sys=0.00s Real=0.01s
[1253.824s][info ][safepoint    ] Leaving safepoint region
[1253.824s][info ][safepoint    ] Total time for which application threads were stopped: 0.0040097 seconds, Stopping threads took: 0.0000498 seconds
[1257.776s][info ][safepoint    ] Application time: 3.9527032 seconds
[1257.777s][info ][safepoint    ] Entering safepoint region: GenCollectForAllocation
[1257.777s][info ][gc,start     ] GC(604) Pause Young (Allocation Failure)
[1257.777s][info ][gc,task      ] GC(604) Using 4 workers of 4 for evacuation
[1257.780s][debug][gc,ref       ] GC(604) Skipped phase1 of Reference Processing due to unavailable references
[1257.780s][debug][gc,ref       ] GC(604) Skipped phase3 of Reference Processing due to unavailable references
[1257.780s][debug][gc,ref       ] GC(604) Skipped phase4 of Reference Processing due to unavailable references
[1257.781s][debug][gc,age       ] GC(604) Desired survivor size 15400960 bytes, new threshold 6 (max threshold 6)
[1257.781s][info ][gc,heap      ] GC(604) ParNew: 242476K->2051K(270976K)
[1257.781s][info ][gc,heap      ] GC(604) CMS: 366496K->366570K(602112K)
[1257.781s][info ][gc,metaspace ] GC(604) Metaspace: 63045K->63045K(1107968K)
[1257.781s][info ][gc           ] GC(604) Pause Young (Allocation Failure) 594M->359M(852M) 3.953ms
[1257.781s][info ][gc,cpu       ] GC(604) User=0.02s Sys=0.00s Real=0.01s
[1257.781s][info ][safepoint    ] Leaving safepoint region
[1257.781s][info ][safepoint    ] Total time for which application threads were stopped: 0.0042260 seconds, Stopping threads took: 0.0000432 seconds
[1258.781s][info ][safepoint    ] Application time: 1.0001270 seconds
[1258.781s][info ][safepoint    ] Entering safepoint region: Cleanup
[1258.781s][info ][safepoint    ] Leaving safepoint region
[1258.781s][info ][safepoint    ] Total time for which application threads were stopped: 0.0000865 seconds, Stopping threads took: 0.0000163 seconds
[1259.781s][info ][safepoint    ] Application time: 1.0000949 seconds
[1259.781s][info ][safepoint    ] Entering safepoint region: Cleanup
[1259.781s][info ][safepoint    ] Leaving safepoint region
[1259.781s][info ][safepoint    ] Total time for which application threads were stopped: 0.0000739 seconds, Stopping threads took: 0.0000157 seconds
[1260.781s][info ][safepoint    ] Application time: 1.0000891 seconds
[1260.781s][info ][safepoint    ] Entering safepoint region: Cleanup
[1260.781s][info ][safepoint    ] Leaving safepoint region
[1260.781s][info ][safepoint    ] Total time for which application threads were stopped: 0.0000868 seconds, Stopping threads took: 0.0000176 seconds
[1261.768s][info ][safepoint    ] Application time: 0.9862757 seconds
[1261.768s][info ][safepoint    ] Entering safepoint region: GenCollectForAllocation
[1261.768s][info ][gc,start     ] GC(605) Pause Young (Allocation Failure)
[1261.768s][info ][gc,task      ] GC(605) Using 4 workers of 4 for evacuation
[1261.770s][debug][gc,ref       ] GC(605) Skipped phase1 of Reference Processing due to unavailable references
[1261.771s][debug][gc,ref       ] GC(605) Skipped phase3 of Reference Processing due to unavailable references
[1261.771s][debug][gc,ref       ] GC(605) Skipped phase4 of Reference Processing due to unavailable references
[1261.771s][debug][gc,age       ] GC(605) Desired survivor size 15400960 bytes, new threshold 6 (max threshold 6)
[1261.771s][info ][gc,heap      ] GC(605) ParNew: 242947K->1570K(270976K)
[1261.771s][info ][gc,heap      ] GC(605) CMS: 366570K->366621K(602112K)
[1261.771s][info ][gc,metaspace ] GC(605) Metaspace: 63045K->63045K(1107968K)
[1261.771s][info ][gc           ] GC(605) Pause Young (Allocation Failure) 595M->359M(852M) 2.871ms
[1261.771s][info ][gc,cpu       ] GC(605) User=0.01s Sys=0.00s Real=0.01s
[1261.771s][info ][safepoint    ] Leaving safepoint region
[1261.771s][info ][safepoint    ] Total time for which application threads were stopped: 0.0031477 seconds, Stopping threads took: 0.0000151 seconds
[1264.771s][info ][safepoint    ] Application time: 3.0004025 seconds
[1264.771s][info ][safepoint    ] Entering safepoint region: Cleanup
[1264.771s][info ][safepoint    ] Leaving safepoint region
[1264.771s][info ][safepoint    ] Total time for which application threads were stopped: 0.0001381 seconds, Stopping threads took: 0.0000590 seconds
[1265.772s][info ][safepoint    ] Application time: 1.0001016 seconds
[1265.772s][info ][safepoint    ] Entering safepoint region: Cleanup
[1265.772s][info ][safepoint    ] Leaving safepoint region
[1265.772s][info ][safepoint    ] Total time for which application threads were stopped: 0.0001707 seconds, Stopping threads took: 0.0000663 seconds
[1265.773s][info ][safepoint    ] Application time: 0.0013490 seconds
[1265.773s][info ][safepoint    ] Entering safepoint region: GenCollectForAllocation
[1265.773s][info ][gc,start     ] GC(606) Pause Young (Allocation Failure)
[1265.773s][info ][gc,task      ] GC(606) Using 4 workers of 4 for evacuation
[1265.776s][debug][gc,ref       ] GC(606) Skipped phase1 of Reference Processing due to unavailable references
[1265.776s][debug][gc,ref       ] GC(606) Skipped phase3 of Reference Processing due to unavailable references
[1265.776s][debug][gc,ref       ] GC(606) Skipped phase4 of Reference Processing due to unavailable references
[1265.776s][debug][gc,age       ] GC(606) Desired survivor size 15400960 bytes, new threshold 6 (max threshold 6)
[1265.776s][info ][gc,heap      ] GC(606) ParNew: 242466K->1831K(270976K)
[1265.776s][info ][gc,heap      ] GC(606) CMS: 366621K->366723K(602112K)
[1265.776s][info ][gc,metaspace ] GC(606) Metaspace: 63045K->63045K(1107968K)
[1265.776s][info ][gc           ] GC(606) Pause Young (Allocation Failure) 594M->359M(852M) 2.727ms
[1265.776s][info ][gc,cpu       ] GC(606) User=0.01s Sys=0.01s Real=0.00s
[1265.776s][info ][safepoint    ] Leaving safepoint region
[1265.776s][info ][safepoint    ] Total time for which application threads were stopped: 0.0028703 seconds, Stopping threads took: 0.0000280 seconds
[1269.776s][info ][safepoint    ] Application time: 3.9999230 seconds
[1269.776s][info ][safepoint    ] Entering safepoint region: GenCollectForAllocation
[1269.776s][info ][gc,start     ] GC(607) Pause Young (Allocation Failure)
[1269.776s][info ][gc,task      ] GC(607) Using 4 workers of 4 for evacuation
[1269.779s][debug][gc,ref       ] GC(607) Skipped phase1 of Reference Processing due to unavailable references
[1269.779s][debug][gc,ref       ] GC(607) Skipped phase2 of Reference Processing due to unavailable references
[1269.779s][debug][gc,ref       ] GC(607) Skipped phase3 of Reference Processing due to unavailable references
[1269.779s][debug][gc,ref       ] GC(607) Skipped phase4 of Reference Processing due to unavailable references
[1269.780s][debug][gc,age       ] GC(607) Desired survivor size 15400960 bytes, new threshold 6 (max threshold 6)
[1269.780s][info ][gc,heap      ] GC(607) ParNew: 242727K->1371K(270976K)
[1269.780s][info ][gc,heap      ] GC(607) CMS: 366723K->367174K(602112K)
[1269.780s][info ][gc,metaspace ] GC(607) Metaspace: 63045K->63045K(1107968K)
[1269.780s][info ][gc           ] GC(607) Pause Young (Allocation Failure) 595M->359M(852M) 3.601ms
[1269.780s][info ][gc,cpu       ] GC(607) User=0.01s Sys=0.00s Real=0.00s
[1269.780s][info ][safepoint    ] Leaving safepoint region
[1269.780s][info ][safepoint    ] Total time for which application threads were stopped: 0.0037620 seconds, Stopping threads took: 0.0000318 seconds
[1273.785s][info ][safepoint    ] Application time: 4.0047628 seconds
[1273.785s][info ][safepoint    ] Entering safepoint region: Cleanup
[1273.785s][info ][safepoint    ] Leaving safepoint region
[1273.785s][info ][safepoint    ] Total time for which application threads were stopped: 0.0001108 seconds, Stopping threads took: 0.0000316 seconds
[1273.819s][info ][safepoint    ] Application time: 0.0344023 seconds
[1273.819s][info ][safepoint    ] Entering safepoint region: GenCollectForAllocation
[1273.819s][info ][gc,start     ] GC(608) Pause Young (Allocation Failure)
[1273.819s][info ][gc,task      ] GC(608) Using 4 workers of 4 for evacuation
[1273.822s][debug][gc,ref       ] GC(608) Skipped phase1 of Reference Processing due to unavailable references
[1273.822s][debug][gc,ref       ] GC(608) Skipped phase2 of Reference Processing due to unavailable references
[1273.822s][debug][gc,ref       ] GC(608) Skipped phase3 of Reference Processing due to unavailable references
[1273.822s][debug][gc,ref       ] GC(608) Skipped phase4 of Reference Processing due to unavailable references
[1273.822s][debug][gc,age       ] GC(608) Desired survivor size 15400960 bytes, new threshold 6 (max threshold 6)
[1273.822s][info ][gc,heap      ] GC(608) ParNew: 242267K->1008K(270976K)
[1273.822s][info ][gc,heap      ] GC(608) CMS: 367174K->367278K(602112K)
[1273.822s][info ][gc,metaspace ] GC(608) Metaspace: 63045K->63045K(1107968K)
[1273.822s][info ][gc           ] GC(608) Pause Young (Allocation Failure) 595M->359M(852M) 3.181ms
[1273.822s][info ][gc,cpu       ] GC(608) User=0.01s Sys=0.00s Real=0.01s
[1273.822s][info ][safepoint    ] Leaving safepoint region
[1273.822s][info ][safepoint    ] Total time for which application threads were stopped: 0.0033619 seconds, Stopping threads took: 0.0000448 seconds
[1274.823s][info ][safepoint    ] Application time: 1.0000955 seconds
[1274.823s][info ][safepoint    ] Entering safepoint region: Cleanup
[1274.823s][info ][safepoint    ] Leaving safepoint region
[1274.823s][info ][safepoint    ] Total time for which application threads were stopped: 0.0001311 seconds, Stopping threads took: 0.0000601 seconds
[1275.823s][info ][safepoint    ] Application time: 1.0000855 seconds
[1275.823s][info ][safepoint    ] Entering safepoint region: Cleanup
[1275.823s][info ][safepoint    ] Leaving safepoint region
[1275.823s][info ][safepoint    ] Total time for which application threads were stopped: 0.0001051 seconds, Stopping threads took: 0.0000393 seconds
[1277.823s][info ][safepoint    ] Application time: 2.0001954 seconds
[1277.823s][info ][safepoint    ] Entering safepoint region: Cleanup
[1277.823s][info ][safepoint    ] Leaving safepoint region
[1277.823s][info ][safepoint    ] Total time for which application threads were stopped: 0.0001103 seconds, Stopping threads took: 0.0000426 seconds
[1277.826s][info ][safepoint    ] Application time: 0.0030464 seconds
[1277.827s][info ][safepoint    ] Entering safepoint region: GenCollectForAllocation
[1277.828s][info ][gc,start     ] GC(609) Pause Young (Allocation Failure)
[1277.828s][info ][gc,task      ] GC(609) Using 4 workers of 4 for evacuation
[1277.830s][debug][gc,ref       ] GC(609) Skipped phase1 of Reference Processing due to unavailable references
[1277.830s][debug][gc,ref       ] GC(609) Skipped phase3 of Reference Processing due to unavailable references
[1277.830s][debug][gc,age       ] GC(609) Desired survivor size 15400960 bytes, new threshold 6 (max threshold 6)
[1277.830s][info ][gc,heap      ] GC(609) ParNew: 241904K->1236K(270976K)
[1277.830s][info ][gc,heap      ] GC(609) CMS: 367278K->367373K(602112K)
[1277.830s][info ][gc,metaspace ] GC(609) Metaspace: 63049K->63049K(1107968K)
[1277.830s][info ][gc           ] GC(609) Pause Young (Allocation Failure) 594M->359M(852M) 2.578ms
[1277.830s][info ][gc,cpu       ] GC(609) User=0.01s Sys=0.00s Real=0.01s
[1277.830s][info ][safepoint    ] Leaving safepoint region
[1277.830s][info ][safepoint    ] Total time for which application threads were stopped: 0.0028716 seconds, Stopping threads took: 0.0000173 seconds
[1279.830s][info ][safepoint    ] Application time: 2.0001814 seconds
[1279.830s][info ][safepoint    ] Entering safepoint region: Cleanup
[1279.831s][info ][safepoint    ] Leaving safepoint region
[1279.831s][info ][safepoint    ] Total time for which application threads were stopped: 0.0000970 seconds, Stopping threads took: 0.0000308 seconds
[1280.831s][info ][safepoint    ] Application time: 1.0001269 seconds
[1280.831s][info ][safepoint    ] Entering safepoint region: Cleanup
[1280.831s][info ][safepoint    ] Leaving safepoint region
[1280.831s][info ][safepoint    ] Total time for which application threads were stopped: 0.0000749 seconds, Stopping threads took: 0.0000171 seconds
[1281.670s][info ][safepoint    ] Application time: 0.8389679 seconds
[1281.670s][info ][safepoint    ] Entering safepoint region: GenCollectForAllocation
[1281.670s][info ][gc,start     ] GC(610) Pause Young (Allocation Failure)
[1281.670s][info ][gc,task      ] GC(610) Using 4 workers of 4 for evacuation
[1281.673s][debug][gc,ref       ] GC(610) Skipped phase1 of Reference Processing due to unavailable references
[1281.673s][debug][gc,ref       ] GC(610) Skipped phase3 of Reference Processing due to unavailable references
[1281.673s][debug][gc,ref       ] GC(610) Skipped phase4 of Reference Processing due to unavailable references
[1281.673s][debug][gc,age       ] GC(610) Desired survivor size 15400960 bytes, new threshold 6 (max threshold 6)
[1281.673s][info ][gc,heap      ] GC(610) ParNew: 242132K->1340K(270976K)
[1281.673s][info ][gc,heap      ] GC(610) CMS: 367373K->367474K(602112K)
[1281.673s][info ][gc,metaspace ] GC(610) Metaspace: 63050K->63050K(1107968K)
[1281.673s][info ][gc           ] GC(610) Pause Young (Allocation Failure) 595M->360M(852M) 2.941ms
[1281.673s][info ][gc,cpu       ] GC(610) User=0.02s Sys=0.00s Real=0.00s
[1281.673s][info ][safepoint    ] Leaving safepoint region
[1281.673s][info ][safepoint    ] Total time for which application threads were stopped: 0.0031305 seconds, Stopping threads took: 0.0000636 seconds
[1285.619s][info ][safepoint    ] Application time: 3.9463497 seconds
[1285.619s][info ][safepoint    ] Entering safepoint region: GenCollectForAllocation
[1285.620s][info ][gc,start     ] GC(611) Pause Young (Allocation Failure)
[1285.620s][info ][gc,task      ] GC(611) Using 4 workers of 4 for evacuation
[1285.623s][debug][gc,ref       ] GC(611) Skipped phase1 of Reference Processing due to unavailable references
[1285.623s][debug][gc,ref       ] GC(611) Skipped phase3 of Reference Processing due to unavailable references
[1285.623s][debug][gc,ref       ] GC(611) Skipped phase4 of Reference Processing due to unavailable references
[1285.623s][debug][gc,age       ] GC(611) Desired survivor size 15400960 bytes, new threshold 6 (max threshold 6)
[1285.623s][info ][gc,heap      ] GC(611) ParNew: 242236K->1464K(270976K)
[1285.623s][info ][gc,heap      ] GC(611) CMS: 367474K->367567K(602112K)
[1285.623s][info ][gc,metaspace ] GC(611) Metaspace: 63050K->63050K(1107968K)
[1285.623s][info ][gc           ] GC(611) Pause Young (Allocation Failure) 595M->360M(852M) 3.560ms
[1285.623s][info ][gc,cpu       ] GC(611) User=0.00s Sys=0.02s Real=0.01s
[1285.623s][info ][safepoint    ] Leaving safepoint region
[1285.623s][info ][safepoint    ] Total time for which application threads were stopped: 0.0038535 seconds, Stopping threads took: 0.0000514 seconds
[1287.297s][info ][safepoint    ] Application time: 1.6741239 seconds
[1287.297s][info ][safepoint    ] Entering safepoint region: RevokeBias
[1287.297s][info ][safepoint    ] Leaving safepoint region
[1287.297s][info ][safepoint    ] Total time for which application threads were stopped: 0.0001283 seconds, Stopping threads took: 0.0000324 seconds
[1289.298s][info ][safepoint    ] Application time: 2.0001878 seconds
[1289.298s][info ][safepoint    ] Entering safepoint region: Cleanup
[1289.298s][info ][safepoint    ] Leaving safepoint region
[1289.298s][info ][safepoint    ] Total time for which application threads were stopped: 0.0000767 seconds, Stopping threads took: 0.0000175 seconds
[1289.527s][info ][safepoint    ] Application time: 0.2288882 seconds
[1289.527s][info ][safepoint    ] Entering safepoint region: GenCollectForAllocation
[1289.527s][info ][gc,start     ] GC(612) Pause Young (Allocation Failure)
[1289.527s][info ][gc,task      ] GC(612) Using 4 workers of 4 for evacuation
[1289.533s][debug][gc,ref       ] GC(612) Skipped phase1 of Reference Processing due to unavailable references
[1289.533s][debug][gc,ref       ] GC(612) Skipped phase3 of Reference Processing due to unavailable references
[1289.533s][debug][gc,ref       ] GC(612) Skipped phase4 of Reference Processing due to unavailable references
[1289.533s][debug][gc,age       ] GC(612) Desired survivor size 15400960 bytes, new threshold 6 (max threshold 6)
[1289.533s][info ][gc,heap      ] GC(612) ParNew: 242360K->1571K(270976K)
[1289.533s][info ][gc,heap      ] GC(612) CMS: 367567K->367612K(602112K)
[1289.533s][info ][gc,metaspace ] GC(612) Metaspace: 63050K->63050K(1107968K)
[1289.533s][info ][gc           ] GC(612) Pause Young (Allocation Failure) 595M->360M(852M) 6.287ms
[1289.533s][info ][gc,cpu       ] GC(612) User=0.02s Sys=0.01s Real=0.01s
[1289.533s][info ][safepoint    ] Leaving safepoint region
[1289.533s][info ][safepoint    ] Total time for which application threads were stopped: 0.0065359 seconds, Stopping threads took: 0.0000457 seconds
[1290.533s][info ][safepoint    ] Application time: 1.0001316 seconds
[1290.533s][info ][safepoint    ] Entering safepoint region: Cleanup
[1290.534s][info ][safepoint    ] Leaving safepoint region
[1290.534s][info ][safepoint    ] Total time for which application threads were stopped: 0.0000788 seconds, Stopping threads took: 0.0000153 seconds
[1293.528s][info ][safepoint    ] Application time: 2.9947677 seconds
[1293.528s][info ][safepoint    ] Entering safepoint region: GenCollectForAllocation
[1293.528s][info ][gc,start     ] GC(613) Pause Young (Allocation Failure)
[1293.528s][info ][gc,task      ] GC(613) Using 4 workers of 4 for evacuation
[1293.533s][debug][gc,ref       ] GC(613) Skipped phase1 of Reference Processing due to unavailable references
[1293.533s][debug][gc,ref       ] GC(613) Skipped phase3 of Reference Processing due to unavailable references
[1293.533s][debug][gc,ref       ] GC(613) Skipped phase4 of Reference Processing due to unavailable references
[1293.533s][debug][gc,age       ] GC(613) Desired survivor size 15400960 bytes, new threshold 6 (max threshold 6)
[1293.533s][info ][gc,heap      ] GC(613) ParNew: 242467K->1105K(270976K)
[1293.533s][info ][gc,heap      ] GC(613) CMS: 367612K->367706K(602112K)
[1293.533s][info ][gc,metaspace ] GC(613) Metaspace: 63050K->63050K(1107968K)
[1293.533s][info ][gc           ] GC(613) Pause Young (Allocation Failure) 595M->360M(852M) 4.940ms
[1293.533s][info ][gc,cpu       ] GC(613) User=0.01s Sys=0.00s Real=0.00s
[1293.533s][info ][safepoint    ] Leaving safepoint region
[1293.533s][info ][safepoint    ] Total time for which application threads were stopped: 0.0051184 seconds, Stopping threads took: 0.0000209 seconds
[1297.470s][info ][safepoint    ] Application time: 3.9360962 seconds
[1297.470s][info ][safepoint    ] Entering safepoint region: GenCollectForAllocation
[1297.470s][info ][gc,start     ] GC(614) Pause Young (Allocation Failure)
[1297.470s][info ][gc,task      ] GC(614) Using 4 workers of 4 for evacuation
[1297.472s][debug][gc,ref       ] GC(614) Skipped phase1 of Reference Processing due to unavailable references
[1297.472s][debug][gc,ref       ] GC(614) Skipped phase3 of Reference Processing due to unavailable references
[1297.472s][debug][gc,ref       ] GC(614) Skipped phase4 of Reference Processing due to unavailable references
[1297.472s][debug][gc,age       ] GC(614) Desired survivor size 15400960 bytes, new threshold 6 (max threshold 6)
[1297.472s][info ][gc,heap      ] GC(614) ParNew: 242001K->1095K(270976K)
[1297.472s][info ][gc,heap      ] GC(614) CMS: 367706K->367847K(602112K)
[1297.472s][info ][gc,metaspace ] GC(614) Metaspace: 63052K->63052K(1107968K)
[1297.472s][info ][gc           ] GC(614) Pause Young (Allocation Failure) 595M->360M(852M) 2.659ms
[1297.472s][info ][gc,cpu       ] GC(614) User=0.01s Sys=0.00s Real=0.00s
[1297.472s][info ][safepoint    ] Leaving safepoint region
[1297.472s][info ][safepoint    ] Total time for which application threads were stopped: 0.0029178 seconds, Stopping threads took: 0.0000367 seconds
[1301.469s][info ][safepoint    ] Application time: 3.9963798 seconds
[1301.469s][info ][safepoint    ] Entering safepoint region: GenCollectForAllocation
[1301.469s][info ][gc,start     ] GC(615) Pause Young (Allocation Failure)
[1301.469s][info ][gc,task      ] GC(615) Using 4 workers of 4 for evacuation
[1301.471s][debug][gc,ref       ] GC(615) Skipped phase1 of Reference Processing due to unavailable references
[1301.471s][debug][gc,ref       ] GC(615) Skipped phase2 of Reference Processing due to unavailable references
[1301.471s][debug][gc,ref       ] GC(615) Skipped phase3 of Reference Processing due to unavailable references
[1301.471s][debug][gc,ref       ] GC(615) Skipped phase4 of Reference Processing due to unavailable references
[1301.472s][debug][gc,age       ] GC(615) Desired survivor size 15400960 bytes, new threshold 6 (max threshold 6)
[1301.472s][info ][gc,heap      ] GC(615) ParNew: 241991K->1022K(270976K)
[1301.472s][info ][gc,heap      ] GC(615) CMS: 367847K->367918K(602112K)
[1301.472s][info ][gc,metaspace ] GC(615) Metaspace: 63052K->63052K(1107968K)
[1301.472s][info ][gc           ] GC(615) Pause Young (Allocation Failure) 595M->360M(852M) 2.552ms
[1301.472s][info ][gc,cpu       ] GC(615) User=0.01s Sys=0.00s Real=0.00s
[1301.472s][info ][safepoint    ] Leaving safepoint region
[1301.472s][info ][safepoint    ] Total time for which application threads were stopped: 0.0027596 seconds, Stopping threads took: 0.0000623 seconds
[1302.420s][info ][safepoint    ] Application time: 0.9487723 seconds
[1302.421s][info ][safepoint    ] Entering safepoint region: BulkRevokeBias
[1302.421s][info ][safepoint    ] Leaving safepoint region
[1302.421s][info ][safepoint    ] Total time for which application threads were stopped: 0.0003928 seconds, Stopping threads took: 0.0000451 seconds
[1305.470s][info ][safepoint    ] Application time: 3.0489648 seconds
[1305.470s][info ][safepoint    ] Entering safepoint region: GenCollectForAllocation
[1305.470s][info ][gc,start     ] GC(616) Pause Young (Allocation Failure)
[1305.470s][info ][gc,task      ] GC(616) Using 4 workers of 4 for evacuation
[1305.473s][debug][gc,ref       ] GC(616) Skipped phase1 of Reference Processing due to unavailable references
[1305.473s][debug][gc,ref       ] GC(616) Skipped phase2 of Reference Processing due to unavailable references
[1305.473s][debug][gc,ref       ] GC(616) Skipped phase3 of Reference Processing due to unavailable references
[1305.473s][debug][gc,ref       ] GC(616) Skipped phase4 of Reference Processing due to unavailable references
[1305.473s][debug][gc,age       ] GC(616) Desired survivor size 15400960 bytes, new threshold 6 (max threshold 6)
[1305.473s][info ][gc,heap      ] GC(616) ParNew: 241918K->1234K(270976K)
[1305.473s][info ][gc,heap      ] GC(616) CMS: 367918K->368092K(602112K)
[1305.473s][info ][gc,metaspace ] GC(616) Metaspace: 63052K->63052K(1107968K)
[1305.473s][info ][gc           ] GC(616) Pause Young (Allocation Failure) 595M->360M(852M) 2.902ms
[1305.473s][info ][gc,cpu       ] GC(616) User=0.01s Sys=0.00s Real=0.00s
[1305.473s][info ][safepoint    ] Leaving safepoint region
[1305.473s][info ][safepoint    ] Total time for which application threads were stopped: 0.0030751 seconds, Stopping threads took: 0.0000403 seconds
[1309.326s][info ][safepoint    ] Application time: 3.8531995 seconds
[1309.326s][info ][safepoint    ] Entering safepoint region: GenCollectForAllocation
[1309.326s][info ][gc,start     ] GC(617) Pause Young (Allocation Failure)
[1309.326s][info ][gc,task      ] GC(617) Using 4 workers of 4 for evacuation
[1309.329s][debug][gc,ref       ] GC(617) Skipped phase1 of Reference Processing due to unavailable references
[1309.329s][debug][gc,ref       ] GC(617) Skipped phase2 of Reference Processing due to unavailable references
[1309.329s][debug][gc,ref       ] GC(617) Skipped phase3 of Reference Processing due to unavailable references
[1309.329s][debug][gc,ref       ] GC(617) Skipped phase4 of Reference Processing due to unavailable references
[1309.329s][debug][gc,age       ] GC(617) Desired survivor size 15400960 bytes, new threshold 6 (max threshold 6)
[1309.329s][info ][gc,heap      ] GC(617) ParNew: 242130K->1268K(270976K)
[1309.329s][info ][gc,heap      ] GC(617) CMS: 368092K->368161K(602112K)
[1309.329s][info ][gc,metaspace ] GC(617) Metaspace: 63053K->63053K(1107968K)
[1309.329s][info ][gc           ] GC(617) Pause Young (Allocation Failure) 595M->360M(852M) 2.476ms
[1309.329s][info ][gc,cpu       ] GC(617) User=0.01s Sys=0.00s Real=0.01s
[1309.329s][info ][safepoint    ] Leaving safepoint region
[1309.329s][info ][safepoint    ] Total time for which application threads were stopped: 0.0026659 seconds, Stopping threads took: 0.0000398 seconds
[1313.223s][info ][safepoint    ] Application time: 3.8936173 seconds
[1313.223s][info ][safepoint    ] Entering safepoint region: GenCollectForAllocation
[1313.223s][info ][gc,start     ] GC(618) Pause Young (Allocation Failure)
[1313.223s][info ][gc,task      ] GC(618) Using 4 workers of 4 for evacuation
[1313.225s][debug][gc,ref       ] GC(618) Skipped phase1 of Reference Processing due to unavailable references
[1313.225s][debug][gc,ref       ] GC(618) Skipped phase2 of Reference Processing due to unavailable references
[1313.225s][debug][gc,ref       ] GC(618) Skipped phase3 of Reference Processing due to unavailable references
[1313.225s][debug][gc,ref       ] GC(618) Skipped phase4 of Reference Processing due to unavailable references
[1313.225s][debug][gc,age       ] GC(618) Desired survivor size 15400960 bytes, new threshold 6 (max threshold 6)
[1313.225s][info ][gc,heap      ] GC(618) ParNew: 242164K->1483K(270976K)
[1313.225s][info ][gc,heap      ] GC(618) CMS: 368161K->368253K(602112K)
[1313.225s][info ][gc,metaspace ] GC(618) Metaspace: 63053K->63053K(1107968K)
[1313.225s][info ][gc           ] GC(618) Pause Young (Allocation Failure) 596M->361M(852M) 2.614ms
[1313.225s][info ][gc,cpu       ] GC(618) User=0.00s Sys=0.00s Real=0.00s
[1313.225s][info ][safepoint    ] Leaving safepoint region
[1313.225s][info ][safepoint    ] Total time for which application threads were stopped: 0.0027587 seconds, Stopping threads took: 0.0000159 seconds
[1317.069s][info ][safepoint    ] Application time: 3.8431862 seconds
[1317.069s][info ][safepoint    ] Entering safepoint region: GenCollectForAllocation
[1317.069s][info ][gc,start     ] GC(619) Pause Young (Allocation Failure)
[1317.069s][info ][gc,task      ] GC(619) Using 4 workers of 4 for evacuation
[1317.072s][debug][gc,ref       ] GC(619) Skipped phase1 of Reference Processing due to unavailable references
[1317.072s][debug][gc,ref       ] GC(619) Skipped phase2 of Reference Processing due to unavailable references
[1317.072s][debug][gc,ref       ] GC(619) Skipped phase3 of Reference Processing due to unavailable references
[1317.072s][debug][gc,ref       ] GC(619) Skipped phase4 of Reference Processing due to unavailable references
[1317.072s][debug][gc,age       ] GC(619) Desired survivor size 15400960 bytes, new threshold 6 (max threshold 6)
[1317.072s][info ][gc,heap      ] GC(619) ParNew: 242379K->1622K(270976K)
[1317.072s][info ][gc,heap      ] GC(619) CMS: 368253K->368259K(602112K)
[1317.072s][info ][gc,metaspace ] GC(619) Metaspace: 63056K->63056K(1107968K)
[1317.072s][info ][gc           ] GC(619) Pause Young (Allocation Failure) 596M->361M(852M) 3.263ms
[1317.072s][info ][gc,cpu       ] GC(619) User=0.01s Sys=0.01s Real=0.00s
[1317.072s][info ][safepoint    ] Leaving safepoint region
[1317.072s][info ][safepoint    ] Total time for which application threads were stopped: 0.0037233 seconds, Stopping threads took: 0.0002502 seconds
[1320.880s][info ][safepoint    ] Application time: 3.8079016 seconds
[1320.880s][info ][safepoint    ] Entering safepoint region: GenCollectForAllocation
[1320.880s][info ][gc,start     ] GC(620) Pause Young (Allocation Failure)
[1320.880s][info ][gc,task      ] GC(620) Using 4 workers of 4 for evacuation
[1320.883s][debug][gc,ref       ] GC(620) Skipped phase1 of Reference Processing due to unavailable references
[1320.883s][debug][gc,ref       ] GC(620) Skipped phase2 of Reference Processing due to unavailable references
[1320.883s][debug][gc,ref       ] GC(620) Skipped phase3 of Reference Processing due to unavailable references
[1320.883s][debug][gc,ref       ] GC(620) Skipped phase4 of Reference Processing due to unavailable references
[1320.883s][debug][gc,age       ] GC(620) Desired survivor size 15400960 bytes, new threshold 6 (max threshold 6)
[1320.883s][info ][gc,heap      ] GC(620) ParNew: 242518K->1944K(270976K)
[1320.883s][info ][gc,heap      ] GC(620) CMS: 368259K->368360K(602112K)
[1320.883s][info ][gc,metaspace ] GC(620) Metaspace: 63057K->63057K(1107968K)
[1320.883s][info ][gc           ] GC(620) Pause Young (Allocation Failure) 596M->361M(852M) 2.765ms
[1320.883s][info ][gc,cpu       ] GC(620) User=0.01s Sys=0.00s Real=0.00s
[1320.883s][info ][safepoint    ] Leaving safepoint region
[1320.883s][info ][safepoint    ] Total time for which application threads were stopped: 0.0029100 seconds, Stopping threads took: 0.0000160 seconds
[1324.721s][info ][safepoint    ] Application time: 3.8380833 seconds
[1324.721s][info ][safepoint    ] Entering safepoint region: GenCollectForAllocation
[1324.721s][info ][gc,start     ] GC(621) Pause Young (Allocation Failure)
[1324.722s][info ][gc,task      ] GC(621) Using 4 workers of 4 for evacuation
[1324.725s][debug][gc,ref       ] GC(621) Skipped phase1 of Reference Processing due to unavailable references
[1324.725s][debug][gc,ref       ] GC(621) Skipped phase2 of Reference Processing due to unavailable references
[1324.725s][debug][gc,ref       ] GC(621) Skipped phase3 of Reference Processing due to unavailable references
[1324.725s][debug][gc,ref       ] GC(621) Skipped phase4 of Reference Processing due to unavailable references
[1324.725s][debug][gc,age       ] GC(621) Desired survivor size 15400960 bytes, new threshold 6 (max threshold 6)
[1324.725s][info ][gc,heap      ] GC(621) ParNew: 242840K->1567K(270976K)
[1324.725s][info ][gc,heap      ] GC(621) CMS: 368360K->368430K(602112K)
[1324.725s][info ][gc,metaspace ] GC(621) Metaspace: 63057K->63057K(1107968K)
[1324.725s][info ][gc           ] GC(621) Pause Young (Allocation Failure) 596M->361M(852M) 3.529ms
[1324.725s][info ][gc,cpu       ] GC(621) User=0.01s Sys=0.00s Real=0.00s
[1324.725s][info ][safepoint    ] Leaving safepoint region
[1324.725s][info ][safepoint    ] Total time for which application threads were stopped: 0.0037498 seconds, Stopping threads took: 0.0000370 seconds
[1328.679s][info ][safepoint    ] Application time: 3.9541086 seconds
[1328.679s][info ][safepoint    ] Entering safepoint region: GenCollectForAllocation
[1328.679s][info ][gc,start     ] GC(622) Pause Young (Allocation Failure)
[1328.679s][info ][gc,task      ] GC(622) Using 4 workers of 4 for evacuation
[1328.682s][debug][gc,ref       ] GC(622) Skipped phase1 of Reference Processing due to unavailable references
[1328.682s][debug][gc,ref       ] GC(622) Skipped phase2 of Reference Processing due to unavailable references
[1328.682s][debug][gc,ref       ] GC(622) Skipped phase3 of Reference Processing due to unavailable references
[1328.682s][debug][gc,ref       ] GC(622) Skipped phase4 of Reference Processing due to unavailable references
[1328.682s][debug][gc,age       ] GC(622) Desired survivor size 15400960 bytes, new threshold 6 (max threshold 6)
[1328.682s][info ][gc,heap      ] GC(622) ParNew: 242463K->1799K(270976K)
[1328.682s][info ][gc,heap      ] GC(622) CMS: 368430K->368537K(602112K)
[1328.682s][info ][gc,metaspace ] GC(622) Metaspace: 63057K->63057K(1107968K)
[1328.682s][info ][gc           ] GC(622) Pause Young (Allocation Failure) 596M->361M(852M) 2.918ms
[1328.682s][info ][gc,cpu       ] GC(622) User=0.01s Sys=0.00s Real=0.01s
[1328.682s][info ][safepoint    ] Leaving safepoint region
[1328.682s][info ][safepoint    ] Total time for which application threads were stopped: 0.0030648 seconds, Stopping threads took: 0.0000137 seconds
[1330.682s][info ][safepoint    ] Application time: 2.0002327 seconds
[1330.683s][info ][safepoint    ] Entering safepoint region: Cleanup
[1330.683s][info ][safepoint    ] Leaving safepoint region
[1330.683s][info ][safepoint    ] Total time for which application threads were stopped: 0.0000760 seconds, Stopping threads took: 0.0000164 seconds
[1331.683s][info ][safepoint    ] Application time: 1.0000824 seconds
[1331.683s][info ][safepoint    ] Entering safepoint region: Cleanup
[1331.683s][info ][safepoint    ] Leaving safepoint region
[1331.683s][info ][safepoint    ] Total time for which application threads were stopped: 0.0000741 seconds, Stopping threads took: 0.0000155 seconds
[1332.522s][info ][safepoint    ] Application time: 0.8393170 seconds
[1332.522s][info ][safepoint    ] Entering safepoint region: GenCollectForAllocation
[1332.522s][info ][gc,start     ] GC(623) Pause Young (Allocation Failure)
[1332.522s][info ][gc,task      ] GC(623) Using 4 workers of 4 for evacuation
[1332.525s][debug][gc,ref       ] GC(623) Skipped phase1 of Reference Processing due to unavailable references
[1332.525s][debug][gc,ref       ] GC(623) Skipped phase2 of Reference Processing due to unavailable references
[1332.525s][debug][gc,ref       ] GC(623) Skipped phase3 of Reference Processing due to unavailable references
[1332.525s][debug][gc,ref       ] GC(623) Skipped phase4 of Reference Processing due to unavailable references
[1332.525s][debug][gc,age       ] GC(623) Desired survivor size 15400960 bytes, new threshold 6 (max threshold 6)
[1332.525s][info ][gc,heap      ] GC(623) ParNew: 242695K->1651K(270976K)
[1332.526s][info ][gc,heap      ] GC(623) CMS: 368537K->368740K(602112K)
[1332.526s][info ][gc,metaspace ] GC(623) Metaspace: 63065K->63065K(1107968K)
[1332.526s][info ][gc           ] GC(623) Pause Young (Allocation Failure) 596M->361M(852M) 3.271ms
[1332.526s][info ][gc,cpu       ] GC(623) User=0.01s Sys=0.00s Real=0.00s
[1332.526s][info ][safepoint    ] Leaving safepoint region
[1332.526s][info ][safepoint    ] Total time for which application threads were stopped: 0.0034076 seconds, Stopping threads took: 0.0000152 seconds
[1335.526s][info ][safepoint    ] Application time: 3.0004151 seconds
[1335.526s][info ][safepoint    ] Entering safepoint region: Cleanup
[1335.526s][info ][safepoint    ] Leaving safepoint region
[1335.526s][info ][safepoint    ] Total time for which application threads were stopped: 0.0001088 seconds, Stopping threads took: 0.0000478 seconds
[1336.424s][info ][safepoint    ] Application time: 0.8979166 seconds
[1336.424s][info ][safepoint    ] Entering safepoint region: GenCollectForAllocation
[1336.424s][info ][gc,start     ] GC(624) Pause Young (Allocation Failure)
[1336.424s][info ][gc,task      ] GC(624) Using 4 workers of 4 for evacuation
[1336.427s][debug][gc,ref       ] GC(624) Skipped phase1 of Reference Processing due to unavailable references
[1336.427s][debug][gc,ref       ] GC(624) Skipped phase2 of Reference Processing due to unavailable references
[1336.427s][debug][gc,ref       ] GC(624) Skipped phase3 of Reference Processing due to unavailable references
[1336.427s][debug][gc,ref       ] GC(624) Skipped phase4 of Reference Processing due to unavailable references
[1336.427s][debug][gc,age       ] GC(624) Desired survivor size 15400960 bytes, new threshold 6 (max threshold 6)
[1336.427s][info ][gc,heap      ] GC(624) ParNew: 242547K->1655K(270976K)
[1336.427s][info ][gc,heap      ] GC(624) CMS: 368740K->368848K(602112K)
[1336.427s][info ][gc,metaspace ] GC(624) Metaspace: 63068K->63068K(1107968K)
[1336.427s][info ][gc           ] GC(624) Pause Young (Allocation Failure) 596M->361M(852M) 2.957ms
[1336.427s][info ][gc,cpu       ] GC(624) User=0.01s Sys=0.00s Real=0.00s
[1336.427s][info ][safepoint    ] Leaving safepoint region
[1336.427s][info ][safepoint    ] Total time for which application threads were stopped: 0.0031259 seconds, Stopping threads took: 0.0000159 seconds
[1340.470s][info ][safepoint    ] Application time: 4.0423203 seconds
[1340.470s][info ][safepoint    ] Entering safepoint region: GenCollectForAllocation
[1340.470s][info ][gc,start     ] GC(625) Pause Young (Allocation Failure)
[1340.470s][info ][gc,task      ] GC(625) Using 4 workers of 4 for evacuation
[1340.472s][debug][gc,ref       ] GC(625) Skipped phase1 of Reference Processing due to unavailable references
[1340.472s][debug][gc,ref       ] GC(625) Skipped phase2 of Reference Processing due to unavailable references
[1340.472s][debug][gc,ref       ] GC(625) Skipped phase3 of Reference Processing due to unavailable references
[1340.472s][debug][gc,ref       ] GC(625) Skipped phase4 of Reference Processing due to unavailable references
[1340.472s][debug][gc,age       ] GC(625) Desired survivor size 15400960 bytes, new threshold 6 (max threshold 6)
[1340.472s][info ][gc,heap      ] GC(625) ParNew: 242551K->1640K(270976K)
[1340.472s][info ][gc,heap      ] GC(625) CMS: 368848K->368937K(602112K)
[1340.472s][info ][gc,metaspace ] GC(625) Metaspace: 63068K->63068K(1107968K)
[1340.472s][info ][gc           ] GC(625) Pause Young (Allocation Failure) 597M->361M(852M) 2.563ms
[1340.472s][info ][gc,cpu       ] GC(625) User=0.01s Sys=0.00s Real=0.00s
[1340.472s][info ][safepoint    ] Leaving safepoint region
[1340.472s][info ][safepoint    ] Total time for which application threads were stopped: 0.0027633 seconds, Stopping threads took: 0.0000568 seconds
[1342.473s][info ][safepoint    ] Application time: 2.0002767 seconds
[1342.473s][info ][safepoint    ] Entering safepoint region: Cleanup
[1342.473s][info ][safepoint    ] Leaving safepoint region
[1342.473s][info ][safepoint    ] Total time for which application threads were stopped: 0.0001228 seconds, Stopping threads took: 0.0000403 seconds
[1344.419s][info ][safepoint    ] Application time: 1.9463521 seconds
[1344.419s][info ][safepoint    ] Entering safepoint region: GenCollectForAllocation
[1344.419s][info ][gc,start     ] GC(626) Pause Young (Allocation Failure)
[1344.419s][info ][gc,task      ] GC(626) Using 4 workers of 4 for evacuation
[1344.422s][debug][gc,ref       ] GC(626) Skipped phase1 of Reference Processing due to unavailable references
[1344.422s][debug][gc,ref       ] GC(626) Skipped phase2 of Reference Processing due to unavailable references
[1344.422s][debug][gc,ref       ] GC(626) Skipped phase3 of Reference Processing due to unavailable references
[1344.422s][debug][gc,ref       ] GC(626) Skipped phase4 of Reference Processing due to unavailable references
[1344.422s][debug][gc,age       ] GC(626) Desired survivor size 15400960 bytes, new threshold 6 (max threshold 6)
[1344.422s][info ][gc,heap      ] GC(626) ParNew: 242536K->1366K(270976K)
[1344.422s][info ][gc,heap      ] GC(626) CMS: 368937K->369034K(602112K)
[1344.422s][info ][gc,metaspace ] GC(626) Metaspace: 63068K->63068K(1107968K)
[1344.422s][info ][gc           ] GC(626) Pause Young (Allocation Failure) 597M->361M(852M) 2.828ms
[1344.422s][info ][gc,cpu       ] GC(626) User=0.01s Sys=0.00s Real=0.01s
[1344.422s][info ][safepoint    ] Leaving safepoint region
[1344.422s][info ][safepoint    ] Total time for which application threads were stopped: 0.0030047 seconds, Stopping threads took: 0.0000418 seconds
[1348.379s][info ][safepoint    ] Application time: 3.9570893 seconds
[1348.379s][info ][safepoint    ] Entering safepoint region: GenCollectForAllocation
[1348.380s][info ][gc,start     ] GC(627) Pause Young (Allocation Failure)
[1348.380s][info ][gc,task      ] GC(627) Using 4 workers of 4 for evacuation
[1348.382s][debug][gc,ref       ] GC(627) Skipped phase1 of Reference Processing due to unavailable references
[1348.382s][debug][gc,ref       ] GC(627) Skipped phase2 of Reference Processing due to unavailable references
[1348.382s][debug][gc,ref       ] GC(627) Skipped phase3 of Reference Processing due to unavailable references
[1348.382s][debug][gc,ref       ] GC(627) Skipped phase4 of Reference Processing due to unavailable references
[1348.383s][debug][gc,age       ] GC(627) Desired survivor size 15400960 bytes, new threshold 6 (max threshold 6)
[1348.383s][info ][gc,heap      ] GC(627) ParNew: 242262K->1569K(270976K)
[1348.383s][info ][gc,heap      ] GC(627) CMS: 369034K->369142K(602112K)
[1348.383s][info ][gc,metaspace ] GC(627) Metaspace: 63069K->63069K(1107968K)
[1348.383s][info ][gc           ] GC(627) Pause Young (Allocation Failure) 596M->362M(852M) 2.957ms
[1348.383s][info ][gc,cpu       ] GC(627) User=0.00s Sys=0.00s Real=0.01s
[1348.383s][info ][safepoint    ] Leaving safepoint region
[1348.383s][info ][safepoint    ] Total time for which application threads were stopped: 0.0033028 seconds, Stopping threads took: 0.0001077 seconds
[1349.383s][info ][safepoint    ] Application time: 1.0001273 seconds
[1349.383s][info ][safepoint    ] Entering safepoint region: Cleanup
[1349.383s][info ][safepoint    ] Leaving safepoint region
[1349.383s][info ][safepoint    ] Total time for which application threads were stopped: 0.0000889 seconds, Stopping threads took: 0.0000150 seconds
[1350.383s][info ][safepoint    ] Application time: 1.0000775 seconds
[1350.383s][info ][safepoint    ] Entering safepoint region: Cleanup
[1350.383s][info ][safepoint    ] Leaving safepoint region
[1350.383s][info ][safepoint    ] Total time for which application threads were stopped: 0.0000886 seconds, Stopping threads took: 0.0000162 seconds
[1351.383s][info ][safepoint    ] Application time: 1.0000939 seconds
[1351.383s][info ][safepoint    ] Entering safepoint region: Cleanup
[1351.383s][info ][safepoint    ] Leaving safepoint region
[1351.383s][info ][safepoint    ] Total time for which application threads were stopped: 0.0001679 seconds, Stopping threads took: 0.0000461 seconds
[1352.227s][info ][safepoint    ] Application time: 0.8432827 seconds
[1352.227s][info ][safepoint    ] Entering safepoint region: GenCollectForAllocation
[1352.227s][info ][gc,start     ] GC(628) Pause Young (Allocation Failure)
[1352.227s][info ][gc,task      ] GC(628) Using 4 workers of 4 for evacuation
[1352.230s][debug][gc,ref       ] GC(628) Skipped phase1 of Reference Processing due to unavailable references
[1352.230s][debug][gc,ref       ] GC(628) Skipped phase2 of Reference Processing due to unavailable references
[1352.230s][debug][gc,ref       ] GC(628) Skipped phase3 of Reference Processing due to unavailable references
[1352.230s][debug][gc,ref       ] GC(628) Skipped phase4 of Reference Processing due to unavailable references
[1352.230s][debug][gc,age       ] GC(628) Desired survivor size 15400960 bytes, new threshold 6 (max threshold 6)
[1352.230s][info ][gc,heap      ] GC(628) ParNew: 242465K->1686K(270976K)
[1352.231s][info ][gc,heap      ] GC(628) CMS: 369142K->369195K(602112K)
[1352.231s][info ][gc,metaspace ] GC(628) Metaspace: 63069K->63069K(1107968K)
[1352.231s][info ][gc           ] GC(628) Pause Young (Allocation Failure) 597M->362M(852M) 3.583ms
[1352.231s][info ][gc,cpu       ] GC(628) User=0.01s Sys=0.00s Real=0.01s
[1352.231s][info ][safepoint    ] Leaving safepoint region
[1352.231s][info ][safepoint    ] Total time for which application threads were stopped: 0.0037876 seconds, Stopping threads took: 0.0000393 seconds
[1356.169s][info ][safepoint    ] Application time: 3.9387258 seconds
[1356.169s][info ][safepoint    ] Entering safepoint region: GenCollectForAllocation
[1356.169s][info ][gc,start     ] GC(629) Pause Young (Allocation Failure)
[1356.170s][info ][gc,task      ] GC(629) Using 4 workers of 4 for evacuation
[1356.173s][debug][gc,ref       ] GC(629) Skipped phase1 of Reference Processing due to unavailable references
[1356.173s][debug][gc,ref       ] GC(629) Skipped phase2 of Reference Processing due to unavailable references
[1356.173s][debug][gc,ref       ] GC(629) Skipped phase3 of Reference Processing due to unavailable references
[1356.173s][debug][gc,ref       ] GC(629) Skipped phase4 of Reference Processing due to unavailable references
[1356.173s][debug][gc,age       ] GC(629) Desired survivor size 15400960 bytes, new threshold 6 (max threshold 6)
[1356.173s][info ][gc,heap      ] GC(629) ParNew: 242582K->1311K(270976K)
[1356.173s][info ][gc,heap      ] GC(629) CMS: 369195K->369613K(602112K)
[1356.173s][info ][gc,metaspace ] GC(629) Metaspace: 63073K->63073K(1107968K)
[1356.173s][info ][gc           ] GC(629) Pause Young (Allocation Failure) 597M->362M(852M) 3.460ms
[1356.173s][info ][gc,cpu       ] GC(629) User=0.01s Sys=0.00s Real=0.00s
[1356.173s][info ][safepoint    ] Leaving safepoint region
[1356.173s][info ][safepoint    ] Total time for which application threads were stopped: 0.0036749 seconds, Stopping threads took: 0.0000532 seconds
[1358.173s][info ][safepoint    ] Application time: 2.0002215 seconds
[1358.173s][info ][safepoint    ] Entering safepoint region: Cleanup
[1358.173s][info ][safepoint    ] Leaving safepoint region
[1358.173s][info ][safepoint    ] Total time for which application threads were stopped: 0.0001164 seconds, Stopping threads took: 0.0000400 seconds
[1359.173s][info ][safepoint    ] Application time: 1.0000865 seconds
[1359.174s][info ][safepoint    ] Entering safepoint region: Cleanup
[1359.174s][info ][safepoint    ] Leaving safepoint region
[1359.174s][info ][safepoint    ] Total time for which application threads were stopped: 0.0001474 seconds, Stopping threads took: 0.0000816 seconds
[1359.976s][info ][safepoint    ] Application time: 0.8026123 seconds
[1359.976s][info ][safepoint    ] Entering safepoint region: GenCollectForAllocation
[1359.976s][info ][gc,start     ] GC(630) Pause Young (Allocation Failure)
[1359.976s][info ][gc,task      ] GC(630) Using 4 workers of 4 for evacuation
[1359.979s][debug][gc,ref       ] GC(630) Skipped phase1 of Reference Processing due to unavailable references
[1359.979s][debug][gc,ref       ] GC(630) Skipped phase2 of Reference Processing due to unavailable references
[1359.979s][debug][gc,ref       ] GC(630) Skipped phase3 of Reference Processing due to unavailable references
[1359.979s][debug][gc,ref       ] GC(630) Skipped phase4 of Reference Processing due to unavailable references
[1359.979s][debug][gc,age       ] GC(630) Desired survivor size 15400960 bytes, new threshold 6 (max threshold 6)
[1359.979s][info ][gc,heap      ] GC(630) ParNew: 242207K->1355K(270976K)
[1359.979s][info ][gc,heap      ] GC(630) CMS: 369613K->369659K(602112K)
[1359.979s][info ][gc,metaspace ] GC(630) Metaspace: 63076K->63076K(1107968K)
[1359.979s][info ][gc           ] GC(630) Pause Young (Allocation Failure) 597M->362M(852M) 2.735ms
[1359.979s][info ][gc,cpu       ] GC(630) User=0.01s Sys=0.00s Real=0.00s
[1359.979s][info ][safepoint    ] Leaving safepoint region
[1359.979s][info ][safepoint    ] Total time for which application threads were stopped: 0.0028989 seconds, Stopping threads took: 0.0000164 seconds
[1360.979s][info ][safepoint    ] Application time: 1.0001263 seconds
[1360.979s][info ][safepoint    ] Entering safepoint region: Cleanup
[1360.979s][info ][safepoint    ] Leaving safepoint region
[1360.979s][info ][safepoint    ] Total time for which application threads were stopped: 0.0001392 seconds, Stopping threads took: 0.0000644 seconds
[1363.920s][info ][safepoint    ] Application time: 2.9401582 seconds
[1363.920s][info ][safepoint    ] Entering safepoint region: GenCollectForAllocation
[1363.920s][info ][gc,start     ] GC(631) Pause Young (Allocation Failure)
[1363.920s][info ][gc,task      ] GC(631) Using 4 workers of 4 for evacuation
[1363.922s][debug][gc,ref       ] GC(631) Skipped phase1 of Reference Processing due to unavailable references
[1363.922s][debug][gc,ref       ] GC(631) Skipped phase2 of Reference Processing due to unavailable references
[1363.922s][debug][gc,ref       ] GC(631) Skipped phase3 of Reference Processing due to unavailable references
[1363.922s][debug][gc,ref       ] GC(631) Skipped phase4 of Reference Processing due to unavailable references
[1363.923s][debug][gc,age       ] GC(631) Desired survivor size 15400960 bytes, new threshold 6 (max threshold 6)
[1363.923s][info ][gc,heap      ] GC(631) ParNew: 242251K->1616K(270976K)
[1363.923s][info ][gc,heap      ] GC(631) CMS: 369659K->369675K(602112K)
[1363.923s][info ][gc,metaspace ] GC(631) Metaspace: 63076K->63076K(1107968K)
[1363.923s][info ][gc           ] GC(631) Pause Young (Allocation Failure) 597M->362M(852M) 2.749ms
[1363.923s][info ][gc,cpu       ] GC(631) User=0.01s Sys=0.00s Real=0.01s
[1363.923s][info ][safepoint    ] Leaving safepoint region
[1363.923s][info ][safepoint    ] Total time for which application threads were stopped: 0.0028962 seconds, Stopping threads took: 0.0000161 seconds
[1364.923s][info ][safepoint    ] Application time: 1.0001230 seconds
[1364.923s][info ][safepoint    ] Entering safepoint region: Cleanup
[1364.923s][info ][safepoint    ] Leaving safepoint region
[1364.923s][info ][safepoint    ] Total time for which application threads were stopped: 0.0000940 seconds, Stopping threads took: 0.0000374 seconds
[1367.776s][info ][safepoint    ] Application time: 2.8535323 seconds
[1367.776s][info ][safepoint    ] Entering safepoint region: GenCollectForAllocation
[1367.777s][info ][gc,start     ] GC(632) Pause Young (Allocation Failure)
[1367.777s][info ][gc,task      ] GC(632) Using 4 workers of 4 for evacuation
[1367.779s][debug][gc,ref       ] GC(632) Skipped phase1 of Reference Processing due to unavailable references
[1367.779s][debug][gc,ref       ] GC(632) Skipped phase2 of Reference Processing due to unavailable references
[1367.779s][debug][gc,ref       ] GC(632) Skipped phase3 of Reference Processing due to unavailable references
[1367.779s][debug][gc,ref       ] GC(632) Skipped phase4 of Reference Processing due to unavailable references
[1367.779s][debug][gc,age       ] GC(632) Desired survivor size 15400960 bytes, new threshold 6 (max threshold 6)
[1367.779s][info ][gc,heap      ] GC(632) ParNew: 242512K->1726K(270976K)
[1367.779s][info ][gc,heap      ] GC(632) CMS: 369675K->369752K(602112K)
[1367.779s][info ][gc,metaspace ] GC(632) Metaspace: 63076K->63076K(1107968K)
[1367.779s][info ][gc           ] GC(632) Pause Young (Allocation Failure) 597M->362M(852M) 2.775ms
[1367.779s][info ][gc,cpu       ] GC(632) User=0.01s Sys=0.00s Real=0.00s
[1367.779s][info ][safepoint    ] Leaving safepoint region
[1367.779s][info ][safepoint    ] Total time for which application threads were stopped: 0.0030467 seconds, Stopping threads took: 0.0000622 seconds
[1371.723s][info ][safepoint    ] Application time: 3.9435018 seconds
[1371.723s][info ][safepoint    ] Entering safepoint region: GenCollectForAllocation
[1371.723s][info ][gc,start     ] GC(633) Pause Young (Allocation Failure)
[1371.723s][info ][gc,task      ] GC(633) Using 4 workers of 4 for evacuation
[1371.726s][debug][gc,ref       ] GC(633) Skipped phase1 of Reference Processing due to unavailable references
[1371.726s][debug][gc,ref       ] GC(633) Skipped phase2 of Reference Processing due to unavailable references
[1371.726s][debug][gc,ref       ] GC(633) Skipped phase3 of Reference Processing due to unavailable references
[1371.726s][debug][gc,ref       ] GC(633) Skipped phase4 of Reference Processing due to unavailable references
[1371.726s][debug][gc,age       ] GC(633) Desired survivor size 15400960 bytes, new threshold 6 (max threshold 6)
[1371.726s][info ][gc,heap      ] GC(633) ParNew: 242622K->1325K(270976K)
[1371.726s][info ][gc,heap      ] GC(633) CMS: 369752K->369847K(602112K)
[1371.726s][info ][gc,metaspace ] GC(633) Metaspace: 63077K->63077K(1107968K)
[1371.726s][info ][gc           ] GC(633) Pause Young (Allocation Failure) 598M->362M(852M) 2.944ms
[1371.726s][info ][gc,cpu       ] GC(633) User=0.01s Sys=0.00s Real=0.00s
[1371.726s][info ][safepoint    ] Leaving safepoint region
[1371.726s][info ][safepoint    ] Total time for which application threads were stopped: 0.0031921 seconds, Stopping threads took: 0.0000583 seconds
[1372.726s][info ][safepoint    ] Application time: 1.0001279 seconds
[1372.726s][info ][safepoint    ] Entering safepoint region: Cleanup
[1372.727s][info ][safepoint    ] Leaving safepoint region
[1372.727s][info ][safepoint    ] Total time for which application threads were stopped: 0.0001853 seconds, Stopping threads took: 0.0001144 seconds
[1374.727s][info ][safepoint    ] Application time: 2.0001919 seconds
[1374.727s][info ][safepoint    ] Entering safepoint region: Cleanup
[1374.727s][info ][safepoint    ] Leaving safepoint region
[1374.727s][info ][safepoint    ] Total time for which application threads were stopped: 0.0001374 seconds, Stopping threads took: 0.0000512 seconds
[1375.576s][info ][safepoint    ] Application time: 0.8494953 seconds
[1375.576s][info ][safepoint    ] Entering safepoint region: GenCollectForAllocation
[1375.577s][info ][gc,start     ] GC(634) Pause Young (Allocation Failure)
[1375.577s][info ][gc,task      ] GC(634) Using 4 workers of 4 for evacuation
[1375.579s][debug][gc,ref       ] GC(634) Skipped phase1 of Reference Processing due to unavailable references
[1375.579s][debug][gc,ref       ] GC(634) Skipped phase2 of Reference Processing due to unavailable references
[1375.579s][debug][gc,ref       ] GC(634) Skipped phase3 of Reference Processing due to unavailable references
[1375.579s][debug][gc,ref       ] GC(634) Skipped phase4 of Reference Processing due to unavailable references
[1375.579s][debug][gc,age       ] GC(634) Desired survivor size 15400960 bytes, new threshold 6 (max threshold 6)
[1375.579s][info ][gc,heap      ] GC(634) ParNew: 242221K->1598K(270976K)
[1375.579s][info ][gc,heap      ] GC(634) CMS: 369847K->370003K(602112K)
[1375.579s][info ][gc,metaspace ] GC(634) Metaspace: 63077K->63077K(1107968K)
[1375.579s][info ][gc           ] GC(634) Pause Young (Allocation Failure) 597M->362M(852M) 2.803ms
[1375.579s][info ][gc,cpu       ] GC(634) User=0.01s Sys=0.01s Real=0.00s
[1375.579s][info ][safepoint    ] Leaving safepoint region
[1375.579s][info ][safepoint    ] Total time for which application threads were stopped: 0.0029626 seconds, Stopping threads took: 0.0000155 seconds
[1377.580s][info ][safepoint    ] Application time: 2.0001858 seconds
[1377.580s][info ][safepoint    ] Entering safepoint region: Cleanup
[1377.580s][info ][safepoint    ] Leaving safepoint region
[1377.580s][info ][safepoint    ] Total time for which application threads were stopped: 0.0000705 seconds, Stopping threads took: 0.0000147 seconds
[1379.427s][info ][safepoint    ] Application time: 1.8469498 seconds
[1379.427s][info ][safepoint    ] Entering safepoint region: GenCollectForAllocation
[1379.427s][info ][gc,start     ] GC(635) Pause Young (Allocation Failure)
[1379.427s][info ][gc,task      ] GC(635) Using 4 workers of 4 for evacuation
[1379.429s][debug][gc,ref       ] GC(635) Skipped phase1 of Reference Processing due to unavailable references
[1379.429s][debug][gc,ref       ] GC(635) Skipped phase2 of Reference Processing due to unavailable references
[1379.429s][debug][gc,ref       ] GC(635) Skipped phase3 of Reference Processing due to unavailable references
[1379.429s][debug][gc,ref       ] GC(635) Skipped phase4 of Reference Processing due to unavailable references
[1379.430s][debug][gc,age       ] GC(635) Desired survivor size 15400960 bytes, new threshold 6 (max threshold 6)
[1379.430s][info ][gc,heap      ] GC(635) ParNew: 242494K->1540K(270976K)
[1379.430s][info ][gc,heap      ] GC(635) CMS: 370003K->370117K(602112K)
[1379.430s][info ][gc,metaspace ] GC(635) Metaspace: 63077K->63077K(1107968K)
[1379.430s][info ][gc           ] GC(635) Pause Young (Allocation Failure) 598M->362M(852M) 2.802ms
[1379.430s][info ][gc,cpu       ] GC(635) User=0.01s Sys=0.00s Real=0.01s
[1379.430s][info ][safepoint    ] Leaving safepoint region
[1379.430s][info ][safepoint    ] Total time for which application threads were stopped: 0.0029513 seconds, Stopping threads took: 0.0000162 seconds
[1383.321s][info ][safepoint    ] Application time: 3.8915320 seconds
[1383.321s][info ][safepoint    ] Entering safepoint region: GenCollectForAllocation
[1383.321s][info ][gc,start     ] GC(636) Pause Young (Allocation Failure)
[1383.322s][info ][gc,task      ] GC(636) Using 4 workers of 4 for evacuation
[1383.325s][debug][gc,ref       ] GC(636) Skipped phase1 of Reference Processing due to unavailable references
[1383.325s][debug][gc,ref       ] GC(636) Skipped phase2 of Reference Processing due to unavailable references
[1383.325s][debug][gc,ref       ] GC(636) Skipped phase3 of Reference Processing due to unavailable references
[1383.325s][debug][gc,ref       ] GC(636) Skipped phase4 of Reference Processing due to unavailable references
[1383.325s][debug][gc,age       ] GC(636) Desired survivor size 15400960 bytes, new threshold 6 (max threshold 6)
[1383.325s][info ][gc,heap      ] GC(636) ParNew: 242436K->1458K(270976K)
[1383.325s][info ][gc,heap      ] GC(636) CMS: 370117K->370230K(602112K)
[1383.325s][info ][gc,metaspace ] GC(636) Metaspace: 63077K->63077K(1107968K)
[1383.325s][info ][gc           ] GC(636) Pause Young (Allocation Failure) 598M->362M(852M) 3.831ms
[1383.325s][info ][gc,cpu       ] GC(636) User=0.02s Sys=0.00s Real=0.00s
[1383.325s][info ][safepoint    ] Leaving safepoint region
[1383.325s][info ][safepoint    ] Total time for which application threads were stopped: 0.0040988 seconds, Stopping threads took: 0.0000429 seconds
[1386.326s][info ][safepoint    ] Application time: 3.0002973 seconds
[1386.326s][info ][safepoint    ] Entering safepoint region: Cleanup
[1386.326s][info ][safepoint    ] Leaving safepoint region
[1386.326s][info ][safepoint    ] Total time for which application threads were stopped: 0.0001523 seconds, Stopping threads took: 0.0000653 seconds
[1387.224s][info ][safepoint    ] Application time: 0.8984643 seconds
[1387.224s][info ][safepoint    ] Entering safepoint region: GenCollectForAllocation
[1387.225s][info ][gc,start     ] GC(637) Pause Young (Allocation Failure)
[1387.225s][info ][gc,task      ] GC(637) Using 4 workers of 4 for evacuation
[1387.227s][debug][gc,ref       ] GC(637) Skipped phase1 of Reference Processing due to unavailable references
[1387.227s][debug][gc,ref       ] GC(637) Skipped phase2 of Reference Processing due to unavailable references
[1387.227s][debug][gc,ref       ] GC(637) Skipped phase3 of Reference Processing due to unavailable references
[1387.227s][debug][gc,ref       ] GC(637) Skipped phase4 of Reference Processing due to unavailable references
[1387.227s][debug][gc,age       ] GC(637) Desired survivor size 15400960 bytes, new threshold 6 (max threshold 6)
[1387.227s][info ][gc,heap      ] GC(637) ParNew: 242354K->1345K(270976K)
[1387.227s][info ][gc,heap      ] GC(637) CMS: 370230K->370321K(602112K)
[1387.227s][info ][gc,metaspace ] GC(637) Metaspace: 63078K->63078K(1107968K)
[1387.227s][info ][gc           ] GC(637) Pause Young (Allocation Failure) 598M->362M(852M) 2.707ms
[1387.227s][info ][gc,cpu       ] GC(637) User=0.00s Sys=0.00s Real=0.00s
[1387.227s][info ][safepoint    ] Leaving safepoint region
[1387.227s][info ][safepoint    ] Total time for which application threads were stopped: 0.0028753 seconds, Stopping threads took: 0.0000153 seconds
[1390.228s][info ][safepoint    ] Application time: 3.0003024 seconds
[1390.228s][info ][safepoint    ] Entering safepoint region: Cleanup
[1390.228s][info ][safepoint    ] Leaving safepoint region
[1390.228s][info ][safepoint    ] Total time for which application threads were stopped: 0.0001265 seconds, Stopping threads took: 0.0000558 seconds
[1391.098s][info ][safepoint    ] Application time: 0.8697450 seconds
[1391.098s][info ][safepoint    ] Entering safepoint region: GenCollectForAllocation
[1391.098s][info ][gc,start     ] GC(638) Pause Young (Allocation Failure)
[1391.098s][info ][gc,task      ] GC(638) Using 4 workers of 4 for evacuation
[1391.101s][debug][gc,ref       ] GC(638) Skipped phase1 of Reference Processing due to unavailable references
[1391.101s][debug][gc,ref       ] GC(638) Skipped phase2 of Reference Processing due to unavailable references
[1391.101s][debug][gc,ref       ] GC(638) Skipped phase3 of Reference Processing due to unavailable references
[1391.101s][debug][gc,ref       ] GC(638) Skipped phase4 of Reference Processing due to unavailable references
[1391.101s][debug][gc,age       ] GC(638) Desired survivor size 15400960 bytes, new threshold 6 (max threshold 6)
[1391.101s][info ][gc,heap      ] GC(638) ParNew: 242192K->1533K(270976K)
[1391.101s][info ][gc,heap      ] GC(638) CMS: 370321K->370397K(602112K)
[1391.101s][info ][gc,metaspace ] GC(638) Metaspace: 63078K->63078K(1107968K)
[1391.101s][info ][gc           ] GC(638) Pause Young (Allocation Failure) 598M->363M(852M) 3.398ms
[1391.101s][info ][gc,cpu       ] GC(638) User=0.01s Sys=0.01s Real=0.01s
[1391.101s][info ][safepoint    ] Leaving safepoint region
[1391.101s][info ][safepoint    ] Total time for which application threads were stopped: 0.0035556 seconds, Stopping threads took: 0.0000135 seconds
[1394.773s][info ][safepoint    ] Application time: 3.6714605 seconds
[1394.773s][info ][safepoint    ] Entering safepoint region: GenCollectForAllocation
[1394.773s][info ][gc,start     ] GC(639) Pause Young (Allocation Failure)
[1394.773s][info ][gc,task      ] GC(639) Using 4 workers of 4 for evacuation
[1394.775s][debug][gc,ref       ] GC(639) Skipped phase1 of Reference Processing due to unavailable references
[1394.775s][debug][gc,ref       ] GC(639) Skipped phase2 of Reference Processing due to unavailable references
[1394.775s][debug][gc,ref       ] GC(639) Skipped phase3 of Reference Processing due to unavailable references
[1394.775s][debug][gc,ref       ] GC(639) Skipped phase4 of Reference Processing due to unavailable references
[1394.776s][debug][gc,age       ] GC(639) Desired survivor size 15400960 bytes, new threshold 6 (max threshold 6)
[1394.776s][info ][gc,heap      ] GC(639) ParNew: 242429K->1625K(270976K)
[1394.776s][info ][gc,heap      ] GC(639) CMS: 370397K->370458K(602112K)
[1394.776s][info ][gc,metaspace ] GC(639) Metaspace: 63078K->63078K(1107968K)
[1394.776s][info ][gc           ] GC(639) Pause Young (Allocation Failure) 598M->363M(852M) 2.858ms
[1394.776s][info ][gc,cpu       ] GC(639) User=0.01s Sys=0.00s Real=0.00s
[1394.776s][info ][safepoint    ] Leaving safepoint region
[1394.776s][info ][safepoint    ] Total time for which application threads were stopped: 0.0030167 seconds, Stopping threads took: 0.0000153 seconds
[1398.527s][info ][safepoint    ] Application time: 3.7513840 seconds
[1398.527s][info ][safepoint    ] Entering safepoint region: GenCollectForAllocation
[1398.527s][info ][gc,start     ] GC(640) Pause Young (Allocation Failure)
[1398.527s][info ][gc,task      ] GC(640) Using 4 workers of 4 for evacuation
[1398.530s][debug][gc,ref       ] GC(640) Skipped phase1 of Reference Processing due to unavailable references
[1398.530s][debug][gc,ref       ] GC(640) Skipped phase2 of Reference Processing due to unavailable references
[1398.530s][debug][gc,ref       ] GC(640) Skipped phase3 of Reference Processing due to unavailable references
[1398.530s][debug][gc,ref       ] GC(640) Skipped phase4 of Reference Processing due to unavailable references
[1398.530s][debug][gc,age       ] GC(640) Desired survivor size 15400960 bytes, new threshold 6 (max threshold 6)
[1398.530s][info ][gc,heap      ] GC(640) ParNew: 242521K->1930K(270976K)
[1398.530s][info ][gc,heap      ] GC(640) CMS: 370458K->370547K(602112K)
[1398.530s][info ][gc,metaspace ] GC(640) Metaspace: 63078K->63078K(1107968K)
[1398.530s][info ][gc           ] GC(640) Pause Young (Allocation Failure) 598M->363M(852M) 2.820ms
[1398.530s][info ][gc,cpu       ] GC(640) User=0.01s Sys=0.00s Real=0.01s
[1398.530s][info ][safepoint    ] Leaving safepoint region
[1398.530s][info ][safepoint    ] Total time for which application threads were stopped: 0.0029692 seconds, Stopping threads took: 0.0000163 seconds
[1399.530s][info ][safepoint    ] Application time: 1.0000898 seconds
[1399.530s][info ][safepoint    ] Entering safepoint region: Cleanup
[1399.530s][info ][safepoint    ] Leaving safepoint region
[1399.530s][info ][safepoint    ] Total time for which application threads were stopped: 0.0000862 seconds, Stopping threads took: 0.0000158 seconds
[1402.424s][info ][safepoint    ] Application time: 2.8937074 seconds
[1402.424s][info ][safepoint    ] Entering safepoint region: GenCollectForAllocation
[1402.424s][info ][gc,start     ] GC(641) Pause Young (Allocation Failure)
[1402.424s][info ][gc,task      ] GC(641) Using 4 workers of 4 for evacuation
[1402.427s][debug][gc,ref       ] GC(641) Skipped phase1 of Reference Processing due to unavailable references
[1402.427s][debug][gc,ref       ] GC(641) Skipped phase2 of Reference Processing due to unavailable references
[1402.427s][debug][gc,ref       ] GC(641) Skipped phase3 of Reference Processing due to unavailable references
[1402.427s][debug][gc,ref       ] GC(641) Skipped phase4 of Reference Processing due to unavailable references
[1402.427s][debug][gc,age       ] GC(641) Desired survivor size 15400960 bytes, new threshold 6 (max threshold 6)
[1402.427s][info ][gc,heap      ] GC(641) ParNew: 242826K->1397K(270976K)
[1402.427s][info ][gc,heap      ] GC(641) CMS: 370547K->370611K(602112K)
[1402.427s][info ][gc,metaspace ] GC(641) Metaspace: 63078K->63078K(1107968K)
[1402.427s][info ][gc           ] GC(641) Pause Young (Allocation Failure) 598M->363M(852M) 2.684ms
[1402.427s][info ][gc,cpu       ] GC(641) User=0.00s Sys=0.00s Real=0.00s
[1402.427s][info ][safepoint    ] Leaving safepoint region
[1402.427s][info ][safepoint    ] Total time for which application threads were stopped: 0.0028329 seconds, Stopping threads took: 0.0000305 seconds
[1406.275s][info ][safepoint    ] Application time: 3.8485406 seconds
[1406.275s][info ][safepoint    ] Entering safepoint region: GenCollectForAllocation
[1406.276s][info ][gc,start     ] GC(642) Pause Young (Allocation Failure)
[1406.276s][info ][gc,task      ] GC(642) Using 4 workers of 4 for evacuation
[1406.279s][debug][gc,ref       ] GC(642) Skipped phase1 of Reference Processing due to unavailable references
[1406.279s][debug][gc,ref       ] GC(642) Skipped phase2 of Reference Processing due to unavailable references
[1406.279s][debug][gc,ref       ] GC(642) Skipped phase3 of Reference Processing due to unavailable references
[1406.279s][debug][gc,ref       ] GC(642) Skipped phase4 of Reference Processing due to unavailable references
[1406.279s][debug][gc,age       ] GC(642) Desired survivor size 15400960 bytes, new threshold 6 (max threshold 6)
[1406.279s][info ][gc,heap      ] GC(642) ParNew: 242293K->1892K(270976K)
[1406.279s][info ][gc,heap      ] GC(642) CMS: 370611K->370693K(602112K)
[1406.279s][info ][gc,metaspace ] GC(642) Metaspace: 63078K->63078K(1107968K)
[1406.279s][info ][gc           ] GC(642) Pause Young (Allocation Failure) 598M->363M(852M) 3.297ms
[1406.279s][info ][gc,cpu       ] GC(642) User=0.00s Sys=0.02s Real=0.00s
[1406.279s][info ][safepoint    ] Leaving safepoint region
[1406.279s][info ][safepoint    ] Total time for which application threads were stopped: 0.0035547 seconds, Stopping threads took: 0.0000505 seconds
[1410.225s][info ][safepoint    ] Application time: 3.9454887 seconds
[1410.225s][info ][safepoint    ] Entering safepoint region: GenCollectForAllocation
[1410.225s][info ][gc,start     ] GC(643) Pause Young (Allocation Failure)
[1410.225s][info ][gc,task      ] GC(643) Using 4 workers of 4 for evacuation
[1410.227s][debug][gc,ref       ] GC(643) Skipped phase1 of Reference Processing due to unavailable references
[1410.227s][debug][gc,ref       ] GC(643) Skipped phase2 of Reference Processing due to unavailable references
[1410.227s][debug][gc,ref       ] GC(643) Skipped phase3 of Reference Processing due to unavailable references
[1410.227s][debug][gc,ref       ] GC(643) Skipped phase4 of Reference Processing due to unavailable references
[1410.227s][debug][gc,age       ] GC(643) Desired survivor size 15400960 bytes, new threshold 6 (max threshold 6)
[1410.227s][info ][gc,heap      ] GC(643) ParNew: 242788K->1374K(270976K)
[1410.227s][info ][gc,heap      ] GC(643) CMS: 370693K->370758K(602112K)
[1410.227s][info ][gc,metaspace ] GC(643) Metaspace: 63078K->63078K(1107968K)
[1410.227s][info ][gc           ] GC(643) Pause Young (Allocation Failure) 599M->363M(852M) 2.664ms
[1410.227s][info ][gc,cpu       ] GC(643) User=0.00s Sys=0.00s Real=0.00s
[1410.227s][info ][safepoint    ] Leaving safepoint region
[1410.227s][info ][safepoint    ] Total time for which application threads were stopped: 0.0028212 seconds, Stopping threads took: 0.0000140 seconds
[1413.228s][info ][safepoint    ] Application time: 3.0003168 seconds
[1413.228s][info ][safepoint    ] Entering safepoint region: Cleanup
[1413.228s][info ][safepoint    ] Leaving safepoint region
[1413.228s][info ][safepoint    ] Total time for which application threads were stopped: 0.0001560 seconds, Stopping threads took: 0.0000584 seconds
[1414.123s][info ][safepoint    ] Application time: 0.8950552 seconds
[1414.123s][info ][safepoint    ] Entering safepoint region: GenCollectForAllocation
[1414.123s][info ][gc,start     ] GC(644) Pause Young (Allocation Failure)
[1414.123s][info ][gc,task      ] GC(644) Using 4 workers of 4 for evacuation
[1414.127s][debug][gc,ref       ] GC(644) Skipped phase1 of Reference Processing due to unavailable references
[1414.127s][debug][gc,ref       ] GC(644) Skipped phase2 of Reference Processing due to unavailable references
[1414.127s][debug][gc,ref       ] GC(644) Skipped phase3 of Reference Processing due to unavailable references
[1414.127s][debug][gc,ref       ] GC(644) Skipped phase4 of Reference Processing due to unavailable references
[1414.127s][debug][gc,age       ] GC(644) Desired survivor size 15400960 bytes, new threshold 6 (max threshold 6)
[1414.127s][info ][gc,heap      ] GC(644) ParNew: 242270K->1820K(270976K)
[1414.127s][info ][gc,heap      ] GC(644) CMS: 370758K->370824K(602112K)
[1414.127s][info ][gc,metaspace ] GC(644) Metaspace: 63078K->63078K(1107968K)
[1414.127s][info ][gc           ] GC(644) Pause Young (Allocation Failure) 598M->363M(852M) 3.856ms
[1414.127s][info ][gc,cpu       ] GC(644) User=0.01s Sys=0.01s Real=0.00s
[1414.127s][info ][safepoint    ] Leaving safepoint region
[1414.127s][info ][safepoint    ] Total time for which application threads were stopped: 0.0040329 seconds, Stopping threads took: 0.0000157 seconds
[1417.127s][info ][safepoint    ] Application time: 3.0002547 seconds
[1417.127s][info ][safepoint    ] Entering safepoint region: Cleanup
[1417.127s][info ][safepoint    ] Leaving safepoint region
[1417.127s][info ][safepoint    ] Total time for which application threads were stopped: 0.0001096 seconds, Stopping threads took: 0.0000471 seconds
[1417.969s][info ][safepoint    ] Application time: 0.8420292 seconds
[1417.970s][info ][safepoint    ] Entering safepoint region: GenCollectForAllocation
[1417.970s][info ][gc,start     ] GC(645) Pause Young (Allocation Failure)
[1417.970s][info ][gc,task      ] GC(645) Using 4 workers of 4 for evacuation
[1417.973s][debug][gc,ref       ] GC(645) Skipped phase1 of Reference Processing due to unavailable references
[1417.973s][debug][gc,ref       ] GC(645) Skipped phase2 of Reference Processing due to unavailable references
[1417.973s][debug][gc,ref       ] GC(645) Skipped phase3 of Reference Processing due to unavailable references
[1417.973s][debug][gc,ref       ] GC(645) Skipped phase4 of Reference Processing due to unavailable references
[1417.973s][debug][gc,age       ] GC(645) Desired survivor size 15400960 bytes, new threshold 6 (max threshold 6)
[1417.973s][info ][gc,heap      ] GC(645) ParNew: 242716K->1865K(270976K)
[1417.973s][info ][gc,heap      ] GC(645) CMS: 370824K->370981K(602112K)
[1417.973s][info ][gc,metaspace ] GC(645) Metaspace: 63078K->63078K(1107968K)
[1417.973s][info ][gc           ] GC(645) Pause Young (Allocation Failure) 599M->364M(852M) 3.231ms
[1417.973s][info ][gc,cpu       ] GC(645) User=0.01s Sys=0.00s Real=0.00s
[1417.973s][info ][safepoint    ] Leaving safepoint region
[1417.973s][info ][safepoint    ] Total time for which application threads were stopped: 0.0038554 seconds, Stopping threads took: 0.0000746 seconds
[1418.973s][info ][safepoint    ] Application time: 1.0000982 seconds
[1418.974s][info ][safepoint    ] Entering safepoint region: Cleanup
[1418.974s][info ][safepoint    ] Leaving safepoint region
[1418.974s][info ][safepoint    ] Total time for which application threads were stopped: 0.0005958 seconds, Stopping threads took: 0.0005220 seconds
[1421.918s][info ][safepoint    ] Application time: 2.9436134 seconds
[1421.918s][info ][safepoint    ] Entering safepoint region: GenCollectForAllocation
[1421.918s][info ][gc,start     ] GC(646) Pause Young (Allocation Failure)
[1421.918s][info ][gc,task      ] GC(646) Using 4 workers of 4 for evacuation
[1421.921s][debug][gc,ref       ] GC(646) Skipped phase1 of Reference Processing due to unavailable references
[1421.921s][debug][gc,ref       ] GC(646) Skipped phase2 of Reference Processing due to unavailable references
[1421.921s][debug][gc,ref       ] GC(646) Skipped phase3 of Reference Processing due to unavailable references
[1421.921s][debug][gc,ref       ] GC(646) Skipped phase4 of Reference Processing due to unavailable references
[1421.921s][debug][gc,age       ] GC(646) Desired survivor size 15400960 bytes, new threshold 6 (max threshold 6)
[1421.921s][info ][gc,heap      ] GC(646) ParNew: 242761K->1929K(270976K)
[1421.921s][info ][gc,heap      ] GC(646) CMS: 370981K->371112K(602112K)
[1421.921s][info ][gc,metaspace ] GC(646) Metaspace: 63078K->63078K(1107968K)
[1421.921s][info ][gc           ] GC(646) Pause Young (Allocation Failure) 599M->364M(852M) 2.995ms
[1421.921s][info ][gc,cpu       ] GC(646) User=0.02s Sys=0.00s Real=0.01s
[1421.921s][info ][safepoint    ] Leaving safepoint region
[1421.921s][info ][safepoint    ] Total time for which application threads were stopped: 0.0031444 seconds, Stopping threads took: 0.0000151 seconds
[1423.921s][info ][safepoint    ] Application time: 2.0002307 seconds
[1423.921s][info ][safepoint    ] Entering safepoint region: Cleanup
[1423.921s][info ][safepoint    ] Leaving safepoint region
[1423.921s][info ][safepoint    ] Total time for which application threads were stopped: 0.0000994 seconds, Stopping threads took: 0.0000395 seconds
[1424.921s][info ][safepoint    ] Application time: 1.0001187 seconds
[1424.921s][info ][safepoint    ] Entering safepoint region: Cleanup
[1424.921s][info ][safepoint    ] Leaving safepoint region
[1424.921s][info ][safepoint    ] Total time for which application threads were stopped: 0.0001103 seconds, Stopping threads took: 0.0000397 seconds
[1425.777s][info ][safepoint    ] Application time: 0.8557599 seconds
[1425.777s][info ][safepoint    ] Entering safepoint region: GenCollectForAllocation
[1425.777s][info ][gc,start     ] GC(647) Pause Young (Allocation Failure)
[1425.777s][info ][gc,task      ] GC(647) Using 4 workers of 4 for evacuation
[1425.780s][debug][gc,ref       ] GC(647) Skipped phase1 of Reference Processing due to unavailable references
[1425.780s][debug][gc,ref       ] GC(647) Skipped phase2 of Reference Processing due to unavailable references
[1425.780s][debug][gc,ref       ] GC(647) Skipped phase3 of Reference Processing due to unavailable references
[1425.780s][debug][gc,ref       ] GC(647) Skipped phase4 of Reference Processing due to unavailable references
[1425.780s][debug][gc,age       ] GC(647) Desired survivor size 15400960 bytes, new threshold 6 (max threshold 6)
[1425.780s][info ][gc,heap      ] GC(647) ParNew: 242825K->2183K(270976K)
[1425.780s][info ][gc,heap      ] GC(647) CMS: 371112K->371203K(602112K)
[1425.780s][info ][gc,metaspace ] GC(647) Metaspace: 63079K->63079K(1107968K)
[1425.780s][info ][gc           ] GC(647) Pause Young (Allocation Failure) 599M->364M(852M) 3.044ms
[1425.780s][info ][gc,cpu       ] GC(647) User=0.01s Sys=0.00s Real=0.01s
[1425.780s][info ][safepoint    ] Leaving safepoint region
[1425.780s][info ][safepoint    ] Total time for which application threads were stopped: 0.0031825 seconds, Stopping threads took: 0.0000151 seconds
[1429.673s][info ][safepoint    ] Application time: 3.8924239 seconds
[1429.673s][info ][safepoint    ] Entering safepoint region: GenCollectForAllocation
[1429.673s][info ][gc,start     ] GC(648) Pause Young (Allocation Failure)
[1429.673s][info ][gc,task      ] GC(648) Using 4 workers of 4 for evacuation
[1429.677s][debug][gc,ref       ] GC(648) Skipped phase1 of Reference Processing due to unavailable references
[1429.677s][debug][gc,ref       ] GC(648) Skipped phase2 of Reference Processing due to unavailable references
[1429.677s][debug][gc,ref       ] GC(648) Skipped phase3 of Reference Processing due to unavailable references
[1429.677s][debug][gc,ref       ] GC(648) Skipped phase4 of Reference Processing due to unavailable references
[1429.677s][debug][gc,age       ] GC(648) Desired survivor size 15400960 bytes, new threshold 6 (max threshold 6)
[1429.677s][info ][gc,heap      ] GC(648) ParNew: 243079K->1413K(270976K)
[1429.677s][info ][gc,heap      ] GC(648) CMS: 371203K->371341K(602112K)
[1429.677s][info ][gc,metaspace ] GC(648) Metaspace: 63079K->63079K(1107968K)
[1429.677s][info ][gc           ] GC(648) Pause Young (Allocation Failure) 599M->364M(852M) 3.888ms
[1429.677s][info ][gc,cpu       ] GC(648) User=0.02s Sys=0.00s Real=0.00s
[1429.677s][info ][safepoint    ] Leaving safepoint region
[1429.677s][info ][safepoint    ] Total time for which application threads were stopped: 0.0040332 seconds, Stopping threads took: 0.0000149 seconds
[1430.677s][info ][safepoint    ] Application time: 1.0001327 seconds
[1430.677s][info ][safepoint    ] Entering safepoint region: Cleanup
[1430.677s][info ][safepoint    ] Leaving safepoint region
[1430.677s][info ][safepoint    ] Total time for which application threads were stopped: 0.0001077 seconds, Stopping threads took: 0.0000426 seconds
[1433.620s][info ][safepoint    ] Application time: 2.9427533 seconds
[1433.620s][info ][safepoint    ] Entering safepoint region: GenCollectForAllocation
[1433.620s][info ][gc,start     ] GC(649) Pause Young (Allocation Failure)
[1433.620s][info ][gc,task      ] GC(649) Using 4 workers of 4 for evacuation
[1433.623s][debug][gc,ref       ] GC(649) Skipped phase1 of Reference Processing due to unavailable references
[1433.623s][debug][gc,ref       ] GC(649) Skipped phase2 of Reference Processing due to unavailable references
[1433.623s][debug][gc,ref       ] GC(649) Skipped phase3 of Reference Processing due to unavailable references
[1433.623s][debug][gc,ref       ] GC(649) Skipped phase4 of Reference Processing due to unavailable references
[1433.623s][debug][gc,age       ] GC(649) Desired survivor size 15400960 bytes, new threshold 6 (max threshold 6)
[1433.623s][info ][gc,heap      ] GC(649) ParNew: 242309K->1552K(270976K)
[1433.623s][info ][gc,heap      ] GC(649) CMS: 371341K->371453K(602112K)
[1433.623s][info ][gc,metaspace ] GC(649) Metaspace: 63079K->63079K(1107968K)
[1433.623s][info ][gc           ] GC(649) Pause Young (Allocation Failure) 599M->364M(852M) 3.048ms
[1433.623s][info ][gc,cpu       ] GC(649) User=0.01s Sys=0.00s Real=0.00s
[1433.623s][info ][safepoint    ] Leaving safepoint region
[1433.623s][info ][safepoint    ] Total time for which application threads were stopped: 0.0033240 seconds, Stopping threads took: 0.0000651 seconds
[1437.526s][info ][safepoint    ] Application time: 3.9026985 seconds
[1437.526s][info ][safepoint    ] Entering safepoint region: GenCollectForAllocation
[1437.526s][info ][gc,start     ] GC(650) Pause Young (Allocation Failure)
[1437.526s][info ][gc,task      ] GC(650) Using 4 workers of 4 for evacuation
[1437.530s][debug][gc,ref       ] GC(650) Skipped phase1 of Reference Processing due to unavailable references
[1437.530s][debug][gc,ref       ] GC(650) Skipped phase2 of Reference Processing due to unavailable references
[1437.530s][debug][gc,ref       ] GC(650) Skipped phase3 of Reference Processing due to unavailable references
[1437.530s][debug][gc,ref       ] GC(650) Skipped phase4 of Reference Processing due to unavailable references
[1437.530s][debug][gc,age       ] GC(650) Desired survivor size 15400960 bytes, new threshold 6 (max threshold 6)
[1437.530s][info ][gc,heap      ] GC(650) ParNew: 242448K->2125K(270976K)
[1437.530s][info ][gc,heap      ] GC(650) CMS: 371453K->371611K(602112K)
[1437.530s][info ][gc,metaspace ] GC(650) Metaspace: 63079K->63079K(1107968K)
[1437.530s][info ][gc           ] GC(650) Pause Young (Allocation Failure) 599M->364M(852M) 3.717ms
[1437.530s][info ][gc,cpu       ] GC(650) User=0.02s Sys=0.00s Real=0.01s
[1437.530s][info ][safepoint    ] Leaving safepoint region
[1437.530s][info ][safepoint    ] Total time for which application threads were stopped: 0.0039629 seconds, Stopping threads took: 0.0000207 seconds
[1440.531s][info ][safepoint    ] Application time: 3.0004969 seconds
[1440.531s][info ][safepoint    ] Entering safepoint region: Cleanup
[1440.531s][info ][safepoint    ] Leaving safepoint region
[1440.531s][info ][safepoint    ] Total time for which application threads were stopped: 0.0001465 seconds, Stopping threads took: 0.0000476 seconds
[1441.473s][info ][safepoint    ] Application time: 0.9420733 seconds
[1441.473s][info ][safepoint    ] Entering safepoint region: GenCollectForAllocation
[1441.473s][info ][gc,start     ] GC(651) Pause Young (Allocation Failure)
[1441.473s][info ][gc,task      ] GC(651) Using 4 workers of 4 for evacuation
[1441.477s][debug][gc,ref       ] GC(651) Skipped phase1 of Reference Processing due to unavailable references
[1441.477s][debug][gc,ref       ] GC(651) Skipped phase2 of Reference Processing due to unavailable references
[1441.477s][debug][gc,ref       ] GC(651) Skipped phase3 of Reference Processing due to unavailable references
[1441.477s][debug][gc,ref       ] GC(651) Skipped phase4 of Reference Processing due to unavailable references
[1441.477s][debug][gc,age       ] GC(651) Desired survivor size 15400960 bytes, new threshold 6 (max threshold 6)
[1441.477s][info ][gc,heap      ] GC(651) ParNew: 243021K->1752K(270976K)
[1441.477s][info ][gc,heap      ] GC(651) CMS: 371611K->371719K(602112K)
[1441.477s][info ][gc,metaspace ] GC(651) Metaspace: 63081K->63081K(1107968K)
[1441.477s][info ][gc           ] GC(651) Pause Young (Allocation Failure) 600M->364M(852M) 3.849ms
[1441.477s][info ][gc,cpu       ] GC(651) User=0.01s Sys=0.00s Real=0.00s
[1441.477s][info ][safepoint    ] Leaving safepoint region
[1441.477s][info ][safepoint    ] Total time for which application threads were stopped: 0.0040134 seconds, Stopping threads took: 0.0000164 seconds
[1442.477s][info ][safepoint    ] Application time: 1.0000962 seconds
[1442.477s][info ][safepoint    ] Entering safepoint region: Cleanup
[1442.477s][info ][safepoint    ] Leaving safepoint region
[1442.477s][info ][safepoint    ] Total time for which application threads were stopped: 0.0001482 seconds, Stopping threads took: 0.0000784 seconds
[1443.477s][info ][safepoint    ] Application time: 1.0000847 seconds
[1443.477s][info ][safepoint    ] Entering safepoint region: Cleanup
[1443.477s][info ][safepoint    ] Leaving safepoint region
[1443.477s][info ][safepoint    ] Total time for which application threads were stopped: 0.0001657 seconds, Stopping threads took: 0.0000911 seconds
[1445.426s][info ][safepoint    ] Application time: 1.9487814 seconds
[1445.426s][info ][safepoint    ] Entering safepoint region: GenCollectForAllocation
[1445.426s][info ][gc,start     ] GC(652) Pause Young (Allocation Failure)
[1445.426s][info ][gc,task      ] GC(652) Using 4 workers of 4 for evacuation
[1445.429s][debug][gc,ref       ] GC(652) Skipped phase1 of Reference Processing due to unavailable references
[1445.429s][debug][gc,ref       ] GC(652) Skipped phase2 of Reference Processing due to unavailable references
[1445.429s][debug][gc,ref       ] GC(652) Skipped phase3 of Reference Processing due to unavailable references
[1445.429s][debug][gc,ref       ] GC(652) Skipped phase4 of Reference Processing due to unavailable references
[1445.429s][debug][gc,age       ] GC(652) Desired survivor size 15400960 bytes, new threshold 6 (max threshold 6)
[1445.429s][info ][gc,heap      ] GC(652) ParNew: 242648K->2023K(270976K)
[1445.429s][info ][gc,heap      ] GC(652) CMS: 371719K->371799K(602112K)
[1445.429s][info ][gc,metaspace ] GC(652) Metaspace: 63081K->63081K(1107968K)
[1445.429s][info ][gc           ] GC(652) Pause Young (Allocation Failure) 599M->365M(852M) 2.895ms
[1445.429s][info ][gc,cpu       ] GC(652) User=0.01s Sys=0.00s Real=0.01s
[1445.429s][info ][safepoint    ] Leaving safepoint region
[1445.429s][info ][safepoint    ] Total time for which application threads were stopped: 0.0030427 seconds, Stopping threads took: 0.0000158 seconds
[1446.429s][info ][safepoint    ] Application time: 1.0001143 seconds
[1446.430s][info ][safepoint    ] Entering safepoint region: Cleanup
[1446.430s][info ][safepoint    ] Leaving safepoint region
[1446.430s][info ][safepoint    ] Total time for which application threads were stopped: 0.0002517 seconds, Stopping threads took: 0.0001741 seconds
[1448.430s][info ][safepoint    ] Application time: 2.0001665 seconds
[1448.430s][info ][safepoint    ] Entering safepoint region: Cleanup
[1448.430s][info ][safepoint    ] Leaving safepoint region
[1448.430s][info ][safepoint    ] Total time for which application threads were stopped: 0.0000698 seconds, Stopping threads took: 0.0000156 seconds
[1449.220s][info ][safepoint    ] Application time: 0.7902707 seconds
[1449.220s][info ][safepoint    ] Entering safepoint region: GenCollectForAllocation
[1449.221s][info ][gc,start     ] GC(653) Pause Young (Allocation Failure)
[1449.221s][info ][gc,task      ] GC(653) Using 4 workers of 4 for evacuation
[1449.224s][debug][gc,ref       ] GC(653) Skipped phase1 of Reference Processing due to unavailable references
[1449.224s][debug][gc,ref       ] GC(653) Skipped phase2 of Reference Processing due to unavailable references
[1449.224s][debug][gc,ref       ] GC(653) Skipped phase3 of Reference Processing due to unavailable references
[1449.224s][debug][gc,ref       ] GC(653) Skipped phase4 of Reference Processing due to unavailable references
[1449.224s][debug][gc,age       ] GC(653) Desired survivor size 15400960 bytes, new threshold 6 (max threshold 6)
[1449.224s][info ][gc,heap      ] GC(653) ParNew: 242919K->1836K(270976K)
[1449.224s][info ][gc,heap      ] GC(653) CMS: 371799K->371928K(602112K)
[1449.224s][info ][gc,metaspace ] GC(653) Metaspace: 63081K->63081K(1107968K)
[1449.224s][info ][gc           ] GC(653) Pause Young (Allocation Failure) 600M->365M(852M) 3.370ms
[1449.224s][info ][gc,cpu       ] GC(653) User=0.01s Sys=0.00s Real=0.00s
[1449.224s][info ][safepoint    ] Leaving safepoint region
[1449.224s][info ][safepoint    ] Total time for which application threads were stopped: 0.0036850 seconds, Stopping threads took: 0.0000141 seconds
[1453.024s][info ][safepoint    ] Application time: 3.7999500 seconds
[1453.024s][info ][safepoint    ] Entering safepoint region: GenCollectForAllocation
[1453.024s][info ][gc,start     ] GC(654) Pause Young (Allocation Failure)
[1453.024s][info ][gc,task      ] GC(654) Using 4 workers of 4 for evacuation
[1453.027s][debug][gc,ref       ] GC(654) Skipped phase1 of Reference Processing due to unavailable references
[1453.027s][debug][gc,ref       ] GC(654) Skipped phase2 of Reference Processing due to unavailable references
[1453.027s][debug][gc,ref       ] GC(654) Skipped phase3 of Reference Processing due to unavailable references
[1453.027s][debug][gc,ref       ] GC(654) Skipped phase4 of Reference Processing due to unavailable references
[1453.027s][debug][gc,age       ] GC(654) Desired survivor size 15400960 bytes, new threshold 6 (max threshold 6)
[1453.027s][info ][gc,heap      ] GC(654) ParNew: 242732K->2154K(270976K)
[1453.027s][info ][gc,heap      ] GC(654) CMS: 371928K->372013K(602112K)
[1453.027s][info ][gc,metaspace ] GC(654) Metaspace: 63081K->63081K(1107968K)
[1453.027s][info ][gc           ] GC(654) Pause Young (Allocation Failure) 600M->365M(852M) 3.284ms
[1453.027s][info ][gc,cpu       ] GC(654) User=0.01s Sys=0.00s Real=0.00s
[1453.029s][info ][safepoint    ] Leaving safepoint region
[1453.029s][info ][safepoint    ] Total time for which application threads were stopped: 0.0050927 seconds, Stopping threads took: 0.0000151 seconds
[1456.880s][info ][safepoint    ] Application time: 3.8505067 seconds
[1456.880s][info ][safepoint    ] Entering safepoint region: GenCollectForAllocation
[1456.880s][info ][gc,start     ] GC(655) Pause Young (Allocation Failure)
[1456.880s][info ][gc,task      ] GC(655) Using 4 workers of 4 for evacuation
[1456.883s][debug][gc,ref       ] GC(655) Skipped phase1 of Reference Processing due to unavailable references
[1456.883s][debug][gc,ref       ] GC(655) Skipped phase2 of Reference Processing due to unavailable references
[1456.883s][debug][gc,ref       ] GC(655) Skipped phase3 of Reference Processing due to unavailable references
[1456.883s][debug][gc,ref       ] GC(655) Skipped phase4 of Reference Processing due to unavailable references
[1456.883s][debug][gc,age       ] GC(655) Desired survivor size 15400960 bytes, new threshold 6 (max threshold 6)
[1456.883s][info ][gc,heap      ] GC(655) ParNew: 243050K->1869K(270976K)
[1456.883s][info ][gc,heap      ] GC(655) CMS: 372013K->372064K(602112K)
[1456.883s][info ][gc,metaspace ] GC(655) Metaspace: 63081K->63081K(1107968K)
[1456.883s][info ][gc           ] GC(655) Pause Young (Allocation Failure) 600M->365M(852M) 2.718ms
[1456.883s][info ][gc,cpu       ] GC(655) User=0.01s Sys=0.00s Real=0.00s
[1456.883s][info ][safepoint    ] Leaving safepoint region
[1456.883s][info ][safepoint    ] Total time for which application threads were stopped: 0.0034684 seconds, Stopping threads took: 0.0006334 seconds
[1457.883s][info ][safepoint    ] Application time: 1.0001262 seconds
[1457.883s][info ][safepoint    ] Entering safepoint region: Cleanup
[1457.883s][info ][safepoint    ] Leaving safepoint region
[1457.883s][info ][safepoint    ] Total time for which application threads were stopped: 0.0000699 seconds, Stopping threads took: 0.0000159 seconds
[1460.621s][info ][safepoint    ] Application time: 2.7377601 seconds
[1460.621s][info ][safepoint    ] Entering safepoint region: GenCollectForAllocation
[1460.621s][info ][gc,start     ] GC(656) Pause Young (Allocation Failure)
[1460.621s][info ][gc,task      ] GC(656) Using 4 workers of 4 for evacuation
[1460.626s][debug][gc,ref       ] GC(656) Skipped phase1 of Reference Processing due to unavailable references
[1460.626s][debug][gc,ref       ] GC(656) Skipped phase2 of Reference Processing due to unavailable references
[1460.626s][debug][gc,ref       ] GC(656) Skipped phase3 of Reference Processing due to unavailable references
[1460.626s][debug][gc,ref       ] GC(656) Skipped phase4 of Reference Processing due to unavailable references
[1460.626s][debug][gc,age       ] GC(656) Desired survivor size 15400960 bytes, new threshold 6 (max threshold 6)
[1460.626s][info ][gc,heap      ] GC(656) ParNew: 242765K->1596K(270976K)
[1460.626s][info ][gc,heap      ] GC(656) CMS: 372064K->372230K(602112K)
[1460.626s][info ][gc,metaspace ] GC(656) Metaspace: 63081K->63081K(1107968K)
[1460.626s][info ][gc           ] GC(656) Pause Young (Allocation Failure) 600M->365M(852M) 4.898ms
[1460.626s][info ][gc,cpu       ] GC(656) User=0.01s Sys=0.00s Real=0.00s
[1460.626s][info ][safepoint    ] Leaving safepoint region
[1460.626s][info ][safepoint    ] Total time for which application threads were stopped: 0.0051119 seconds, Stopping threads took: 0.0000157 seconds
[1461.125s][info ][safepoint    ] Application time: 0.4989727 seconds
[1461.125s][info ][safepoint    ] Entering safepoint region: Deoptimize
[1461.131s][info ][safepoint    ] Leaving safepoint region
[1461.132s][info ][safepoint    ] Total time for which application threads were stopped: 0.0061920 seconds, Stopping threads took: 0.0000155 seconds
[1462.132s][info ][safepoint    ] Application time: 1.0001086 seconds
[1462.132s][info ][safepoint    ] Entering safepoint region: Cleanup
[1462.132s][info ][safepoint    ] Leaving safepoint region
[1462.132s][info ][safepoint    ] Total time for which application threads were stopped: 0.0000973 seconds, Stopping threads took: 0.0000162 seconds
[1463.132s][info ][safepoint    ] Application time: 1.0001191 seconds
[1463.132s][info ][safepoint    ] Entering safepoint region: Cleanup
[1463.132s][info ][safepoint    ] Leaving safepoint region
[1463.132s][info ][safepoint    ] Total time for which application threads were stopped: 0.0000913 seconds, Stopping threads took: 0.0000170 seconds
[1464.132s][info ][safepoint    ] Application time: 1.0000942 seconds
[1464.132s][info ][safepoint    ] Entering safepoint region: Cleanup
[1464.132s][info ][safepoint    ] Leaving safepoint region
[1464.132s][info ][safepoint    ] Total time for which application threads were stopped: 0.0001941 seconds, Stopping threads took: 0.0000727 seconds
[1464.268s][info ][safepoint    ] Application time: 0.1355134 seconds
[1464.268s][info ][safepoint    ] Entering safepoint region: GenCollectForAllocation
[1464.268s][info ][gc,start     ] GC(657) Pause Young (Allocation Failure)
[1464.268s][info ][gc,task      ] GC(657) Using 4 workers of 4 for evacuation
[1464.272s][debug][gc,ref       ] GC(657) Skipped phase1 of Reference Processing due to unavailable references
[1464.272s][debug][gc,ref       ] GC(657) Skipped phase3 of Reference Processing due to unavailable references
[1464.272s][debug][gc,age       ] GC(657) Desired survivor size 15400960 bytes, new threshold 6 (max threshold 6)
[1464.272s][info ][gc,heap      ] GC(657) ParNew: 242492K->2592K(270976K)
[1464.272s][info ][gc,heap      ] GC(657) CMS: 372230K->372323K(602112K)
[1464.272s][info ][gc,metaspace ] GC(657) Metaspace: 63086K->63086K(1107968K)
[1464.272s][info ][gc           ] GC(657) Pause Young (Allocation Failure) 600M->366M(852M) 3.818ms
[1464.272s][info ][gc,cpu       ] GC(657) User=0.01s Sys=0.01s Real=0.01s
[1464.272s][info ][safepoint    ] Leaving safepoint region
[1464.272s][info ][safepoint    ] Total time for which application threads were stopped: 0.0039812 seconds, Stopping threads took: 0.0000161 seconds
[1466.272s][info ][safepoint    ] Application time: 2.0002239 seconds
[1466.272s][info ][safepoint    ] Entering safepoint region: Cleanup
[1466.272s][info ][safepoint    ] Leaving safepoint region
[1466.272s][info ][safepoint    ] Total time for which application threads were stopped: 0.0001491 seconds, Stopping threads took: 0.0000619 seconds
[1468.169s][info ][safepoint    ] Application time: 1.8966759 seconds
[1468.169s][info ][safepoint    ] Entering safepoint region: GenCollectForAllocation
[1468.169s][info ][gc,start     ] GC(658) Pause Young (Allocation Failure)
[1468.169s][info ][gc,task      ] GC(658) Using 4 workers of 4 for evacuation
[1468.172s][debug][gc,ref       ] GC(658) Skipped phase1 of Reference Processing due to unavailable references
[1468.172s][debug][gc,ref       ] GC(658) Skipped phase3 of Reference Processing due to unavailable references
[1468.172s][debug][gc,age       ] GC(658) Desired survivor size 15400960 bytes, new threshold 6 (max threshold 6)
[1468.172s][info ][gc,heap      ] GC(658) ParNew: 243488K->2944K(270976K)
[1468.172s][info ][gc,heap      ] GC(658) CMS: 372323K->372420K(602112K)
[1468.172s][info ][gc,metaspace ] GC(658) Metaspace: 63093K->63093K(1107968K)
[1468.172s][info ][gc           ] GC(658) Pause Young (Allocation Failure) 601M->366M(852M) 3.330ms
[1468.172s][info ][gc,cpu       ] GC(658) User=0.01s Sys=0.00s Real=0.00s
[1468.173s][info ][safepoint    ] Leaving safepoint region
[1468.173s][info ][safepoint    ] Total time for which application threads were stopped: 0.0035168 seconds, Stopping threads took: 0.0000513 seconds
[1470.173s][info ][safepoint    ] Application time: 2.0002799 seconds
[1470.173s][info ][safepoint    ] Entering safepoint region: Cleanup
[1470.173s][info ][safepoint    ] Leaving safepoint region
[1470.173s][info ][safepoint    ] Total time for which application threads were stopped: 0.0001727 seconds, Stopping threads took: 0.0000603 seconds
[1471.173s][info ][safepoint    ] Application time: 1.0000945 seconds
[1471.173s][info ][safepoint    ] Entering safepoint region: Cleanup
[1471.173s][info ][safepoint    ] Leaving safepoint region
[1471.173s][info ][safepoint    ] Total time for which application threads were stopped: 0.0001524 seconds, Stopping threads took: 0.0000492 seconds
[1472.127s][info ][safepoint    ] Application time: 0.9539425 seconds
[1472.127s][info ][safepoint    ] Entering safepoint region: GenCollectForAllocation
[1472.128s][info ][gc,start     ] GC(659) Pause Young (Allocation Failure)
[1472.128s][info ][gc,task      ] GC(659) Using 4 workers of 4 for evacuation
[1472.132s][debug][gc,ref       ] GC(659) Skipped phase1 of Reference Processing due to unavailable references
[1472.132s][debug][gc,ref       ] GC(659) Skipped phase3 of Reference Processing due to unavailable references
[1472.132s][debug][gc,age       ] GC(659) Desired survivor size 15400960 bytes, new threshold 6 (max threshold 6)
[1472.132s][info ][gc,heap      ] GC(659) ParNew: 243840K->2295K(270976K)
[1472.132s][info ][gc,heap      ] GC(659) CMS: 372420K->372535K(602112K)
[1472.132s][info ][gc,metaspace ] GC(659) Metaspace: 63093K->63093K(1107968K)
[1472.132s][info ][gc           ] GC(659) Pause Young (Allocation Failure) 601M->366M(852M) 4.368ms
[1472.132s][info ][gc,cpu       ] GC(659) User=0.02s Sys=0.00s Real=0.01s
[1472.132s][info ][safepoint    ] Leaving safepoint region
[1472.132s][info ][safepoint    ] Total time for which application threads were stopped: 0.0045184 seconds, Stopping threads took: 0.0000166 seconds
[1474.132s][info ][safepoint    ] Application time: 2.0001918 seconds
[1474.132s][info ][safepoint    ] Entering safepoint region: Cleanup
[1474.132s][info ][safepoint    ] Leaving safepoint region
[1474.132s][info ][safepoint    ] Total time for which application threads were stopped: 0.0000987 seconds, Stopping threads took: 0.0000184 seconds
[1475.132s][info ][safepoint    ] Application time: 1.0001199 seconds
[1475.132s][info ][safepoint    ] Entering safepoint region: Cleanup
[1475.133s][info ][safepoint    ] Leaving safepoint region
[1475.133s][info ][safepoint    ] Total time for which application threads were stopped: 0.0000831 seconds, Stopping threads took: 0.0000169 seconds
[1476.133s][info ][safepoint    ] Application time: 1.0001161 seconds
[1476.133s][info ][safepoint    ] Entering safepoint region: Cleanup
[1476.133s][info ][safepoint    ] Leaving safepoint region
[1476.133s][info ][safepoint    ] Total time for which application threads were stopped: 0.0000786 seconds, Stopping threads took: 0.0000158 seconds
[1476.170s][info ][safepoint    ] Application time: 0.0375390 seconds
[1476.170s][info ][safepoint    ] Entering safepoint region: GenCollectForAllocation
[1476.170s][info ][gc,start     ] GC(660) Pause Young (Allocation Failure)
[1476.170s][info ][gc,task      ] GC(660) Using 4 workers of 4 for evacuation
[1476.174s][debug][gc,ref       ] GC(660) Skipped phase1 of Reference Processing due to unavailable references
[1476.174s][debug][gc,ref       ] GC(660) Skipped phase3 of Reference Processing due to unavailable references
[1476.174s][debug][gc,age       ] GC(660) Desired survivor size 15400960 bytes, new threshold 6 (max threshold 6)
[1476.174s][info ][gc,heap      ] GC(660) ParNew: 243191K->2955K(270976K)
[1476.174s][info ][gc,heap      ] GC(660) CMS: 372535K->372683K(602112K)
[1476.174s][info ][gc,metaspace ] GC(660) Metaspace: 63093K->63093K(1107968K)
[1476.174s][info ][gc           ] GC(660) Pause Young (Allocation Failure) 601M->366M(852M) 3.391ms
[1476.174s][info ][gc,cpu       ] GC(660) User=0.01s Sys=0.00s Real=0.00s
[1476.174s][info ][safepoint    ] Leaving safepoint region
[1476.174s][info ][safepoint    ] Total time for which application threads were stopped: 0.0035424 seconds, Stopping threads took: 0.0000158 seconds
[1477.174s][info ][safepoint    ] Application time: 1.0001168 seconds
[1477.174s][info ][safepoint    ] Entering safepoint region: Cleanup
[1477.174s][info ][safepoint    ] Leaving safepoint region
[1477.174s][info ][safepoint    ] Total time for which application threads were stopped: 0.0001318 seconds, Stopping threads took: 0.0000719 seconds
[1479.174s][info ][safepoint    ] Application time: 2.0002233 seconds
[1479.175s][info ][safepoint    ] Entering safepoint region: Cleanup
[1479.175s][info ][safepoint    ] Leaving safepoint region
[1479.175s][info ][safepoint    ] Total time for which application threads were stopped: 0.0001044 seconds, Stopping threads took: 0.0000426 seconds
[1480.171s][info ][safepoint    ] Application time: 0.9968392 seconds
[1480.171s][info ][safepoint    ] Entering safepoint region: GenCollectForAllocation
[1480.172s][info ][gc,start     ] GC(661) Pause Young (Allocation Failure)
[1480.172s][info ][gc,task      ] GC(661) Using 4 workers of 4 for evacuation
[1480.174s][debug][gc,ref       ] GC(661) Skipped phase1 of Reference Processing due to unavailable references
[1480.174s][debug][gc,ref       ] GC(661) Skipped phase3 of Reference Processing due to unavailable references
[1480.175s][debug][gc,age       ] GC(661) Desired survivor size 15400960 bytes, new threshold 6 (max threshold 6)
[1480.175s][info ][gc,heap      ] GC(661) ParNew: 243851K->2817K(270976K)
[1480.175s][info ][gc,heap      ] GC(661) CMS: 372683K->372734K(602112K)
[1480.175s][info ][gc,metaspace ] GC(661) Metaspace: 63093K->63093K(1107968K)
[1480.175s][info ][gc           ] GC(661) Pause Young (Allocation Failure) 602M->366M(852M) 3.080ms
[1480.175s][info ][gc,cpu       ] GC(661) User=0.01s Sys=0.00s Real=0.00s
[1480.175s][info ][safepoint    ] Leaving safepoint region
[1480.175s][info ][safepoint    ] Total time for which application threads were stopped: 0.0032303 seconds, Stopping threads took: 0.0000162 seconds
[1482.175s][info ][safepoint    ] Application time: 2.0003275 seconds
[1482.175s][info ][safepoint    ] Entering safepoint region: Cleanup
[1482.175s][info ][safepoint    ] Leaving safepoint region
[1482.175s][info ][safepoint    ] Total time for which application threads were stopped: 0.0001156 seconds, Stopping threads took: 0.0000408 seconds
[1483.175s][info ][safepoint    ] Application time: 1.0001199 seconds
[1483.176s][info ][safepoint    ] Entering safepoint region: Cleanup
[1483.176s][info ][safepoint    ] Leaving safepoint region
[1483.176s][info ][safepoint    ] Total time for which application threads were stopped: 0.0001314 seconds, Stopping threads took: 0.0000631 seconds
[1484.119s][info ][safepoint    ] Application time: 0.9429399 seconds
[1484.119s][info ][safepoint    ] Entering safepoint region: GenCollectForAllocation
[1484.119s][info ][gc,start     ] GC(662) Pause Young (Allocation Failure)
[1484.119s][info ][gc,task      ] GC(662) Using 4 workers of 4 for evacuation
[1484.122s][debug][gc,ref       ] GC(662) Skipped phase1 of Reference Processing due to unavailable references
[1484.122s][debug][gc,ref       ] GC(662) Skipped phase3 of Reference Processing due to unavailable references
[1484.122s][debug][gc,age       ] GC(662) Desired survivor size 15400960 bytes, new threshold 6 (max threshold 6)
[1484.122s][info ][gc,heap      ] GC(662) ParNew: 243713K->2637K(270976K)
[1484.122s][info ][gc,heap      ] GC(662) CMS: 372734K->372901K(602112K)
[1484.122s][info ][gc,metaspace ] GC(662) Metaspace: 63093K->63093K(1107968K)
[1484.122s][info ][gc           ] GC(662) Pause Young (Allocation Failure) 601M->366M(852M) 3.575ms
[1484.122s][info ][gc,cpu       ] GC(662) User=0.01s Sys=0.00s Real=0.01s
[1484.122s][info ][safepoint    ] Leaving safepoint region
[1484.122s][info ][safepoint    ] Total time for which application threads were stopped: 0.0037473 seconds, Stopping threads took: 0.0000421 seconds
[1485.122s][info ][safepoint    ] Application time: 1.0001022 seconds
[1485.122s][info ][safepoint    ] Entering safepoint region: Cleanup
[1485.123s][info ][safepoint    ] Leaving safepoint region
[1485.123s][info ][safepoint    ] Total time for which application threads were stopped: 0.0001174 seconds, Stopping threads took: 0.0000420 seconds
[1486.123s][info ][safepoint    ] Application time: 1.0001006 seconds
[1486.123s][info ][safepoint    ] Entering safepoint region: Cleanup
[1486.123s][info ][safepoint    ] Leaving safepoint region
[1486.123s][info ][safepoint    ] Total time for which application threads were stopped: 0.0001116 seconds, Stopping threads took: 0.0000428 seconds
[1487.972s][info ][safepoint    ] Application time: 1.8493478 seconds
[1487.972s][info ][safepoint    ] Entering safepoint region: GenCollectForAllocation
[1487.972s][info ][gc,start     ] GC(663) Pause Young (Allocation Failure)
[1487.972s][info ][gc,task      ] GC(663) Using 4 workers of 4 for evacuation
[1487.976s][debug][gc,ref       ] GC(663) Skipped phase1 of Reference Processing due to unavailable references
[1487.976s][debug][gc,ref       ] GC(663) Skipped phase2 of Reference Processing due to unavailable references
[1487.976s][debug][gc,ref       ] GC(663) Skipped phase3 of Reference Processing due to unavailable references
[1487.976s][debug][gc,ref       ] GC(663) Skipped phase4 of Reference Processing due to unavailable references
[1487.976s][debug][gc,age       ] GC(663) Desired survivor size 15400960 bytes, new threshold 6 (max threshold 6)
[1487.976s][info ][gc,heap      ] GC(663) ParNew: 243533K->1665K(270976K)
[1487.976s][info ][gc,heap      ] GC(663) CMS: 372901K->373821K(602112K)
[1487.976s][info ][gc,metaspace ] GC(663) Metaspace: 63093K->63093K(1107968K)
[1487.976s][info ][gc           ] GC(663) Pause Young (Allocation Failure) 601M->366M(852M) 3.838ms
[1487.976s][info ][gc,cpu       ] GC(663) User=0.01s Sys=0.00s Real=0.00s
[1487.976s][info ][safepoint    ] Leaving safepoint region
[1487.976s][info ][safepoint    ] Total time for which application threads were stopped: 0.0039941 seconds, Stopping threads took: 0.0000159 seconds
[1489.976s][info ][safepoint    ] Application time: 2.0001714 seconds
[1489.976s][info ][safepoint    ] Entering safepoint region: Cleanup
[1489.977s][info ][safepoint    ] Leaving safepoint region
[1489.977s][info ][safepoint    ] Total time for which application threads were stopped: 0.0001924 seconds, Stopping threads took: 0.0000400 seconds
[1491.876s][info ][safepoint    ] Application time: 1.8991812 seconds
[1491.876s][info ][safepoint    ] Entering safepoint region: GenCollectForAllocation
[1491.876s][info ][gc,start     ] GC(664) Pause Young (Allocation Failure)
[1491.876s][info ][gc,task      ] GC(664) Using 4 workers of 4 for evacuation
[1491.879s][debug][gc,ref       ] GC(664) Skipped phase1 of Reference Processing due to unavailable references
[1491.879s][debug][gc,ref       ] GC(664) Skipped phase2 of Reference Processing due to unavailable references
[1491.879s][debug][gc,ref       ] GC(664) Skipped phase3 of Reference Processing due to unavailable references
[1491.879s][debug][gc,ref       ] GC(664) Skipped phase4 of Reference Processing due to unavailable references
[1491.879s][debug][gc,age       ] GC(664) Desired survivor size 15400960 bytes, new threshold 6 (max threshold 6)
[1491.879s][info ][gc,heap      ] GC(664) ParNew: 242561K->1510K(270976K)
[1491.879s][info ][gc,heap      ] GC(664) CMS: 373821K->374056K(602112K)
[1491.879s][info ][gc,metaspace ] GC(664) Metaspace: 63096K->63096K(1107968K)
[1491.879s][info ][gc           ] GC(664) Pause Young (Allocation Failure) 601M->366M(852M) 3.073ms
[1491.879s][info ][gc,cpu       ] GC(664) User=0.01s Sys=0.00s Real=0.00s
[1491.879s][info ][safepoint    ] Leaving safepoint region
[1491.879s][info ][safepoint    ] Total time for which application threads were stopped: 0.0032429 seconds, Stopping threads took: 0.0000148 seconds
[1493.879s][info ][safepoint    ] Application time: 2.0001559 seconds
[1493.879s][info ][safepoint    ] Entering safepoint region: Cleanup
[1493.879s][info ][safepoint    ] Leaving safepoint region
[1493.879s][info ][safepoint    ] Total time for which application threads were stopped: 0.0000947 seconds, Stopping threads took: 0.0000149 seconds
[1495.824s][info ][safepoint    ] Application time: 1.9447687 seconds
[1495.824s][info ][safepoint    ] Entering safepoint region: GenCollectForAllocation
[1495.825s][info ][gc,start     ] GC(665) Pause Young (Allocation Failure)
[1495.825s][info ][gc,task      ] GC(665) Using 4 workers of 4 for evacuation
[1495.828s][debug][gc,ref       ] GC(665) Skipped phase1 of Reference Processing due to unavailable references
[1495.828s][debug][gc,ref       ] GC(665) Skipped phase2 of Reference Processing due to unavailable references
[1495.828s][debug][gc,ref       ] GC(665) Skipped phase3 of Reference Processing due to unavailable references
[1495.828s][debug][gc,ref       ] GC(665) Skipped phase4 of Reference Processing due to unavailable references
[1495.828s][debug][gc,age       ] GC(665) Desired survivor size 15400960 bytes, new threshold 6 (max threshold 6)
[1495.828s][info ][gc,heap      ] GC(665) ParNew: 242406K->1299K(270976K)
[1495.828s][info ][gc,heap      ] GC(665) CMS: 374056K->374170K(602112K)
[1495.828s][info ][gc,metaspace ] GC(665) Metaspace: 63096K->63096K(1107968K)
[1495.828s][info ][gc           ] GC(665) Pause Young (Allocation Failure) 602M->366M(852M) 3.733ms
[1495.828s][info ][gc,cpu       ] GC(665) User=0.01s Sys=0.01s Real=0.01s
[1495.828s][info ][safepoint    ] Leaving safepoint region
[1495.828s][info ][safepoint    ] Total time for which application threads were stopped: 0.0041631 seconds, Stopping threads took: 0.0000611 seconds
[1497.829s][info ][safepoint    ] Application time: 2.0002052 seconds
[1497.829s][info ][safepoint    ] Entering safepoint region: Cleanup
[1497.829s][info ][safepoint    ] Leaving safepoint region
[1497.829s][info ][safepoint    ] Total time for which application threads were stopped: 0.0000867 seconds, Stopping threads took: 0.0000164 seconds
[1499.719s][info ][safepoint    ] Application time: 1.8904522 seconds
[1499.719s][info ][safepoint    ] Entering safepoint region: GenCollectForAllocation
[1499.719s][info ][gc,start     ] GC(666) Pause Young (Allocation Failure)
[1499.719s][info ][gc,task      ] GC(666) Using 4 workers of 4 for evacuation
[1499.722s][debug][gc,ref       ] GC(666) Skipped phase1 of Reference Processing due to unavailable references
[1499.722s][debug][gc,ref       ] GC(666) Skipped phase2 of Reference Processing due to unavailable references
[1499.722s][debug][gc,ref       ] GC(666) Skipped phase3 of Reference Processing due to unavailable references
[1499.722s][debug][gc,ref       ] GC(666) Skipped phase4 of Reference Processing due to unavailable references
[1499.722s][debug][gc,age       ] GC(666) Desired survivor size 15400960 bytes, new threshold 6 (max threshold 6)
[1499.722s][info ][gc,heap      ] GC(666) ParNew: 242195K->1405K(270976K)
[1499.722s][info ][gc,heap      ] GC(666) CMS: 374170K->374249K(602112K)
[1499.722s][info ][gc,metaspace ] GC(666) Metaspace: 63096K->63096K(1107968K)
[1499.722s][info ][gc           ] GC(666) Pause Young (Allocation Failure) 601M->366M(852M) 2.604ms
[1499.722s][info ][gc,cpu       ] GC(666) User=0.01s Sys=0.00s Real=0.01s
[1499.722s][info ][safepoint    ] Leaving safepoint region
[1499.722s][info ][safepoint    ] Total time for which application threads were stopped: 0.0028193 seconds, Stopping threads took: 0.0000401 seconds
[1503.621s][info ][safepoint    ] Application time: 3.8992119 seconds
[1503.621s][info ][safepoint    ] Entering safepoint region: GenCollectForAllocation
[1503.621s][info ][gc,start     ] GC(667) Pause Young (Allocation Failure)
[1503.621s][info ][gc,task      ] GC(667) Using 4 workers of 4 for evacuation
[1503.624s][debug][gc,ref       ] GC(667) Skipped phase1 of Reference Processing due to unavailable references
[1503.624s][debug][gc,ref       ] GC(667) Skipped phase2 of Reference Processing due to unavailable references
[1503.624s][debug][gc,ref       ] GC(667) Skipped phase3 of Reference Processing due to unavailable references
[1503.624s][debug][gc,ref       ] GC(667) Skipped phase4 of Reference Processing due to unavailable references
[1503.624s][debug][gc,age       ] GC(667) Desired survivor size 15400960 bytes, new threshold 6 (max threshold 6)
[1503.624s][info ][gc,heap      ] GC(667) ParNew: 242301K->1484K(270976K)
[1503.624s][info ][gc,heap      ] GC(667) CMS: 374249K->374357K(602112K)
[1503.624s][info ][gc,metaspace ] GC(667) Metaspace: 63096K->63096K(1107968K)
[1503.624s][info ][gc           ] GC(667) Pause Young (Allocation Failure) 602M->367M(852M) 2.600ms
[1503.624s][info ][gc,cpu       ] GC(667) User=0.00s Sys=0.00s Real=0.00s
[1503.624s][info ][safepoint    ] Leaving safepoint region
[1503.624s][info ][safepoint    ] Total time for which application threads were stopped: 0.0027520 seconds, Stopping threads took: 0.0000159 seconds
[1504.624s][info ][safepoint    ] Application time: 1.0000805 seconds
[1504.624s][info ][safepoint    ] Entering safepoint region: Cleanup
[1504.624s][info ][safepoint    ] Leaving safepoint region
[1504.624s][info ][safepoint    ] Total time for which application threads were stopped: 0.0001521 seconds, Stopping threads took: 0.0000772 seconds
[1505.624s][info ][safepoint    ] Application time: 1.0000985 seconds
[1505.625s][info ][safepoint    ] Entering safepoint region: Cleanup
[1505.625s][info ][safepoint    ] Leaving safepoint region
[1505.625s][info ][safepoint    ] Total time for which application threads were stopped: 0.0001664 seconds, Stopping threads took: 0.0000939 seconds
[1507.572s][info ][safepoint    ] Application time: 1.9470702 seconds
[1507.572s][info ][safepoint    ] Entering safepoint region: GenCollectForAllocation
[1507.572s][info ][gc,start     ] GC(668) Pause Young (Allocation Failure)
[1507.572s][info ][gc,task      ] GC(668) Using 4 workers of 4 for evacuation
[1507.574s][debug][gc,ref       ] GC(668) Skipped phase1 of Reference Processing due to unavailable references
[1507.574s][debug][gc,ref       ] GC(668) Skipped phase2 of Reference Processing due to unavailable references
[1507.574s][debug][gc,ref       ] GC(668) Skipped phase3 of Reference Processing due to unavailable references
[1507.574s][debug][gc,ref       ] GC(668) Skipped phase4 of Reference Processing due to unavailable references
[1507.574s][debug][gc,age       ] GC(668) Desired survivor size 15400960 bytes, new threshold 6 (max threshold 6)
[1507.574s][info ][gc,heap      ] GC(668) ParNew: 242380K->1063K(270976K)
[1507.574s][info ][gc,heap      ] GC(668) CMS: 374357K->374442K(602112K)
[1507.574s][info ][gc,metaspace ] GC(668) Metaspace: 63098K->63098K(1107968K)
[1507.574s][info ][gc           ] GC(668) Pause Young (Allocation Failure) 602M->366M(852M) 2.532ms
[1507.574s][info ][gc,cpu       ] GC(668) User=0.01s Sys=0.00s Real=0.00s
[1507.574s][info ][safepoint    ] Leaving safepoint region
[1507.574s][info ][safepoint    ] Total time for which application threads were stopped: 0.0026781 seconds, Stopping threads took: 0.0000169 seconds
[1508.575s][info ][safepoint    ] Application time: 1.0001229 seconds
[1508.575s][info ][safepoint    ] Entering safepoint region: Cleanup
[1508.575s][info ][safepoint    ] Leaving safepoint region
[1508.575s][info ][safepoint    ] Total time for which application threads were stopped: 0.0001352 seconds, Stopping threads took: 0.0000684 seconds
[1509.575s][info ][safepoint    ] Application time: 1.0001149 seconds
[1509.575s][info ][safepoint    ] Entering safepoint region: Cleanup
[1509.575s][info ][safepoint    ] Leaving safepoint region
[1509.575s][info ][safepoint    ] Total time for which application threads were stopped: 0.0002941 seconds, Stopping threads took: 0.0000452 seconds
[1511.419s][info ][safepoint    ] Application time: 1.8440315 seconds
[1511.424s][info ][safepoint    ] Entering safepoint region: GenCollectForAllocation
[1511.424s][info ][gc,start     ] GC(669) Pause Young (Allocation Failure)
[1511.424s][info ][gc,task      ] GC(669) Using 4 workers of 4 for evacuation
[1511.426s][debug][gc,ref       ] GC(669) Skipped phase1 of Reference Processing due to unavailable references
[1511.426s][debug][gc,ref       ] GC(669) Skipped phase2 of Reference Processing due to unavailable references
[1511.426s][debug][gc,ref       ] GC(669) Skipped phase3 of Reference Processing due to unavailable references
[1511.426s][debug][gc,ref       ] GC(669) Skipped phase4 of Reference Processing due to unavailable references
[1511.426s][debug][gc,age       ] GC(669) Desired survivor size 15400960 bytes, new threshold 6 (max threshold 6)
[1511.426s][info ][gc,heap      ] GC(669) ParNew: 241959K->1146K(270976K)
[1511.426s][info ][gc,heap      ] GC(669) CMS: 374442K->374524K(602112K)
[1511.426s][info ][gc,metaspace ] GC(669) Metaspace: 63098K->63098K(1107968K)
[1511.426s][info ][gc           ] GC(669) Pause Young (Allocation Failure) 601M->366M(852M) 2.467ms
[1511.426s][info ][gc,cpu       ] GC(669) User=0.01s Sys=0.00s Real=0.00s
[1511.426s][info ][safepoint    ] Leaving safepoint region
[1511.426s][info ][safepoint    ] Total time for which application threads were stopped: 0.0072416 seconds, Stopping threads took: 0.0046411 seconds
[1515.319s][info ][safepoint    ] Application time: 3.8927590 seconds
[1515.319s][info ][safepoint    ] Entering safepoint region: GenCollectForAllocation
[1515.319s][info ][gc,start     ] GC(670) Pause Young (Allocation Failure)
[1515.319s][info ][gc,task      ] GC(670) Using 4 workers of 4 for evacuation
[1515.322s][debug][gc,ref       ] GC(670) Skipped phase1 of Reference Processing due to unavailable references
[1515.322s][debug][gc,ref       ] GC(670) Skipped phase2 of Reference Processing due to unavailable references
[1515.322s][debug][gc,ref       ] GC(670) Skipped phase3 of Reference Processing due to unavailable references
[1515.322s][debug][gc,ref       ] GC(670) Skipped phase4 of Reference Processing due to unavailable references
[1515.322s][debug][gc,age       ] GC(670) Desired survivor size 15400960 bytes, new threshold 6 (max threshold 6)
[1515.322s][info ][gc,heap      ] GC(670) ParNew: 242042K->1299K(270976K)
[1515.322s][info ][gc,heap      ] GC(670) CMS: 374524K->374590K(602112K)
[1515.322s][info ][gc,metaspace ] GC(670) Metaspace: 63098K->63098K(1107968K)
[1515.322s][info ][gc           ] GC(670) Pause Young (Allocation Failure) 602M->367M(852M) 2.735ms
[1515.322s][info ][gc,cpu       ] GC(670) User=0.01s Sys=0.00s Real=0.01s
[1515.322s][info ][safepoint    ] Leaving safepoint region
[1515.322s][info ][safepoint    ] Total time for which application threads were stopped: 0.0029558 seconds, Stopping threads took: 0.0000629 seconds
[1516.322s][info ][safepoint    ] Application time: 1.0001378 seconds
[1516.322s][info ][safepoint    ] Entering safepoint region: Cleanup
[1516.322s][info ][safepoint    ] Leaving safepoint region
[1516.323s][info ][safepoint    ] Total time for which application threads were stopped: 0.0001173 seconds, Stopping threads took: 0.0000417 seconds
[1519.277s][info ][safepoint    ] Application time: 2.9541493 seconds
[1519.277s][info ][safepoint    ] Entering safepoint region: GenCollectForAllocation
[1519.277s][info ][gc,start     ] GC(671) Pause Young (Allocation Failure)
[1519.277s][info ][gc,task      ] GC(671) Using 4 workers of 4 for evacuation
[1519.280s][debug][gc,ref       ] GC(671) Skipped phase1 of Reference Processing due to unavailable references
[1519.280s][debug][gc,ref       ] GC(671) Skipped phase2 of Reference Processing due to unavailable references
[1519.280s][debug][gc,ref       ] GC(671) Skipped phase3 of Reference Processing due to unavailable references
[1519.280s][debug][gc,ref       ] GC(671) Skipped phase4 of Reference Processing due to unavailable references
[1519.280s][debug][gc,age       ] GC(671) Desired survivor size 15400960 bytes, new threshold 6 (max threshold 6)
[1519.280s][info ][gc,heap      ] GC(671) ParNew: 242195K->1204K(270976K)
[1519.280s][info ][gc,heap      ] GC(671) CMS: 374590K->374731K(602112K)
[1519.280s][info ][gc,metaspace ] GC(671) Metaspace: 63098K->63098K(1107968K)
[1519.280s][info ][gc           ] GC(671) Pause Young (Allocation Failure) 602M->367M(852M) 3.151ms
[1519.280s][info ][gc,cpu       ] GC(671) User=0.01s Sys=0.00s Real=0.00s
[1519.280s][info ][safepoint    ] Leaving safepoint region
[1519.280s][info ][safepoint    ] Total time for which application threads were stopped: 0.0034066 seconds, Stopping threads took: 0.0000436 seconds
[1521.280s][info ][safepoint    ] Application time: 2.0002391 seconds
[1521.280s][info ][safepoint    ] Entering safepoint region: Cleanup
[1521.281s][info ][safepoint    ] Leaving safepoint region
[1521.281s][info ][safepoint    ] Total time for which application threads were stopped: 0.0002517 seconds, Stopping threads took: 0.0000435 seconds
[1522.269s][info ][safepoint    ] Application time: 0.9887271 seconds
[1522.269s][info ][safepoint    ] Entering safepoint region: GenCollectForAllocation
[1522.270s][info ][gc,start     ] GC(672) Pause Young (Allocation Failure)
[1522.270s][info ][gc,task      ] GC(672) Using 4 workers of 4 for evacuation
[1522.273s][debug][gc,ref       ] GC(672) Skipped phase1 of Reference Processing due to unavailable references
[1522.273s][debug][gc,ref       ] GC(672) Skipped phase2 of Reference Processing due to unavailable references
[1522.273s][debug][gc,ref       ] GC(672) Skipped phase3 of Reference Processing due to unavailable references
[1522.273s][debug][gc,ref       ] GC(672) Skipped phase4 of Reference Processing due to unavailable references
[1522.273s][debug][gc,age       ] GC(672) Desired survivor size 15400960 bytes, new threshold 6 (max threshold 6)
[1522.273s][info ][gc,heap      ] GC(672) ParNew: 242100K->1248K(270976K)
[1522.273s][info ][gc,heap      ] GC(672) CMS: 374731K->374856K(602112K)
[1522.273s][info ][gc,metaspace ] GC(672) Metaspace: 63104K->63104K(1107968K)
[1522.273s][info ][gc           ] GC(672) Pause Young (Allocation Failure) 602M->367M(852M) 3.569ms
[1522.273s][info ][gc,cpu       ] GC(672) User=0.01s Sys=0.00s Real=0.00s
[1522.273s][info ][safepoint    ] Leaving safepoint region
[1522.273s][info ][safepoint    ] Total time for which application threads were stopped: 0.0037833 seconds, Stopping threads took: 0.0000614 seconds
[1522.547s][info ][safepoint    ] Application time: 0.2738669 seconds
[1522.547s][info ][safepoint    ] Entering safepoint region: RevokeBias
[1522.547s][info ][safepoint    ] Leaving safepoint region
[1522.547s][info ][safepoint    ] Total time for which application threads were stopped: 0.0001108 seconds, Stopping threads took: 0.0000151 seconds
[1526.269s][info ][safepoint    ] Application time: 3.7218036 seconds
[1526.269s][info ][safepoint    ] Entering safepoint region: GenCollectForAllocation
[1526.269s][info ][gc,start     ] GC(673) Pause Young (Allocation Failure)
[1526.269s][info ][gc,task      ] GC(673) Using 4 workers of 4 for evacuation
[1526.271s][debug][gc,ref       ] GC(673) Skipped phase1 of Reference Processing due to unavailable references
[1526.271s][debug][gc,ref       ] GC(673) Skipped phase2 of Reference Processing due to unavailable references
[1526.271s][debug][gc,ref       ] GC(673) Skipped phase3 of Reference Processing due to unavailable references
[1526.271s][debug][gc,ref       ] GC(673) Skipped phase4 of Reference Processing due to unavailable references
[1526.272s][debug][gc,age       ] GC(673) Desired survivor size 15400960 bytes, new threshold 6 (max threshold 6)
[1526.272s][info ][gc,heap      ] GC(673) ParNew: 242144K->949K(270976K)
[1526.272s][info ][gc,heap      ] GC(673) CMS: 374856K->374934K(602112K)
[1526.272s][info ][gc,metaspace ] GC(673) Metaspace: 63104K->63104K(1107968K)
[1526.272s][info ][gc           ] GC(673) Pause Young (Allocation Failure) 602M->367M(852M) 2.549ms
[1526.272s][info ][gc,cpu       ] GC(673) User=0.01s Sys=0.00s Real=0.00s
[1526.272s][info ][safepoint    ] Leaving safepoint region
[1526.272s][info ][safepoint    ] Total time for which application threads were stopped: 0.0027554 seconds, Stopping threads took: 0.0000677 seconds
[1527.272s][info ][safepoint    ] Application time: 1.0001022 seconds
[1527.272s][info ][safepoint    ] Entering safepoint region: Cleanup
[1527.272s][info ][safepoint    ] Leaving safepoint region
[1527.272s][info ][safepoint    ] Total time for which application threads were stopped: 0.0001105 seconds, Stopping threads took: 0.0000412 seconds
[1529.969s][info ][safepoint    ] Application time: 2.6972701 seconds
[1529.969s][info ][safepoint    ] Entering safepoint region: GenCollectForAllocation
[1529.970s][info ][gc,start     ] GC(674) Pause Young (Allocation Failure)
[1529.970s][info ][gc,task      ] GC(674) Using 4 workers of 4 for evacuation
[1529.972s][debug][gc,ref       ] GC(674) Skipped phase1 of Reference Processing due to unavailable references
[1529.972s][debug][gc,ref       ] GC(674) Skipped phase2 of Reference Processing due to unavailable references
[1529.972s][debug][gc,ref       ] GC(674) Skipped phase3 of Reference Processing due to unavailable references
[1529.972s][debug][gc,ref       ] GC(674) Skipped phase4 of Reference Processing due to unavailable references
[1529.972s][debug][gc,age       ] GC(674) Desired survivor size 15400960 bytes, new threshold 6 (max threshold 6)
[1529.972s][info ][gc,heap      ] GC(674) ParNew: 241845K->1258K(270976K)
[1529.973s][info ][gc,heap      ] GC(674) CMS: 374934K->374950K(602112K)
[1529.973s][info ][gc,metaspace ] GC(674) Metaspace: 63106K->63106K(1107968K)
[1529.973s][info ][gc           ] GC(674) Pause Young (Allocation Failure) 602M->367M(852M) 2.998ms
[1529.973s][info ][gc,cpu       ] GC(674) User=0.01s Sys=0.00s Real=0.00s
[1529.973s][info ][safepoint    ] Leaving safepoint region
[1529.973s][info ][safepoint    ] Total time for which application threads were stopped: 0.0031977 seconds, Stopping threads took: 0.0000487 seconds
[1533.823s][info ][safepoint    ] Application time: 3.8508973 seconds
[1533.824s][info ][safepoint    ] Entering safepoint region: GenCollectForAllocation
[1533.824s][info ][gc,start     ] GC(675) Pause Young (Allocation Failure)
[1533.824s][info ][gc,task      ] GC(675) Using 4 workers of 4 for evacuation
[1533.826s][debug][gc,ref       ] GC(675) Skipped phase1 of Reference Processing due to unavailable references
[1533.826s][debug][gc,ref       ] GC(675) Skipped phase2 of Reference Processing due to unavailable references
[1533.826s][debug][gc,ref       ] GC(675) Skipped phase3 of Reference Processing due to unavailable references
[1533.826s][debug][gc,ref       ] GC(675) Skipped phase4 of Reference Processing due to unavailable references
[1533.826s][debug][gc,age       ] GC(675) Desired survivor size 15400960 bytes, new threshold 6 (max threshold 6)
[1533.827s][info ][gc,heap      ] GC(675) ParNew: 242154K->1502K(270976K)
[1533.827s][info ][gc,heap      ] GC(675) CMS: 374950K->375038K(602112K)
[1533.827s][info ][gc,metaspace ] GC(675) Metaspace: 63106K->63106K(1107968K)
[1533.827s][info ][gc           ] GC(675) Pause Young (Allocation Failure) 602M->367M(852M) 2.914ms
[1533.827s][info ][gc,cpu       ] GC(675) User=0.01s Sys=0.00s Real=0.00s
[1533.827s][info ][safepoint    ] Leaving safepoint region
[1533.827s][info ][safepoint    ] Total time for which application threads were stopped: 0.0030739 seconds, Stopping threads took: 0.0000174 seconds
[1537.520s][info ][safepoint    ] Application time: 3.6934338 seconds
[1537.520s][info ][safepoint    ] Entering safepoint region: GenCollectForAllocation
[1537.520s][info ][gc,start     ] GC(676) Pause Young (Allocation Failure)
[1537.520s][info ][gc,task      ] GC(676) Using 4 workers of 4 for evacuation
[1537.523s][debug][gc,ref       ] GC(676) Skipped phase1 of Reference Processing due to unavailable references
[1537.523s][debug][gc,ref       ] GC(676) Skipped phase2 of Reference Processing due to unavailable references
[1537.523s][debug][gc,ref       ] GC(676) Skipped phase3 of Reference Processing due to unavailable references
[1537.523s][debug][gc,ref       ] GC(676) Skipped phase4 of Reference Processing due to unavailable references
[1537.523s][debug][gc,age       ] GC(676) Desired survivor size 15400960 bytes, new threshold 6 (max threshold 6)
[1537.523s][info ][gc,heap      ] GC(676) ParNew: 242398K->1118K(270976K)
[1537.523s][info ][gc,heap      ] GC(676) CMS: 375038K->375324K(602112K)
[1537.523s][info ][gc,metaspace ] GC(676) Metaspace: 63106K->63106K(1107968K)
[1537.523s][info ][gc           ] GC(676) Pause Young (Allocation Failure) 602M->367M(852M) 2.745ms
[1537.523s][info ][gc,cpu       ] GC(676) User=0.01s Sys=0.01s Real=0.00s
[1537.523s][info ][safepoint    ] Leaving safepoint region
[1537.523s][info ][safepoint    ] Total time for which application threads were stopped: 0.0029868 seconds, Stopping threads took: 0.0000818 seconds
[1538.523s][info ][safepoint    ] Application time: 1.0000909 seconds
[1538.523s][info ][safepoint    ] Entering safepoint region: Cleanup
[1538.523s][info ][safepoint    ] Leaving safepoint region
[1538.523s][info ][safepoint    ] Total time for which application threads were stopped: 0.0001204 seconds, Stopping threads took: 0.0000523 seconds
[1541.322s][info ][safepoint    ] Application time: 2.7985146 seconds
[1541.322s][info ][safepoint    ] Entering safepoint region: GenCollectForAllocation
[1541.322s][info ][gc,start     ] GC(677) Pause Young (Allocation Failure)
[1541.322s][info ][gc,task      ] GC(677) Using 4 workers of 4 for evacuation
[1541.325s][debug][gc,ref       ] GC(677) Skipped phase1 of Reference Processing due to unavailable references
[1541.325s][debug][gc,ref       ] GC(677) Skipped phase2 of Reference Processing due to unavailable references
[1541.325s][debug][gc,ref       ] GC(677) Skipped phase3 of Reference Processing due to unavailable references
[1541.325s][debug][gc,ref       ] GC(677) Skipped phase4 of Reference Processing due to unavailable references
[1541.325s][debug][gc,age       ] GC(677) Desired survivor size 15400960 bytes, new threshold 6 (max threshold 6)
[1541.325s][info ][gc,heap      ] GC(677) ParNew: 242014K->1509K(270976K)
[1541.325s][info ][gc,heap      ] GC(677) CMS: 375324K->375400K(602112K)
[1541.325s][info ][gc,metaspace ] GC(677) Metaspace: 63108K->63108K(1107968K)
[1541.325s][info ][gc           ] GC(677) Pause Young (Allocation Failure) 602M->368M(852M) 3.437ms
[1541.325s][info ][gc,cpu       ] GC(677) User=0.02s Sys=0.00s Real=0.00s
[1541.325s][info ][safepoint    ] Leaving safepoint region
[1541.325s][info ][safepoint    ] Total time for which application threads were stopped: 0.0035860 seconds, Stopping threads took: 0.0000177 seconds
[1545.022s][info ][safepoint    ] Application time: 3.6966062 seconds
[1545.022s][info ][safepoint    ] Entering safepoint region: GenCollectForAllocation
[1545.022s][info ][gc,start     ] GC(678) Pause Young (Allocation Failure)
[1545.022s][info ][gc,task      ] GC(678) Using 4 workers of 4 for evacuation
[1545.025s][debug][gc,ref       ] GC(678) Skipped phase1 of Reference Processing due to unavailable references
[1545.025s][debug][gc,ref       ] GC(678) Skipped phase2 of Reference Processing due to unavailable references
[1545.025s][debug][gc,ref       ] GC(678) Skipped phase3 of Reference Processing due to unavailable references
[1545.025s][debug][gc,ref       ] GC(678) Skipped phase4 of Reference Processing due to unavailable references
[1545.025s][debug][gc,age       ] GC(678) Desired survivor size 15400960 bytes, new threshold 6 (max threshold 6)
[1545.025s][info ][gc,heap      ] GC(678) ParNew: 242405K->1567K(270976K)
[1545.025s][info ][gc,heap      ] GC(678) CMS: 375400K->375473K(602112K)
[1545.025s][info ][gc,metaspace ] GC(678) Metaspace: 63112K->63112K(1107968K)
[1545.025s][info ][gc           ] GC(678) Pause Young (Allocation Failure) 603M->368M(852M) 3.067ms
[1545.025s][info ][gc,cpu       ] GC(678) User=0.01s Sys=0.01s Real=0.00s
[1545.025s][info ][safepoint    ] Leaving safepoint region
[1545.025s][info ][safepoint    ] Total time for which application threads were stopped: 0.0032379 seconds, Stopping threads took: 0.0000167 seconds
[1548.731s][info ][safepoint    ] Application time: 3.7060404 seconds
[1548.731s][info ][safepoint    ] Entering safepoint region: GenCollectForAllocation
[1548.732s][info ][gc,start     ] GC(679) Pause Young (Allocation Failure)
[1548.732s][info ][gc,task      ] GC(679) Using 4 workers of 4 for evacuation
[1548.738s][debug][gc,ref       ] GC(679) Skipped phase1 of Reference Processing due to unavailable references
[1548.738s][debug][gc,ref       ] GC(679) Skipped phase2 of Reference Processing due to unavailable references
[1548.738s][debug][gc,ref       ] GC(679) Skipped phase3 of Reference Processing due to unavailable references
[1548.738s][debug][gc,ref       ] GC(679) Skipped phase4 of Reference Processing due to unavailable references
[1548.738s][debug][gc,age       ] GC(679) Desired survivor size 15400960 bytes, new threshold 6 (max threshold 6)
[1548.738s][info ][gc,heap      ] GC(679) ParNew: 242463K->1372K(270976K)
[1548.738s][info ][gc,heap      ] GC(679) CMS: 375473K->375542K(602112K)
[1548.738s][info ][gc,metaspace ] GC(679) Metaspace: 63113K->63113K(1107968K)
[1548.738s][info ][gc           ] GC(679) Pause Young (Allocation Failure) 603M->368M(852M) 6.562ms
[1548.738s][info ][gc,cpu       ] GC(679) User=0.01s Sys=0.00s Real=0.00s
[1548.738s][info ][safepoint    ] Leaving safepoint region
[1548.738s][info ][safepoint    ] Total time for which application threads were stopped: 0.0067846 seconds, Stopping threads took: 0.0000347 seconds
[1549.738s][info ][safepoint    ] Application time: 1.0000918 seconds
[1549.738s][info ][safepoint    ] Entering safepoint region: Cleanup
[1549.738s][info ][safepoint    ] Leaving safepoint region
[1549.738s][info ][safepoint    ] Total time for which application threads were stopped: 0.0000815 seconds, Stopping threads took: 0.0000164 seconds
[1552.576s][info ][safepoint    ] Application time: 2.8375189 seconds
[1552.576s][info ][safepoint    ] Entering safepoint region: GenCollectForAllocation
[1552.576s][info ][gc,start     ] GC(680) Pause Young (Allocation Failure)
[1552.576s][info ][gc,task      ] GC(680) Using 4 workers of 4 for evacuation
[1552.580s][debug][gc,ref       ] GC(680) Skipped phase1 of Reference Processing due to unavailable references
[1552.580s][debug][gc,ref       ] GC(680) Skipped phase2 of Reference Processing due to unavailable references
[1552.580s][debug][gc,ref       ] GC(680) Skipped phase3 of Reference Processing due to unavailable references
[1552.580s][debug][gc,ref       ] GC(680) Skipped phase4 of Reference Processing due to unavailable references
[1552.580s][debug][gc,age       ] GC(680) Desired survivor size 15400960 bytes, new threshold 6 (max threshold 6)
[1552.580s][info ][gc,heap      ] GC(680) ParNew: 242268K->1551K(270976K)
[1552.580s][info ][gc,heap      ] GC(680) CMS: 375542K->375656K(602112K)
[1552.580s][info ][gc,metaspace ] GC(680) Metaspace: 63123K->63123K(1107968K)
[1552.580s][info ][gc           ] GC(680) Pause Young (Allocation Failure) 603M->368M(852M) 3.962ms
[1552.580s][info ][gc,cpu       ] GC(680) User=0.01s Sys=0.00s Real=0.01s
[1552.580s][info ][safepoint    ] Leaving safepoint region
[1552.580s][info ][safepoint    ] Total time for which application threads were stopped: 0.0042685 seconds, Stopping threads took: 0.0000505 seconds
[1556.321s][info ][safepoint    ] Application time: 3.7405471 seconds
[1556.321s][info ][safepoint    ] Entering safepoint region: GenCollectForAllocation
[1556.321s][info ][gc,start     ] GC(681) Pause Young (Allocation Failure)
[1556.321s][info ][gc,task      ] GC(681) Using 4 workers of 4 for evacuation
[1556.324s][debug][gc,ref       ] GC(681) Skipped phase1 of Reference Processing due to unavailable references
[1556.324s][debug][gc,ref       ] GC(681) Skipped phase2 of Reference Processing due to unavailable references
[1556.324s][debug][gc,ref       ] GC(681) Skipped phase3 of Reference Processing due to unavailable references
[1556.324s][debug][gc,ref       ] GC(681) Skipped phase4 of Reference Processing due to unavailable references
[1556.324s][debug][gc,age       ] GC(681) Desired survivor size 15400960 bytes, new threshold 6 (max threshold 6)
[1556.324s][info ][gc,heap      ] GC(681) ParNew: 242447K->1573K(270976K)
[1556.324s][info ][gc,heap      ] GC(681) CMS: 375656K->375716K(602112K)
[1556.324s][info ][gc,metaspace ] GC(681) Metaspace: 63123K->63123K(1107968K)
[1556.324s][info ][gc           ] GC(681) Pause Young (Allocation Failure) 603M->368M(852M) 3.264ms
[1556.324s][info ][gc,cpu       ] GC(681) User=0.00s Sys=0.00s Real=0.00s
[1556.324s][info ][safepoint    ] Leaving safepoint region
[1556.324s][info ][safepoint    ] Total time for which application threads were stopped: 0.0035814 seconds, Stopping threads took: 0.0000335 seconds
[1557.325s][info ][safepoint    ] Application time: 1.0001330 seconds
[1557.325s][info ][safepoint    ] Entering safepoint region: Cleanup
[1557.325s][info ][safepoint    ] Leaving safepoint region
[1557.325s][info ][safepoint    ] Total time for which application threads were stopped: 0.0006464 seconds, Stopping threads took: 0.0000721 seconds
[1560.222s][info ][safepoint    ] Application time: 2.8972088 seconds
[1560.222s][info ][safepoint    ] Entering safepoint region: GenCollectForAllocation
[1560.223s][info ][gc,start     ] GC(682) Pause Young (Allocation Failure)
[1560.223s][info ][gc,task      ] GC(682) Using 4 workers of 4 for evacuation
[1560.226s][debug][gc,ref       ] GC(682) Skipped phase1 of Reference Processing due to unavailable references
[1560.226s][debug][gc,ref       ] GC(682) Skipped phase2 of Reference Processing due to unavailable references
[1560.226s][debug][gc,ref       ] GC(682) Skipped phase3 of Reference Processing due to unavailable references
[1560.226s][debug][gc,ref       ] GC(682) Skipped phase4 of Reference Processing due to unavailable references
[1560.226s][debug][gc,age       ] GC(682) Desired survivor size 15400960 bytes, new threshold 6 (max threshold 6)
[1560.226s][info ][gc,heap      ] GC(682) ParNew: 242469K->1851K(270976K)
[1560.226s][info ][gc,heap      ] GC(682) CMS: 375716K->375827K(602112K)
[1560.226s][info ][gc,metaspace ] GC(682) Metaspace: 63123K->63123K(1107968K)
[1560.226s][info ][gc           ] GC(682) Pause Young (Allocation Failure) 603M->368M(852M) 3.246ms
[1560.226s][info ][gc,cpu       ] GC(682) User=0.01s Sys=0.00s Real=0.00s
[1560.226s][info ][safepoint    ] Leaving safepoint region
[1560.226s][info ][safepoint    ] Total time for which application threads were stopped: 0.0034074 seconds, Stopping threads took: 0.0000157 seconds
[1564.071s][info ][safepoint    ] Application time: 3.8454321 seconds
[1564.071s][info ][safepoint    ] Entering safepoint region: GenCollectForAllocation
[1564.071s][info ][gc,start     ] GC(683) Pause Young (Allocation Failure)
[1564.071s][info ][gc,task      ] GC(683) Using 4 workers of 4 for evacuation
[1564.075s][debug][gc,ref       ] GC(683) Skipped phase1 of Reference Processing due to unavailable references
[1564.075s][debug][gc,ref       ] GC(683) Skipped phase2 of Reference Processing due to unavailable references
[1564.075s][debug][gc,ref       ] GC(683) Skipped phase3 of Reference Processing due to unavailable references
[1564.075s][debug][gc,ref       ] GC(683) Skipped phase4 of Reference Processing due to unavailable references
[1564.075s][debug][gc,age       ] GC(683) Desired survivor size 15400960 bytes, new threshold 6 (max threshold 6)
[1564.075s][info ][gc,heap      ] GC(683) ParNew: 242747K->1476K(270976K)
[1564.075s][info ][gc,heap      ] GC(683) CMS: 375827K->376005K(602112K)
[1564.075s][info ][gc,metaspace ] GC(683) Metaspace: 63123K->63123K(1107968K)
[1564.075s][info ][gc           ] GC(683) Pause Young (Allocation Failure) 604M->368M(852M) 3.398ms
[1564.075s][info ][gc,cpu       ] GC(683) User=0.01s Sys=0.00s Real=0.00s
[1564.075s][info ][safepoint    ] Leaving safepoint region
[1564.075s][info ][safepoint    ] Total time for which application threads were stopped: 0.0035323 seconds, Stopping threads took: 0.0000167 seconds
[1567.819s][info ][safepoint    ] Application time: 3.7444373 seconds
[1567.819s][info ][safepoint    ] Entering safepoint region: GenCollectForAllocation
[1567.819s][info ][gc,start     ] GC(684) Pause Young (Allocation Failure)
[1567.820s][info ][gc,task      ] GC(684) Using 4 workers of 4 for evacuation
[1567.823s][debug][gc,ref       ] GC(684) Skipped phase1 of Reference Processing due to unavailable references
[1567.823s][debug][gc,ref       ] GC(684) Skipped phase2 of Reference Processing due to unavailable references
[1567.823s][debug][gc,ref       ] GC(684) Skipped phase3 of Reference Processing due to unavailable references
[1567.823s][debug][gc,ref       ] GC(684) Skipped phase4 of Reference Processing due to unavailable references
[1567.823s][debug][gc,age       ] GC(684) Desired survivor size 15400960 bytes, new threshold 6 (max threshold 6)
[1567.823s][info ][gc,heap      ] GC(684) ParNew: 242372K->1564K(270976K)
[1567.823s][info ][gc,heap      ] GC(684) CMS: 376005K->376115K(602112K)
[1567.823s][info ][gc,metaspace ] GC(684) Metaspace: 63123K->63123K(1107968K)
[1567.823s][info ][gc           ] GC(684) Pause Young (Allocation Failure) 603M->368M(852M) 3.961ms
[1567.823s][info ][gc,cpu       ] GC(684) User=0.01s Sys=0.01s Real=0.01s
[1567.823s][info ][safepoint    ] Leaving safepoint region
[1567.823s][info ][safepoint    ] Total time for which application threads were stopped: 0.0041491 seconds, Stopping threads took: 0.0000411 seconds
[1570.824s][info ][safepoint    ] Application time: 3.0002827 seconds
[1570.824s][info ][safepoint    ] Entering safepoint region: Cleanup
[1570.824s][info ][safepoint    ] Leaving safepoint region
[1570.824s][info ][safepoint    ] Total time for which application threads were stopped: 0.0001159 seconds, Stopping threads took: 0.0000422 seconds
[1571.622s][info ][safepoint    ] Application time: 0.7982934 seconds
[1571.622s][info ][safepoint    ] Entering safepoint region: GenCollectForAllocation
[1571.622s][info ][gc,start     ] GC(685) Pause Young (Allocation Failure)
[1571.622s][info ][gc,task      ] GC(685) Using 4 workers of 4 for evacuation
[1571.625s][debug][gc,ref       ] GC(685) Skipped phase1 of Reference Processing due to unavailable references
[1571.625s][debug][gc,ref       ] GC(685) Skipped phase2 of Reference Processing due to unavailable references
[1571.625s][debug][gc,ref       ] GC(685) Skipped phase3 of Reference Processing due to unavailable references
[1571.625s][debug][gc,ref       ] GC(685) Skipped phase4 of Reference Processing due to unavailable references
[1571.626s][debug][gc,age       ] GC(685) Desired survivor size 15400960 bytes, new threshold 6 (max threshold 6)
[1571.626s][info ][gc,heap      ] GC(685) ParNew: 242460K->1490K(270976K)
[1571.626s][info ][gc,heap      ] GC(685) CMS: 376115K->376342K(602112K)
[1571.626s][info ][gc,metaspace ] GC(685) Metaspace: 63123K->63123K(1107968K)
[1571.626s][info ][gc           ] GC(685) Pause Young (Allocation Failure) 604M->368M(852M) 3.377ms
[1571.626s][info ][gc,cpu       ] GC(685) User=0.01s Sys=0.00s Real=0.00s
[1571.626s][info ][safepoint    ] Leaving safepoint region
[1571.626s][info ][safepoint    ] Total time for which application threads were stopped: 0.0035272 seconds, Stopping threads took: 0.0000167 seconds
[1575.322s][info ][safepoint    ] Application time: 3.6961347 seconds
[1575.322s][info ][safepoint    ] Entering safepoint region: GenCollectForAllocation
[1575.322s][info ][gc,start     ] GC(686) Pause Young (Allocation Failure)
[1575.322s][info ][gc,task      ] GC(686) Using 4 workers of 4 for evacuation
[1575.325s][debug][gc,ref       ] GC(686) Skipped phase1 of Reference Processing due to unavailable references
[1575.325s][debug][gc,ref       ] GC(686) Skipped phase2 of Reference Processing due to unavailable references
[1575.325s][debug][gc,ref       ] GC(686) Skipped phase3 of Reference Processing due to unavailable references
[1575.325s][debug][gc,ref       ] GC(686) Skipped phase4 of Reference Processing due to unavailable references
[1575.325s][debug][gc,age       ] GC(686) Desired survivor size 15400960 bytes, new threshold 6 (max threshold 6)
[1575.325s][info ][gc,heap      ] GC(686) ParNew: 242386K->1372K(270976K)
[1575.325s][info ][gc,heap      ] GC(686) CMS: 376342K->376400K(602112K)
[1575.325s][info ][gc,metaspace ] GC(686) Metaspace: 63123K->63123K(1107968K)
[1575.325s][info ][gc           ] GC(686) Pause Young (Allocation Failure) 604M->368M(852M) 3.252ms
[1575.325s][info ][gc,cpu       ] GC(686) User=0.01s Sys=0.00s Real=0.00s
[1575.325s][info ][safepoint    ] Leaving safepoint region
[1575.325s][info ][safepoint    ] Total time for which application threads were stopped: 0.0034880 seconds, Stopping threads took: 0.0000349 seconds
[1579.077s][info ][safepoint    ] Application time: 3.7518665 seconds
[1579.077s][info ][safepoint    ] Entering safepoint region: GenCollectForAllocation
[1579.078s][info ][gc,start     ] GC(687) Pause Young (Allocation Failure)
[1579.078s][info ][gc,task      ] GC(687) Using 4 workers of 4 for evacuation
[1579.082s][debug][gc,ref       ] GC(687) Skipped phase1 of Reference Processing due to unavailable references
[1579.082s][debug][gc,ref       ] GC(687) Skipped phase2 of Reference Processing due to unavailable references
[1579.082s][debug][gc,ref       ] GC(687) Skipped phase3 of Reference Processing due to unavailable references
[1579.082s][debug][gc,ref       ] GC(687) Skipped phase4 of Reference Processing due to unavailable references
[1579.082s][debug][gc,age       ] GC(687) Desired survivor size 15400960 bytes, new threshold 6 (max threshold 6)
[1579.082s][info ][gc,heap      ] GC(687) ParNew: 242268K->1270K(270976K)
[1579.082s][info ][gc,heap      ] GC(687) CMS: 376400K->376557K(602112K)
[1579.082s][info ][gc,metaspace ] GC(687) Metaspace: 63123K->63123K(1107968K)
[1579.082s][info ][gc           ] GC(687) Pause Young (Allocation Failure) 604M->368M(852M) 4.187ms
[1579.082s][info ][gc,cpu       ] GC(687) User=0.02s Sys=0.00s Real=0.01s
[1579.082s][info ][safepoint    ] Leaving safepoint region
[1579.082s][info ][safepoint    ] Total time for which application threads were stopped: 0.0044926 seconds, Stopping threads took: 0.0000659 seconds
[1581.619s][info ][safepoint    ] Application time: 2.5366765 seconds
[1581.619s][info ][safepoint    ] Entering safepoint region: RevokeBias
[1581.619s][info ][safepoint    ] Leaving safepoint region
[1581.619s][info ][safepoint    ] Total time for which application threads were stopped: 0.0001782 seconds, Stopping threads took: 0.0000541 seconds
[1582.977s][info ][safepoint    ] Application time: 1.3579495 seconds
[1582.977s][info ][safepoint    ] Entering safepoint region: GenCollectForAllocation
[1582.977s][info ][gc,start     ] GC(688) Pause Young (Allocation Failure)
[1582.977s][info ][gc,task      ] GC(688) Using 4 workers of 4 for evacuation
[1582.980s][debug][gc,ref       ] GC(688) Skipped phase1 of Reference Processing due to unavailable references
[1582.980s][debug][gc,ref       ] GC(688) Skipped phase2 of Reference Processing due to unavailable references
[1582.980s][debug][gc,ref       ] GC(688) Skipped phase3 of Reference Processing due to unavailable references
[1582.980s][debug][gc,ref       ] GC(688) Skipped phase4 of Reference Processing due to unavailable references
[1582.980s][debug][gc,age       ] GC(688) Desired survivor size 15400960 bytes, new threshold 6 (max threshold 6)
[1582.980s][info ][gc,heap      ] GC(688) ParNew: 242166K->1096K(270976K)
[1582.980s][info ][gc,heap      ] GC(688) CMS: 376557K->376670K(602112K)
[1582.980s][info ][gc,metaspace ] GC(688) Metaspace: 63123K->63123K(1107968K)
[1582.980s][info ][gc           ] GC(688) Pause Young (Allocation Failure) 604M->368M(852M) 3.085ms
[1582.980s][info ][gc,cpu       ] GC(688) User=0.01s Sys=0.00s Real=0.00s
[1582.980s][info ][safepoint    ] Leaving safepoint region
[1582.980s][info ][safepoint    ] Total time for which application threads were stopped: 0.0032266 seconds, Stopping threads took: 0.0000167 seconds
[1586.677s][info ][safepoint    ] Application time: 3.6972433 seconds
[1586.677s][info ][safepoint    ] Entering safepoint region: GenCollectForAllocation
[1586.677s][info ][gc,start     ] GC(689) Pause Young (Allocation Failure)
[1586.677s][info ][gc,task      ] GC(689) Using 4 workers of 4 for evacuation
[1586.680s][debug][gc,ref       ] GC(689) Skipped phase1 of Reference Processing due to unavailable references
[1586.680s][debug][gc,ref       ] GC(689) Skipped phase2 of Reference Processing due to unavailable references
[1586.680s][debug][gc,ref       ] GC(689) Skipped phase3 of Reference Processing due to unavailable references
[1586.680s][debug][gc,ref       ] GC(689) Skipped phase4 of Reference Processing due to unavailable references
[1586.681s][debug][gc,age       ] GC(689) Desired survivor size 15400960 bytes, new threshold 6 (max threshold 6)
[1586.681s][info ][gc,heap      ] GC(689) ParNew: 241992K->1381K(270976K)
[1586.681s][info ][gc,heap      ] GC(689) CMS: 376670K->376880K(602112K)
[1586.681s][info ][gc,metaspace ] GC(689) Metaspace: 63128K->63128K(1107968K)
[1586.681s][info ][gc           ] GC(689) Pause Young (Allocation Failure) 604M->369M(852M) 3.256ms
[1586.681s][info ][gc,cpu       ] GC(689) User=0.01s Sys=0.00s Real=0.01s
[1586.681s][info ][safepoint    ] Leaving safepoint region
[1586.681s][info ][safepoint    ] Total time for which application threads were stopped: 0.0034218 seconds, Stopping threads took: 0.0000187 seconds
[1590.373s][info ][safepoint    ] Application time: 3.6923853 seconds
[1590.373s][info ][safepoint    ] Entering safepoint region: GenCollectForAllocation
[1590.373s][info ][gc,start     ] GC(690) Pause Young (Allocation Failure)
[1590.373s][info ][gc,task      ] GC(690) Using 4 workers of 4 for evacuation
[1590.376s][debug][gc,ref       ] GC(690) Skipped phase1 of Reference Processing due to unavailable references
[1590.376s][debug][gc,ref       ] GC(690) Skipped phase2 of Reference Processing due to unavailable references
[1590.376s][debug][gc,ref       ] GC(690) Skipped phase3 of Reference Processing due to unavailable references
[1590.376s][debug][gc,ref       ] GC(690) Skipped phase4 of Reference Processing due to unavailable references
[1590.376s][debug][gc,age       ] GC(690) Desired survivor size 15400960 bytes, new threshold 6 (max threshold 6)
[1590.376s][info ][gc,heap      ] GC(690) ParNew: 242277K->1276K(270976K)
[1590.376s][info ][gc,heap      ] GC(690) CMS: 376880K->376949K(602112K)
[1590.376s][info ][gc,metaspace ] GC(690) Metaspace: 63128K->63128K(1107968K)
[1590.376s][info ][gc           ] GC(690) Pause Young (Allocation Failure) 604M->369M(852M) 3.273ms
[1590.377s][info ][gc,cpu       ] GC(690) User=0.01s Sys=0.00s Real=0.00s
[1590.377s][info ][safepoint    ] Leaving safepoint region
[1590.377s][info ][safepoint    ] Total time for which application threads were stopped: 0.0034136 seconds, Stopping threads took: 0.0000157 seconds
[1593.974s][info ][safepoint    ] Application time: 3.5978100 seconds
[1593.974s][info ][safepoint    ] Entering safepoint region: GenCollectForAllocation
[1593.975s][info ][gc,start     ] GC(691) Pause Young (Allocation Failure)
[1593.975s][info ][gc,task      ] GC(691) Using 4 workers of 4 for evacuation
[1593.977s][debug][gc,ref       ] GC(691) Skipped phase1 of Reference Processing due to unavailable references
[1593.977s][debug][gc,ref       ] GC(691) Skipped phase2 of Reference Processing due to unavailable references
[1593.977s][debug][gc,ref       ] GC(691) Skipped phase3 of Reference Processing due to unavailable references
[1593.977s][debug][gc,ref       ] GC(691) Skipped phase4 of Reference Processing due to unavailable references
[1593.978s][debug][gc,age       ] GC(691) Desired survivor size 15400960 bytes, new threshold 6 (max threshold 6)
[1593.978s][info ][gc,heap      ] GC(691) ParNew: 242172K->1683K(270976K)
[1593.978s][info ][gc,heap      ] GC(691) CMS: 376949K->376971K(602112K)
[1593.978s][info ][gc,metaspace ] GC(691) Metaspace: 63128K->63128K(1107968K)
[1593.978s][info ][gc           ] GC(691) Pause Young (Allocation Failure) 604M->369M(852M) 3.295ms
[1593.978s][info ][gc,cpu       ] GC(691) User=0.01s Sys=0.00s Real=0.00s
[1593.978s][info ][safepoint    ] Leaving safepoint region
[1593.978s][info ][safepoint    ] Total time for which application threads were stopped: 0.0034657 seconds, Stopping threads took: 0.0000178 seconds
[1597.478s][info ][safepoint    ] Application time: 3.5005088 seconds
[1597.478s][info ][safepoint    ] Entering safepoint region: GenCollectForAllocation
[1597.479s][info ][gc,start     ] GC(692) Pause Young (Allocation Failure)
[1597.479s][info ][gc,task      ] GC(692) Using 4 workers of 4 for evacuation
[1597.481s][debug][gc,ref       ] GC(692) Skipped phase1 of Reference Processing due to unavailable references
[1597.481s][debug][gc,ref       ] GC(692) Skipped phase2 of Reference Processing due to unavailable references
[1597.481s][debug][gc,ref       ] GC(692) Skipped phase3 of Reference Processing due to unavailable references
[1597.481s][debug][gc,ref       ] GC(692) Skipped phase4 of Reference Processing due to unavailable references
[1597.481s][debug][gc,age       ] GC(692) Desired survivor size 15400960 bytes, new threshold 6 (max threshold 6)
[1597.481s][info ][gc,heap      ] GC(692) ParNew: 242579K->1751K(270976K)
[1597.481s][info ][gc,heap      ] GC(692) CMS: 376971K->377001K(602112K)
[1597.481s][info ][gc,metaspace ] GC(692) Metaspace: 63128K->63128K(1107968K)
[1597.481s][info ][gc           ] GC(692) Pause Young (Allocation Failure) 605M->369M(852M) 2.884ms
[1597.481s][info ][gc,cpu       ] GC(692) User=0.01s Sys=0.00s Real=0.01s
[1597.481s][info ][safepoint    ] Leaving safepoint region
[1597.481s][info ][safepoint    ] Total time for which application threads were stopped: 0.0030520 seconds, Stopping threads took: 0.0000177 seconds
[1600.482s][info ][safepoint    ] Application time: 3.0002685 seconds
[1600.482s][info ][safepoint    ] Entering safepoint region: Cleanup
[1600.482s][info ][safepoint    ] Leaving safepoint region
[1600.482s][info ][safepoint    ] Total time for which application threads were stopped: 0.0001907 seconds, Stopping threads took: 0.0000520 seconds
[1600.869s][info ][safepoint    ] Application time: 0.3872443 seconds
[1600.869s][info ][safepoint    ] Entering safepoint region: GenCollectForAllocation
[1600.869s][info ][gc,start     ] GC(693) Pause Young (Allocation Failure)
[1600.869s][info ][gc,task      ] GC(693) Using 4 workers of 4 for evacuation
[1600.873s][debug][gc,ref       ] GC(693) Skipped phase1 of Reference Processing due to unavailable references
[1600.873s][debug][gc,ref       ] GC(693) Skipped phase2 of Reference Processing due to unavailable references
[1600.873s][debug][gc,ref       ] GC(693) Skipped phase3 of Reference Processing due to unavailable references
[1600.873s][debug][gc,ref       ] GC(693) Skipped phase4 of Reference Processing due to unavailable references
[1600.873s][debug][gc,age       ] GC(693) Desired survivor size 15400960 bytes, new threshold 6 (max threshold 6)
[1600.873s][info ][gc,heap      ] GC(693) ParNew: 242647K->1871K(270976K)
[1600.873s][info ][gc,heap      ] GC(693) CMS: 377001K->377136K(602112K)
[1600.873s][info ][gc,metaspace ] GC(693) Metaspace: 63128K->63128K(1107968K)
[1600.873s][info ][gc           ] GC(693) Pause Young (Allocation Failure) 605M->370M(852M) 3.579ms
[1600.873s][info ][gc,cpu       ] GC(693) User=0.02s Sys=0.00s Real=0.00s
[1600.873s][info ][safepoint    ] Leaving safepoint region
[1600.873s][info ][safepoint    ] Total time for which application threads were stopped: 0.0037999 seconds, Stopping threads took: 0.0000411 seconds
[1602.873s][info ][safepoint    ] Application time: 2.0002422 seconds
[1602.873s][info ][safepoint    ] Entering safepoint region: Cleanup
[1602.874s][info ][safepoint    ] Leaving safepoint region
[1602.874s][info ][safepoint    ] Total time for which application threads were stopped: 0.0002295 seconds, Stopping threads took: 0.0000863 seconds
[1604.322s][info ][safepoint    ] Application time: 1.4487293 seconds
[1604.322s][info ][safepoint    ] Entering safepoint region: GenCollectForAllocation
[1604.322s][info ][gc,start     ] GC(694) Pause Young (Allocation Failure)
[1604.323s][info ][gc,task      ] GC(694) Using 4 workers of 4 for evacuation
[1604.326s][debug][gc,ref       ] GC(694) Skipped phase1 of Reference Processing due to unavailable references
[1604.326s][debug][gc,ref       ] GC(694) Skipped phase2 of Reference Processing due to unavailable references
[1604.326s][debug][gc,ref       ] GC(694) Skipped phase3 of Reference Processing due to unavailable references
[1604.326s][debug][gc,ref       ] GC(694) Skipped phase4 of Reference Processing due to unavailable references
[1604.327s][debug][gc,age       ] GC(694) Desired survivor size 15400960 bytes, new threshold 6 (max threshold 6)
[1604.327s][info ][gc,heap      ] GC(694) ParNew: 242767K->2579K(270976K)
[1604.327s][info ][gc,heap      ] GC(694) CMS: 377136K->377191K(602112K)
[1604.327s][info ][gc,metaspace ] GC(694) Metaspace: 63128K->63128K(1107968K)
[1604.327s][info ][gc           ] GC(694) Pause Young (Allocation Failure) 605M->370M(852M) 4.113ms
[1604.327s][info ][gc,cpu       ] GC(694) User=0.01s Sys=0.01s Real=0.00s
[1604.327s][info ][safepoint    ] Leaving safepoint region
[1604.327s][info ][safepoint    ] Total time for which application threads were stopped: 0.0042812 seconds, Stopping threads took: 0.0000414 seconds
[1607.823s][info ][safepoint    ] Application time: 3.4960465 seconds
[1607.823s][info ][safepoint    ] Entering safepoint region: GenCollectForAllocation
[1607.823s][info ][gc,start     ] GC(695) Pause Young (Allocation Failure)
[1607.823s][info ][gc,task      ] GC(695) Using 4 workers of 4 for evacuation
[1607.827s][debug][gc,ref       ] GC(695) Skipped phase1 of Reference Processing due to unavailable references
[1607.827s][debug][gc,ref       ] GC(695) Skipped phase2 of Reference Processing due to unavailable references
[1607.827s][debug][gc,ref       ] GC(695) Skipped phase3 of Reference Processing due to unavailable references
[1607.827s][debug][gc,ref       ] GC(695) Skipped phase4 of Reference Processing due to unavailable references
[1607.827s][debug][gc,age       ] GC(695) Desired survivor size 15400960 bytes, new threshold 6 (max threshold 6)
[1607.827s][info ][gc,heap      ] GC(695) ParNew: 243475K->1576K(270976K)
[1607.827s][info ][gc,heap      ] GC(695) CMS: 377191K->377491K(602112K)
[1607.827s][info ][gc,metaspace ] GC(695) Metaspace: 63128K->63128K(1107968K)
[1607.827s][info ][gc           ] GC(695) Pause Young (Allocation Failure) 606M->370M(852M) 3.994ms
[1607.827s][info ][gc,cpu       ] GC(695) User=0.01s Sys=0.00s Real=0.00s
[1607.827s][info ][safepoint    ] Leaving safepoint region
[1607.827s][info ][safepoint    ] Total time for which application threads were stopped: 0.0041405 seconds, Stopping threads took: 0.0000153 seconds
[1611.327s][info ][safepoint    ] Application time: 3.5003467 seconds
[1611.327s][info ][safepoint    ] Entering safepoint region: GenCollectForAllocation
[1611.327s][info ][gc,start     ] GC(696) Pause Young (Allocation Failure)
[1611.327s][info ][gc,task      ] GC(696) Using 4 workers of 4 for evacuation
[1611.330s][debug][gc,ref       ] GC(696) Skipped phase1 of Reference Processing due to unavailable references
[1611.330s][debug][gc,ref       ] GC(696) Skipped phase2 of Reference Processing due to unavailable references
[1611.330s][debug][gc,ref       ] GC(696) Skipped phase3 of Reference Processing due to unavailable references
[1611.330s][debug][gc,ref       ] GC(696) Skipped phase4 of Reference Processing due to unavailable references
[1611.330s][debug][gc,age       ] GC(696) Desired survivor size 15400960 bytes, new threshold 6 (max threshold 6)
[1611.330s][info ][gc,heap      ] GC(696) ParNew: 242472K->1518K(270976K)
[1611.330s][info ][gc,heap      ] GC(696) CMS: 377491K->377692K(602112K)
[1611.330s][info ][gc,metaspace ] GC(696) Metaspace: 63128K->63128K(1107968K)
[1611.330s][info ][gc           ] GC(696) Pause Young (Allocation Failure) 605M->370M(852M) 2.871ms
[1611.330s][info ][gc,cpu       ] GC(696) User=0.01s Sys=0.00s Real=0.01s
[1611.330s][info ][safepoint    ] Leaving safepoint region
[1611.330s][info ][safepoint    ] Total time for which application threads were stopped: 0.0030301 seconds, Stopping threads took: 0.0000308 seconds
[1614.814s][info ][safepoint    ] Application time: 3.4841161 seconds
[1614.814s][info ][safepoint    ] Entering safepoint region: GenCollectForAllocation
[1614.815s][info ][gc,start     ] GC(697) Pause Young (Allocation Failure)
[1614.815s][info ][gc,task      ] GC(697) Using 4 workers of 4 for evacuation
[1614.817s][debug][gc,ref       ] GC(697) Skipped phase1 of Reference Processing due to unavailable references
[1614.817s][debug][gc,ref       ] GC(697) Skipped phase2 of Reference Processing due to unavailable references
[1614.817s][debug][gc,ref       ] GC(697) Skipped phase3 of Reference Processing due to unavailable references
[1614.817s][debug][gc,ref       ] GC(697) Skipped phase4 of Reference Processing due to unavailable references
[1614.817s][debug][gc,age       ] GC(697) Desired survivor size 15400960 bytes, new threshold 6 (max threshold 6)
[1614.817s][info ][gc,heap      ] GC(697) ParNew: 242414K->1404K(270976K)
[1614.817s][info ][gc,heap      ] GC(697) CMS: 377692K->377813K(602112K)
[1614.817s][info ][gc,metaspace ] GC(697) Metaspace: 63128K->63128K(1107968K)
[1614.818s][info ][gc           ] GC(697) Pause Young (Allocation Failure) 605M->370M(852M) 2.904ms
[1614.818s][info ][gc,cpu       ] GC(697) User=0.01s Sys=0.00s Real=0.00s
[1614.818s][info ][safepoint    ] Leaving safepoint region
[1614.818s][info ][safepoint    ] Total time for which application threads were stopped: 0.0031056 seconds, Stopping threads took: 0.0000568 seconds
[1615.818s][info ][safepoint    ] Application time: 1.0001347 seconds
[1615.818s][info ][safepoint    ] Entering safepoint region: Cleanup
[1615.818s][info ][safepoint    ] Leaving safepoint region
[1615.818s][info ][safepoint    ] Total time for which application threads were stopped: 0.0002371 seconds, Stopping threads took: 0.0001538 seconds
[1618.119s][info ][safepoint    ] Application time: 2.3014177 seconds
[1618.119s][info ][safepoint    ] Entering safepoint region: GenCollectForAllocation
[1618.120s][info ][gc,start     ] GC(698) Pause Young (Allocation Failure)
[1618.120s][info ][gc,task      ] GC(698) Using 4 workers of 4 for evacuation
[1618.124s][debug][gc,ref       ] GC(698) Skipped phase1 of Reference Processing due to unavailable references
[1618.124s][debug][gc,ref       ] GC(698) Skipped phase3 of Reference Processing due to unavailable references
[1618.124s][debug][gc,age       ] GC(698) Desired survivor size 15400960 bytes, new threshold 6 (max threshold 6)
[1618.124s][info ][gc,heap      ] GC(698) ParNew: 242300K->5228K(270976K)
[1618.124s][info ][gc,heap      ] GC(698) CMS: 377813K->378002K(602112K)
[1618.124s][info ][gc,metaspace ] GC(698) Metaspace: 63128K->63128K(1107968K)
[1618.124s][info ][gc           ] GC(698) Pause Young (Allocation Failure) 605M->374M(852M) 4.324ms
[1618.124s][info ][gc,cpu       ] GC(698) User=0.02s Sys=0.00s Real=0.01s
[1618.124s][info ][safepoint    ] Leaving safepoint region
[1618.124s][info ][safepoint    ] Total time for which application threads were stopped: 0.0045053 seconds, Stopping threads took: 0.0000359 seconds
[1620.124s][info ][safepoint    ] Application time: 2.0002018 seconds
[1620.124s][info ][safepoint    ] Entering safepoint region: Cleanup
[1620.124s][info ][safepoint    ] Leaving safepoint region
[1620.124s][info ][safepoint    ] Total time for which application threads were stopped: 0.0001900 seconds, Stopping threads took: 0.0001114 seconds
[1621.319s][info ][safepoint    ] Application time: 1.1951146 seconds
[1621.320s][info ][safepoint    ] Entering safepoint region: GenCollectForAllocation
[1621.320s][info ][gc,start     ] GC(699) Pause Young (Allocation Failure)
[1621.320s][info ][gc,task      ] GC(699) Using 4 workers of 4 for evacuation
[1621.324s][debug][gc,ref       ] GC(699) Skipped phase1 of Reference Processing due to unavailable references
[1621.324s][debug][gc,ref       ] GC(699) Skipped phase3 of Reference Processing due to unavailable references
[1621.324s][debug][gc,age       ] GC(699) Desired survivor size 15400960 bytes, new threshold 6 (max threshold 6)
[1621.324s][info ][gc,heap      ] GC(699) ParNew: 246124K->7892K(270976K)
[1621.324s][info ][gc,heap      ] GC(699) CMS: 378002K->378085K(602112K)
[1621.324s][info ][gc,metaspace ] GC(699) Metaspace: 63137K->63137K(1107968K)
[1621.324s][info ][gc           ] GC(699) Pause Young (Allocation Failure) 609M->376M(852M) 4.302ms
[1621.324s][info ][gc,cpu       ] GC(699) User=0.00s Sys=0.00s Real=0.01s
[1621.324s][info ][safepoint    ] Leaving safepoint region
[1621.324s][info ][safepoint    ] Total time for which application threads were stopped: 0.0045380 seconds, Stopping threads took: 0.0000333 seconds
[1625.022s][info ][safepoint    ] Application time: 3.6981842 seconds
[1625.022s][info ][safepoint    ] Entering safepoint region: GenCollectForAllocation
[1625.022s][info ][gc,start     ] GC(700) Pause Young (Allocation Failure)
[1625.023s][info ][gc,task      ] GC(700) Using 4 workers of 4 for evacuation
[1625.027s][debug][gc,ref       ] GC(700) Skipped phase1 of Reference Processing due to unavailable references
[1625.027s][debug][gc,ref       ] GC(700) Skipped phase3 of Reference Processing due to unavailable references
[1625.028s][debug][gc,age       ] GC(700) Desired survivor size 15400960 bytes, new threshold 6 (max threshold 6)
[1625.028s][info ][gc,heap      ] GC(700) ParNew: 248788K->7800K(270976K)
[1625.028s][info ][gc,heap      ] GC(700) CMS: 378085K->378219K(602112K)
[1625.028s][info ][gc,metaspace ] GC(700) Metaspace: 63137K->63137K(1107968K)
[1625.028s][info ][gc           ] GC(700) Pause Young (Allocation Failure) 612M->376M(852M) 5.142ms
[1625.028s][info ][gc,cpu       ] GC(700) User=0.02s Sys=0.00s Real=0.00s
[1625.028s][info ][safepoint    ] Leaving safepoint region
[1625.028s][info ][safepoint    ] Total time for which application threads were stopped: 0.0054211 seconds, Stopping threads took: 0.0000667 seconds
[1627.030s][info ][safepoint    ] Application time: 2.0025661 seconds
[1627.031s][info ][safepoint    ] Entering safepoint region: Cleanup
[1627.031s][info ][safepoint    ] Leaving safepoint region
[1627.031s][info ][safepoint    ] Total time for which application threads were stopped: 0.0005144 seconds, Stopping threads took: 0.0004234 seconds
[1628.825s][info ][safepoint    ] Application time: 1.7945282 seconds
[1628.825s][info ][safepoint    ] Entering safepoint region: GenCollectForAllocation
[1628.826s][info ][gc,start     ] GC(701) Pause Young (Allocation Failure)
[1628.826s][info ][gc,task      ] GC(701) Using 4 workers of 4 for evacuation
[1628.829s][debug][gc,ref       ] GC(701) Skipped phase1 of Reference Processing due to unavailable references
[1628.829s][debug][gc,ref       ] GC(701) Skipped phase3 of Reference Processing due to unavailable references
[1628.829s][debug][gc,age       ] GC(701) Desired survivor size 15400960 bytes, new threshold 6 (max threshold 6)
[1628.829s][info ][gc,heap      ] GC(701) ParNew: 248696K->8320K(270976K)
[1628.829s][info ][gc,heap      ] GC(701) CMS: 378219K->378272K(602112K)
[1628.829s][info ][gc,metaspace ] GC(701) Metaspace: 63139K->63139K(1107968K)
[1628.829s][info ][gc           ] GC(701) Pause Young (Allocation Failure) 612M->377M(852M) 3.929ms
[1628.829s][info ][gc,cpu       ] GC(701) User=0.02s Sys=0.00s Real=0.01s
[1628.829s][info ][safepoint    ] Leaving safepoint region
[1628.829s][info ][safepoint    ] Total time for which application threads were stopped: 0.0041104 seconds, Stopping threads took: 0.0000375 seconds
[1632.623s][info ][safepoint    ] Application time: 3.7931178 seconds
[1632.623s][info ][safepoint    ] Entering safepoint region: GenCollectForAllocation
[1632.623s][info ][gc,start     ] GC(702) Pause Young (Allocation Failure)
[1632.623s][info ][gc,task      ] GC(702) Using 4 workers of 4 for evacuation
[1632.627s][debug][gc,ref       ] GC(702) Skipped phase1 of Reference Processing due to unavailable references
[1632.627s][debug][gc,ref       ] GC(702) Skipped phase3 of Reference Processing due to unavailable references
[1632.627s][debug][gc,age       ] GC(702) Desired survivor size 15400960 bytes, new threshold 6 (max threshold 6)
[1632.627s][info ][gc,heap      ] GC(702) ParNew: 249216K->7038K(270976K)
[1632.627s][info ][gc,heap      ] GC(702) CMS: 378272K->378303K(602112K)
[1632.627s][info ][gc,metaspace ] GC(702) Metaspace: 63139K->63139K(1107968K)
[1632.627s][info ][gc           ] GC(702) Pause Young (Allocation Failure) 612M->376M(852M) 4.723ms
[1632.627s][info ][gc,cpu       ] GC(702) User=0.01s Sys=0.00s Real=0.00s
[1632.628s][info ][safepoint    ] Leaving safepoint region
[1632.628s][info ][safepoint    ] Total time for which application threads were stopped: 0.0048797 seconds, Stopping threads took: 0.0000165 seconds
[1634.628s][info ][safepoint    ] Application time: 2.0001703 seconds
[1634.628s][info ][safepoint    ] Entering safepoint region: Cleanup
[1634.628s][info ][safepoint    ] Leaving safepoint region
[1634.628s][info ][safepoint    ] Total time for which application threads were stopped: 0.0000776 seconds, Stopping threads took: 0.0000192 seconds
[1636.369s][info ][safepoint    ] Application time: 1.7411104 seconds
[1636.369s][info ][safepoint    ] Entering safepoint region: GenCollectForAllocation
[1636.369s][info ][gc,start     ] GC(703) Pause Young (Allocation Failure)
[1636.369s][info ][gc,task      ] GC(703) Using 4 workers of 4 for evacuation
[1636.373s][debug][gc,ref       ] GC(703) Skipped phase1 of Reference Processing due to unavailable references
[1636.373s][debug][gc,ref       ] GC(703) Skipped phase3 of Reference Processing due to unavailable references
[1636.373s][debug][gc,age       ] GC(703) Desired survivor size 15400960 bytes, new threshold 6 (max threshold 6)
[1636.373s][info ][gc,heap      ] GC(703) ParNew: 247934K->8661K(270976K)
[1636.373s][info ][gc,heap      ] GC(703) CMS: 378303K->378414K(602112K)
[1636.373s][info ][gc,metaspace ] GC(703) Metaspace: 63139K->63139K(1107968K)
[1636.373s][info ][gc           ] GC(703) Pause Young (Allocation Failure) 611M->378M(852M) 4.056ms
[1636.373s][info ][gc,cpu       ] GC(703) User=0.01s Sys=0.00s Real=0.00s
[1636.373s][info ][safepoint    ] Leaving safepoint region
[1636.373s][info ][safepoint    ] Total time for which application threads were stopped: 0.0042343 seconds, Stopping threads took: 0.0000422 seconds
[1640.171s][info ][safepoint    ] Application time: 3.7976558 seconds
[1640.171s][info ][safepoint    ] Entering safepoint region: GenCollectForAllocation
[1640.171s][info ][gc,start     ] GC(704) Pause Young (Allocation Failure)
[1640.171s][info ][gc,task      ] GC(704) Using 4 workers of 4 for evacuation
[1640.183s][debug][gc,ref       ] GC(704) Skipped phase1 of Reference Processing due to unavailable references
[1640.183s][debug][gc,ref       ] GC(704) Skipped phase2 of Reference Processing due to unavailable references
[1640.183s][debug][gc,ref       ] GC(704) Skipped phase3 of Reference Processing due to unavailable references
[1640.183s][debug][gc,ref       ] GC(704) Skipped phase4 of Reference Processing due to unavailable references
[1640.183s][debug][gc,age       ] GC(704) Desired survivor size 15400960 bytes, new threshold 6 (max threshold 6)
[1640.183s][info ][gc,heap      ] GC(704) ParNew: 249557K->8680K(270976K)
[1640.183s][info ][gc,heap      ] GC(704) CMS: 378414K->380495K(602112K)
[1640.183s][info ][gc,metaspace ] GC(704) Metaspace: 63139K->63139K(1107968K)
[1640.183s][info ][gc           ] GC(704) Pause Young (Allocation Failure) 613M->380M(852M) 12.008ms
[1640.183s][info ][gc,cpu       ] GC(704) User=0.02s Sys=0.00s Real=0.01s
[1640.183s][info ][safepoint    ] Leaving safepoint region
[1640.183s][info ][safepoint    ] Total time for which application threads were stopped: 0.0121754 seconds, Stopping threads took: 0.0000172 seconds
[1641.183s][info ][safepoint    ] Application time: 1.0001036 seconds
[1641.183s][info ][safepoint    ] Entering safepoint region: Cleanup
[1641.183s][info ][safepoint    ] Leaving safepoint region
[1641.183s][info ][safepoint    ] Total time for which application threads were stopped: 0.0001061 seconds, Stopping threads took: 0.0000226 seconds
[1642.183s][info ][safepoint    ] Application time: 1.0000928 seconds
[1642.184s][info ][safepoint    ] Entering safepoint region: Cleanup
[1642.184s][info ][safepoint    ] Leaving safepoint region
[1642.184s][info ][safepoint    ] Total time for which application threads were stopped: 0.0001118 seconds, Stopping threads took: 0.0000293 seconds
[1643.184s][info ][safepoint    ] Application time: 1.0000856 seconds
[1643.184s][info ][safepoint    ] Entering safepoint region: Cleanup
[1643.184s][info ][safepoint    ] Leaving safepoint region
[1643.184s][info ][safepoint    ] Total time for which application threads were stopped: 0.0001425 seconds, Stopping threads took: 0.0000619 seconds
[1643.920s][info ][safepoint    ] Application time: 0.7365343 seconds
[1643.920s][info ][safepoint    ] Entering safepoint region: GenCollectForAllocation
[1643.921s][info ][gc,start     ] GC(705) Pause Young (Allocation Failure)
[1643.921s][info ][gc,task      ] GC(705) Using 4 workers of 4 for evacuation
[1643.927s][debug][gc,ref       ] GC(705) Skipped phase1 of Reference Processing due to unavailable references
[1643.927s][debug][gc,ref       ] GC(705) Skipped phase2 of Reference Processing due to unavailable references
[1643.927s][debug][gc,ref       ] GC(705) Skipped phase3 of Reference Processing due to unavailable references
[1643.927s][debug][gc,ref       ] GC(705) Skipped phase4 of Reference Processing due to unavailable references
[1643.927s][debug][gc,age       ] GC(705) Desired survivor size 15400960 bytes, new threshold 6 (max threshold 6)
[1643.927s][info ][gc,heap      ] GC(705) ParNew: 249576K->2883K(270976K)
[1643.927s][info ][gc,heap      ] GC(705) CMS: 380495K->383624K(602112K)
[1643.927s][info ][gc,metaspace ] GC(705) Metaspace: 63143K->63143K(1107968K)
[1643.927s][info ][gc           ] GC(705) Pause Young (Allocation Failure) 615M->377M(852M) 6.265ms
[1643.927s][info ][gc,cpu       ] GC(705) User=0.02s Sys=0.00s Real=0.00s
[1643.927s][info ][safepoint    ] Leaving safepoint region
[1643.927s][info ][safepoint    ] Total time for which application threads were stopped: 0.0064208 seconds, Stopping threads took: 0.0000165 seconds
[1646.927s][info ][safepoint    ] Application time: 3.0002832 seconds
[1646.930s][info ][safepoint    ] Entering safepoint region: Cleanup
[1646.930s][info ][safepoint    ] Leaving safepoint region
[1646.930s][info ][safepoint    ] Total time for which application threads were stopped: 0.0031885 seconds, Stopping threads took: 0.0030553 seconds
[1647.669s][info ][safepoint    ] Application time: 0.7387893 seconds
[1647.669s][info ][safepoint    ] Entering safepoint region: GenCollectForAllocation
[1647.669s][info ][gc,start     ] GC(706) Pause Young (Allocation Failure)
[1647.669s][info ][gc,task      ] GC(706) Using 4 workers of 4 for evacuation
[1647.672s][debug][gc,ref       ] GC(706) Skipped phase1 of Reference Processing due to unavailable references
[1647.672s][debug][gc,ref       ] GC(706) Skipped phase2 of Reference Processing due to unavailable references
[1647.672s][debug][gc,ref       ] GC(706) Skipped phase3 of Reference Processing due to unavailable references
[1647.672s][debug][gc,ref       ] GC(706) Skipped phase4 of Reference Processing due to unavailable references
[1647.673s][debug][gc,age       ] GC(706) Desired survivor size 15400960 bytes, new threshold 6 (max threshold 6)
[1647.673s][info ][gc,heap      ] GC(706) ParNew: 243779K->1241K(270976K)
[1647.673s][info ][gc,heap      ] GC(706) CMS: 383624K->383646K(602112K)
[1647.673s][info ][gc,metaspace ] GC(706) Metaspace: 63143K->63143K(1107968K)
[1647.673s][info ][gc           ] GC(706) Pause Young (Allocation Failure) 612M->375M(852M) 3.203ms
[1647.673s][info ][gc,cpu       ] GC(706) User=0.01s Sys=0.00s Real=0.00s
[1647.673s][info ][safepoint    ] Leaving safepoint region
[1647.673s][info ][safepoint    ] Total time for which application threads were stopped: 0.0034125 seconds, Stopping threads took: 0.0000522 seconds
[1648.673s][info ][safepoint    ] Application time: 1.0001297 seconds
[1648.673s][info ][safepoint    ] Entering safepoint region: Cleanup
[1648.673s][info ][safepoint    ] Leaving safepoint region
[1648.673s][info ][safepoint    ] Total time for which application threads were stopped: 0.0001452 seconds, Stopping threads took: 0.0000631 seconds
[1651.281s][info ][safepoint    ] Application time: 2.6077797 seconds
[1651.281s][info ][safepoint    ] Entering safepoint region: GenCollectForAllocation
[1651.281s][info ][gc,start     ] GC(707) Pause Young (Allocation Failure)
[1651.281s][info ][gc,task      ] GC(707) Using 4 workers of 4 for evacuation
[1651.285s][debug][gc,ref       ] GC(707) Skipped phase1 of Reference Processing due to unavailable references
[1651.285s][debug][gc,ref       ] GC(707) Skipped phase2 of Reference Processing due to unavailable references
[1651.285s][debug][gc,ref       ] GC(707) Skipped phase3 of Reference Processing due to unavailable references
[1651.285s][debug][gc,ref       ] GC(707) Skipped phase4 of Reference Processing due to unavailable references
[1651.285s][debug][gc,age       ] GC(707) Desired survivor size 15400960 bytes, new threshold 6 (max threshold 6)
[1651.285s][info ][gc,heap      ] GC(707) ParNew: 242137K->1426K(270976K)
[1651.285s][info ][gc,heap      ] GC(707) CMS: 383646K->383692K(602112K)
[1651.285s][info ][gc,metaspace ] GC(707) Metaspace: 63143K->63143K(1107968K)
[1651.285s][info ][gc           ] GC(707) Pause Young (Allocation Failure) 611M->376M(852M) 4.128ms
[1651.285s][info ][gc,cpu       ] GC(707) User=0.02s Sys=0.00s Real=0.00s
[1651.285s][info ][safepoint    ] Leaving safepoint region
[1651.285s][info ][safepoint    ] Total time for which application threads were stopped: 0.0043363 seconds, Stopping threads took: 0.0000377 seconds
[1653.285s][info ][safepoint    ] Application time: 2.0002070 seconds
[1653.285s][info ][safepoint    ] Entering safepoint region: Cleanup
[1653.285s][info ][safepoint    ] Leaving safepoint region
[1653.285s][info ][safepoint    ] Total time for which application threads were stopped: 0.0000846 seconds, Stopping threads took: 0.0000175 seconds
[1654.723s][info ][safepoint    ] Application time: 1.4374483 seconds
[1654.723s][info ][safepoint    ] Entering safepoint region: GenCollectForAllocation
[1654.723s][info ][gc,start     ] GC(708) Pause Young (Allocation Failure)
[1654.723s][info ][gc,task      ] GC(708) Using 4 workers of 4 for evacuation
[1654.726s][debug][gc,ref       ] GC(708) Skipped phase1 of Reference Processing due to unavailable references
[1654.726s][debug][gc,ref       ] GC(708) Skipped phase2 of Reference Processing due to unavailable references
[1654.726s][debug][gc,ref       ] GC(708) Skipped phase3 of Reference Processing due to unavailable references
[1654.726s][debug][gc,ref       ] GC(708) Skipped phase4 of Reference Processing due to unavailable references
[1654.726s][debug][gc,age       ] GC(708) Desired survivor size 15400960 bytes, new threshold 6 (max threshold 6)
[1654.726s][info ][gc,heap      ] GC(708) ParNew: 242322K->1405K(270976K)
[1654.726s][info ][gc,heap      ] GC(708) CMS: 383692K->383859K(602112K)
[1654.726s][info ][gc,metaspace ] GC(708) Metaspace: 63147K->63147K(1107968K)
[1654.727s][info ][gc           ] GC(708) Pause Young (Allocation Failure) 611M->376M(852M) 3.461ms
[1654.727s][info ][gc,cpu       ] GC(708) User=0.01s Sys=0.01s Real=0.00s
[1654.727s][info ][safepoint    ] Leaving safepoint region
[1654.727s][info ][safepoint    ] Total time for which application threads were stopped: 0.0036269 seconds, Stopping threads took: 0.0000169 seconds
[1655.727s][info ][safepoint    ] Application time: 1.0001035 seconds
[1655.727s][info ][safepoint    ] Entering safepoint region: Cleanup
[1655.727s][info ][safepoint    ] Leaving safepoint region
[1655.727s][info ][safepoint    ] Total time for which application threads were stopped: 0.0001540 seconds, Stopping threads took: 0.0000766 seconds
[1658.278s][info ][safepoint    ] Application time: 2.5515116 seconds
[1658.278s][info ][safepoint    ] Entering safepoint region: GenCollectForAllocation
[1658.279s][info ][gc,start     ] GC(709) Pause Young (Allocation Failure)
[1658.279s][info ][gc,task      ] GC(709) Using 4 workers of 4 for evacuation
[1658.282s][debug][gc,ref       ] GC(709) Skipped phase1 of Reference Processing due to unavailable references
[1658.282s][debug][gc,ref       ] GC(709) Skipped phase2 of Reference Processing due to unavailable references
[1658.282s][debug][gc,ref       ] GC(709) Skipped phase3 of Reference Processing due to unavailable references
[1658.282s][debug][gc,ref       ] GC(709) Skipped phase4 of Reference Processing due to unavailable references
[1658.282s][debug][gc,age       ] GC(709) Desired survivor size 15400960 bytes, new threshold 6 (max threshold 6)
[1658.282s][info ][gc,heap      ] GC(709) ParNew: 242301K->1466K(270976K)
[1658.282s][info ][gc,heap      ] GC(709) CMS: 383859K->383957K(602112K)
[1658.282s][info ][gc,metaspace ] GC(709) Metaspace: 63148K->63148K(1107968K)
[1658.282s][info ][gc           ] GC(709) Pause Young (Allocation Failure) 611M->376M(852M) 3.397ms
[1658.282s][info ][gc,cpu       ] GC(709) User=0.01s Sys=0.00s Real=0.01s
[1658.282s][info ][safepoint    ] Leaving safepoint region
[1658.282s][info ][safepoint    ] Total time for which application threads were stopped: 0.0035586 seconds, Stopping threads took: 0.0000165 seconds
[1659.282s][info ][safepoint    ] Application time: 1.0001021 seconds
[1659.282s][info ][safepoint    ] Entering safepoint region: Cleanup
[1659.282s][info ][safepoint    ] Leaving safepoint region
[1659.282s][info ][safepoint    ] Total time for which application threads were stopped: 0.0000769 seconds, Stopping threads took: 0.0000174 seconds
[1660.282s][info ][safepoint    ] Application time: 1.0000817 seconds
[1660.282s][info ][safepoint    ] Entering safepoint region: Cleanup
[1660.282s][info ][safepoint    ] Leaving safepoint region
[1660.282s][info ][safepoint    ] Total time for which application threads were stopped: 0.0001538 seconds, Stopping threads took: 0.0000868 seconds
[1661.283s][info ][safepoint    ] Application time: 1.0000924 seconds
[1661.283s][info ][safepoint    ] Entering safepoint region: Cleanup
[1661.283s][info ][safepoint    ] Leaving safepoint region
[1661.283s][info ][safepoint    ] Total time for which application threads were stopped: 0.0000746 seconds, Stopping threads took: 0.0000164 seconds
[1661.720s][info ][safepoint    ] Application time: 0.4377282 seconds
[1661.720s][info ][safepoint    ] Entering safepoint region: GenCollectForAllocation
[1661.721s][info ][gc,start     ] GC(710) Pause Young (Allocation Failure)
[1661.721s][info ][gc,task      ] GC(710) Using 4 workers of 4 for evacuation
[1661.724s][debug][gc,ref       ] GC(710) Skipped phase1 of Reference Processing due to unavailable references
[1661.724s][debug][gc,ref       ] GC(710) Skipped phase2 of Reference Processing due to unavailable references
[1661.724s][debug][gc,ref       ] GC(710) Skipped phase3 of Reference Processing due to unavailable references
[1661.724s][debug][gc,ref       ] GC(710) Skipped phase4 of Reference Processing due to unavailable references
[1661.724s][debug][gc,age       ] GC(710) Desired survivor size 15400960 bytes, new threshold 6 (max threshold 6)
[1661.724s][info ][gc,heap      ] GC(710) ParNew: 242362K->1587K(270976K)
[1661.724s][info ][gc,heap      ] GC(710) CMS: 383957K->384001K(602112K)
[1661.724s][info ][gc,metaspace ] GC(710) Metaspace: 63149K->63149K(1107968K)
[1661.724s][info ][gc           ] GC(710) Pause Young (Allocation Failure) 611M->376M(852M) 3.215ms
[1661.724s][info ][gc,cpu       ] GC(710) User=0.01s Sys=0.00s Real=0.00s
[1661.724s][info ][safepoint    ] Leaving safepoint region
[1661.724s][info ][safepoint    ] Total time for which application threads were stopped: 0.0033651 seconds, Stopping threads took: 0.0000167 seconds
[1665.269s][info ][safepoint    ] Application time: 3.5451348 seconds
[1665.269s][info ][safepoint    ] Entering safepoint region: GenCollectForAllocation
[1665.269s][info ][gc,start     ] GC(711) Pause Young (Allocation Failure)
[1665.269s][info ][gc,task      ] GC(711) Using 4 workers of 4 for evacuation
[1665.272s][debug][gc,ref       ] GC(711) Skipped phase1 of Reference Processing due to unavailable references
[1665.272s][debug][gc,ref       ] GC(711) Skipped phase2 of Reference Processing due to unavailable references
[1665.272s][debug][gc,ref       ] GC(711) Skipped phase3 of Reference Processing due to unavailable references
[1665.272s][debug][gc,ref       ] GC(711) Skipped phase4 of Reference Processing due to unavailable references
[1665.272s][debug][gc,age       ] GC(711) Desired survivor size 15400960 bytes, new threshold 6 (max threshold 6)
[1665.272s][info ][gc,heap      ] GC(711) ParNew: 242483K->1531K(270976K)
[1665.272s][info ][gc,heap      ] GC(711) CMS: 384001K->384096K(602112K)
[1665.272s][info ][gc,metaspace ] GC(711) Metaspace: 63149K->63149K(1107968K)
[1665.272s][info ][gc           ] GC(711) Pause Young (Allocation Failure) 611M->376M(852M) 2.809ms
[1665.272s][info ][gc,cpu       ] GC(711) User=0.01s Sys=0.00s Real=0.00s
[1665.272s][info ][safepoint    ] Leaving safepoint region
[1665.272s][info ][safepoint    ] Total time for which application threads were stopped: 0.0031156 seconds, Stopping threads took: 0.0001701 seconds
[1668.819s][info ][safepoint    ] Application time: 3.5470743 seconds
[1668.819s][info ][safepoint    ] Entering safepoint region: GenCollectForAllocation
[1668.820s][info ][gc,start     ] GC(712) Pause Young (Allocation Failure)
[1668.820s][info ][gc,task      ] GC(712) Using 4 workers of 4 for evacuation
[1668.823s][debug][gc,ref       ] GC(712) Skipped phase1 of Reference Processing due to unavailable references
[1668.823s][debug][gc,ref       ] GC(712) Skipped phase2 of Reference Processing due to unavailable references
[1668.823s][debug][gc,ref       ] GC(712) Skipped phase3 of Reference Processing due to unavailable references
[1668.823s][debug][gc,ref       ] GC(712) Skipped phase4 of Reference Processing due to unavailable references
[1668.823s][debug][gc,age       ] GC(712) Desired survivor size 15400960 bytes, new threshold 6 (max threshold 6)
[1668.823s][info ][gc,heap      ] GC(712) ParNew: 242427K->1515K(270976K)
[1668.823s][info ][gc,heap      ] GC(712) CMS: 384096K->384223K(602112K)
[1668.823s][info ][gc,metaspace ] GC(712) Metaspace: 63155K->63155K(1107968K)
[1668.823s][info ][gc           ] GC(712) Pause Young (Allocation Failure) 611M->376M(852M) 3.627ms
[1668.823s][info ][gc,cpu       ] GC(712) User=0.01s Sys=0.01s Real=0.01s
[1668.823s][info ][safepoint    ] Leaving safepoint region
[1668.823s][info ][safepoint    ] Total time for which application threads were stopped: 0.0039981 seconds, Stopping threads took: 0.0001043 seconds
[1671.824s][info ][safepoint    ] Application time: 3.0003293 seconds
[1671.824s][info ][safepoint    ] Entering safepoint region: Cleanup
[1671.824s][info ][safepoint    ] Leaving safepoint region
[1671.824s][info ][safepoint    ] Total time for which application threads were stopped: 0.0002171 seconds, Stopping threads took: 0.0000780 seconds
[1672.224s][info ][safepoint    ] Application time: 0.4001699 seconds
[1672.224s][info ][safepoint    ] Entering safepoint region: GenCollectForAllocation
[1672.224s][info ][gc,start     ] GC(713) Pause Young (Allocation Failure)
[1672.224s][info ][gc,task      ] GC(713) Using 4 workers of 4 for evacuation
[1672.228s][debug][gc,ref       ] GC(713) Skipped phase1 of Reference Processing due to unavailable references
[1672.228s][debug][gc,ref       ] GC(713) Skipped phase2 of Reference Processing due to unavailable references
[1672.228s][debug][gc,ref       ] GC(713) Skipped phase3 of Reference Processing due to unavailable references
[1672.228s][debug][gc,ref       ] GC(713) Skipped phase4 of Reference Processing due to unavailable references
[1672.228s][debug][gc,age       ] GC(713) Desired survivor size 15400960 bytes, new threshold 6 (max threshold 6)
[1672.228s][info ][gc,heap      ] GC(713) ParNew: 242411K->1583K(270976K)
[1672.228s][info ][gc,heap      ] GC(713) CMS: 384223K->384279K(602112K)
[1672.228s][info ][gc,metaspace ] GC(713) Metaspace: 63155K->63155K(1107968K)
[1672.228s][info ][gc           ] GC(713) Pause Young (Allocation Failure) 611M->376M(852M) 3.797ms
[1672.228s][info ][gc,cpu       ] GC(713) User=0.01s Sys=0.00s Real=0.00s
[1672.228s][info ][safepoint    ] Leaving safepoint region
[1672.228s][info ][safepoint    ] Total time for which application threads were stopped: 0.0039976 seconds, Stopping threads took: 0.0000148 seconds
[1675.228s][info ][safepoint    ] Application time: 3.0002953 seconds
[1675.228s][info ][safepoint    ] Entering safepoint region: Cleanup
[1675.229s][info ][safepoint    ] Leaving safepoint region
[1675.229s][info ][safepoint    ] Total time for which application threads were stopped: 0.0001524 seconds, Stopping threads took: 0.0000680 seconds
[1675.819s][info ][safepoint    ] Application time: 0.5905613 seconds
[1675.819s][info ][safepoint    ] Entering safepoint region: GenCollectForAllocation
[1675.819s][info ][gc,start     ] GC(714) Pause Young (Allocation Failure)
[1675.819s][info ][gc,task      ] GC(714) Using 4 workers of 4 for evacuation
[1675.822s][debug][gc,ref       ] GC(714) Skipped phase1 of Reference Processing due to unavailable references
[1675.823s][debug][gc,ref       ] GC(714) Skipped phase2 of Reference Processing due to unavailable references
[1675.823s][debug][gc,ref       ] GC(714) Skipped phase3 of Reference Processing due to unavailable references
[1675.823s][debug][gc,ref       ] GC(714) Skipped phase4 of Reference Processing due to unavailable references
[1675.823s][debug][gc,age       ] GC(714) Desired survivor size 15400960 bytes, new threshold 6 (max threshold 6)
[1675.823s][info ][gc,heap      ] GC(714) ParNew: 242479K->2032K(270976K)
[1675.823s][info ][gc,heap      ] GC(714) CMS: 384279K->384409K(602112K)
[1675.823s][info ][gc,metaspace ] GC(714) Metaspace: 63159K->63159K(1107968K)
[1675.823s][info ][gc           ] GC(714) Pause Young (Allocation Failure) 612M->377M(852M) 3.538ms
[1675.823s][info ][gc,cpu       ] GC(714) User=0.01s Sys=0.00s Real=0.01s
[1675.823s][info ][safepoint    ] Leaving safepoint region
[1675.823s][info ][safepoint    ] Total time for which application threads were stopped: 0.0036962 seconds, Stopping threads took: 0.0000164 seconds
[1678.823s][info ][safepoint    ] Application time: 3.0003101 seconds
[1678.823s][info ][safepoint    ] Entering safepoint region: Cleanup
[1678.823s][info ][safepoint    ] Leaving safepoint region
[1678.823s][info ][safepoint    ] Total time for which application threads were stopped: 0.0001322 seconds, Stopping threads took: 0.0000572 seconds
[1679.377s][info ][safepoint    ] Application time: 0.5538941 seconds
[1679.377s][info ][safepoint    ] Entering safepoint region: GenCollectForAllocation
[1679.377s][info ][gc,start     ] GC(715) Pause Young (Allocation Failure)
[1679.377s][info ][gc,task      ] GC(715) Using 4 workers of 4 for evacuation
[1679.380s][debug][gc,ref       ] GC(715) Skipped phase1 of Reference Processing due to unavailable references
[1679.380s][debug][gc,ref       ] GC(715) Skipped phase2 of Reference Processing due to unavailable references
[1679.380s][debug][gc,ref       ] GC(715) Skipped phase3 of Reference Processing due to unavailable references
[1679.380s][debug][gc,ref       ] GC(715) Skipped phase4 of Reference Processing due to unavailable references
[1679.381s][debug][gc,age       ] GC(715) Desired survivor size 15400960 bytes, new threshold 6 (max threshold 6)
[1679.381s][info ][gc,heap      ] GC(715) ParNew: 242928K->2010K(270976K)
[1679.381s][info ][gc,heap      ] GC(715) CMS: 384409K->384473K(602112K)
[1679.381s][info ][gc,metaspace ] GC(715) Metaspace: 63159K->63159K(1107968K)
[1679.381s][info ][gc           ] GC(715) Pause Young (Allocation Failure) 612M->377M(852M) 3.206ms
[1679.381s][info ][gc,cpu       ] GC(715) User=0.00s Sys=0.01s Real=0.01s
[1679.381s][info ][safepoint    ] Leaving safepoint region
[1679.381s][info ][safepoint    ] Total time for which application threads were stopped: 0.0033444 seconds, Stopping threads took: 0.0000147 seconds
[1680.381s][info ][safepoint    ] Application time: 1.0001398 seconds
[1680.381s][info ][safepoint    ] Entering safepoint region: Cleanup
[1680.381s][info ][safepoint    ] Leaving safepoint region
[1680.381s][info ][safepoint    ] Total time for which application threads were stopped: 0.0001517 seconds, Stopping threads took: 0.0000699 seconds
[1682.827s][info ][safepoint    ] Application time: 2.4459872 seconds
[1682.827s][info ][safepoint    ] Entering safepoint region: GenCollectForAllocation
[1682.827s][info ][gc,start     ] GC(716) Pause Young (Allocation Failure)
[1682.827s][info ][gc,task      ] GC(716) Using 4 workers of 4 for evacuation
[1682.830s][debug][gc,ref       ] GC(716) Skipped phase1 of Reference Processing due to unavailable references
[1682.830s][debug][gc,ref       ] GC(716) Skipped phase2 of Reference Processing due to unavailable references
[1682.830s][debug][gc,ref       ] GC(716) Skipped phase3 of Reference Processing due to unavailable references
[1682.830s][debug][gc,ref       ] GC(716) Skipped phase4 of Reference Processing due to unavailable references
[1682.830s][debug][gc,age       ] GC(716) Desired survivor size 15400960 bytes, new threshold 6 (max threshold 6)
[1682.830s][info ][gc,heap      ] GC(716) ParNew: 242906K->1832K(270976K)
[1682.830s][info ][gc,heap      ] GC(716) CMS: 384473K->384673K(602112K)
[1682.830s][info ][gc,metaspace ] GC(716) Metaspace: 63159K->63159K(1107968K)
[1682.830s][info ][gc           ] GC(716) Pause Young (Allocation Failure) 612M->377M(852M) 3.343ms
[1682.830s][info ][gc,cpu       ] GC(716) User=0.01s Sys=0.00s Real=0.01s
[1682.830s][info ][safepoint    ] Leaving safepoint region
[1682.830s][info ][safepoint    ] Total time for which application threads were stopped: 0.0035081 seconds, Stopping threads took: 0.0000180 seconds
[1686.428s][info ][safepoint    ] Application time: 3.5973006 seconds
[1686.428s][info ][safepoint    ] Entering safepoint region: GenCollectForAllocation
[1686.428s][info ][gc,start     ] GC(717) Pause Young (Allocation Failure)
[1686.428s][info ][gc,task      ] GC(717) Using 4 workers of 4 for evacuation
[1686.431s][debug][gc,ref       ] GC(717) Skipped phase1 of Reference Processing due to unavailable references
[1686.431s][debug][gc,ref       ] GC(717) Skipped phase2 of Reference Processing due to unavailable references
[1686.431s][debug][gc,ref       ] GC(717) Skipped phase3 of Reference Processing due to unavailable references
[1686.431s][debug][gc,ref       ] GC(717) Skipped phase4 of Reference Processing due to unavailable references
[1686.431s][debug][gc,age       ] GC(717) Desired survivor size 15400960 bytes, new threshold 6 (max threshold 6)
[1686.431s][info ][gc,heap      ] GC(717) ParNew: 242728K->1759K(270976K)
[1686.431s][info ][gc,heap      ] GC(717) CMS: 384673K->384723K(602112K)
[1686.431s][info ][gc,metaspace ] GC(717) Metaspace: 63159K->63159K(1107968K)
[1686.431s][info ][gc           ] GC(717) Pause Young (Allocation Failure) 612M->377M(852M) 3.161ms
[1686.431s][info ][gc,cpu       ] GC(717) User=0.00s Sys=0.01s Real=0.01s
[1686.431s][info ][safepoint    ] Leaving safepoint region
[1686.431s][info ][safepoint    ] Total time for which application threads were stopped: 0.0034781 seconds, Stopping threads took: 0.0000543 seconds
[1687.431s][info ][safepoint    ] Application time: 1.0000948 seconds
[1687.431s][info ][safepoint    ] Entering safepoint region: Cleanup
[1687.432s][info ][safepoint    ] Leaving safepoint region
[1687.432s][info ][safepoint    ] Total time for which application threads were stopped: 0.0000826 seconds, Stopping threads took: 0.0000166 seconds
[1690.084s][info ][safepoint    ] Application time: 2.6521160 seconds
[1690.084s][info ][safepoint    ] Entering safepoint region: GenCollectForAllocation
[1690.084s][info ][gc,start     ] GC(718) Pause Young (Allocation Failure)
[1690.084s][info ][gc,task      ] GC(718) Using 4 workers of 4 for evacuation
[1690.088s][debug][gc,ref       ] GC(718) Skipped phase1 of Reference Processing due to unavailable references
[1690.088s][debug][gc,ref       ] GC(718) Skipped phase2 of Reference Processing due to unavailable references
[1690.088s][debug][gc,ref       ] GC(718) Skipped phase3 of Reference Processing due to unavailable references
[1690.088s][debug][gc,ref       ] GC(718) Skipped phase4 of Reference Processing due to unavailable references
[1690.088s][debug][gc,age       ] GC(718) Desired survivor size 15400960 bytes, new threshold 6 (max threshold 6)
[1690.088s][info ][gc,heap      ] GC(718) ParNew: 242655K->2202K(270976K)
[1690.088s][info ][gc,heap      ] GC(718) CMS: 384723K->384795K(602112K)
[1690.088s][info ][gc,metaspace ] GC(718) Metaspace: 63168K->63168K(1107968K)
[1690.088s][info ][gc           ] GC(718) Pause Young (Allocation Failure) 612M->377M(852M) 4.307ms
[1690.088s][info ][gc,cpu       ] GC(718) User=0.01s Sys=0.00s Real=0.01s
[1690.088s][info ][safepoint    ] Leaving safepoint region
[1690.088s][info ][safepoint    ] Total time for which application threads were stopped: 0.0045495 seconds, Stopping threads took: 0.0000579 seconds
[1693.676s][info ][safepoint    ] Application time: 3.5877139 seconds
[1693.676s][info ][safepoint    ] Entering safepoint region: GenCollectForAllocation
[1693.676s][info ][gc,start     ] GC(719) Pause Young (Allocation Failure)
[1693.676s][info ][gc,task      ] GC(719) Using 4 workers of 4 for evacuation
[1693.679s][debug][gc,ref       ] GC(719) Skipped phase1 of Reference Processing due to unavailable references
[1693.679s][debug][gc,ref       ] GC(719) Skipped phase2 of Reference Processing due to unavailable references
[1693.679s][debug][gc,ref       ] GC(719) Skipped phase3 of Reference Processing due to unavailable references
[1693.679s][debug][gc,ref       ] GC(719) Skipped phase4 of Reference Processing due to unavailable references
[1693.680s][debug][gc,age       ] GC(719) Desired survivor size 15400960 bytes, new threshold 6 (max threshold 6)
[1693.680s][info ][gc,heap      ] GC(719) ParNew: 243098K->1735K(270976K)
[1693.680s][info ][gc,heap      ] GC(719) CMS: 384795K->384857K(602112K)
[1693.680s][info ][gc,metaspace ] GC(719) Metaspace: 63168K->63168K(1107968K)
[1693.680s][info ][gc           ] GC(719) Pause Young (Allocation Failure) 613M->377M(852M) 3.427ms
[1693.680s][info ][gc,cpu       ] GC(719) User=0.01s Sys=0.00s Real=0.00s
[1693.680s][info ][safepoint    ] Leaving safepoint region
[1693.680s][info ][safepoint    ] Total time for which application threads were stopped: 0.0037944 seconds, Stopping threads took: 0.0000153 seconds
[1696.680s][info ][safepoint    ] Application time: 3.0003077 seconds
[1696.680s][info ][safepoint    ] Entering safepoint region: Cleanup
[1696.680s][info ][safepoint    ] Leaving safepoint region
[1696.680s][info ][safepoint    ] Total time for which application threads were stopped: 0.0000954 seconds, Stopping threads took: 0.0000159 seconds
[1697.322s][info ][safepoint    ] Application time: 0.6422479 seconds
[1697.323s][info ][safepoint    ] Entering safepoint region: GenCollectForAllocation
[1697.323s][info ][gc,start     ] GC(720) Pause Young (Allocation Failure)
[1697.323s][info ][gc,task      ] GC(720) Using 4 workers of 4 for evacuation
[1697.326s][debug][gc,ref       ] GC(720) Skipped phase1 of Reference Processing due to unavailable references
[1697.326s][debug][gc,ref       ] GC(720) Skipped phase2 of Reference Processing due to unavailable references
[1697.326s][debug][gc,ref       ] GC(720) Skipped phase3 of Reference Processing due to unavailable references
[1697.326s][debug][gc,ref       ] GC(720) Skipped phase4 of Reference Processing due to unavailable references
[1697.326s][debug][gc,age       ] GC(720) Desired survivor size 15400960 bytes, new threshold 6 (max threshold 6)
[1697.326s][info ][gc,heap      ] GC(720) ParNew: 242631K->1355K(270976K)
[1697.326s][info ][gc,heap      ] GC(720) CMS: 384857K->385549K(602112K)
[1697.326s][info ][gc,metaspace ] GC(720) Metaspace: 63168K->63168K(1107968K)
[1697.326s][info ][gc           ] GC(720) Pause Young (Allocation Failure) 612M->377M(852M) 3.129ms
[1697.326s][info ][gc,cpu       ] GC(720) User=0.01s Sys=0.00s Real=0.00s
[1697.326s][info ][safepoint    ] Leaving safepoint region
[1697.326s][info ][safepoint    ] Total time for which application threads were stopped: 0.0033426 seconds, Stopping threads took: 0.0000319 seconds
[1700.326s][info ][safepoint    ] Application time: 3.0002747 seconds
[1700.326s][info ][safepoint    ] Entering safepoint region: Cleanup
[1700.326s][info ][safepoint    ] Leaving safepoint region
[1700.326s][info ][safepoint    ] Total time for which application threads were stopped: 0.0001403 seconds, Stopping threads took: 0.0000582 seconds
[1700.878s][info ][safepoint    ] Application time: 0.5516745 seconds
[1700.878s][info ][safepoint    ] Entering safepoint region: GenCollectForAllocation
[1700.878s][info ][gc,start     ] GC(721) Pause Young (Allocation Failure)
[1700.878s][info ][gc,task      ] GC(721) Using 4 workers of 4 for evacuation
[1700.881s][debug][gc,ref       ] GC(721) Skipped phase1 of Reference Processing due to unavailable references
[1700.881s][debug][gc,ref       ] GC(721) Skipped phase2 of Reference Processing due to unavailable references
[1700.881s][debug][gc,ref       ] GC(721) Skipped phase3 of Reference Processing due to unavailable references
[1700.881s][debug][gc,ref       ] GC(721) Skipped phase4 of Reference Processing due to unavailable references
[1700.881s][debug][gc,age       ] GC(721) Desired survivor size 15400960 bytes, new threshold 6 (max threshold 6)
[1700.881s][info ][gc,heap      ] GC(721) ParNew: 242251K->1418K(270976K)
[1700.881s][info ][gc,heap      ] GC(721) CMS: 385549K->385637K(602112K)
[1700.881s][info ][gc,metaspace ] GC(721) Metaspace: 63180K->63180K(1107968K)
[1700.881s][info ][gc           ] GC(721) Pause Young (Allocation Failure) 613M->377M(852M) 3.287ms
[1700.881s][info ][gc,cpu       ] GC(721) User=0.01s Sys=0.00s Real=0.01s
[1700.882s][info ][safepoint    ] Leaving safepoint region
[1700.882s][info ][safepoint    ] Total time for which application threads were stopped: 0.0034796 seconds, Stopping threads took: 0.0000624 seconds
[1701.882s][info ][safepoint    ] Application time: 1.0000978 seconds
[1701.882s][info ][safepoint    ] Entering safepoint region: Cleanup
[1701.882s][info ][safepoint    ] Leaving safepoint region
[1701.882s][info ][safepoint    ] Total time for which application threads were stopped: 0.0000793 seconds, Stopping threads took: 0.0000172 seconds
[1702.882s][info ][safepoint    ] Application time: 1.0000923 seconds
[1702.882s][info ][safepoint    ] Entering safepoint region: Cleanup
[1702.882s][info ][safepoint    ] Leaving safepoint region
[1702.882s][info ][safepoint    ] Total time for which application threads were stopped: 0.0000762 seconds, Stopping threads took: 0.0000169 seconds
[1703.882s][info ][safepoint    ] Application time: 1.0000541 seconds
[1703.882s][info ][safepoint    ] Entering safepoint region: Cleanup
[1703.882s][info ][safepoint    ] Leaving safepoint region
[1703.882s][info ][safepoint    ] Total time for which application threads were stopped: 0.0001625 seconds, Stopping threads took: 0.0000384 seconds
[1704.670s][info ][safepoint    ] Application time: 0.7873176 seconds
[1704.670s][info ][safepoint    ] Entering safepoint region: GenCollectForAllocation
[1704.670s][info ][gc,start     ] GC(722) Pause Young (Allocation Failure)
[1704.670s][info ][gc,task      ] GC(722) Using 4 workers of 4 for evacuation
[1704.674s][debug][gc,ref       ] GC(722) Skipped phase1 of Reference Processing due to unavailable references
[1704.674s][debug][gc,ref       ] GC(722) Skipped phase3 of Reference Processing due to unavailable references
[1704.674s][debug][gc,age       ] GC(722) Desired survivor size 15400960 bytes, new threshold 6 (max threshold 6)
[1704.674s][info ][gc,heap      ] GC(722) ParNew: 242314K->1201K(270976K)
[1704.674s][info ][gc,heap      ] GC(722) CMS: 385637K->385706K(602112K)
[1704.674s][info ][gc,metaspace ] GC(722) Metaspace: 63186K->63186K(1107968K)
[1704.674s][info ][gc           ] GC(722) Pause Young (Allocation Failure) 613M->377M(852M) 4.156ms
[1704.674s][info ][gc,cpu       ] GC(722) User=0.02s Sys=0.00s Real=0.00s
[1704.674s][info ][safepoint    ] Leaving safepoint region
[1704.674s][info ][safepoint    ] Total time for which application threads were stopped: 0.0043487 seconds, Stopping threads took: 0.0000468 seconds
[1706.674s][info ][safepoint    ] Application time: 2.0001797 seconds
[1706.674s][info ][safepoint    ] Entering safepoint region: Cleanup
[1706.674s][info ][safepoint    ] Leaving safepoint region
[1706.674s][info ][safepoint    ] Total time for which application threads were stopped: 0.0001204 seconds, Stopping threads took: 0.0000463 seconds
[1707.674s][info ][safepoint    ] Application time: 1.0001123 seconds
[1707.674s][info ][safepoint    ] Entering safepoint region: Cleanup
[1707.675s][info ][safepoint    ] Leaving safepoint region
[1707.675s][info ][safepoint    ] Total time for which application threads were stopped: 0.0002189 seconds, Stopping threads took: 0.0000657 seconds
[1708.428s][info ][safepoint    ] Application time: 0.7535808 seconds
[1708.428s][info ][safepoint    ] Entering safepoint region: GenCollectForAllocation
[1708.428s][info ][gc,start     ] GC(723) Pause Young (Allocation Failure)
[1708.428s][info ][gc,task      ] GC(723) Using 4 workers of 4 for evacuation
[1708.432s][debug][gc,ref       ] GC(723) Skipped phase1 of Reference Processing due to unavailable references
[1708.432s][debug][gc,ref       ] GC(723) Skipped phase3 of Reference Processing due to unavailable references
[1708.432s][debug][gc,age       ] GC(723) Desired survivor size 15400960 bytes, new threshold 6 (max threshold 6)
[1708.432s][info ][gc,heap      ] GC(723) ParNew: 242097K->1451K(270976K)
[1708.432s][info ][gc,heap      ] GC(723) CMS: 385706K->385807K(602112K)
[1708.432s][info ][gc,metaspace ] GC(723) Metaspace: 63194K->63194K(1107968K)
[1708.432s][info ][gc           ] GC(723) Pause Young (Allocation Failure) 613M->378M(852M) 3.869ms
[1708.432s][info ][gc,cpu       ] GC(723) User=0.01s Sys=0.00s Real=0.00s
[1708.432s][info ][safepoint    ] Leaving safepoint region
[1708.432s][info ][safepoint    ] Total time for which application threads were stopped: 0.0040416 seconds, Stopping threads took: 0.0000171 seconds
[1712.219s][info ][safepoint    ] Application time: 3.7862242 seconds
[1712.219s][info ][safepoint    ] Entering safepoint region: GenCollectForAllocation
[1712.219s][info ][gc,start     ] GC(724) Pause Young (Allocation Failure)
[1712.219s][info ][gc,task      ] GC(724) Using 4 workers of 4 for evacuation
[1712.221s][debug][gc,ref       ] GC(724) Skipped phase1 of Reference Processing due to unavailable references
[1712.221s][debug][gc,ref       ] GC(724) Skipped phase3 of Reference Processing due to unavailable references
[1712.221s][debug][gc,ref       ] GC(724) Skipped phase4 of Reference Processing due to unavailable references
[1712.222s][debug][gc,age       ] GC(724) Desired survivor size 15400960 bytes, new threshold 6 (max threshold 6)
[1712.222s][info ][gc,heap      ] GC(724) ParNew: 242347K->1094K(270976K)
[1712.222s][info ][gc,heap      ] GC(724) CMS: 385807K->385880K(602112K)
[1712.222s][info ][gc,metaspace ] GC(724) Metaspace: 63195K->63195K(1107968K)
[1712.222s][info ][gc           ] GC(724) Pause Young (Allocation Failure) 613M->377M(852M) 3.074ms
[1712.222s][info ][gc,cpu       ] GC(724) User=0.02s Sys=0.00s Real=0.01s
[1712.222s][info ][safepoint    ] Leaving safepoint region
[1712.222s][info ][safepoint    ] Total time for which application threads were stopped: 0.0032277 seconds, Stopping threads took: 0.0000159 seconds
[1715.968s][info ][safepoint    ] Application time: 3.7461843 seconds
[1715.968s][info ][safepoint    ] Entering safepoint region: GenCollectForAllocation
[1715.968s][info ][gc,start     ] GC(725) Pause Young (Allocation Failure)
[1715.968s][info ][gc,task      ] GC(725) Using 4 workers of 4 for evacuation
[1715.971s][debug][gc,ref       ] GC(725) Skipped phase1 of Reference Processing due to unavailable references
[1715.971s][debug][gc,ref       ] GC(725) Skipped phase3 of Reference Processing due to unavailable references
[1715.971s][debug][gc,ref       ] GC(725) Skipped phase4 of Reference Processing due to unavailable references
[1715.971s][debug][gc,age       ] GC(725) Desired survivor size 15400960 bytes, new threshold 6 (max threshold 6)
[1715.971s][info ][gc,heap      ] GC(725) ParNew: 241990K->1309K(270976K)
[1715.971s][info ][gc,heap      ] GC(725) CMS: 385880K->385926K(602112K)
[1715.971s][info ][gc,metaspace ] GC(725) Metaspace: 63196K->63196K(1107968K)
[1715.971s][info ][gc           ] GC(725) Pause Young (Allocation Failure) 613M->378M(852M) 2.840ms
[1715.971s][info ][gc,cpu       ] GC(725) User=0.01s Sys=0.00s Real=0.01s
[1715.971s][info ][safepoint    ] Leaving safepoint region
[1715.971s][info ][safepoint    ] Total time for which application threads were stopped: 0.0029827 seconds, Stopping threads took: 0.0000218 seconds
[1716.971s][info ][safepoint    ] Application time: 1.0000945 seconds
[1716.971s][info ][safepoint    ] Entering safepoint region: Cleanup
[1716.971s][info ][safepoint    ] Leaving safepoint region
[1716.971s][info ][safepoint    ] Total time for which application threads were stopped: 0.0001417 seconds, Stopping threads took: 0.0000619 seconds
[1719.718s][info ][safepoint    ] Application time: 2.7465316 seconds
[1719.718s][info ][safepoint    ] Entering safepoint region: GenCollectForAllocation
[1719.718s][info ][gc,start     ] GC(726) Pause Young (Allocation Failure)
[1719.718s][info ][gc,task      ] GC(726) Using 4 workers of 4 for evacuation
[1719.721s][debug][gc,ref       ] GC(726) Skipped phase1 of Reference Processing due to unavailable references
[1719.721s][debug][gc,ref       ] GC(726) Skipped phase3 of Reference Processing due to unavailable references
[1719.721s][debug][gc,ref       ] GC(726) Skipped phase4 of Reference Processing due to unavailable references
[1719.721s][debug][gc,age       ] GC(726) Desired survivor size 15400960 bytes, new threshold 6 (max threshold 6)
[1719.721s][info ][gc,heap      ] GC(726) ParNew: 242205K->1295K(270976K)
[1719.721s][info ][gc,heap      ] GC(726) CMS: 385926K->386041K(602112K)
[1719.721s][info ][gc,metaspace ] GC(726) Metaspace: 63196K->63196K(1107968K)
[1719.721s][info ][gc           ] GC(726) Pause Young (Allocation Failure) 613M->378M(852M) 3.392ms
[1719.721s][info ][gc,cpu       ] GC(726) User=0.02s Sys=0.00s Real=0.01s
[1719.721s][info ][safepoint    ] Leaving safepoint region
[1719.721s][info ][safepoint    ] Total time for which application threads were stopped: 0.0036262 seconds, Stopping threads took: 0.0000541 seconds
[1723.518s][info ][safepoint    ] Application time: 3.7967550 seconds
[1723.518s][info ][safepoint    ] Entering safepoint region: GenCollectForAllocation
[1723.518s][info ][gc,start     ] GC(727) Pause Young (Allocation Failure)
[1723.519s][info ][gc,task      ] GC(727) Using 4 workers of 4 for evacuation
[1723.522s][debug][gc,ref       ] GC(727) Skipped phase1 of Reference Processing due to unavailable references
[1723.522s][debug][gc,ref       ] GC(727) Skipped phase3 of Reference Processing due to unavailable references
[1723.522s][debug][gc,ref       ] GC(727) Skipped phase4 of Reference Processing due to unavailable references
[1723.523s][debug][gc,age       ] GC(727) Desired survivor size 15400960 bytes, new threshold 6 (max threshold 6)
[1723.523s][info ][gc,heap      ] GC(727) ParNew: 242191K->1135K(270976K)
[1723.523s][info ][gc,heap      ] GC(727) CMS: 386041K->386326K(602112K)
[1723.523s][info ][gc,metaspace ] GC(727) Metaspace: 63197K->63197K(1107968K)
[1723.523s][info ][gc           ] GC(727) Pause Young (Allocation Failure) 613M->378M(852M) 4.125ms
[1723.523s][info ][gc,cpu       ] GC(727) User=0.01s Sys=0.00s Real=0.01s
[1723.523s][info ][safepoint    ] Leaving safepoint region
[1723.523s][info ][safepoint    ] Total time for which application threads were stopped: 0.0043552 seconds, Stopping threads took: 0.0000606 seconds
[1724.523s][info ][safepoint    ] Application time: 1.0001065 seconds
[1724.523s][info ][safepoint    ] Entering safepoint region: Cleanup
[1724.523s][info ][safepoint    ] Leaving safepoint region
[1724.523s][info ][safepoint    ] Total time for which application threads were stopped: 0.0001366 seconds, Stopping threads took: 0.0000555 seconds
[1727.331s][info ][safepoint    ] Application time: 2.8082033 seconds
[1727.331s][info ][safepoint    ] Entering safepoint region: GenCollectForAllocation
[1727.331s][info ][gc,start     ] GC(728) Pause Young (Allocation Failure)
[1727.331s][info ][gc,task      ] GC(728) Using 4 workers of 4 for evacuation
[1727.334s][debug][gc,ref       ] GC(728) Skipped phase1 of Reference Processing due to unavailable references
[1727.334s][debug][gc,ref       ] GC(728) Skipped phase2 of Reference Processing due to unavailable references
[1727.334s][debug][gc,ref       ] GC(728) Skipped phase3 of Reference Processing due to unavailable references
[1727.334s][debug][gc,ref       ] GC(728) Skipped phase4 of Reference Processing due to unavailable references
[1727.334s][debug][gc,age       ] GC(728) Desired survivor size 15400960 bytes, new threshold 6 (max threshold 6)
[1727.334s][info ][gc,heap      ] GC(728) ParNew: 242031K->1037K(270976K)
[1727.334s][info ][gc,heap      ] GC(728) CMS: 386326K->386400K(602112K)
[1727.334s][info ][gc,metaspace ] GC(728) Metaspace: 63197K->63197K(1107968K)
[1727.334s][info ][gc           ] GC(728) Pause Young (Allocation Failure) 613M->378M(852M) 2.528ms
[1727.334s][info ][gc,cpu       ] GC(728) User=0.01s Sys=0.00s Real=0.00s
[1727.334s][info ][safepoint    ] Leaving safepoint region
[1727.334s][info ][safepoint    ] Total time for which application threads were stopped: 0.0026769 seconds, Stopping threads took: 0.0000166 seconds
[1730.334s][info ][safepoint    ] Application time: 3.0002345 seconds
[1730.334s][info ][safepoint    ] Entering safepoint region: Cleanup
[1730.334s][info ][safepoint    ] Leaving safepoint region
[1730.334s][info ][safepoint    ] Total time for which application threads were stopped: 0.0000835 seconds, Stopping threads took: 0.0000164 seconds
[1731.128s][info ][safepoint    ] Application time: 0.7937499 seconds
[1731.128s][info ][safepoint    ] Entering safepoint region: GenCollectForAllocation
[1731.128s][info ][gc,start     ] GC(729) Pause Young (Allocation Failure)
[1731.128s][info ][gc,task      ] GC(729) Using 4 workers of 4 for evacuation
[1731.131s][debug][gc,ref       ] GC(729) Skipped phase1 of Reference Processing due to unavailable references
[1731.131s][debug][gc,ref       ] GC(729) Skipped phase2 of Reference Processing due to unavailable references
[1731.131s][debug][gc,ref       ] GC(729) Skipped phase3 of Reference Processing due to unavailable references
[1731.131s][debug][gc,ref       ] GC(729) Skipped phase4 of Reference Processing due to unavailable references
[1731.131s][debug][gc,age       ] GC(729) Desired survivor size 15400960 bytes, new threshold 6 (max threshold 6)
[1731.131s][info ][gc,heap      ] GC(729) ParNew: 241933K->1341K(270976K)
[1731.131s][info ][gc,heap      ] GC(729) CMS: 386400K->386426K(602112K)
[1731.131s][info ][gc,metaspace ] GC(729) Metaspace: 63197K->63197K(1107968K)
[1731.131s][info ][gc           ] GC(729) Pause Young (Allocation Failure) 613M->378M(852M) 2.709ms
[1731.131s][info ][gc,cpu       ] GC(729) User=0.00s Sys=0.00s Real=0.01s
[1731.131s][info ][safepoint    ] Leaving safepoint region
[1731.131s][info ][safepoint    ] Total time for which application threads were stopped: 0.0029676 seconds, Stopping threads took: 0.0000166 seconds
[1733.131s][info ][safepoint    ] Application time: 2.0002665 seconds
[1733.131s][info ][safepoint    ] Entering safepoint region: Cleanup
[1733.131s][info ][safepoint    ] Leaving safepoint region
[1733.131s][info ][safepoint    ] Total time for which application threads were stopped: 0.0000810 seconds, Stopping threads took: 0.0000166 seconds
[1734.131s][info ][safepoint    ] Application time: 1.0000853 seconds
[1734.131s][info ][safepoint    ] Entering safepoint region: Cleanup
[1734.132s][info ][safepoint    ] Leaving safepoint region
[1734.132s][info ][safepoint    ] Total time for which application threads were stopped: 0.0000889 seconds, Stopping threads took: 0.0000158 seconds
[1734.771s][info ][safepoint    ] Application time: 0.6391652 seconds
[1734.771s][info ][safepoint    ] Entering safepoint region: RevokeBias
[1734.771s][info ][safepoint    ] Leaving safepoint region
[1734.771s][info ][safepoint    ] Total time for which application threads were stopped: 0.0002449 seconds, Stopping threads took: 0.0000404 seconds
[1734.919s][info ][safepoint    ] Application time: 0.1481034 seconds
[1734.919s][info ][safepoint    ] Entering safepoint region: GenCollectForAllocation
[1734.919s][info ][gc,start     ] GC(730) Pause Young (Allocation Failure)
[1734.919s][info ][gc,task      ] GC(730) Using 4 workers of 4 for evacuation
[1734.922s][debug][gc,ref       ] GC(730) Skipped phase1 of Reference Processing due to unavailable references
[1734.922s][debug][gc,ref       ] GC(730) Skipped phase2 of Reference Processing due to unavailable references
[1734.922s][debug][gc,ref       ] GC(730) Skipped phase3 of Reference Processing due to unavailable references
[1734.922s][debug][gc,ref       ] GC(730) Skipped phase4 of Reference Processing due to unavailable references
[1734.922s][debug][gc,age       ] GC(730) Desired survivor size 15400960 bytes, new threshold 6 (max threshold 6)
[1734.922s][info ][gc,heap      ] GC(730) ParNew: 242237K->1045K(270976K)
[1734.922s][info ][gc,heap      ] GC(730) CMS: 386426K->386491K(602112K)
[1734.922s][info ][gc,metaspace ] GC(730) Metaspace: 63197K->63197K(1107968K)
[1734.922s][info ][gc           ] GC(730) Pause Young (Allocation Failure) 613M->378M(852M) 2.733ms
[1734.922s][info ][gc,cpu       ] GC(730) User=0.01s Sys=0.00s Real=0.01s
[1734.922s][info ][safepoint    ] Leaving safepoint region
[1734.922s][info ][safepoint    ] Total time for which application threads were stopped: 0.0029172 seconds, Stopping threads took: 0.0000465 seconds
[1736.922s][info ][safepoint    ] Application time: 2.0002449 seconds
[1736.922s][info ][safepoint    ] Entering safepoint region: Cleanup
[1736.923s][info ][safepoint    ] Leaving safepoint region
[1736.923s][info ][safepoint    ] Total time for which application threads were stopped: 0.0002073 seconds, Stopping threads took: 0.0000559 seconds
[1738.678s][info ][safepoint    ] Application time: 1.7550174 seconds
[1738.678s][info ][safepoint    ] Entering safepoint region: GenCollectForAllocation
[1738.678s][info ][gc,start     ] GC(731) Pause Young (Allocation Failure)
[1738.678s][info ][gc,task      ] GC(731) Using 4 workers of 4 for evacuation
[1738.680s][debug][gc,ref       ] GC(731) Skipped phase1 of Reference Processing due to unavailable references
[1738.680s][debug][gc,ref       ] GC(731) Skipped phase2 of Reference Processing due to unavailable references
[1738.680s][debug][gc,ref       ] GC(731) Skipped phase3 of Reference Processing due to unavailable references
[1738.680s][debug][gc,ref       ] GC(731) Skipped phase4 of Reference Processing due to unavailable references
[1738.681s][debug][gc,age       ] GC(731) Desired survivor size 15400960 bytes, new threshold 6 (max threshold 6)
[1738.681s][info ][gc,heap      ] GC(731) ParNew: 241941K->1143K(270976K)
[1738.681s][info ][gc,heap      ] GC(731) CMS: 386491K->386557K(602112K)
[1738.681s][info ][gc,metaspace ] GC(731) Metaspace: 63197K->63197K(1107968K)
[1738.681s][info ][gc           ] GC(731) Pause Young (Allocation Failure) 613M->378M(852M) 3.038ms
[1738.681s][info ][gc,cpu       ] GC(731) User=0.01s Sys=0.00s Real=0.01s
[1738.681s][info ][safepoint    ] Leaving safepoint region
[1738.681s][info ][safepoint    ] Total time for which application threads were stopped: 0.0031927 seconds, Stopping threads took: 0.0000168 seconds
[1742.522s][info ][safepoint    ] Application time: 3.8410031 seconds
[1742.522s][info ][safepoint    ] Entering safepoint region: GenCollectForAllocation
[1742.522s][info ][gc,start     ] GC(732) Pause Young (Allocation Failure)
[1742.522s][info ][gc,task      ] GC(732) Using 4 workers of 4 for evacuation
[1742.526s][debug][gc,ref       ] GC(732) Skipped phase1 of Reference Processing due to unavailable references
[1742.526s][debug][gc,ref       ] GC(732) Skipped phase2 of Reference Processing due to unavailable references
[1742.526s][debug][gc,ref       ] GC(732) Skipped phase3 of Reference Processing due to unavailable references
[1742.526s][debug][gc,ref       ] GC(732) Skipped phase4 of Reference Processing due to unavailable references
[1742.527s][debug][gc,age       ] GC(732) Desired survivor size 15400960 bytes, new threshold 6 (max threshold 6)
[1742.527s][info ][gc,heap      ] GC(732) ParNew: 242039K->1158K(270976K)
[1742.527s][info ][gc,heap      ] GC(732) CMS: 386557K->386896K(602112K)
[1742.527s][info ][gc,metaspace ] GC(732) Metaspace: 63197K->63197K(1107968K)
[1742.527s][info ][gc           ] GC(732) Pause Young (Allocation Failure) 613M->378M(852M) 4.604ms
[1742.527s][info ][gc,cpu       ] GC(732) User=0.02s Sys=0.00s Real=0.00s
[1742.527s][info ][safepoint    ] Leaving safepoint region
[1742.527s][info ][safepoint    ] Total time for which application threads were stopped: 0.0048630 seconds, Stopping threads took: 0.0000601 seconds
[1746.327s][info ][safepoint    ] Application time: 3.8003835 seconds
[1746.327s][info ][safepoint    ] Entering safepoint region: GenCollectForAllocation
[1746.327s][info ][gc,start     ] GC(733) Pause Young (Allocation Failure)
[1746.327s][info ][gc,task      ] GC(733) Using 4 workers of 4 for evacuation
[1746.330s][debug][gc,ref       ] GC(733) Skipped phase1 of Reference Processing due to unavailable references
[1746.330s][debug][gc,ref       ] GC(733) Skipped phase2 of Reference Processing due to unavailable references
[1746.330s][debug][gc,ref       ] GC(733) Skipped phase3 of Reference Processing due to unavailable references
[1746.330s][debug][gc,ref       ] GC(733) Skipped phase4 of Reference Processing due to unavailable references
[1746.330s][debug][gc,age       ] GC(733) Desired survivor size 15400960 bytes, new threshold 6 (max threshold 6)
[1746.330s][info ][gc,heap      ] GC(733) ParNew: 242054K->841K(270976K)
[1746.330s][info ][gc,heap      ] GC(733) CMS: 386896K->386998K(602112K)
[1746.330s][info ][gc,metaspace ] GC(733) Metaspace: 63197K->63197K(1107968K)
[1746.330s][info ][gc           ] GC(733) Pause Young (Allocation Failure) 614M->378M(852M) 2.891ms
[1746.330s][info ][gc,cpu       ] GC(733) User=0.01s Sys=0.00s Real=0.01s
[1746.330s][info ][safepoint    ] Leaving safepoint region
[1746.330s][info ][safepoint    ] Total time for which application threads were stopped: 0.0030895 seconds, Stopping threads took: 0.0000161 seconds
[1750.180s][info ][safepoint    ] Application time: 3.8494216 seconds
[1750.180s][info ][safepoint    ] Entering safepoint region: GenCollectForAllocation
[1750.180s][info ][gc,start     ] GC(734) Pause Young (Allocation Failure)
[1750.180s][info ][gc,task      ] GC(734) Using 4 workers of 4 for evacuation
[1750.182s][debug][gc,ref       ] GC(734) Skipped phase1 of Reference Processing due to unavailable references
[1750.182s][debug][gc,ref       ] GC(734) Skipped phase2 of Reference Processing due to unavailable references
[1750.182s][debug][gc,ref       ] GC(734) Skipped phase3 of Reference Processing due to unavailable references
[1750.182s][debug][gc,ref       ] GC(734) Skipped phase4 of Reference Processing due to unavailable references
[1750.182s][debug][gc,age       ] GC(734) Desired survivor size 15400960 bytes, new threshold 6 (max threshold 6)
[1750.182s][info ][gc,heap      ] GC(734) ParNew: 241737K->832K(270976K)
[1750.182s][info ][gc,heap      ] GC(734) CMS: 386998K->387065K(602112K)
[1750.182s][info ][gc,metaspace ] GC(734) Metaspace: 63197K->63197K(1107968K)
[1750.182s][info ][gc           ] GC(734) Pause Young (Allocation Failure) 613M->378M(852M) 2.539ms
[1750.182s][info ][gc,cpu       ] GC(734) User=0.01s Sys=0.00s Real=0.01s
[1750.182s][info ][safepoint    ] Leaving safepoint region
[1750.182s][info ][safepoint    ] Total time for which application threads were stopped: 0.0026846 seconds, Stopping threads took: 0.0000153 seconds
[1752.183s][info ][safepoint    ] Application time: 2.0002292 seconds
[1752.183s][info ][safepoint    ] Entering safepoint region: Cleanup
[1752.183s][info ][safepoint    ] Leaving safepoint region
[1752.183s][info ][safepoint    ] Total time for which application threads were stopped: 0.0000782 seconds, Stopping threads took: 0.0000157 seconds
[1753.927s][info ][safepoint    ] Application time: 1.7440080 seconds
[1753.927s][info ][safepoint    ] Entering safepoint region: GenCollectForAllocation
[1753.927s][info ][gc,start     ] GC(735) Pause Young (Allocation Failure)
[1753.927s][info ][gc,task      ] GC(735) Using 4 workers of 4 for evacuation
[1753.929s][debug][gc,ref       ] GC(735) Skipped phase1 of Reference Processing due to unavailable references
[1753.929s][debug][gc,ref       ] GC(735) Skipped phase2 of Reference Processing due to unavailable references
[1753.929s][debug][gc,ref       ] GC(735) Skipped phase3 of Reference Processing due to unavailable references
[1753.929s][debug][gc,ref       ] GC(735) Skipped phase4 of Reference Processing due to unavailable references
[1753.929s][debug][gc,age       ] GC(735) Desired survivor size 15400960 bytes, new threshold 6 (max threshold 6)
[1753.929s][info ][gc,heap      ] GC(735) ParNew: 241728K->717K(270976K)
[1753.929s][info ][gc,heap      ] GC(735) CMS: 387065K->387160K(602112K)
[1753.929s][info ][gc,metaspace ] GC(735) Metaspace: 63197K->63197K(1107968K)
[1753.930s][info ][gc           ] GC(735) Pause Young (Allocation Failure) 614M->378M(852M) 2.515ms
[1753.930s][info ][gc,cpu       ] GC(735) User=0.00s Sys=0.00s Real=0.01s
[1753.930s][info ][safepoint    ] Leaving safepoint region
[1753.930s][info ][safepoint    ] Total time for which application threads were stopped: 0.0027506 seconds, Stopping threads took: 0.0000183 seconds
[1757.721s][info ][safepoint    ] Application time: 3.7911455 seconds
[1757.721s][info ][safepoint    ] Entering safepoint region: GenCollectForAllocation
[1757.721s][info ][gc,start     ] GC(736) Pause Young (Allocation Failure)
[1757.721s][info ][gc,task      ] GC(736) Using 4 workers of 4 for evacuation
[1757.725s][debug][gc,ref       ] GC(736) Skipped phase1 of Reference Processing due to unavailable references
[1757.725s][debug][gc,ref       ] GC(736) Skipped phase2 of Reference Processing due to unavailable references
[1757.725s][debug][gc,ref       ] GC(736) Skipped phase3 of Reference Processing due to unavailable references
[1757.725s][debug][gc,ref       ] GC(736) Skipped phase4 of Reference Processing due to unavailable references
[1757.725s][debug][gc,age       ] GC(736) Desired survivor size 15400960 bytes, new threshold 6 (max threshold 6)
[1757.725s][info ][gc,heap      ] GC(736) ParNew: 241613K->952K(270976K)
[1757.725s][info ][gc,heap      ] GC(736) CMS: 387160K->387218K(602112K)
[1757.725s][info ][gc,metaspace ] GC(736) Metaspace: 63197K->63197K(1107968K)
[1757.725s][info ][gc           ] GC(736) Pause Young (Allocation Failure) 614M->379M(852M) 3.986ms
[1757.725s][info ][gc,cpu       ] GC(736) User=0.01s Sys=0.00s Real=0.00s
[1757.725s][info ][safepoint    ] Leaving safepoint region
[1757.725s][info ][safepoint    ] Total time for which application threads were stopped: 0.0042715 seconds, Stopping threads took: 0.0000395 seconds
[1759.725s][info ][safepoint    ] Application time: 2.0002049 seconds
[1759.725s][info ][safepoint    ] Entering safepoint region: Cleanup
[1759.725s][info ][safepoint    ] Leaving safepoint region
[1759.725s][info ][safepoint    ] Total time for which application threads were stopped: 0.0001897 seconds, Stopping threads took: 0.0001181 seconds
[1761.480s][info ][safepoint    ] Application time: 1.7543227 seconds
[1761.480s][info ][safepoint    ] Entering safepoint region: GenCollectForAllocation
[1761.480s][info ][gc,start     ] GC(737) Pause Young (Allocation Failure)
[1761.480s][info ][gc,task      ] GC(737) Using 4 workers of 4 for evacuation
[1761.483s][debug][gc,ref       ] GC(737) Skipped phase1 of Reference Processing due to unavailable references
[1761.483s][debug][gc,ref       ] GC(737) Skipped phase2 of Reference Processing due to unavailable references
[1761.483s][debug][gc,ref       ] GC(737) Skipped phase3 of Reference Processing due to unavailable references
[1761.483s][debug][gc,ref       ] GC(737) Skipped phase4 of Reference Processing due to unavailable references
[1761.484s][debug][gc,age       ] GC(737) Desired survivor size 15400960 bytes, new threshold 6 (max threshold 6)
[1761.484s][info ][gc,heap      ] GC(737) ParNew: 241848K->689K(270976K)
[1761.484s][info ][gc,heap      ] GC(737) CMS: 387218K->387294K(602112K)
[1761.484s][info ][gc,metaspace ] GC(737) Metaspace: 63197K->63197K(1107968K)
[1761.484s][info ][gc           ] GC(737) Pause Young (Allocation Failure) 614M->378M(852M) 3.556ms
[1761.484s][info ][gc,cpu       ] GC(737) User=0.00s Sys=0.01s Real=0.01s
[1761.484s][info ][safepoint    ] Leaving safepoint region
[1761.484s][info ][safepoint    ] Total time for which application threads were stopped: 0.0038388 seconds, Stopping threads took: 0.0000551 seconds
[1763.484s][info ][safepoint    ] Application time: 2.0002001 seconds
[1763.484s][info ][safepoint    ] Entering safepoint region: Cleanup
[1763.484s][info ][safepoint    ] Leaving safepoint region
[1763.484s][info ][safepoint    ] Total time for which application threads were stopped: 0.0001028 seconds, Stopping threads took: 0.0000161 seconds
[1764.484s][info ][safepoint    ] Application time: 1.0001213 seconds
[1764.484s][info ][safepoint    ] Entering safepoint region: Cleanup
[1764.484s][info ][safepoint    ] Leaving safepoint region
[1764.484s][info ][safepoint    ] Total time for which application threads were stopped: 0.0000996 seconds, Stopping threads took: 0.0000158 seconds
[1765.274s][info ][safepoint    ] Application time: 0.7897097 seconds
[1765.274s][info ][safepoint    ] Entering safepoint region: GenCollectForAllocation
[1765.274s][info ][gc,start     ] GC(738) Pause Young (Allocation Failure)
[1765.274s][info ][gc,task      ] GC(738) Using 4 workers of 4 for evacuation
[1765.276s][debug][gc,ref       ] GC(738) Skipped phase1 of Reference Processing due to unavailable references
[1765.276s][debug][gc,ref       ] GC(738) Skipped phase2 of Reference Processing due to unavailable references
[1765.276s][debug][gc,ref       ] GC(738) Skipped phase3 of Reference Processing due to unavailable references
[1765.276s][debug][gc,ref       ] GC(738) Skipped phase4 of Reference Processing due to unavailable references
[1765.277s][debug][gc,age       ] GC(738) Desired survivor size 15400960 bytes, new threshold 6 (max threshold 6)
[1765.277s][info ][gc,heap      ] GC(738) ParNew: 241585K->739K(270976K)
[1765.277s][info ][gc,heap      ] GC(738) CMS: 387294K->387375K(602112K)
[1765.277s][info ][gc,metaspace ] GC(738) Metaspace: 63197K->63197K(1107968K)
[1765.277s][info ][gc           ] GC(738) Pause Young (Allocation Failure) 614M->379M(852M) 2.570ms
[1765.277s][info ][gc,cpu       ] GC(738) User=0.01s Sys=0.00s Real=0.00s
[1765.277s][info ][safepoint    ] Leaving safepoint region
[1765.277s][info ][safepoint    ] Total time for which application threads were stopped: 0.0027280 seconds, Stopping threads took: 0.0000167 seconds
[1767.277s][info ][safepoint    ] Application time: 2.0002497 seconds
[1767.277s][info ][safepoint    ] Entering safepoint region: Cleanup
[1767.277s][info ][safepoint    ] Leaving safepoint region
[1767.277s][info ][safepoint    ] Total time for which application threads were stopped: 0.0001165 seconds, Stopping threads took: 0.0000409 seconds
[1768.868s][info ][safepoint    ] Application time: 1.5906581 seconds
[1768.868s][info ][safepoint    ] Entering safepoint region: GenCollectForAllocation
[1768.868s][info ][gc,start     ] GC(739) Pause Young (Allocation Failure)
[1768.868s][info ][gc,task      ] GC(739) Using 4 workers of 4 for evacuation
[1768.870s][debug][gc,ref       ] GC(739) Skipped phase1 of Reference Processing due to unavailable references
[1768.870s][debug][gc,ref       ] GC(739) Skipped phase2 of Reference Processing due to unavailable references
[1768.870s][debug][gc,ref       ] GC(739) Skipped phase3 of Reference Processing due to unavailable references
[1768.870s][debug][gc,ref       ] GC(739) Skipped phase4 of Reference Processing due to unavailable references
[1768.871s][debug][gc,age       ] GC(739) Desired survivor size 15400960 bytes, new threshold 6 (max threshold 6)
[1768.871s][info ][gc,heap      ] GC(739) ParNew: 241635K->1157K(270976K)
[1768.871s][info ][gc,heap      ] GC(739) CMS: 387375K->387465K(602112K)
[1768.871s][info ][gc,metaspace ] GC(739) Metaspace: 63201K->63201K(1107968K)
[1768.871s][info ][gc           ] GC(739) Pause Young (Allocation Failure) 614M->379M(852M) 2.691ms
[1768.871s][info ][gc,cpu       ] GC(739) User=0.01s Sys=0.00s Real=0.01s
[1768.871s][info ][safepoint    ] Leaving safepoint region
[1768.871s][info ][safepoint    ] Total time for which application threads were stopped: 0.0028308 seconds, Stopping threads took: 0.0000151 seconds
[1772.515s][info ][safepoint    ] Application time: 3.6439449 seconds
[1772.515s][info ][safepoint    ] Entering safepoint region: GenCollectForAllocation
[1772.515s][info ][gc,start     ] GC(740) Pause Young (Allocation Failure)
[1772.515s][info ][gc,task      ] GC(740) Using 4 workers of 4 for evacuation
[1772.518s][debug][gc,ref       ] GC(740) Skipped phase1 of Reference Processing due to unavailable references
[1772.518s][debug][gc,ref       ] GC(740) Skipped phase2 of Reference Processing due to unavailable references
[1772.518s][debug][gc,ref       ] GC(740) Skipped phase3 of Reference Processing due to unavailable references
[1772.518s][debug][gc,ref       ] GC(740) Skipped phase4 of Reference Processing due to unavailable references
[1772.518s][debug][gc,age       ] GC(740) Desired survivor size 15400960 bytes, new threshold 6 (max threshold 6)
[1772.518s][info ][gc,heap      ] GC(740) ParNew: 242053K->1656K(270976K)
[1772.518s][info ][gc,heap      ] GC(740) CMS: 387465K->387487K(602112K)
[1772.518s][info ][gc,metaspace ] GC(740) Metaspace: 63201K->63201K(1107968K)
[1772.518s][info ][gc           ] GC(740) Pause Young (Allocation Failure) 614M->380M(852M) 3.015ms
[1772.518s][info ][gc,cpu       ] GC(740) User=0.01s Sys=0.00s Real=0.00s
[1772.518s][info ][safepoint    ] Leaving safepoint region
[1772.518s][info ][safepoint    ] Total time for which application threads were stopped: 0.0032227 seconds, Stopping threads took: 0.0000631 seconds
[1774.518s][info ][safepoint    ] Application time: 2.0001997 seconds
[1774.518s][info ][safepoint    ] Entering safepoint region: Cleanup
[1774.518s][info ][safepoint    ] Leaving safepoint region
[1774.518s][info ][safepoint    ] Total time for which application threads were stopped: 0.0001369 seconds, Stopping threads took: 0.0000755 seconds
[1776.072s][info ][safepoint    ] Application time: 1.5536302 seconds
[1776.072s][info ][safepoint    ] Entering safepoint region: GenCollectForAllocation
[1776.072s][info ][gc,start     ] GC(741) Pause Young (Allocation Failure)
[1776.072s][info ][gc,task      ] GC(741) Using 4 workers of 4 for evacuation
[1776.075s][debug][gc,ref       ] GC(741) Skipped phase1 of Reference Processing due to unavailable references
[1776.075s][debug][gc,ref       ] GC(741) Skipped phase2 of Reference Processing due to unavailable references
[1776.075s][debug][gc,ref       ] GC(741) Skipped phase3 of Reference Processing due to unavailable references
[1776.075s][debug][gc,ref       ] GC(741) Skipped phase4 of Reference Processing due to unavailable references
[1776.075s][debug][gc,age       ] GC(741) Desired survivor size 15400960 bytes, new threshold 6 (max threshold 6)
[1776.075s][info ][gc,heap      ] GC(741) ParNew: 242552K->1486K(270976K)
[1776.075s][info ][gc,heap      ] GC(741) CMS: 387487K->387573K(602112K)
[1776.075s][info ][gc,metaspace ] GC(741) Metaspace: 63201K->63201K(1107968K)
[1776.075s][info ][gc           ] GC(741) Pause Young (Allocation Failure) 615M->379M(852M) 3.199ms
[1776.075s][info ][gc,cpu       ] GC(741) User=0.02s Sys=0.00s Real=0.00s
[1776.075s][info ][safepoint    ] Leaving safepoint region
[1776.075s][info ][safepoint    ] Total time for which application threads were stopped: 0.0033334 seconds, Stopping threads took: 0.0000159 seconds
[1777.075s][info ][safepoint    ] Application time: 1.0000914 seconds
[1777.076s][info ][safepoint    ] Entering safepoint region: Cleanup
[1777.076s][info ][safepoint    ] Leaving safepoint region
[1777.076s][info ][safepoint    ] Total time for which application threads were stopped: 0.0002015 seconds, Stopping threads took: 0.0001249 seconds
[1779.628s][info ][safepoint    ] Application time: 2.5526303 seconds
[1779.628s][info ][safepoint    ] Entering safepoint region: GenCollectForAllocation
[1779.628s][info ][gc,start     ] GC(742) Pause Young (Allocation Failure)
[1779.628s][info ][gc,task      ] GC(742) Using 4 workers of 4 for evacuation
[1779.631s][debug][gc,ref       ] GC(742) Skipped phase1 of Reference Processing due to unavailable references
[1779.631s][debug][gc,ref       ] GC(742) Skipped phase2 of Reference Processing due to unavailable references
[1779.631s][debug][gc,ref       ] GC(742) Skipped phase3 of Reference Processing due to unavailable references
[1779.631s][debug][gc,ref       ] GC(742) Skipped phase4 of Reference Processing due to unavailable references
[1779.631s][debug][gc,age       ] GC(742) Desired survivor size 15400960 bytes, new threshold 6 (max threshold 6)
[1779.631s][info ][gc,heap      ] GC(742) ParNew: 242382K->1338K(270976K)
[1779.631s][info ][gc,heap      ] GC(742) CMS: 387573K->387662K(602112K)
[1779.631s][info ][gc,metaspace ] GC(742) Metaspace: 63201K->63201K(1107968K)
[1779.631s][info ][gc           ] GC(742) Pause Young (Allocation Failure) 615M->379M(852M) 2.966ms
[1779.631s][info ][gc,cpu       ] GC(742) User=0.01s Sys=0.00s Real=0.00s
[1779.631s][info ][safepoint    ] Leaving safepoint region
[1779.631s][info ][safepoint    ] Total time for which application threads were stopped: 0.0031136 seconds, Stopping threads took: 0.0000169 seconds
[1780.631s][info ][safepoint    ] Application time: 1.0000992 seconds
[1780.632s][info ][safepoint    ] Entering safepoint region: Cleanup
[1780.632s][info ][safepoint    ] Leaving safepoint region
[1780.632s][info ][safepoint    ] Total time for which application threads were stopped: 0.0001458 seconds, Stopping threads took: 0.0000287 seconds
[1781.632s][info ][safepoint    ] Application time: 1.0001285 seconds
[1781.632s][info ][safepoint    ] Entering safepoint region: Cleanup
[1781.632s][info ][safepoint    ] Leaving safepoint region
[1781.632s][info ][safepoint    ] Total time for which application threads were stopped: 0.0000733 seconds, Stopping threads took: 0.0000152 seconds
[1782.632s][info ][safepoint    ] Application time: 1.0001015 seconds
[1782.632s][info ][safepoint    ] Entering safepoint region: Cleanup
[1782.632s][info ][safepoint    ] Leaving safepoint region
[1782.632s][info ][safepoint    ] Total time for which application threads were stopped: 0.0000713 seconds, Stopping threads took: 0.0000163 seconds
[1783.227s][info ][safepoint    ] Application time: 0.5949372 seconds
[1783.227s][info ][safepoint    ] Entering safepoint region: GenCollectForAllocation
[1783.227s][info ][gc,start     ] GC(743) Pause Young (Allocation Failure)
[1783.227s][info ][gc,task      ] GC(743) Using 4 workers of 4 for evacuation
[1783.231s][debug][gc,ref       ] GC(743) Skipped phase1 of Reference Processing due to unavailable references
[1783.231s][debug][gc,ref       ] GC(743) Skipped phase2 of Reference Processing due to unavailable references
[1783.231s][debug][gc,ref       ] GC(743) Skipped phase3 of Reference Processing due to unavailable references
[1783.231s][debug][gc,ref       ] GC(743) Skipped phase4 of Reference Processing due to unavailable references
[1783.231s][debug][gc,age       ] GC(743) Desired survivor size 15400960 bytes, new threshold 6 (max threshold 6)
[1783.231s][info ][gc,heap      ] GC(743) ParNew: 242234K->1620K(270976K)
[1783.231s][info ][gc,heap      ] GC(743) CMS: 387662K->387738K(602112K)
[1783.231s][info ][gc,metaspace ] GC(743) Metaspace: 63201K->63201K(1107968K)
[1783.231s][info ][gc           ] GC(743) Pause Young (Allocation Failure) 615M->380M(852M) 3.672ms
[1783.231s][info ][gc,cpu       ] GC(743) User=0.01s Sys=0.00s Real=0.01s
[1783.231s][info ][safepoint    ] Leaving safepoint region
[1783.231s][info ][safepoint    ] Total time for which application threads were stopped: 0.0038375 seconds, Stopping threads took: 0.0000291 seconds
[1786.727s][info ][safepoint    ] Application time: 3.4959131 seconds
[1786.727s][info ][safepoint    ] Entering safepoint region: GenCollectForAllocation
[1786.727s][info ][gc,start     ] GC(744) Pause Young (Allocation Failure)
[1786.727s][info ][gc,task      ] GC(744) Using 4 workers of 4 for evacuation
[1786.731s][debug][gc,ref       ] GC(744) Skipped phase1 of Reference Processing due to unavailable references
[1786.731s][debug][gc,ref       ] GC(744) Skipped phase2 of Reference Processing due to unavailable references
[1786.731s][debug][gc,ref       ] GC(744) Skipped phase3 of Reference Processing due to unavailable references
[1786.731s][debug][gc,ref       ] GC(744) Skipped phase4 of Reference Processing due to unavailable references
[1786.731s][debug][gc,age       ] GC(744) Desired survivor size 15400960 bytes, new threshold 6 (max threshold 6)
[1786.731s][info ][gc,heap      ] GC(744) ParNew: 242516K->1185K(270976K)
[1786.731s][info ][gc,heap      ] GC(744) CMS: 387738K->387829K(602112K)
[1786.731s][info ][gc,metaspace ] GC(744) Metaspace: 63201K->63201K(1107968K)
[1786.731s][info ][gc           ] GC(744) Pause Young (Allocation Failure) 615M->379M(852M) 3.956ms
[1786.731s][info ][gc,cpu       ] GC(744) User=0.01s Sys=0.00s Real=0.01s
[1786.731s][info ][safepoint    ] Leaving safepoint region
[1786.731s][info ][safepoint    ] Total time for which application threads were stopped: 0.0041699 seconds, Stopping threads took: 0.0000433 seconds
[1790.176s][info ][safepoint    ] Application time: 3.4453168 seconds
[1790.176s][info ][safepoint    ] Entering safepoint region: GenCollectForAllocation
[1790.177s][info ][gc,start     ] GC(745) Pause Young (Allocation Failure)
[1790.177s][info ][gc,task      ] GC(745) Using 4 workers of 4 for evacuation
[1790.179s][debug][gc,ref       ] GC(745) Skipped phase1 of Reference Processing due to unavailable references
[1790.179s][debug][gc,ref       ] GC(745) Skipped phase2 of Reference Processing due to unavailable references
[1790.179s][debug][gc,ref       ] GC(745) Skipped phase3 of Reference Processing due to unavailable references
[1790.179s][debug][gc,ref       ] GC(745) Skipped phase4 of Reference Processing due to unavailable references
[1790.180s][debug][gc,age       ] GC(745) Desired survivor size 15400960 bytes, new threshold 6 (max threshold 6)
[1790.180s][info ][gc,heap      ] GC(745) ParNew: 242081K->1091K(270976K)
[1790.180s][info ][gc,heap      ] GC(745) CMS: 387829K->387931K(602112K)
[1790.180s][info ][gc,metaspace ] GC(745) Metaspace: 63201K->63201K(1107968K)
[1790.180s][info ][gc           ] GC(745) Pause Young (Allocation Failure) 615M->379M(852M) 3.023ms
[1790.180s][info ][gc,cpu       ] GC(745) User=0.01s Sys=0.00s Real=0.00s
[1790.180s][info ][safepoint    ] Leaving safepoint region
[1790.180s][info ][safepoint    ] Total time for which application threads were stopped: 0.0032512 seconds, Stopping threads took: 0.0000171 seconds
[1793.625s][info ][safepoint    ] Application time: 3.4451024 seconds
[1793.625s][info ][safepoint    ] Entering safepoint region: GenCollectForAllocation
[1793.625s][info ][gc,start     ] GC(746) Pause Young (Allocation Failure)
[1793.625s][info ][gc,task      ] GC(746) Using 4 workers of 4 for evacuation
[1793.628s][debug][gc,ref       ] GC(746) Skipped phase1 of Reference Processing due to unavailable references
[1793.628s][debug][gc,ref       ] GC(746) Skipped phase2 of Reference Processing due to unavailable references
[1793.628s][debug][gc,ref       ] GC(746) Skipped phase3 of Reference Processing due to unavailable references
[1793.628s][debug][gc,ref       ] GC(746) Skipped phase4 of Reference Processing due to unavailable references
[1793.628s][debug][gc,age       ] GC(746) Desired survivor size 15400960 bytes, new threshold 6 (max threshold 6)
[1793.628s][info ][gc,heap      ] GC(746) ParNew: 241987K->1086K(270976K)
[1793.628s][info ][gc,heap      ] GC(746) CMS: 387931K->388072K(602112K)
[1793.628s][info ][gc,metaspace ] GC(746) Metaspace: 63201K->63201K(1107968K)
[1793.629s][info ][gc           ] GC(746) Pause Young (Allocation Failure) 615M->380M(852M) 3.571ms
[1793.629s][info ][gc,cpu       ] GC(746) User=0.01s Sys=0.01s Real=0.01s
[1793.629s][info ][safepoint    ] Leaving safepoint region
[1793.629s][info ][safepoint    ] Total time for which application threads were stopped: 0.0037168 seconds, Stopping threads took: 0.0000162 seconds
[1794.629s][info ][safepoint    ] Application time: 1.0000594 seconds
[1794.629s][info ][safepoint    ] Entering safepoint region: Cleanup
[1794.629s][info ][safepoint    ] Leaving safepoint region
[1794.629s][info ][safepoint    ] Total time for which application threads were stopped: 0.0001494 seconds, Stopping threads took: 0.0000606 seconds
[1795.629s][info ][safepoint    ] Application time: 1.0000577 seconds
[1795.629s][info ][safepoint    ] Entering safepoint region: Cleanup
[1795.629s][info ][safepoint    ] Leaving safepoint region
[1795.629s][info ][safepoint    ] Total time for which application threads were stopped: 0.0001309 seconds, Stopping threads took: 0.0000635 seconds
[1796.629s][info ][safepoint    ] Application time: 1.0001199 seconds
[1796.629s][info ][safepoint    ] Entering safepoint region: Cleanup
[1796.629s][info ][safepoint    ] Leaving safepoint region
[1796.629s][info ][safepoint    ] Total time for which application threads were stopped: 0.0001327 seconds, Stopping threads took: 0.0000626 seconds
[1797.018s][info ][safepoint    ] Application time: 0.3887069 seconds
[1797.018s][info ][safepoint    ] Entering safepoint region: GenCollectForAllocation
[1797.018s][info ][gc,start     ] GC(747) Pause Young (Allocation Failure)
[1797.018s][info ][gc,task      ] GC(747) Using 4 workers of 4 for evacuation
[1797.021s][debug][gc,ref       ] GC(747) Skipped phase1 of Reference Processing due to unavailable references
[1797.021s][debug][gc,ref       ] GC(747) Skipped phase2 of Reference Processing due to unavailable references
[1797.021s][debug][gc,ref       ] GC(747) Skipped phase3 of Reference Processing due to unavailable references
[1797.024s][debug][gc,ref       ] GC(747) Skipped phase4 of Reference Processing due to unavailable references
[1797.024s][debug][gc,age       ] GC(747) Desired survivor size 15400960 bytes, new threshold 6 (max threshold 6)
[1797.024s][info ][gc,heap      ] GC(747) ParNew: 241982K->1198K(270976K)
[1797.024s][info ][gc,heap      ] GC(747) CMS: 388072K->388153K(602112K)
[1797.024s][info ][gc,metaspace ] GC(747) Metaspace: 63202K->63202K(1107968K)
[1797.024s][info ][gc           ] GC(747) Pause Young (Allocation Failure) 615M->380M(852M) 6.316ms
[1797.024s][info ][gc,cpu       ] GC(747) User=0.02s Sys=0.01s Real=0.01s
[1797.025s][info ][safepoint    ] Leaving safepoint region
[1797.025s][info ][safepoint    ] Total time for which application threads were stopped: 0.0064649 seconds, Stopping threads took: 0.0000158 seconds
[1800.430s][info ][safepoint    ] Application time: 3.4058283 seconds
[1800.430s][info ][safepoint    ] Entering safepoint region: GenCollectForAllocation
[1800.431s][info ][gc,start     ] GC(748) Pause Young (Allocation Failure)
[1800.431s][info ][gc,task      ] GC(748) Using 4 workers of 4 for evacuation
[1800.434s][debug][gc,ref       ] GC(748) Skipped phase1 of Reference Processing due to unavailable references
[1800.434s][debug][gc,ref       ] GC(748) Skipped phase2 of Reference Processing due to unavailable references
[1800.434s][debug][gc,ref       ] GC(748) Skipped phase3 of Reference Processing due to unavailable references
[1800.434s][debug][gc,ref       ] GC(748) Skipped phase4 of Reference Processing due to unavailable references
[1800.434s][debug][gc,age       ] GC(748) Desired survivor size 15400960 bytes, new threshold 6 (max threshold 6)
[1800.434s][info ][gc,heap      ] GC(748) ParNew: 242094K->1112K(270976K)
[1800.434s][info ][gc,heap      ] GC(748) CMS: 388153K->388205K(602112K)
[1800.434s][info ][gc,metaspace ] GC(748) Metaspace: 63202K->63202K(1107968K)
[1800.434s][info ][gc           ] GC(748) Pause Young (Allocation Failure) 615M->380M(852M) 3.345ms
[1800.434s][info ][gc,cpu       ] GC(748) User=0.01s Sys=0.00s Real=0.00s
[1800.434s][info ][safepoint    ] Leaving safepoint region
[1800.434s][info ][safepoint    ] Total time for which application threads were stopped: 0.0035881 seconds, Stopping threads took: 0.0000341 seconds
[1804.025s][info ][safepoint    ] Application time: 3.5909995 seconds
[1804.025s][info ][safepoint    ] Entering safepoint region: GenCollectForAllocation
[1804.025s][info ][gc,start     ] GC(749) Pause Young (Allocation Failure)
[1804.025s][info ][gc,task      ] GC(749) Using 4 workers of 4 for evacuation
[1804.029s][debug][gc,ref       ] GC(749) Skipped phase1 of Reference Processing due to unavailable references
[1804.029s][debug][gc,ref       ] GC(749) Skipped phase2 of Reference Processing due to unavailable references
[1804.029s][debug][gc,ref       ] GC(749) Skipped phase3 of Reference Processing due to unavailable references
[1804.029s][debug][gc,ref       ] GC(749) Skipped phase4 of Reference Processing due to unavailable references
[1804.029s][debug][gc,age       ] GC(749) Desired survivor size 15400960 bytes, new threshold 6 (max threshold 6)
[1804.029s][info ][gc,heap      ] GC(749) ParNew: 242008K->1375K(270976K)
[1804.029s][info ][gc,heap      ] GC(749) CMS: 388205K->388254K(602112K)
[1804.029s][info ][gc,metaspace ] GC(749) Metaspace: 63202K->63202K(1107968K)
[1804.029s][info ][gc           ] GC(749) Pause Young (Allocation Failure) 615M->380M(852M) 3.844ms
[1804.029s][info ][gc,cpu       ] GC(749) User=0.01s Sys=0.00s Real=0.01s
[1804.029s][info ][safepoint    ] Leaving safepoint region
[1804.029s][info ][safepoint    ] Total time for which application threads were stopped: 0.0041092 seconds, Stopping threads took: 0.0000515 seconds
[1807.826s][info ][safepoint    ] Application time: 3.7967814 seconds
[1807.826s][info ][safepoint    ] Entering safepoint region: GenCollectForAllocation
[1807.826s][info ][gc,start     ] GC(750) Pause Young (Allocation Failure)
[1807.826s][info ][gc,task      ] GC(750) Using 4 workers of 4 for evacuation
[1807.830s][debug][gc,ref       ] GC(750) Skipped phase1 of Reference Processing due to unavailable references
[1807.830s][debug][gc,ref       ] GC(750) Skipped phase2 of Reference Processing due to unavailable references
[1807.830s][debug][gc,ref       ] GC(750) Skipped phase3 of Reference Processing due to unavailable references
[1807.830s][debug][gc,ref       ] GC(750) Skipped phase4 of Reference Processing due to unavailable references
[1807.830s][debug][gc,age       ] GC(750) Desired survivor size 15400960 bytes, new threshold 6 (max threshold 6)
[1807.830s][info ][gc,heap      ] GC(750) ParNew: 242271K->1392K(270976K)
[1807.830s][info ][gc,heap      ] GC(750) CMS: 388254K->388349K(602112K)
[1807.830s][info ][gc,metaspace ] GC(750) Metaspace: 63204K->63204K(1107968K)
[1807.830s][info ][gc           ] GC(750) Pause Young (Allocation Failure) 615M->380M(852M) 3.791ms
[1807.830s][info ][gc,cpu       ] GC(750) User=0.01s Sys=0.00s Real=0.01s
[1807.830s][info ][safepoint    ] Leaving safepoint region
[1807.830s][info ][safepoint    ] Total time for which application threads were stopped: 0.0039733 seconds, Stopping threads took: 0.0000145 seconds
[1811.671s][info ][safepoint    ] Application time: 3.8411553 seconds
[1811.671s][info ][safepoint    ] Entering safepoint region: GenCollectForAllocation
[1811.671s][info ][gc,start     ] GC(751) Pause Young (Allocation Failure)
[1811.671s][info ][gc,task      ] GC(751) Using 4 workers of 4 for evacuation
[1811.674s][debug][gc,ref       ] GC(751) Skipped phase1 of Reference Processing due to unavailable references
[1811.674s][debug][gc,ref       ] GC(751) Skipped phase2 of Reference Processing due to unavailable references
[1811.674s][debug][gc,ref       ] GC(751) Skipped phase3 of Reference Processing due to unavailable references
[1811.674s][debug][gc,ref       ] GC(751) Skipped phase4 of Reference Processing due to unavailable references
[1811.674s][debug][gc,age       ] GC(751) Desired survivor size 15400960 bytes, new threshold 6 (max threshold 6)
[1811.675s][info ][gc,heap      ] GC(751) ParNew: 242288K->1269K(270976K)
[1811.675s][info ][gc,heap      ] GC(751) CMS: 388349K->388408K(602112K)
[1811.675s][info ][gc,metaspace ] GC(751) Metaspace: 63204K->63204K(1107968K)
[1811.675s][info ][gc           ] GC(751) Pause Young (Allocation Failure) 615M->380M(852M) 3.209ms
[1811.675s][info ][gc,cpu       ] GC(751) User=0.02s Sys=0.00s Real=0.00s
[1811.675s][info ][safepoint    ] Leaving safepoint region
[1811.675s][info ][safepoint    ] Total time for which application threads were stopped: 0.0033729 seconds, Stopping threads took: 0.0000165 seconds
[1813.675s][info ][safepoint    ] Application time: 2.0002273 seconds
[1813.675s][info ][safepoint    ] Entering safepoint region: Cleanup
[1813.675s][info ][safepoint    ] Leaving safepoint region
[1813.675s][info ][safepoint    ] Total time for which application threads were stopped: 0.0001683 seconds, Stopping threads took: 0.0000863 seconds
[1815.723s][info ][safepoint    ] Application time: 2.0477519 seconds
[1815.723s][info ][safepoint    ] Entering safepoint region: GenCollectForAllocation
[1815.723s][info ][gc,start     ] GC(752) Pause Young (Allocation Failure)
[1815.723s][info ][gc,task      ] GC(752) Using 4 workers of 4 for evacuation
[1815.726s][debug][gc,ref       ] GC(752) Skipped phase1 of Reference Processing due to unavailable references
[1815.726s][debug][gc,ref       ] GC(752) Skipped phase2 of Reference Processing due to unavailable references
[1815.726s][debug][gc,ref       ] GC(752) Skipped phase3 of Reference Processing due to unavailable references
[1815.726s][debug][gc,ref       ] GC(752) Skipped phase4 of Reference Processing due to unavailable references
[1815.726s][debug][gc,age       ] GC(752) Desired survivor size 15400960 bytes, new threshold 6 (max threshold 6)
[1815.726s][info ][gc,heap      ] GC(752) ParNew: 242165K->1216K(270976K)
[1815.726s][info ][gc,heap      ] GC(752) CMS: 388408K->388556K(602112K)
[1815.726s][info ][gc,metaspace ] GC(752) Metaspace: 63204K->63204K(1107968K)
[1815.726s][info ][gc           ] GC(752) Pause Young (Allocation Failure) 615M->380M(852M) 3.088ms
[1815.726s][info ][gc,cpu       ] GC(752) User=0.01s Sys=0.01s Real=0.00s
[1815.726s][info ][safepoint    ] Leaving safepoint region
[1815.726s][info ][safepoint    ] Total time for which application threads were stopped: 0.0032277 seconds, Stopping threads took: 0.0000164 seconds
[1816.726s][info ][safepoint    ] Application time: 1.0001008 seconds
[1816.726s][info ][safepoint    ] Entering safepoint region: Cleanup
[1816.726s][info ][safepoint    ] Leaving safepoint region
[1816.726s][info ][safepoint    ] Total time for which application threads were stopped: 0.0001657 seconds, Stopping threads took: 0.0000859 seconds
[1818.727s][info ][safepoint    ] Application time: 2.0001921 seconds
[1818.727s][info ][safepoint    ] Entering safepoint region: Cleanup
[1818.727s][info ][safepoint    ] Leaving safepoint region
[1818.727s][info ][safepoint    ] Total time for which application threads were stopped: 0.0001358 seconds, Stopping threads took: 0.0000542 seconds
[1819.471s][info ][safepoint    ] Application time: 0.7446196 seconds
[1819.471s][info ][safepoint    ] Entering safepoint region: GenCollectForAllocation
[1819.472s][info ][gc,start     ] GC(753) Pause Young (Allocation Failure)
[1819.472s][info ][gc,task      ] GC(753) Using 4 workers of 4 for evacuation
[1819.476s][debug][gc,ref       ] GC(753) Skipped phase1 of Reference Processing due to unavailable references
[1819.476s][debug][gc,ref       ] GC(753) Skipped phase2 of Reference Processing due to unavailable references
[1819.476s][debug][gc,ref       ] GC(753) Skipped phase3 of Reference Processing due to unavailable references
[1819.476s][debug][gc,ref       ] GC(753) Skipped phase4 of Reference Processing due to unavailable references
[1819.476s][debug][gc,age       ] GC(753) Desired survivor size 15400960 bytes, new threshold 6 (max threshold 6)
[1819.476s][info ][gc,heap      ] GC(753) ParNew: 242112K->1394K(270976K)
[1819.476s][info ][gc,heap      ] GC(753) CMS: 388556K->388742K(602112K)
[1819.476s][info ][gc,metaspace ] GC(753) Metaspace: 63204K->63204K(1107968K)
[1819.476s][info ][gc           ] GC(753) Pause Young (Allocation Failure) 615M->380M(852M) 4.191ms
[1819.476s][info ][gc,cpu       ] GC(753) User=0.01s Sys=0.00s Real=0.00s
[1819.476s][info ][safepoint    ] Leaving safepoint region
[1819.476s][info ][safepoint    ] Total time for which application threads were stopped: 0.0043880 seconds, Stopping threads took: 0.0000497 seconds
[1821.476s][info ][safepoint    ] Application time: 2.0002018 seconds
[1821.476s][info ][safepoint    ] Entering safepoint region: Cleanup
[1821.476s][info ][safepoint    ] Leaving safepoint region
[1821.476s][info ][safepoint    ] Total time for which application threads were stopped: 0.0002193 seconds, Stopping threads took: 0.0000666 seconds
[1821.519s][info ][safepoint    ] Application time: 0.0431607 seconds
[1821.520s][info ][safepoint    ] Entering safepoint region: GenCollectForAllocation
[1821.520s][info ][gc,start     ] GC(754) Pause Young (Allocation Failure)
[1821.520s][info ][gc,task      ] GC(754) Using 4 workers of 4 for evacuation
[1821.531s][debug][gc,ref       ] GC(754) Skipped phase1 of Reference Processing due to unavailable references
[1821.531s][debug][gc,ref       ] GC(754) Skipped phase3 of Reference Processing due to unavailable references
[1821.531s][debug][gc,age       ] GC(754) Desired survivor size 15400960 bytes, new threshold 1 (max threshold 6)
[1821.531s][info ][gc,heap      ] GC(754) ParNew: 242290K->22935K(270976K)
[1821.532s][info ][gc,heap      ] GC(754) CMS: 388742K->388854K(602112K)
[1821.532s][info ][gc,metaspace ] GC(754) Metaspace: 63207K->63207K(1107968K)
[1821.532s][info ][gc           ] GC(754) Pause Young (Allocation Failure) 616M->402M(852M) 11.858ms
[1821.532s][info ][gc,cpu       ] GC(754) User=0.05s Sys=0.00s Real=0.02s
[1821.532s][info ][safepoint    ] Leaving safepoint region
[1821.532s][info ][safepoint    ] Total time for which application threads were stopped: 0.0121161 seconds, Stopping threads took: 0.0000985 seconds
[1822.532s][info ][safepoint    ] Application time: 1.0000989 seconds
[1822.532s][info ][safepoint    ] Entering safepoint region: Cleanup
[1822.532s][info ][safepoint    ] Leaving safepoint region
[1822.532s][info ][safepoint    ] Total time for which application threads were stopped: 0.0000973 seconds, Stopping threads took: 0.0000152 seconds
[1823.532s][info ][safepoint    ] Application time: 1.0000928 seconds
[1823.532s][info ][safepoint    ] Entering safepoint region: Cleanup
[1823.532s][info ][safepoint    ] Leaving safepoint region
[1823.532s][info ][safepoint    ] Total time for which application threads were stopped: 0.0000804 seconds, Stopping threads took: 0.0000174 seconds
[1825.120s][info ][safepoint    ] Application time: 1.5875856 seconds
[1825.120s][info ][safepoint    ] Entering safepoint region: GenCollectForAllocation
[1825.120s][info ][gc,start     ] GC(755) Pause Young (Allocation Failure)
[1825.120s][info ][gc,task      ] GC(755) Using 4 workers of 4 for evacuation
[1825.124s][debug][gc,ref       ] GC(755) Skipped phase1 of Reference Processing due to unavailable references
[1825.124s][debug][gc,ref       ] GC(755) Skipped phase2 of Reference Processing due to unavailable references
[1825.124s][debug][gc,ref       ] GC(755) Skipped phase3 of Reference Processing due to unavailable references
[1825.124s][debug][gc,age       ] GC(755) Desired survivor size 15400960 bytes, new threshold 6 (max threshold 6)
[1825.124s][info ][gc,heap      ] GC(755) ParNew: 263831K->16947K(270976K)
[1825.124s][info ][gc,heap      ] GC(755) CMS: 388854K->389325K(602112K)
[1825.124s][info ][gc,metaspace ] GC(755) Metaspace: 63207K->63207K(1107968K)
[1825.124s][info ][gc           ] GC(755) Pause Young (Allocation Failure) 637M->396M(852M) 3.995ms
[1825.124s][info ][gc,cpu       ] GC(755) User=0.01s Sys=0.01s Real=0.01s
[1825.124s][info ][safepoint    ] Leaving safepoint region
[1825.124s][info ][safepoint    ] Total time for which application threads were stopped: 0.0042906 seconds, Stopping threads took: 0.0000856 seconds
[1827.124s][info ][safepoint    ] Application time: 2.0002083 seconds
[1827.124s][info ][safepoint    ] Entering safepoint region: Cleanup
[1827.124s][info ][safepoint    ] Leaving safepoint region
[1827.124s][info ][safepoint    ] Total time for which application threads were stopped: 0.0001495 seconds, Stopping threads took: 0.0000581 seconds
[1828.921s][info ][safepoint    ] Application time: 1.7971133 seconds
[1828.922s][info ][safepoint    ] Entering safepoint region: GenCollectForAllocation
[1828.922s][info ][gc,start     ] GC(756) Pause Young (Allocation Failure)
[1828.922s][info ][gc,task      ] GC(756) Using 4 workers of 4 for evacuation
[1828.924s][debug][gc,ref       ] GC(756) Skipped phase1 of Reference Processing due to unavailable references
[1828.924s][debug][gc,ref       ] GC(756) Skipped phase2 of Reference Processing due to unavailable references
[1828.924s][debug][gc,ref       ] GC(756) Skipped phase3 of Reference Processing due to unavailable references
[1828.925s][debug][gc,age       ] GC(756) Desired survivor size 15400960 bytes, new threshold 6 (max threshold 6)
[1828.925s][info ][gc,heap      ] GC(756) ParNew: 257843K->4313K(270976K)
[1828.925s][info ][gc,heap      ] GC(756) CMS: 389325K->389325K(602112K)
[1828.925s][info ][gc,metaspace ] GC(756) Metaspace: 63207K->63207K(1107968K)
[1828.925s][info ][gc           ] GC(756) Pause Young (Allocation Failure) 632M->384M(852M) 2.924ms
[1828.925s][info ][gc,cpu       ] GC(756) User=0.01s Sys=0.00s Real=0.00s
[1828.925s][info ][safepoint    ] Leaving safepoint region
[1828.925s][info ][safepoint    ] Total time for which application threads were stopped: 0.0031090 seconds, Stopping threads took: 0.0000430 seconds
[1832.624s][info ][safepoint    ] Application time: 3.6994140 seconds
[1832.624s][info ][safepoint    ] Entering safepoint region: GenCollectForAllocation
[1832.624s][info ][gc,start     ] GC(757) Pause Young (Allocation Failure)
[1832.624s][info ][gc,task      ] GC(757) Using 4 workers of 4 for evacuation
[1832.627s][debug][gc,ref       ] GC(757) Skipped phase1 of Reference Processing due to unavailable references
[1832.627s][debug][gc,ref       ] GC(757) Skipped phase2 of Reference Processing due to unavailable references
[1832.627s][debug][gc,ref       ] GC(757) Skipped phase3 of Reference Processing due to unavailable references
[1832.627s][debug][gc,ref       ] GC(757) Skipped phase4 of Reference Processing due to unavailable references
[1832.627s][debug][gc,age       ] GC(757) Desired survivor size 15400960 bytes, new threshold 6 (max threshold 6)
[1832.627s][info ][gc,heap      ] GC(757) ParNew: 245209K->1201K(270976K)
[1832.627s][info ][gc,heap      ] GC(757) CMS: 389325K->389325K(602112K)
[1832.627s][info ][gc,metaspace ] GC(757) Metaspace: 63207K->63207K(1107968K)
[1832.627s][info ][gc           ] GC(757) Pause Young (Allocation Failure) 619M->381M(852M) 3.165ms
[1832.627s][info ][gc,cpu       ] GC(757) User=0.01s Sys=0.00s Real=0.00s
[1832.627s][info ][safepoint    ] Leaving safepoint region
[1832.627s][info ][safepoint    ] Total time for which application threads were stopped: 0.0033624 seconds, Stopping threads took: 0.0000302 seconds
[1836.469s][info ][safepoint    ] Application time: 3.8411438 seconds
[1836.469s][info ][safepoint    ] Entering safepoint region: GenCollectForAllocation
[1836.469s][info ][gc,start     ] GC(758) Pause Young (Allocation Failure)
[1836.469s][info ][gc,task      ] GC(758) Using 4 workers of 4 for evacuation
[1836.472s][debug][gc,ref       ] GC(758) Skipped phase1 of Reference Processing due to unavailable references
[1836.472s][debug][gc,ref       ] GC(758) Skipped phase2 of Reference Processing due to unavailable references
[1836.472s][debug][gc,ref       ] GC(758) Skipped phase3 of Reference Processing due to unavailable references
[1836.473s][debug][gc,ref       ] GC(758) Skipped phase4 of Reference Processing due to unavailable references
[1836.473s][debug][gc,age       ] GC(758) Desired survivor size 15400960 bytes, new threshold 6 (max threshold 6)
[1836.473s][info ][gc,heap      ] GC(758) ParNew: 242097K->1182K(270976K)
[1836.473s][info ][gc,heap      ] GC(758) CMS: 389325K->389325K(602112K)
[1836.473s][info ][gc,metaspace ] GC(758) Metaspace: 63207K->63207K(1107968K)
[1836.473s][info ][gc           ] GC(758) Pause Young (Allocation Failure) 616M->381M(852M) 3.881ms
[1836.473s][info ][gc,cpu       ] GC(758) User=0.01s Sys=0.00s Real=0.00s
[1836.473s][info ][safepoint    ] Leaving safepoint region
[1836.473s][info ][safepoint    ] Total time for which application threads were stopped: 0.0041227 seconds, Stopping threads took: 0.0000489 seconds
[1840.226s][info ][safepoint    ] Application time: 3.7528753 seconds
[1840.226s][info ][safepoint    ] Entering safepoint region: GenCollectForAllocation
[1840.226s][info ][gc,start     ] GC(759) Pause Young (Allocation Failure)
[1840.226s][info ][gc,task      ] GC(759) Using 4 workers of 4 for evacuation
[1840.228s][debug][gc,ref       ] GC(759) Skipped phase1 of Reference Processing due to unavailable references
[1840.228s][debug][gc,ref       ] GC(759) Skipped phase2 of Reference Processing due to unavailable references
[1840.228s][debug][gc,ref       ] GC(759) Skipped phase3 of Reference Processing due to unavailable references
[1840.228s][debug][gc,ref       ] GC(759) Skipped phase4 of Reference Processing due to unavailable references
[1840.229s][debug][gc,age       ] GC(759) Desired survivor size 15400960 bytes, new threshold 6 (max threshold 6)
[1840.229s][info ][gc,heap      ] GC(759) ParNew: 242078K->1342K(270976K)
[1840.229s][info ][gc,heap      ] GC(759) CMS: 389325K->389325K(602112K)
[1840.229s][info ][gc,metaspace ] GC(759) Metaspace: 63207K->63207K(1107968K)
[1840.229s][info ][gc           ] GC(759) Pause Young (Allocation Failure) 616M->381M(852M) 2.844ms
[1840.229s][info ][gc,cpu       ] GC(759) User=0.01s Sys=0.00s Real=0.01s
[1840.229s][info ][safepoint    ] Leaving safepoint region
[1840.229s][info ][safepoint    ] Total time for which application threads were stopped: 0.0030051 seconds, Stopping threads took: 0.0000163 seconds
[1844.119s][info ][safepoint    ] Application time: 3.8904944 seconds
[1844.119s][info ][safepoint    ] Entering safepoint region: GenCollectForAllocation
[1844.119s][info ][gc,start     ] GC(760) Pause Young (Allocation Failure)
[1844.119s][info ][gc,task      ] GC(760) Using 4 workers of 4 for evacuation
[1844.122s][debug][gc,ref       ] GC(760) Skipped phase1 of Reference Processing due to unavailable references
[1844.122s][debug][gc,ref       ] GC(760) Skipped phase2 of Reference Processing due to unavailable references
[1844.122s][debug][gc,ref       ] GC(760) Skipped phase3 of Reference Processing due to unavailable references
[1844.122s][debug][gc,ref       ] GC(760) Skipped phase4 of Reference Processing due to unavailable references
[1844.122s][debug][gc,age       ] GC(760) Desired survivor size 15400960 bytes, new threshold 6 (max threshold 6)
[1844.123s][info ][gc,heap      ] GC(760) ParNew: 242238K->1512K(270976K)
[1844.123s][info ][gc,heap      ] GC(760) CMS: 389325K->389325K(602112K)
[1844.123s][info ][gc,metaspace ] GC(760) Metaspace: 63207K->63207K(1107968K)
[1844.123s][info ][gc           ] GC(760) Pause Young (Allocation Failure) 616M->381M(852M) 3.121ms
[1844.123s][info ][gc,cpu       ] GC(760) User=0.02s Sys=0.00s Real=0.01s
[1844.123s][info ][safepoint    ] Leaving safepoint region
[1844.123s][info ][safepoint    ] Total time for which application threads were stopped: 0.0033670 seconds, Stopping threads took: 0.0001077 seconds
[1847.123s][info ][safepoint    ] Application time: 3.0003729 seconds
[1847.123s][info ][safepoint    ] Entering safepoint region: Cleanup
[1847.123s][info ][safepoint    ] Leaving safepoint region
[1847.123s][info ][safepoint    ] Total time for which application threads were stopped: 0.0002250 seconds, Stopping threads took: 0.0000535 seconds
[1848.171s][info ][safepoint    ] Application time: 1.0476924 seconds
[1848.171s][info ][safepoint    ] Entering safepoint region: GenCollectForAllocation
[1848.171s][info ][gc,start     ] GC(761) Pause Young (Allocation Failure)
[1848.171s][info ][gc,task      ] GC(761) Using 4 workers of 4 for evacuation
[1848.174s][debug][gc,ref       ] GC(761) Skipped phase1 of Reference Processing due to unavailable references
[1848.174s][debug][gc,ref       ] GC(761) Skipped phase2 of Reference Processing due to unavailable references
[1848.174s][debug][gc,ref       ] GC(761) Skipped phase3 of Reference Processing due to unavailable references
[1848.174s][debug][gc,ref       ] GC(761) Skipped phase4 of Reference Processing due to unavailable references
[1848.175s][debug][gc,age       ] GC(761) Desired survivor size 15400960 bytes, new threshold 6 (max threshold 6)
[1848.175s][info ][gc,heap      ] GC(761) ParNew: 242408K->1362K(270976K)
[1848.175s][info ][gc,heap      ] GC(761) CMS: 389325K->389443K(602112K)
[1848.175s][info ][gc,metaspace ] GC(761) Metaspace: 63208K->63208K(1107968K)
[1848.175s][info ][gc           ] GC(761) Pause Young (Allocation Failure) 616M->381M(852M) 3.744ms
[1848.175s][info ][gc,cpu       ] GC(761) User=0.01s Sys=0.00s Real=0.00s
[1848.175s][info ][safepoint    ] Leaving safepoint region
[1848.175s][info ][safepoint    ] Total time for which application threads were stopped: 0.0039108 seconds, Stopping threads took: 0.0000181 seconds
[1849.175s][info ][safepoint    ] Application time: 1.0001280 seconds
[1849.175s][info ][safepoint    ] Entering safepoint region: Cleanup
[1849.175s][info ][safepoint    ] Leaving safepoint region
[1849.175s][info ][safepoint    ] Total time for which application threads were stopped: 0.0001269 seconds, Stopping threads took: 0.0000426 seconds
[1852.119s][info ][safepoint    ] Application time: 2.9438628 seconds
[1852.119s][info ][safepoint    ] Entering safepoint region: GenCollectForAllocation
[1852.119s][info ][gc,start     ] GC(762) Pause Young (Allocation Failure)
[1852.119s][info ][gc,task      ] GC(762) Using 4 workers of 4 for evacuation
[1852.122s][debug][gc,ref       ] GC(762) Skipped phase1 of Reference Processing due to unavailable references
[1852.122s][debug][gc,ref       ] GC(762) Skipped phase2 of Reference Processing due to unavailable references
[1852.122s][debug][gc,ref       ] GC(762) Skipped phase3 of Reference Processing due to unavailable references
[1852.122s][debug][gc,ref       ] GC(762) Skipped phase4 of Reference Processing due to unavailable references
[1852.123s][debug][gc,age       ] GC(762) Desired survivor size 15400960 bytes, new threshold 6 (max threshold 6)
[1852.123s][info ][gc,heap      ] GC(762) ParNew: 242258K->1795K(270976K)
[1852.123s][info ][gc,heap      ] GC(762) CMS: 389443K->389528K(602112K)
[1852.123s][info ][gc,metaspace ] GC(762) Metaspace: 63208K->63208K(1107968K)
[1852.123s][info ][gc           ] GC(762) Pause Young (Allocation Failure) 616M->382M(852M) 3.350ms
[1852.123s][info ][gc,cpu       ] GC(762) User=0.01s Sys=0.00s Real=0.01s
[1852.123s][info ][safepoint    ] Leaving safepoint region
[1852.123s][info ][safepoint    ] Total time for which application threads were stopped: 0.0035877 seconds, Stopping threads took: 0.0000633 seconds
[1855.123s][info ][safepoint    ] Application time: 3.0003093 seconds
[1855.123s][info ][safepoint    ] Entering safepoint region: Cleanup
[1855.123s][info ][safepoint    ] Leaving safepoint region
[1855.123s][info ][safepoint    ] Total time for which application threads were stopped: 0.0001306 seconds, Stopping threads took: 0.0000567 seconds
[1856.071s][info ][safepoint    ] Application time: 0.9476178 seconds
[1856.071s][info ][safepoint    ] Entering safepoint region: GenCollectForAllocation
[1856.071s][info ][gc,start     ] GC(763) Pause Young (Allocation Failure)
[1856.071s][info ][gc,task      ] GC(763) Using 4 workers of 4 for evacuation
[1856.074s][debug][gc,ref       ] GC(763) Skipped phase1 of Reference Processing due to unavailable references
[1856.074s][debug][gc,ref       ] GC(763) Skipped phase2 of Reference Processing due to unavailable references
[1856.074s][debug][gc,ref       ] GC(763) Skipped phase3 of Reference Processing due to unavailable references
[1856.074s][debug][gc,ref       ] GC(763) Skipped phase4 of Reference Processing due to unavailable references
[1856.074s][debug][gc,age       ] GC(763) Desired survivor size 15400960 bytes, new threshold 6 (max threshold 6)
[1856.074s][info ][gc,heap      ] GC(763) ParNew: 242691K->1683K(270976K)
[1856.074s][info ][gc,heap      ] GC(763) CMS: 389528K->389625K(602112K)
[1856.074s][info ][gc,metaspace ] GC(763) Metaspace: 63208K->63208K(1107968K)
[1856.074s][info ][gc           ] GC(763) Pause Young (Allocation Failure) 617M->382M(852M) 3.128ms
[1856.074s][info ][gc,cpu       ] GC(763) User=0.01s Sys=0.00s Real=0.00s
[1856.074s][info ][safepoint    ] Leaving safepoint region
[1856.074s][info ][safepoint    ] Total time for which application threads were stopped: 0.0032934 seconds, Stopping threads took: 0.0000153 seconds
[1858.074s][info ][safepoint    ] Application time: 2.0003166 seconds
[1858.075s][info ][safepoint    ] Entering safepoint region: Cleanup
[1858.075s][info ][safepoint    ] Leaving safepoint region
[1858.075s][info ][safepoint    ] Total time for which application threads were stopped: 0.0001319 seconds, Stopping threads took: 0.0000639 seconds
[1859.926s][info ][safepoint    ] Application time: 1.8517040 seconds
[1859.926s][info ][safepoint    ] Entering safepoint region: GenCollectForAllocation
[1859.927s][info ][gc,start     ] GC(764) Pause Young (Allocation Failure)
[1859.927s][info ][gc,task      ] GC(764) Using 4 workers of 4 for evacuation
[1859.931s][debug][gc,ref       ] GC(764) Skipped phase1 of Reference Processing due to unavailable references
[1859.931s][debug][gc,ref       ] GC(764) Skipped phase2 of Reference Processing due to unavailable references
[1859.931s][debug][gc,ref       ] GC(764) Skipped phase3 of Reference Processing due to unavailable references
[1859.931s][debug][gc,ref       ] GC(764) Skipped phase4 of Reference Processing due to unavailable references
[1859.931s][debug][gc,age       ] GC(764) Desired survivor size 15400960 bytes, new threshold 6 (max threshold 6)
[1859.931s][info ][gc,heap      ] GC(764) ParNew: 242579K->2510K(270976K)
[1859.931s][info ][gc,heap      ] GC(764) CMS: 389625K->389765K(602112K)
[1859.931s][info ][gc,metaspace ] GC(764) Metaspace: 63211K->63211K(1107968K)
[1859.931s][info ][gc           ] GC(764) Pause Young (Allocation Failure) 617M->383M(852M) 4.277ms
[1859.931s][info ][gc,cpu       ] GC(764) User=0.02s Sys=0.00s Real=0.01s
[1859.931s][info ][safepoint    ] Leaving safepoint region
[1859.931s][info ][safepoint    ] Total time for which application threads were stopped: 0.0046915 seconds, Stopping threads took: 0.0001561 seconds
[1860.931s][info ][safepoint    ] Application time: 1.0001044 seconds
[1860.931s][info ][safepoint    ] Entering safepoint region: Cleanup
[1860.931s][info ][safepoint    ] Leaving safepoint region
[1860.931s][info ][safepoint    ] Total time for which application threads were stopped: 0.0001171 seconds, Stopping threads took: 0.0000335 seconds
[1861.931s][info ][safepoint    ] Application time: 1.0001289 seconds
[1861.931s][info ][safepoint    ] Entering safepoint region: Cleanup
[1861.932s][info ][safepoint    ] Leaving safepoint region
[1861.932s][info ][safepoint    ] Total time for which application threads were stopped: 0.0000915 seconds, Stopping threads took: 0.0000172 seconds
[1863.927s][info ][safepoint    ] Application time: 1.9949109 seconds
[1863.927s][info ][safepoint    ] Entering safepoint region: GenCollectForAllocation
[1863.927s][info ][gc,start     ] GC(765) Pause Young (Allocation Failure)
[1863.927s][info ][gc,task      ] GC(765) Using 4 workers of 4 for evacuation
[1863.932s][debug][gc,ref       ] GC(765) Skipped phase1 of Reference Processing due to unavailable references
[1863.932s][debug][gc,ref       ] GC(765) Skipped phase2 of Reference Processing due to unavailable references
[1863.932s][debug][gc,ref       ] GC(765) Skipped phase3 of Reference Processing due to unavailable references
[1863.932s][debug][gc,ref       ] GC(765) Skipped phase4 of Reference Processing due to unavailable references
[1863.932s][debug][gc,age       ] GC(765) Desired survivor size 15400960 bytes, new threshold 6 (max threshold 6)
[1863.932s][info ][gc,heap      ] GC(765) ParNew: 243406K->2744K(270976K)
[1863.932s][info ][gc,heap      ] GC(765) CMS: 389765K->389926K(602112K)
[1863.932s][info ][gc,metaspace ] GC(765) Metaspace: 63212K->63212K(1107968K)
[1863.932s][info ][gc           ] GC(765) Pause Young (Allocation Failure) 618M->383M(852M) 5.248ms
[1863.932s][info ][gc,cpu       ] GC(765) User=0.02s Sys=0.00s Real=0.01s
[1863.932s][info ][safepoint    ] Leaving safepoint region
[1863.932s][info ][safepoint    ] Total time for which application threads were stopped: 0.0055514 seconds, Stopping threads took: 0.0000656 seconds
[1864.932s][info ][safepoint    ] Application time: 1.0001011 seconds
[1864.932s][info ][safepoint    ] Entering safepoint region: Cleanup
[1864.932s][info ][safepoint    ] Leaving safepoint region
[1864.932s][info ][safepoint    ] Total time for which application threads were stopped: 0.0001543 seconds, Stopping threads took: 0.0000177 seconds
[1865.932s][info ][safepoint    ] Application time: 1.0000884 seconds
[1865.933s][info ][safepoint    ] Entering safepoint region: Cleanup
[1865.933s][info ][safepoint    ] Leaving safepoint region
[1865.933s][info ][safepoint    ] Total time for which application threads were stopped: 0.0001459 seconds, Stopping threads took: 0.0000823 seconds
[1867.911s][info ][safepoint    ] Application time: 1.9782035 seconds
[1867.911s][info ][safepoint    ] Entering safepoint region: GenCollectForAllocation
[1867.911s][info ][gc,start     ] GC(766) Pause Young (Allocation Failure)
[1867.911s][info ][gc,task      ] GC(766) Using 4 workers of 4 for evacuation
[1867.915s][debug][gc,ref       ] GC(766) Skipped phase1 of Reference Processing due to unavailable references
[1867.915s][debug][gc,ref       ] GC(766) Skipped phase2 of Reference Processing due to unavailable references
[1867.915s][debug][gc,ref       ] GC(766) Skipped phase3 of Reference Processing due to unavailable references
[1867.915s][debug][gc,ref       ] GC(766) Skipped phase4 of Reference Processing due to unavailable references
[1867.915s][debug][gc,age       ] GC(766) Desired survivor size 15400960 bytes, new threshold 6 (max threshold 6)
[1867.915s][info ][gc,heap      ] GC(766) ParNew: 243640K->3239K(270976K)
[1867.915s][info ][gc,heap      ] GC(766) CMS: 389926K->390066K(602112K)
[1867.915s][info ][gc,metaspace ] GC(766) Metaspace: 63213K->63213K(1107968K)
[1867.915s][info ][gc           ] GC(766) Pause Young (Allocation Failure) 618M->384M(852M) 3.852ms
[1867.915s][info ][gc,cpu       ] GC(766) User=0.01s Sys=0.00s Real=0.00s
[1867.915s][info ][safepoint    ] Leaving safepoint region
[1867.915s][info ][safepoint    ] Total time for which application threads were stopped: 0.0040130 seconds, Stopping threads took: 0.0000157 seconds
[1868.915s][info ][safepoint    ] Application time: 1.0001641 seconds
[1868.915s][info ][safepoint    ] Entering safepoint region: Cleanup
[1868.915s][info ][safepoint    ] Leaving safepoint region
[1868.915s][info ][safepoint    ] Total time for which application threads were stopped: 0.0000760 seconds, Stopping threads took: 0.0000162 seconds
[1870.915s][info ][safepoint    ] Application time: 2.0001713 seconds
[1870.915s][info ][safepoint    ] Entering safepoint region: Cleanup
[1870.916s][info ][safepoint    ] Leaving safepoint region
[1870.916s][info ][safepoint    ] Total time for which application threads were stopped: 0.0000744 seconds, Stopping threads took: 0.0000150 seconds
[1871.916s][info ][safepoint    ] Application time: 1.0000800 seconds
[1871.916s][info ][safepoint    ] Entering safepoint region: Cleanup
[1871.916s][info ][safepoint    ] Leaving safepoint region
[1871.916s][info ][safepoint    ] Total time for which application threads were stopped: 0.0000898 seconds, Stopping threads took: 0.0000176 seconds
[1872.165s][info ][safepoint    ] Application time: 0.2497200 seconds
[1872.166s][info ][safepoint    ] Entering safepoint region: GenCollectForAllocation
[1872.166s][info ][safepoint    ] Leaving safepoint region
[1872.166s][info ][safepoint    ] Total time for which application threads were stopped: 0.0001779 seconds, Stopping threads took: 0.0000862 seconds
[1872.166s][info ][safepoint    ] Application time: 0.0001035 seconds
[1872.166s][info ][safepoint    ] Entering safepoint region: GenCollectFull
[1872.166s][info ][gc,start     ] GC(767) Pause Young (GCLocker Initiated GC)
[1872.166s][info ][gc,task      ] GC(767) Using 4 workers of 4 for evacuation
[1872.170s][debug][gc,ref       ] GC(767) Skipped phase1 of Reference Processing due to unavailable references
[1872.170s][debug][gc,ref       ] GC(767) Skipped phase2 of Reference Processing due to unavailable references
[1872.170s][debug][gc,ref       ] GC(767) Skipped phase3 of Reference Processing due to unavailable references
[1872.170s][debug][gc,ref       ] GC(767) Skipped phase4 of Reference Processing due to unavailable references
[1872.170s][debug][gc,age       ] GC(767) Desired survivor size 15400960 bytes, new threshold 6 (max threshold 6)
[1872.170s][info ][gc,heap      ] GC(767) ParNew: 244135K->3903K(270976K)
[1872.170s][info ][gc,heap      ] GC(767) CMS: 390066K->390186K(602112K)
[1872.170s][info ][gc,metaspace ] GC(767) Metaspace: 63213K->63213K(1107968K)
[1872.170s][info ][gc           ] GC(767) Pause Young (GCLocker Initiated GC) 619M->384M(852M) 3.900ms
[1872.170s][info ][gc,cpu       ] GC(767) User=0.01s Sys=0.00s Real=0.01s
[1872.170s][info ][safepoint    ] Leaving safepoint region
[1872.170s][info ][safepoint    ] Total time for which application threads were stopped: 0.0040665 seconds, Stopping threads took: 0.0000457 seconds
[1874.170s][info ][safepoint    ] Application time: 2.0001773 seconds
[1874.170s][info ][safepoint    ] Entering safepoint region: Cleanup
[1874.170s][info ][safepoint    ] Leaving safepoint region
[1874.170s][info ][safepoint    ] Total time for which application threads were stopped: 0.0001196 seconds, Stopping threads took: 0.0000549 seconds
[1875.170s][info ][safepoint    ] Application time: 1.0001199 seconds
[1875.170s][info ][safepoint    ] Entering safepoint region: Cleanup
[1875.170s][info ][safepoint    ] Leaving safepoint region
[1875.170s][info ][safepoint    ] Total time for which application threads were stopped: 0.0001151 seconds, Stopping threads took: 0.0000421 seconds
[1876.171s][info ][safepoint    ] Application time: 1.0001177 seconds
[1876.171s][info ][safepoint    ] Entering safepoint region: Cleanup
[1876.171s][info ][safepoint    ] Leaving safepoint region
[1876.171s][info ][safepoint    ] Total time for which application threads were stopped: 0.0001167 seconds, Stopping threads took: 0.0000413 seconds
[1876.327s][info ][safepoint    ] Application time: 0.1557769 seconds
[1876.327s][info ][safepoint    ] Entering safepoint region: GenCollectForAllocation
[1876.327s][info ][gc,start     ] GC(768) Pause Young (Allocation Failure)
[1876.327s][info ][gc,task      ] GC(768) Using 4 workers of 4 for evacuation
[1876.334s][debug][gc,ref       ] GC(768) Skipped phase1 of Reference Processing due to unavailable references
[1876.334s][debug][gc,ref       ] GC(768) Skipped phase3 of Reference Processing due to unavailable references
[1876.334s][debug][gc,age       ] GC(768) Desired survivor size 15400960 bytes, new threshold 6 (max threshold 6)
[1876.334s][info ][gc,heap      ] GC(768) ParNew: 244799K->4899K(270976K)
[1876.334s][info ][gc,heap      ] GC(768) CMS: 390186K->390245K(602112K)
[1876.334s][info ][gc,metaspace ] GC(768) Metaspace: 63220K->63220K(1107968K)
[1876.334s][info ][gc           ] GC(768) Pause Young (Allocation Failure) 620M->385M(852M) 7.721ms
[1876.334s][info ][gc,cpu       ] GC(768) User=0.01s Sys=0.01s Real=0.01s
[1876.334s][info ][safepoint    ] Leaving safepoint region
[1876.334s][info ][safepoint    ] Total time for which application threads were stopped: 0.0078989 seconds, Stopping threads took: 0.0000318 seconds
[1877.335s][info ][safepoint    ] Application time: 1.0004110 seconds
[1877.335s][info ][safepoint    ] Entering safepoint region: Cleanup
[1877.335s][info ][safepoint    ] Leaving safepoint region
[1877.335s][info ][safepoint    ] Total time for which application threads were stopped: 0.0000795 seconds, Stopping threads took: 0.0000181 seconds
[1878.335s][info ][safepoint    ] Application time: 1.0003661 seconds
[1878.335s][info ][safepoint    ] Entering safepoint region: Cleanup
[1878.336s][info ][safepoint    ] Leaving safepoint region
[1878.336s][info ][safepoint    ] Total time for which application threads were stopped: 0.0000821 seconds, Stopping threads took: 0.0000186 seconds
[1880.476s][info ][safepoint    ] Application time: 2.1402669 seconds
[1880.476s][info ][safepoint    ] Entering safepoint region: GenCollectForAllocation
[1880.476s][info ][gc,start     ] GC(769) Pause Young (Allocation Failure)
[1880.476s][info ][gc,task      ] GC(769) Using 4 workers of 4 for evacuation
[1880.480s][debug][gc,ref       ] GC(769) Skipped phase1 of Reference Processing due to unavailable references
[1880.480s][debug][gc,ref       ] GC(769) Skipped phase3 of Reference Processing due to unavailable references
[1880.480s][debug][gc,age       ] GC(769) Desired survivor size 15400960 bytes, new threshold 6 (max threshold 6)
[1880.480s][info ][gc,heap      ] GC(769) ParNew: 245795K->3923K(270976K)
[1880.480s][info ][gc,heap      ] GC(769) CMS: 390245K->390322K(602112K)
[1880.480s][info ][gc,metaspace ] GC(769) Metaspace: 63230K->63230K(1107968K)
[1880.480s][info ][gc           ] GC(769) Pause Young (Allocation Failure) 621M->385M(852M) 4.173ms
[1880.480s][info ][gc,cpu       ] GC(769) User=0.01s Sys=0.00s Real=0.01s
[1880.480s][info ][safepoint    ] Leaving safepoint region
[1880.480s][info ][safepoint    ] Total time for which application threads were stopped: 0.0046726 seconds, Stopping threads took: 0.0000169 seconds
[1881.117s][info ][safepoint    ] Application time: 0.6361133 seconds
[1881.117s][info ][safepoint    ] Entering safepoint region: RevokeBias
[1881.117s][info ][safepoint    ] Leaving safepoint region
[1881.117s][info ][safepoint    ] Total time for which application threads were stopped: 0.0000960 seconds, Stopping threads took: 0.0000170 seconds
[1883.885s][info ][safepoint    ] Application time: 2.7678402 seconds
[1883.885s][info ][safepoint    ] Entering safepoint region: GenCollectForAllocation
[1883.885s][info ][gc,start     ] GC(770) Pause Young (Allocation Failure)
[1883.885s][info ][gc,task      ] GC(770) Using 4 workers of 4 for evacuation
[1883.900s][debug][gc,ref       ] GC(770) Skipped phase1 of Reference Processing due to unavailable references
[1883.900s][debug][gc,ref       ] GC(770) Skipped phase3 of Reference Processing due to unavailable references
[1883.900s][debug][gc,ref       ] GC(770) Skipped phase4 of Reference Processing due to unavailable references
[1883.901s][debug][gc,age       ] GC(770) Desired survivor size 15400960 bytes, new threshold 1 (max threshold 6)
[1883.901s][info ][gc,heap      ] GC(770) ParNew: 244819K->20869K(270976K)
[1883.901s][info ][gc,heap      ] GC(770) CMS: 390322K->390715K(602112K)
[1883.901s][info ][gc,metaspace ] GC(770) Metaspace: 63237K->63237K(1107968K)
[1883.901s][info ][gc           ] GC(770) Pause Young (Allocation Failure) 620M->401M(852M) 15.904ms
[1883.901s][info ][gc,cpu       ] GC(770) User=0.06s Sys=0.00s Real=0.02s
[1883.901s][info ][safepoint    ] Leaving safepoint region
[1883.901s][info ][safepoint    ] Total time for which application threads were stopped: 0.0160676 seconds, Stopping threads took: 0.0000153 seconds
[1884.902s][info ][safepoint    ] Application time: 1.0014935 seconds
[1884.902s][info ][safepoint    ] Entering safepoint region: Cleanup
[1884.902s][info ][safepoint    ] Leaving safepoint region
[1884.902s][info ][safepoint    ] Total time for which application threads were stopped: 0.0001045 seconds, Stopping threads took: 0.0000377 seconds
[1885.904s][info ][safepoint    ] Application time: 1.0018759 seconds
[1885.904s][info ][safepoint    ] Entering safepoint region: Cleanup
[1885.904s][info ][safepoint    ] Leaving safepoint region
[1885.904s][info ][safepoint    ] Total time for which application threads were stopped: 0.0001960 seconds, Stopping threads took: 0.0000515 seconds
[1887.468s][info ][safepoint    ] Application time: 1.5639020 seconds
[1887.468s][info ][safepoint    ] Entering safepoint region: GenCollectForAllocation
[1887.468s][info ][gc,start     ] GC(771) Pause Young (Allocation Failure)
[1887.469s][info ][gc,task      ] GC(771) Using 4 workers of 4 for evacuation
[1887.494s][debug][gc,ref       ] GC(771) Skipped phase1 of Reference Processing due to unavailable references
[1887.494s][debug][gc,ref       ] GC(771) Skipped phase2 of Reference Processing due to unavailable references
[1887.494s][debug][gc,ref       ] GC(771) Skipped phase3 of Reference Processing due to unavailable references
[1887.494s][debug][gc,ref       ] GC(771) Skipped phase4 of Reference Processing due to unavailable references
[1887.495s][debug][gc,age       ] GC(771) Desired survivor size 15400960 bytes, new threshold 6 (max threshold 6)
[1887.495s][info ][gc,heap      ] GC(771) ParNew: 261765K->14918K(270976K)
[1887.495s][info ][gc,heap      ] GC(771) CMS: 390715K->393488K(602112K)
[1887.495s][info ][gc,metaspace ] GC(771) Metaspace: 63237K->63237K(1107968K)
[1887.495s][info ][gc           ] GC(771) Pause Young (Allocation Failure) 637M->398M(852M) 26.222ms
[1887.495s][info ][gc,cpu       ] GC(771) User=0.05s Sys=0.00s Real=0.02s
[1887.495s][info ][safepoint    ] Leaving safepoint region
[1887.495s][info ][safepoint    ] Total time for which application threads were stopped: 0.0263747 seconds, Stopping threads took: 0.0000171 seconds
[1890.495s][info ][safepoint    ] Application time: 3.0002612 seconds
[1890.495s][info ][safepoint    ] Entering safepoint region: Cleanup
[1890.495s][info ][safepoint    ] Leaving safepoint region
[1890.495s][info ][safepoint    ] Total time for which application threads were stopped: 0.0001997 seconds, Stopping threads took: 0.0000893 seconds
[1891.495s][info ][safepoint    ] Application time: 1.0001232 seconds
[1891.495s][info ][safepoint    ] Entering safepoint region: Cleanup
[1891.496s][info ][safepoint    ] Leaving safepoint region
[1891.496s][info ][safepoint    ] Total time for which application threads were stopped: 0.0000876 seconds, Stopping threads took: 0.0000183 seconds
[1891.775s][info ][safepoint    ] Application time: 0.2795813 seconds
[1891.775s][info ][safepoint    ] Entering safepoint region: GenCollectForAllocation
[1891.775s][info ][gc,start     ] GC(772) Pause Young (Allocation Failure)
[1891.775s][info ][gc,task      ] GC(772) Using 4 workers of 4 for evacuation
[1891.779s][debug][gc,ref       ] GC(772) Skipped phase1 of Reference Processing due to unavailable references
[1891.779s][debug][gc,ref       ] GC(772) Skipped phase2 of Reference Processing due to unavailable references
[1891.779s][debug][gc,ref       ] GC(772) Skipped phase3 of Reference Processing due to unavailable references
[1891.779s][debug][gc,ref       ] GC(772) Skipped phase4 of Reference Processing due to unavailable references
[1891.779s][debug][gc,age       ] GC(772) Desired survivor size 15400960 bytes, new threshold 6 (max threshold 6)
[1891.779s][info ][gc,heap      ] GC(772) ParNew: 255814K->3802K(270976K)
[1891.779s][info ][gc,heap      ] GC(772) CMS: 393488K->393488K(602112K)
[1891.779s][info ][gc,metaspace ] GC(772) Metaspace: 63238K->63238K(1107968K)
[1891.779s][info ][gc           ] GC(772) Pause Young (Allocation Failure) 634M->387M(852M) 3.865ms
[1891.779s][info ][gc,cpu       ] GC(772) User=0.01s Sys=0.00s Real=0.00s
[1891.779s][info ][safepoint    ] Leaving safepoint region
[1891.779s][info ][safepoint    ] Total time for which application threads were stopped: 0.0040505 seconds, Stopping threads took: 0.0000183 seconds
[1896.076s][info ][safepoint    ] Application time: 4.2965395 seconds
[1896.076s][info ][safepoint    ] Entering safepoint region: GenCollectForAllocation
[1896.076s][info ][gc,start     ] GC(773) Pause Young (Allocation Failure)
[1896.076s][info ][gc,task      ] GC(773) Using 4 workers of 4 for evacuation
[1896.078s][debug][gc,ref       ] GC(773) Skipped phase1 of Reference Processing due to unavailable references
[1896.078s][debug][gc,ref       ] GC(773) Skipped phase2 of Reference Processing due to unavailable references
[1896.078s][debug][gc,ref       ] GC(773) Skipped phase3 of Reference Processing due to unavailable references
[1896.078s][debug][gc,ref       ] GC(773) Skipped phase4 of Reference Processing due to unavailable references
[1896.079s][debug][gc,age       ] GC(773) Desired survivor size 15400960 bytes, new threshold 6 (max threshold 6)
[1896.079s][info ][gc,heap      ] GC(773) ParNew: 244698K->1032K(270976K)
[1896.079s][info ][gc,heap      ] GC(773) CMS: 393488K->393488K(602112K)
[1896.079s][info ][gc,metaspace ] GC(773) Metaspace: 63239K->63239K(1107968K)
[1896.079s][info ][gc           ] GC(773) Pause Young (Allocation Failure) 623M->385M(852M) 2.783ms
[1896.079s][info ][gc,cpu       ] GC(773) User=0.01s Sys=0.00s Real=0.00s
[1896.079s][info ][safepoint    ] Leaving safepoint region
[1896.079s][info ][safepoint    ] Total time for which application threads were stopped: 0.0029722 seconds, Stopping threads took: 0.0000339 seconds
[1900.376s][info ][safepoint    ] Application time: 4.2970126 seconds
[1900.376s][info ][safepoint    ] Entering safepoint region: GenCollectForAllocation
[1900.376s][info ][gc,start     ] GC(774) Pause Young (Allocation Failure)
[1900.376s][info ][gc,task      ] GC(774) Using 4 workers of 4 for evacuation
[1900.378s][debug][gc,ref       ] GC(774) Skipped phase1 of Reference Processing due to unavailable references
[1900.378s][debug][gc,ref       ] GC(774) Skipped phase2 of Reference Processing due to unavailable references
[1900.378s][debug][gc,ref       ] GC(774) Skipped phase3 of Reference Processing due to unavailable references
[1900.378s][debug][gc,ref       ] GC(774) Skipped phase4 of Reference Processing due to unavailable references
[1900.379s][debug][gc,age       ] GC(774) Desired survivor size 15400960 bytes, new threshold 6 (max threshold 6)
[1900.379s][info ][gc,heap      ] GC(774) ParNew: 241928K->849K(270976K)
[1900.379s][info ][gc,heap      ] GC(774) CMS: 393488K->393488K(602112K)
[1900.379s][info ][gc,metaspace ] GC(774) Metaspace: 63239K->63239K(1107968K)
[1900.379s][info ][gc           ] GC(774) Pause Young (Allocation Failure) 620M->385M(852M) 2.793ms
[1900.379s][info ][gc,cpu       ] GC(774) User=0.00s Sys=0.00s Real=0.00s
[1900.379s][info ][safepoint    ] Leaving safepoint region
[1900.379s][info ][safepoint    ] Total time for which application threads were stopped: 0.0029659 seconds, Stopping threads took: 0.0000171 seconds
[1904.624s][info ][safepoint    ] Application time: 4.2453249 seconds
[1904.624s][info ][safepoint    ] Entering safepoint region: GenCollectForAllocation
[1904.624s][info ][gc,start     ] GC(775) Pause Young (Allocation Failure)
[1904.624s][info ][gc,task      ] GC(775) Using 4 workers of 4 for evacuation
[1904.627s][debug][gc,ref       ] GC(775) Skipped phase1 of Reference Processing due to unavailable references
[1904.627s][debug][gc,ref       ] GC(775) Skipped phase2 of Reference Processing due to unavailable references
[1904.627s][debug][gc,ref       ] GC(775) Skipped phase3 of Reference Processing due to unavailable references
[1904.627s][debug][gc,ref       ] GC(775) Skipped phase4 of Reference Processing due to unavailable references
[1904.627s][debug][gc,age       ] GC(775) Desired survivor size 15400960 bytes, new threshold 6 (max threshold 6)
[1904.627s][info ][gc,heap      ] GC(775) ParNew: 241745K->1112K(270976K)
[1904.627s][info ][gc,heap      ] GC(775) CMS: 393488K->393488K(602112K)
[1904.627s][info ][gc,metaspace ] GC(775) Metaspace: 63239K->63239K(1107968K)
[1904.627s][info ][gc           ] GC(775) Pause Young (Allocation Failure) 620M->385M(852M) 2.904ms
[1904.627s][info ][gc,cpu       ] GC(775) User=0.01s Sys=0.00s Real=0.00s
[1904.627s][info ][safepoint    ] Leaving safepoint region
[1904.627s][info ][safepoint    ] Total time for which application threads were stopped: 0.0031107 seconds, Stopping threads took: 0.0000178 seconds
[1907.628s][info ][safepoint    ] Application time: 3.0003243 seconds
[1907.628s][info ][safepoint    ] Entering safepoint region: Cleanup
[1907.628s][info ][safepoint    ] Leaving safepoint region
[1907.628s][info ][safepoint    ] Total time for which application threads were stopped: 0.0001319 seconds, Stopping threads took: 0.0000579 seconds
[1908.628s][info ][safepoint    ] Application time: 1.0001455 seconds
[1908.628s][info ][safepoint    ] Entering safepoint region: Cleanup
[1908.628s][info ][safepoint    ] Leaving safepoint region
[1908.628s][info ][safepoint    ] Total time for which application threads were stopped: 0.0001217 seconds, Stopping threads took: 0.0000555 seconds
[1908.722s][info ][safepoint    ] Application time: 0.0941124 seconds
[1908.722s][info ][safepoint    ] Entering safepoint region: GenCollectForAllocation
[1908.722s][info ][gc,start     ] GC(776) Pause Young (Allocation Failure)
[1908.722s][info ][gc,task      ] GC(776) Using 4 workers of 4 for evacuation
[1908.725s][debug][gc,ref       ] GC(776) Skipped phase1 of Reference Processing due to unavailable references
[1908.725s][debug][gc,ref       ] GC(776) Skipped phase2 of Reference Processing due to unavailable references
[1908.725s][debug][gc,ref       ] GC(776) Skipped phase3 of Reference Processing due to unavailable references
[1908.725s][debug][gc,ref       ] GC(776) Skipped phase4 of Reference Processing due to unavailable references
[1908.725s][debug][gc,age       ] GC(776) Desired survivor size 15400960 bytes, new threshold 6 (max threshold 6)
[1908.725s][info ][gc,heap      ] GC(776) ParNew: 242008K->1134K(270976K)
[1908.725s][info ][gc,heap      ] GC(776) CMS: 393488K->393488K(602112K)
[1908.725s][info ][gc,metaspace ] GC(776) Metaspace: 63239K->63239K(1107968K)
[1908.726s][info ][gc           ] GC(776) Pause Young (Allocation Failure) 620M->385M(852M) 3.188ms
[1908.726s][info ][gc,cpu       ] GC(776) User=0.01s Sys=0.00s Real=0.00s
[1908.726s][info ][safepoint    ] Leaving safepoint region
[1908.726s][info ][safepoint    ] Total time for which application threads were stopped: 0.0033529 seconds, Stopping threads took: 0.0000174 seconds
[1909.726s][info ][safepoint    ] Application time: 1.0001067 seconds
[1909.726s][info ][safepoint    ] Entering safepoint region: Cleanup
[1909.726s][info ][safepoint    ] Leaving safepoint region
[1909.726s][info ][safepoint    ] Total time for which application threads were stopped: 0.0002142 seconds, Stopping threads took: 0.0000828 seconds
[1912.675s][info ][safepoint    ] Application time: 2.9493146 seconds
[1912.675s][info ][safepoint    ] Entering safepoint region: GenCollectForAllocation
[1912.675s][info ][gc,start     ] GC(777) Pause Young (Allocation Failure)
[1912.676s][info ][gc,task      ] GC(777) Using 4 workers of 4 for evacuation
[1912.678s][debug][gc,ref       ] GC(777) Skipped phase1 of Reference Processing due to unavailable references
[1912.678s][debug][gc,ref       ] GC(777) Skipped phase2 of Reference Processing due to unavailable references
[1912.678s][debug][gc,ref       ] GC(777) Skipped phase3 of Reference Processing due to unavailable references
[1912.678s][debug][gc,ref       ] GC(777) Skipped phase4 of Reference Processing due to unavailable references
[1912.679s][debug][gc,age       ] GC(777) Desired survivor size 15400960 bytes, new threshold 6 (max threshold 6)
[1912.679s][info ][gc,heap      ] GC(777) ParNew: 242030K->1497K(270976K)
[1912.679s][info ][gc,heap      ] GC(777) CMS: 393488K->393580K(602112K)
[1912.679s][info ][gc,metaspace ] GC(777) Metaspace: 63239K->63239K(1107968K)
[1912.679s][info ][gc           ] GC(777) Pause Young (Allocation Failure) 620M->385M(852M) 3.281ms
[1912.679s][info ][gc,cpu       ] GC(777) User=0.01s Sys=0.00s Real=0.00s
[1912.679s][info ][safepoint    ] Leaving safepoint region
[1912.679s][info ][safepoint    ] Total time for which application threads were stopped: 0.0035570 seconds, Stopping threads took: 0.0001450 seconds
[1916.477s][info ][safepoint    ] Application time: 3.7983905 seconds
[1916.477s][info ][safepoint    ] Entering safepoint region: GenCollectForAllocation
[1916.477s][info ][gc,start     ] GC(778) Pause Young (Allocation Failure)
[1916.478s][info ][gc,task      ] GC(778) Using 4 workers of 4 for evacuation
[1916.484s][debug][gc,ref       ] GC(778) Skipped phase1 of Reference Processing due to unavailable references
[1916.484s][debug][gc,ref       ] GC(778) Skipped phase2 of Reference Processing due to unavailable references
[1916.484s][debug][gc,ref       ] GC(778) Skipped phase3 of Reference Processing due to unavailable references
[1916.484s][debug][gc,ref       ] GC(778) Skipped phase4 of Reference Processing due to unavailable references
[1916.485s][debug][gc,age       ] GC(778) Desired survivor size 15400960 bytes, new threshold 6 (max threshold 6)
[1916.485s][info ][gc,heap      ] GC(778) ParNew: 242393K->1450K(270976K)
[1916.485s][info ][gc,heap      ] GC(778) CMS: 393580K->393615K(602112K)
[1916.485s][info ][gc,metaspace ] GC(778) Metaspace: 63245K->63245K(1107968K)
[1916.485s][info ][gc           ] GC(778) Pause Young (Allocation Failure) 621M->385M(852M) 7.175ms
[1916.485s][info ][gc,cpu       ] GC(778) User=0.01s Sys=0.00s Real=0.01s
[1916.485s][info ][safepoint    ] Leaving safepoint region
[1916.485s][info ][safepoint    ] Total time for which application threads were stopped: 0.0074491 seconds, Stopping threads took: 0.0000439 seconds
[1920.279s][info ][safepoint    ] Application time: 3.7941692 seconds
[1920.279s][info ][safepoint    ] Entering safepoint region: GenCollectForAllocation
[1920.279s][info ][gc,start     ] GC(779) Pause Young (Allocation Failure)
[1920.279s][info ][gc,task      ] GC(779) Using 4 workers of 4 for evacuation
[1920.283s][debug][gc,ref       ] GC(779) Skipped phase1 of Reference Processing due to unavailable references
[1920.283s][debug][gc,ref       ] GC(779) Skipped phase2 of Reference Processing due to unavailable references
[1920.283s][debug][gc,ref       ] GC(779) Skipped phase3 of Reference Processing due to unavailable references
[1920.283s][debug][gc,ref       ] GC(779) Skipped phase4 of Reference Processing due to unavailable references
[1920.283s][debug][gc,age       ] GC(779) Desired survivor size 15400960 bytes, new threshold 6 (max threshold 6)
[1920.283s][info ][gc,heap      ] GC(779) ParNew: 242346K->1747K(270976K)
[1920.283s][info ][gc,heap      ] GC(779) CMS: 393615K->393743K(602112K)
[1920.283s][info ][gc,metaspace ] GC(779) Metaspace: 63247K->63247K(1107968K)
[1920.283s][info ][gc           ] GC(779) Pause Young (Allocation Failure) 621M->386M(852M) 4.175ms
[1920.283s][info ][gc,cpu       ] GC(779) User=0.01s Sys=0.01s Real=0.01s
[1920.283s][info ][safepoint    ] Leaving safepoint region
[1920.283s][info ][safepoint    ] Total time for which application threads were stopped: 0.0044044 seconds, Stopping threads took: 0.0000398 seconds
[1922.283s][info ][safepoint    ] Application time: 2.0001613 seconds
[1922.284s][info ][safepoint    ] Entering safepoint region: Cleanup
[1922.284s][info ][safepoint    ] Leaving safepoint region
[1922.284s][info ][safepoint    ] Total time for which application threads were stopped: 0.0001039 seconds, Stopping threads took: 0.0000170 seconds
[1923.824s][info ][safepoint    ] Application time: 1.5404002 seconds
[1923.824s][info ][safepoint    ] Entering safepoint region: GenCollectForAllocation
[1923.824s][info ][gc,start     ] GC(780) Pause Young (Allocation Failure)
[1923.824s][info ][gc,task      ] GC(780) Using 4 workers of 4 for evacuation
[1923.832s][debug][gc,ref       ] GC(780) Skipped phase1 of Reference Processing due to unavailable references
[1923.832s][debug][gc,ref       ] GC(780) Skipped phase2 of Reference Processing due to unavailable references
[1923.832s][debug][gc,ref       ] GC(780) Skipped phase3 of Reference Processing due to unavailable references
[1923.832s][debug][gc,ref       ] GC(780) Skipped phase4 of Reference Processing due to unavailable references
[1923.832s][debug][gc,age       ] GC(780) Desired survivor size 15400960 bytes, new threshold 6 (max threshold 6)
[1923.832s][info ][gc,heap      ] GC(780) ParNew: 242643K->1910K(270976K)
[1923.833s][info ][gc,heap      ] GC(780) CMS: 393743K->393869K(602112K)
[1923.833s][info ][gc,metaspace ] GC(780) Metaspace: 63247K->63247K(1107968K)
[1923.833s][info ][gc           ] GC(780) Pause Young (Allocation Failure) 621M->386M(852M) 8.360ms
[1923.833s][info ][gc,cpu       ] GC(780) User=0.01s Sys=0.01s Real=0.01s
[1923.833s][info ][safepoint    ] Leaving safepoint region
[1923.833s][info ][safepoint    ] Total time for which application threads were stopped: 0.0085274 seconds, Stopping threads took: 0.0000178 seconds
[1925.833s][info ][safepoint    ] Application time: 2.0001833 seconds
[1925.833s][info ][safepoint    ] Entering safepoint region: Cleanup
[1925.833s][info ][safepoint    ] Leaving safepoint region
[1925.833s][info ][safepoint    ] Total time for which application threads were stopped: 0.0001134 seconds, Stopping threads took: 0.0000355 seconds
[1927.520s][info ][safepoint    ] Application time: 1.6871695 seconds
[1927.520s][info ][safepoint    ] Entering safepoint region: GenCollectForAllocation
[1927.520s][info ][gc,start     ] GC(781) Pause Young (Allocation Failure)
[1927.520s][info ][gc,task      ] GC(781) Using 4 workers of 4 for evacuation
[1927.524s][debug][gc,ref       ] GC(781) Skipped phase1 of Reference Processing due to unavailable references
[1927.524s][debug][gc,ref       ] GC(781) Skipped phase2 of Reference Processing due to unavailable references
[1927.524s][debug][gc,ref       ] GC(781) Skipped phase3 of Reference Processing due to unavailable references
[1927.524s][debug][gc,ref       ] GC(781) Skipped phase4 of Reference Processing due to unavailable references
[1927.525s][debug][gc,age       ] GC(781) Desired survivor size 15400960 bytes, new threshold 6 (max threshold 6)
[1927.525s][info ][gc,heap      ] GC(781) ParNew: 242806K->1427K(270976K)
[1927.525s][info ][gc,heap      ] GC(781) CMS: 393869K->393961K(602112K)
[1927.525s][info ][gc,metaspace ] GC(781) Metaspace: 63247K->63247K(1107968K)
[1927.525s][info ][gc           ] GC(781) Pause Young (Allocation Failure) 621M->386M(852M) 4.337ms
[1927.525s][info ][gc,cpu       ] GC(781) User=0.01s Sys=0.00s Real=0.00s
[1927.525s][info ][safepoint    ] Leaving safepoint region
[1927.525s][info ][safepoint    ] Total time for which application threads were stopped: 0.0044984 seconds, Stopping threads took: 0.0000160 seconds
[1931.174s][info ][safepoint    ] Application time: 3.6497366 seconds
[1931.174s][info ][safepoint    ] Entering safepoint region: GenCollectForAllocation
[1931.175s][info ][gc,start     ] GC(782) Pause Young (Allocation Failure)
[1931.175s][info ][gc,task      ] GC(782) Using 4 workers of 4 for evacuation
[1931.178s][debug][gc,ref       ] GC(782) Skipped phase1 of Reference Processing due to unavailable references
[1931.178s][debug][gc,ref       ] GC(782) Skipped phase2 of Reference Processing due to unavailable references
[1931.178s][debug][gc,ref       ] GC(782) Skipped phase3 of Reference Processing due to unavailable references
[1931.178s][debug][gc,ref       ] GC(782) Skipped phase4 of Reference Processing due to unavailable references
[1931.178s][debug][gc,age       ] GC(782) Desired survivor size 15400960 bytes, new threshold 6 (max threshold 6)
[1931.178s][info ][gc,heap      ] GC(782) ParNew: 242323K->1813K(270976K)
[1931.178s][info ][gc,heap      ] GC(782) CMS: 393961K->394097K(602112K)
[1931.178s][info ][gc,metaspace ] GC(782) Metaspace: 63247K->63247K(1107968K)
[1931.178s][info ][gc           ] GC(782) Pause Young (Allocation Failure) 621M->386M(852M) 3.594ms
[1931.178s][info ][gc,cpu       ] GC(782) User=0.01s Sys=0.00s Real=0.00s
[1931.178s][info ][safepoint    ] Leaving safepoint region
[1931.178s][info ][safepoint    ] Total time for which application threads were stopped: 0.0037503 seconds, Stopping threads took: 0.0000175 seconds
[1934.871s][info ][safepoint    ] Application time: 3.6925846 seconds
[1934.871s][info ][safepoint    ] Entering safepoint region: GenCollectForAllocation
[1934.871s][info ][gc,start     ] GC(783) Pause Young (Allocation Failure)
[1934.871s][info ][gc,task      ] GC(783) Using 4 workers of 4 for evacuation
[1934.874s][debug][gc,ref       ] GC(783) Skipped phase1 of Reference Processing due to unavailable references
[1934.874s][debug][gc,ref       ] GC(783) Skipped phase2 of Reference Processing due to unavailable references
[1934.874s][debug][gc,ref       ] GC(783) Skipped phase3 of Reference Processing due to unavailable references
[1934.874s][debug][gc,ref       ] GC(783) Skipped phase4 of Reference Processing due to unavailable references
[1934.874s][debug][gc,age       ] GC(783) Desired survivor size 15400960 bytes, new threshold 6 (max threshold 6)
[1934.874s][info ][gc,heap      ] GC(783) ParNew: 242709K->1855K(270976K)
[1934.874s][info ][gc,heap      ] GC(783) CMS: 394097K->394175K(602112K)
[1934.874s][info ][gc,metaspace ] GC(783) Metaspace: 63247K->63247K(1107968K)
[1934.874s][info ][gc           ] GC(783) Pause Young (Allocation Failure) 621M->386M(852M) 3.583ms
[1934.874s][info ][gc,cpu       ] GC(783) User=0.01s Sys=0.00s Real=0.00s
[1934.874s][info ][safepoint    ] Leaving safepoint region
[1934.875s][info ][safepoint    ] Total time for which application threads were stopped: 0.0037302 seconds, Stopping threads took: 0.0000155 seconds
[1937.875s][info ][safepoint    ] Application time: 3.0008877 seconds
[1937.875s][info ][safepoint    ] Entering safepoint region: Cleanup
[1937.876s][info ][safepoint    ] Leaving safepoint region
[1937.876s][info ][safepoint    ] Total time for which application threads were stopped: 0.0001558 seconds, Stopping threads took: 0.0000759 seconds
[1938.473s][info ][safepoint    ] Application time: 0.5972257 seconds
[1938.473s][info ][safepoint    ] Entering safepoint region: GenCollectForAllocation
[1938.473s][info ][gc,start     ] GC(784) Pause Young (Allocation Failure)
[1938.473s][info ][gc,task      ] GC(784) Using 4 workers of 4 for evacuation
[1938.477s][debug][gc,ref       ] GC(784) Skipped phase1 of Reference Processing due to unavailable references
[1938.477s][debug][gc,ref       ] GC(784) Skipped phase2 of Reference Processing due to unavailable references
[1938.477s][debug][gc,ref       ] GC(784) Skipped phase3 of Reference Processing due to unavailable references
[1938.477s][debug][gc,ref       ] GC(784) Skipped phase4 of Reference Processing due to unavailable references
[1938.477s][debug][gc,age       ] GC(784) Desired survivor size 15400960 bytes, new threshold 6 (max threshold 6)
[1938.477s][info ][gc,heap      ] GC(784) ParNew: 242751K->2046K(270976K)
[1938.477s][info ][gc,heap      ] GC(784) CMS: 394175K->394281K(602112K)
[1938.477s][info ][gc,metaspace ] GC(784) Metaspace: 63247K->63247K(1107968K)
[1938.477s][info ][gc           ] GC(784) Pause Young (Allocation Failure) 621M->387M(852M) 4.099ms
[1938.477s][info ][gc,cpu       ] GC(784) User=0.01s Sys=0.00s Real=0.00s
[1938.477s][info ][safepoint    ] Leaving safepoint region
[1938.477s][info ][safepoint    ] Total time for which application threads were stopped: 0.0044026 seconds, Stopping threads took: 0.0000546 seconds
[1942.278s][info ][safepoint    ] Application time: 3.8007382 seconds
[1942.278s][info ][safepoint    ] Entering safepoint region: GenCollectForAllocation
[1942.278s][info ][gc,start     ] GC(785) Pause Young (Allocation Failure)
[1942.278s][info ][gc,task      ] GC(785) Using 4 workers of 4 for evacuation
[1942.281s][debug][gc,ref       ] GC(785) Skipped phase1 of Reference Processing due to unavailable references
[1942.281s][debug][gc,ref       ] GC(785) Skipped phase2 of Reference Processing due to unavailable references
[1942.281s][debug][gc,ref       ] GC(785) Skipped phase3 of Reference Processing due to unavailable references
[1942.281s][debug][gc,ref       ] GC(785) Skipped phase4 of Reference Processing due to unavailable references
[1942.282s][debug][gc,age       ] GC(785) Desired survivor size 15400960 bytes, new threshold 6 (max threshold 6)
[1942.282s][info ][gc,heap      ] GC(785) ParNew: 242942K->2432K(270976K)
[1942.282s][info ][gc,heap      ] GC(785) CMS: 394281K->394354K(602112K)
[1942.282s][info ][gc,metaspace ] GC(785) Metaspace: 63247K->63247K(1107968K)
[1942.282s][info ][gc           ] GC(785) Pause Young (Allocation Failure) 622M->387M(852M) 3.493ms
[1942.282s][info ][gc,cpu       ] GC(785) User=0.01s Sys=0.00s Real=0.01s
[1942.282s][info ][safepoint    ] Leaving safepoint region
[1942.282s][info ][safepoint    ] Total time for which application threads were stopped: 0.0036676 seconds, Stopping threads took: 0.0000202 seconds
[1944.963s][info ][safepoint    ] Application time: 2.6809600 seconds
[1944.963s][info ][safepoint    ] Entering safepoint region: RevokeBias
[1944.963s][info ][safepoint    ] Leaving safepoint region
[1944.963s][info ][safepoint    ] Total time for which application threads were stopped: 0.0002066 seconds, Stopping threads took: 0.0000612 seconds
[1944.969s][info ][safepoint    ] Application time: 0.0065212 seconds
[1944.970s][info ][safepoint    ] Entering safepoint region: RevokeBias
[1944.970s][info ][safepoint    ] Leaving safepoint region
[1944.970s][info ][safepoint    ] Total time for which application threads were stopped: 0.0001366 seconds, Stopping threads took: 0.0000452 seconds
[1944.970s][info ][safepoint    ] Application time: 0.0006703 seconds
[1944.970s][info ][safepoint    ] Entering safepoint region: RevokeBias
[1944.970s][info ][safepoint    ] Leaving safepoint region
[1944.971s][info ][safepoint    ] Total time for which application threads were stopped: 0.0001926 seconds, Stopping threads took: 0.0000294 seconds
[1946.068s][info ][safepoint    ] Application time: 1.0971371 seconds
[1946.068s][info ][safepoint    ] Entering safepoint region: GenCollectForAllocation
[1946.068s][info ][gc,start     ] GC(786) Pause Young (Allocation Failure)
[1946.068s][info ][gc,task      ] GC(786) Using 4 workers of 4 for evacuation
[1946.073s][debug][gc,ref       ] GC(786) Skipped phase1 of Reference Processing due to unavailable references
[1946.073s][debug][gc,ref       ] GC(786) Skipped phase2 of Reference Processing due to unavailable references
[1946.073s][debug][gc,ref       ] GC(786) Skipped phase3 of Reference Processing due to unavailable references
[1946.073s][debug][gc,ref       ] GC(786) Skipped phase4 of Reference Processing due to unavailable references
[1946.073s][debug][gc,age       ] GC(786) Desired survivor size 15400960 bytes, new threshold 6 (max threshold 6)
[1946.073s][info ][gc,heap      ] GC(786) ParNew: 243328K->2395K(270976K)
[1946.073s][info ][gc,heap      ] GC(786) CMS: 394354K->394513K(602112K)
[1946.073s][info ][gc,metaspace ] GC(786) Metaspace: 63247K->63247K(1107968K)
[1946.073s][info ][gc           ] GC(786) Pause Young (Allocation Failure) 622M->387M(852M) 5.152ms
[1946.073s][info ][gc,cpu       ] GC(786) User=0.01s Sys=0.01s Real=0.01s
[1946.073s][info ][safepoint    ] Leaving safepoint region
[1946.073s][info ][safepoint    ] Total time for which application threads were stopped: 0.0053532 seconds, Stopping threads took: 0.0000206 seconds
[1949.823s][info ][safepoint    ] Application time: 3.7503417 seconds
[1949.823s][info ][safepoint    ] Entering safepoint region: GenCollectForAllocation
[1949.824s][info ][gc,start     ] GC(787) Pause Young (Allocation Failure)
[1949.824s][info ][gc,task      ] GC(787) Using 4 workers of 4 for evacuation
[1949.827s][debug][gc,ref       ] GC(787) Skipped phase1 of Reference Processing due to unavailable references
[1949.827s][debug][gc,ref       ] GC(787) Skipped phase2 of Reference Processing due to unavailable references
[1949.827s][debug][gc,ref       ] GC(787) Skipped phase3 of Reference Processing due to unavailable references
[1949.827s][debug][gc,ref       ] GC(787) Skipped phase4 of Reference Processing due to unavailable references
[1949.827s][debug][gc,age       ] GC(787) Desired survivor size 15400960 bytes, new threshold 6 (max threshold 6)
[1949.827s][info ][gc,heap      ] GC(787) ParNew: 243291K->2166K(270976K)
[1949.827s][info ][gc,heap      ] GC(787) CMS: 394513K->394711K(602112K)
[1949.827s][info ][gc,metaspace ] GC(787) Metaspace: 63247K->63247K(1107968K)
[1949.827s][info ][gc           ] GC(787) Pause Young (Allocation Failure) 622M->387M(852M) 3.607ms
[1949.827s][info ][gc,cpu       ] GC(787) User=0.01s Sys=0.00s Real=0.00s
[1949.827s][info ][safepoint    ] Leaving safepoint region
[1949.827s][info ][safepoint    ] Total time for which application threads were stopped: 0.0037926 seconds, Stopping threads took: 0.0000202 seconds
[1953.730s][info ][safepoint    ] Application time: 3.9025059 seconds
[1953.730s][info ][safepoint    ] Entering safepoint region: GenCollectForAllocation
[1953.730s][info ][gc,start     ] GC(788) Pause Young (Allocation Failure)
[1953.730s][info ][gc,task      ] GC(788) Using 4 workers of 4 for evacuation
[1953.733s][debug][gc,ref       ] GC(788) Skipped phase1 of Reference Processing due to unavailable references
[1953.733s][debug][gc,ref       ] GC(788) Skipped phase2 of Reference Processing due to unavailable references
[1953.733s][debug][gc,ref       ] GC(788) Skipped phase3 of Reference Processing due to unavailable references
[1953.733s][debug][gc,ref       ] GC(788) Skipped phase4 of Reference Processing due to unavailable references
[1953.734s][debug][gc,age       ] GC(788) Desired survivor size 15400960 bytes, new threshold 6 (max threshold 6)
[1953.734s][info ][gc,heap      ] GC(788) ParNew: 243062K->2108K(270976K)
[1953.734s][info ][gc,heap      ] GC(788) CMS: 394711K->394947K(602112K)
[1953.734s][info ][gc,metaspace ] GC(788) Metaspace: 63247K->63247K(1107968K)
[1953.734s][info ][gc           ] GC(788) Pause Young (Allocation Failure) 622M->387M(852M) 3.668ms
[1953.734s][info ][gc,cpu       ] GC(788) User=0.01s Sys=0.00s Real=0.00s
[1953.734s][info ][safepoint    ] Leaving safepoint region
[1953.734s][info ][safepoint    ] Total time for which application threads were stopped: 0.0038539 seconds, Stopping threads took: 0.0000206 seconds
[1957.723s][info ][safepoint    ] Application time: 3.9894646 seconds
[1957.723s][info ][safepoint    ] Entering safepoint region: GenCollectForAllocation
[1957.723s][info ][gc,start     ] GC(789) Pause Young (Allocation Failure)
[1957.723s][info ][gc,task      ] GC(789) Using 4 workers of 4 for evacuation
[1957.727s][debug][gc,ref       ] GC(789) Skipped phase1 of Reference Processing due to unavailable references
[1957.727s][debug][gc,ref       ] GC(789) Skipped phase2 of Reference Processing due to unavailable references
[1957.727s][debug][gc,ref       ] GC(789) Skipped phase3 of Reference Processing due to unavailable references
[1957.727s][debug][gc,ref       ] GC(789) Skipped phase4 of Reference Processing due to unavailable references
[1957.727s][debug][gc,age       ] GC(789) Desired survivor size 15400960 bytes, new threshold 6 (max threshold 6)
[1957.727s][info ][gc,heap      ] GC(789) ParNew: 243004K->2067K(270976K)
[1957.727s][info ][gc,heap      ] GC(789) CMS: 394947K->395097K(602112K)
[1957.727s][info ][gc,metaspace ] GC(789) Metaspace: 63247K->63247K(1107968K)
[1957.727s][info ][gc           ] GC(789) Pause Young (Allocation Failure) 622M->387M(852M) 3.655ms
[1957.727s][info ][gc,cpu       ] GC(789) User=0.01s Sys=0.00s Real=0.00s
[1957.727s][info ][safepoint    ] Leaving safepoint region
[1957.727s][info ][safepoint    ] Total time for which application threads were stopped: 0.0038857 seconds, Stopping threads took: 0.0000644 seconds
[1961.627s][info ][safepoint    ] Application time: 3.8995258 seconds
[1961.627s][info ][safepoint    ] Entering safepoint region: GenCollectForAllocation
[1961.627s][info ][gc,start     ] GC(790) Pause Young (Allocation Failure)
[1961.627s][info ][gc,task      ] GC(790) Using 4 workers of 4 for evacuation
[1961.630s][debug][gc,ref       ] GC(790) Skipped phase1 of Reference Processing due to unavailable references
[1961.630s][debug][gc,ref       ] GC(790) Skipped phase2 of Reference Processing due to unavailable references
[1961.630s][debug][gc,ref       ] GC(790) Skipped phase3 of Reference Processing due to unavailable references
[1961.630s][debug][gc,ref       ] GC(790) Skipped phase4 of Reference Processing due to unavailable references
[1961.631s][debug][gc,age       ] GC(790) Desired survivor size 15400960 bytes, new threshold 6 (max threshold 6)
[1961.631s][info ][gc,heap      ] GC(790) ParNew: 242963K->1527K(270976K)
[1961.631s][info ][gc,heap      ] GC(790) CMS: 395097K->395395K(602112K)
[1961.631s][info ][gc,metaspace ] GC(790) Metaspace: 63247K->63247K(1107968K)
[1961.631s][info ][gc           ] GC(790) Pause Young (Allocation Failure) 623M->387M(852M) 3.886ms
[1961.631s][info ][gc,cpu       ] GC(790) User=0.01s Sys=0.00s Real=0.01s
[1961.631s][info ][safepoint    ] Leaving safepoint region
[1961.631s][info ][safepoint    ] Total time for which application threads were stopped: 0.0040992 seconds, Stopping threads took: 0.0000203 seconds
[1965.341s][info ][safepoint    ] Application time: 3.7098645 seconds
[1965.341s][info ][safepoint    ] Entering safepoint region: GenCollectForAllocation
[1965.341s][info ][gc,start     ] GC(791) Pause Young (Allocation Failure)
[1965.341s][info ][gc,task      ] GC(791) Using 4 workers of 4 for evacuation
[1965.344s][debug][gc,ref       ] GC(791) Skipped phase1 of Reference Processing due to unavailable references
[1965.344s][debug][gc,ref       ] GC(791) Skipped phase2 of Reference Processing due to unavailable references
[1965.344s][debug][gc,ref       ] GC(791) Skipped phase3 of Reference Processing due to unavailable references
[1965.344s][debug][gc,ref       ] GC(791) Skipped phase4 of Reference Processing due to unavailable references
[1965.345s][debug][gc,age       ] GC(791) Desired survivor size 15400960 bytes, new threshold 6 (max threshold 6)
[1965.345s][info ][gc,heap      ] GC(791) ParNew: 242423K->1701K(270976K)
[1965.345s][info ][gc,heap      ] GC(791) CMS: 395395K->395797K(602112K)
[1965.345s][info ][gc,metaspace ] GC(791) Metaspace: 63248K->63248K(1107968K)
[1965.345s][info ][gc           ] GC(791) Pause Young (Allocation Failure) 622M->388M(852M) 3.841ms
[1965.345s][info ][gc,cpu       ] GC(791) User=0.01s Sys=0.00s Real=0.00s
[1965.345s][info ][safepoint    ] Leaving safepoint region
[1965.345s][info ][safepoint    ] Total time for which application threads were stopped: 0.0041260 seconds, Stopping threads took: 0.0001328 seconds
[1969.125s][info ][safepoint    ] Application time: 3.7804225 seconds
[1969.125s][info ][safepoint    ] Entering safepoint region: GenCollectForAllocation
[1969.125s][info ][gc,start     ] GC(792) Pause Young (Allocation Failure)
[1969.125s][info ][gc,task      ] GC(792) Using 4 workers of 4 for evacuation
[1969.133s][debug][gc,ref       ] GC(792) Skipped phase1 of Reference Processing due to unavailable references
[1969.133s][debug][gc,ref       ] GC(792) Skipped phase2 of Reference Processing due to unavailable references
[1969.133s][debug][gc,ref       ] GC(792) Skipped phase3 of Reference Processing due to unavailable references
[1969.133s][debug][gc,ref       ] GC(792) Skipped phase4 of Reference Processing due to unavailable references
[1969.133s][debug][gc,age       ] GC(792) Desired survivor size 15400960 bytes, new threshold 6 (max threshold 6)
[1969.133s][info ][gc,heap      ] GC(792) ParNew: 242597K->1436K(270976K)
[1969.133s][info ][gc,heap      ] GC(792) CMS: 395797K->395938K(602112K)
[1969.133s][info ][gc,metaspace ] GC(792) Metaspace: 63248K->63248K(1107968K)
[1969.133s][info ][gc           ] GC(792) Pause Young (Allocation Failure) 623M->388M(852M) 8.150ms
[1969.133s][info ][gc,cpu       ] GC(792) User=0.03s Sys=0.00s Real=0.01s
[1969.134s][info ][safepoint    ] Leaving safepoint region
[1969.134s][info ][safepoint    ] Total time for which application threads were stopped: 0.0083591 seconds, Stopping threads took: 0.0000159 seconds
[1970.134s][info ][safepoint    ] Application time: 1.0001067 seconds
[1970.134s][info ][safepoint    ] Entering safepoint region: Cleanup
[1970.134s][info ][safepoint    ] Leaving safepoint region
[1970.134s][info ][safepoint    ] Total time for which application threads were stopped: 0.0003209 seconds, Stopping threads took: 0.0000803 seconds
[1972.771s][info ][safepoint    ] Application time: 2.6365978 seconds
[1972.771s][info ][safepoint    ] Entering safepoint region: GenCollectForAllocation
[1972.771s][info ][gc,start     ] GC(793) Pause Young (Allocation Failure)
[1972.771s][info ][gc,task      ] GC(793) Using 4 workers of 4 for evacuation
[1972.775s][debug][gc,ref       ] GC(793) Skipped phase1 of Reference Processing due to unavailable references
[1972.775s][debug][gc,ref       ] GC(793) Skipped phase2 of Reference Processing due to unavailable references
[1972.775s][debug][gc,ref       ] GC(793) Skipped phase3 of Reference Processing due to unavailable references
[1972.775s][debug][gc,ref       ] GC(793) Skipped phase4 of Reference Processing due to unavailable references
[1972.775s][debug][gc,age       ] GC(793) Desired survivor size 15400960 bytes, new threshold 6 (max threshold 6)
[1972.775s][info ][gc,heap      ] GC(793) ParNew: 242332K->1274K(270976K)
[1972.775s][info ][gc,heap      ] GC(793) CMS: 395938K->396034K(602112K)
[1972.775s][info ][gc,metaspace ] GC(793) Metaspace: 63248K->63248K(1107968K)
[1972.775s][info ][gc           ] GC(793) Pause Young (Allocation Failure) 623M->387M(852M) 4.574ms
[1972.775s][info ][gc,cpu       ] GC(793) User=0.01s Sys=0.01s Real=0.00s
[1972.776s][info ][safepoint    ] Leaving safepoint region
[1972.776s][info ][safepoint    ] Total time for which application threads were stopped: 0.0048876 seconds, Stopping threads took: 0.0000659 seconds
[1976.569s][info ][safepoint    ] Application time: 3.7934724 seconds
[1976.569s][info ][safepoint    ] Entering safepoint region: GenCollectForAllocation
[1976.569s][info ][gc,start     ] GC(794) Pause Young (Allocation Failure)
[1976.569s][info ][gc,task      ] GC(794) Using 4 workers of 4 for evacuation
[1976.573s][debug][gc,ref       ] GC(794) Skipped phase1 of Reference Processing due to unavailable references
[1976.573s][debug][gc,ref       ] GC(794) Skipped phase2 of Reference Processing due to unavailable references
[1976.573s][debug][gc,ref       ] GC(794) Skipped phase3 of Reference Processing due to unavailable references
[1976.573s][debug][gc,ref       ] GC(794) Skipped phase4 of Reference Processing due to unavailable references
[1976.573s][debug][gc,age       ] GC(794) Desired survivor size 15400960 bytes, new threshold 6 (max threshold 6)
[1976.573s][info ][gc,heap      ] GC(794) ParNew: 242170K->1394K(270976K)
[1976.573s][info ][gc,heap      ] GC(794) CMS: 396034K->396044K(602112K)
[1976.573s][info ][gc,metaspace ] GC(794) Metaspace: 63248K->63248K(1107968K)
[1976.573s][info ][gc           ] GC(794) Pause Young (Allocation Failure) 623M->388M(852M) 3.937ms
[1976.573s][info ][gc,cpu       ] GC(794) User=0.01s Sys=0.00s Real=0.00s
[1976.573s][info ][safepoint    ] Leaving safepoint region
[1976.573s][info ][safepoint    ] Total time for which application threads were stopped: 0.0042198 seconds, Stopping threads took: 0.0000503 seconds
[1980.173s][info ][safepoint    ] Application time: 3.6002258 seconds
[1980.174s][info ][safepoint    ] Entering safepoint region: GenCollectForAllocation
[1980.174s][info ][gc,start     ] GC(795) Pause Young (Allocation Failure)
[1980.174s][info ][gc,task      ] GC(795) Using 4 workers of 4 for evacuation
[1980.177s][debug][gc,ref       ] GC(795) Skipped phase1 of Reference Processing due to unavailable references
[1980.177s][debug][gc,ref       ] GC(795) Skipped phase2 of Reference Processing due to unavailable references
[1980.177s][debug][gc,ref       ] GC(795) Skipped phase3 of Reference Processing due to unavailable references
[1980.177s][debug][gc,ref       ] GC(795) Skipped phase4 of Reference Processing due to unavailable references
[1980.177s][debug][gc,age       ] GC(795) Desired survivor size 15400960 bytes, new threshold 6 (max threshold 6)
[1980.177s][info ][gc,heap      ] GC(795) ParNew: 242290K->1705K(270976K)
[1980.177s][info ][gc,heap      ] GC(795) CMS: 396044K->396087K(602112K)
[1980.177s][info ][gc,metaspace ] GC(795) Metaspace: 63248K->63248K(1107968K)
[1980.177s][info ][gc           ] GC(795) Pause Young (Allocation Failure) 623M->388M(852M) 3.611ms
[1980.177s][info ][gc,cpu       ] GC(795) User=0.02s Sys=0.00s Real=0.00s
[1980.177s][info ][safepoint    ] Leaving safepoint region
[1980.177s][info ][safepoint    ] Total time for which application threads were stopped: 0.0037604 seconds, Stopping threads took: 0.0000173 seconds
[1983.922s][info ][safepoint    ] Application time: 3.7448276 seconds
[1983.922s][info ][safepoint    ] Entering safepoint region: GenCollectForAllocation
[1983.922s][info ][gc,start     ] GC(796) Pause Young (Allocation Failure)
[1983.922s][info ][gc,task      ] GC(796) Using 4 workers of 4 for evacuation
[1983.926s][debug][gc,ref       ] GC(796) Skipped phase1 of Reference Processing due to unavailable references
[1983.926s][debug][gc,ref       ] GC(796) Skipped phase2 of Reference Processing due to unavailable references
[1983.926s][debug][gc,ref       ] GC(796) Skipped phase3 of Reference Processing due to unavailable references
[1983.926s][debug][gc,ref       ] GC(796) Skipped phase4 of Reference Processing due to unavailable references
[1983.926s][debug][gc,age       ] GC(796) Desired survivor size 15400960 bytes, new threshold 6 (max threshold 6)
[1983.926s][info ][gc,heap      ] GC(796) ParNew: 242601K->1799K(270976K)
[1983.926s][info ][gc,heap      ] GC(796) CMS: 396087K->396158K(602112K)
[1983.926s][info ][gc,metaspace ] GC(796) Metaspace: 63248K->63248K(1107968K)
[1983.926s][info ][gc           ] GC(796) Pause Young (Allocation Failure) 623M->388M(852M) 3.782ms
[1983.926s][info ][gc,cpu       ] GC(796) User=0.02s Sys=0.00s Real=0.00s
[1983.926s][info ][safepoint    ] Leaving safepoint region
[1983.926s][info ][safepoint    ] Total time for which application threads were stopped: 0.0039248 seconds, Stopping threads took: 0.0000163 seconds
[1984.926s][info ][safepoint    ] Application time: 1.0001005 seconds
[1984.926s][info ][safepoint    ] Entering safepoint region: Cleanup
[1984.926s][info ][safepoint    ] Leaving safepoint region
[1984.926s][info ][safepoint    ] Total time for which application threads were stopped: 0.0001503 seconds, Stopping threads took: 0.0000864 seconds
[1987.378s][info ][safepoint    ] Application time: 2.4518891 seconds
[1987.378s][info ][safepoint    ] Entering safepoint region: GenCollectForAllocation
[1987.378s][info ][gc,start     ] GC(797) Pause Young (Allocation Failure)
[1987.378s][info ][gc,task      ] GC(797) Using 4 workers of 4 for evacuation
[1987.382s][debug][gc,ref       ] GC(797) Skipped phase1 of Reference Processing due to unavailable references
[1987.382s][debug][gc,ref       ] GC(797) Skipped phase2 of Reference Processing due to unavailable references
[1987.382s][debug][gc,ref       ] GC(797) Skipped phase3 of Reference Processing due to unavailable references
[1987.382s][debug][gc,ref       ] GC(797) Skipped phase4 of Reference Processing due to unavailable references
[1987.382s][debug][gc,age       ] GC(797) Desired survivor size 15400960 bytes, new threshold 6 (max threshold 6)
[1987.382s][info ][gc,heap      ] GC(797) ParNew: 242695K->1903K(270976K)
[1987.382s][info ][gc,heap      ] GC(797) CMS: 396158K->396214K(602112K)
[1987.382s][info ][gc,metaspace ] GC(797) Metaspace: 63248K->63248K(1107968K)
[1987.382s][info ][gc           ] GC(797) Pause Young (Allocation Failure) 623M->388M(852M) 3.498ms
[1987.382s][info ][gc,cpu       ] GC(797) User=0.01s Sys=0.00s Real=0.01s
[1987.382s][info ][safepoint    ] Leaving safepoint region
[1987.382s][info ][safepoint    ] Total time for which application threads were stopped: 0.0036492 seconds, Stopping threads took: 0.0000319 seconds
[1989.382s][info ][safepoint    ] Application time: 2.0002172 seconds
[1989.382s][info ][safepoint    ] Entering safepoint region: Cleanup
[1989.382s][info ][safepoint    ] Leaving safepoint region
[1989.382s][info ][safepoint    ] Total time for which application threads were stopped: 0.0001825 seconds, Stopping threads took: 0.0000661 seconds
[1990.528s][info ][safepoint    ] Application time: 1.1456691 seconds
[1990.528s][info ][safepoint    ] Entering safepoint region: GenCollectForAllocation
[1990.528s][info ][gc,start     ] GC(798) Pause Young (Allocation Failure)
[1990.528s][info ][gc,task      ] GC(798) Using 4 workers of 4 for evacuation
[1990.533s][debug][gc,ref       ] GC(798) Skipped phase1 of Reference Processing due to unavailable references
[1990.533s][debug][gc,ref       ] GC(798) Skipped phase3 of Reference Processing due to unavailable references
[1990.533s][debug][gc,age       ] GC(798) Desired survivor size 15400960 bytes, new threshold 6 (max threshold 6)
[1990.534s][info ][gc,heap      ] GC(798) ParNew: 242799K->5666K(270976K)
[1990.534s][info ][gc,heap      ] GC(798) CMS: 396214K->396350K(602112K)
[1990.534s][info ][gc,metaspace ] GC(798) Metaspace: 63248K->63248K(1107968K)
[1990.534s][info ][gc           ] GC(798) Pause Young (Allocation Failure) 624M->392M(852M) 5.288ms
[1990.534s][info ][gc,cpu       ] GC(798) User=0.02s Sys=0.01s Real=0.00s
[1990.534s][info ][safepoint    ] Leaving safepoint region
[1990.534s][info ][safepoint    ] Total time for which application threads were stopped: 0.0054826 seconds, Stopping threads took: 0.0000156 seconds
[1993.920s][info ][safepoint    ] Application time: 3.3860739 seconds
[1993.920s][info ][safepoint    ] Entering safepoint region: GenCollectForAllocation
[1993.920s][info ][gc,start     ] GC(799) Pause Young (Allocation Failure)
[1993.920s][info ][gc,task      ] GC(799) Using 4 workers of 4 for evacuation
[1993.925s][debug][gc,ref       ] GC(799) Skipped phase1 of Reference Processing due to unavailable references
[1993.925s][debug][gc,ref       ] GC(799) Skipped phase3 of Reference Processing due to unavailable references
[1993.925s][debug][gc,age       ] GC(799) Desired survivor size 15400960 bytes, new threshold 6 (max threshold 6)
[1993.925s][info ][gc,heap      ] GC(799) ParNew: 246562K->7752K(270976K)
[1993.925s][info ][gc,heap      ] GC(799) CMS: 396350K->396420K(602112K)
[1993.925s][info ][gc,metaspace ] GC(799) Metaspace: 63248K->63248K(1107968K)
[1993.925s][info ][gc           ] GC(799) Pause Young (Allocation Failure) 627M->394M(852M) 5.455ms
[1993.925s][info ][gc,cpu       ] GC(799) User=0.00s Sys=0.02s Real=0.01s
[1993.925s][info ][safepoint    ] Leaving safepoint region
[1993.925s][info ][safepoint    ] Total time for which application threads were stopped: 0.0056995 seconds, Stopping threads took: 0.0000496 seconds
[1997.321s][info ][safepoint    ] Application time: 3.3960313 seconds
[1997.321s][info ][safepoint    ] Entering safepoint region: GenCollectForAllocation
[1997.322s][info ][gc,start     ] GC(800) Pause Young (Allocation Failure)
[1997.322s][info ][gc,task      ] GC(800) Using 4 workers of 4 for evacuation
[1997.326s][debug][gc,ref       ] GC(800) Skipped phase1 of Reference Processing due to unavailable references
[1997.326s][debug][gc,ref       ] GC(800) Skipped phase3 of Reference Processing due to unavailable references
[1997.327s][debug][gc,age       ] GC(800) Desired survivor size 15400960 bytes, new threshold 6 (max threshold 6)
[1997.327s][info ][gc,heap      ] GC(800) ParNew: 248648K->9709K(270976K)
[1997.327s][info ][gc,heap      ] GC(800) CMS: 396420K->396613K(602112K)
[1997.327s][info ][gc,metaspace ] GC(800) Metaspace: 63248K->63248K(1107968K)
[1997.327s][info ][gc           ] GC(800) Pause Young (Allocation Failure) 629M->396M(852M) 5.219ms
[1997.327s][info ][gc,cpu       ] GC(800) User=0.02s Sys=0.00s Real=0.00s
[1997.327s][info ][safepoint    ] Leaving safepoint region
[1997.327s][info ][safepoint    ] Total time for which application threads were stopped: 0.0053724 seconds, Stopping threads took: 0.0000172 seconds
[2000.773s][info ][safepoint    ] Application time: 3.4464920 seconds
[2000.773s][info ][safepoint    ] Entering safepoint region: GenCollectForAllocation
[2000.774s][info ][gc,start     ] GC(801) Pause Young (Allocation Failure)
[2000.774s][info ][gc,task      ] GC(801) Using 4 workers of 4 for evacuation
[2000.778s][debug][gc,ref       ] GC(801) Skipped phase1 of Reference Processing due to unavailable references
[2000.778s][debug][gc,ref       ] GC(801) Skipped phase3 of Reference Processing due to unavailable references
[2000.778s][debug][gc,age       ] GC(801) Desired survivor size 15400960 bytes, new threshold 6 (max threshold 6)
[2000.778s][info ][gc,heap      ] GC(801) ParNew: 250605K->11561K(270976K)
[2000.778s][info ][gc,heap      ] GC(801) CMS: 396613K->396718K(602112K)
[2000.778s][info ][gc,metaspace ] GC(801) Metaspace: 63248K->63248K(1107968K)
[2000.778s][info ][gc           ] GC(801) Pause Young (Allocation Failure) 632M->398M(852M) 4.742ms
[2000.778s][info ][gc,cpu       ] GC(801) User=0.02s Sys=0.00s Real=0.00s
[2000.778s][info ][safepoint    ] Leaving safepoint region
[2000.778s][info ][safepoint    ] Total time for which application threads were stopped: 0.0050120 seconds, Stopping threads took: 0.0000162 seconds
[2004.219s][info ][safepoint    ] Application time: 3.4408209 seconds
[2004.219s][info ][safepoint    ] Entering safepoint region: GenCollectForAllocation
[2004.219s][info ][gc,start     ] GC(802) Pause Young (Allocation Failure)
[2004.219s][info ][gc,task      ] GC(802) Using 4 workers of 4 for evacuation
[2004.224s][debug][gc,ref       ] GC(802) Skipped phase1 of Reference Processing due to unavailable references
[2004.225s][debug][gc,ref       ] GC(802) Skipped phase3 of Reference Processing due to unavailable references
[2004.225s][debug][gc,age       ] GC(802) Desired survivor size 15400960 bytes, new threshold 6 (max threshold 6)
[2004.225s][info ][gc,heap      ] GC(802) ParNew: 252457K->8725K(270976K)
[2004.225s][info ][gc,heap      ] GC(802) CMS: 396718K->396913K(602112K)
[2004.225s][info ][gc,metaspace ] GC(802) Metaspace: 63248K->63248K(1107968K)
[2004.225s][info ][gc           ] GC(802) Pause Young (Allocation Failure) 633M->396M(852M) 5.408ms
[2004.225s][info ][gc,cpu       ] GC(802) User=0.02s Sys=0.00s Real=0.01s
[2004.225s][info ][safepoint    ] Leaving safepoint region
[2004.225s][info ][safepoint    ] Total time for which application threads were stopped: 0.0056141 seconds, Stopping threads took: 0.0000644 seconds
[2006.225s][info ][safepoint    ] Application time: 2.0001679 seconds
[2006.225s][info ][safepoint    ] Entering safepoint region: Cleanup
[2006.225s][info ][safepoint    ] Leaving safepoint region
[2006.225s][info ][safepoint    ] Total time for which application threads were stopped: 0.0001804 seconds, Stopping threads took: 0.0000976 seconds
[2007.675s][info ][safepoint    ] Application time: 1.4494958 seconds
[2007.675s][info ][safepoint    ] Entering safepoint region: GenCollectForAllocation
[2007.675s][info ][gc,start     ] GC(803) Pause Young (Allocation Failure)
[2007.675s][info ][gc,task      ] GC(803) Using 4 workers of 4 for evacuation
[2007.680s][debug][gc,ref       ] GC(803) Skipped phase1 of Reference Processing due to unavailable references
[2007.680s][debug][gc,ref       ] GC(803) Skipped phase3 of Reference Processing due to unavailable references
[2007.680s][debug][gc,age       ] GC(803) Desired survivor size 15400960 bytes, new threshold 6 (max threshold 6)
[2007.680s][info ][gc,heap      ] GC(803) ParNew: 249621K->12578K(270976K)
[2007.680s][info ][gc,heap      ] GC(803) CMS: 396913K->397169K(602112K)
[2007.680s][info ][gc,metaspace ] GC(803) Metaspace: 63248K->63248K(1107968K)
[2007.680s][info ][gc           ] GC(803) Pause Young (Allocation Failure) 631M->400M(852M) 5.415ms
[2007.680s][info ][gc,cpu       ] GC(803) User=0.03s Sys=0.00s Real=0.01s
[2007.680s][info ][safepoint    ] Leaving safepoint region
[2007.680s][info ][safepoint    ] Total time for which application threads were stopped: 0.0055613 seconds, Stopping threads took: 0.0000163 seconds
[2008.680s][info ][safepoint    ] Application time: 1.0000904 seconds
[2008.680s][info ][safepoint    ] Entering safepoint region: Cleanup
[2008.681s][info ][safepoint    ] Leaving safepoint region
[2008.681s][info ][safepoint    ] Total time for which application threads were stopped: 0.0001002 seconds, Stopping threads took: 0.0000324 seconds
[2010.681s][info ][safepoint    ] Application time: 2.0002351 seconds
[2010.681s][info ][safepoint    ] Entering safepoint region: Cleanup
[2010.681s][info ][safepoint    ] Leaving safepoint region
[2010.681s][info ][safepoint    ] Total time for which application threads were stopped: 0.0001840 seconds, Stopping threads took: 0.0000162 seconds
[2011.177s][info ][safepoint    ] Application time: 0.4962004 seconds
[2011.177s][info ][safepoint    ] Entering safepoint region: GenCollectForAllocation
[2011.177s][info ][gc,start     ] GC(804) Pause Young (Allocation Failure)
[2011.177s][info ][gc,task      ] GC(804) Using 4 workers of 4 for evacuation
[2011.184s][debug][gc,ref       ] GC(804) Skipped phase1 of Reference Processing due to unavailable references
[2011.184s][debug][gc,ref       ] GC(804) Skipped phase2 of Reference Processing due to unavailable references
[2011.184s][debug][gc,ref       ] GC(804) Skipped phase3 of Reference Processing due to unavailable references
[2011.184s][debug][gc,ref       ] GC(804) Skipped phase4 of Reference Processing due to unavailable references
[2011.184s][debug][gc,age       ] GC(804) Desired survivor size 15400960 bytes, new threshold 6 (max threshold 6)
[2011.184s][info ][gc,heap      ] GC(804) ParNew: 253474K->9949K(270976K)
[2011.184s][info ][gc,heap      ] GC(804) CMS: 397169K->399257K(602112K)
[2011.184s][info ][gc,metaspace ] GC(804) Metaspace: 63250K->63250K(1107968K)
[2011.185s][info ][gc           ] GC(804) Pause Young (Allocation Failure) 635M->399M(852M) 7.130ms
[2011.185s][info ][gc,cpu       ] GC(804) User=0.02s Sys=0.00s Real=0.01s
[2011.185s][info ][safepoint    ] Leaving safepoint region
[2011.185s][info ][safepoint    ] Total time for which application threads were stopped: 0.0073010 seconds, Stopping threads took: 0.0000165 seconds
[2014.772s][info ][safepoint    ] Application time: 3.5875483 seconds
[2014.772s][info ][safepoint    ] Entering safepoint region: GenCollectForAllocation
[2014.772s][info ][gc,start     ] GC(805) Pause Young (Allocation Failure)
[2014.772s][info ][gc,task      ] GC(805) Using 4 workers of 4 for evacuation
[2014.778s][debug][gc,ref       ] GC(805) Skipped phase1 of Reference Processing due to unavailable references
[2014.778s][debug][gc,ref       ] GC(805) Skipped phase2 of Reference Processing due to unavailable references
[2014.778s][debug][gc,ref       ] GC(805) Skipped phase3 of Reference Processing due to unavailable references
[2014.778s][debug][gc,ref       ] GC(805) Skipped phase4 of Reference Processing due to unavailable references
[2014.778s][debug][gc,age       ] GC(805) Desired survivor size 15400960 bytes, new threshold 6 (max threshold 6)
[2014.778s][info ][gc,heap      ] GC(805) ParNew: 250845K->8615K(270976K)
[2014.778s][info ][gc,heap      ] GC(805) CMS: 399257K->400319K(602112K)
[2014.778s][info ][gc,metaspace ] GC(805) Metaspace: 63251K->63251K(1107968K)
[2014.778s][info ][gc           ] GC(805) Pause Young (Allocation Failure) 634M->399M(852M) 5.846ms
[2014.778s][info ][gc,cpu       ] GC(805) User=0.01s Sys=0.00s Real=0.00s
[2014.778s][info ][safepoint    ] Leaving safepoint region
[2014.778s][info ][safepoint    ] Total time for which application threads were stopped: 0.0061305 seconds, Stopping threads took: 0.0000305 seconds
[2018.426s][info ][safepoint    ] Application time: 3.6476287 seconds
[2018.426s][info ][safepoint    ] Entering safepoint region: GenCollectForAllocation
[2018.426s][info ][gc,start     ] GC(806) Pause Young (Allocation Failure)
[2018.426s][info ][gc,task      ] GC(806) Using 4 workers of 4 for evacuation
[2018.431s][debug][gc,ref       ] GC(806) Skipped phase1 of Reference Processing due to unavailable references
[2018.431s][debug][gc,ref       ] GC(806) Skipped phase2 of Reference Processing due to unavailable references
[2018.431s][debug][gc,ref       ] GC(806) Skipped phase3 of Reference Processing due to unavailable references
[2018.431s][debug][gc,ref       ] GC(806) Skipped phase4 of Reference Processing due to unavailable references
[2018.431s][debug][gc,age       ] GC(806) Desired survivor size 15400960 bytes, new threshold 6 (max threshold 6)
[2018.431s][info ][gc,heap      ] GC(806) ParNew: 249511K->8351K(270976K)
[2018.431s][info ][gc,heap      ] GC(806) CMS: 400319K->401487K(602112K)
[2018.431s][info ][gc,metaspace ] GC(806) Metaspace: 63251K->63251K(1107968K)
[2018.431s][info ][gc           ] GC(806) Pause Young (Allocation Failure) 634M->400M(852M) 5.258ms
[2018.431s][info ][gc,cpu       ] GC(806) User=0.02s Sys=0.00s Real=0.01s
[2018.431s][info ][safepoint    ] Leaving safepoint region
[2018.431s][info ][safepoint    ] Total time for which application threads were stopped: 0.0054530 seconds, Stopping threads took: 0.0000356 seconds
[2022.105s][info ][safepoint    ] Application time: 3.6734260 seconds
[2022.105s][info ][safepoint    ] Entering safepoint region: GenCollectForAllocation
[2022.105s][info ][gc,start     ] GC(807) Pause Young (Allocation Failure)
[2022.105s][info ][gc,task      ] GC(807) Using 4 workers of 4 for evacuation
[2022.111s][debug][gc,ref       ] GC(807) Skipped phase1 of Reference Processing due to unavailable references
[2022.111s][debug][gc,ref       ] GC(807) Skipped phase2 of Reference Processing due to unavailable references
[2022.111s][debug][gc,ref       ] GC(807) Skipped phase3 of Reference Processing due to unavailable references
[2022.111s][debug][gc,age       ] GC(807) Desired survivor size 15400960 bytes, new threshold 6 (max threshold 6)
[2022.111s][info ][gc,heap      ] GC(807) ParNew: 249247K->10283K(270976K)
[2022.111s][info ][gc,heap      ] GC(807) CMS: 401487K->401756K(602112K)
[2022.111s][info ][gc,metaspace ] GC(807) Metaspace: 63253K->63253K(1107968K)
[2022.111s][info ][gc           ] GC(807) Pause Young (Allocation Failure) 635M->402M(852M) 5.895ms
[2022.111s][info ][gc,cpu       ] GC(807) User=0.02s Sys=0.00s Real=0.01s
[2022.111s][info ][safepoint    ] Leaving safepoint region
[2022.111s][info ][safepoint    ] Total time for which application threads were stopped: 0.0061933 seconds, Stopping threads took: 0.0000566 seconds
[2025.826s][info ][safepoint    ] Application time: 3.7150967 seconds
[2025.826s][info ][safepoint    ] Entering safepoint region: GenCollectForAllocation
[2025.826s][info ][gc,start     ] GC(808) Pause Young (Allocation Failure)
[2025.827s][info ][gc,task      ] GC(808) Using 4 workers of 4 for evacuation
[2025.831s][debug][gc,ref       ] GC(808) Skipped phase1 of Reference Processing due to unavailable references
[2025.831s][debug][gc,ref       ] GC(808) Skipped phase2 of Reference Processing due to unavailable references
[2025.831s][debug][gc,ref       ] GC(808) Skipped phase3 of Reference Processing due to unavailable references
[2025.831s][debug][gc,ref       ] GC(808) Skipped phase4 of Reference Processing due to unavailable references
[2025.831s][debug][gc,age       ] GC(808) Desired survivor size 15400960 bytes, new threshold 6 (max threshold 6)
[2025.831s][info ][gc,heap      ] GC(808) ParNew: 251179K->7003K(270976K)
[2025.831s][info ][gc,heap      ] GC(808) CMS: 401756K->402041K(602112K)
[2025.831s][info ][gc,metaspace ] GC(808) Metaspace: 63255K->63255K(1107968K)
[2025.831s][info ][gc           ] GC(808) Pause Young (Allocation Failure) 637M->399M(852M) 5.050ms
[2025.832s][info ][gc,cpu       ] GC(808) User=0.02s Sys=0.00s Real=0.01s
[2025.832s][info ][safepoint    ] Leaving safepoint region
[2025.832s][info ][safepoint    ] Total time for which application threads were stopped: 0.0052335 seconds, Stopping threads took: 0.0000201 seconds
[2029.523s][info ][safepoint    ] Application time: 3.6916165 seconds
[2029.523s][info ][safepoint    ] Entering safepoint region: GenCollectForAllocation
[2029.523s][info ][gc,start     ] GC(809) Pause Young (Allocation Failure)
[2029.523s][info ][gc,task      ] GC(809) Using 4 workers of 4 for evacuation
[2029.528s][debug][gc,ref       ] GC(809) Skipped phase1 of Reference Processing due to unavailable references
[2029.528s][debug][gc,ref       ] GC(809) Skipped phase2 of Reference Processing due to unavailable references
[2029.528s][debug][gc,ref       ] GC(809) Skipped phase3 of Reference Processing due to unavailable references
[2029.528s][debug][gc,ref       ] GC(809) Skipped phase4 of Reference Processing due to unavailable references
[2029.528s][debug][gc,age       ] GC(809) Desired survivor size 15400960 bytes, new threshold 6 (max threshold 6)
[2029.528s][info ][gc,heap      ] GC(809) ParNew: 247899K->7192K(270976K)
[2029.528s][info ][gc,heap      ] GC(809) CMS: 402041K->403281K(602112K)
[2029.528s][info ][gc,metaspace ] GC(809) Metaspace: 63255K->63255K(1107968K)
[2029.528s][info ][gc           ] GC(809) Pause Young (Allocation Failure) 634M->400M(852M) 5.003ms
[2029.528s][info ][gc,cpu       ] GC(809) User=0.02s Sys=0.00s Real=0.01s
[2029.528s][info ][safepoint    ] Leaving safepoint region
[2029.528s][info ][safepoint    ] Total time for which application threads were stopped: 0.0051878 seconds, Stopping threads took: 0.0000196 seconds
[2033.224s][info ][safepoint    ] Application time: 3.6959402 seconds
[2033.224s][info ][safepoint    ] Entering safepoint region: GenCollectForAllocation
[2033.225s][info ][gc,start     ] GC(810) Pause Young (Allocation Failure)
[2033.225s][info ][gc,task      ] GC(810) Using 4 workers of 4 for evacuation
[2033.230s][debug][gc,ref       ] GC(810) Skipped phase1 of Reference Processing due to unavailable references
[2033.230s][debug][gc,ref       ] GC(810) Skipped phase2 of Reference Processing due to unavailable references
[2033.230s][debug][gc,ref       ] GC(810) Skipped phase3 of Reference Processing due to unavailable references
[2033.230s][debug][gc,ref       ] GC(810) Skipped phase4 of Reference Processing due to unavailable references
[2033.230s][debug][gc,age       ] GC(810) Desired survivor size 15400960 bytes, new threshold 6 (max threshold 6)
[2033.230s][info ][gc,heap      ] GC(810) ParNew: 248088K->4802K(270976K)
[2033.230s][info ][gc,heap      ] GC(810) CMS: 403281K->403943K(602112K)
[2033.230s][info ][gc,metaspace ] GC(810) Metaspace: 63255K->63255K(1107968K)
[2033.230s][info ][gc           ] GC(810) Pause Young (Allocation Failure) 636M->399M(852M) 5.892ms
[2033.230s][info ][gc,cpu       ] GC(810) User=0.02s Sys=0.00s Real=0.01s
[2033.230s][info ][safepoint    ] Leaving safepoint region
[2033.230s][info ][safepoint    ] Total time for which application threads were stopped: 0.0060769 seconds, Stopping threads took: 0.0000235 seconds
[2036.776s][info ][safepoint    ] Application time: 3.5454599 seconds
[2036.776s][info ][safepoint    ] Entering safepoint region: GenCollectForAllocation
[2036.776s][info ][gc,start     ] GC(811) Pause Young (Allocation Failure)
[2036.776s][info ][gc,task      ] GC(811) Using 4 workers of 4 for evacuation
[2036.783s][debug][gc,ref       ] GC(811) Skipped phase1 of Reference Processing due to unavailable references
[2036.783s][debug][gc,ref       ] GC(811) Skipped phase2 of Reference Processing due to unavailable references
[2036.783s][debug][gc,ref       ] GC(811) Skipped phase3 of Reference Processing due to unavailable references
[2036.783s][debug][gc,ref       ] GC(811) Skipped phase4 of Reference Processing due to unavailable references
[2036.784s][debug][gc,age       ] GC(811) Desired survivor size 15400960 bytes, new threshold 6 (max threshold 6)
[2036.784s][info ][gc,heap      ] GC(811) ParNew: 245698K->3314K(270976K)
[2036.784s][info ][gc,heap      ] GC(811) CMS: 403943K->406575K(602112K)
[2036.784s][info ][gc,metaspace ] GC(811) Metaspace: 63255K->63255K(1107968K)
[2036.784s][info ][gc           ] GC(811) Pause Young (Allocation Failure) 634M->400M(852M) 7.655ms
[2036.784s][info ][gc,cpu       ] GC(811) User=0.03s Sys=0.00s Real=0.01s
[2036.784s][info ][safepoint    ] Leaving safepoint region
[2036.784s][info ][safepoint    ] Total time for which application threads were stopped: 0.0078459 seconds, Stopping threads took: 0.0000216 seconds
[2037.784s][info ][safepoint    ] Application time: 1.0000921 seconds
[2037.784s][info ][safepoint    ] Entering safepoint region: Cleanup
[2037.784s][info ][safepoint    ] Leaving safepoint region
[2037.784s][info ][safepoint    ] Total time for which application threads were stopped: 0.0001008 seconds, Stopping threads took: 0.0000238 seconds
[2040.470s][info ][safepoint    ] Application time: 2.6855073 seconds
[2040.470s][info ][safepoint    ] Entering safepoint region: GenCollectForAllocation
[2040.470s][info ][gc,start     ] GC(812) Pause Young (Allocation Failure)
[2040.470s][info ][gc,task      ] GC(812) Using 4 workers of 4 for evacuation
[2040.472s][debug][gc,ref       ] GC(812) Skipped phase1 of Reference Processing due to unavailable references
[2040.472s][debug][gc,ref       ] GC(812) Skipped phase2 of Reference Processing due to unavailable references
[2040.472s][debug][gc,ref       ] GC(812) Skipped phase3 of Reference Processing due to unavailable references
[2040.472s][debug][gc,ref       ] GC(812) Skipped phase4 of Reference Processing due to unavailable references
[2040.473s][debug][gc,age       ] GC(812) Desired survivor size 15400960 bytes, new threshold 6 (max threshold 6)
[2040.473s][info ][gc,heap      ] GC(812) ParNew: 244210K->1267K(270976K)
[2040.473s][info ][gc,heap      ] GC(812) CMS: 406575K->406729K(602112K)
[2040.473s][info ][gc,metaspace ] GC(812) Metaspace: 63255K->63255K(1107968K)
[2040.473s][info ][gc           ] GC(812) Pause Young (Allocation Failure) 635M->398M(852M) 3.057ms
[2040.473s][info ][gc,cpu       ] GC(812) User=0.01s Sys=0.00s Real=0.00s
[2040.473s][info ][safepoint    ] Leaving safepoint region
[2040.473s][info ][safepoint    ] Total time for which application threads were stopped: 0.0032364 seconds, Stopping threads took: 0.0000202 seconds
[2041.473s][info ][safepoint    ] Application time: 1.0001355 seconds
[2041.473s][info ][safepoint    ] Entering safepoint region: Cleanup
[2041.473s][info ][safepoint    ] Leaving safepoint region
[2041.473s][info ][safepoint    ] Total time for which application threads were stopped: 0.0002047 seconds, Stopping threads took: 0.0000474 seconds
[2042.473s][info ][safepoint    ] Application time: 1.0001017 seconds
[2042.473s][info ][safepoint    ] Entering safepoint region: Cleanup
[2042.474s][info ][safepoint    ] Leaving safepoint region
[2042.474s][info ][safepoint    ] Total time for which application threads were stopped: 0.0002120 seconds, Stopping threads took: 0.0000814 seconds
[2044.070s][info ][safepoint    ] Application time: 1.5963637 seconds
[2044.070s][info ][safepoint    ] Entering safepoint region: GenCollectForAllocation
[2044.070s][info ][gc,start     ] GC(813) Pause Young (Allocation Failure)
[2044.070s][info ][gc,task      ] GC(813) Using 4 workers of 4 for evacuation
[2044.073s][debug][gc,ref       ] GC(813) Skipped phase1 of Reference Processing due to unavailable references
[2044.073s][debug][gc,ref       ] GC(813) Skipped phase2 of Reference Processing due to unavailable references
[2044.073s][debug][gc,ref       ] GC(813) Skipped phase3 of Reference Processing due to unavailable references
[2044.073s][debug][gc,ref       ] GC(813) Skipped phase4 of Reference Processing due to unavailable references
[2044.073s][debug][gc,age       ] GC(813) Desired survivor size 15400960 bytes, new threshold 6 (max threshold 6)
[2044.073s][info ][gc,heap      ] GC(813) ParNew: 242163K->1201K(270976K)
[2044.073s][info ][gc,heap      ] GC(813) CMS: 406729K->406775K(602112K)
[2044.073s][info ][gc,metaspace ] GC(813) Metaspace: 63255K->63255K(1107968K)
[2044.073s][info ][gc           ] GC(813) Pause Young (Allocation Failure) 633M->398M(852M) 3.214ms
[2044.073s][info ][gc,cpu       ] GC(813) User=0.01s Sys=0.01s Real=0.00s
[2044.073s][info ][safepoint    ] Leaving safepoint region
[2044.073s][info ][safepoint    ] Total time for which application threads were stopped: 0.0033938 seconds, Stopping threads took: 0.0000209 seconds
[2047.620s][info ][safepoint    ] Application time: 3.5462180 seconds
[2047.620s][info ][safepoint    ] Entering safepoint region: GenCollectForAllocation
[2047.620s][info ][gc,start     ] GC(814) Pause Young (Allocation Failure)
[2047.621s][info ][gc,task      ] GC(814) Using 4 workers of 4 for evacuation
[2047.631s][debug][gc,ref       ] GC(814) Skipped phase1 of Reference Processing due to unavailable references
[2047.631s][debug][gc,ref       ] GC(814) Skipped phase2 of Reference Processing due to unavailable references
[2047.631s][debug][gc,ref       ] GC(814) Skipped phase3 of Reference Processing due to unavailable references
[2047.631s][debug][gc,ref       ] GC(814) Skipped phase4 of Reference Processing due to unavailable references
[2047.631s][debug][gc,age       ] GC(814) Desired survivor size 15400960 bytes, new threshold 6 (max threshold 6)
[2047.631s][info ][gc,heap      ] GC(814) ParNew: 242097K->1322K(270976K)
[2047.631s][info ][gc,heap      ] GC(814) CMS: 406775K->406831K(602112K)
[2047.631s][info ][gc,metaspace ] GC(814) Metaspace: 63256K->63256K(1107968K)
[2047.631s][info ][gc           ] GC(814) Pause Young (Allocation Failure) 633M->398M(852M) 10.813ms
[2047.631s][info ][gc,cpu       ] GC(814) User=0.03s Sys=0.01s Real=0.01s
[2047.631s][info ][safepoint    ] Leaving safepoint region
[2047.631s][info ][safepoint    ] Total time for which application threads were stopped: 0.0115484 seconds, Stopping threads took: 0.0003009 seconds
[2048.631s][info ][safepoint    ] Application time: 1.0001048 seconds
[2048.631s][info ][safepoint    ] Entering safepoint region: Cleanup
[2048.632s][info ][safepoint    ] Leaving safepoint region
[2048.632s][info ][safepoint    ] Total time for which application threads were stopped: 0.0001235 seconds, Stopping threads took: 0.0000177 seconds
[2049.632s][info ][safepoint    ] Application time: 1.0001255 seconds
[2049.632s][info ][safepoint    ] Entering safepoint region: Cleanup
[2049.632s][info ][safepoint    ] Leaving safepoint region
[2049.632s][info ][safepoint    ] Total time for which application threads were stopped: 0.0000947 seconds, Stopping threads took: 0.0000196 seconds
[2051.225s][info ][safepoint    ] Application time: 1.5931088 seconds
[2051.225s][info ][safepoint    ] Entering safepoint region: GenCollectForAllocation
[2051.225s][info ][gc,start     ] GC(815) Pause Young (Allocation Failure)
[2051.225s][info ][gc,task      ] GC(815) Using 4 workers of 4 for evacuation
[2051.228s][debug][gc,ref       ] GC(815) Skipped phase1 of Reference Processing due to unavailable references
[2051.228s][debug][gc,ref       ] GC(815) Skipped phase2 of Reference Processing due to unavailable references
[2051.228s][debug][gc,ref       ] GC(815) Skipped phase3 of Reference Processing due to unavailable references
[2051.228s][debug][gc,ref       ] GC(815) Skipped phase4 of Reference Processing due to unavailable references
[2051.229s][debug][gc,age       ] GC(815) Desired survivor size 15400960 bytes, new threshold 6 (max threshold 6)
[2051.229s][info ][gc,heap      ] GC(815) ParNew: 242218K->1095K(270976K)
[2051.229s][info ][gc,heap      ] GC(815) CMS: 406831K->407102K(602112K)
[2051.229s][info ][gc,metaspace ] GC(815) Metaspace: 63257K->63257K(1107968K)
[2051.229s][info ][gc           ] GC(815) Pause Young (Allocation Failure) 633M->398M(852M) 3.457ms
[2051.229s][info ][gc,cpu       ] GC(815) User=0.01s Sys=0.00s Real=0.01s
[2051.229s][info ][safepoint    ] Leaving safepoint region
[2051.229s][info ][safepoint    ] Total time for which application threads were stopped: 0.0036840 seconds, Stopping threads took: 0.0000228 seconds
[2052.229s][info ][safepoint    ] Application time: 1.0001332 seconds
[2052.229s][info ][safepoint    ] Entering safepoint region: Cleanup
[2052.229s][info ][safepoint    ] Leaving safepoint region
[2052.229s][info ][safepoint    ] Total time for which application threads were stopped: 0.0000872 seconds, Stopping threads took: 0.0000197 seconds
[2054.229s][info ][safepoint    ] Application time: 2.0002049 seconds
[2054.229s][info ][safepoint    ] Entering safepoint region: Cleanup
[2054.229s][info ][safepoint    ] Leaving safepoint region
[2054.229s][info ][safepoint    ] Total time for which application threads were stopped: 0.0000944 seconds, Stopping threads took: 0.0000191 seconds
[2054.650s][info ][safepoint    ] Application time: 0.4203292 seconds
[2054.650s][info ][safepoint    ] Entering safepoint region: GenCollectForAllocation
[2054.650s][info ][gc,start     ] GC(816) Pause Young (Allocation Failure)
[2054.650s][info ][gc,task      ] GC(816) Using 4 workers of 4 for evacuation
[2054.652s][debug][gc,ref       ] GC(816) Skipped phase1 of Reference Processing due to unavailable references
[2054.652s][debug][gc,ref       ] GC(816) Skipped phase2 of Reference Processing due to unavailable references
[2054.652s][debug][gc,ref       ] GC(816) Skipped phase3 of Reference Processing due to unavailable references
[2054.652s][debug][gc,ref       ] GC(816) Skipped phase4 of Reference Processing due to unavailable references
[2054.653s][debug][gc,age       ] GC(816) Desired survivor size 15400960 bytes, new threshold 6 (max threshold 6)
[2054.653s][info ][gc,heap      ] GC(816) ParNew: 241991K->1326K(270976K)
[2054.653s][info ][gc,heap      ] GC(816) CMS: 407102K->407135K(602112K)
[2054.653s][info ][gc,metaspace ] GC(816) Metaspace: 63257K->63257K(1107968K)
[2054.653s][info ][gc           ] GC(816) Pause Young (Allocation Failure) 633M->398M(852M) 2.729ms
[2054.653s][info ][gc,cpu       ] GC(816) User=0.01s Sys=0.00s Real=0.00s
[2054.653s][info ][safepoint    ] Leaving safepoint region
[2054.653s][info ][safepoint    ] Total time for which application threads were stopped: 0.0029844 seconds, Stopping threads took: 0.0000172 seconds
[2055.653s][info ][safepoint    ] Application time: 1.0001157 seconds
[2055.653s][info ][safepoint    ] Entering safepoint region: Cleanup
[2055.653s][info ][safepoint    ] Leaving safepoint region
[2055.653s][info ][safepoint    ] Total time for which application threads were stopped: 0.0000960 seconds, Stopping threads took: 0.0000194 seconds
[2058.270s][info ][safepoint    ] Application time: 2.6167424 seconds
[2058.270s][info ][safepoint    ] Entering safepoint region: GenCollectForAllocation
[2058.270s][info ][gc,start     ] GC(817) Pause Young (Allocation Failure)
[2058.270s][info ][gc,task      ] GC(817) Using 4 workers of 4 for evacuation
[2058.276s][debug][gc,ref       ] GC(817) Skipped phase1 of Reference Processing due to unavailable references
[2058.276s][debug][gc,ref       ] GC(817) Skipped phase2 of Reference Processing due to unavailable references
[2058.276s][debug][gc,ref       ] GC(817) Skipped phase3 of Reference Processing due to unavailable references
[2058.277s][debug][gc,ref       ] GC(817) Skipped phase4 of Reference Processing due to unavailable references
[2058.277s][debug][gc,age       ] GC(817) Desired survivor size 15400960 bytes, new threshold 6 (max threshold 6)
[2058.277s][info ][gc,heap      ] GC(817) ParNew: 242222K->1330K(270976K)
[2058.277s][info ][gc,heap      ] GC(817) CMS: 407135K->407244K(602112K)
[2058.277s][info ][gc,metaspace ] GC(817) Metaspace: 63257K->63257K(1107968K)
[2058.277s][info ][gc           ] GC(817) Pause Young (Allocation Failure) 634M->398M(852M) 6.812ms
[2058.277s][info ][gc,cpu       ] GC(817) User=0.01s Sys=0.00s Real=0.00s
[2058.277s][info ][safepoint    ] Leaving safepoint region
[2058.277s][info ][safepoint    ] Total time for which application threads were stopped: 0.0071110 seconds, Stopping threads took: 0.0000565 seconds
[2061.919s][info ][safepoint    ] Application time: 3.6417733 seconds
[2061.919s][info ][safepoint    ] Entering safepoint region: GenCollectForAllocation
[2061.919s][info ][gc,start     ] GC(818) Pause Young (Allocation Failure)
[2061.919s][info ][gc,task      ] GC(818) Using 4 workers of 4 for evacuation
[2061.921s][debug][gc,ref       ] GC(818) Skipped phase1 of Reference Processing due to unavailable references
[2061.921s][debug][gc,ref       ] GC(818) Skipped phase2 of Reference Processing due to unavailable references
[2061.921s][debug][gc,ref       ] GC(818) Skipped phase3 of Reference Processing due to unavailable references
[2061.921s][debug][gc,ref       ] GC(818) Skipped phase4 of Reference Processing due to unavailable references
[2061.922s][debug][gc,age       ] GC(818) Desired survivor size 15400960 bytes, new threshold 6 (max threshold 6)
[2061.922s][info ][gc,heap      ] GC(818) ParNew: 242226K->1340K(270976K)
[2061.922s][info ][gc,heap      ] GC(818) CMS: 407244K->407362K(602112K)
[2061.922s][info ][gc,metaspace ] GC(818) Metaspace: 63257K->63257K(1107968K)
[2061.922s][info ][gc           ] GC(818) Pause Young (Allocation Failure) 634M->399M(852M) 3.053ms
[2061.922s][info ][gc,cpu       ] GC(818) User=0.01s Sys=0.00s Real=0.01s
[2061.922s][info ][safepoint    ] Leaving safepoint region
[2061.922s][info ][safepoint    ] Total time for which application threads were stopped: 0.0032375 seconds, Stopping threads took: 0.0000176 seconds
[2065.522s][info ][safepoint    ] Application time: 3.5997972 seconds
[2065.522s][info ][safepoint    ] Entering safepoint region: GenCollectForAllocation
[2065.522s][info ][gc,start     ] GC(819) Pause Young (Allocation Failure)
[2065.522s][info ][gc,task      ] GC(819) Using 4 workers of 4 for evacuation
[2065.526s][debug][gc,ref       ] GC(819) Skipped phase1 of Reference Processing due to unavailable references
[2065.526s][debug][gc,ref       ] GC(819) Skipped phase2 of Reference Processing due to unavailable references
[2065.526s][debug][gc,ref       ] GC(819) Skipped phase3 of Reference Processing due to unavailable references
[2065.526s][debug][gc,ref       ] GC(819) Skipped phase4 of Reference Processing due to unavailable references
[2065.526s][debug][gc,age       ] GC(819) Desired survivor size 15400960 bytes, new threshold 6 (max threshold 6)
[2065.526s][info ][gc,heap      ] GC(819) ParNew: 242236K->1570K(270976K)
[2065.526s][info ][gc,heap      ] GC(819) CMS: 407362K->407469K(602112K)
[2065.526s][info ][gc,metaspace ] GC(819) Metaspace: 63257K->63257K(1107968K)
[2065.526s][info ][gc           ] GC(819) Pause Young (Allocation Failure) 634M->399M(852M) 4.017ms
[2065.526s][info ][gc,cpu       ] GC(819) User=0.01s Sys=0.00s Real=0.00s
[2065.526s][info ][safepoint    ] Leaving safepoint region
[2065.526s][info ][safepoint    ] Total time for which application threads were stopped: 0.0046917 seconds, Stopping threads took: 0.0001495 seconds
[2069.069s][info ][safepoint    ] Application time: 3.5427950 seconds
[2069.069s][info ][safepoint    ] Entering safepoint region: GenCollectForAllocation
[2069.069s][info ][gc,start     ] GC(820) Pause Young (Allocation Failure)
[2069.070s][info ][gc,task      ] GC(820) Using 4 workers of 4 for evacuation
[2069.073s][debug][gc,ref       ] GC(820) Skipped phase1 of Reference Processing due to unavailable references
[2069.073s][debug][gc,ref       ] GC(820) Skipped phase2 of Reference Processing due to unavailable references
[2069.073s][debug][gc,ref       ] GC(820) Skipped phase3 of Reference Processing due to unavailable references
[2069.073s][debug][gc,ref       ] GC(820) Skipped phase4 of Reference Processing due to unavailable references
[2069.074s][debug][gc,age       ] GC(820) Desired survivor size 15400960 bytes, new threshold 6 (max threshold 6)
[2069.074s][info ][gc,heap      ] GC(820) ParNew: 242466K->1364K(270976K)
[2069.074s][info ][gc,heap      ] GC(820) CMS: 407469K->407553K(602112K)
[2069.074s][info ][gc,metaspace ] GC(820) Metaspace: 63257K->63257K(1107968K)
[2069.074s][info ][gc           ] GC(820) Pause Young (Allocation Failure) 634M->399M(852M) 4.196ms
[2069.074s][info ][gc,cpu       ] GC(820) User=0.01s Sys=0.00s Real=0.00s
[2069.074s][info ][safepoint    ] Leaving safepoint region
[2069.074s][info ][safepoint    ] Total time for which application threads were stopped: 0.0045087 seconds, Stopping threads took: 0.0000781 seconds
[2070.074s][info ][safepoint    ] Application time: 1.0001075 seconds
[2070.074s][info ][safepoint    ] Entering safepoint region: Cleanup
[2070.074s][info ][safepoint    ] Leaving safepoint region
[2070.074s][info ][safepoint    ] Total time for which application threads were stopped: 0.0001618 seconds, Stopping threads took: 0.0000720 seconds
[2072.727s][info ][safepoint    ] Application time: 2.6529673 seconds
[2072.727s][info ][safepoint    ] Entering safepoint region: GenCollectForAllocation
[2072.727s][info ][gc,start     ] GC(821) Pause Young (Allocation Failure)
[2072.727s][info ][gc,task      ] GC(821) Using 4 workers of 4 for evacuation
[2072.730s][debug][gc,ref       ] GC(821) Skipped phase1 of Reference Processing due to unavailable references
[2072.730s][debug][gc,ref       ] GC(821) Skipped phase2 of Reference Processing due to unavailable references
[2072.730s][debug][gc,ref       ] GC(821) Skipped phase3 of Reference Processing due to unavailable references
[2072.730s][debug][gc,ref       ] GC(821) Skipped phase4 of Reference Processing due to unavailable references
[2072.730s][debug][gc,age       ] GC(821) Desired survivor size 15400960 bytes, new threshold 6 (max threshold 6)
[2072.730s][info ][gc,heap      ] GC(821) ParNew: 242260K->1138K(270976K)
[2072.730s][info ][gc,heap      ] GC(821) CMS: 407553K->407627K(602112K)
[2072.730s][info ][gc,metaspace ] GC(821) Metaspace: 63257K->63257K(1107968K)
[2072.730s][info ][gc           ] GC(821) Pause Young (Allocation Failure) 634M->399M(852M) 2.821ms
[2072.730s][info ][gc,cpu       ] GC(821) User=0.01s Sys=0.00s Real=0.01s
[2072.730s][info ][safepoint    ] Leaving safepoint region
[2072.730s][info ][safepoint    ] Total time for which application threads were stopped: 0.0030516 seconds, Stopping threads took: 0.0000171 seconds
[2074.502s][info ][safepoint    ] Application time: 1.7719083 seconds
[2074.502s][info ][safepoint    ] Entering safepoint region: RevokeBias
[2074.502s][info ][safepoint    ] Leaving safepoint region
[2074.502s][info ][safepoint    ] Total time for which application threads were stopped: 0.0002356 seconds, Stopping threads took: 0.0000177 seconds
[2076.426s][info ][safepoint    ] Application time: 1.9233578 seconds
[2076.426s][info ][safepoint    ] Entering safepoint region: GenCollectForAllocation
[2076.426s][info ][gc,start     ] GC(822) Pause Young (Allocation Failure)
[2076.426s][info ][gc,task      ] GC(822) Using 4 workers of 4 for evacuation
[2076.429s][debug][gc,ref       ] GC(822) Skipped phase1 of Reference Processing due to unavailable references
[2076.429s][debug][gc,ref       ] GC(822) Skipped phase2 of Reference Processing due to unavailable references
[2076.429s][debug][gc,ref       ] GC(822) Skipped phase3 of Reference Processing due to unavailable references
[2076.429s][debug][gc,ref       ] GC(822) Skipped phase4 of Reference Processing due to unavailable references
[2076.429s][debug][gc,age       ] GC(822) Desired survivor size 15400960 bytes, new threshold 6 (max threshold 6)
[2076.429s][info ][gc,heap      ] GC(822) ParNew: 242034K->1181K(270976K)
[2076.429s][info ][gc,heap      ] GC(822) CMS: 407627K->407719K(602112K)
[2076.429s][info ][gc,metaspace ] GC(822) Metaspace: 63257K->63257K(1107968K)
[2076.430s][info ][gc           ] GC(822) Pause Young (Allocation Failure) 634M->399M(852M) 3.706ms
[2076.430s][info ][gc,cpu       ] GC(822) User=0.01s Sys=0.00s Real=0.01s
[2076.430s][info ][safepoint    ] Leaving safepoint region
[2076.430s][info ][safepoint    ] Total time for which application threads were stopped: 0.0038659 seconds, Stopping threads took: 0.0000162 seconds
[2080.128s][info ][safepoint    ] Application time: 3.6985980 seconds
[2080.128s][info ][safepoint    ] Entering safepoint region: GenCollectForAllocation
[2080.128s][info ][gc,start     ] GC(823) Pause Young (Allocation Failure)
[2080.128s][info ][gc,task      ] GC(823) Using 4 workers of 4 for evacuation
[2080.136s][debug][gc,ref       ] GC(823) Skipped phase1 of Reference Processing due to unavailable references
[2080.136s][debug][gc,ref       ] GC(823) Skipped phase2 of Reference Processing due to unavailable references
[2080.136s][debug][gc,ref       ] GC(823) Skipped phase3 of Reference Processing due to unavailable references
[2080.136s][debug][gc,ref       ] GC(823) Skipped phase4 of Reference Processing due to unavailable references
[2080.137s][debug][gc,age       ] GC(823) Desired survivor size 15400960 bytes, new threshold 6 (max threshold 6)
[2080.137s][info ][gc,heap      ] GC(823) ParNew: 242077K->983K(270976K)
[2080.137s][info ][gc,heap      ] GC(823) CMS: 407719K->407836K(602112K)
[2080.137s][info ][gc,metaspace ] GC(823) Metaspace: 63257K->63257K(1107968K)
[2080.137s][info ][gc           ] GC(823) Pause Young (Allocation Failure) 634M->399M(852M) 8.258ms
[2080.137s][info ][gc,cpu       ] GC(823) User=0.02s Sys=0.01s Real=0.00s
[2080.137s][info ][safepoint    ] Leaving safepoint region
[2080.137s][info ][safepoint    ] Total time for which application threads were stopped: 0.0084478 seconds, Stopping threads took: 0.0000507 seconds
[2083.775s][info ][safepoint    ] Application time: 3.6386052 seconds
[2083.775s][info ][safepoint    ] Entering safepoint region: GenCollectForAllocation
[2083.776s][info ][gc,start     ] GC(824) Pause Young (Allocation Failure)
[2083.776s][info ][gc,task      ] GC(824) Using 4 workers of 4 for evacuation
[2083.778s][debug][gc,ref       ] GC(824) Skipped phase1 of Reference Processing due to unavailable references
[2083.779s][debug][gc,ref       ] GC(824) Skipped phase2 of Reference Processing due to unavailable references
[2083.779s][debug][gc,ref       ] GC(824) Skipped phase3 of Reference Processing due to unavailable references
[2083.779s][debug][gc,ref       ] GC(824) Skipped phase4 of Reference Processing due to unavailable references
[2083.779s][debug][gc,age       ] GC(824) Desired survivor size 15400960 bytes, new threshold 6 (max threshold 6)
[2083.779s][info ][gc,heap      ] GC(824) ParNew: 241879K->978K(270976K)
[2083.779s][info ][gc,heap      ] GC(824) CMS: 407836K->408095K(602112K)
[2083.779s][info ][gc,metaspace ] GC(824) Metaspace: 63257K->63257K(1107968K)
[2083.779s][info ][gc           ] GC(824) Pause Young (Allocation Failure) 634M->399M(852M) 3.071ms
[2083.779s][info ][gc,cpu       ] GC(824) User=0.00s Sys=0.01s Real=0.00s
[2083.779s][info ][safepoint    ] Leaving safepoint region
[2083.779s][info ][safepoint    ] Total time for which application threads were stopped: 0.0034587 seconds, Stopping threads took: 0.0001094 seconds
[2087.469s][info ][safepoint    ] Application time: 3.6902088 seconds
[2087.469s][info ][safepoint    ] Entering safepoint region: GenCollectForAllocation
[2087.469s][info ][gc,start     ] GC(825) Pause Young (Allocation Failure)
[2087.469s][info ][gc,task      ] GC(825) Using 4 workers of 4 for evacuation
[2087.474s][debug][gc,ref       ] GC(825) Skipped phase1 of Reference Processing due to unavailable references
[2087.474s][debug][gc,ref       ] GC(825) Skipped phase2 of Reference Processing due to unavailable references
[2087.474s][debug][gc,ref       ] GC(825) Skipped phase3 of Reference Processing due to unavailable references
[2087.474s][debug][gc,ref       ] GC(825) Skipped phase4 of Reference Processing due to unavailable references
[2087.474s][debug][gc,age       ] GC(825) Desired survivor size 15400960 bytes, new threshold 6 (max threshold 6)
[2087.474s][info ][gc,heap      ] GC(825) ParNew: 241874K->954K(270976K)
[2087.474s][info ][gc,heap      ] GC(825) CMS: 408095K->408193K(602112K)
[2087.474s][info ][gc,metaspace ] GC(825) Metaspace: 63257K->63257K(1107968K)
[2087.474s][info ][gc           ] GC(825) Pause Young (Allocation Failure) 634M->399M(852M) 4.986ms
[2087.474s][info ][gc,cpu       ] GC(825) User=0.01s Sys=0.02s Real=0.00s
[2087.474s][info ][safepoint    ] Leaving safepoint region
[2087.474s][info ][safepoint    ] Total time for which application threads were stopped: 0.0053709 seconds, Stopping threads took: 0.0000696 seconds
[2091.129s][info ][safepoint    ] Application time: 3.6546709 seconds
[2091.129s][info ][safepoint    ] Entering safepoint region: GenCollectForAllocation
[2091.129s][info ][gc,start     ] GC(826) Pause Young (Allocation Failure)
[2091.129s][info ][gc,task      ] GC(826) Using 4 workers of 4 for evacuation
[2091.132s][debug][gc,ref       ] GC(826) Skipped phase1 of Reference Processing due to unavailable references
[2091.132s][debug][gc,ref       ] GC(826) Skipped phase2 of Reference Processing due to unavailable references
[2091.132s][debug][gc,ref       ] GC(826) Skipped phase3 of Reference Processing due to unavailable references
[2091.132s][debug][gc,ref       ] GC(826) Skipped phase4 of Reference Processing due to unavailable references
[2091.132s][debug][gc,age       ] GC(826) Desired survivor size 15400960 bytes, new threshold 6 (max threshold 6)
[2091.132s][info ][gc,heap      ] GC(826) ParNew: 241850K->1014K(270976K)
[2091.132s][info ][gc,heap      ] GC(826) CMS: 408193K->408406K(602112K)
[2091.132s][info ][gc,metaspace ] GC(826) Metaspace: 63257K->63257K(1107968K)
[2091.132s][info ][gc           ] GC(826) Pause Young (Allocation Failure) 634M->399M(852M) 2.727ms
[2091.132s][info ][gc,cpu       ] GC(826) User=0.01s Sys=0.00s Real=0.00s
[2091.132s][info ][safepoint    ] Leaving safepoint region
[2091.132s][info ][safepoint    ] Total time for which application threads were stopped: 0.0029182 seconds, Stopping threads took: 0.0000173 seconds
[2094.132s][info ][safepoint    ] Application time: 3.0002587 seconds
[2094.133s][info ][safepoint    ] Entering safepoint region: Cleanup
[2094.133s][info ][safepoint    ] Leaving safepoint region
[2094.133s][info ][safepoint    ] Total time for which application threads were stopped: 0.0002871 seconds, Stopping threads took: 0.0002043 seconds
[2094.669s][info ][safepoint    ] Application time: 0.5364597 seconds
[2094.669s][info ][safepoint    ] Entering safepoint region: GenCollectForAllocation
[2094.669s][info ][gc,start     ] GC(827) Pause Young (Allocation Failure)
[2094.669s][info ][gc,task      ] GC(827) Using 4 workers of 4 for evacuation
[2094.672s][debug][gc,ref       ] GC(827) Skipped phase1 of Reference Processing due to unavailable references
[2094.672s][debug][gc,ref       ] GC(827) Skipped phase2 of Reference Processing due to unavailable references
[2094.672s][debug][gc,ref       ] GC(827) Skipped phase3 of Reference Processing due to unavailable references
[2094.672s][debug][gc,ref       ] GC(827) Skipped phase4 of Reference Processing due to unavailable references
[2094.672s][debug][gc,age       ] GC(827) Desired survivor size 15400960 bytes, new threshold 6 (max threshold 6)
[2094.672s][info ][gc,heap      ] GC(827) ParNew: 241910K->947K(270976K)
[2094.672s][info ][gc,heap      ] GC(827) CMS: 408406K->408441K(602112K)
[2094.672s][info ][gc,metaspace ] GC(827) Metaspace: 63258K->63258K(1107968K)
[2094.672s][info ][gc           ] GC(827) Pause Young (Allocation Failure) 635M->399M(852M) 2.979ms
[2094.672s][info ][gc,cpu       ] GC(827) User=0.01s Sys=0.00s Real=0.00s
[2094.672s][info ][safepoint    ] Leaving safepoint region
[2094.672s][info ][safepoint    ] Total time for which application threads were stopped: 0.0031764 seconds, Stopping threads took: 0.0000510 seconds
[2098.178s][info ][safepoint    ] Application time: 3.5056912 seconds
[2098.178s][info ][safepoint    ] Entering safepoint region: GenCollectForAllocation
[2098.178s][info ][gc,start     ] GC(828) Pause Young (Allocation Failure)
[2098.178s][info ][gc,task      ] GC(828) Using 4 workers of 4 for evacuation
[2098.184s][debug][gc,ref       ] GC(828) Skipped phase1 of Reference Processing due to unavailable references
[2098.184s][debug][gc,ref       ] GC(828) Skipped phase2 of Reference Processing due to unavailable references
[2098.184s][debug][gc,ref       ] GC(828) Skipped phase3 of Reference Processing due to unavailable references
[2098.184s][debug][gc,ref       ] GC(828) Skipped phase4 of Reference Processing due to unavailable references
[2098.184s][debug][gc,age       ] GC(828) Desired survivor size 15400960 bytes, new threshold 6 (max threshold 6)
[2098.184s][info ][gc,heap      ] GC(828) ParNew: 241843K->1323K(270976K)
[2098.184s][info ][gc,heap      ] GC(828) CMS: 408441K->408486K(602112K)
[2098.184s][info ][gc,metaspace ] GC(828) Metaspace: 63258K->63258K(1107968K)
[2098.184s][info ][gc           ] GC(828) Pause Young (Allocation Failure) 635M->400M(852M) 5.991ms
[2098.184s][info ][gc,cpu       ] GC(828) User=0.02s Sys=0.00s Real=0.01s
[2098.184s][info ][safepoint    ] Leaving safepoint region
[2098.184s][info ][safepoint    ] Total time for which application threads were stopped: 0.0061699 seconds, Stopping threads took: 0.0000139 seconds
[2101.872s][info ][safepoint    ] Application time: 3.6876999 seconds
[2101.872s][info ][safepoint    ] Entering safepoint region: GenCollectForAllocation
[2101.872s][info ][gc,start     ] GC(829) Pause Young (Allocation Failure)
[2101.872s][info ][gc,task      ] GC(829) Using 4 workers of 4 for evacuation
[2101.875s][debug][gc,ref       ] GC(829) Skipped phase1 of Reference Processing due to unavailable references
[2101.875s][debug][gc,ref       ] GC(829) Skipped phase2 of Reference Processing due to unavailable references
[2101.875s][debug][gc,ref       ] GC(829) Skipped phase3 of Reference Processing due to unavailable references
[2101.875s][debug][gc,ref       ] GC(829) Skipped phase4 of Reference Processing due to unavailable references
[2101.876s][debug][gc,age       ] GC(829) Desired survivor size 15400960 bytes, new threshold 6 (max threshold 6)
[2101.876s][info ][gc,heap      ] GC(829) ParNew: 242219K->1081K(270976K)
[2101.876s][info ][gc,heap      ] GC(829) CMS: 408486K->408522K(602112K)
[2101.876s][info ][gc,metaspace ] GC(829) Metaspace: 63260K->63260K(1107968K)
[2101.876s][info ][gc           ] GC(829) Pause Young (Allocation Failure) 635M->400M(852M) 3.426ms
[2101.876s][info ][gc,cpu       ] GC(829) User=0.01s Sys=0.00s Real=0.00s
[2101.876s][info ][safepoint    ] Leaving safepoint region
[2101.876s][info ][safepoint    ] Total time for which application threads were stopped: 0.0037931 seconds, Stopping threads took: 0.0000379 seconds
[2102.876s][info ][safepoint    ] Application time: 1.0001354 seconds
[2102.876s][info ][safepoint    ] Entering safepoint region: Cleanup
[2102.876s][info ][safepoint    ] Leaving safepoint region
[2102.876s][info ][safepoint    ] Total time for which application threads were stopped: 0.0001277 seconds, Stopping threads took: 0.0000636 seconds
[2105.477s][info ][safepoint    ] Application time: 2.6006374 seconds
[2105.477s][info ][safepoint    ] Entering safepoint region: GenCollectForAllocation
[2105.477s][info ][gc,start     ] GC(830) Pause Young (Allocation Failure)
[2105.477s][info ][gc,task      ] GC(830) Using 4 workers of 4 for evacuation
[2105.486s][debug][gc,ref       ] GC(830) Skipped phase1 of Reference Processing due to unavailable references
[2105.486s][debug][gc,ref       ] GC(830) Skipped phase2 of Reference Processing due to unavailable references
[2105.486s][debug][gc,ref       ] GC(830) Skipped phase3 of Reference Processing due to unavailable references
[2105.486s][debug][gc,ref       ] GC(830) Skipped phase4 of Reference Processing due to unavailable references
[2105.487s][debug][gc,age       ] GC(830) Desired survivor size 15400960 bytes, new threshold 6 (max threshold 6)
[2105.487s][info ][gc,heap      ] GC(830) ParNew: 241977K->1227K(270976K)
[2105.487s][info ][gc,heap      ] GC(830) CMS: 408522K->408646K(602112K)
[2105.487s][info ][gc,metaspace ] GC(830) Metaspace: 63260K->63260K(1107968K)
[2105.487s][info ][gc           ] GC(830) Pause Young (Allocation Failure) 635M->400M(852M) 9.667ms
[2105.487s][info ][gc,cpu       ] GC(830) User=0.04s Sys=0.01s Real=0.01s
[2105.487s][info ][safepoint    ] Leaving safepoint region
[2105.487s][info ][safepoint    ] Total time for which application threads were stopped: 0.0099539 seconds, Stopping threads took: 0.0000504 seconds
[2109.136s][info ][safepoint    ] Application time: 3.6497233 seconds
[2109.137s][info ][safepoint    ] Entering safepoint region: GenCollectForAllocation
[2109.137s][info ][gc,start     ] GC(831) Pause Young (Allocation Failure)
[2109.137s][info ][gc,task      ] GC(831) Using 4 workers of 4 for evacuation
[2109.139s][debug][gc,ref       ] GC(831) Skipped phase1 of Reference Processing due to unavailable references
[2109.139s][debug][gc,ref       ] GC(831) Skipped phase2 of Reference Processing due to unavailable references
[2109.139s][debug][gc,ref       ] GC(831) Skipped phase3 of Reference Processing due to unavailable references
[2109.139s][debug][gc,ref       ] GC(831) Skipped phase4 of Reference Processing due to unavailable references
[2109.139s][debug][gc,age       ] GC(831) Desired survivor size 15400960 bytes, new threshold 6 (max threshold 6)
[2109.139s][info ][gc,heap      ] GC(831) ParNew: 242123K->1157K(270976K)
[2109.139s][info ][gc,heap      ] GC(831) CMS: 408646K->408708K(602112K)
[2109.139s][info ][gc,metaspace ] GC(831) Metaspace: 63262K->63262K(1107968K)
[2109.139s][info ][gc           ] GC(831) Pause Young (Allocation Failure) 635M->400M(852M) 2.606ms
[2109.139s][info ][gc,cpu       ] GC(831) User=0.01s Sys=0.00s Real=0.00s
[2109.139s][info ][safepoint    ] Leaving safepoint region
[2109.139s][info ][safepoint    ] Total time for which application threads were stopped: 0.0028174 seconds, Stopping threads took: 0.0000369 seconds
[2112.770s][info ][safepoint    ] Application time: 3.6306528 seconds
[2112.770s][info ][safepoint    ] Entering safepoint region: GenCollectForAllocation
[2112.770s][info ][gc,start     ] GC(832) Pause Young (Allocation Failure)
[2112.770s][info ][gc,task      ] GC(832) Using 4 workers of 4 for evacuation
[2112.773s][debug][gc,ref       ] GC(832) Skipped phase1 of Reference Processing due to unavailable references
[2112.773s][debug][gc,ref       ] GC(832) Skipped phase2 of Reference Processing due to unavailable references
[2112.773s][debug][gc,ref       ] GC(832) Skipped phase3 of Reference Processing due to unavailable references
[2112.773s][debug][gc,ref       ] GC(832) Skipped phase4 of Reference Processing due to unavailable references
[2112.773s][debug][gc,age       ] GC(832) Desired survivor size 15400960 bytes, new threshold 6 (max threshold 6)
[2112.773s][info ][gc,heap      ] GC(832) ParNew: 242053K->1142K(270976K)
[2112.773s][info ][gc,heap      ] GC(832) CMS: 408708K->408771K(602112K)
[2112.773s][info ][gc,metaspace ] GC(832) Metaspace: 63262K->63262K(1107968K)
[2112.773s][info ][gc           ] GC(832) Pause Young (Allocation Failure) 635M->400M(852M) 2.685ms
[2112.773s][info ][gc,cpu       ] GC(832) User=0.01s Sys=0.00s Real=0.00s
[2112.773s][info ][safepoint    ] Leaving safepoint region
[2112.773s][info ][safepoint    ] Total time for which application threads were stopped: 0.0028699 seconds, Stopping threads took: 0.0000161 seconds
[2114.773s][info ][safepoint    ] Application time: 2.0002002 seconds
[2114.773s][info ][safepoint    ] Entering safepoint region: Cleanup
[2114.773s][info ][safepoint    ] Leaving safepoint region
[2114.773s][info ][safepoint    ] Total time for which application threads were stopped: 0.0001344 seconds, Stopping threads took: 0.0000573 seconds
[2116.424s][info ][safepoint    ] Application time: 1.6508326 seconds
[2116.424s][info ][safepoint    ] Entering safepoint region: GenCollectForAllocation
[2116.424s][info ][gc,start     ] GC(833) Pause Young (Allocation Failure)
[2116.424s][info ][gc,task      ] GC(833) Using 4 workers of 4 for evacuation
[2116.429s][debug][gc,ref       ] GC(833) Skipped phase1 of Reference Processing due to unavailable references
[2116.429s][debug][gc,ref       ] GC(833) Skipped phase2 of Reference Processing due to unavailable references
[2116.429s][debug][gc,ref       ] GC(833) Skipped phase3 of Reference Processing due to unavailable references
[2116.429s][debug][gc,ref       ] GC(833) Skipped phase4 of Reference Processing due to unavailable references
[2116.429s][debug][gc,age       ] GC(833) Desired survivor size 15400960 bytes, new threshold 6 (max threshold 6)
[2116.429s][info ][gc,heap      ] GC(833) ParNew: 242038K->765K(270976K)
[2116.429s][info ][gc,heap      ] GC(833) CMS: 408771K->409101K(602112K)
[2116.429s][info ][gc,metaspace ] GC(833) Metaspace: 63262K->63262K(1107968K)
[2116.429s][info ][gc           ] GC(833) Pause Young (Allocation Failure) 635M->400M(852M) 5.171ms
[2116.429s][info ][gc,cpu       ] GC(833) User=0.01s Sys=0.00s Real=0.01s
[2116.430s][info ][safepoint    ] Leaving safepoint region
[2116.430s][info ][safepoint    ] Total time for which application threads were stopped: 0.0053541 seconds, Stopping threads took: 0.0000421 seconds
[2119.430s][info ][safepoint    ] Application time: 3.0002410 seconds
[2119.430s][info ][safepoint    ] Entering safepoint region: Cleanup
[2119.430s][info ][safepoint    ] Leaving safepoint region
[2119.430s][info ][safepoint    ] Total time for which application threads were stopped: 0.0000713 seconds, Stopping threads took: 0.0000167 seconds
[2120.169s][info ][safepoint    ] Application time: 0.7390189 seconds
[2120.169s][info ][safepoint    ] Entering safepoint region: GenCollectForAllocation
[2120.169s][info ][gc,start     ] GC(834) Pause Young (Allocation Failure)
[2120.169s][info ][gc,task      ] GC(834) Using 4 workers of 4 for evacuation
[2120.172s][debug][gc,ref       ] GC(834) Skipped phase1 of Reference Processing due to unavailable references
[2120.172s][debug][gc,ref       ] GC(834) Skipped phase2 of Reference Processing due to unavailable references
[2120.172s][debug][gc,ref       ] GC(834) Skipped phase3 of Reference Processing due to unavailable references
[2120.172s][debug][gc,ref       ] GC(834) Skipped phase4 of Reference Processing due to unavailable references
[2120.172s][debug][gc,age       ] GC(834) Desired survivor size 15400960 bytes, new threshold 6 (max threshold 6)
[2120.172s][info ][gc,heap      ] GC(834) ParNew: 241661K->1084K(270976K)
[2120.172s][info ][gc,heap      ] GC(834) CMS: 409101K->409224K(602112K)
[2120.172s][info ][gc,metaspace ] GC(834) Metaspace: 63262K->63262K(1107968K)
[2120.172s][info ][gc           ] GC(834) Pause Young (Allocation Failure) 635M->400M(852M) 2.689ms
[2120.172s][info ][gc,cpu       ] GC(834) User=0.01s Sys=0.00s Real=0.00s
[2120.172s][info ][safepoint    ] Leaving safepoint region
[2120.172s][info ][safepoint    ] Total time for which application threads were stopped: 0.0028920 seconds, Stopping threads took: 0.0000597 seconds
[2121.172s][info ][safepoint    ] Application time: 1.0001300 seconds
[2121.172s][info ][safepoint    ] Entering safepoint region: Cleanup
[2121.172s][info ][safepoint    ] Leaving safepoint region
[2121.172s][info ][safepoint    ] Total time for which application threads were stopped: 0.0001521 seconds, Stopping threads took: 0.0000439 seconds
[2122.124s][info ][safepoint    ] Application time: 0.9517657 seconds
[2122.124s][info ][safepoint    ] Entering safepoint region: GenCollectForAllocation
[2122.124s][info ][gc,start     ] GC(835) Pause Young (Allocation Failure)
[2122.124s][info ][gc,task      ] GC(835) Using 4 workers of 4 for evacuation
[2122.132s][debug][gc,ref       ] GC(835) Skipped phase1 of Reference Processing due to unavailable references
[2122.133s][debug][gc,ref       ] GC(835) Skipped phase3 of Reference Processing due to unavailable references
[2122.133s][debug][gc,age       ] GC(835) Desired survivor size 15400960 bytes, new threshold 6 (max threshold 6)
[2122.133s][info ][gc,heap      ] GC(835) ParNew: 241980K->12669K(270976K)
[2122.133s][info ][gc,heap      ] GC(835) CMS: 409224K->409343K(602112K)
[2122.133s][info ][gc,metaspace ] GC(835) Metaspace: 63264K->63264K(1107968K)
[2122.133s][info ][gc           ] GC(835) Pause Young (Allocation Failure) 635M->412M(852M) 8.740ms
[2122.133s][info ][gc,cpu       ] GC(835) User=0.03s Sys=0.01s Real=0.01s
[2122.133s][info ][safepoint    ] Leaving safepoint region
[2122.133s][info ][safepoint    ] Total time for which application threads were stopped: 0.0089232 seconds, Stopping threads took: 0.0000195 seconds
[2125.698s][info ][safepoint    ] Application time: 3.5649004 seconds
[2125.698s][info ][safepoint    ] Entering safepoint region: GenCollectForAllocation
[2125.698s][info ][gc,start     ] GC(836) Pause Young (Allocation Failure)
[2125.698s][info ][gc,task      ] GC(836) Using 4 workers of 4 for evacuation
[2125.701s][debug][gc,ref       ] GC(836) Skipped phase1 of Reference Processing due to unavailable references
[2125.701s][debug][gc,ref       ] GC(836) Skipped phase3 of Reference Processing due to unavailable references
[2125.702s][debug][gc,age       ] GC(836) Desired survivor size 15400960 bytes, new threshold 6 (max threshold 6)
[2125.702s][info ][gc,heap      ] GC(836) ParNew: 253565K->9284K(270976K)
[2125.702s][info ][gc,heap      ] GC(836) CMS: 409343K->409436K(602112K)
[2125.702s][info ][gc,metaspace ] GC(836) Metaspace: 63264K->63264K(1107968K)
[2125.702s][info ][gc           ] GC(836) Pause Young (Allocation Failure) 647M->408M(852M) 3.520ms
[2125.702s][info ][gc,cpu       ] GC(836) User=0.02s Sys=0.00s Real=0.01s
[2125.702s][info ][safepoint    ] Leaving safepoint region
[2125.702s][info ][safepoint    ] Total time for which application threads were stopped: 0.0038909 seconds, Stopping threads took: 0.0001223 seconds
[2129.319s][info ][safepoint    ] Application time: 3.6175062 seconds
[2129.319s][info ][safepoint    ] Entering safepoint region: GenCollectForAllocation
[2129.320s][info ][gc,start     ] GC(837) Pause Young (Allocation Failure)
[2129.320s][info ][gc,task      ] GC(837) Using 4 workers of 4 for evacuation
[2129.324s][debug][gc,ref       ] GC(837) Skipped phase1 of Reference Processing due to unavailable references
[2129.324s][debug][gc,ref       ] GC(837) Skipped phase3 of Reference Processing due to unavailable references
[2129.324s][debug][gc,age       ] GC(837) Desired survivor size 15400960 bytes, new threshold 6 (max threshold 6)
[2129.324s][info ][gc,heap      ] GC(837) ParNew: 250180K->2451K(270976K)
[2129.324s][info ][gc,heap      ] GC(837) CMS: 409436K->409480K(602112K)
[2129.324s][info ][gc,metaspace ] GC(837) Metaspace: 63266K->63266K(1107968K)
[2129.324s][info ][gc           ] GC(837) Pause Young (Allocation Failure) 644M->402M(852M) 4.316ms
[2129.324s][info ][gc,cpu       ] GC(837) User=0.01s Sys=0.01s Real=0.01s
[2129.324s][info ][safepoint    ] Leaving safepoint region
[2129.324s][info ][safepoint    ] Total time for which application threads were stopped: 0.0046275 seconds, Stopping threads took: 0.0000798 seconds
[2130.324s][info ][safepoint    ] Application time: 1.0001371 seconds
[2130.324s][info ][safepoint    ] Entering safepoint region: Cleanup
[2130.324s][info ][safepoint    ] Leaving safepoint region
[2130.324s][info ][safepoint    ] Total time for which application threads were stopped: 0.0001553 seconds, Stopping threads took: 0.0000638 seconds
[2133.019s][info ][safepoint    ] Application time: 2.6946634 seconds
[2133.019s][info ][safepoint    ] Entering safepoint region: GenCollectForAllocation
[2133.019s][info ][gc,start     ] GC(838) Pause Young (Allocation Failure)
[2133.019s][info ][gc,task      ] GC(838) Using 4 workers of 4 for evacuation
[2133.022s][debug][gc,ref       ] GC(838) Skipped phase1 of Reference Processing due to unavailable references
[2133.022s][debug][gc,ref       ] GC(838) Skipped phase3 of Reference Processing due to unavailable references
[2133.022s][debug][gc,age       ] GC(838) Desired survivor size 15400960 bytes, new threshold 6 (max threshold 6)
[2133.022s][info ][gc,heap      ] GC(838) ParNew: 243347K->1310K(270976K)
[2133.022s][info ][gc,heap      ] GC(838) CMS: 409480K->409519K(602112K)
[2133.022s][info ][gc,metaspace ] GC(838) Metaspace: 63266K->63266K(1107968K)
[2133.022s][info ][gc           ] GC(838) Pause Young (Allocation Failure) 637M->401M(852M) 2.808ms
[2133.022s][info ][gc,cpu       ] GC(838) User=0.00s Sys=0.01s Real=0.01s
[2133.022s][info ][safepoint    ] Leaving safepoint region
[2133.022s][info ][safepoint    ] Total time for which application threads were stopped: 0.0029984 seconds, Stopping threads took: 0.0000429 seconds
[2136.669s][info ][safepoint    ] Application time: 3.6470905 seconds
[2136.669s][info ][safepoint    ] Entering safepoint region: GenCollectForAllocation
[2136.669s][info ][gc,start     ] GC(839) Pause Young (Allocation Failure)
[2136.669s][info ][gc,task      ] GC(839) Using 4 workers of 4 for evacuation
[2136.672s][debug][gc,ref       ] GC(839) Skipped phase1 of Reference Processing due to unavailable references
[2136.672s][debug][gc,ref       ] GC(839) Skipped phase3 of Reference Processing due to unavailable references
[2136.672s][debug][gc,age       ] GC(839) Desired survivor size 15400960 bytes, new threshold 6 (max threshold 6)
[2136.672s][info ][gc,heap      ] GC(839) ParNew: 242206K->1292K(270976K)
[2136.672s][info ][gc,heap      ] GC(839) CMS: 409519K->409575K(602112K)
[2136.672s][info ][gc,metaspace ] GC(839) Metaspace: 63266K->63266K(1107968K)
[2136.672s][info ][gc           ] GC(839) Pause Young (Allocation Failure) 636M->401M(852M) 2.554ms
[2136.672s][info ][gc,cpu       ] GC(839) User=0.01s Sys=0.01s Real=0.00s
[2136.672s][info ][safepoint    ] Leaving safepoint region
[2136.672s][info ][safepoint    ] Total time for which application threads were stopped: 0.0027453 seconds, Stopping threads took: 0.0000553 seconds
[2140.419s][info ][safepoint    ] Application time: 3.7471740 seconds
[2140.419s][info ][safepoint    ] Entering safepoint region: GenCollectForAllocation
[2140.419s][info ][gc,start     ] GC(840) Pause Young (Allocation Failure)
[2140.419s][info ][gc,task      ] GC(840) Using 4 workers of 4 for evacuation
[2140.422s][debug][gc,ref       ] GC(840) Skipped phase1 of Reference Processing due to unavailable references
[2140.422s][debug][gc,ref       ] GC(840) Skipped phase3 of Reference Processing due to unavailable references
[2140.422s][debug][gc,age       ] GC(840) Desired survivor size 15400960 bytes, new threshold 6 (max threshold 6)
[2140.422s][info ][gc,heap      ] GC(840) ParNew: 242188K->1173K(270976K)
[2140.422s][info ][gc,heap      ] GC(840) CMS: 409575K->409697K(602112K)
[2140.422s][info ][gc,metaspace ] GC(840) Metaspace: 63266K->63266K(1107968K)
[2140.422s][info ][gc           ] GC(840) Pause Young (Allocation Failure) 636M->401M(852M) 2.743ms
[2140.422s][info ][gc,cpu       ] GC(840) User=0.01s Sys=0.00s Real=0.01s
[2140.422s][info ][safepoint    ] Leaving safepoint region
[2140.422s][info ][safepoint    ] Total time for which application threads were stopped: 0.0029858 seconds, Stopping threads took: 0.0000728 seconds
[2143.422s][info ][safepoint    ] Application time: 3.0002658 seconds
[2143.422s][info ][safepoint    ] Entering safepoint region: Cleanup
[2143.423s][info ][safepoint    ] Leaving safepoint region
[2143.423s][info ][safepoint    ] Total time for which application threads were stopped: 0.0001975 seconds, Stopping threads took: 0.0000561 seconds
[2144.220s][info ][safepoint    ] Application time: 0.7969552 seconds
[2144.220s][info ][safepoint    ] Entering safepoint region: GenCollectForAllocation
[2144.220s][info ][gc,start     ] GC(841) Pause Young (Allocation Failure)
[2144.220s][info ][gc,task      ] GC(841) Using 4 workers of 4 for evacuation
[2144.222s][debug][gc,ref       ] GC(841) Skipped phase1 of Reference Processing due to unavailable references
[2144.222s][debug][gc,ref       ] GC(841) Skipped phase2 of Reference Processing due to unavailable references
[2144.222s][debug][gc,ref       ] GC(841) Skipped phase3 of Reference Processing due to unavailable references
[2144.222s][debug][gc,ref       ] GC(841) Skipped phase4 of Reference Processing due to unavailable references
[2144.223s][debug][gc,age       ] GC(841) Desired survivor size 15400960 bytes, new threshold 6 (max threshold 6)
[2144.223s][info ][gc,heap      ] GC(841) ParNew: 242069K->1390K(270976K)
[2144.223s][info ][gc,heap      ] GC(841) CMS: 409697K->409758K(602112K)
[2144.223s][info ][gc,metaspace ] GC(841) Metaspace: 63266K->63266K(1107968K)
[2144.223s][info ][gc           ] GC(841) Pause Young (Allocation Failure) 636M->401M(852M) 2.767ms
[2144.223s][info ][gc,cpu       ] GC(841) User=0.01s Sys=0.00s Real=0.01s
[2144.223s][info ][safepoint    ] Leaving safepoint region
[2144.223s][info ][safepoint    ] Total time for which application threads were stopped: 0.0030214 seconds, Stopping threads took: 0.0000632 seconds
[2146.223s][info ][safepoint    ] Application time: 2.0001947 seconds
[2146.223s][info ][safepoint    ] Entering safepoint region: Cleanup
[2146.223s][info ][safepoint    ] Leaving safepoint region
[2146.223s][info ][safepoint    ] Total time for which application threads were stopped: 0.0001334 seconds, Stopping threads took: 0.0000567 seconds
[2147.223s][info ][safepoint    ] Application time: 1.0001275 seconds
[2147.223s][info ][safepoint    ] Entering safepoint region: Cleanup
[2147.223s][info ][safepoint    ] Leaving safepoint region
[2147.223s][info ][safepoint    ] Total time for which application threads were stopped: 0.0001226 seconds, Stopping threads took: 0.0000541 seconds
[2147.974s][info ][safepoint    ] Application time: 0.7510362 seconds
[2147.974s][info ][safepoint    ] Entering safepoint region: GenCollectForAllocation
[2147.975s][info ][gc,start     ] GC(842) Pause Young (Allocation Failure)
[2147.975s][info ][gc,task      ] GC(842) Using 4 workers of 4 for evacuation
[2147.977s][debug][gc,ref       ] GC(842) Skipped phase1 of Reference Processing due to unavailable references
[2147.977s][debug][gc,ref       ] GC(842) Skipped phase2 of Reference Processing due to unavailable references
[2147.977s][debug][gc,ref       ] GC(842) Skipped phase3 of Reference Processing due to unavailable references
[2147.977s][debug][gc,ref       ] GC(842) Skipped phase4 of Reference Processing due to unavailable references
[2147.977s][debug][gc,age       ] GC(842) Desired survivor size 15400960 bytes, new threshold 6 (max threshold 6)
[2147.977s][info ][gc,heap      ] GC(842) ParNew: 242286K->1106K(270976K)
[2147.977s][info ][gc,heap      ] GC(842) CMS: 409758K->409861K(602112K)
[2147.977s][info ][gc,metaspace ] GC(842) Metaspace: 63267K->63267K(1107968K)
[2147.977s][info ][gc           ] GC(842) Pause Young (Allocation Failure) 636M->401M(852M) 2.681ms
[2147.977s][info ][gc,cpu       ] GC(842) User=0.01s Sys=0.00s Real=0.00s
[2147.977s][info ][safepoint    ] Leaving safepoint region
[2147.977s][info ][safepoint    ] Total time for which application threads were stopped: 0.0028494 seconds, Stopping threads took: 0.0000188 seconds
[2149.977s][info ][safepoint    ] Application time: 2.0002353 seconds
[2149.978s][info ][safepoint    ] Entering safepoint region: Cleanup
[2149.978s][info ][safepoint    ] Leaving safepoint region
[2149.978s][info ][safepoint    ] Total time for which application threads were stopped: 0.0001282 seconds, Stopping threads took: 0.0000439 seconds
[2151.677s][info ][safepoint    ] Application time: 1.6997252 seconds
[2151.677s][info ][safepoint    ] Entering safepoint region: GenCollectForAllocation
[2151.678s][info ][gc,start     ] GC(843) Pause Young (Allocation Failure)
[2151.678s][info ][gc,task      ] GC(843) Using 4 workers of 4 for evacuation
[2151.685s][debug][gc,ref       ] GC(843) Skipped phase1 of Reference Processing due to unavailable references
[2151.685s][debug][gc,ref       ] GC(843) Skipped phase2 of Reference Processing due to unavailable references
[2151.685s][debug][gc,ref       ] GC(843) Skipped phase3 of Reference Processing due to unavailable references
[2151.685s][debug][gc,ref       ] GC(843) Skipped phase4 of Reference Processing due to unavailable references
[2151.685s][debug][gc,age       ] GC(843) Desired survivor size 15400960 bytes, new threshold 6 (max threshold 6)
[2151.685s][info ][gc,heap      ] GC(843) ParNew: 242002K->1189K(270976K)
[2151.685s][info ][gc,heap      ] GC(843) CMS: 409861K->409991K(602112K)
[2151.685s][info ][gc,metaspace ] GC(843) Metaspace: 63267K->63267K(1107968K)
[2151.685s][info ][gc           ] GC(843) Pause Young (Allocation Failure) 636M->401M(852M) 7.760ms
[2151.685s][info ][gc,cpu       ] GC(843) User=0.02s Sys=0.01s Real=0.01s
[2151.685s][info ][safepoint    ] Leaving safepoint region
[2151.685s][info ][safepoint    ] Total time for which application threads were stopped: 0.0079412 seconds, Stopping threads took: 0.0000178 seconds
[2155.374s][info ][safepoint    ] Application time: 3.6891285 seconds
[2155.375s][info ][safepoint    ] Entering safepoint region: GenCollectForAllocation
[2155.375s][info ][gc,start     ] GC(844) Pause Young (Allocation Failure)
[2155.375s][info ][gc,task      ] GC(844) Using 4 workers of 4 for evacuation
[2155.378s][debug][gc,ref       ] GC(844) Skipped phase1 of Reference Processing due to unavailable references
[2155.378s][debug][gc,ref       ] GC(844) Skipped phase2 of Reference Processing due to unavailable references
[2155.378s][debug][gc,ref       ] GC(844) Skipped phase3 of Reference Processing due to unavailable references
[2155.378s][debug][gc,ref       ] GC(844) Skipped phase4 of Reference Processing due to unavailable references
[2155.378s][debug][gc,age       ] GC(844) Desired survivor size 15400960 bytes, new threshold 6 (max threshold 6)
[2155.378s][info ][gc,heap      ] GC(844) ParNew: 242085K->967K(270976K)
[2155.378s][info ][gc,heap      ] GC(844) CMS: 409991K->410307K(602112K)
[2155.378s][info ][gc,metaspace ] GC(844) Metaspace: 63268K->63268K(1107968K)
[2155.378s][info ][gc           ] GC(844) Pause Young (Allocation Failure) 636M->401M(852M) 3.391ms
[2155.378s][info ][gc,cpu       ] GC(844) User=0.01s Sys=0.00s Real=0.00s
[2155.378s][info ][safepoint    ] Leaving safepoint region
[2155.378s][info ][safepoint    ] Total time for which application threads were stopped: 0.0035747 seconds, Stopping threads took: 0.0000210 seconds
[2157.378s][info ][safepoint    ] Application time: 2.0002239 seconds
[2157.378s][info ][safepoint    ] Entering safepoint region: Cleanup
[2157.379s][info ][safepoint    ] Leaving safepoint region
[2157.379s][info ][safepoint    ] Total time for which application threads were stopped: 0.0001931 seconds, Stopping threads took: 0.0001088 seconds
[2159.070s][info ][safepoint    ] Application time: 1.6918090 seconds
[2159.070s][info ][safepoint    ] Entering safepoint region: GenCollectForAllocation
[2159.071s][info ][gc,start     ] GC(845) Pause Young (Allocation Failure)
[2159.071s][info ][gc,task      ] GC(845) Using 4 workers of 4 for evacuation
[2159.073s][debug][gc,ref       ] GC(845) Skipped phase1 of Reference Processing due to unavailable references
[2159.073s][debug][gc,ref       ] GC(845) Skipped phase2 of Reference Processing due to unavailable references
[2159.073s][debug][gc,ref       ] GC(845) Skipped phase3 of Reference Processing due to unavailable references
[2159.073s][debug][gc,ref       ] GC(845) Skipped phase4 of Reference Processing due to unavailable references
[2159.073s][debug][gc,age       ] GC(845) Desired survivor size 15400960 bytes, new threshold 6 (max threshold 6)
[2159.073s][info ][gc,heap      ] GC(845) ParNew: 241863K->808K(270976K)
[2159.073s][info ][gc,heap      ] GC(845) CMS: 410307K->410379K(602112K)
[2159.073s][info ][gc,metaspace ] GC(845) Metaspace: 63268K->63268K(1107968K)
[2159.073s][info ][gc           ] GC(845) Pause Young (Allocation Failure) 636M->401M(852M) 2.939ms
[2159.074s][info ][gc,cpu       ] GC(845) User=0.01s Sys=0.00s Real=0.00s
[2159.074s][info ][safepoint    ] Leaving safepoint region
[2159.074s][info ][safepoint    ] Total time for which application threads were stopped: 0.0031037 seconds, Stopping threads took: 0.0000184 seconds
[2161.074s][info ][safepoint    ] Application time: 2.0001835 seconds
[2161.074s][info ][safepoint    ] Entering safepoint region: Cleanup
[2161.074s][info ][safepoint    ] Leaving safepoint region
[2161.074s][info ][safepoint    ] Total time for which application threads were stopped: 0.0004086 seconds, Stopping threads took: 0.0001776 seconds
[2162.569s][info ][safepoint    ] Application time: 1.4949879 seconds
[2162.569s][info ][safepoint    ] Entering safepoint region: GenCollectForAllocation
[2162.569s][info ][gc,start     ] GC(846) Pause Young (Allocation Failure)
[2162.569s][info ][gc,task      ] GC(846) Using 4 workers of 4 for evacuation
[2162.574s][debug][gc,ref       ] GC(846) Skipped phase1 of Reference Processing due to unavailable references
[2162.574s][debug][gc,ref       ] GC(846) Skipped phase2 of Reference Processing due to unavailable references
[2162.574s][debug][gc,ref       ] GC(846) Skipped phase3 of Reference Processing due to unavailable references
[2162.574s][debug][gc,ref       ] GC(846) Skipped phase4 of Reference Processing due to unavailable references
[2162.574s][debug][gc,age       ] GC(846) Desired survivor size 15400960 bytes, new threshold 6 (max threshold 6)
[2162.574s][info ][gc,heap      ] GC(846) ParNew: 241704K->1073K(270976K)
[2162.574s][info ][gc,heap      ] GC(846) CMS: 410379K->410394K(602112K)
[2162.574s][info ][gc,metaspace ] GC(846) Metaspace: 63269K->63269K(1107968K)
[2162.574s][info ][gc           ] GC(846) Pause Young (Allocation Failure) 636M->401M(852M) 4.605ms
[2162.574s][info ][gc,cpu       ] GC(846) User=0.02s Sys=0.00s Real=0.00s
[2162.574s][info ][safepoint    ] Leaving safepoint region
[2162.574s][info ][safepoint    ] Total time for which application threads were stopped: 0.0048099 seconds, Stopping threads took: 0.0000525 seconds
[2166.219s][info ][safepoint    ] Application time: 3.6449359 seconds
[2166.219s][info ][safepoint    ] Entering safepoint region: GenCollectForAllocation
[2166.219s][info ][gc,start     ] GC(847) Pause Young (Allocation Failure)
[2166.219s][info ][gc,task      ] GC(847) Using 4 workers of 4 for evacuation
[2166.221s][debug][gc,ref       ] GC(847) Skipped phase1 of Reference Processing due to unavailable references
[2166.221s][debug][gc,ref       ] GC(847) Skipped phase2 of Reference Processing due to unavailable references
[2166.221s][debug][gc,ref       ] GC(847) Skipped phase3 of Reference Processing due to unavailable references
[2166.221s][debug][gc,ref       ] GC(847) Skipped phase4 of Reference Processing due to unavailable references
[2166.222s][debug][gc,age       ] GC(847) Desired survivor size 15400960 bytes, new threshold 6 (max threshold 6)
[2166.222s][info ][gc,heap      ] GC(847) ParNew: 241969K->1324K(270976K)
[2166.222s][info ][gc,heap      ] GC(847) CMS: 410394K->410418K(602112K)
[2166.222s][info ][gc,metaspace ] GC(847) Metaspace: 63269K->63269K(1107968K)
[2166.222s][info ][gc           ] GC(847) Pause Young (Allocation Failure) 637M->402M(852M) 2.625ms
[2166.222s][info ][gc,cpu       ] GC(847) User=0.00s Sys=0.00s Real=0.01s
[2166.222s][info ][safepoint    ] Leaving safepoint region
[2166.222s][info ][safepoint    ] Total time for which application threads were stopped: 0.0028285 seconds, Stopping threads took: 0.0000600 seconds
[2169.878s][info ][safepoint    ] Application time: 3.6556619 seconds
[2169.878s][info ][safepoint    ] Entering safepoint region: GenCollectForAllocation
[2169.878s][info ][gc,start     ] GC(848) Pause Young (Allocation Failure)
[2169.878s][info ][gc,task      ] GC(848) Using 4 workers of 4 for evacuation
[2169.880s][debug][gc,ref       ] GC(848) Skipped phase1 of Reference Processing due to unavailable references
[2169.880s][debug][gc,ref       ] GC(848) Skipped phase2 of Reference Processing due to unavailable references
[2169.880s][debug][gc,ref       ] GC(848) Skipped phase3 of Reference Processing due to unavailable references
[2169.880s][debug][gc,ref       ] GC(848) Skipped phase4 of Reference Processing due to unavailable references
[2169.881s][debug][gc,age       ] GC(848) Desired survivor size 15400960 bytes, new threshold 6 (max threshold 6)
[2169.881s][info ][gc,heap      ] GC(848) ParNew: 242220K->1009K(270976K)
[2169.881s][info ][gc,heap      ] GC(848) CMS: 410418K->410505K(602112K)
[2169.881s][info ][gc,metaspace ] GC(848) Metaspace: 63270K->63270K(1107968K)
[2169.881s][info ][gc           ] GC(848) Pause Young (Allocation Failure) 637M->401M(852M) 2.901ms
[2169.881s][info ][gc,cpu       ] GC(848) User=0.01s Sys=0.00s Real=0.01s
[2169.881s][info ][safepoint    ] Leaving safepoint region
[2169.881s][info ][safepoint    ] Total time for which application threads were stopped: 0.0030798 seconds, Stopping threads took: 0.0000183 seconds
[2171.881s][info ][safepoint    ] Application time: 2.0001655 seconds
[2171.881s][info ][safepoint    ] Entering safepoint region: Cleanup
[2171.881s][info ][safepoint    ] Leaving safepoint region
[2171.881s][info ][safepoint    ] Total time for which application threads were stopped: 0.0001194 seconds, Stopping threads took: 0.0000170 seconds
[2173.580s][info ][safepoint    ] Application time: 1.6994385 seconds
[2173.580s][info ][safepoint    ] Entering safepoint region: GenCollectForAllocation
[2173.581s][info ][gc,start     ] GC(849) Pause Young (Allocation Failure)
[2173.581s][info ][gc,task      ] GC(849) Using 4 workers of 4 for evacuation
[2173.583s][debug][gc,ref       ] GC(849) Skipped phase1 of Reference Processing due to unavailable references
[2173.583s][debug][gc,ref       ] GC(849) Skipped phase2 of Reference Processing due to unavailable references
[2173.583s][debug][gc,ref       ] GC(849) Skipped phase3 of Reference Processing due to unavailable references
[2173.583s][debug][gc,ref       ] GC(849) Skipped phase4 of Reference Processing due to unavailable references
[2173.583s][debug][gc,age       ] GC(849) Desired survivor size 15400960 bytes, new threshold 6 (max threshold 6)
[2173.583s][info ][gc,heap      ] GC(849) ParNew: 241905K->1169K(270976K)
[2173.583s][info ][gc,heap      ] GC(849) CMS: 410505K->410550K(602112K)
[2173.583s][info ][gc,metaspace ] GC(849) Metaspace: 63270K->63270K(1107968K)
[2173.583s][info ][gc           ] GC(849) Pause Young (Allocation Failure) 637M->402M(852M) 2.810ms
[2173.583s][info ][gc,cpu       ] GC(849) User=0.01s Sys=0.00s Real=0.00s
[2173.583s][info ][safepoint    ] Leaving safepoint region
[2173.583s][info ][safepoint    ] Total time for which application threads were stopped: 0.0029833 seconds, Stopping threads took: 0.0000180 seconds
[2177.322s][info ][safepoint    ] Application time: 3.7388112 seconds
[2177.322s][info ][safepoint    ] Entering safepoint region: GenCollectForAllocation
[2177.322s][info ][gc,start     ] GC(850) Pause Young (Allocation Failure)
[2177.322s][info ][gc,task      ] GC(850) Using 4 workers of 4 for evacuation
[2177.325s][debug][gc,ref       ] GC(850) Skipped phase1 of Reference Processing due to unavailable references
[2177.325s][debug][gc,ref       ] GC(850) Skipped phase2 of Reference Processing due to unavailable references
[2177.325s][debug][gc,ref       ] GC(850) Skipped phase3 of Reference Processing due to unavailable references
[2177.325s][debug][gc,ref       ] GC(850) Skipped phase4 of Reference Processing due to unavailable references
[2177.326s][debug][gc,age       ] GC(850) Desired survivor size 15400960 bytes, new threshold 6 (max threshold 6)
[2177.326s][info ][gc,heap      ] GC(850) ParNew: 242065K->1240K(270976K)
[2177.326s][info ][gc,heap      ] GC(850) CMS: 410550K->410642K(602112K)
[2177.326s][info ][gc,metaspace ] GC(850) Metaspace: 63270K->63270K(1107968K)
[2177.326s][info ][gc           ] GC(850) Pause Young (Allocation Failure) 637M->402M(852M) 3.225ms
[2177.326s][info ][gc,cpu       ] GC(850) User=0.01s Sys=0.00s Real=0.00s
[2177.326s][info ][safepoint    ] Leaving safepoint region
[2177.326s][info ][safepoint    ] Total time for which application threads were stopped: 0.0033929 seconds, Stopping threads took: 0.0000338 seconds
[2179.326s][info ][safepoint    ] Application time: 2.0002279 seconds
[2179.326s][info ][safepoint    ] Entering safepoint region: Cleanup
[2179.326s][info ][safepoint    ] Leaving safepoint region
[2179.326s][info ][safepoint    ] Total time for which application threads were stopped: 0.0001493 seconds, Stopping threads took: 0.0000601 seconds
[2181.071s][info ][safepoint    ] Application time: 1.7449100 seconds
[2181.071s][info ][safepoint    ] Entering safepoint region: GenCollectForAllocation
[2181.071s][info ][gc,start     ] GC(851) Pause Young (Allocation Failure)
[2181.071s][info ][gc,task      ] GC(851) Using 4 workers of 4 for evacuation
[2181.074s][debug][gc,ref       ] GC(851) Skipped phase1 of Reference Processing due to unavailable references
[2181.074s][debug][gc,ref       ] GC(851) Skipped phase2 of Reference Processing due to unavailable references
[2181.074s][debug][gc,ref       ] GC(851) Skipped phase3 of Reference Processing due to unavailable references
[2181.074s][debug][gc,ref       ] GC(851) Skipped phase4 of Reference Processing due to unavailable references
[2181.074s][debug][gc,age       ] GC(851) Desired survivor size 15400960 bytes, new threshold 6 (max threshold 6)
[2181.074s][info ][gc,heap      ] GC(851) ParNew: 242136K->978K(270976K)
[2181.074s][info ][gc,heap      ] GC(851) CMS: 410642K->410706K(602112K)
[2181.074s][info ][gc,metaspace ] GC(851) Metaspace: 63270K->63270K(1107968K)
[2181.074s][info ][gc           ] GC(851) Pause Young (Allocation Failure) 637M->402M(852M) 2.895ms
[2181.074s][info ][gc,cpu       ] GC(851) User=0.01s Sys=0.00s Real=0.00s
[2181.074s][info ][safepoint    ] Leaving safepoint region
[2181.074s][info ][safepoint    ] Total time for which application threads were stopped: 0.0030448 seconds, Stopping threads took: 0.0000187 seconds
[2182.074s][info ][safepoint    ] Application time: 1.0001058 seconds
[2182.074s][info ][safepoint    ] Entering safepoint region: Cleanup
[2182.074s][info ][safepoint    ] Leaving safepoint region
[2182.074s][info ][safepoint    ] Total time for which application threads were stopped: 0.0001371 seconds, Stopping threads took: 0.0000644 seconds
[2182.810s][info ][safepoint    ] Application time: 0.7351902 seconds
[2182.810s][info ][safepoint    ] Entering safepoint region: RevokeBias
[2182.810s][info ][safepoint    ] Leaving safepoint region
[2182.810s][info ][safepoint    ] Total time for which application threads were stopped: 0.0003450 seconds, Stopping threads took: 0.0000943 seconds
[2182.814s][info ][safepoint    ] Application time: 0.0043086 seconds
[2182.814s][info ][safepoint    ] Entering safepoint region: RevokeBias
[2182.814s][info ][safepoint    ] Leaving safepoint region
[2182.814s][info ][safepoint    ] Total time for which application threads were stopped: 0.0000501 seconds, Stopping threads took: 0.0000124 seconds
[2184.669s][info ][safepoint    ] Application time: 1.8549415 seconds
[2184.669s][info ][safepoint    ] Entering safepoint region: GenCollectForAllocation
[2184.670s][info ][gc,start     ] GC(852) Pause Young (Allocation Failure)
[2184.670s][info ][gc,task      ] GC(852) Using 4 workers of 4 for evacuation
[2184.673s][debug][gc,ref       ] GC(852) Skipped phase1 of Reference Processing due to unavailable references
[2184.673s][debug][gc,ref       ] GC(852) Skipped phase2 of Reference Processing due to unavailable references
[2184.673s][debug][gc,ref       ] GC(852) Skipped phase3 of Reference Processing due to unavailable references
[2184.673s][debug][gc,ref       ] GC(852) Skipped phase4 of Reference Processing due to unavailable references
[2184.673s][debug][gc,age       ] GC(852) Desired survivor size 15400960 bytes, new threshold 6 (max threshold 6)
[2184.673s][info ][gc,heap      ] GC(852) ParNew: 241874K->1119K(270976K)
[2184.673s][info ][gc,heap      ] GC(852) CMS: 410706K->410797K(602112K)
[2184.673s][info ][gc,metaspace ] GC(852) Metaspace: 63270K->63270K(1107968K)
[2184.673s][info ][gc           ] GC(852) Pause Young (Allocation Failure) 637M->402M(852M) 3.933ms
[2184.673s][info ][gc,cpu       ] GC(852) User=0.01s Sys=0.00s Real=0.00s
[2184.673s][info ][safepoint    ] Leaving safepoint region
[2184.673s][info ][safepoint    ] Total time for which application threads were stopped: 0.0041287 seconds, Stopping threads took: 0.0000477 seconds
[2185.674s][info ][safepoint    ] Application time: 1.0001054 seconds
[2185.674s][info ][safepoint    ] Entering safepoint region: Cleanup
[2185.674s][info ][safepoint    ] Leaving safepoint region
[2185.674s][info ][safepoint    ] Total time for which application threads were stopped: 0.0001342 seconds, Stopping threads took: 0.0000586 seconds
[2186.674s][info ][safepoint    ] Application time: 1.0000899 seconds
[2186.674s][info ][safepoint    ] Entering safepoint region: Cleanup
[2186.674s][info ][safepoint    ] Leaving safepoint region
[2186.674s][info ][safepoint    ] Total time for which application threads were stopped: 0.0001387 seconds, Stopping threads took: 0.0000604 seconds
[2188.369s][info ][safepoint    ] Application time: 1.6950098 seconds
[2188.369s][info ][safepoint    ] Entering safepoint region: GenCollectForAllocation
[2188.369s][info ][gc,start     ] GC(853) Pause Young (Allocation Failure)
[2188.369s][info ][gc,task      ] GC(853) Using 4 workers of 4 for evacuation
[2188.372s][debug][gc,ref       ] GC(853) Skipped phase1 of Reference Processing due to unavailable references
[2188.372s][debug][gc,ref       ] GC(853) Skipped phase2 of Reference Processing due to unavailable references
[2188.372s][debug][gc,ref       ] GC(853) Skipped phase3 of Reference Processing due to unavailable references
[2188.372s][debug][gc,ref       ] GC(853) Skipped phase4 of Reference Processing due to unavailable references
[2188.372s][debug][gc,age       ] GC(853) Desired survivor size 15400960 bytes, new threshold 6 (max threshold 6)
[2188.372s][info ][gc,heap      ] GC(853) ParNew: 242015K->1280K(270976K)
[2188.372s][info ][gc,heap      ] GC(853) CMS: 410797K->410910K(602112K)
[2188.372s][info ][gc,metaspace ] GC(853) Metaspace: 63272K->63272K(1107968K)
[2188.372s][info ][gc           ] GC(853) Pause Young (Allocation Failure) 637M->402M(852M) 2.637ms
[2188.372s][info ][gc,cpu       ] GC(853) User=0.01s Sys=0.00s Real=0.00s
[2188.372s][info ][safepoint    ] Leaving safepoint region
[2188.372s][info ][safepoint    ] Total time for which application threads were stopped: 0.0028136 seconds, Stopping threads took: 0.0000478 seconds
[2192.069s][info ][safepoint    ] Application time: 3.6971787 seconds
[2192.069s][info ][safepoint    ] Entering safepoint region: GenCollectForAllocation
[2192.069s][info ][gc,start     ] GC(854) Pause Young (Allocation Failure)
[2192.069s][info ][gc,task      ] GC(854) Using 4 workers of 4 for evacuation
[2192.074s][debug][gc,ref       ] GC(854) Skipped phase1 of Reference Processing due to unavailable references
[2192.074s][debug][gc,ref       ] GC(854) Skipped phase2 of Reference Processing due to unavailable references
[2192.074s][debug][gc,ref       ] GC(854) Skipped phase3 of Reference Processing due to unavailable references
[2192.074s][debug][gc,ref       ] GC(854) Skipped phase4 of Reference Processing due to unavailable references
[2192.074s][debug][gc,age       ] GC(854) Desired survivor size 15400960 bytes, new threshold 6 (max threshold 6)
[2192.074s][info ][gc,heap      ] GC(854) ParNew: 242176K->1353K(270976K)
[2192.074s][info ][gc,heap      ] GC(854) CMS: 410910K->410976K(602112K)
[2192.074s][info ][gc,metaspace ] GC(854) Metaspace: 63273K->63273K(1107968K)
[2192.074s][info ][gc           ] GC(854) Pause Young (Allocation Failure) 637M->402M(852M) 4.497ms
[2192.074s][info ][gc,cpu       ] GC(854) User=0.01s Sys=0.00s Real=0.00s
[2192.074s][info ][safepoint    ] Leaving safepoint region
[2192.074s][info ][safepoint    ] Total time for which application threads were stopped: 0.0047247 seconds, Stopping threads took: 0.0000811 seconds
[2195.773s][info ][safepoint    ] Application time: 3.6989542 seconds
[2195.773s][info ][safepoint    ] Entering safepoint region: GenCollectForAllocation
[2195.773s][info ][gc,start     ] GC(855) Pause Young (Allocation Failure)
[2195.773s][info ][gc,task      ] GC(855) Using 4 workers of 4 for evacuation
[2195.776s][debug][gc,ref       ] GC(855) Skipped phase1 of Reference Processing due to unavailable references
[2195.776s][debug][gc,ref       ] GC(855) Skipped phase2 of Reference Processing due to unavailable references
[2195.776s][debug][gc,ref       ] GC(855) Skipped phase3 of Reference Processing due to unavailable references
[2195.776s][debug][gc,ref       ] GC(855) Skipped phase4 of Reference Processing due to unavailable references
[2195.776s][debug][gc,age       ] GC(855) Desired survivor size 15400960 bytes, new threshold 6 (max threshold 6)
[2195.776s][info ][gc,heap      ] GC(855) ParNew: 242249K->1154K(270976K)
[2195.776s][info ][gc,heap      ] GC(855) CMS: 410976K->411106K(602112K)
[2195.776s][info ][gc,metaspace ] GC(855) Metaspace: 63273K->63273K(1107968K)
[2195.776s][info ][gc           ] GC(855) Pause Young (Allocation Failure) 637M->402M(852M) 3.354ms
[2195.776s][info ][gc,cpu       ] GC(855) User=0.01s Sys=0.00s Real=0.00s
[2195.776s][info ][safepoint    ] Leaving safepoint region
[2195.777s][info ][safepoint    ] Total time for which application threads were stopped: 0.0036386 seconds, Stopping threads took: 0.0000587 seconds
[2199.424s][info ][safepoint    ] Application time: 3.6473838 seconds
[2199.424s][info ][safepoint    ] Entering safepoint region: GenCollectForAllocation
[2199.424s][info ][gc,start     ] GC(856) Pause Young (Allocation Failure)
[2199.424s][info ][gc,task      ] GC(856) Using 4 workers of 4 for evacuation
[2199.428s][debug][gc,ref       ] GC(856) Skipped phase1 of Reference Processing due to unavailable references
[2199.428s][debug][gc,ref       ] GC(856) Skipped phase2 of Reference Processing due to unavailable references
[2199.428s][debug][gc,ref       ] GC(856) Skipped phase3 of Reference Processing due to unavailable references
[2199.428s][debug][gc,ref       ] GC(856) Skipped phase4 of Reference Processing due to unavailable references
[2199.428s][debug][gc,age       ] GC(856) Desired survivor size 15400960 bytes, new threshold 6 (max threshold 6)
[2199.428s][info ][gc,heap      ] GC(856) ParNew: 242050K->1260K(270976K)
[2199.428s][info ][gc,heap      ] GC(856) CMS: 411106K->411109K(602112K)
[2199.428s][info ][gc,metaspace ] GC(856) Metaspace: 63273K->63273K(1107968K)
[2199.428s][info ][gc           ] GC(856) Pause Young (Allocation Failure) 637M->402M(852M) 3.979ms
[2199.428s][info ][gc,cpu       ] GC(856) User=0.01s Sys=0.00s Real=0.00s
[2199.428s][info ][safepoint    ] Leaving safepoint region
[2199.428s][info ][safepoint    ] Total time for which application threads were stopped: 0.0042870 seconds, Stopping threads took: 0.0000522 seconds
[2203.123s][info ][safepoint    ] Application time: 3.6949608 seconds
[2203.123s][info ][safepoint    ] Entering safepoint region: GenCollectForAllocation
[2203.123s][info ][gc,start     ] GC(857) Pause Young (Allocation Failure)
[2203.123s][info ][gc,task      ] GC(857) Using 4 workers of 4 for evacuation
[2203.128s][debug][gc,ref       ] GC(857) Skipped phase1 of Reference Processing due to unavailable references
[2203.128s][debug][gc,ref       ] GC(857) Skipped phase2 of Reference Processing due to unavailable references
[2203.128s][debug][gc,ref       ] GC(857) Skipped phase3 of Reference Processing due to unavailable references
[2203.128s][debug][gc,ref       ] GC(857) Skipped phase4 of Reference Processing due to unavailable references
[2203.129s][debug][gc,age       ] GC(857) Desired survivor size 15400960 bytes, new threshold 6 (max threshold 6)
[2203.129s][info ][gc,heap      ] GC(857) ParNew: 242156K->934K(270976K)
[2203.129s][info ][gc,heap      ] GC(857) CMS: 411109K->411359K(602112K)
[2203.129s][info ][gc,metaspace ] GC(857) Metaspace: 63273K->63273K(1107968K)
[2203.129s][info ][gc           ] GC(857) Pause Young (Allocation Failure) 637M->402M(852M) 5.215ms
[2203.129s][info ][gc,cpu       ] GC(857) User=0.02s Sys=0.00s Real=0.01s
[2203.129s][info ][safepoint    ] Leaving safepoint region
[2203.129s][info ][safepoint    ] Total time for which application threads were stopped: 0.0053881 seconds, Stopping threads took: 0.0000159 seconds
[2204.129s][info ][safepoint    ] Application time: 1.0001469 seconds
[2204.129s][info ][safepoint    ] Entering safepoint region: Cleanup
[2204.129s][info ][safepoint    ] Leaving safepoint region
[2204.129s][info ][safepoint    ] Total time for which application threads were stopped: 0.0002088 seconds, Stopping threads took: 0.0001138 seconds
[2206.569s][info ][safepoint    ] Application time: 2.4400492 seconds
[2206.569s][info ][safepoint    ] Entering safepoint region: GenCollectForAllocation
[2206.569s][info ][gc,start     ] GC(858) Pause Young (Allocation Failure)
[2206.569s][info ][gc,task      ] GC(858) Using 4 workers of 4 for evacuation
[2206.572s][debug][gc,ref       ] GC(858) Skipped phase1 of Reference Processing due to unavailable references
[2206.572s][debug][gc,ref       ] GC(858) Skipped phase2 of Reference Processing due to unavailable references
[2206.572s][debug][gc,ref       ] GC(858) Skipped phase3 of Reference Processing due to unavailable references
[2206.572s][debug][gc,ref       ] GC(858) Skipped phase4 of Reference Processing due to unavailable references
[2206.572s][debug][gc,age       ] GC(858) Desired survivor size 15400960 bytes, new threshold 6 (max threshold 6)
[2206.572s][info ][gc,heap      ] GC(858) ParNew: 241830K->1321K(270976K)
[2206.572s][info ][gc,heap      ] GC(858) CMS: 411359K->411478K(602112K)
[2206.572s][info ][gc,metaspace ] GC(858) Metaspace: 63274K->63274K(1107968K)
[2206.572s][info ][gc           ] GC(858) Pause Young (Allocation Failure) 637M->403M(852M) 2.850ms
[2206.572s][info ][gc,cpu       ] GC(858) User=0.00s Sys=0.00s Real=0.00s
[2206.572s][info ][safepoint    ] Leaving safepoint region
[2206.572s][info ][safepoint    ] Total time for which application threads were stopped: 0.0031031 seconds, Stopping threads took: 0.0000809 seconds
[2210.128s][info ][safepoint    ] Application time: 3.5558179 seconds
[2210.128s][info ][safepoint    ] Entering safepoint region: GenCollectForAllocation
[2210.128s][info ][gc,start     ] GC(859) Pause Young (Allocation Failure)
[2210.128s][info ][gc,task      ] GC(859) Using 4 workers of 4 for evacuation
[2210.136s][debug][gc,ref       ] GC(859) Skipped phase1 of Reference Processing due to unavailable references
[2210.136s][debug][gc,ref       ] GC(859) Skipped phase2 of Reference Processing due to unavailable references
[2210.136s][debug][gc,ref       ] GC(859) Skipped phase3 of Reference Processing due to unavailable references
[2210.136s][debug][gc,ref       ] GC(859) Skipped phase4 of Reference Processing due to unavailable references
[2210.136s][debug][gc,age       ] GC(859) Desired survivor size 15400960 bytes, new threshold 6 (max threshold 6)
[2210.136s][info ][gc,heap      ] GC(859) ParNew: 242217K->1531K(270976K)
[2210.136s][info ][gc,heap      ] GC(859) CMS: 411478K->411580K(602112K)
[2210.136s][info ][gc,metaspace ] GC(859) Metaspace: 63274K->63274K(1107968K)
[2210.136s][info ][gc           ] GC(859) Pause Young (Allocation Failure) 638M->403M(852M) 7.580ms
[2210.136s][info ][gc,cpu       ] GC(859) User=0.02s Sys=0.00s Real=0.00s
[2210.136s][info ][safepoint    ] Leaving safepoint region
[2210.136s][info ][safepoint    ] Total time for which application threads were stopped: 0.0078896 seconds, Stopping threads took: 0.0001193 seconds
[2213.136s][info ][safepoint    ] Application time: 3.0003120 seconds
[2213.136s][info ][safepoint    ] Entering safepoint region: Cleanup
[2213.136s][info ][safepoint    ] Leaving safepoint region
[2213.137s][info ][safepoint    ] Total time for which application threads were stopped: 0.0001431 seconds, Stopping threads took: 0.0000580 seconds
[2213.728s][info ][safepoint    ] Application time: 0.5919260 seconds
[2213.728s][info ][safepoint    ] Entering safepoint region: GenCollectForAllocation
[2213.729s][info ][gc,start     ] GC(860) Pause Young (Allocation Failure)
[2213.729s][info ][gc,task      ] GC(860) Using 4 workers of 4 for evacuation
[2213.733s][debug][gc,ref       ] GC(860) Skipped phase1 of Reference Processing due to unavailable references
[2213.733s][debug][gc,ref       ] GC(860) Skipped phase2 of Reference Processing due to unavailable references
[2213.733s][debug][gc,ref       ] GC(860) Skipped phase3 of Reference Processing due to unavailable references
[2213.733s][debug][gc,ref       ] GC(860) Skipped phase4 of Reference Processing due to unavailable references
[2213.733s][debug][gc,age       ] GC(860) Desired survivor size 15400960 bytes, new threshold 6 (max threshold 6)
[2213.733s][info ][gc,heap      ] GC(860) ParNew: 242427K->1292K(270976K)
[2213.733s][info ][gc,heap      ] GC(860) CMS: 411580K->411679K(602112K)
[2213.733s][info ][gc,metaspace ] GC(860) Metaspace: 63274K->63274K(1107968K)
[2213.733s][info ][gc           ] GC(860) Pause Young (Allocation Failure) 638M->403M(852M) 4.308ms
[2213.733s][info ][gc,cpu       ] GC(860) User=0.01s Sys=0.00s Real=0.00s
[2213.733s][info ][safepoint    ] Leaving safepoint region
[2213.733s][info ][safepoint    ] Total time for which application threads were stopped: 0.0044743 seconds, Stopping threads took: 0.0000308 seconds
[2217.424s][info ][safepoint    ] Application time: 3.6906685 seconds
[2217.424s][info ][safepoint    ] Entering safepoint region: GenCollectForAllocation
[2217.424s][info ][gc,start     ] GC(861) Pause Young (Allocation Failure)
[2217.424s][info ][gc,task      ] GC(861) Using 4 workers of 4 for evacuation
[2217.426s][debug][gc,ref       ] GC(861) Skipped phase1 of Reference Processing due to unavailable references
[2217.426s][debug][gc,ref       ] GC(861) Skipped phase2 of Reference Processing due to unavailable references
[2217.426s][debug][gc,ref       ] GC(861) Skipped phase3 of Reference Processing due to unavailable references
[2217.426s][debug][gc,ref       ] GC(861) Skipped phase4 of Reference Processing due to unavailable references
[2217.427s][debug][gc,age       ] GC(861) Desired survivor size 15400960 bytes, new threshold 6 (max threshold 6)
[2217.427s][info ][gc,heap      ] GC(861) ParNew: 242188K->1229K(270976K)
[2217.427s][info ][gc,heap      ] GC(861) CMS: 411679K->411753K(602112K)
[2217.427s][info ][gc,metaspace ] GC(861) Metaspace: 63274K->63274K(1107968K)
[2217.427s][info ][gc           ] GC(861) Pause Young (Allocation Failure) 638M->403M(852M) 2.863ms
[2217.427s][info ][gc,cpu       ] GC(861) User=0.01s Sys=0.00s Real=0.00s
[2217.427s][info ][safepoint    ] Leaving safepoint region
[2217.427s][info ][safepoint    ] Total time for which application threads were stopped: 0.0030254 seconds, Stopping threads took: 0.0000355 seconds
[2220.427s][info ][safepoint    ] Application time: 3.0002145 seconds
[2220.427s][info ][safepoint    ] Entering safepoint region: Cleanup
[2220.427s][info ][safepoint    ] Leaving safepoint region
[2220.427s][info ][safepoint    ] Total time for which application threads were stopped: 0.0001656 seconds, Stopping threads took: 0.0000803 seconds
[2221.020s][info ][safepoint    ] Application time: 0.5926614 seconds
[2221.020s][info ][safepoint    ] Entering safepoint region: GenCollectForAllocation
[2221.020s][info ][gc,start     ] GC(862) Pause Young (Allocation Failure)
[2221.020s][info ][gc,task      ] GC(862) Using 4 workers of 4 for evacuation
[2221.022s][debug][gc,ref       ] GC(862) Skipped phase1 of Reference Processing due to unavailable references
[2221.022s][debug][gc,ref       ] GC(862) Skipped phase2 of Reference Processing due to unavailable references
[2221.022s][debug][gc,ref       ] GC(862) Skipped phase3 of Reference Processing due to unavailable references
[2221.022s][debug][gc,ref       ] GC(862) Skipped phase4 of Reference Processing due to unavailable references
[2221.023s][debug][gc,age       ] GC(862) Desired survivor size 15400960 bytes, new threshold 6 (max threshold 6)
[2221.023s][info ][gc,heap      ] GC(862) ParNew: 242125K->1173K(270976K)
[2221.023s][info ][gc,heap      ] GC(862) CMS: 411753K->411812K(602112K)
[2221.023s][info ][gc,metaspace ] GC(862) Metaspace: 63274K->63274K(1107968K)
[2221.023s][info ][gc           ] GC(862) Pause Young (Allocation Failure) 638M->403M(852M) 2.549ms
[2221.023s][info ][gc,cpu       ] GC(862) User=0.00s Sys=0.00s Real=0.01s
[2221.023s][info ][safepoint    ] Leaving safepoint region
[2221.023s][info ][safepoint    ] Total time for which application threads were stopped: 0.0027996 seconds, Stopping threads took: 0.0000893 seconds
[2224.678s][info ][safepoint    ] Application time: 3.6554977 seconds
[2224.678s][info ][safepoint    ] Entering safepoint region: GenCollectForAllocation
[2224.678s][info ][gc,start     ] GC(863) Pause Young (Allocation Failure)
[2224.678s][info ][gc,task      ] GC(863) Using 4 workers of 4 for evacuation
[2224.681s][debug][gc,ref       ] GC(863) Skipped phase1 of Reference Processing due to unavailable references
[2224.681s][debug][gc,ref       ] GC(863) Skipped phase2 of Reference Processing due to unavailable references
[2224.681s][debug][gc,ref       ] GC(863) Skipped phase3 of Reference Processing due to unavailable references
[2224.681s][debug][gc,ref       ] GC(863) Skipped phase4 of Reference Processing due to unavailable references
[2224.681s][debug][gc,age       ] GC(863) Desired survivor size 15400960 bytes, new threshold 6 (max threshold 6)
[2224.681s][info ][gc,heap      ] GC(863) ParNew: 242069K->1278K(270976K)
[2224.681s][info ][gc,heap      ] GC(863) CMS: 411812K->411832K(602112K)
[2224.681s][info ][gc,metaspace ] GC(863) Metaspace: 63274K->63274K(1107968K)
[2224.681s][info ][gc           ] GC(863) Pause Young (Allocation Failure) 638M->403M(852M) 2.559ms
[2224.681s][info ][gc,cpu       ] GC(863) User=0.01s Sys=0.00s Real=0.01s
[2224.681s][info ][safepoint    ] Leaving safepoint region
[2224.681s][info ][safepoint    ] Total time for which application threads were stopped: 0.0027447 seconds, Stopping threads took: 0.0000397 seconds
[2228.374s][info ][safepoint    ] Application time: 3.6933359 seconds
[2228.374s][info ][safepoint    ] Entering safepoint region: GenCollectForAllocation
[2228.374s][info ][gc,start     ] GC(864) Pause Young (Allocation Failure)
[2228.374s][info ][gc,task      ] GC(864) Using 4 workers of 4 for evacuation
[2228.377s][debug][gc,ref       ] GC(864) Skipped phase1 of Reference Processing due to unavailable references
[2228.377s][debug][gc,ref       ] GC(864) Skipped phase2 of Reference Processing due to unavailable references
[2228.377s][debug][gc,ref       ] GC(864) Skipped phase3 of Reference Processing due to unavailable references
[2228.377s][debug][gc,ref       ] GC(864) Skipped phase4 of Reference Processing due to unavailable references
[2228.377s][debug][gc,age       ] GC(864) Desired survivor size 15400960 bytes, new threshold 6 (max threshold 6)
[2228.377s][info ][gc,heap      ] GC(864) ParNew: 242174K->1087K(270976K)
[2228.377s][info ][gc,heap      ] GC(864) CMS: 411832K->411946K(602112K)
[2228.377s][info ][gc,metaspace ] GC(864) Metaspace: 63274K->63274K(1107968K)
[2228.377s][info ][gc           ] GC(864) Pause Young (Allocation Failure) 638M->403M(852M) 2.648ms
[2228.377s][info ][gc,cpu       ] GC(864) User=0.00s Sys=0.00s Real=0.00s
[2228.377s][info ][safepoint    ] Leaving safepoint region
[2228.377s][info ][safepoint    ] Total time for which application threads were stopped: 0.0027956 seconds, Stopping threads took: 0.0000162 seconds
[2232.024s][info ][safepoint    ] Application time: 3.6465578 seconds
[2232.024s][info ][safepoint    ] Entering safepoint region: GenCollectForAllocation
[2232.024s][info ][gc,start     ] GC(865) Pause Young (Allocation Failure)
[2232.024s][info ][gc,task      ] GC(865) Using 4 workers of 4 for evacuation
[2232.026s][debug][gc,ref       ] GC(865) Skipped phase1 of Reference Processing due to unavailable references
[2232.026s][debug][gc,ref       ] GC(865) Skipped phase2 of Reference Processing due to unavailable references
[2232.026s][debug][gc,ref       ] GC(865) Skipped phase3 of Reference Processing due to unavailable references
[2232.026s][debug][gc,ref       ] GC(865) Skipped phase4 of Reference Processing due to unavailable references
[2232.027s][debug][gc,age       ] GC(865) Desired survivor size 15400960 bytes, new threshold 6 (max threshold 6)
[2232.027s][info ][gc,heap      ] GC(865) ParNew: 241983K->1351K(270976K)
[2232.027s][info ][gc,heap      ] GC(865) CMS: 411946K->412086K(602112K)
[2232.027s][info ][gc,metaspace ] GC(865) Metaspace: 63275K->63275K(1107968K)
[2232.027s][info ][gc           ] GC(865) Pause Young (Allocation Failure) 638M->403M(852M) 2.905ms
[2232.027s][info ][gc,cpu       ] GC(865) User=0.01s Sys=0.00s Real=0.00s
[2232.027s][info ][safepoint    ] Leaving safepoint region
[2232.027s][info ][safepoint    ] Total time for which application threads were stopped: 0.0030731 seconds, Stopping threads took: 0.0000155 seconds
[2235.719s][info ][safepoint    ] Application time: 3.6925525 seconds
[2235.719s][info ][safepoint    ] Entering safepoint region: GenCollectForAllocation
[2235.720s][info ][gc,start     ] GC(866) Pause Young (Allocation Failure)
[2235.720s][info ][gc,task      ] GC(866) Using 4 workers of 4 for evacuation
[2235.722s][debug][gc,ref       ] GC(866) Skipped phase1 of Reference Processing due to unavailable references
[2235.722s][debug][gc,ref       ] GC(866) Skipped phase2 of Reference Processing due to unavailable references
[2235.722s][debug][gc,ref       ] GC(866) Skipped phase3 of Reference Processing due to unavailable references
[2235.722s][debug][gc,ref       ] GC(866) Skipped phase4 of Reference Processing due to unavailable references
[2235.722s][debug][gc,age       ] GC(866) Desired survivor size 15400960 bytes, new threshold 6 (max threshold 6)
[2235.722s][info ][gc,heap      ] GC(866) ParNew: 242247K->1356K(270976K)
[2235.722s][info ][gc,heap      ] GC(866) CMS: 412086K->412179K(602112K)
[2235.722s][info ][gc,metaspace ] GC(866) Metaspace: 63275K->63275K(1107968K)
[2235.722s][info ][gc           ] GC(866) Pause Young (Allocation Failure) 638M->403M(852M) 2.735ms
[2235.722s][info ][gc,cpu       ] GC(866) User=0.01s Sys=0.00s Real=0.01s
[2235.722s][info ][safepoint    ] Leaving safepoint region
[2235.722s][info ][safepoint    ] Total time for which application threads were stopped: 0.0029192 seconds, Stopping threads took: 0.0000480 seconds
[2239.369s][info ][safepoint    ] Application time: 3.6465471 seconds
[2239.369s][info ][safepoint    ] Entering safepoint region: GenCollectForAllocation
[2239.369s][info ][gc,start     ] GC(867) Pause Young (Allocation Failure)
[2239.369s][info ][gc,task      ] GC(867) Using 4 workers of 4 for evacuation
[2239.372s][debug][gc,ref       ] GC(867) Skipped phase1 of Reference Processing due to unavailable references
[2239.372s][debug][gc,ref       ] GC(867) Skipped phase2 of Reference Processing due to unavailable references
[2239.372s][debug][gc,ref       ] GC(867) Skipped phase3 of Reference Processing due to unavailable references
[2239.372s][debug][gc,ref       ] GC(867) Skipped phase4 of Reference Processing due to unavailable references
[2239.372s][debug][gc,age       ] GC(867) Desired survivor size 15400960 bytes, new threshold 6 (max threshold 6)
[2239.372s][info ][gc,heap      ] GC(867) ParNew: 242252K->1349K(270976K)
[2239.372s][info ][gc,heap      ] GC(867) CMS: 412179K->412234K(602112K)
[2239.372s][info ][gc,metaspace ] GC(867) Metaspace: 63275K->63275K(1107968K)
[2239.372s][info ][gc           ] GC(867) Pause Young (Allocation Failure) 639M->403M(852M) 2.818ms
[2239.372s][info ][gc,cpu       ] GC(867) User=0.01s Sys=0.00s Real=0.00s
[2239.372s][info ][safepoint    ] Leaving safepoint region
[2239.372s][info ][safepoint    ] Total time for which application threads were stopped: 0.0030028 seconds, Stopping threads took: 0.0000486 seconds
[2242.919s][info ][safepoint    ] Application time: 3.5474483 seconds
[2242.919s][info ][safepoint    ] Entering safepoint region: GenCollectForAllocation
[2242.920s][info ][gc,start     ] GC(868) Pause Young (Allocation Failure)
[2242.920s][info ][gc,task      ] GC(868) Using 4 workers of 4 for evacuation
[2242.922s][debug][gc,ref       ] GC(868) Skipped phase1 of Reference Processing due to unavailable references
[2242.922s][debug][gc,ref       ] GC(868) Skipped phase2 of Reference Processing due to unavailable references
[2242.922s][debug][gc,ref       ] GC(868) Skipped phase3 of Reference Processing due to unavailable references
[2242.922s][debug][gc,ref       ] GC(868) Skipped phase4 of Reference Processing due to unavailable references
[2242.923s][debug][gc,age       ] GC(868) Desired survivor size 15400960 bytes, new threshold 6 (max threshold 6)
[2242.923s][info ][gc,heap      ] GC(868) ParNew: 242245K->1420K(270976K)
[2242.923s][info ][gc,heap      ] GC(868) CMS: 412234K->412504K(602112K)
[2242.923s][info ][gc,metaspace ] GC(868) Metaspace: 63276K->63276K(1107968K)
[2242.923s][info ][gc           ] GC(868) Pause Young (Allocation Failure) 639M->404M(852M) 3.143ms
[2242.923s][info ][gc,cpu       ] GC(868) User=0.01s Sys=0.00s Real=0.01s
[2242.923s][info ][safepoint    ] Leaving safepoint region
[2242.923s][info ][safepoint    ] Total time for which application threads were stopped: 0.0033415 seconds, Stopping threads took: 0.0000472 seconds
[2243.923s][info ][safepoint    ] Application time: 1.0001279 seconds
[2243.923s][info ][safepoint    ] Entering safepoint region: Cleanup
[2243.923s][info ][safepoint    ] Leaving safepoint region
[2243.923s][info ][safepoint    ] Total time for which application threads were stopped: 0.0001573 seconds, Stopping threads took: 0.0000524 seconds
[2244.923s][info ][safepoint    ] Application time: 1.0000988 seconds
[2244.923s][info ][safepoint    ] Entering safepoint region: Cleanup
[2244.923s][info ][safepoint    ] Leaving safepoint region
[2244.923s][info ][safepoint    ] Total time for which application threads were stopped: 0.0001533 seconds, Stopping threads took: 0.0000583 seconds
[2245.923s][info ][safepoint    ] Application time: 1.0001193 seconds
[2245.924s][info ][safepoint    ] Entering safepoint region: Cleanup
[2245.924s][info ][safepoint    ] Leaving safepoint region
[2245.924s][info ][safepoint    ] Total time for which application threads were stopped: 0.0001311 seconds, Stopping threads took: 0.0000561 seconds
[2246.529s][info ][safepoint    ] Application time: 0.6049769 seconds
[2246.529s][info ][safepoint    ] Entering safepoint region: GenCollectForAllocation
[2246.529s][info ][gc,start     ] GC(869) Pause Young (Allocation Failure)
[2246.529s][info ][gc,task      ] GC(869) Using 4 workers of 4 for evacuation
[2246.532s][debug][gc,ref       ] GC(869) Skipped phase1 of Reference Processing due to unavailable references
[2246.532s][debug][gc,ref       ] GC(869) Skipped phase3 of Reference Processing due to unavailable references
[2246.532s][debug][gc,age       ] GC(869) Desired survivor size 15400960 bytes, new threshold 6 (max threshold 6)
[2246.532s][info ][gc,heap      ] GC(869) ParNew: 242316K->1245K(270976K)
[2246.532s][info ][gc,heap      ] GC(869) CMS: 412504K->412579K(602112K)
[2246.532s][info ][gc,metaspace ] GC(869) Metaspace: 63291K->63291K(1107968K)
[2246.532s][info ][gc           ] GC(869) Pause Young (Allocation Failure) 639M->404M(852M) 3.426ms
[2246.532s][info ][gc,cpu       ] GC(869) User=0.01s Sys=0.00s Real=0.00s
[2246.532s][info ][safepoint    ] Leaving safepoint region
[2246.532s][info ][safepoint    ] Total time for which application threads were stopped: 0.0036332 seconds, Stopping threads took: 0.0000167 seconds
[2247.532s][info ][safepoint    ] Application time: 1.0000927 seconds
[2247.532s][info ][safepoint    ] Entering safepoint region: Cleanup
[2247.533s][info ][safepoint    ] Leaving safepoint region
[2247.533s][info ][safepoint    ] Total time for which application threads were stopped: 0.0000807 seconds, Stopping threads took: 0.0000170 seconds
[2250.219s][info ][safepoint    ] Application time: 2.6865578 seconds
[2250.219s][info ][safepoint    ] Entering safepoint region: GenCollectForAllocation
[2250.219s][info ][gc,start     ] GC(870) Pause Young (Allocation Failure)
[2250.219s][info ][gc,task      ] GC(870) Using 4 workers of 4 for evacuation
[2250.224s][debug][gc,ref       ] GC(870) Skipped phase1 of Reference Processing due to unavailable references
[2250.224s][debug][gc,ref       ] GC(870) Skipped phase3 of Reference Processing due to unavailable references
[2250.224s][debug][gc,ref       ] GC(870) Skipped phase4 of Reference Processing due to unavailable references
[2250.224s][debug][gc,age       ] GC(870) Desired survivor size 15400960 bytes, new threshold 6 (max threshold 6)
[2250.224s][info ][gc,heap      ] GC(870) ParNew: 242141K->1342K(270976K)
[2250.224s][info ][gc,heap      ] GC(870) CMS: 412579K->412624K(602112K)
[2250.224s][info ][gc,metaspace ] GC(870) Metaspace: 63291K->63291K(1107968K)
[2250.224s][info ][gc           ] GC(870) Pause Young (Allocation Failure) 639M->404M(852M) 4.700ms
[2250.224s][info ][gc,cpu       ] GC(870) User=0.02s Sys=0.00s Real=0.01s
[2250.224s][info ][safepoint    ] Leaving safepoint region
[2250.224s][info ][safepoint    ] Total time for which application threads were stopped: 0.0049349 seconds, Stopping threads took: 0.0000492 seconds
[2253.869s][info ][safepoint    ] Application time: 3.6453657 seconds
[2253.870s][info ][safepoint    ] Entering safepoint region: GenCollectForAllocation
[2253.870s][info ][gc,start     ] GC(871) Pause Young (Allocation Failure)
[2253.870s][info ][gc,task      ] GC(871) Using 4 workers of 4 for evacuation
[2253.873s][debug][gc,ref       ] GC(871) Skipped phase1 of Reference Processing due to unavailable references
[2253.873s][debug][gc,ref       ] GC(871) Skipped phase3 of Reference Processing due to unavailable references
[2253.873s][debug][gc,ref       ] GC(871) Skipped phase4 of Reference Processing due to unavailable references
[2253.873s][debug][gc,age       ] GC(871) Desired survivor size 15400960 bytes, new threshold 6 (max threshold 6)
[2253.873s][info ][gc,heap      ] GC(871) ParNew: 242238K->1262K(270976K)
[2253.873s][info ][gc,heap      ] GC(871) CMS: 412624K->412740K(602112K)
[2253.873s][info ][gc,metaspace ] GC(871) Metaspace: 63291K->63291K(1107968K)
[2253.873s][info ][gc           ] GC(871) Pause Young (Allocation Failure) 639M->404M(852M) 3.391ms
[2253.873s][info ][gc,cpu       ] GC(871) User=0.01s Sys=0.00s Real=0.00s
[2253.873s][info ][safepoint    ] Leaving safepoint region
[2253.873s][info ][safepoint    ] Total time for which application threads were stopped: 0.0036406 seconds, Stopping threads took: 0.0000491 seconds
[2257.475s][info ][safepoint    ] Application time: 3.6014411 seconds
[2257.475s][info ][safepoint    ] Entering safepoint region: GenCollectForAllocation
[2257.475s][info ][gc,start     ] GC(872) Pause Young (Allocation Failure)
[2257.475s][info ][gc,task      ] GC(872) Using 4 workers of 4 for evacuation
[2257.478s][debug][gc,ref       ] GC(872) Skipped phase1 of Reference Processing due to unavailable references
[2257.478s][debug][gc,ref       ] GC(872) Skipped phase3 of Reference Processing due to unavailable references
[2257.478s][debug][gc,ref       ] GC(872) Skipped phase4 of Reference Processing due to unavailable references
[2257.479s][debug][gc,age       ] GC(872) Desired survivor size 15400960 bytes, new threshold 6 (max threshold 6)
[2257.479s][info ][gc,heap      ] GC(872) ParNew: 242158K->1253K(270976K)
[2257.479s][info ][gc,heap      ] GC(872) CMS: 412740K->412790K(602112K)
[2257.479s][info ][gc,metaspace ] GC(872) Metaspace: 63291K->63291K(1107968K)
[2257.479s][info ][gc           ] GC(872) Pause Young (Allocation Failure) 639M->404M(852M) 3.753ms
[2257.479s][info ][gc,cpu       ] GC(872) User=0.00s Sys=0.01s Real=0.00s
[2257.479s][info ][safepoint    ] Leaving safepoint region
[2257.479s][info ][safepoint    ] Total time for which application threads were stopped: 0.0040206 seconds, Stopping threads took: 0.0000707 seconds
[2261.019s][info ][safepoint    ] Application time: 3.5406157 seconds
[2261.019s][info ][safepoint    ] Entering safepoint region: GenCollectForAllocation
[2261.019s][info ][gc,start     ] GC(873) Pause Young (Allocation Failure)
[2261.019s][info ][gc,task      ] GC(873) Using 4 workers of 4 for evacuation
[2261.022s][debug][gc,ref       ] GC(873) Skipped phase1 of Reference Processing due to unavailable references
[2261.022s][debug][gc,ref       ] GC(873) Skipped phase3 of Reference Processing due to unavailable references
[2261.022s][debug][gc,ref       ] GC(873) Skipped phase4 of Reference Processing due to unavailable references
[2261.022s][debug][gc,age       ] GC(873) Desired survivor size 15400960 bytes, new threshold 6 (max threshold 6)
[2261.022s][info ][gc,heap      ] GC(873) ParNew: 242149K->1666K(270976K)
[2261.022s][info ][gc,heap      ] GC(873) CMS: 412790K->412840K(602112K)
[2261.022s][info ][gc,metaspace ] GC(873) Metaspace: 63291K->63291K(1107968K)
[2261.022s][info ][gc           ] GC(873) Pause Young (Allocation Failure) 639M->404M(852M) 2.995ms
[2261.022s][info ][gc,cpu       ] GC(873) User=0.01s Sys=0.00s Real=0.01s
[2261.022s][info ][safepoint    ] Leaving safepoint region
[2261.022s][info ][safepoint    ] Total time for which application threads were stopped: 0.0032014 seconds, Stopping threads took: 0.0000515 seconds
[2263.023s][info ][safepoint    ] Application time: 2.0001731 seconds
[2263.023s][info ][safepoint    ] Entering safepoint region: Cleanup
[2263.023s][info ][safepoint    ] Leaving safepoint region
[2263.023s][info ][safepoint    ] Total time for which application threads were stopped: 0.0001159 seconds, Stopping threads took: 0.0000458 seconds
[2264.023s][info ][safepoint    ] Application time: 1.0001146 seconds
[2264.023s][info ][safepoint    ] Entering safepoint region: Cleanup
[2264.023s][info ][safepoint    ] Leaving safepoint region
[2264.023s][info ][safepoint    ] Total time for which application threads were stopped: 0.0001154 seconds, Stopping threads took: 0.0000467 seconds
[2264.618s][info ][safepoint    ] Application time: 0.5951116 seconds
[2264.618s][info ][safepoint    ] Entering safepoint region: GenCollectForAllocation
[2264.618s][info ][gc,start     ] GC(874) Pause Young (Allocation Failure)
[2264.618s][info ][gc,task      ] GC(874) Using 4 workers of 4 for evacuation
[2264.621s][debug][gc,ref       ] GC(874) Skipped phase1 of Reference Processing due to unavailable references
[2264.621s][debug][gc,ref       ] GC(874) Skipped phase3 of Reference Processing due to unavailable references
[2264.621s][debug][gc,ref       ] GC(874) Skipped phase4 of Reference Processing due to unavailable references
[2264.621s][debug][gc,age       ] GC(874) Desired survivor size 15400960 bytes, new threshold 6 (max threshold 6)
[2264.621s][info ][gc,heap      ] GC(874) ParNew: 242562K->1288K(270976K)
[2264.621s][info ][gc,heap      ] GC(874) CMS: 412840K->413229K(602112K)
[2264.621s][info ][gc,metaspace ] GC(874) Metaspace: 63291K->63291K(1107968K)
[2264.621s][info ][gc           ] GC(874) Pause Young (Allocation Failure) 640M->404M(852M) 3.070ms
[2264.621s][info ][gc,cpu       ] GC(874) User=0.01s Sys=0.00s Real=0.01s
[2264.621s][info ][safepoint    ] Leaving safepoint region
[2264.621s][info ][safepoint    ] Total time for which application threads were stopped: 0.0032233 seconds, Stopping threads took: 0.0000166 seconds
[2268.175s][info ][safepoint    ] Application time: 3.5535778 seconds
[2268.175s][info ][safepoint    ] Entering safepoint region: GenCollectForAllocation
[2268.175s][info ][gc,start     ] GC(875) Pause Young (Allocation Failure)
[2268.175s][info ][gc,task      ] GC(875) Using 4 workers of 4 for evacuation
[2268.178s][debug][gc,ref       ] GC(875) Skipped phase1 of Reference Processing due to unavailable references
[2268.178s][debug][gc,ref       ] GC(875) Skipped phase2 of Reference Processing due to unavailable references
[2268.178s][debug][gc,ref       ] GC(875) Skipped phase3 of Reference Processing due to unavailable references
[2268.178s][debug][gc,ref       ] GC(875) Skipped phase4 of Reference Processing due to unavailable references
[2268.178s][debug][gc,age       ] GC(875) Desired survivor size 15400960 bytes, new threshold 6 (max threshold 6)
[2268.178s][info ][gc,heap      ] GC(875) ParNew: 242184K->1839K(270976K)
[2268.178s][info ][gc,heap      ] GC(875) CMS: 413229K->413273K(602112K)
[2268.178s][info ][gc,metaspace ] GC(875) Metaspace: 63291K->63291K(1107968K)
[2268.178s][info ][gc           ] GC(875) Pause Young (Allocation Failure) 640M->405M(852M) 2.864ms
[2268.178s][info ][gc,cpu       ] GC(875) User=0.01s Sys=0.00s Real=0.00s
[2268.178s][info ][safepoint    ] Leaving safepoint region
[2268.178s][info ][safepoint    ] Total time for which application threads were stopped: 0.0030182 seconds, Stopping threads took: 0.0000163 seconds
[2269.178s][info ][safepoint    ] Application time: 1.0000882 seconds
[2269.178s][info ][safepoint    ] Entering safepoint region: Cleanup
[2269.178s][info ][safepoint    ] Leaving safepoint region
[2269.178s][info ][safepoint    ] Total time for which application threads were stopped: 0.0001524 seconds, Stopping threads took: 0.0000736 seconds
[2271.819s][info ][safepoint    ] Application time: 2.6407774 seconds
[2271.819s][info ][safepoint    ] Entering safepoint region: GenCollectForAllocation
[2271.819s][info ][gc,start     ] GC(876) Pause Young (Allocation Failure)
[2271.819s][info ][gc,task      ] GC(876) Using 4 workers of 4 for evacuation
[2271.822s][debug][gc,ref       ] GC(876) Skipped phase1 of Reference Processing due to unavailable references
[2271.822s][debug][gc,ref       ] GC(876) Skipped phase2 of Reference Processing due to unavailable references
[2271.822s][debug][gc,ref       ] GC(876) Skipped phase3 of Reference Processing due to unavailable references
[2271.822s][debug][gc,ref       ] GC(876) Skipped phase4 of Reference Processing due to unavailable references
[2271.822s][debug][gc,age       ] GC(876) Desired survivor size 15400960 bytes, new threshold 6 (max threshold 6)
[2271.822s][info ][gc,heap      ] GC(876) ParNew: 242735K->1665K(270976K)
[2271.822s][info ][gc,heap      ] GC(876) CMS: 413273K->413369K(602112K)
[2271.822s][info ][gc,metaspace ] GC(876) Metaspace: 63291K->63291K(1107968K)
[2271.822s][info ][gc           ] GC(876) Pause Young (Allocation Failure) 640M->405M(852M) 3.150ms
[2271.823s][info ][gc,cpu       ] GC(876) User=0.02s Sys=0.00s Real=0.01s
[2271.823s][info ][safepoint    ] Leaving safepoint region
[2271.823s][info ][safepoint    ] Total time for which application threads were stopped: 0.0032993 seconds, Stopping threads took: 0.0000173 seconds
[2273.823s][info ][safepoint    ] Application time: 2.0001650 seconds
[2273.823s][info ][safepoint    ] Entering safepoint region: Cleanup
[2273.823s][info ][safepoint    ] Leaving safepoint region
[2273.823s][info ][safepoint    ] Total time for which application threads were stopped: 0.0001111 seconds, Stopping threads took: 0.0000457 seconds
[2275.519s][info ][safepoint    ] Application time: 1.6963818 seconds
[2275.519s][info ][safepoint    ] Entering safepoint region: GenCollectForAllocation
[2275.519s][info ][gc,start     ] GC(877) Pause Young (Allocation Failure)
[2275.519s][info ][gc,task      ] GC(877) Using 4 workers of 4 for evacuation
[2275.523s][debug][gc,ref       ] GC(877) Skipped phase1 of Reference Processing due to unavailable references
[2275.523s][debug][gc,ref       ] GC(877) Skipped phase2 of Reference Processing due to unavailable references
[2275.523s][debug][gc,ref       ] GC(877) Skipped phase3 of Reference Processing due to unavailable references
[2275.523s][debug][gc,ref       ] GC(877) Skipped phase4 of Reference Processing due to unavailable references
[2275.523s][debug][gc,age       ] GC(877) Desired survivor size 15400960 bytes, new threshold 6 (max threshold 6)
[2275.523s][info ][gc,heap      ] GC(877) ParNew: 242561K->1609K(270976K)
[2275.523s][info ][gc,heap      ] GC(877) CMS: 413369K->413450K(602112K)
[2275.523s][info ][gc,metaspace ] GC(877) Metaspace: 63291K->63291K(1107968K)
[2275.523s][info ][gc           ] GC(877) Pause Young (Allocation Failure) 640M->405M(852M) 3.559ms
[2275.523s][info ][gc,cpu       ] GC(877) User=0.01s Sys=0.00s Real=0.01s
[2275.523s][info ][safepoint    ] Leaving safepoint region
[2275.523s][info ][safepoint    ] Total time for which application threads were stopped: 0.0037902 seconds, Stopping threads took: 0.0000162 seconds
[2279.019s][info ][safepoint    ] Application time: 3.4961350 seconds
[2279.019s][info ][safepoint    ] Entering safepoint region: GenCollectForAllocation
[2279.019s][info ][gc,start     ] GC(878) Pause Young (Allocation Failure)
[2279.019s][info ][gc,task      ] GC(878) Using 4 workers of 4 for evacuation
[2279.022s][debug][gc,ref       ] GC(878) Skipped phase1 of Reference Processing due to unavailable references
[2279.022s][debug][gc,ref       ] GC(878) Skipped phase2 of Reference Processing due to unavailable references
[2279.022s][debug][gc,ref       ] GC(878) Skipped phase3 of Reference Processing due to unavailable references
[2279.022s][debug][gc,ref       ] GC(878) Skipped phase4 of Reference Processing due to unavailable references
[2279.022s][debug][gc,age       ] GC(878) Desired survivor size 15400960 bytes, new threshold 6 (max threshold 6)
[2279.022s][info ][gc,heap      ] GC(878) ParNew: 242505K->1545K(270976K)
[2279.022s][info ][gc,heap      ] GC(878) CMS: 413450K->413544K(602112K)
[2279.022s][info ][gc,metaspace ] GC(878) Metaspace: 63291K->63291K(1107968K)
[2279.022s][info ][gc           ] GC(878) Pause Young (Allocation Failure) 640M->405M(852M) 3.011ms
[2279.022s][info ][gc,cpu       ] GC(878) User=0.00s Sys=0.00s Real=0.01s
[2279.022s][info ][safepoint    ] Leaving safepoint region
[2279.022s][info ][safepoint    ] Total time for which application threads were stopped: 0.0032435 seconds, Stopping threads took: 0.0000963 seconds
[2281.023s][info ][safepoint    ] Application time: 2.0002086 seconds
[2281.023s][info ][safepoint    ] Entering safepoint region: Cleanup
[2281.023s][info ][safepoint    ] Leaving safepoint region
[2281.023s][info ][safepoint    ] Total time for which application threads were stopped: 0.0001133 seconds, Stopping threads took: 0.0000472 seconds
[2282.672s][info ][safepoint    ] Application time: 1.6495343 seconds
[2282.672s][info ][safepoint    ] Entering safepoint region: GenCollectForAllocation
[2282.673s][info ][gc,start     ] GC(879) Pause Young (Allocation Failure)
[2282.673s][info ][gc,task      ] GC(879) Using 4 workers of 4 for evacuation
[2282.676s][debug][gc,ref       ] GC(879) Skipped phase1 of Reference Processing due to unavailable references
[2282.676s][debug][gc,ref       ] GC(879) Skipped phase2 of Reference Processing due to unavailable references
[2282.676s][debug][gc,ref       ] GC(879) Skipped phase3 of Reference Processing due to unavailable references
[2282.676s][debug][gc,ref       ] GC(879) Skipped phase4 of Reference Processing due to unavailable references
[2282.676s][debug][gc,age       ] GC(879) Desired survivor size 15400960 bytes, new threshold 6 (max threshold 6)
[2282.676s][info ][gc,heap      ] GC(879) ParNew: 242441K->1489K(270976K)
[2282.676s][info ][gc,heap      ] GC(879) CMS: 413544K->413661K(602112K)
[2282.676s][info ][gc,metaspace ] GC(879) Metaspace: 63291K->63291K(1107968K)
[2282.676s][info ][gc           ] GC(879) Pause Young (Allocation Failure) 640M->405M(852M) 3.359ms
[2282.676s][info ][gc,cpu       ] GC(879) User=0.01s Sys=0.00s Real=0.00s
[2282.676s][info ][safepoint    ] Leaving safepoint region
[2282.676s][info ][safepoint    ] Total time for which application threads were stopped: 0.0035417 seconds, Stopping threads took: 0.0000158 seconds
[2286.303s][info ][safepoint    ] Application time: 3.6268450 seconds
[2286.303s][info ][safepoint    ] Entering safepoint region: GenCollectForAllocation
[2286.303s][info ][gc,start     ] GC(880) Pause Young (Allocation Failure)
[2286.303s][info ][gc,task      ] GC(880) Using 4 workers of 4 for evacuation
[2286.305s][debug][gc,ref       ] GC(880) Skipped phase1 of Reference Processing due to unavailable references
[2286.306s][debug][gc,ref       ] GC(880) Skipped phase2 of Reference Processing due to unavailable references
[2286.306s][debug][gc,ref       ] GC(880) Skipped phase3 of Reference Processing due to unavailable references
[2286.306s][debug][gc,ref       ] GC(880) Skipped phase4 of Reference Processing due to unavailable references
[2286.306s][debug][gc,age       ] GC(880) Desired survivor size 15400960 bytes, new threshold 6 (max threshold 6)
[2286.306s][info ][gc,heap      ] GC(880) ParNew: 242385K->1536K(270976K)
[2286.306s][info ][gc,heap      ] GC(880) CMS: 413661K->413731K(602112K)
[2286.306s][info ][gc,metaspace ] GC(880) Metaspace: 63291K->63291K(1107968K)
[2286.306s][info ][gc           ] GC(880) Pause Young (Allocation Failure) 640M->405M(852M) 2.811ms
[2286.306s][info ][gc,cpu       ] GC(880) User=0.01s Sys=0.00s Real=0.00s
[2286.306s][info ][safepoint    ] Leaving safepoint region
[2286.306s][info ][safepoint    ] Total time for which application threads were stopped: 0.0030010 seconds, Stopping threads took: 0.0000206 seconds
[2289.857s][info ][safepoint    ] Application time: 3.5514172 seconds
[2289.857s][info ][safepoint    ] Entering safepoint region: GenCollectForAllocation
[2289.858s][info ][gc,start     ] GC(881) Pause Young (Allocation Failure)
[2289.858s][info ][gc,task      ] GC(881) Using 4 workers of 4 for evacuation
[2289.861s][debug][gc,ref       ] GC(881) Skipped phase1 of Reference Processing due to unavailable references
[2289.861s][debug][gc,ref       ] GC(881) Skipped phase2 of Reference Processing due to unavailable references
[2289.861s][debug][gc,ref       ] GC(881) Skipped phase3 of Reference Processing due to unavailable references
[2289.861s][debug][gc,ref       ] GC(881) Skipped phase4 of Reference Processing due to unavailable references
[2289.861s][debug][gc,age       ] GC(881) Desired survivor size 15400960 bytes, new threshold 6 (max threshold 6)
[2289.861s][info ][gc,heap      ] GC(881) ParNew: 242430K->1439K(270976K)
[2289.861s][info ][gc,heap      ] GC(881) CMS: 413731K->413843K(602112K)
[2289.861s][info ][gc,metaspace ] GC(881) Metaspace: 63291K->63291K(1107968K)
[2289.861s][info ][gc           ] GC(881) Pause Young (Allocation Failure) 640M->405M(852M) 3.559ms
[2289.861s][info ][gc,cpu       ] GC(881) User=0.01s Sys=0.00s Real=0.01s
[2289.861s][info ][safepoint    ] Leaving safepoint region
[2289.861s][info ][safepoint    ] Total time for which application threads were stopped: 0.0037987 seconds, Stopping threads took: 0.0000311 seconds
[2291.861s][info ][safepoint    ] Application time: 2.0001408 seconds
[2291.861s][info ][safepoint    ] Entering safepoint region: Cleanup
[2291.861s][info ][safepoint    ] Leaving safepoint region
[2291.861s][info ][safepoint    ] Total time for which application threads were stopped: 0.0000764 seconds, Stopping threads took: 0.0000161 seconds
[2293.469s][info ][safepoint    ] Application time: 1.6076083 seconds
[2293.469s][info ][safepoint    ] Entering safepoint region: GenCollectForAllocation
[2293.469s][info ][gc,start     ] GC(882) Pause Young (Allocation Failure)
[2293.469s][info ][gc,task      ] GC(882) Using 4 workers of 4 for evacuation
[2293.472s][debug][gc,ref       ] GC(882) Skipped phase1 of Reference Processing due to unavailable references
[2293.472s][debug][gc,ref       ] GC(882) Skipped phase2 of Reference Processing due to unavailable references
[2293.472s][debug][gc,ref       ] GC(882) Skipped phase3 of Reference Processing due to unavailable references
[2293.472s][debug][gc,ref       ] GC(882) Skipped phase4 of Reference Processing due to unavailable references
[2293.472s][debug][gc,age       ] GC(882) Desired survivor size 15400960 bytes, new threshold 6 (max threshold 6)
[2293.472s][info ][gc,heap      ] GC(882) ParNew: 242335K->1587K(270976K)
[2293.472s][info ][gc,heap      ] GC(882) CMS: 413843K->414036K(602112K)
[2293.472s][info ][gc,metaspace ] GC(882) Metaspace: 63291K->63291K(1107968K)
[2293.472s][info ][gc           ] GC(882) Pause Young (Allocation Failure) 640M->405M(852M) 2.597ms
[2293.472s][info ][gc,cpu       ] GC(882) User=0.01s Sys=0.00s Real=0.00s
[2293.472s][info ][safepoint    ] Leaving safepoint region
[2293.472s][info ][safepoint    ] Total time for which application threads were stopped: 0.0028145 seconds, Stopping threads took: 0.0000540 seconds
[2297.023s][info ][safepoint    ] Application time: 3.5513423 seconds
[2297.023s][info ][safepoint    ] Entering safepoint region: GenCollectForAllocation
[2297.023s][info ][gc,start     ] GC(883) Pause Young (Allocation Failure)
[2297.023s][info ][gc,task      ] GC(883) Using 4 workers of 4 for evacuation
[2297.028s][debug][gc,ref       ] GC(883) Skipped phase1 of Reference Processing due to unavailable references
[2297.028s][debug][gc,ref       ] GC(883) Skipped phase2 of Reference Processing due to unavailable references
[2297.028s][debug][gc,ref       ] GC(883) Skipped phase3 of Reference Processing due to unavailable references
[2297.028s][debug][gc,ref       ] GC(883) Skipped phase4 of Reference Processing due to unavailable references
[2297.028s][debug][gc,age       ] GC(883) Desired survivor size 15400960 bytes, new threshold 6 (max threshold 6)
[2297.028s][info ][gc,heap      ] GC(883) ParNew: 242483K->1353K(270976K)
[2297.028s][info ][gc,heap      ] GC(883) CMS: 414036K->414107K(602112K)
[2297.028s][info ][gc,metaspace ] GC(883) Metaspace: 63291K->63291K(1107968K)
[2297.028s][info ][gc           ] GC(883) Pause Young (Allocation Failure) 641M->405M(852M) 4.572ms
[2297.028s][info ][gc,cpu       ] GC(883) User=0.01s Sys=0.01s Real=0.00s
[2297.028s][info ][safepoint    ] Leaving safepoint region
[2297.028s][info ][safepoint    ] Total time for which application threads were stopped: 0.0047889 seconds, Stopping threads took: 0.0000443 seconds
[2300.472s][info ][safepoint    ] Application time: 3.4444006 seconds
[2300.473s][info ][safepoint    ] Entering safepoint region: GenCollectForAllocation
[2300.473s][info ][gc,start     ] GC(884) Pause Young (Allocation Failure)
[2300.473s][info ][gc,task      ] GC(884) Using 4 workers of 4 for evacuation
[2300.475s][debug][gc,ref       ] GC(884) Skipped phase1 of Reference Processing due to unavailable references
[2300.475s][debug][gc,ref       ] GC(884) Skipped phase2 of Reference Processing due to unavailable references
[2300.475s][debug][gc,ref       ] GC(884) Skipped phase3 of Reference Processing due to unavailable references
[2300.475s][debug][gc,ref       ] GC(884) Skipped phase4 of Reference Processing due to unavailable references
[2300.475s][debug][gc,age       ] GC(884) Desired survivor size 15400960 bytes, new threshold 6 (max threshold 6)
[2300.475s][info ][gc,heap      ] GC(884) ParNew: 242249K->1158K(270976K)
[2300.475s][info ][gc,heap      ] GC(884) CMS: 414107K->414227K(602112K)
[2300.475s][info ][gc,metaspace ] GC(884) Metaspace: 63291K->63291K(1107968K)
[2300.475s][info ][gc           ] GC(884) Pause Young (Allocation Failure) 640M->405M(852M) 2.638ms
[2300.475s][info ][gc,cpu       ] GC(884) User=0.01s Sys=0.00s Real=0.00s
[2300.475s][info ][safepoint    ] Leaving safepoint region
[2300.475s][info ][safepoint    ] Total time for which application threads were stopped: 0.0028930 seconds, Stopping threads took: 0.0000842 seconds
[2303.970s][info ][safepoint    ] Application time: 3.4944097 seconds
[2303.970s][info ][safepoint    ] Entering safepoint region: GenCollectForAllocation
[2303.970s][info ][gc,start     ] GC(885) Pause Young (Allocation Failure)
[2303.970s][info ][gc,task      ] GC(885) Using 4 workers of 4 for evacuation
[2303.974s][debug][gc,ref       ] GC(885) Skipped phase1 of Reference Processing due to unavailable references
[2303.974s][debug][gc,ref       ] GC(885) Skipped phase2 of Reference Processing due to unavailable references
[2303.974s][debug][gc,ref       ] GC(885) Skipped phase3 of Reference Processing due to unavailable references
[2303.974s][debug][gc,ref       ] GC(885) Skipped phase4 of Reference Processing due to unavailable references
[2303.974s][debug][gc,age       ] GC(885) Desired survivor size 15400960 bytes, new threshold 6 (max threshold 6)
[2303.974s][info ][gc,heap      ] GC(885) ParNew: 242054K->1445K(270976K)
[2303.974s][info ][gc,heap      ] GC(885) CMS: 414227K->414302K(602112K)
[2303.974s][info ][gc,metaspace ] GC(885) Metaspace: 63291K->63291K(1107968K)
[2303.974s][info ][gc           ] GC(885) Pause Young (Allocation Failure) 640M->406M(852M) 3.968ms
[2303.974s][info ][gc,cpu       ] GC(885) User=0.01s Sys=0.00s Real=0.00s
[2303.974s][info ][safepoint    ] Leaving safepoint region
[2303.974s][info ][safepoint    ] Total time for which application threads were stopped: 0.0041178 seconds, Stopping threads took: 0.0000163 seconds
[2307.425s][info ][safepoint    ] Application time: 3.4511929 seconds
[2307.425s][info ][safepoint    ] Entering safepoint region: GenCollectForAllocation
[2307.425s][info ][gc,start     ] GC(886) Pause Young (Allocation Failure)
[2307.425s][info ][gc,task      ] GC(886) Using 4 workers of 4 for evacuation
[2307.428s][debug][gc,ref       ] GC(886) Skipped phase1 of Reference Processing due to unavailable references
[2307.428s][debug][gc,ref       ] GC(886) Skipped phase2 of Reference Processing due to unavailable references
[2307.428s][debug][gc,ref       ] GC(886) Skipped phase3 of Reference Processing due to unavailable references
[2307.428s][debug][gc,ref       ] GC(886) Skipped phase4 of Reference Processing due to unavailable references
[2307.429s][debug][gc,age       ] GC(886) Desired survivor size 15400960 bytes, new threshold 6 (max threshold 6)
[2307.429s][info ][gc,heap      ] GC(886) ParNew: 242341K->1337K(270976K)
[2307.429s][info ][gc,heap      ] GC(886) CMS: 414302K->414333K(602112K)
[2307.429s][info ][gc,metaspace ] GC(886) Metaspace: 63291K->63291K(1107968K)
[2307.429s][info ][gc           ] GC(886) Pause Young (Allocation Failure) 641M->405M(852M) 3.272ms
[2307.429s][info ][gc,cpu       ] GC(886) User=0.01s Sys=0.00s Real=0.01s
[2307.429s][info ][safepoint    ] Leaving safepoint region
[2307.429s][info ][safepoint    ] Total time for which application threads were stopped: 0.0034479 seconds, Stopping threads took: 0.0000170 seconds
[2310.826s][info ][safepoint    ] Application time: 3.3972753 seconds
[2310.826s][info ][safepoint    ] Entering safepoint region: GenCollectForAllocation
[2310.826s][info ][gc,start     ] GC(887) Pause Young (Allocation Failure)
[2310.826s][info ][gc,task      ] GC(887) Using 4 workers of 4 for evacuation
[2310.828s][debug][gc,ref       ] GC(887) Skipped phase1 of Reference Processing due to unavailable references
[2310.828s][debug][gc,ref       ] GC(887) Skipped phase2 of Reference Processing due to unavailable references
[2310.828s][debug][gc,ref       ] GC(887) Skipped phase3 of Reference Processing due to unavailable references
[2310.828s][debug][gc,ref       ] GC(887) Skipped phase4 of Reference Processing due to unavailable references
[2310.829s][debug][gc,age       ] GC(887) Desired survivor size 15400960 bytes, new threshold 6 (max threshold 6)
[2310.829s][info ][gc,heap      ] GC(887) ParNew: 242233K->1347K(270976K)
[2310.829s][info ][gc,heap      ] GC(887) CMS: 414333K->414456K(602112K)
[2310.829s][info ][gc,metaspace ] GC(887) Metaspace: 63291K->63291K(1107968K)
[2310.829s][info ][gc           ] GC(887) Pause Young (Allocation Failure) 641M->406M(852M) 2.618ms
[2310.829s][info ][gc,cpu       ] GC(887) User=0.01s Sys=0.00s Real=0.01s
[2310.829s][info ][safepoint    ] Leaving safepoint region
[2310.829s][info ][safepoint    ] Total time for which application threads were stopped: 0.0027658 seconds, Stopping threads took: 0.0000171 seconds
[2312.829s][info ][safepoint    ] Application time: 2.0002043 seconds
[2312.829s][info ][safepoint    ] Entering safepoint region: Cleanup
[2312.829s][info ][safepoint    ] Leaving safepoint region
[2312.829s][info ][safepoint    ] Total time for which application threads were stopped: 0.0000788 seconds, Stopping threads took: 0.0000167 seconds
[2314.170s][info ][safepoint    ] Application time: 1.3406074 seconds
[2314.170s][info ][safepoint    ] Entering safepoint region: GenCollectForAllocation
[2314.170s][info ][gc,start     ] GC(888) Pause Young (Allocation Failure)
[2314.170s][info ][gc,task      ] GC(888) Using 4 workers of 4 for evacuation
[2314.172s][debug][gc,ref       ] GC(888) Skipped phase1 of Reference Processing due to unavailable references
[2314.172s][debug][gc,ref       ] GC(888) Skipped phase2 of Reference Processing due to unavailable references
[2314.172s][debug][gc,ref       ] GC(888) Skipped phase3 of Reference Processing due to unavailable references
[2314.172s][debug][gc,ref       ] GC(888) Skipped phase4 of Reference Processing due to unavailable references
[2314.173s][debug][gc,age       ] GC(888) Desired survivor size 15400960 bytes, new threshold 6 (max threshold 6)
[2314.173s][info ][gc,heap      ] GC(888) ParNew: 242243K->1354K(270976K)
[2314.173s][info ][gc,heap      ] GC(888) CMS: 414456K->414516K(602112K)
[2314.173s][info ][gc,metaspace ] GC(888) Metaspace: 63291K->63291K(1107968K)
[2314.173s][info ][gc           ] GC(888) Pause Young (Allocation Failure) 641M->406M(852M) 2.876ms
[2314.173s][info ][gc,cpu       ] GC(888) User=0.01s Sys=0.00s Real=0.00s
[2314.173s][info ][safepoint    ] Leaving safepoint region
[2314.173s][info ][safepoint    ] Total time for which application threads were stopped: 0.0030669 seconds, Stopping threads took: 0.0000424 seconds
[2317.669s][info ][safepoint    ] Application time: 3.4965357 seconds
[2317.669s][info ][safepoint    ] Entering safepoint region: GenCollectForAllocation
[2317.669s][info ][gc,start     ] GC(889) Pause Young (Allocation Failure)
[2317.669s][info ][gc,task      ] GC(889) Using 4 workers of 4 for evacuation
[2317.672s][debug][gc,ref       ] GC(889) Skipped phase1 of Reference Processing due to unavailable references
[2317.672s][debug][gc,ref       ] GC(889) Skipped phase2 of Reference Processing due to unavailable references
[2317.672s][debug][gc,ref       ] GC(889) Skipped phase3 of Reference Processing due to unavailable references
[2317.672s][debug][gc,ref       ] GC(889) Skipped phase4 of Reference Processing due to unavailable references
[2317.672s][debug][gc,age       ] GC(889) Desired survivor size 15400960 bytes, new threshold 6 (max threshold 6)
[2317.672s][info ][gc,heap      ] GC(889) ParNew: 242250K->1453K(270976K)
[2317.672s][info ][gc,heap      ] GC(889) CMS: 414516K->414545K(602112K)
[2317.672s][info ][gc,metaspace ] GC(889) Metaspace: 63291K->63291K(1107968K)
[2317.672s][info ][gc           ] GC(889) Pause Young (Allocation Failure) 641M->406M(852M) 2.560ms
[2317.672s][info ][gc,cpu       ] GC(889) User=0.01s Sys=0.00s Real=0.00s
[2317.672s][info ][safepoint    ] Leaving safepoint region
[2317.672s][info ][safepoint    ] Total time for which application threads were stopped: 0.0027427 seconds, Stopping threads took: 0.0000386 seconds
[2321.169s][info ][safepoint    ] Application time: 3.4971118 seconds
[2321.169s][info ][safepoint    ] Entering safepoint region: GenCollectForAllocation
[2321.169s][info ][gc,start     ] GC(890) Pause Young (Allocation Failure)
[2321.170s][info ][gc,task      ] GC(890) Using 4 workers of 4 for evacuation
[2321.172s][debug][gc,ref       ] GC(890) Skipped phase1 of Reference Processing due to unavailable references
[2321.172s][debug][gc,ref       ] GC(890) Skipped phase2 of Reference Processing due to unavailable references
[2321.172s][debug][gc,ref       ] GC(890) Skipped phase3 of Reference Processing due to unavailable references
[2321.172s][debug][gc,ref       ] GC(890) Skipped phase4 of Reference Processing due to unavailable references
[2321.173s][debug][gc,age       ] GC(890) Desired survivor size 15400960 bytes, new threshold 6 (max threshold 6)
[2321.173s][info ][gc,heap      ] GC(890) ParNew: 242349K->1282K(270976K)
[2321.173s][info ][gc,heap      ] GC(890) CMS: 414545K->414574K(602112K)
[2321.173s][info ][gc,metaspace ] GC(890) Metaspace: 63291K->63291K(1107968K)
[2321.173s][info ][gc           ] GC(890) Pause Young (Allocation Failure) 641M->406M(852M) 3.147ms
[2321.173s][info ][gc,cpu       ] GC(890) User=0.01s Sys=0.00s Real=0.00s
[2321.173s][info ][safepoint    ] Leaving safepoint region
[2321.173s][info ][safepoint    ] Total time for which application threads were stopped: 0.0034672 seconds, Stopping threads took: 0.0000677 seconds
[2324.773s][info ][safepoint    ] Application time: 3.6003577 seconds
[2324.773s][info ][safepoint    ] Entering safepoint region: GenCollectForAllocation
[2324.773s][info ][gc,start     ] GC(891) Pause Young (Allocation Failure)
[2324.773s][info ][gc,task      ] GC(891) Using 4 workers of 4 for evacuation
[2324.777s][debug][gc,ref       ] GC(891) Skipped phase1 of Reference Processing due to unavailable references
[2324.777s][debug][gc,ref       ] GC(891) Skipped phase2 of Reference Processing due to unavailable references
[2324.777s][debug][gc,ref       ] GC(891) Skipped phase3 of Reference Processing due to unavailable references
[2324.777s][debug][gc,ref       ] GC(891) Skipped phase4 of Reference Processing due to unavailable references
[2324.778s][debug][gc,age       ] GC(891) Desired survivor size 15400960 bytes, new threshold 6 (max threshold 6)
[2324.778s][info ][gc,heap      ] GC(891) ParNew: 242178K->1414K(270976K)
[2324.778s][info ][gc,heap      ] GC(891) CMS: 414574K->414650K(602112K)
[2324.778s][info ][gc,metaspace ] GC(891) Metaspace: 63291K->63291K(1107968K)
[2324.778s][info ][gc           ] GC(891) Pause Young (Allocation Failure) 641M->406M(852M) 4.298ms
[2324.778s][info ][gc,cpu       ] GC(891) User=0.02s Sys=0.00s Real=0.00s
[2324.778s][info ][safepoint    ] Leaving safepoint region
[2324.778s][info ][safepoint    ] Total time for which application threads were stopped: 0.0046242 seconds, Stopping threads took: 0.0000571 seconds
[2325.778s][info ][safepoint    ] Application time: 1.0001100 seconds
[2325.778s][info ][safepoint    ] Entering safepoint region: Cleanup
[2325.778s][info ][safepoint    ] Leaving safepoint region
[2325.778s][info ][safepoint    ] Total time for which application threads were stopped: 0.0002019 seconds, Stopping threads took: 0.0001038 seconds
[2328.421s][info ][safepoint    ] Application time: 2.6425934 seconds
[2328.421s][info ][safepoint    ] Entering safepoint region: GenCollectForAllocation
[2328.421s][info ][gc,start     ] GC(892) Pause Young (Allocation Failure)
[2328.421s][info ][gc,task      ] GC(892) Using 4 workers of 4 for evacuation
[2328.423s][debug][gc,ref       ] GC(892) Skipped phase1 of Reference Processing due to unavailable references
[2328.423s][debug][gc,ref       ] GC(892) Skipped phase2 of Reference Processing due to unavailable references
[2328.423s][debug][gc,ref       ] GC(892) Skipped phase3 of Reference Processing due to unavailable references
[2328.423s][debug][gc,ref       ] GC(892) Skipped phase4 of Reference Processing due to unavailable references
[2328.424s][debug][gc,age       ] GC(892) Desired survivor size 15400960 bytes, new threshold 6 (max threshold 6)
[2328.424s][info ][gc,heap      ] GC(892) ParNew: 242310K->1287K(270976K)
[2328.424s][info ][gc,heap      ] GC(892) CMS: 414650K->414771K(602112K)
[2328.424s][info ][gc,metaspace ] GC(892) Metaspace: 63291K->63291K(1107968K)
[2328.424s][info ][gc           ] GC(892) Pause Young (Allocation Failure) 641M->406M(852M) 2.770ms
[2328.424s][info ][gc,cpu       ] GC(892) User=0.01s Sys=0.00s Real=0.00s
[2328.424s][info ][safepoint    ] Leaving safepoint region
[2328.424s][info ][safepoint    ] Total time for which application threads were stopped: 0.0029377 seconds, Stopping threads took: 0.0000165 seconds
[2331.424s][info ][safepoint    ] Application time: 3.0002993 seconds
[2331.424s][info ][safepoint    ] Entering safepoint region: Cleanup
[2331.424s][info ][safepoint    ] Leaving safepoint region
[2331.424s][info ][safepoint    ] Total time for which application threads were stopped: 0.0001986 seconds, Stopping threads took: 0.0001155 seconds
[2332.074s][info ][safepoint    ] Application time: 0.6497959 seconds
[2332.074s][info ][safepoint    ] Entering safepoint region: GenCollectForAllocation
[2332.074s][info ][gc,start     ] GC(893) Pause Young (Allocation Failure)
[2332.074s][info ][gc,task      ] GC(893) Using 4 workers of 4 for evacuation
[2332.077s][debug][gc,ref       ] GC(893) Skipped phase1 of Reference Processing due to unavailable references
[2332.077s][debug][gc,ref       ] GC(893) Skipped phase2 of Reference Processing due to unavailable references
[2332.077s][debug][gc,ref       ] GC(893) Skipped phase3 of Reference Processing due to unavailable references
[2332.077s][debug][gc,ref       ] GC(893) Skipped phase4 of Reference Processing due to unavailable references
[2332.077s][debug][gc,age       ] GC(893) Desired survivor size 15400960 bytes, new threshold 6 (max threshold 6)
[2332.077s][info ][gc,heap      ] GC(893) ParNew: 242183K->1319K(270976K)
[2332.077s][info ][gc,heap      ] GC(893) CMS: 414771K->414830K(602112K)
[2332.077s][info ][gc,metaspace ] GC(893) Metaspace: 63291K->63291K(1107968K)
[2332.077s][info ][gc           ] GC(893) Pause Young (Allocation Failure) 641M->406M(852M) 2.767ms
[2332.077s][info ][gc,cpu       ] GC(893) User=0.01s Sys=0.00s Real=0.00s
[2332.077s][info ][safepoint    ] Leaving safepoint region
[2332.077s][info ][safepoint    ] Total time for which application threads were stopped: 0.0029365 seconds, Stopping threads took: 0.0000147 seconds
[2333.077s][info ][safepoint    ] Application time: 1.0001119 seconds
[2333.077s][info ][safepoint    ] Entering safepoint region: Cleanup
[2333.077s][info ][safepoint    ] Leaving safepoint region
[2333.077s][info ][safepoint    ] Total time for which application threads were stopped: 0.0001289 seconds, Stopping threads took: 0.0000622 seconds
[2335.775s][info ][safepoint    ] Application time: 2.6973966 seconds
[2335.775s][info ][safepoint    ] Entering safepoint region: GenCollectForAllocation
[2335.775s][info ][gc,start     ] GC(894) Pause Young (Allocation Failure)
[2335.775s][info ][gc,task      ] GC(894) Using 4 workers of 4 for evacuation
[2335.778s][debug][gc,ref       ] GC(894) Skipped phase1 of Reference Processing due to unavailable references
[2335.778s][debug][gc,ref       ] GC(894) Skipped phase2 of Reference Processing due to unavailable references
[2335.778s][debug][gc,ref       ] GC(894) Skipped phase3 of Reference Processing due to unavailable references
[2335.778s][debug][gc,ref       ] GC(894) Skipped phase4 of Reference Processing due to unavailable references
[2335.778s][debug][gc,age       ] GC(894) Desired survivor size 15400960 bytes, new threshold 6 (max threshold 6)
[2335.778s][info ][gc,heap      ] GC(894) ParNew: 242215K->1509K(270976K)
[2335.778s][info ][gc,heap      ] GC(894) CMS: 414830K->414892K(602112K)
[2335.778s][info ][gc,metaspace ] GC(894) Metaspace: 63291K->63291K(1107968K)
[2335.778s][info ][gc           ] GC(894) Pause Young (Allocation Failure) 641M->406M(852M) 3.250ms
[2335.778s][info ][gc,cpu       ] GC(894) User=0.02s Sys=0.00s Real=0.00s
[2335.778s][info ][safepoint    ] Leaving safepoint region
[2335.778s][info ][safepoint    ] Total time for which application threads were stopped: 0.0034193 seconds, Stopping threads took: 0.0000214 seconds
[2339.418s][info ][safepoint    ] Application time: 3.6397441 seconds
[2339.418s][info ][safepoint    ] Entering safepoint region: GenCollectForAllocation
[2339.418s][info ][gc,start     ] GC(895) Pause Young (Allocation Failure)
[2339.418s][info ][gc,task      ] GC(895) Using 4 workers of 4 for evacuation
[2339.421s][debug][gc,ref       ] GC(895) Skipped phase1 of Reference Processing due to unavailable references
[2339.421s][debug][gc,ref       ] GC(895) Skipped phase2 of Reference Processing due to unavailable references
[2339.421s][debug][gc,ref       ] GC(895) Skipped phase3 of Reference Processing due to unavailable references
[2339.421s][debug][gc,ref       ] GC(895) Skipped phase4 of Reference Processing due to unavailable references
[2339.421s][debug][gc,age       ] GC(895) Desired survivor size 15400960 bytes, new threshold 6 (max threshold 6)
[2339.421s][info ][gc,heap      ] GC(895) ParNew: 242405K->1468K(270976K)
[2339.421s][info ][gc,heap      ] GC(895) CMS: 414892K->414990K(602112K)
[2339.421s][info ][gc,metaspace ] GC(895) Metaspace: 63291K->63291K(1107968K)
[2339.421s][info ][gc           ] GC(895) Pause Young (Allocation Failure) 641M->406M(852M) 2.775ms
[2339.421s][info ][gc,cpu       ] GC(895) User=0.01s Sys=0.00s Real=0.01s
[2339.421s][info ][safepoint    ] Leaving safepoint region
[2339.421s][info ][safepoint    ] Total time for which application threads were stopped: 0.0029613 seconds, Stopping threads took: 0.0000373 seconds
[2340.421s][info ][safepoint    ] Application time: 1.0001271 seconds
[2340.421s][info ][safepoint    ] Entering safepoint region: Cleanup
[2340.421s][info ][safepoint    ] Leaving safepoint region
[2340.421s][info ][safepoint    ] Total time for which application threads were stopped: 0.0001347 seconds, Stopping threads took: 0.0000578 seconds
[2343.122s][info ][safepoint    ] Application time: 2.7011070 seconds
[2343.122s][info ][safepoint    ] Entering safepoint region: GenCollectForAllocation
[2343.123s][info ][gc,start     ] GC(896) Pause Young (Allocation Failure)
[2343.123s][info ][gc,task      ] GC(896) Using 4 workers of 4 for evacuation
[2343.128s][debug][gc,ref       ] GC(896) Skipped phase1 of Reference Processing due to unavailable references
[2343.128s][debug][gc,ref       ] GC(896) Skipped phase2 of Reference Processing due to unavailable references
[2343.128s][debug][gc,ref       ] GC(896) Skipped phase3 of Reference Processing due to unavailable references
[2343.128s][debug][gc,ref       ] GC(896) Skipped phase4 of Reference Processing due to unavailable references
[2343.129s][debug][gc,age       ] GC(896) Desired survivor size 15400960 bytes, new threshold 6 (max threshold 6)
[2343.129s][info ][gc,heap      ] GC(896) ParNew: 242364K->1318K(270976K)
[2343.129s][info ][gc,heap      ] GC(896) CMS: 414990K->415268K(602112K)
[2343.129s][info ][gc,metaspace ] GC(896) Metaspace: 63291K->63291K(1107968K)
[2343.129s][info ][gc           ] GC(896) Pause Young (Allocation Failure) 641M->406M(852M) 6.100ms
[2343.129s][info ][gc,cpu       ] GC(896) User=0.02s Sys=0.00s Real=0.01s
[2343.129s][info ][safepoint    ] Leaving safepoint region
[2343.129s][info ][safepoint    ] Total time for which application threads were stopped: 0.0063806 seconds, Stopping threads took: 0.0000468 seconds
[2346.132s][info ][safepoint    ] Application time: 3.0031394 seconds
[2346.132s][info ][safepoint    ] Entering safepoint region: Cleanup
[2346.132s][info ][safepoint    ] Leaving safepoint region
[2346.132s][info ][safepoint    ] Total time for which application threads were stopped: 0.0001426 seconds, Stopping threads took: 0.0000566 seconds
[2346.583s][info ][safepoint    ] Application time: 0.4505200 seconds
[2346.583s][info ][safepoint    ] Entering safepoint region: GenCollectForAllocation
[2346.583s][info ][gc,start     ] GC(897) Pause Young (Allocation Failure)
[2346.583s][info ][gc,task      ] GC(897) Using 4 workers of 4 for evacuation
[2346.585s][debug][gc,ref       ] GC(897) Skipped phase1 of Reference Processing due to unavailable references
[2346.585s][debug][gc,ref       ] GC(897) Skipped phase3 of Reference Processing due to unavailable references
[2346.586s][debug][gc,age       ] GC(897) Desired survivor size 15400960 bytes, new threshold 6 (max threshold 6)
[2346.586s][info ][gc,heap      ] GC(897) ParNew: 242214K->1671K(270976K)
[2346.586s][info ][gc,heap      ] GC(897) CMS: 415268K->415313K(602112K)
[2346.586s][info ][gc,metaspace ] GC(897) Metaspace: 63291K->63291K(1107968K)
[2346.586s][info ][gc           ] GC(897) Pause Young (Allocation Failure) 642M->407M(852M) 2.875ms
[2346.586s][info ][gc,cpu       ] GC(897) User=0.01s Sys=0.00s Real=0.00s
[2346.586s][info ][safepoint    ] Leaving safepoint region
[2346.586s][info ][safepoint    ] Total time for which application threads were stopped: 0.0030666 seconds, Stopping threads took: 0.0000155 seconds
[2349.829s][info ][safepoint    ] Application time: 3.2428770 seconds
[2349.829s][info ][safepoint    ] Entering safepoint region: GenCollectForAllocation
[2349.829s][info ][gc,start     ] GC(898) Pause Young (Allocation Failure)
[2349.829s][info ][gc,task      ] GC(898) Using 4 workers of 4 for evacuation
[2349.831s][debug][gc,ref       ] GC(898) Skipped phase1 of Reference Processing due to unavailable references
[2349.831s][debug][gc,ref       ] GC(898) Skipped phase3 of Reference Processing due to unavailable references
[2349.832s][debug][gc,age       ] GC(898) Desired survivor size 15400960 bytes, new threshold 6 (max threshold 6)
[2349.832s][info ][gc,heap      ] GC(898) ParNew: 242567K->2367K(270976K)
[2349.832s][info ][gc,heap      ] GC(898) CMS: 415313K->415356K(602112K)
[2349.832s][info ][gc,metaspace ] GC(898) Metaspace: 63291K->63291K(1107968K)
[2349.832s][info ][gc           ] GC(898) Pause Young (Allocation Failure) 642M->407M(852M) 2.966ms
[2349.832s][info ][gc,cpu       ] GC(898) User=0.01s Sys=0.00s Real=0.00s
[2349.832s][info ][safepoint    ] Leaving safepoint region
[2349.832s][info ][safepoint    ] Total time for which application threads were stopped: 0.0031494 seconds, Stopping threads took: 0.0000167 seconds
[2351.832s][info ][safepoint    ] Application time: 2.0001835 seconds
[2351.832s][info ][safepoint    ] Entering safepoint region: Cleanup
[2351.832s][info ][safepoint    ] Leaving safepoint region
[2351.832s][info ][safepoint    ] Total time for which application threads were stopped: 0.0001529 seconds, Stopping threads took: 0.0000462 seconds
[2353.527s][info ][safepoint    ] Application time: 1.6946661 seconds
[2353.527s][info ][safepoint    ] Entering safepoint region: GenCollectForAllocation
[2353.527s][info ][gc,start     ] GC(899) Pause Young (Allocation Failure)
[2353.527s][info ][gc,task      ] GC(899) Using 4 workers of 4 for evacuation
[2353.531s][debug][gc,ref       ] GC(899) Skipped phase1 of Reference Processing due to unavailable references
[2353.531s][debug][gc,ref       ] GC(899) Skipped phase3 of Reference Processing due to unavailable references
[2353.531s][debug][gc,age       ] GC(899) Desired survivor size 15400960 bytes, new threshold 6 (max threshold 6)
[2353.531s][info ][gc,heap      ] GC(899) ParNew: 243263K->2156K(270976K)
[2353.531s][info ][gc,heap      ] GC(899) CMS: 415356K->415502K(602112K)
[2353.531s][info ][gc,metaspace ] GC(899) Metaspace: 63292K->63292K(1107968K)
[2353.531s][info ][gc           ] GC(899) Pause Young (Allocation Failure) 643M->407M(852M) 3.982ms
[2353.531s][info ][gc,cpu       ] GC(899) User=0.02s Sys=0.00s Real=0.01s
[2353.531s][info ][safepoint    ] Leaving safepoint region
[2353.531s][info ][safepoint    ] Total time for which application threads were stopped: 0.0041757 seconds, Stopping threads took: 0.0000327 seconds
[2355.531s][info ][safepoint    ] Application time: 2.0001709 seconds
[2355.531s][info ][safepoint    ] Entering safepoint region: Cleanup
[2355.531s][info ][safepoint    ] Leaving safepoint region
[2355.531s][info ][safepoint    ] Total time for which application threads were stopped: 0.0000777 seconds, Stopping threads took: 0.0000171 seconds
[2357.097s][info ][safepoint    ] Application time: 1.5653697 seconds
[2357.097s][info ][safepoint    ] Entering safepoint region: GenCollectForAllocation
[2357.097s][info ][gc,start     ] GC(900) Pause Young (Allocation Failure)
[2357.097s][info ][gc,task      ] GC(900) Using 4 workers of 4 for evacuation
[2357.100s][debug][gc,ref       ] GC(900) Skipped phase1 of Reference Processing due to unavailable references
[2357.100s][debug][gc,ref       ] GC(900) Skipped phase3 of Reference Processing due to unavailable references
[2357.100s][debug][gc,age       ] GC(900) Desired survivor size 15400960 bytes, new threshold 6 (max threshold 6)
[2357.100s][info ][gc,heap      ] GC(900) ParNew: 243052K->2113K(270976K)
[2357.100s][info ][gc,heap      ] GC(900) CMS: 415502K->415580K(602112K)
[2357.100s][info ][gc,metaspace ] GC(900) Metaspace: 63292K->63292K(1107968K)
[2357.100s][info ][gc           ] GC(900) Pause Young (Allocation Failure) 643M->407M(852M) 3.054ms
[2357.100s][info ][gc,cpu       ] GC(900) User=0.01s Sys=0.00s Real=0.00s
[2357.100s][info ][safepoint    ] Leaving safepoint region
[2357.100s][info ][safepoint    ] Total time for which application threads were stopped: 0.0032655 seconds, Stopping threads took: 0.0000637 seconds
[2360.669s][info ][safepoint    ] Application time: 3.5693221 seconds
[2360.669s][info ][safepoint    ] Entering safepoint region: GenCollectForAllocation
[2360.670s][info ][gc,start     ] GC(901) Pause Young (Allocation Failure)
[2360.670s][info ][gc,task      ] GC(901) Using 4 workers of 4 for evacuation
[2360.672s][debug][gc,ref       ] GC(901) Skipped phase1 of Reference Processing due to unavailable references
[2360.672s][debug][gc,ref       ] GC(901) Skipped phase3 of Reference Processing due to unavailable references
[2360.673s][debug][gc,age       ] GC(901) Desired survivor size 15400960 bytes, new threshold 6 (max threshold 6)
[2360.673s][info ][gc,heap      ] GC(901) ParNew: 243009K->2083K(270976K)
[2360.673s][info ][gc,heap      ] GC(901) CMS: 415580K->415657K(602112K)
[2360.673s][info ][gc,metaspace ] GC(901) Metaspace: 63292K->63292K(1107968K)
[2360.673s][info ][gc           ] GC(901) Pause Young (Allocation Failure) 643M->407M(852M) 3.185ms
[2360.673s][info ][gc,cpu       ] GC(901) User=0.01s Sys=0.00s Real=0.00s
[2360.673s][info ][safepoint    ] Leaving safepoint region
[2360.673s][info ][safepoint    ] Total time for which application threads were stopped: 0.0034072 seconds, Stopping threads took: 0.0000850 seconds
[2364.170s][info ][safepoint    ] Application time: 3.4967653 seconds
[2364.170s][info ][safepoint    ] Entering safepoint region: GenCollectForAllocation
[2364.170s][info ][gc,start     ] GC(902) Pause Young (Allocation Failure)
[2364.170s][info ][gc,task      ] GC(902) Using 4 workers of 4 for evacuation
[2364.172s][debug][gc,ref       ] GC(902) Skipped phase1 of Reference Processing due to unavailable references
[2364.172s][debug][gc,ref       ] GC(902) Skipped phase3 of Reference Processing due to unavailable references
[2364.173s][debug][gc,age       ] GC(902) Desired survivor size 15400960 bytes, new threshold 6 (max threshold 6)
[2364.173s][info ][gc,heap      ] GC(902) ParNew: 242979K->2210K(270976K)
[2364.173s][info ][gc,heap      ] GC(902) CMS: 415657K->415706K(602112K)
[2364.173s][info ][gc,metaspace ] GC(902) Metaspace: 63292K->63292K(1107968K)
[2364.173s][info ][gc           ] GC(902) Pause Young (Allocation Failure) 643M->408M(852M) 2.964ms
[2364.173s][info ][gc,cpu       ] GC(902) User=0.01s Sys=0.00s Real=0.00s
[2364.173s][info ][safepoint    ] Leaving safepoint region
[2364.173s][info ][safepoint    ] Total time for which application threads were stopped: 0.0031642 seconds, Stopping threads took: 0.0000576 seconds
[2365.173s][info ][safepoint    ] Application time: 1.0001015 seconds
[2365.173s][info ][safepoint    ] Entering safepoint region: Cleanup
[2365.173s][info ][safepoint    ] Leaving safepoint region
[2365.173s][info ][safepoint    ] Total time for which application threads were stopped: 0.0001376 seconds, Stopping threads took: 0.0000602 seconds
[2367.677s][info ][safepoint    ] Application time: 2.5043604 seconds
[2367.677s][info ][safepoint    ] Entering safepoint region: GenCollectForAllocation
[2367.678s][info ][gc,start     ] GC(903) Pause Young (Allocation Failure)
[2367.678s][info ][gc,task      ] GC(903) Using 4 workers of 4 for evacuation
[2367.680s][debug][gc,ref       ] GC(903) Skipped phase1 of Reference Processing due to unavailable references
[2367.680s][debug][gc,ref       ] GC(903) Skipped phase2 of Reference Processing due to unavailable references
[2367.680s][debug][gc,ref       ] GC(903) Skipped phase3 of Reference Processing due to unavailable references
[2367.680s][debug][gc,ref       ] GC(903) Skipped phase4 of Reference Processing due to unavailable references
[2367.681s][debug][gc,age       ] GC(903) Desired survivor size 15400960 bytes, new threshold 6 (max threshold 6)
[2367.681s][info ][gc,heap      ] GC(903) ParNew: 243106K->1767K(270976K)
[2367.681s][info ][gc,heap      ] GC(903) CMS: 415706K->416025K(602112K)
[2367.681s][info ][gc,metaspace ] GC(903) Metaspace: 63292K->63292K(1107968K)
[2367.681s][info ][gc           ] GC(903) Pause Young (Allocation Failure) 643M->408M(852M) 3.140ms
[2367.681s][info ][gc,cpu       ] GC(903) User=0.01s Sys=0.00s Real=0.01s
[2367.681s][info ][safepoint    ] Leaving safepoint region
[2367.681s][info ][safepoint    ] Total time for which application threads were stopped: 0.0032878 seconds, Stopping threads took: 0.0000157 seconds
[2371.272s][info ][safepoint    ] Application time: 3.5909733 seconds
[2371.272s][info ][safepoint    ] Entering safepoint region: GenCollectForAllocation
[2371.272s][info ][gc,start     ] GC(904) Pause Young (Allocation Failure)
[2371.272s][info ][gc,task      ] GC(904) Using 4 workers of 4 for evacuation
[2371.275s][debug][gc,ref       ] GC(904) Skipped phase1 of Reference Processing due to unavailable references
[2371.275s][debug][gc,ref       ] GC(904) Skipped phase2 of Reference Processing due to unavailable references
[2371.275s][debug][gc,ref       ] GC(904) Skipped phase3 of Reference Processing due to unavailable references
[2371.275s][debug][gc,ref       ] GC(904) Skipped phase4 of Reference Processing due to unavailable references
[2371.275s][debug][gc,age       ] GC(904) Desired survivor size 15400960 bytes, new threshold 6 (max threshold 6)
[2371.275s][info ][gc,heap      ] GC(904) ParNew: 242663K->1484K(270976K)
[2371.275s][info ][gc,heap      ] GC(904) CMS: 416025K->416292K(602112K)
[2371.275s][info ][gc,metaspace ] GC(904) Metaspace: 63292K->63292K(1107968K)
[2371.276s][info ][gc           ] GC(904) Pause Young (Allocation Failure) 643M->407M(852M) 3.650ms
[2371.276s][info ][gc,cpu       ] GC(904) User=0.01s Sys=0.00s Real=0.00s
[2371.276s][info ][safepoint    ] Leaving safepoint region
[2371.276s][info ][safepoint    ] Total time for which application threads were stopped: 0.0038185 seconds, Stopping threads took: 0.0000331 seconds
[2373.276s][info ][safepoint    ] Application time: 2.0001708 seconds
[2373.276s][info ][safepoint    ] Entering safepoint region: Cleanup
[2373.276s][info ][safepoint    ] Leaving safepoint region
[2373.276s][info ][safepoint    ] Total time for which application threads were stopped: 0.0002095 seconds, Stopping threads took: 0.0000581 seconds
[2374.276s][info ][safepoint    ] Application time: 1.0001183 seconds
[2374.276s][info ][safepoint    ] Entering safepoint region: Cleanup
[2374.276s][info ][safepoint    ] Leaving safepoint region
[2374.276s][info ][safepoint    ] Total time for which application threads were stopped: 0.0001443 seconds, Stopping threads took: 0.0000624 seconds
[2374.722s][info ][safepoint    ] Application time: 0.4460537 seconds
[2374.722s][info ][safepoint    ] Entering safepoint region: GenCollectForAllocation
[2374.723s][info ][gc,start     ] GC(905) Pause Young (Allocation Failure)
[2374.723s][info ][gc,task      ] GC(905) Using 4 workers of 4 for evacuation
[2374.725s][debug][gc,ref       ] GC(905) Skipped phase1 of Reference Processing due to unavailable references
[2374.725s][debug][gc,ref       ] GC(905) Skipped phase2 of Reference Processing due to unavailable references
[2374.725s][debug][gc,ref       ] GC(905) Skipped phase3 of Reference Processing due to unavailable references
[2374.726s][debug][gc,ref       ] GC(905) Skipped phase4 of Reference Processing due to unavailable references
[2374.726s][debug][gc,age       ] GC(905) Desired survivor size 15400960 bytes, new threshold 6 (max threshold 6)
[2374.726s][info ][gc,heap      ] GC(905) ParNew: 242380K->1653K(270976K)
[2374.726s][info ][gc,heap      ] GC(905) CMS: 416292K->416356K(602112K)
[2374.726s][info ][gc,metaspace ] GC(905) Metaspace: 63292K->63292K(1107968K)
[2374.726s][info ][gc           ] GC(905) Pause Young (Allocation Failure) 643M->408M(852M) 3.298ms
[2374.726s][info ][gc,cpu       ] GC(905) User=0.02s Sys=0.00s Real=0.00s
[2374.726s][info ][safepoint    ] Leaving safepoint region
[2374.726s][info ][safepoint    ] Total time for which application threads were stopped: 0.0034707 seconds, Stopping threads took: 0.0000306 seconds
[2378.322s][info ][safepoint    ] Application time: 3.5963053 seconds
[2378.322s][info ][safepoint    ] Entering safepoint region: GenCollectForAllocation
[2378.322s][info ][gc,start     ] GC(906) Pause Young (Allocation Failure)
[2378.322s][info ][gc,task      ] GC(906) Using 4 workers of 4 for evacuation
[2378.326s][debug][gc,ref       ] GC(906) Skipped phase1 of Reference Processing due to unavailable references
[2378.326s][debug][gc,ref       ] GC(906) Skipped phase2 of Reference Processing due to unavailable references
[2378.326s][debug][gc,ref       ] GC(906) Skipped phase3 of Reference Processing due to unavailable references
[2378.326s][debug][gc,ref       ] GC(906) Skipped phase4 of Reference Processing due to unavailable references
[2378.327s][debug][gc,age       ] GC(906) Desired survivor size 15400960 bytes, new threshold 6 (max threshold 6)
[2378.327s][info ][gc,heap      ] GC(906) ParNew: 242549K->1363K(270976K)
[2378.327s][info ][gc,heap      ] GC(906) CMS: 416356K->416420K(602112K)
[2378.327s][info ][gc,metaspace ] GC(906) Metaspace: 63292K->63292K(1107968K)
[2378.327s][info ][gc           ] GC(906) Pause Young (Allocation Failure) 643M->407M(852M) 4.232ms
[2378.327s][info ][gc,cpu       ] GC(906) User=0.01s Sys=0.00s Real=0.00s
[2378.327s][info ][safepoint    ] Leaving safepoint region
[2378.327s][info ][safepoint    ] Total time for which application threads were stopped: 0.0044808 seconds, Stopping threads took: 0.0000475 seconds
[2381.922s][info ][safepoint    ] Application time: 3.5953202 seconds
[2381.922s][info ][safepoint    ] Entering safepoint region: GenCollectForAllocation
[2381.922s][info ][gc,start     ] GC(907) Pause Young (Allocation Failure)
[2381.922s][info ][gc,task      ] GC(907) Using 4 workers of 4 for evacuation
[2381.925s][debug][gc,ref       ] GC(907) Skipped phase1 of Reference Processing due to unavailable references
[2381.925s][debug][gc,ref       ] GC(907) Skipped phase2 of Reference Processing due to unavailable references
[2381.925s][debug][gc,ref       ] GC(907) Skipped phase3 of Reference Processing due to unavailable references
[2381.925s][debug][gc,ref       ] GC(907) Skipped phase4 of Reference Processing due to unavailable references
[2381.925s][debug][gc,age       ] GC(907) Desired survivor size 15400960 bytes, new threshold 6 (max threshold 6)
[2381.925s][info ][gc,heap      ] GC(907) ParNew: 242259K->1528K(270976K)
[2381.925s][info ][gc,heap      ] GC(907) CMS: 416420K->416566K(602112K)
[2381.925s][info ][gc,metaspace ] GC(907) Metaspace: 63292K->63292K(1107968K)
[2381.925s][info ][gc           ] GC(907) Pause Young (Allocation Failure) 643M->408M(852M) 2.895ms
[2381.925s][info ][gc,cpu       ] GC(907) User=0.01s Sys=0.00s Real=0.00s
[2381.925s][info ][safepoint    ] Leaving safepoint region
[2381.925s][info ][safepoint    ] Total time for which application threads were stopped: 0.0030521 seconds, Stopping threads took: 0.0000168 seconds
[2385.568s][info ][safepoint    ] Application time: 3.6432513 seconds
[2385.568s][info ][safepoint    ] Entering safepoint region: GenCollectForAllocation
[2385.569s][info ][gc,start     ] GC(908) Pause Young (Allocation Failure)
[2385.569s][info ][gc,task      ] GC(908) Using 4 workers of 4 for evacuation
[2385.571s][debug][gc,ref       ] GC(908) Skipped phase1 of Reference Processing due to unavailable references
[2385.571s][debug][gc,ref       ] GC(908) Skipped phase2 of Reference Processing due to unavailable references
[2385.571s][debug][gc,ref       ] GC(908) Skipped phase3 of Reference Processing due to unavailable references
[2385.571s][debug][gc,ref       ] GC(908) Skipped phase4 of Reference Processing due to unavailable references
[2385.571s][debug][gc,age       ] GC(908) Desired survivor size 15400960 bytes, new threshold 6 (max threshold 6)
[2385.571s][info ][gc,heap      ] GC(908) ParNew: 242424K->1152K(270976K)
[2385.571s][info ][gc,heap      ] GC(908) CMS: 416566K->416631K(602112K)
[2385.571s][info ][gc,metaspace ] GC(908) Metaspace: 63292K->63292K(1107968K)
[2385.571s][info ][gc           ] GC(908) Pause Young (Allocation Failure) 643M->407M(852M) 2.573ms
[2385.571s][info ][gc,cpu       ] GC(908) User=0.01s Sys=0.00s Real=0.00s
[2385.571s][info ][safepoint    ] Leaving safepoint region
[2385.571s][info ][safepoint    ] Total time for which application threads were stopped: 0.0027292 seconds, Stopping threads took: 0.0000171 seconds
[2388.571s][info ][safepoint    ] Application time: 3.0002460 seconds
[2388.571s][info ][safepoint    ] Entering safepoint region: Cleanup
[2388.572s][info ][safepoint    ] Leaving safepoint region
[2388.572s][info ][safepoint    ] Total time for which application threads were stopped: 0.0001188 seconds, Stopping threads took: 0.0000495 seconds
[2389.223s][info ][safepoint    ] Application time: 0.6513713 seconds
[2389.223s][info ][safepoint    ] Entering safepoint region: GenCollectForAllocation
[2389.223s][info ][gc,start     ] GC(909) Pause Young (Allocation Failure)
[2389.223s][info ][gc,task      ] GC(909) Using 4 workers of 4 for evacuation
[2389.225s][debug][gc,ref       ] GC(909) Skipped phase1 of Reference Processing due to unavailable references
[2389.225s][debug][gc,ref       ] GC(909) Skipped phase2 of Reference Processing due to unavailable references
[2389.225s][debug][gc,ref       ] GC(909) Skipped phase3 of Reference Processing due to unavailable references
[2389.225s][debug][gc,ref       ] GC(909) Skipped phase4 of Reference Processing due to unavailable references
[2389.226s][debug][gc,age       ] GC(909) Desired survivor size 15400960 bytes, new threshold 6 (max threshold 6)
[2389.226s][info ][gc,heap      ] GC(909) ParNew: 242048K->1396K(270976K)
[2389.226s][info ][gc,heap      ] GC(909) CMS: 416631K->416709K(602112K)
[2389.226s][info ][gc,metaspace ] GC(909) Metaspace: 63293K->63293K(1107968K)
[2389.226s][info ][gc           ] GC(909) Pause Young (Allocation Failure) 643M->408M(852M) 2.562ms
[2389.226s][info ][gc,cpu       ] GC(909) User=0.01s Sys=0.00s Real=0.00s
[2389.226s][info ][safepoint    ] Leaving safepoint region
[2389.226s][info ][safepoint    ] Total time for which application threads were stopped: 0.0027142 seconds, Stopping threads took: 0.0000186 seconds
[2392.876s][info ][safepoint    ] Application time: 3.6499794 seconds
[2392.876s][info ][safepoint    ] Entering safepoint region: GenCollectForAllocation
[2392.876s][info ][gc,start     ] GC(910) Pause Young (Allocation Failure)
[2392.876s][info ][gc,task      ] GC(910) Using 4 workers of 4 for evacuation
[2392.878s][debug][gc,ref       ] GC(910) Skipped phase1 of Reference Processing due to unavailable references
[2392.878s][debug][gc,ref       ] GC(910) Skipped phase2 of Reference Processing due to unavailable references
[2392.878s][debug][gc,ref       ] GC(910) Skipped phase3 of Reference Processing due to unavailable references
[2392.878s][debug][gc,ref       ] GC(910) Skipped phase4 of Reference Processing due to unavailable references
[2392.878s][debug][gc,age       ] GC(910) Desired survivor size 15400960 bytes, new threshold 6 (max threshold 6)
[2392.878s][info ][gc,heap      ] GC(910) ParNew: 242292K->1226K(270976K)
[2392.878s][info ][gc,heap      ] GC(910) CMS: 416709K->416778K(602112K)
[2392.878s][info ][gc,metaspace ] GC(910) Metaspace: 63293K->63293K(1107968K)
[2392.878s][info ][gc           ] GC(910) Pause Young (Allocation Failure) 643M->408M(852M) 2.496ms
[2392.878s][info ][gc,cpu       ] GC(910) User=0.01s Sys=0.00s Real=0.00s
[2392.878s][info ][safepoint    ] Leaving safepoint region
[2392.878s][info ][safepoint    ] Total time for which application threads were stopped: 0.0026453 seconds, Stopping threads took: 0.0000160 seconds
[2396.573s][info ][safepoint    ] Application time: 3.6946744 seconds
[2396.573s][info ][safepoint    ] Entering safepoint region: GenCollectForAllocation
[2396.573s][info ][gc,start     ] GC(911) Pause Young (Allocation Failure)
[2396.573s][info ][gc,task      ] GC(911) Using 4 workers of 4 for evacuation
[2396.576s][debug][gc,ref       ] GC(911) Skipped phase1 of Reference Processing due to unavailable references
[2396.576s][debug][gc,ref       ] GC(911) Skipped phase2 of Reference Processing due to unavailable references
[2396.576s][debug][gc,ref       ] GC(911) Skipped phase3 of Reference Processing due to unavailable references
[2396.576s][debug][gc,ref       ] GC(911) Skipped phase4 of Reference Processing due to unavailable references
[2396.576s][debug][gc,age       ] GC(911) Desired survivor size 15400960 bytes, new threshold 6 (max threshold 6)
[2396.576s][info ][gc,heap      ] GC(911) ParNew: 242122K->1543K(270976K)
[2396.576s][info ][gc,heap      ] GC(911) CMS: 416778K->416827K(602112K)
[2396.576s][info ][gc,metaspace ] GC(911) Metaspace: 63293K->63293K(1107968K)
[2396.576s][info ][gc           ] GC(911) Pause Young (Allocation Failure) 643M->408M(852M) 2.601ms
[2396.576s][info ][gc,cpu       ] GC(911) User=0.01s Sys=0.00s Real=0.00s
[2396.576s][info ][safepoint    ] Leaving safepoint region
[2396.576s][info ][safepoint    ] Total time for which application threads were stopped: 0.0027752 seconds, Stopping threads took: 0.0000184 seconds
[2400.226s][info ][safepoint    ] Application time: 3.6500198 seconds
[2400.226s][info ][safepoint    ] Entering safepoint region: GenCollectForAllocation
[2400.226s][info ][gc,start     ] GC(912) Pause Young (Allocation Failure)
[2400.226s][info ][gc,task      ] GC(912) Using 4 workers of 4 for evacuation
[2400.231s][debug][gc,ref       ] GC(912) Skipped phase1 of Reference Processing due to unavailable references
[2400.231s][debug][gc,ref       ] GC(912) Skipped phase2 of Reference Processing due to unavailable references
[2400.231s][debug][gc,ref       ] GC(912) Skipped phase3 of Reference Processing due to unavailable references
[2400.231s][debug][gc,ref       ] GC(912) Skipped phase4 of Reference Processing due to unavailable references
[2400.231s][debug][gc,age       ] GC(912) Desired survivor size 15400960 bytes, new threshold 6 (max threshold 6)
[2400.231s][info ][gc,heap      ] GC(912) ParNew: 242439K->1515K(270976K)
[2400.231s][info ][gc,heap      ] GC(912) CMS: 416827K->416883K(602112K)
[2400.231s][info ][gc,metaspace ] GC(912) Metaspace: 63293K->63293K(1107968K)
[2400.231s][info ][gc           ] GC(912) Pause Young (Allocation Failure) 643M->408M(852M) 4.882ms
[2400.231s][info ][gc,cpu       ] GC(912) User=0.02s Sys=0.00s Real=0.01s
[2400.231s][info ][safepoint    ] Leaving safepoint region
[2400.231s][info ][safepoint    ] Total time for which application threads were stopped: 0.0053033 seconds, Stopping threads took: 0.0001068 seconds
[2403.825s][info ][safepoint    ] Application time: 3.5936856 seconds
[2403.825s][info ][safepoint    ] Entering safepoint region: GenCollectForAllocation
[2403.825s][info ][gc,start     ] GC(913) Pause Young (Allocation Failure)
[2403.825s][info ][gc,task      ] GC(913) Using 4 workers of 4 for evacuation
[2403.827s][debug][gc,ref       ] GC(913) Skipped phase1 of Reference Processing due to unavailable references
[2403.828s][debug][gc,ref       ] GC(913) Skipped phase2 of Reference Processing due to unavailable references
[2403.828s][debug][gc,ref       ] GC(913) Skipped phase3 of Reference Processing due to unavailable references
[2403.828s][debug][gc,ref       ] GC(913) Skipped phase4 of Reference Processing due to unavailable references
[2403.828s][debug][gc,age       ] GC(913) Desired survivor size 15400960 bytes, new threshold 6 (max threshold 6)
[2403.828s][info ][gc,heap      ] GC(913) ParNew: 242411K->1468K(270976K)
[2403.828s][info ][gc,heap      ] GC(913) CMS: 416883K->416922K(602112K)
[2403.828s][info ][gc,metaspace ] GC(913) Metaspace: 63293K->63293K(1107968K)
[2403.828s][info ][gc           ] GC(913) Pause Young (Allocation Failure) 643M->408M(852M) 2.632ms
[2403.828s][info ][gc,cpu       ] GC(913) User=0.01s Sys=0.00s Real=0.00s
[2403.828s][info ][safepoint    ] Leaving safepoint region
[2403.828s][info ][safepoint    ] Total time for which application threads were stopped: 0.0028069 seconds, Stopping threads took: 0.0000166 seconds
[2405.472s][info ][safepoint    ] Application time: 1.6441533 seconds
[2405.472s][info ][safepoint    ] Entering safepoint region: RevokeBias
[2405.472s][info ][safepoint    ] Leaving safepoint region
[2405.472s][info ][safepoint    ] Total time for which application threads were stopped: 0.0003183 seconds, Stopping threads took: 0.0000433 seconds
[2406.472s][info ][safepoint    ] Application time: 1.0001290 seconds
[2406.473s][info ][safepoint    ] Entering safepoint region: Cleanup
[2406.473s][info ][safepoint    ] Leaving safepoint region
[2406.473s][info ][safepoint    ] Total time for which application threads were stopped: 0.0003073 seconds, Stopping threads took: 0.0000903 seconds
[2407.519s][info ][safepoint    ] Application time: 1.0463546 seconds
[2407.519s][info ][safepoint    ] Entering safepoint region: GenCollectForAllocation
[2407.519s][info ][gc,start     ] GC(914) Pause Young (Allocation Failure)
[2407.519s][info ][gc,task      ] GC(914) Using 4 workers of 4 for evacuation
[2407.523s][debug][gc,ref       ] GC(914) Skipped phase1 of Reference Processing due to unavailable references
[2407.523s][debug][gc,ref       ] GC(914) Skipped phase2 of Reference Processing due to unavailable references
[2407.523s][debug][gc,ref       ] GC(914) Skipped phase3 of Reference Processing due to unavailable references
[2407.523s][debug][gc,ref       ] GC(914) Skipped phase4 of Reference Processing due to unavailable references
[2407.523s][debug][gc,age       ] GC(914) Desired survivor size 15400960 bytes, new threshold 6 (max threshold 6)
[2407.523s][info ][gc,heap      ] GC(914) ParNew: 242364K->1693K(270976K)
[2407.523s][info ][gc,heap      ] GC(914) CMS: 416922K->416944K(602112K)
[2407.523s][info ][gc,metaspace ] GC(914) Metaspace: 63293K->63293K(1107968K)
[2407.523s][info ][gc           ] GC(914) Pause Young (Allocation Failure) 643M->408M(852M) 3.931ms
[2407.523s][info ][gc,cpu       ] GC(914) User=0.00s Sys=0.01s Real=0.01s
[2407.523s][info ][safepoint    ] Leaving safepoint region
[2407.523s][info ][safepoint    ] Total time for which application threads were stopped: 0.0041303 seconds, Stopping threads took: 0.0000442 seconds
[2408.523s][info ][safepoint    ] Application time: 1.0001144 seconds
[2408.523s][info ][safepoint    ] Entering safepoint region: Cleanup
[2408.524s][info ][safepoint    ] Leaving safepoint region
[2408.524s][info ][safepoint    ] Total time for which application threads were stopped: 0.0001304 seconds, Stopping threads took: 0.0000494 seconds
[2410.524s][info ][safepoint    ] Application time: 2.0001962 seconds
[2410.524s][info ][safepoint    ] Entering safepoint region: Cleanup
[2410.524s][info ][safepoint    ] Leaving safepoint region
[2410.524s][info ][safepoint    ] Total time for which application threads were stopped: 0.0001609 seconds, Stopping threads took: 0.0000976 seconds
[2411.269s][info ][safepoint    ] Application time: 0.7453704 seconds
[2411.269s][info ][safepoint    ] Entering safepoint region: GenCollectForAllocation
[2411.270s][info ][gc,start     ] GC(915) Pause Young (Allocation Failure)
[2411.270s][info ][gc,task      ] GC(915) Using 4 workers of 4 for evacuation
[2411.272s][debug][gc,ref       ] GC(915) Skipped phase1 of Reference Processing due to unavailable references
[2411.272s][debug][gc,ref       ] GC(915) Skipped phase2 of Reference Processing due to unavailable references
[2411.272s][debug][gc,ref       ] GC(915) Skipped phase3 of Reference Processing due to unavailable references
[2411.272s][debug][gc,ref       ] GC(915) Skipped phase4 of Reference Processing due to unavailable references
[2411.272s][debug][gc,age       ] GC(915) Desired survivor size 15400960 bytes, new threshold 6 (max threshold 6)
[2411.272s][info ][gc,heap      ] GC(915) ParNew: 242589K->1595K(270976K)
[2411.272s][info ][gc,heap      ] GC(915) CMS: 416944K->417057K(602112K)
[2411.272s][info ][gc,metaspace ] GC(915) Metaspace: 63293K->63293K(1107968K)
[2411.272s][info ][gc           ] GC(915) Pause Young (Allocation Failure) 644M->408M(852M) 2.927ms
[2411.273s][info ][gc,cpu       ] GC(915) User=0.01s Sys=0.01s Real=0.00s
[2411.273s][info ][safepoint    ] Leaving safepoint region
[2411.273s][info ][safepoint    ] Total time for which application threads were stopped: 0.0031526 seconds, Stopping threads took: 0.0000471 seconds
[2415.022s][info ][safepoint    ] Application time: 3.7498265 seconds
[2415.022s][info ][safepoint    ] Entering safepoint region: GenCollectForAllocation
[2415.023s][info ][gc,start     ] GC(916) Pause Young (Allocation Failure)
[2415.023s][info ][gc,task      ] GC(916) Using 4 workers of 4 for evacuation
[2415.025s][debug][gc,ref       ] GC(916) Skipped phase1 of Reference Processing due to unavailable references
[2415.025s][debug][gc,ref       ] GC(916) Skipped phase2 of Reference Processing due to unavailable references
[2415.025s][debug][gc,ref       ] GC(916) Skipped phase3 of Reference Processing due to unavailable references
[2415.025s][debug][gc,ref       ] GC(916) Skipped phase4 of Reference Processing due to unavailable references
[2415.025s][debug][gc,age       ] GC(916) Desired survivor size 15400960 bytes, new threshold 6 (max threshold 6)
[2415.025s][info ][gc,heap      ] GC(916) ParNew: 242491K->1397K(270976K)
[2415.025s][info ][gc,heap      ] GC(916) CMS: 417057K->417147K(602112K)
[2415.025s][info ][gc,metaspace ] GC(916) Metaspace: 63293K->63293K(1107968K)
[2415.025s][info ][gc           ] GC(916) Pause Young (Allocation Failure) 644M->408M(852M) 2.595ms
[2415.025s][info ][gc,cpu       ] GC(916) User=0.01s Sys=0.00s Real=0.00s
[2415.025s][info ][safepoint    ] Leaving safepoint region
[2415.025s][info ][safepoint    ] Total time for which application threads were stopped: 0.0027423 seconds, Stopping threads took: 0.0000156 seconds
[2418.719s][info ][safepoint    ] Application time: 3.6938035 seconds
[2418.719s][info ][safepoint    ] Entering safepoint region: GenCollectForAllocation
[2418.719s][info ][gc,start     ] GC(917) Pause Young (Allocation Failure)
[2418.719s][info ][gc,task      ] GC(917) Using 4 workers of 4 for evacuation
[2418.722s][debug][gc,ref       ] GC(917) Skipped phase1 of Reference Processing due to unavailable references
[2418.722s][debug][gc,ref       ] GC(917) Skipped phase2 of Reference Processing due to unavailable references
[2418.722s][debug][gc,ref       ] GC(917) Skipped phase3 of Reference Processing due to unavailable references
[2418.722s][debug][gc,ref       ] GC(917) Skipped phase4 of Reference Processing due to unavailable references
[2418.722s][debug][gc,age       ] GC(917) Desired survivor size 15400960 bytes, new threshold 6 (max threshold 6)
[2418.722s][info ][gc,heap      ] GC(917) ParNew: 242293K->1848K(270976K)
[2418.722s][info ][gc,heap      ] GC(917) CMS: 417147K->417182K(602112K)
[2418.722s][info ][gc,metaspace ] GC(917) Metaspace: 63293K->63293K(1107968K)
[2418.722s][info ][gc           ] GC(917) Pause Young (Allocation Failure) 643M->409M(852M) 2.660ms
[2418.722s][info ][gc,cpu       ] GC(917) User=0.01s Sys=0.00s Real=0.01s
[2418.722s][info ][safepoint    ] Leaving safepoint region
[2418.722s][info ][safepoint    ] Total time for which application threads were stopped: 0.0028401 seconds, Stopping threads took: 0.0000475 seconds
[2421.522s][info ][safepoint    ] Application time: 2.8006221 seconds
[2421.523s][info ][safepoint    ] Entering safepoint region: GenCollectForAllocation
[2421.523s][info ][gc,start     ] GC(918) Pause Young (Allocation Failure)
[2421.523s][info ][gc,task      ] GC(918) Using 4 workers of 4 for evacuation
[2421.527s][debug][gc,ref       ] GC(918) Skipped phase1 of Reference Processing due to unavailable references
[2421.527s][debug][gc,ref       ] GC(918) Skipped phase3 of Reference Processing due to unavailable references
[2421.528s][debug][gc,age       ] GC(918) Desired survivor size 15400960 bytes, new threshold 6 (max threshold 6)
[2421.528s][info ][gc,heap      ] GC(918) ParNew: 242744K->5021K(270976K)
[2421.528s][info ][gc,heap      ] GC(918) CMS: 417182K->417369K(602112K)
[2421.528s][info ][gc,metaspace ] GC(918) Metaspace: 63298K->63298K(1107968K)
[2421.528s][info ][gc           ] GC(918) Pause Young (Allocation Failure) 644M->412M(852M) 5.043ms
[2421.528s][info ][gc,cpu       ] GC(918) User=0.02s Sys=0.00s Real=0.00s
[2421.528s][info ][safepoint    ] Leaving safepoint region
[2421.528s][info ][safepoint    ] Total time for which application threads were stopped: 0.0052588 seconds, Stopping threads took: 0.0000188 seconds
[2423.528s][info ][safepoint    ] Application time: 2.0002067 seconds
[2423.528s][info ][safepoint    ] Entering safepoint region: Cleanup
[2423.528s][info ][safepoint    ] Leaving safepoint region
[2423.528s][info ][safepoint    ] Total time for which application threads were stopped: 0.0001108 seconds, Stopping threads took: 0.0000434 seconds
[2425.172s][info ][safepoint    ] Application time: 1.6436022 seconds
[2425.172s][info ][safepoint    ] Entering safepoint region: GenCollectForAllocation
[2425.172s][info ][gc,start     ] GC(919) Pause Young (Allocation Failure)
[2425.172s][info ][gc,task      ] GC(919) Using 4 workers of 4 for evacuation
[2425.175s][debug][gc,ref       ] GC(919) Skipped phase1 of Reference Processing due to unavailable references
[2425.175s][debug][gc,ref       ] GC(919) Skipped phase3 of Reference Processing due to unavailable references
[2425.175s][debug][gc,age       ] GC(919) Desired survivor size 15400960 bytes, new threshold 6 (max threshold 6)
[2425.175s][info ][gc,heap      ] GC(919) ParNew: 245917K->3496K(270976K)
[2425.175s][info ][gc,heap      ] GC(919) CMS: 417369K->417673K(602112K)
[2425.175s][info ][gc,metaspace ] GC(919) Metaspace: 63298K->63298K(1107968K)
[2425.175s][info ][gc           ] GC(919) Pause Young (Allocation Failure) 647M->411M(852M) 3.239ms
[2425.175s][info ][gc,cpu       ] GC(919) User=0.02s Sys=0.00s Real=0.00s
[2425.175s][info ][safepoint    ] Leaving safepoint region
[2425.175s][info ][safepoint    ] Total time for which application threads were stopped: 0.0034537 seconds, Stopping threads took: 0.0000182 seconds
[2426.175s][info ][safepoint    ] Application time: 1.0001300 seconds
[2426.176s][info ][safepoint    ] Entering safepoint region: Cleanup
[2426.176s][info ][safepoint    ] Leaving safepoint region
[2426.176s][info ][safepoint    ] Total time for which application threads were stopped: 0.0001364 seconds, Stopping threads took: 0.0000638 seconds
[2428.870s][info ][safepoint    ] Application time: 2.6942768 seconds
[2428.870s][info ][safepoint    ] Entering safepoint region: GenCollectForAllocation
[2428.870s][info ][gc,start     ] GC(920) Pause Young (Allocation Failure)
[2428.870s][info ][gc,task      ] GC(920) Using 4 workers of 4 for evacuation
[2428.873s][debug][gc,ref       ] GC(920) Skipped phase1 of Reference Processing due to unavailable references
[2428.873s][debug][gc,ref       ] GC(920) Skipped phase3 of Reference Processing due to unavailable references
[2428.873s][debug][gc,age       ] GC(920) Desired survivor size 15400960 bytes, new threshold 6 (max threshold 6)
[2428.873s][info ][gc,heap      ] GC(920) ParNew: 244392K->1322K(270976K)
[2428.873s][info ][gc,heap      ] GC(920) CMS: 417673K->417760K(602112K)
[2428.873s][info ][gc,metaspace ] GC(920) Metaspace: 63298K->63298K(1107968K)
[2428.873s][info ][gc           ] GC(920) Pause Young (Allocation Failure) 646M->409M(852M) 3.179ms
[2428.873s][info ][gc,cpu       ] GC(920) User=0.01s Sys=0.00s Real=0.00s
[2428.873s][info ][safepoint    ] Leaving safepoint region
[2428.873s][info ][safepoint    ] Total time for which application threads were stopped: 0.0033735 seconds, Stopping threads took: 0.0000496 seconds
[2432.569s][info ][safepoint    ] Application time: 3.6960028 seconds
[2432.569s][info ][safepoint    ] Entering safepoint region: GenCollectForAllocation
[2432.570s][info ][gc,start     ] GC(921) Pause Young (Allocation Failure)
[2432.570s][info ][gc,task      ] GC(921) Using 4 workers of 4 for evacuation
[2432.574s][debug][gc,ref       ] GC(921) Skipped phase1 of Reference Processing due to unavailable references
[2432.574s][debug][gc,ref       ] GC(921) Skipped phase3 of Reference Processing due to unavailable references
[2432.575s][debug][gc,age       ] GC(921) Desired survivor size 15400960 bytes, new threshold 6 (max threshold 6)
[2432.575s][info ][gc,heap      ] GC(921) ParNew: 242218K->1085K(270976K)
[2432.575s][info ][gc,heap      ] GC(921) CMS: 417760K->417864K(602112K)
[2432.575s][info ][gc,metaspace ] GC(921) Metaspace: 63298K->63298K(1107968K)
[2432.575s][info ][gc           ] GC(921) Pause Young (Allocation Failure) 644M->409M(852M) 4.898ms
[2432.575s][info ][gc,cpu       ] GC(921) User=0.02s Sys=0.00s Real=0.00s
[2432.575s][info ][safepoint    ] Leaving safepoint region
[2432.575s][info ][safepoint    ] Total time for which application threads were stopped: 0.0052142 seconds, Stopping threads took: 0.0000892 seconds
[2434.575s][info ][safepoint    ] Application time: 2.0001605 seconds
[2434.575s][info ][safepoint    ] Entering safepoint region: Cleanup
[2434.575s][info ][safepoint    ] Leaving safepoint region
[2434.575s][info ][safepoint    ] Total time for which application threads were stopped: 0.0002270 seconds, Stopping threads took: 0.0000840 seconds
[2436.219s][info ][safepoint    ] Application time: 1.6440600 seconds
[2436.219s][info ][safepoint    ] Entering safepoint region: GenCollectForAllocation
[2436.219s][info ][gc,start     ] GC(922) Pause Young (Allocation Failure)
[2436.219s][info ][gc,task      ] GC(922) Using 4 workers of 4 for evacuation
[2436.223s][debug][gc,ref       ] GC(922) Skipped phase1 of Reference Processing due to unavailable references
[2436.223s][debug][gc,ref       ] GC(922) Skipped phase3 of Reference Processing due to unavailable references
[2436.223s][debug][gc,age       ] GC(922) Desired survivor size 15400960 bytes, new threshold 6 (max threshold 6)
[2436.223s][info ][gc,heap      ] GC(922) ParNew: 241981K->1703K(270976K)
[2436.223s][info ][gc,heap      ] GC(922) CMS: 417864K->417912K(602112K)
[2436.223s][info ][gc,metaspace ] GC(922) Metaspace: 63298K->63298K(1107968K)
[2436.223s][info ][gc           ] GC(922) Pause Young (Allocation Failure) 644M->409M(852M) 3.799ms
[2436.223s][info ][gc,cpu       ] GC(922) User=0.00s Sys=0.02s Real=0.01s
[2436.223s][info ][safepoint    ] Leaving safepoint region
[2436.223s][info ][safepoint    ] Total time for which application threads were stopped: 0.0040193 seconds, Stopping threads took: 0.0000846 seconds
[2439.822s][info ][safepoint    ] Application time: 3.5986183 seconds
[2439.822s][info ][safepoint    ] Entering safepoint region: GenCollectForAllocation
[2439.822s][info ][gc,start     ] GC(923) Pause Young (Allocation Failure)
[2439.822s][info ][gc,task      ] GC(923) Using 4 workers of 4 for evacuation
[2439.824s][debug][gc,ref       ] GC(923) Skipped phase1 of Reference Processing due to unavailable references
[2439.824s][debug][gc,ref       ] GC(923) Skipped phase3 of Reference Processing due to unavailable references
[2439.825s][debug][gc,age       ] GC(923) Desired survivor size 15400960 bytes, new threshold 6 (max threshold 6)
[2439.825s][info ][gc,heap      ] GC(923) ParNew: 242599K->1356K(270976K)
[2439.825s][info ][gc,heap      ] GC(923) CMS: 417912K->418017K(602112K)
[2439.825s][info ][gc,metaspace ] GC(923) Metaspace: 63298K->63298K(1107968K)
[2439.825s][info ][gc           ] GC(923) Pause Young (Allocation Failure) 645M->409M(852M) 2.776ms
[2439.825s][info ][gc,cpu       ] GC(923) User=0.01s Sys=0.00s Real=0.00s
[2439.825s][info ][safepoint    ] Leaving safepoint region
[2439.825s][info ][safepoint    ] Total time for which application threads were stopped: 0.0029484 seconds, Stopping threads took: 0.0000174 seconds
[2443.269s][info ][safepoint    ] Application time: 3.4443288 seconds
[2443.269s][info ][safepoint    ] Entering safepoint region: GenCollectForAllocation
[2443.269s][info ][gc,start     ] GC(924) Pause Young (Allocation Failure)
[2443.269s][info ][gc,task      ] GC(924) Using 4 workers of 4 for evacuation
[2443.272s][debug][gc,ref       ] GC(924) Skipped phase1 of Reference Processing due to unavailable references
[2443.272s][debug][gc,ref       ] GC(924) Skipped phase2 of Reference Processing due to unavailable references
[2443.272s][debug][gc,ref       ] GC(924) Skipped phase3 of Reference Processing due to unavailable references
[2443.272s][debug][gc,ref       ] GC(924) Skipped phase4 of Reference Processing due to unavailable references
[2443.272s][debug][gc,age       ] GC(924) Desired survivor size 15400960 bytes, new threshold 6 (max threshold 6)
[2443.272s][info ][gc,heap      ] GC(924) ParNew: 242252K->1881K(270976K)
[2443.272s][info ][gc,heap      ] GC(924) CMS: 418017K->418084K(602112K)
[2443.272s][info ][gc,metaspace ] GC(924) Metaspace: 63298K->63298K(1107968K)
[2443.272s][info ][gc           ] GC(924) Pause Young (Allocation Failure) 644M->410M(852M) 2.861ms
[2443.272s][info ][gc,cpu       ] GC(924) User=0.01s Sys=0.00s Real=0.00s
[2443.272s][info ][safepoint    ] Leaving safepoint region
[2443.272s][info ][safepoint    ] Total time for which application threads were stopped: 0.0031292 seconds, Stopping threads took: 0.0000642 seconds
[2444.273s][info ][safepoint    ] Application time: 1.0004904 seconds
[2444.273s][info ][safepoint    ] Entering safepoint region: Cleanup
[2444.273s][info ][safepoint    ] Leaving safepoint region
[2444.273s][info ][safepoint    ] Total time for which application threads were stopped: 0.0001283 seconds, Stopping threads took: 0.0000529 seconds
[2446.919s][info ][safepoint    ] Application time: 2.6460183 seconds
[2446.919s][info ][safepoint    ] Entering safepoint region: GenCollectForAllocation
[2446.919s][info ][gc,start     ] GC(925) Pause Young (Allocation Failure)
[2446.919s][info ][gc,task      ] GC(925) Using 4 workers of 4 for evacuation
[2446.922s][debug][gc,ref       ] GC(925) Skipped phase1 of Reference Processing due to unavailable references
[2446.922s][debug][gc,ref       ] GC(925) Skipped phase2 of Reference Processing due to unavailable references
[2446.922s][debug][gc,ref       ] GC(925) Skipped phase3 of Reference Processing due to unavailable references
[2446.922s][debug][gc,ref       ] GC(925) Skipped phase4 of Reference Processing due to unavailable references
[2446.922s][debug][gc,age       ] GC(925) Desired survivor size 15400960 bytes, new threshold 6 (max threshold 6)
[2446.922s][info ][gc,heap      ] GC(925) ParNew: 242777K->1727K(270976K)
[2446.922s][info ][gc,heap      ] GC(925) CMS: 418084K->418391K(602112K)
[2446.922s][info ][gc,metaspace ] GC(925) Metaspace: 63298K->63298K(1107968K)
[2446.922s][info ][gc           ] GC(925) Pause Young (Allocation Failure) 645M->410M(852M) 3.133ms
[2446.922s][info ][gc,cpu       ] GC(925) User=0.01s Sys=0.00s Real=0.01s
[2446.922s][info ][safepoint    ] Leaving safepoint region
[2446.922s][info ][safepoint    ] Total time for which application threads were stopped: 0.0033624 seconds, Stopping threads took: 0.0000829 seconds
[2450.575s][info ][safepoint    ] Application time: 3.6526323 seconds
[2450.575s][info ][safepoint    ] Entering safepoint region: GenCollectForAllocation
[2450.575s][info ][gc,start     ] GC(926) Pause Young (Allocation Failure)
[2450.575s][info ][gc,task      ] GC(926) Using 4 workers of 4 for evacuation
[2450.578s][debug][gc,ref       ] GC(926) Skipped phase1 of Reference Processing due to unavailable references
[2450.578s][debug][gc,ref       ] GC(926) Skipped phase2 of Reference Processing due to unavailable references
[2450.578s][debug][gc,ref       ] GC(926) Skipped phase3 of Reference Processing due to unavailable references
[2450.578s][debug][gc,ref       ] GC(926) Skipped phase4 of Reference Processing due to unavailable references
[2450.578s][debug][gc,age       ] GC(926) Desired survivor size 15400960 bytes, new threshold 6 (max threshold 6)
[2450.578s][info ][gc,heap      ] GC(926) ParNew: 242623K->1589K(270976K)
[2450.578s][info ][gc,heap      ] GC(926) CMS: 418391K->418425K(602112K)
[2450.578s][info ][gc,metaspace ] GC(926) Metaspace: 63298K->63298K(1107968K)
[2450.578s][info ][gc           ] GC(926) Pause Young (Allocation Failure) 645M->410M(852M) 2.638ms
[2450.578s][info ][gc,cpu       ] GC(926) User=0.01s Sys=0.00s Real=0.00s
[2450.578s][info ][safepoint    ] Leaving safepoint region
[2450.578s][info ][safepoint    ] Total time for which application threads were stopped: 0.0028078 seconds, Stopping threads took: 0.0000174 seconds
[2451.578s][info ][safepoint    ] Application time: 1.0000500 seconds
[2451.578s][info ][safepoint    ] Entering safepoint region: Cleanup
[2451.578s][info ][safepoint    ] Leaving safepoint region
[2451.578s][info ][safepoint    ] Total time for which application threads were stopped: 0.0001169 seconds, Stopping threads took: 0.0000409 seconds
[2454.177s][info ][safepoint    ] Application time: 2.5989627 seconds
[2454.177s][info ][safepoint    ] Entering safepoint region: GenCollectForAllocation
[2454.177s][info ][gc,start     ] GC(927) Pause Young (Allocation Failure)
[2454.177s][info ][gc,task      ] GC(927) Using 4 workers of 4 for evacuation
[2454.180s][debug][gc,ref       ] GC(927) Skipped phase1 of Reference Processing due to unavailable references
[2454.180s][debug][gc,ref       ] GC(927) Skipped phase2 of Reference Processing due to unavailable references
[2454.180s][debug][gc,ref       ] GC(927) Skipped phase3 of Reference Processing due to unavailable references
[2454.180s][debug][gc,ref       ] GC(927) Skipped phase4 of Reference Processing due to unavailable references
[2454.180s][debug][gc,age       ] GC(927) Desired survivor size 15400960 bytes, new threshold 6 (max threshold 6)
[2454.180s][info ][gc,heap      ] GC(927) ParNew: 242485K->1773K(270976K)
[2454.180s][info ][gc,heap      ] GC(927) CMS: 418425K->418528K(602112K)
[2454.180s][info ][gc,metaspace ] GC(927) Metaspace: 63298K->63298K(1107968K)
[2454.180s][info ][gc           ] GC(927) Pause Young (Allocation Failure) 645M->410M(852M) 2.689ms
[2454.180s][info ][gc,cpu       ] GC(927) User=0.01s Sys=0.00s Real=0.00s
[2454.180s][info ][safepoint    ] Leaving safepoint region
[2454.180s][info ][safepoint    ] Total time for which application threads were stopped: 0.0028672 seconds, Stopping threads took: 0.0000172 seconds
[2457.874s][info ][safepoint    ] Application time: 3.6939773 seconds
[2457.874s][info ][safepoint    ] Entering safepoint region: GenCollectForAllocation
[2457.874s][info ][gc,start     ] GC(928) Pause Young (Allocation Failure)
[2457.874s][info ][gc,task      ] GC(928) Using 4 workers of 4 for evacuation
[2457.877s][debug][gc,ref       ] GC(928) Skipped phase1 of Reference Processing due to unavailable references
[2457.877s][debug][gc,ref       ] GC(928) Skipped phase2 of Reference Processing due to unavailable references
[2457.877s][debug][gc,ref       ] GC(928) Skipped phase3 of Reference Processing due to unavailable references
[2457.877s][debug][gc,ref       ] GC(928) Skipped phase4 of Reference Processing due to unavailable references
[2457.877s][debug][gc,age       ] GC(928) Desired survivor size 15400960 bytes, new threshold 6 (max threshold 6)
[2457.877s][info ][gc,heap      ] GC(928) ParNew: 242669K->1832K(270976K)
[2457.877s][info ][gc,heap      ] GC(928) CMS: 418528K->418685K(602112K)
[2457.877s][info ][gc,metaspace ] GC(928) Metaspace: 63298K->63298K(1107968K)
[2457.877s][info ][gc           ] GC(928) Pause Young (Allocation Failure) 645M->410M(852M) 3.225ms
[2457.877s][info ][gc,cpu       ] GC(928) User=0.01s Sys=0.00s Real=0.00s
[2457.877s][info ][safepoint    ] Leaving safepoint region
[2457.877s][info ][safepoint    ] Total time for which application threads were stopped: 0.0034975 seconds, Stopping threads took: 0.0000787 seconds
[2461.470s][info ][safepoint    ] Application time: 3.5927927 seconds
[2461.470s][info ][safepoint    ] Entering safepoint region: GenCollectForAllocation
[2461.471s][info ][gc,start     ] GC(929) Pause Young (Allocation Failure)
[2461.471s][info ][gc,task      ] GC(929) Using 4 workers of 4 for evacuation
[2461.474s][debug][gc,ref       ] GC(929) Skipped phase1 of Reference Processing due to unavailable references
[2461.474s][debug][gc,ref       ] GC(929) Skipped phase2 of Reference Processing due to unavailable references
[2461.474s][debug][gc,ref       ] GC(929) Skipped phase3 of Reference Processing due to unavailable references
[2461.474s][debug][gc,ref       ] GC(929) Skipped phase4 of Reference Processing due to unavailable references
[2461.474s][debug][gc,age       ] GC(929) Desired survivor size 15400960 bytes, new threshold 6 (max threshold 6)
[2461.474s][info ][gc,heap      ] GC(929) ParNew: 242728K->1460K(270976K)
[2461.474s][info ][gc,heap      ] GC(929) CMS: 418685K->418861K(602112K)
[2461.474s][info ][gc,metaspace ] GC(929) Metaspace: 63298K->63298K(1107968K)
[2461.474s][info ][gc           ] GC(929) Pause Young (Allocation Failure) 645M->410M(852M) 3.915ms
[2461.474s][info ][gc,cpu       ] GC(929) User=0.01s Sys=0.00s Real=0.00s
[2461.474s][info ][safepoint    ] Leaving safepoint region
[2461.474s][info ][safepoint    ] Total time for which application threads were stopped: 0.0041518 seconds, Stopping threads took: 0.0000571 seconds
[2464.475s][info ][safepoint    ] Application time: 3.0002991 seconds
[2464.475s][info ][safepoint    ] Entering safepoint region: Cleanup
[2464.475s][info ][safepoint    ] Leaving safepoint region
[2464.475s][info ][safepoint    ] Total time for which application threads were stopped: 0.0001399 seconds, Stopping threads took: 0.0000455 seconds
[2465.075s][info ][safepoint    ] Application time: 0.6000763 seconds
[2465.075s][info ][safepoint    ] Entering safepoint region: GenCollectForAllocation
[2465.075s][info ][gc,start     ] GC(930) Pause Young (Allocation Failure)
[2465.075s][info ][gc,task      ] GC(930) Using 4 workers of 4 for evacuation
[2465.078s][debug][gc,ref       ] GC(930) Skipped phase1 of Reference Processing due to unavailable references
[2465.078s][debug][gc,ref       ] GC(930) Skipped phase2 of Reference Processing due to unavailable references
[2465.078s][debug][gc,ref       ] GC(930) Skipped phase3 of Reference Processing due to unavailable references
[2465.078s][debug][gc,ref       ] GC(930) Skipped phase4 of Reference Processing due to unavailable references
[2465.078s][debug][gc,age       ] GC(930) Desired survivor size 15400960 bytes, new threshold 6 (max threshold 6)
[2465.078s][info ][gc,heap      ] GC(930) ParNew: 242356K->1301K(270976K)
[2465.078s][info ][gc,heap      ] GC(930) CMS: 418861K->418994K(602112K)
[2465.078s][info ][gc,metaspace ] GC(930) Metaspace: 63298K->63298K(1107968K)
[2465.078s][info ][gc           ] GC(930) Pause Young (Allocation Failure) 645M->410M(852M) 2.703ms
[2465.078s][info ][gc,cpu       ] GC(930) User=0.01s Sys=0.00s Real=0.00s
[2465.078s][info ][safepoint    ] Leaving safepoint region
[2465.078s][info ][safepoint    ] Total time for which application threads were stopped: 0.0028695 seconds, Stopping threads took: 0.0000171 seconds
[2467.078s][info ][safepoint    ] Application time: 2.0001783 seconds
[2467.078s][info ][safepoint    ] Entering safepoint region: Cleanup
[2467.078s][info ][safepoint    ] Leaving safepoint region
[2467.078s][info ][safepoint    ] Total time for which application threads were stopped: 0.0001679 seconds, Stopping threads took: 0.0000494 seconds
[2468.728s][info ][safepoint    ] Application time: 1.6493011 seconds
[2468.728s][info ][safepoint    ] Entering safepoint region: GenCollectForAllocation
[2468.728s][info ][gc,start     ] GC(931) Pause Young (Allocation Failure)
[2468.728s][info ][gc,task      ] GC(931) Using 4 workers of 4 for evacuation
[2468.730s][debug][gc,ref       ] GC(931) Skipped phase1 of Reference Processing due to unavailable references
[2468.730s][debug][gc,ref       ] GC(931) Skipped phase2 of Reference Processing due to unavailable references
[2468.730s][debug][gc,ref       ] GC(931) Skipped phase3 of Reference Processing due to unavailable references
[2468.730s][debug][gc,ref       ] GC(931) Skipped phase4 of Reference Processing due to unavailable references
[2468.730s][debug][gc,age       ] GC(931) Desired survivor size 15400960 bytes, new threshold 6 (max threshold 6)
[2468.730s][info ][gc,heap      ] GC(931) ParNew: 242197K->1193K(270976K)
[2468.730s][info ][gc,heap      ] GC(931) CMS: 418994K->419065K(602112K)
[2468.730s][info ][gc,metaspace ] GC(931) Metaspace: 63298K->63298K(1107968K)
[2468.730s][info ][gc           ] GC(931) Pause Young (Allocation Failure) 645M->410M(852M) 2.486ms
[2468.730s][info ][gc,cpu       ] GC(931) User=0.01s Sys=0.00s Real=0.01s
[2468.730s][info ][safepoint    ] Leaving safepoint region
[2468.730s][info ][safepoint    ] Total time for which application threads were stopped: 0.0026353 seconds, Stopping threads took: 0.0000189 seconds
[2472.423s][info ][safepoint    ] Application time: 3.6924772 seconds
[2472.423s][info ][safepoint    ] Entering safepoint region: GenCollectForAllocation
[2472.423s][info ][gc,start     ] GC(932) Pause Young (Allocation Failure)
[2472.423s][info ][gc,task      ] GC(932) Using 4 workers of 4 for evacuation
[2472.425s][debug][gc,ref       ] GC(932) Skipped phase1 of Reference Processing due to unavailable references
[2472.425s][debug][gc,ref       ] GC(932) Skipped phase2 of Reference Processing due to unavailable references
[2472.425s][debug][gc,ref       ] GC(932) Skipped phase3 of Reference Processing due to unavailable references
[2472.425s][debug][gc,ref       ] GC(932) Skipped phase4 of Reference Processing due to unavailable references
[2472.425s][debug][gc,age       ] GC(932) Desired survivor size 15400960 bytes, new threshold 6 (max threshold 6)
[2472.425s][info ][gc,heap      ] GC(932) ParNew: 242089K->1421K(270976K)
[2472.425s][info ][gc,heap      ] GC(932) CMS: 419065K->419087K(602112K)
[2472.425s][info ][gc,metaspace ] GC(932) Metaspace: 63298K->63298K(1107968K)
[2472.425s][info ][gc           ] GC(932) Pause Young (Allocation Failure) 645M->410M(852M) 2.410ms
[2472.425s][info ][gc,cpu       ] GC(932) User=0.00s Sys=0.00s Real=0.00s
[2472.425s][info ][safepoint    ] Leaving safepoint region
[2472.425s][info ][safepoint    ] Total time for which application threads were stopped: 0.0025878 seconds, Stopping threads took: 0.0000174 seconds
[2476.080s][info ][safepoint    ] Application time: 3.6549697 seconds
[2476.080s][info ][safepoint    ] Entering safepoint region: GenCollectForAllocation
[2476.081s][info ][gc,start     ] GC(933) Pause Young (Allocation Failure)
[2476.081s][info ][gc,task      ] GC(933) Using 4 workers of 4 for evacuation
[2476.083s][debug][gc,ref       ] GC(933) Skipped phase1 of Reference Processing due to unavailable references
[2476.083s][debug][gc,ref       ] GC(933) Skipped phase2 of Reference Processing due to unavailable references
[2476.083s][debug][gc,ref       ] GC(933) Skipped phase3 of Reference Processing due to unavailable references
[2476.083s][debug][gc,ref       ] GC(933) Skipped phase4 of Reference Processing due to unavailable references
[2476.083s][debug][gc,age       ] GC(933) Desired survivor size 15400960 bytes, new threshold 6 (max threshold 6)
[2476.083s][info ][gc,heap      ] GC(933) ParNew: 242317K->1297K(270976K)
[2476.083s][info ][gc,heap      ] GC(933) CMS: 419087K->419158K(602112K)
[2476.083s][info ][gc,metaspace ] GC(933) Metaspace: 63298K->63298K(1107968K)
[2476.083s][info ][gc           ] GC(933) Pause Young (Allocation Failure) 645M->410M(852M) 2.594ms
[2476.083s][info ][gc,cpu       ] GC(933) User=0.01s Sys=0.00s Real=0.00s
[2476.083s][info ][safepoint    ] Leaving safepoint region
[2476.083s][info ][safepoint    ] Total time for which application threads were stopped: 0.0027428 seconds, Stopping threads took: 0.0000175 seconds
[2479.769s][info ][safepoint    ] Application time: 3.6859084 seconds
[2479.769s][info ][safepoint    ] Entering safepoint region: GenCollectForAllocation
[2479.769s][info ][gc,start     ] GC(934) Pause Young (Allocation Failure)
[2479.769s][info ][gc,task      ] GC(934) Using 4 workers of 4 for evacuation
[2479.772s][debug][gc,ref       ] GC(934) Skipped phase1 of Reference Processing due to unavailable references
[2479.772s][debug][gc,ref       ] GC(934) Skipped phase2 of Reference Processing due to unavailable references
[2479.772s][debug][gc,ref       ] GC(934) Skipped phase3 of Reference Processing due to unavailable references
[2479.772s][debug][gc,ref       ] GC(934) Skipped phase4 of Reference Processing due to unavailable references
[2479.772s][debug][gc,age       ] GC(934) Desired survivor size 15400960 bytes, new threshold 6 (max threshold 6)
[2479.772s][info ][gc,heap      ] GC(934) ParNew: 242193K->1261K(270976K)
[2479.772s][info ][gc,heap      ] GC(934) CMS: 419158K->419193K(602112K)
[2479.772s][info ][gc,metaspace ] GC(934) Metaspace: 63298K->63298K(1107968K)
[2479.772s][info ][gc           ] GC(934) Pause Young (Allocation Failure) 645M->410M(852M) 2.454ms
[2479.772s][info ][gc,cpu       ] GC(934) User=0.01s Sys=0.00s Real=0.00s
[2479.772s][info ][safepoint    ] Leaving safepoint region
[2479.772s][info ][safepoint    ] Total time for which application threads were stopped: 0.0026519 seconds, Stopping threads took: 0.0000532 seconds
[2481.735s][info ][safepoint    ] Application time: 1.9630823 seconds
[2481.735s][info ][safepoint    ] Entering safepoint region: RevokeBias
[2481.735s][info ][safepoint    ] Leaving safepoint region
[2481.735s][info ][safepoint    ] Total time for which application threads were stopped: 0.0000993 seconds, Stopping threads took: 0.0000163 seconds
[2481.741s][info ][safepoint    ] Application time: 0.0055975 seconds
[2481.741s][info ][safepoint    ] Entering safepoint region: RevokeBias
[2481.741s][info ][safepoint    ] Leaving safepoint region
[2481.741s][info ][safepoint    ] Total time for which application threads were stopped: 0.0003552 seconds, Stopping threads took: 0.0000101 seconds
[2483.419s][info ][safepoint    ] Application time: 1.6781784 seconds
[2483.419s][info ][safepoint    ] Entering safepoint region: GenCollectForAllocation
[2483.419s][info ][gc,start     ] GC(935) Pause Young (Allocation Failure)
[2483.420s][info ][gc,task      ] GC(935) Using 4 workers of 4 for evacuation
[2483.423s][debug][gc,ref       ] GC(935) Skipped phase1 of Reference Processing due to unavailable references
[2483.423s][debug][gc,ref       ] GC(935) Skipped phase2 of Reference Processing due to unavailable references
[2483.423s][debug][gc,ref       ] GC(935) Skipped phase3 of Reference Processing due to unavailable references
[2483.423s][debug][gc,ref       ] GC(935) Skipped phase4 of Reference Processing due to unavailable references
[2483.423s][debug][gc,age       ] GC(935) Desired survivor size 15400960 bytes, new threshold 6 (max threshold 6)
[2483.423s][info ][gc,heap      ] GC(935) ParNew: 242157K->1280K(270976K)
[2483.423s][info ][gc,heap      ] GC(935) CMS: 419193K->419318K(602112K)
[2483.423s][info ][gc,metaspace ] GC(935) Metaspace: 63298K->63298K(1107968K)
[2483.423s][info ][gc           ] GC(935) Pause Young (Allocation Failure) 645M->410M(852M) 3.377ms
[2483.423s][info ][gc,cpu       ] GC(935) User=0.01s Sys=0.00s Real=0.01s
[2483.423s][info ][safepoint    ] Leaving safepoint region
[2483.423s][info ][safepoint    ] Total time for which application threads were stopped: 0.0036675 seconds, Stopping threads took: 0.0000415 seconds
[2486.423s][info ][safepoint    ] Application time: 3.0002995 seconds
[2486.423s][info ][safepoint    ] Entering safepoint region: Cleanup
[2486.423s][info ][safepoint    ] Leaving safepoint region
[2486.423s][info ][safepoint    ] Total time for which application threads were stopped: 0.0001366 seconds, Stopping threads took: 0.0000481 seconds
[2487.027s][info ][safepoint    ] Application time: 0.6036958 seconds
[2487.027s][info ][safepoint    ] Entering safepoint region: GenCollectForAllocation
[2487.027s][info ][gc,start     ] GC(936) Pause Young (Allocation Failure)
[2487.027s][info ][gc,task      ] GC(936) Using 4 workers of 4 for evacuation
[2487.031s][debug][gc,ref       ] GC(936) Skipped phase1 of Reference Processing due to unavailable references
[2487.032s][debug][gc,ref       ] GC(936) Skipped phase2 of Reference Processing due to unavailable references
[2487.032s][debug][gc,ref       ] GC(936) Skipped phase3 of Reference Processing due to unavailable references
[2487.032s][debug][gc,ref       ] GC(936) Skipped phase4 of Reference Processing due to unavailable references
[2487.032s][debug][gc,age       ] GC(936) Desired survivor size 15400960 bytes, new threshold 6 (max threshold 6)
[2487.032s][info ][gc,heap      ] GC(936) ParNew: 242176K->1351K(270976K)
[2487.032s][info ][gc,heap      ] GC(936) CMS: 419318K->419554K(602112K)
[2487.032s][info ][gc,metaspace ] GC(936) Metaspace: 63298K->63298K(1107968K)
[2487.032s][info ][gc           ] GC(936) Pause Young (Allocation Failure) 645M->411M(852M) 4.381ms
[2487.032s][info ][gc,cpu       ] GC(936) User=0.02s Sys=0.00s Real=0.01s
[2487.032s][info ][safepoint    ] Leaving safepoint region
[2487.032s][info ][safepoint    ] Total time for which application threads were stopped: 0.0046472 seconds, Stopping threads took: 0.0000503 seconds
[2490.728s][info ][safepoint    ] Application time: 3.6966352 seconds
[2490.728s][info ][safepoint    ] Entering safepoint region: GenCollectForAllocation
[2490.729s][info ][gc,start     ] GC(937) Pause Young (Allocation Failure)
[2490.729s][info ][gc,task      ] GC(937) Using 4 workers of 4 for evacuation
[2490.731s][debug][gc,ref       ] GC(937) Skipped phase1 of Reference Processing due to unavailable references
[2490.731s][debug][gc,ref       ] GC(937) Skipped phase2 of Reference Processing due to unavailable references
[2490.731s][debug][gc,ref       ] GC(937) Skipped phase3 of Reference Processing due to unavailable references
[2490.731s][debug][gc,ref       ] GC(937) Skipped phase4 of Reference Processing due to unavailable references
[2490.731s][debug][gc,age       ] GC(937) Desired survivor size 15400960 bytes, new threshold 6 (max threshold 6)
[2490.731s][info ][gc,heap      ] GC(937) ParNew: 242247K->1215K(270976K)
[2490.731s][info ][gc,heap      ] GC(937) CMS: 419554K->419589K(602112K)
[2490.731s][info ][gc,metaspace ] GC(937) Metaspace: 63304K->63304K(1107968K)
[2490.731s][info ][gc           ] GC(937) Pause Young (Allocation Failure) 646M->410M(852M) 2.658ms
[2490.731s][info ][gc,cpu       ] GC(937) User=0.01s Sys=0.00s Real=0.00s
[2490.731s][info ][safepoint    ] Leaving safepoint region
[2490.731s][info ][safepoint    ] Total time for which application threads were stopped: 0.0028237 seconds, Stopping threads took: 0.0000164 seconds
[2494.424s][info ][safepoint    ] Application time: 3.6924702 seconds
[2494.424s][info ][safepoint    ] Entering safepoint region: GenCollectForAllocation
[2494.424s][info ][gc,start     ] GC(938) Pause Young (Allocation Failure)
[2494.424s][info ][gc,task      ] GC(938) Using 4 workers of 4 for evacuation
[2494.426s][debug][gc,ref       ] GC(938) Skipped phase1 of Reference Processing due to unavailable references
[2494.426s][debug][gc,ref       ] GC(938) Skipped phase2 of Reference Processing due to unavailable references
[2494.426s][debug][gc,ref       ] GC(938) Skipped phase3 of Reference Processing due to unavailable references
[2494.426s][debug][gc,ref       ] GC(938) Skipped phase4 of Reference Processing due to unavailable references
[2494.426s][debug][gc,age       ] GC(938) Desired survivor size 15400960 bytes, new threshold 6 (max threshold 6)
[2494.426s][info ][gc,heap      ] GC(938) ParNew: 242111K->1503K(270976K)
[2494.426s][info ][gc,heap      ] GC(938) CMS: 419589K->419639K(602112K)
[2494.426s][info ][gc,metaspace ] GC(938) Metaspace: 63304K->63304K(1107968K)
[2494.426s][info ][gc           ] GC(938) Pause Young (Allocation Failure) 646M->411M(852M) 2.388ms
[2494.426s][info ][gc,cpu       ] GC(938) User=0.01s Sys=0.00s Real=0.00s
[2494.426s][info ][safepoint    ] Leaving safepoint region
[2494.426s][info ][safepoint    ] Total time for which application threads were stopped: 0.0025799 seconds, Stopping threads took: 0.0000364 seconds
[2498.071s][info ][safepoint    ] Application time: 3.6450547 seconds
[2498.072s][info ][safepoint    ] Entering safepoint region: GenCollectForAllocation
[2498.072s][info ][gc,start     ] GC(939) Pause Young (Allocation Failure)
[2498.072s][info ][gc,task      ] GC(939) Using 4 workers of 4 for evacuation
[2498.074s][debug][gc,ref       ] GC(939) Skipped phase1 of Reference Processing due to unavailable references
[2498.074s][debug][gc,ref       ] GC(939) Skipped phase2 of Reference Processing due to unavailable references
[2498.074s][debug][gc,ref       ] GC(939) Skipped phase3 of Reference Processing due to unavailable references
[2498.074s][debug][gc,ref       ] GC(939) Skipped phase4 of Reference Processing due to unavailable references
[2498.074s][debug][gc,age       ] GC(939) Desired survivor size 15400960 bytes, new threshold 6 (max threshold 6)
[2498.074s][info ][gc,heap      ] GC(939) ParNew: 242399K->1141K(270976K)
[2498.074s][info ][gc,heap      ] GC(939) CMS: 419639K->419715K(602112K)
[2498.074s][info ][gc,metaspace ] GC(939) Metaspace: 63304K->63304K(1107968K)
[2498.074s][info ][gc           ] GC(939) Pause Young (Allocation Failure) 646M->410M(852M) 2.653ms
[2498.074s][info ][gc,cpu       ] GC(939) User=0.01s Sys=0.00s Real=0.00s
[2498.074s][info ][safepoint    ] Leaving safepoint region
[2498.074s][info ][safepoint    ] Total time for which application threads were stopped: 0.0028247 seconds, Stopping threads took: 0.0000168 seconds
[2500.075s][info ][safepoint    ] Application time: 2.0001904 seconds
[2500.075s][info ][safepoint    ] Entering safepoint region: Cleanup
[2500.075s][info ][safepoint    ] Leaving safepoint region
[2500.075s][info ][safepoint    ] Total time for which application threads were stopped: 0.0001356 seconds, Stopping threads took: 0.0000623 seconds
[2501.726s][info ][safepoint    ] Application time: 1.6512769 seconds
[2501.726s][info ][safepoint    ] Entering safepoint region: GenCollectForAllocation
[2501.726s][info ][gc,start     ] GC(940) Pause Young (Allocation Failure)
[2501.726s][info ][gc,task      ] GC(940) Using 4 workers of 4 for evacuation
[2501.729s][debug][gc,ref       ] GC(940) Skipped phase1 of Reference Processing due to unavailable references
[2501.729s][debug][gc,ref       ] GC(940) Skipped phase2 of Reference Processing due to unavailable references
[2501.729s][debug][gc,ref       ] GC(940) Skipped phase3 of Reference Processing due to unavailable references
[2501.729s][debug][gc,ref       ] GC(940) Skipped phase4 of Reference Processing due to unavailable references
[2501.729s][debug][gc,age       ] GC(940) Desired survivor size 15400960 bytes, new threshold 6 (max threshold 6)
[2501.730s][info ][gc,heap      ] GC(940) ParNew: 242037K->987K(270976K)
[2501.730s][info ][gc,heap      ] GC(940) CMS: 419715K->419786K(602112K)
[2501.730s][info ][gc,metaspace ] GC(940) Metaspace: 63304K->63304K(1107968K)
[2501.730s][info ][gc           ] GC(940) Pause Young (Allocation Failure) 646M->410M(852M) 3.420ms
[2501.730s][info ][gc,cpu       ] GC(940) User=0.01s Sys=0.00s Real=0.01s
[2501.730s][info ][safepoint    ] Leaving safepoint region
[2501.730s][info ][safepoint    ] Total time for which application threads were stopped: 0.0035670 seconds, Stopping threads took: 0.0000161 seconds
[2505.371s][info ][safepoint    ] Application time: 3.6418435 seconds
[2505.371s][info ][safepoint    ] Entering safepoint region: GenCollectForAllocation
[2505.372s][info ][gc,start     ] GC(941) Pause Young (Allocation Failure)
[2505.372s][info ][gc,task      ] GC(941) Using 4 workers of 4 for evacuation
[2505.374s][debug][gc,ref       ] GC(941) Skipped phase1 of Reference Processing due to unavailable references
[2505.374s][debug][gc,ref       ] GC(941) Skipped phase2 of Reference Processing due to unavailable references
[2505.374s][debug][gc,ref       ] GC(941) Skipped phase3 of Reference Processing due to unavailable references
[2505.374s][debug][gc,ref       ] GC(941) Skipped phase4 of Reference Processing due to unavailable references
[2505.374s][debug][gc,age       ] GC(941) Desired survivor size 15400960 bytes, new threshold 6 (max threshold 6)
[2505.374s][info ][gc,heap      ] GC(941) ParNew: 241883K->701K(270976K)
[2505.374s][info ][gc,heap      ] GC(941) CMS: 419786K->420264K(602112K)
[2505.374s][info ][gc,metaspace ] GC(941) Metaspace: 63304K->63304K(1107968K)
[2505.374s][info ][gc           ] GC(941) Pause Young (Allocation Failure) 646M->411M(852M) 2.688ms
[2505.374s][info ][gc,cpu       ] GC(941) User=0.01s Sys=0.00s Real=0.00s
[2505.374s][info ][safepoint    ] Leaving safepoint region
[2505.374s][info ][safepoint    ] Total time for which application threads were stopped: 0.0028346 seconds, Stopping threads took: 0.0000156 seconds
[2509.025s][info ][safepoint    ] Application time: 3.6503212 seconds
[2509.025s][info ][safepoint    ] Entering safepoint region: GenCollectForAllocation
[2509.025s][info ][gc,start     ] GC(942) Pause Young (Allocation Failure)
[2509.025s][info ][gc,task      ] GC(942) Using 4 workers of 4 for evacuation
[2509.027s][debug][gc,ref       ] GC(942) Skipped phase1 of Reference Processing due to unavailable references
[2509.027s][debug][gc,ref       ] GC(942) Skipped phase2 of Reference Processing due to unavailable references
[2509.027s][debug][gc,ref       ] GC(942) Skipped phase3 of Reference Processing due to unavailable references
[2509.027s][debug][gc,ref       ] GC(942) Skipped phase4 of Reference Processing due to unavailable references
[2509.027s][debug][gc,age       ] GC(942) Desired survivor size 15400960 bytes, new threshold 6 (max threshold 6)
[2509.027s][info ][gc,heap      ] GC(942) ParNew: 241597K->862K(270976K)
[2509.027s][info ][gc,heap      ] GC(942) CMS: 420264K->420412K(602112K)
[2509.027s][info ][gc,metaspace ] GC(942) Metaspace: 63304K->63304K(1107968K)
[2509.027s][info ][gc           ] GC(942) Pause Young (Allocation Failure) 646M->411M(852M) 2.641ms
[2509.027s][info ][gc,cpu       ] GC(942) User=0.00s Sys=0.00s Real=0.00s
[2509.027s][info ][safepoint    ] Leaving safepoint region
[2509.027s][info ][safepoint    ] Total time for which application threads were stopped: 0.0027961 seconds, Stopping threads took: 0.0000168 seconds
[2511.028s][info ][safepoint    ] Application time: 2.0001379 seconds
[2511.028s][info ][safepoint    ] Entering safepoint region: Cleanup
[2511.028s][info ][safepoint    ] Leaving safepoint region
[2511.028s][info ][safepoint    ] Total time for which application threads were stopped: 0.0001425 seconds, Stopping threads took: 0.0000753 seconds
[2512.627s][info ][safepoint    ] Application time: 1.5994003 seconds
[2512.627s][info ][safepoint    ] Entering safepoint region: GenCollectForAllocation
[2512.627s][info ][gc,start     ] GC(943) Pause Young (Allocation Failure)
[2512.627s][info ][gc,task      ] GC(943) Using 4 workers of 4 for evacuation
[2512.629s][debug][gc,ref       ] GC(943) Skipped phase1 of Reference Processing due to unavailable references
[2512.629s][debug][gc,ref       ] GC(943) Skipped phase2 of Reference Processing due to unavailable references
[2512.629s][debug][gc,ref       ] GC(943) Skipped phase3 of Reference Processing due to unavailable references
[2512.629s][debug][gc,ref       ] GC(943) Skipped phase4 of Reference Processing due to unavailable references
[2512.630s][debug][gc,age       ] GC(943) Desired survivor size 15400960 bytes, new threshold 6 (max threshold 6)
[2512.630s][info ][gc,heap      ] GC(943) ParNew: 241758K->1080K(270976K)
[2512.630s][info ][gc,heap      ] GC(943) CMS: 420412K->420426K(602112K)
[2512.630s][info ][gc,metaspace ] GC(943) Metaspace: 63318K->63318K(1107968K)
[2512.630s][info ][gc           ] GC(943) Pause Young (Allocation Failure) 646M->411M(852M) 2.259ms
[2512.630s][info ][gc,cpu       ] GC(943) User=0.01s Sys=0.00s Real=0.01s
[2512.630s][info ][safepoint    ] Leaving safepoint region
[2512.630s][info ][safepoint    ] Total time for which application threads were stopped: 0.0024144 seconds, Stopping threads took: 0.0000176 seconds
[2516.322s][info ][safepoint    ] Application time: 3.6923292 seconds
[2516.322s][info ][safepoint    ] Entering safepoint region: GenCollectForAllocation
[2516.322s][info ][gc,start     ] GC(944) Pause Young (Allocation Failure)
[2516.322s][info ][gc,task      ] GC(944) Using 4 workers of 4 for evacuation
[2516.325s][debug][gc,ref       ] GC(944) Skipped phase1 of Reference Processing due to unavailable references
[2516.325s][debug][gc,ref       ] GC(944) Skipped phase2 of Reference Processing due to unavailable references
[2516.325s][debug][gc,ref       ] GC(944) Skipped phase3 of Reference Processing due to unavailable references
[2516.325s][debug][gc,ref       ] GC(944) Skipped phase4 of Reference Processing due to unavailable references
[2516.325s][debug][gc,age       ] GC(944) Desired survivor size 15400960 bytes, new threshold 6 (max threshold 6)
[2516.325s][info ][gc,heap      ] GC(944) ParNew: 241976K->928K(270976K)
[2516.325s][info ][gc,heap      ] GC(944) CMS: 420426K->420474K(602112K)
[2516.325s][info ][gc,metaspace ] GC(944) Metaspace: 63318K->63318K(1107968K)
[2516.325s][info ][gc           ] GC(944) Pause Young (Allocation Failure) 646M->411M(852M) 2.755ms
[2516.325s][info ][gc,cpu       ] GC(944) User=0.00s Sys=0.00s Real=0.00s
[2516.325s][info ][safepoint    ] Leaving safepoint region
[2516.325s][info ][safepoint    ] Total time for which application threads were stopped: 0.0029107 seconds, Stopping threads took: 0.0000207 seconds
[2518.325s][info ][safepoint    ] Application time: 2.0001981 seconds
[2518.325s][info ][safepoint    ] Entering safepoint region: Cleanup
[2518.325s][info ][safepoint    ] Leaving safepoint region
[2518.325s][info ][safepoint    ] Total time for which application threads were stopped: 0.0001345 seconds, Stopping threads took: 0.0000706 seconds
[2520.022s][info ][safepoint    ] Application time: 1.6964858 seconds
[2520.022s][info ][safepoint    ] Entering safepoint region: GenCollectForAllocation
[2520.022s][info ][gc,start     ] GC(945) Pause Young (Allocation Failure)
[2520.022s][info ][gc,task      ] GC(945) Using 4 workers of 4 for evacuation
[2520.024s][debug][gc,ref       ] GC(945) Skipped phase1 of Reference Processing due to unavailable references
[2520.024s][debug][gc,ref       ] GC(945) Skipped phase2 of Reference Processing due to unavailable references
[2520.024s][debug][gc,ref       ] GC(945) Skipped phase3 of Reference Processing due to unavailable references
[2520.024s][debug][gc,ref       ] GC(945) Skipped phase4 of Reference Processing due to unavailable references
[2520.024s][debug][gc,age       ] GC(945) Desired survivor size 15400960 bytes, new threshold 6 (max threshold 6)
[2520.024s][info ][gc,heap      ] GC(945) ParNew: 241824K->1064K(270976K)
[2520.024s][info ][gc,heap      ] GC(945) CMS: 420474K->420524K(602112K)
[2520.024s][info ][gc,metaspace ] GC(945) Metaspace: 63318K->63318K(1107968K)
[2520.024s][info ][gc           ] GC(945) Pause Young (Allocation Failure) 646M->411M(852M) 2.429ms
[2520.024s][info ][gc,cpu       ] GC(945) User=0.00s Sys=0.00s Real=0.00s
[2520.024s][info ][safepoint    ] Leaving safepoint region
[2520.024s][info ][safepoint    ] Total time for which application threads were stopped: 0.0025798 seconds, Stopping threads took: 0.0000183 seconds
[2523.719s][info ][safepoint    ] Application time: 3.6947830 seconds
[2523.719s][info ][safepoint    ] Entering safepoint region: GenCollectForAllocation
[2523.719s][info ][gc,start     ] GC(946) Pause Young (Allocation Failure)
[2523.719s][info ][gc,task      ] GC(946) Using 4 workers of 4 for evacuation
[2523.722s][debug][gc,ref       ] GC(946) Skipped phase1 of Reference Processing due to unavailable references
[2523.722s][debug][gc,ref       ] GC(946) Skipped phase2 of Reference Processing due to unavailable references
[2523.722s][debug][gc,ref       ] GC(946) Skipped phase3 of Reference Processing due to unavailable references
[2523.722s][debug][gc,ref       ] GC(946) Skipped phase4 of Reference Processing due to unavailable references
[2523.722s][debug][gc,age       ] GC(946) Desired survivor size 15400960 bytes, new threshold 6 (max threshold 6)
[2523.722s][info ][gc,heap      ] GC(946) ParNew: 241960K->1212K(270976K)
[2523.722s][info ][gc,heap      ] GC(946) CMS: 420524K->420578K(602112K)
[2523.722s][info ][gc,metaspace ] GC(946) Metaspace: 63318K->63318K(1107968K)
[2523.722s][info ][gc           ] GC(946) Pause Young (Allocation Failure) 646M->411M(852M) 2.338ms
[2523.722s][info ][gc,cpu       ] GC(946) User=0.00s Sys=0.00s Real=0.01s
[2523.722s][info ][safepoint    ] Leaving safepoint region
[2523.722s][info ][safepoint    ] Total time for which application threads were stopped: 0.0025408 seconds, Stopping threads took: 0.0000665 seconds
[2527.269s][info ][safepoint    ] Application time: 3.5471463 seconds
[2527.269s][info ][safepoint    ] Entering safepoint region: GenCollectForAllocation
[2527.269s][info ][gc,start     ] GC(947) Pause Young (Allocation Failure)
[2527.269s][info ][gc,task      ] GC(947) Using 4 workers of 4 for evacuation
[2527.272s][debug][gc,ref       ] GC(947) Skipped phase1 of Reference Processing due to unavailable references
[2527.272s][debug][gc,ref       ] GC(947) Skipped phase2 of Reference Processing due to unavailable references
[2527.272s][debug][gc,ref       ] GC(947) Skipped phase3 of Reference Processing due to unavailable references
[2527.272s][debug][gc,ref       ] GC(947) Skipped phase4 of Reference Processing due to unavailable references
[2527.272s][debug][gc,age       ] GC(947) Desired survivor size 15400960 bytes, new threshold 6 (max threshold 6)
[2527.272s][info ][gc,heap      ] GC(947) ParNew: 242108K->1114K(270976K)
[2527.272s][info ][gc,heap      ] GC(947) CMS: 420578K->420663K(602112K)
[2527.272s][info ][gc,metaspace ] GC(947) Metaspace: 63318K->63318K(1107968K)
[2527.272s][info ][gc           ] GC(947) Pause Young (Allocation Failure) 647M->411M(852M) 2.964ms
[2527.272s][info ][gc,cpu       ] GC(947) User=0.01s Sys=0.01s Real=0.00s
[2527.272s][info ][safepoint    ] Leaving safepoint region
[2527.272s][info ][safepoint    ] Total time for which application threads were stopped: 0.0032506 seconds, Stopping threads took: 0.0000518 seconds
[2530.868s][info ][safepoint    ] Application time: 3.5959080 seconds
[2530.868s][info ][safepoint    ] Entering safepoint region: GenCollectForAllocation
[2530.868s][info ][gc,start     ] GC(948) Pause Young (Allocation Failure)
[2530.868s][info ][gc,task      ] GC(948) Using 4 workers of 4 for evacuation
[2530.872s][debug][gc,ref       ] GC(948) Skipped phase1 of Reference Processing due to unavailable references
[2530.872s][debug][gc,ref       ] GC(948) Skipped phase2 of Reference Processing due to unavailable references
[2530.872s][debug][gc,ref       ] GC(948) Skipped phase3 of Reference Processing due to unavailable references
[2530.872s][debug][gc,ref       ] GC(948) Skipped phase4 of Reference Processing due to unavailable references
[2530.872s][debug][gc,age       ] GC(948) Desired survivor size 15400960 bytes, new threshold 6 (max threshold 6)
[2530.872s][info ][gc,heap      ] GC(948) ParNew: 242010K->974K(270976K)
[2530.872s][info ][gc,heap      ] GC(948) CMS: 420663K->420718K(602112K)
[2530.872s][info ][gc,metaspace ] GC(948) Metaspace: 63318K->63318K(1107968K)
[2530.872s][info ][gc           ] GC(948) Pause Young (Allocation Failure) 647M->411M(852M) 3.740ms
[2530.872s][info ][gc,cpu       ] GC(948) User=0.01s Sys=0.00s Real=0.00s
[2530.872s][info ][safepoint    ] Leaving safepoint region
[2530.872s][info ][safepoint    ] Total time for which application threads were stopped: 0.0039889 seconds, Stopping threads took: 0.0000531 seconds
[2533.872s][info ][safepoint    ] Application time: 3.0002333 seconds
[2533.873s][info ][safepoint    ] Entering safepoint region: Cleanup
[2533.873s][info ][safepoint    ] Leaving safepoint region
[2533.873s][info ][safepoint    ] Total time for which application threads were stopped: 0.0001850 seconds, Stopping threads took: 0.0000870 seconds
[2534.578s][info ][safepoint    ] Application time: 0.7048228 seconds
[2534.578s][info ][safepoint    ] Entering safepoint region: GenCollectForAllocation
[2534.578s][info ][gc,start     ] GC(949) Pause Young (Allocation Failure)
[2534.578s][info ][gc,task      ] GC(949) Using 4 workers of 4 for evacuation
[2534.580s][debug][gc,ref       ] GC(949) Skipped phase1 of Reference Processing due to unavailable references
[2534.580s][debug][gc,ref       ] GC(949) Skipped phase2 of Reference Processing due to unavailable references
[2534.580s][debug][gc,ref       ] GC(949) Skipped phase3 of Reference Processing due to unavailable references
[2534.580s][debug][gc,ref       ] GC(949) Skipped phase4 of Reference Processing due to unavailable references
[2534.580s][debug][gc,age       ] GC(949) Desired survivor size 15400960 bytes, new threshold 6 (max threshold 6)
[2534.580s][info ][gc,heap      ] GC(949) ParNew: 241870K->1078K(270976K)
[2534.580s][info ][gc,heap      ] GC(949) CMS: 420718K->420800K(602112K)
[2534.580s][info ][gc,metaspace ] GC(949) Metaspace: 63318K->63318K(1107968K)
[2534.580s][info ][gc           ] GC(949) Pause Young (Allocation Failure) 647M->411M(852M) 2.443ms
[2534.580s][info ][gc,cpu       ] GC(949) User=0.01s Sys=0.00s Real=0.00s
[2534.580s][info ][safepoint    ] Leaving safepoint region
[2534.580s][info ][safepoint    ] Total time for which application threads were stopped: 0.0025884 seconds, Stopping threads took: 0.0000164 seconds
[2538.156s][info ][safepoint    ] Application time: 3.5763725 seconds
[2538.157s][info ][safepoint    ] Entering safepoint region: GenCollectForAllocation
[2538.157s][info ][gc,start     ] GC(950) Pause Young (Allocation Failure)
[2538.157s][info ][gc,task      ] GC(950) Using 4 workers of 4 for evacuation
[2538.159s][debug][gc,ref       ] GC(950) Skipped phase1 of Reference Processing due to unavailable references
[2538.159s][debug][gc,ref       ] GC(950) Skipped phase2 of Reference Processing due to unavailable references
[2538.159s][debug][gc,ref       ] GC(950) Skipped phase3 of Reference Processing due to unavailable references
[2538.159s][debug][gc,ref       ] GC(950) Skipped phase4 of Reference Processing due to unavailable references
[2538.160s][debug][gc,age       ] GC(950) Desired survivor size 15400960 bytes, new threshold 6 (max threshold 6)
[2538.160s][info ][gc,heap      ] GC(950) ParNew: 241974K->1151K(270976K)
[2538.160s][info ][gc,heap      ] GC(950) CMS: 420800K->420862K(602112K)
[2538.160s][info ][gc,metaspace ] GC(950) Metaspace: 63318K->63318K(1107968K)
[2538.160s][info ][gc           ] GC(950) Pause Young (Allocation Failure) 647M->412M(852M) 2.822ms
[2538.160s][info ][gc,cpu       ] GC(950) User=0.00s Sys=0.00s Real=0.00s
[2538.160s][info ][safepoint    ] Leaving safepoint region
[2538.160s][info ][safepoint    ] Total time for which application threads were stopped: 0.0031415 seconds, Stopping threads took: 0.0001740 seconds
[2541.674s][info ][safepoint    ] Application time: 3.5144670 seconds
[2541.674s][info ][safepoint    ] Entering safepoint region: GenCollectForAllocation
[2541.674s][info ][gc,start     ] GC(951) Pause Young (Allocation Failure)
[2541.674s][info ][gc,task      ] GC(951) Using 4 workers of 4 for evacuation
[2541.677s][debug][gc,ref       ] GC(951) Skipped phase1 of Reference Processing due to unavailable references
[2541.677s][debug][gc,ref       ] GC(951) Skipped phase2 of Reference Processing due to unavailable references
[2541.677s][debug][gc,ref       ] GC(951) Skipped phase3 of Reference Processing due to unavailable references
[2541.677s][debug][gc,ref       ] GC(951) Skipped phase4 of Reference Processing due to unavailable references
[2541.677s][debug][gc,age       ] GC(951) Desired survivor size 15400960 bytes, new threshold 6 (max threshold 6)
[2541.677s][info ][gc,heap      ] GC(951) ParNew: 242047K->1126K(270976K)
[2541.677s][info ][gc,heap      ] GC(951) CMS: 420862K->420897K(602112K)
[2541.677s][info ][gc,metaspace ] GC(951) Metaspace: 63318K->63318K(1107968K)
[2541.677s][info ][gc           ] GC(951) Pause Young (Allocation Failure) 647M->412M(852M) 2.753ms
[2541.677s][info ][gc,cpu       ] GC(951) User=0.01s Sys=0.00s Real=0.00s
[2541.677s][info ][safepoint    ] Leaving safepoint region
[2541.677s][info ][safepoint    ] Total time for which application threads were stopped: 0.0029063 seconds, Stopping threads took: 0.0000163 seconds
[2543.677s][info ][safepoint    ] Application time: 2.0001825 seconds
[2543.677s][info ][safepoint    ] Entering safepoint region: Cleanup
[2543.677s][info ][safepoint    ] Leaving safepoint region
[2543.677s][info ][safepoint    ] Total time for which application threads were stopped: 0.0001130 seconds, Stopping threads took: 0.0000470 seconds
[2545.418s][info ][safepoint    ] Application time: 1.7405810 seconds
[2545.418s][info ][safepoint    ] Entering safepoint region: GenCollectForAllocation
[2545.418s][info ][gc,start     ] GC(952) Pause Young (Allocation Failure)
[2545.418s][info ][gc,task      ] GC(952) Using 4 workers of 4 for evacuation
[2545.421s][debug][gc,ref       ] GC(952) Skipped phase1 of Reference Processing due to unavailable references
[2545.421s][debug][gc,ref       ] GC(952) Skipped phase2 of Reference Processing due to unavailable references
[2545.421s][debug][gc,ref       ] GC(952) Skipped phase3 of Reference Processing due to unavailable references
[2545.421s][debug][gc,ref       ] GC(952) Skipped phase4 of Reference Processing due to unavailable references
[2545.421s][debug][gc,age       ] GC(952) Desired survivor size 15400960 bytes, new threshold 6 (max threshold 6)
[2545.421s][info ][gc,heap      ] GC(952) ParNew: 242022K->1269K(270976K)
[2545.421s][info ][gc,heap      ] GC(952) CMS: 420897K->420942K(602112K)
[2545.421s][info ][gc,metaspace ] GC(952) Metaspace: 63318K->63318K(1107968K)
[2545.421s][info ][gc           ] GC(952) Pause Young (Allocation Failure) 647M->412M(852M) 2.873ms
[2545.421s][info ][gc,cpu       ] GC(952) User=0.01s Sys=0.00s Real=0.01s
[2545.421s][info ][safepoint    ] Leaving safepoint region
[2545.421s][info ][safepoint    ] Total time for which application threads were stopped: 0.0030257 seconds, Stopping threads took: 0.0000155 seconds
[2549.174s][info ][safepoint    ] Application time: 3.7530612 seconds
[2549.174s][info ][safepoint    ] Entering safepoint region: GenCollectForAllocation
[2549.174s][info ][gc,start     ] GC(953) Pause Young (Allocation Failure)
[2549.174s][info ][gc,task      ] GC(953) Using 4 workers of 4 for evacuation
[2549.177s][debug][gc,ref       ] GC(953) Skipped phase1 of Reference Processing due to unavailable references
[2549.177s][debug][gc,ref       ] GC(953) Skipped phase2 of Reference Processing due to unavailable references
[2549.177s][debug][gc,ref       ] GC(953) Skipped phase3 of Reference Processing due to unavailable references
[2549.177s][debug][gc,ref       ] GC(953) Skipped phase4 of Reference Processing due to unavailable references
[2549.178s][debug][gc,age       ] GC(953) Desired survivor size 15400960 bytes, new threshold 6 (max threshold 6)
[2549.178s][info ][gc,heap      ] GC(953) ParNew: 242165K->1238K(270976K)
[2549.178s][info ][gc,heap      ] GC(953) CMS: 420942K->421045K(602112K)
[2549.178s][info ][gc,metaspace ] GC(953) Metaspace: 63318K->63318K(1107968K)
[2549.178s][info ][gc           ] GC(953) Pause Young (Allocation Failure) 647M->412M(852M) 3.225ms
[2549.178s][info ][gc,cpu       ] GC(953) User=0.01s Sys=0.00s Real=0.00s
[2549.178s][info ][safepoint    ] Leaving safepoint region
[2549.178s][info ][safepoint    ] Total time for which application threads were stopped: 0.0034993 seconds, Stopping threads took: 0.0000448 seconds
[2551.178s][info ][safepoint    ] Application time: 2.0002119 seconds
[2551.178s][info ][safepoint    ] Entering safepoint region: Cleanup
[2551.178s][info ][safepoint    ] Leaving safepoint region
[2551.178s][info ][safepoint    ] Total time for which application threads were stopped: 0.0001866 seconds, Stopping threads took: 0.0000691 seconds
[2552.926s][info ][safepoint    ] Application time: 1.7475399 seconds
[2552.926s][info ][safepoint    ] Entering safepoint region: GenCollectForAllocation
[2552.926s][info ][gc,start     ] GC(954) Pause Young (Allocation Failure)
[2552.926s][info ][gc,task      ] GC(954) Using 4 workers of 4 for evacuation
[2552.929s][debug][gc,ref       ] GC(954) Skipped phase1 of Reference Processing due to unavailable references
[2552.929s][debug][gc,ref       ] GC(954) Skipped phase2 of Reference Processing due to unavailable references
[2552.929s][debug][gc,ref       ] GC(954) Skipped phase3 of Reference Processing due to unavailable references
[2552.929s][debug][gc,ref       ] GC(954) Skipped phase4 of Reference Processing due to unavailable references
[2552.930s][debug][gc,age       ] GC(954) Desired survivor size 15400960 bytes, new threshold 6 (max threshold 6)
[2552.930s][info ][gc,heap      ] GC(954) ParNew: 242134K->1279K(270976K)
[2552.930s][info ][gc,heap      ] GC(954) CMS: 421045K->421111K(602112K)
[2552.930s][info ][gc,metaspace ] GC(954) Metaspace: 63318K->63318K(1107968K)
[2552.930s][info ][gc           ] GC(954) Pause Young (Allocation Failure) 647M->412M(852M) 3.825ms
[2552.930s][info ][gc,cpu       ] GC(954) User=0.01s Sys=0.01s Real=0.01s
[2552.930s][info ][safepoint    ] Leaving safepoint region
[2552.930s][info ][safepoint    ] Total time for which application threads were stopped: 0.0039971 seconds, Stopping threads took: 0.0000169 seconds
[2555.930s][info ][safepoint    ] Application time: 3.0002576 seconds
[2555.930s][info ][safepoint    ] Entering safepoint region: Cleanup
[2555.930s][info ][safepoint    ] Leaving safepoint region
[2555.930s][info ][safepoint    ] Total time for which application threads were stopped: 0.0001111 seconds, Stopping threads took: 0.0000343 seconds
[2556.623s][info ][safepoint    ] Application time: 0.6925774 seconds
[2556.623s][info ][safepoint    ] Entering safepoint region: GenCollectForAllocation
[2556.623s][info ][gc,start     ] GC(955) Pause Young (Allocation Failure)
[2556.623s][info ][gc,task      ] GC(955) Using 4 workers of 4 for evacuation
[2556.627s][debug][gc,ref       ] GC(955) Skipped phase1 of Reference Processing due to unavailable references
[2556.627s][debug][gc,ref       ] GC(955) Skipped phase2 of Reference Processing due to unavailable references
[2556.627s][debug][gc,ref       ] GC(955) Skipped phase3 of Reference Processing due to unavailable references
[2556.627s][debug][gc,ref       ] GC(955) Skipped phase4 of Reference Processing due to unavailable references
[2556.627s][debug][gc,age       ] GC(955) Desired survivor size 15400960 bytes, new threshold 6 (max threshold 6)
[2556.627s][info ][gc,heap      ] GC(955) ParNew: 242175K->1269K(270976K)
[2556.627s][info ][gc,heap      ] GC(955) CMS: 421111K->421395K(602112K)
[2556.627s][info ][gc,metaspace ] GC(955) Metaspace: 63322K->63322K(1107968K)
[2556.628s][info ][gc           ] GC(955) Pause Young (Allocation Failure) 647M->412M(852M) 4.630ms
[2556.628s][info ][gc,cpu       ] GC(955) User=0.02s Sys=0.00s Real=0.00s
[2556.628s][info ][safepoint    ] Leaving safepoint region
[2556.628s][info ][safepoint    ] Total time for which application threads were stopped: 0.0047874 seconds, Stopping threads took: 0.0000165 seconds
[2560.219s][info ][safepoint    ] Application time: 3.5913431 seconds
[2560.219s][info ][safepoint    ] Entering safepoint region: GenCollectForAllocation
[2560.219s][info ][gc,start     ] GC(956) Pause Young (Allocation Failure)
[2560.219s][info ][gc,task      ] GC(956) Using 4 workers of 4 for evacuation
[2560.222s][debug][gc,ref       ] GC(956) Skipped phase1 of Reference Processing due to unavailable references
[2560.222s][debug][gc,ref       ] GC(956) Skipped phase2 of Reference Processing due to unavailable references
[2560.222s][debug][gc,ref       ] GC(956) Skipped phase3 of Reference Processing due to unavailable references
[2560.222s][debug][gc,ref       ] GC(956) Skipped phase4 of Reference Processing due to unavailable references
[2560.222s][debug][gc,age       ] GC(956) Desired survivor size 15400960 bytes, new threshold 6 (max threshold 6)
[2560.222s][info ][gc,heap      ] GC(956) ParNew: 242165K->1390K(270976K)
[2560.222s][info ][gc,heap      ] GC(956) CMS: 421395K->421510K(602112K)
[2560.222s][info ][gc,metaspace ] GC(956) Metaspace: 63322K->63322K(1107968K)
[2560.222s][info ][gc           ] GC(956) Pause Young (Allocation Failure) 648M->412M(852M) 2.770ms
[2560.222s][info ][gc,cpu       ] GC(956) User=0.01s Sys=0.00s Real=0.01s
[2560.222s][info ][safepoint    ] Leaving safepoint region
[2560.222s][info ][safepoint    ] Total time for which application threads were stopped: 0.0030425 seconds, Stopping threads took: 0.0001205 seconds
[2563.928s][info ][safepoint    ] Application time: 3.7055179 seconds
[2563.928s][info ][safepoint    ] Entering safepoint region: GenCollectForAllocation
[2563.928s][info ][gc,start     ] GC(957) Pause Young (Allocation Failure)
[2563.928s][info ][gc,task      ] GC(957) Using 4 workers of 4 for evacuation
[2563.930s][debug][gc,ref       ] GC(957) Skipped phase1 of Reference Processing due to unavailable references
[2563.930s][debug][gc,ref       ] GC(957) Skipped phase2 of Reference Processing due to unavailable references
[2563.930s][debug][gc,ref       ] GC(957) Skipped phase3 of Reference Processing due to unavailable references
[2563.930s][debug][gc,ref       ] GC(957) Skipped phase4 of Reference Processing due to unavailable references
[2563.930s][debug][gc,age       ] GC(957) Desired survivor size 15400960 bytes, new threshold 6 (max threshold 6)
[2563.930s][info ][gc,heap      ] GC(957) ParNew: 242286K->1393K(270976K)
[2563.930s][info ][gc,heap      ] GC(957) CMS: 421510K->421651K(602112K)
[2563.930s][info ][gc,metaspace ] GC(957) Metaspace: 63323K->63323K(1107968K)
[2563.930s][info ][gc           ] GC(957) Pause Young (Allocation Failure) 648M->413M(852M) 2.654ms
[2563.930s][info ][gc,cpu       ] GC(957) User=0.01s Sys=0.00s Real=0.01s
[2563.930s][info ][safepoint    ] Leaving safepoint region
[2563.930s][info ][safepoint    ] Total time for which application threads were stopped: 0.0028180 seconds, Stopping threads took: 0.0000178 seconds
[2565.931s][info ][safepoint    ] Application time: 2.0001942 seconds
[2565.931s][info ][safepoint    ] Entering safepoint region: Cleanup
[2565.931s][info ][safepoint    ] Leaving safepoint region
[2565.931s][info ][safepoint    ] Total time for which application threads were stopped: 0.0000722 seconds, Stopping threads took: 0.0000149 seconds
[2566.931s][info ][safepoint    ] Application time: 1.0001360 seconds
[2566.931s][info ][safepoint    ] Entering safepoint region: Cleanup
[2566.931s][info ][safepoint    ] Leaving safepoint region
[2566.931s][info ][safepoint    ] Total time for which application threads were stopped: 0.0000896 seconds, Stopping threads took: 0.0000155 seconds
[2567.575s][info ][safepoint    ] Application time: 0.6436553 seconds
[2567.575s][info ][safepoint    ] Entering safepoint region: GenCollectForAllocation
[2567.575s][info ][gc,start     ] GC(958) Pause Young (Allocation Failure)
[2567.575s][info ][gc,task      ] GC(958) Using 4 workers of 4 for evacuation
[2567.577s][debug][gc,ref       ] GC(958) Skipped phase1 of Reference Processing due to unavailable references
[2567.577s][debug][gc,ref       ] GC(958) Skipped phase2 of Reference Processing due to unavailable references
[2567.577s][debug][gc,ref       ] GC(958) Skipped phase3 of Reference Processing due to unavailable references
[2567.577s][debug][gc,ref       ] GC(958) Skipped phase4 of Reference Processing due to unavailable references
[2567.578s][debug][gc,age       ] GC(958) Desired survivor size 15400960 bytes, new threshold 6 (max threshold 6)
[2567.578s][info ][gc,heap      ] GC(958) ParNew: 242289K->1253K(270976K)
[2567.578s][info ][gc,heap      ] GC(958) CMS: 421651K->421792K(602112K)
[2567.578s][info ][gc,metaspace ] GC(958) Metaspace: 63323K->63323K(1107968K)
[2567.578s][info ][gc           ] GC(958) Pause Young (Allocation Failure) 648M->413M(852M) 3.034ms
[2567.578s][info ][gc,cpu       ] GC(958) User=0.01s Sys=0.00s Real=0.00s
[2567.578s][info ][safepoint    ] Leaving safepoint region
[2567.578s][info ][safepoint    ] Total time for which application threads were stopped: 0.0031869 seconds, Stopping threads took: 0.0000160 seconds
[2571.271s][info ][safepoint    ] Application time: 3.6931078 seconds
[2571.271s][info ][safepoint    ] Entering safepoint region: GenCollectForAllocation
[2571.271s][info ][gc,start     ] GC(959) Pause Young (Allocation Failure)
[2571.271s][info ][gc,task      ] GC(959) Using 4 workers of 4 for evacuation
[2571.274s][debug][gc,ref       ] GC(959) Skipped phase1 of Reference Processing due to unavailable references
[2571.274s][debug][gc,ref       ] GC(959) Skipped phase2 of Reference Processing due to unavailable references
[2571.274s][debug][gc,ref       ] GC(959) Skipped phase3 of Reference Processing due to unavailable references
[2571.274s][debug][gc,ref       ] GC(959) Skipped phase4 of Reference Processing due to unavailable references
[2571.274s][debug][gc,age       ] GC(959) Desired survivor size 15400960 bytes, new threshold 6 (max threshold 6)
[2571.274s][info ][gc,heap      ] GC(959) ParNew: 242149K->1262K(270976K)
[2571.274s][info ][gc,heap      ] GC(959) CMS: 421792K->421874K(602112K)
[2571.274s][info ][gc,metaspace ] GC(959) Metaspace: 63323K->63323K(1107968K)
[2571.274s][info ][gc           ] GC(959) Pause Young (Allocation Failure) 648M->413M(852M) 2.698ms
[2571.274s][info ][gc,cpu       ] GC(959) User=0.01s Sys=0.00s Real=0.00s
[2571.274s][info ][safepoint    ] Leaving safepoint region
[2571.274s][info ][safepoint    ] Total time for which application threads were stopped: 0.0028427 seconds, Stopping threads took: 0.0000154 seconds
[2574.274s][info ][safepoint    ] Application time: 3.0002793 seconds
[2574.274s][info ][safepoint    ] Entering safepoint region: Cleanup
[2574.274s][info ][safepoint    ] Leaving safepoint region
[2574.274s][info ][safepoint    ] Total time for which application threads were stopped: 0.0001096 seconds, Stopping threads took: 0.0000434 seconds
[2574.919s][info ][safepoint    ] Application time: 0.6449666 seconds
[2574.919s][info ][safepoint    ] Entering safepoint region: GenCollectForAllocation
[2574.920s][info ][gc,start     ] GC(960) Pause Young (Allocation Failure)
[2574.920s][info ][gc,task      ] GC(960) Using 4 workers of 4 for evacuation
[2574.922s][debug][gc,ref       ] GC(960) Skipped phase1 of Reference Processing due to unavailable references
[2574.922s][debug][gc,ref       ] GC(960) Skipped phase2 of Reference Processing due to unavailable references
[2574.922s][debug][gc,ref       ] GC(960) Skipped phase3 of Reference Processing due to unavailable references
[2574.922s][debug][gc,ref       ] GC(960) Skipped phase4 of Reference Processing due to unavailable references
[2574.922s][debug][gc,age       ] GC(960) Desired survivor size 15400960 bytes, new threshold 6 (max threshold 6)
[2574.922s][info ][gc,heap      ] GC(960) ParNew: 242158K->1241K(270976K)
[2574.922s][info ][gc,heap      ] GC(960) CMS: 421874K->421912K(602112K)
[2574.922s][info ][gc,metaspace ] GC(960) Metaspace: 63324K->63324K(1107968K)
[2574.922s][info ][gc           ] GC(960) Pause Young (Allocation Failure) 648M->413M(852M) 2.754ms
[2574.922s][info ][gc,cpu       ] GC(960) User=0.01s Sys=0.00s Real=0.01s
[2574.922s][info ][safepoint    ] Leaving safepoint region
[2574.922s][info ][safepoint    ] Total time for which application threads were stopped: 0.0030171 seconds, Stopping threads took: 0.0000609 seconds
[2578.572s][info ][safepoint    ] Application time: 3.6501151 seconds
[2578.573s][info ][safepoint    ] Entering safepoint region: GenCollectForAllocation
[2578.573s][info ][gc,start     ] GC(961) Pause Young (Allocation Failure)
[2578.573s][info ][gc,task      ] GC(961) Using 4 workers of 4 for evacuation
[2578.576s][debug][gc,ref       ] GC(961) Skipped phase1 of Reference Processing due to unavailable references
[2578.576s][debug][gc,ref       ] GC(961) Skipped phase2 of Reference Processing due to unavailable references
[2578.576s][debug][gc,ref       ] GC(961) Skipped phase3 of Reference Processing due to unavailable references
[2578.576s][debug][gc,ref       ] GC(961) Skipped phase4 of Reference Processing due to unavailable references
[2578.576s][debug][gc,age       ] GC(961) Desired survivor size 15400960 bytes, new threshold 6 (max threshold 6)
[2578.576s][info ][gc,heap      ] GC(961) ParNew: 242137K->1440K(270976K)
[2578.576s][info ][gc,heap      ] GC(961) CMS: 421912K->421969K(602112K)
[2578.576s][info ][gc,metaspace ] GC(961) Metaspace: 63324K->63324K(1107968K)
[2578.576s][info ][gc           ] GC(961) Pause Young (Allocation Failure) 648M->413M(852M) 3.182ms
[2578.576s][info ][gc,cpu       ] GC(961) User=0.01s Sys=0.00s Real=0.00s
[2578.576s][info ][safepoint    ] Leaving safepoint region
[2578.576s][info ][safepoint    ] Total time for which application threads were stopped: 0.0034662 seconds, Stopping threads took: 0.0000571 seconds
[2582.226s][info ][safepoint    ] Application time: 3.6502170 seconds
[2582.226s][info ][safepoint    ] Entering safepoint region: GenCollectForAllocation
[2582.226s][info ][gc,start     ] GC(962) Pause Young (Allocation Failure)
[2582.226s][info ][gc,task      ] GC(962) Using 4 workers of 4 for evacuation
[2582.229s][debug][gc,ref       ] GC(962) Skipped phase1 of Reference Processing due to unavailable references
[2582.229s][debug][gc,ref       ] GC(962) Skipped phase2 of Reference Processing due to unavailable references
[2582.229s][debug][gc,ref       ] GC(962) Skipped phase3 of Reference Processing due to unavailable references
[2582.229s][debug][gc,ref       ] GC(962) Skipped phase4 of Reference Processing due to unavailable references
[2582.229s][debug][gc,age       ] GC(962) Desired survivor size 15400960 bytes, new threshold 6 (max threshold 6)
[2582.229s][info ][gc,heap      ] GC(962) ParNew: 242336K->1362K(270976K)
[2582.229s][info ][gc,heap      ] GC(962) CMS: 421969K->422080K(602112K)
[2582.229s][info ][gc,metaspace ] GC(962) Metaspace: 63324K->63324K(1107968K)
[2582.229s][info ][gc           ] GC(962) Pause Young (Allocation Failure) 648M->413M(852M) 2.623ms
[2582.229s][info ][gc,cpu       ] GC(962) User=0.01s Sys=0.00s Real=0.01s
[2582.229s][info ][safepoint    ] Leaving safepoint region
[2582.229s][info ][safepoint    ] Total time for which application threads were stopped: 0.0028201 seconds, Stopping threads took: 0.0000147 seconds
[2585.773s][info ][safepoint    ] Application time: 3.5434942 seconds
[2585.773s][info ][safepoint    ] Entering safepoint region: GenCollectForAllocation
[2585.773s][info ][gc,start     ] GC(963) Pause Young (Allocation Failure)
[2585.773s][info ][gc,task      ] GC(963) Using 4 workers of 4 for evacuation
[2585.776s][debug][gc,ref       ] GC(963) Skipped phase1 of Reference Processing due to unavailable references
[2585.776s][debug][gc,ref       ] GC(963) Skipped phase2 of Reference Processing due to unavailable references
[2585.776s][debug][gc,ref       ] GC(963) Skipped phase3 of Reference Processing due to unavailable references
[2585.776s][debug][gc,ref       ] GC(963) Skipped phase4 of Reference Processing due to unavailable references
[2585.776s][debug][gc,age       ] GC(963) Desired survivor size 15400960 bytes, new threshold 6 (max threshold 6)
[2585.777s][info ][gc,heap      ] GC(963) ParNew: 242258K->1509K(270976K)
[2585.777s][info ][gc,heap      ] GC(963) CMS: 422080K->422103K(602112K)
[2585.777s][info ][gc,metaspace ] GC(963) Metaspace: 63324K->63324K(1107968K)
[2585.777s][info ][gc           ] GC(963) Pause Young (Allocation Failure) 648M->413M(852M) 3.769ms
[2585.777s][info ][gc,cpu       ] GC(963) User=0.02s Sys=0.00s Real=0.00s
[2585.777s][info ][safepoint    ] Leaving safepoint region
[2585.777s][info ][safepoint    ] Total time for which application threads were stopped: 0.0039832 seconds, Stopping threads took: 0.0000378 seconds
[2589.477s][info ][safepoint    ] Application time: 3.7003206 seconds
[2589.477s][info ][safepoint    ] Entering safepoint region: GenCollectForAllocation
[2589.477s][info ][gc,start     ] GC(964) Pause Young (Allocation Failure)
[2589.477s][info ][gc,task      ] GC(964) Using 4 workers of 4 for evacuation
[2589.480s][debug][gc,ref       ] GC(964) Skipped phase1 of Reference Processing due to unavailable references
[2589.480s][debug][gc,ref       ] GC(964) Skipped phase2 of Reference Processing due to unavailable references
[2589.480s][debug][gc,ref       ] GC(964) Skipped phase3 of Reference Processing due to unavailable references
[2589.480s][debug][gc,ref       ] GC(964) Skipped phase4 of Reference Processing due to unavailable references
[2589.480s][debug][gc,age       ] GC(964) Desired survivor size 15400960 bytes, new threshold 6 (max threshold 6)
[2589.480s][info ][gc,heap      ] GC(964) ParNew: 242405K->1378K(270976K)
[2589.480s][info ][gc,heap      ] GC(964) CMS: 422103K->422386K(602112K)
[2589.480s][info ][gc,metaspace ] GC(964) Metaspace: 63324K->63324K(1107968K)
[2589.480s][info ][gc           ] GC(964) Pause Young (Allocation Failure) 648M->413M(852M) 2.687ms
[2589.480s][info ][gc,cpu       ] GC(964) User=0.01s Sys=0.00s Real=0.00s
[2589.480s][info ][safepoint    ] Leaving safepoint region
[2589.480s][info ][safepoint    ] Total time for which application threads were stopped: 0.0028521 seconds, Stopping threads took: 0.0000162 seconds
[2592.480s][info ][safepoint    ] Application time: 3.0003023 seconds
[2592.480s][info ][safepoint    ] Entering safepoint region: Cleanup
[2592.480s][info ][safepoint    ] Leaving safepoint region
[2592.480s][info ][safepoint    ] Total time for which application threads were stopped: 0.0000946 seconds, Stopping threads took: 0.0000142 seconds
[2593.024s][info ][safepoint    ] Application time: 0.5433300 seconds
[2593.024s][info ][safepoint    ] Entering safepoint region: GenCollectForAllocation
[2593.024s][info ][gc,start     ] GC(965) Pause Young (Allocation Failure)
[2593.024s][info ][gc,task      ] GC(965) Using 4 workers of 4 for evacuation
[2593.026s][debug][gc,ref       ] GC(965) Skipped phase1 of Reference Processing due to unavailable references
[2593.026s][debug][gc,ref       ] GC(965) Skipped phase2 of Reference Processing due to unavailable references
[2593.026s][debug][gc,ref       ] GC(965) Skipped phase3 of Reference Processing due to unavailable references
[2593.026s][debug][gc,ref       ] GC(965) Skipped phase4 of Reference Processing due to unavailable references
[2593.026s][debug][gc,age       ] GC(965) Desired survivor size 15400960 bytes, new threshold 6 (max threshold 6)
[2593.026s][info ][gc,heap      ] GC(965) ParNew: 242274K->1266K(270976K)
[2593.026s][info ][gc,heap      ] GC(965) CMS: 422386K->422413K(602112K)
[2593.026s][info ][gc,metaspace ] GC(965) Metaspace: 63324K->63324K(1107968K)
[2593.026s][info ][gc           ] GC(965) Pause Young (Allocation Failure) 649M->413M(852M) 2.757ms
[2593.026s][info ][gc,cpu       ] GC(965) User=0.01s Sys=0.00s Real=0.00s
[2593.027s][info ][safepoint    ] Leaving safepoint region
[2593.027s][info ][safepoint    ] Total time for which application threads were stopped: 0.0029067 seconds, Stopping threads took: 0.0000158 seconds
[2596.577s][info ][safepoint    ] Application time: 3.5508569 seconds
[2596.577s][info ][safepoint    ] Entering safepoint region: GenCollectForAllocation
[2596.578s][info ][gc,start     ] GC(966) Pause Young (Allocation Failure)
[2596.578s][info ][gc,task      ] GC(966) Using 4 workers of 4 for evacuation
[2596.580s][debug][gc,ref       ] GC(966) Skipped phase1 of Reference Processing due to unavailable references
[2596.580s][debug][gc,ref       ] GC(966) Skipped phase2 of Reference Processing due to unavailable references
[2596.580s][debug][gc,ref       ] GC(966) Skipped phase3 of Reference Processing due to unavailable references
[2596.580s][debug][gc,ref       ] GC(966) Skipped phase4 of Reference Processing due to unavailable references
[2596.581s][debug][gc,age       ] GC(966) Desired survivor size 15400960 bytes, new threshold 6 (max threshold 6)
[2596.581s][info ][gc,heap      ] GC(966) ParNew: 242162K->1410K(270976K)
[2596.581s][info ][gc,heap      ] GC(966) CMS: 422413K->422572K(602112K)
[2596.581s][info ][gc,metaspace ] GC(966) Metaspace: 63324K->63324K(1107968K)
[2596.581s][info ][gc           ] GC(966) Pause Young (Allocation Failure) 648M->414M(852M) 3.031ms
[2596.581s][info ][gc,cpu       ] GC(966) User=0.01s Sys=0.00s Real=0.01s
[2596.581s][info ][safepoint    ] Leaving safepoint region
[2596.581s][info ][safepoint    ] Total time for which application threads were stopped: 0.0031882 seconds, Stopping threads took: 0.0000169 seconds
[2600.229s][info ][safepoint    ] Application time: 3.6480033 seconds
[2600.229s][info ][safepoint    ] Entering safepoint region: GenCollectForAllocation
[2600.229s][info ][gc,start     ] GC(967) Pause Young (Allocation Failure)
[2600.229s][info ][gc,task      ] GC(967) Using 4 workers of 4 for evacuation
[2600.232s][debug][gc,ref       ] GC(967) Skipped phase1 of Reference Processing due to unavailable references
[2600.232s][debug][gc,ref       ] GC(967) Skipped phase2 of Reference Processing due to unavailable references
[2600.232s][debug][gc,ref       ] GC(967) Skipped phase3 of Reference Processing due to unavailable references
[2600.232s][debug][gc,ref       ] GC(967) Skipped phase4 of Reference Processing due to unavailable references
[2600.232s][debug][gc,age       ] GC(967) Desired survivor size 15400960 bytes, new threshold 6 (max threshold 6)
[2600.232s][info ][gc,heap      ] GC(967) ParNew: 242306K->1123K(270976K)
[2600.232s][info ][gc,heap      ] GC(967) CMS: 422572K->422659K(602112K)
[2600.232s][info ][gc,metaspace ] GC(967) Metaspace: 63325K->63325K(1107968K)
[2600.232s][info ][gc           ] GC(967) Pause Young (Allocation Failure) 649M->413M(852M) 3.076ms
[2600.232s][info ][gc,cpu       ] GC(967) User=0.01s Sys=0.00s Real=0.00s
[2600.232s][info ][safepoint    ] Leaving safepoint region
[2600.232s][info ][safepoint    ] Total time for which application threads were stopped: 0.0032403 seconds, Stopping threads took: 0.0000308 seconds
[2604.021s][info ][safepoint    ] Application time: 3.7886855 seconds
[2604.021s][info ][safepoint    ] Entering safepoint region: GenCollectForAllocation
[2604.021s][info ][gc,start     ] GC(968) Pause Young (Allocation Failure)
[2604.021s][info ][gc,task      ] GC(968) Using 4 workers of 4 for evacuation
[2604.023s][debug][gc,ref       ] GC(968) Skipped phase1 of Reference Processing due to unavailable references
[2604.023s][debug][gc,ref       ] GC(968) Skipped phase2 of Reference Processing due to unavailable references
[2604.023s][debug][gc,ref       ] GC(968) Skipped phase3 of Reference Processing due to unavailable references
[2604.023s][debug][gc,ref       ] GC(968) Skipped phase4 of Reference Processing due to unavailable references
[2604.023s][debug][gc,age       ] GC(968) Desired survivor size 15400960 bytes, new threshold 6 (max threshold 6)
[2604.023s][info ][gc,heap      ] GC(968) ParNew: 242019K->1144K(270976K)
[2604.023s][info ][gc,heap      ] GC(968) CMS: 422659K->422897K(602112K)
[2604.023s][info ][gc,metaspace ] GC(968) Metaspace: 63325K->63325K(1107968K)
[2604.023s][info ][gc           ] GC(968) Pause Young (Allocation Failure) 649M->414M(852M) 2.531ms
[2604.023s][info ][gc,cpu       ] GC(968) User=0.01s Sys=0.00s Real=0.00s
[2604.023s][info ][safepoint    ] Leaving safepoint region
[2604.023s][info ][safepoint    ] Total time for which application threads were stopped: 0.0026920 seconds, Stopping threads took: 0.0000157 seconds
[2607.821s][info ][safepoint    ] Application time: 3.7973124 seconds
[2607.821s][info ][safepoint    ] Entering safepoint region: GenCollectForAllocation
[2607.821s][info ][gc,start     ] GC(969) Pause Young (Allocation Failure)
[2607.821s][info ][gc,task      ] GC(969) Using 4 workers of 4 for evacuation
[2607.825s][debug][gc,ref       ] GC(969) Skipped phase1 of Reference Processing due to unavailable references
[2607.825s][debug][gc,ref       ] GC(969) Skipped phase2 of Reference Processing due to unavailable references
[2607.825s][debug][gc,ref       ] GC(969) Skipped phase3 of Reference Processing due to unavailable references
[2607.825s][debug][gc,ref       ] GC(969) Skipped phase4 of Reference Processing due to unavailable references
[2607.825s][debug][gc,age       ] GC(969) Desired survivor size 15400960 bytes, new threshold 6 (max threshold 6)
[2607.825s][info ][gc,heap      ] GC(969) ParNew: 242040K->1037K(270976K)
[2607.825s][info ][gc,heap      ] GC(969) CMS: 422897K->423000K(602112K)
[2607.825s][info ][gc,metaspace ] GC(969) Metaspace: 63325K->63325K(1107968K)
[2607.825s][info ][gc           ] GC(969) Pause Young (Allocation Failure) 649M->414M(852M) 4.026ms
[2607.825s][info ][gc,cpu       ] GC(969) User=0.01s Sys=0.00s Real=0.00s
[2607.825s][info ][safepoint    ] Leaving safepoint region
[2607.825s][info ][safepoint    ] Total time for which application threads were stopped: 0.0043021 seconds, Stopping threads took: 0.0000556 seconds
[2609.825s][info ][safepoint    ] Application time: 2.0002014 seconds
[2609.825s][info ][safepoint    ] Entering safepoint region: Cleanup
[2609.825s][info ][safepoint    ] Leaving safepoint region
[2609.825s][info ][safepoint    ] Total time for which application threads were stopped: 0.0001452 seconds, Stopping threads took: 0.0000620 seconds
[2611.469s][info ][safepoint    ] Application time: 1.6441059 seconds
[2611.470s][info ][safepoint    ] Entering safepoint region: GenCollectForAllocation
[2611.470s][info ][gc,start     ] GC(970) Pause Young (Allocation Failure)
[2611.470s][info ][gc,task      ] GC(970) Using 4 workers of 4 for evacuation
[2611.472s][debug][gc,ref       ] GC(970) Skipped phase1 of Reference Processing due to unavailable references
[2611.472s][debug][gc,ref       ] GC(970) Skipped phase2 of Reference Processing due to unavailable references
[2611.472s][debug][gc,ref       ] GC(970) Skipped phase3 of Reference Processing due to unavailable references
[2611.472s][debug][gc,ref       ] GC(970) Skipped phase4 of Reference Processing due to unavailable references
[2611.472s][debug][gc,age       ] GC(970) Desired survivor size 15400960 bytes, new threshold 6 (max threshold 6)
[2611.472s][info ][gc,heap      ] GC(970) ParNew: 241933K->932K(270976K)
[2611.472s][info ][gc,heap      ] GC(970) CMS: 423000K->423061K(602112K)
[2611.472s][info ][gc,metaspace ] GC(970) Metaspace: 63325K->63325K(1107968K)
[2611.472s][info ][gc           ] GC(970) Pause Young (Allocation Failure) 649M->414M(852M) 2.709ms
[2611.472s][info ][gc,cpu       ] GC(970) User=0.00s Sys=0.01s Real=0.00s
[2611.472s][info ][safepoint    ] Leaving safepoint region
[2611.472s][info ][safepoint    ] Total time for which application threads were stopped: 0.0029135 seconds, Stopping threads took: 0.0000494 seconds
[2615.173s][info ][safepoint    ] Application time: 3.7003742 seconds
[2615.173s][info ][safepoint    ] Entering safepoint region: GenCollectForAllocation
[2615.173s][info ][gc,start     ] GC(971) Pause Young (Allocation Failure)
[2615.173s][info ][gc,task      ] GC(971) Using 4 workers of 4 for evacuation
[2615.177s][debug][gc,ref       ] GC(971) Skipped phase1 of Reference Processing due to unavailable references
[2615.177s][debug][gc,ref       ] GC(971) Skipped phase2 of Reference Processing due to unavailable references
[2615.177s][debug][gc,ref       ] GC(971) Skipped phase3 of Reference Processing due to unavailable references
[2615.177s][debug][gc,ref       ] GC(971) Skipped phase4 of Reference Processing due to unavailable references
[2615.177s][debug][gc,age       ] GC(971) Desired survivor size 15400960 bytes, new threshold 6 (max threshold 6)
[2615.177s][info ][gc,heap      ] GC(971) ParNew: 241828K->1353K(270976K)
[2615.177s][info ][gc,heap      ] GC(971) CMS: 423061K->423178K(602112K)
[2615.177s][info ][gc,metaspace ] GC(971) Metaspace: 63326K->63326K(1107968K)
[2615.177s][info ][gc           ] GC(971) Pause Young (Allocation Failure) 649M->414M(852M) 3.798ms
[2615.177s][info ][gc,cpu       ] GC(971) User=0.02s Sys=0.00s Real=0.00s
[2615.177s][info ][safepoint    ] Leaving safepoint region
[2615.177s][info ][safepoint    ] Total time for which application threads were stopped: 0.0040594 seconds, Stopping threads took: 0.0000747 seconds
[2618.778s][info ][safepoint    ] Application time: 3.6008201 seconds
[2618.778s][info ][safepoint    ] Entering safepoint region: GenCollectForAllocation
[2618.778s][info ][gc,start     ] GC(972) Pause Young (Allocation Failure)
[2618.778s][info ][gc,task      ] GC(972) Using 4 workers of 4 for evacuation
[2618.780s][debug][gc,ref       ] GC(972) Skipped phase1 of Reference Processing due to unavailable references
[2618.780s][debug][gc,ref       ] GC(972) Skipped phase2 of Reference Processing due to unavailable references
[2618.780s][debug][gc,ref       ] GC(972) Skipped phase3 of Reference Processing due to unavailable references
[2618.780s][debug][gc,ref       ] GC(972) Skipped phase4 of Reference Processing due to unavailable references
[2618.781s][debug][gc,age       ] GC(972) Desired survivor size 15400960 bytes, new threshold 6 (max threshold 6)
[2618.781s][info ][gc,heap      ] GC(972) ParNew: 242249K->1425K(270976K)
[2618.781s][info ][gc,heap      ] GC(972) CMS: 423178K->423270K(602112K)
[2618.781s][info ][gc,metaspace ] GC(972) Metaspace: 63326K->63326K(1107968K)
[2618.781s][info ][gc           ] GC(972) Pause Young (Allocation Failure) 649M->414M(852M) 2.909ms
[2618.781s][info ][gc,cpu       ] GC(972) User=0.01s Sys=0.00s Real=0.01s
[2618.781s][info ][safepoint    ] Leaving safepoint region
[2618.781s][info ][safepoint    ] Total time for which application threads were stopped: 0.0030459 seconds, Stopping threads took: 0.0000140 seconds
[2622.271s][info ][safepoint    ] Application time: 3.4905718 seconds
[2622.271s][info ][safepoint    ] Entering safepoint region: GenCollectForAllocation
[2622.272s][info ][gc,start     ] GC(973) Pause Young (Allocation Failure)
[2622.272s][info ][gc,task      ] GC(973) Using 4 workers of 4 for evacuation
[2622.274s][debug][gc,ref       ] GC(973) Skipped phase1 of Reference Processing due to unavailable references
[2622.274s][debug][gc,ref       ] GC(973) Skipped phase2 of Reference Processing due to unavailable references
[2622.274s][debug][gc,ref       ] GC(973) Skipped phase3 of Reference Processing due to unavailable references
[2622.274s][debug][gc,ref       ] GC(973) Skipped phase4 of Reference Processing due to unavailable references
[2622.274s][debug][gc,age       ] GC(973) Desired survivor size 15400960 bytes, new threshold 6 (max threshold 6)
[2622.274s][info ][gc,heap      ] GC(973) ParNew: 242321K->1316K(270976K)
[2622.274s][info ][gc,heap      ] GC(973) CMS: 423270K->423347K(602112K)
[2622.274s][info ][gc,metaspace ] GC(973) Metaspace: 63326K->63326K(1107968K)
[2622.274s][info ][gc           ] GC(973) Pause Young (Allocation Failure) 649M->414M(852M) 2.768ms
[2622.274s][info ][gc,cpu       ] GC(973) User=0.01s Sys=0.00s Real=0.00s
[2622.274s][info ][safepoint    ] Leaving safepoint region
[2622.274s][info ][safepoint    ] Total time for which application threads were stopped: 0.0029193 seconds, Stopping threads took: 0.0000157 seconds
[2624.275s][info ][safepoint    ] Application time: 2.0001662 seconds
[2624.275s][info ][safepoint    ] Entering safepoint region: Cleanup
[2624.275s][info ][safepoint    ] Leaving safepoint region
[2624.275s][info ][safepoint    ] Total time for which application threads were stopped: 0.0001646 seconds, Stopping threads took: 0.0000716 seconds
[2625.675s][info ][safepoint    ] Application time: 1.3997759 seconds
[2625.675s][info ][safepoint    ] Entering safepoint region: GenCollectForAllocation
[2625.675s][info ][gc,start     ] GC(974) Pause Young (Allocation Failure)
[2625.675s][info ][gc,task      ] GC(974) Using 4 workers of 4 for evacuation
[2625.678s][debug][gc,ref       ] GC(974) Skipped phase1 of Reference Processing due to unavailable references
[2625.678s][debug][gc,ref       ] GC(974) Skipped phase2 of Reference Processing due to unavailable references
[2625.678s][debug][gc,ref       ] GC(974) Skipped phase3 of Reference Processing due to unavailable references
[2625.678s][debug][gc,ref       ] GC(974) Skipped phase4 of Reference Processing due to unavailable references
[2625.678s][debug][gc,age       ] GC(974) Desired survivor size 15400960 bytes, new threshold 6 (max threshold 6)
[2625.678s][info ][gc,heap      ] GC(974) ParNew: 242212K->1264K(270976K)
[2625.678s][info ][gc,heap      ] GC(974) CMS: 423347K->423421K(602112K)
[2625.678s][info ][gc,metaspace ] GC(974) Metaspace: 63326K->63326K(1107968K)
[2625.678s][info ][gc           ] GC(974) Pause Young (Allocation Failure) 649M->414M(852M) 3.191ms
[2625.678s][info ][gc,cpu       ] GC(974) User=0.02s Sys=0.00s Real=0.00s
[2625.678s][info ][safepoint    ] Leaving safepoint region
[2625.678s][info ][safepoint    ] Total time for which application threads were stopped: 0.0034654 seconds, Stopping threads took: 0.0000576 seconds
[2629.126s][info ][safepoint    ] Application time: 3.4484646 seconds
[2629.127s][info ][safepoint    ] Entering safepoint region: GenCollectForAllocation
[2629.127s][info ][gc,start     ] GC(975) Pause Young (Allocation Failure)
[2629.127s][info ][gc,task      ] GC(975) Using 4 workers of 4 for evacuation
[2629.130s][debug][gc,ref       ] GC(975) Skipped phase1 of Reference Processing due to unavailable references
[2629.130s][debug][gc,ref       ] GC(975) Skipped phase2 of Reference Processing due to unavailable references
[2629.130s][debug][gc,ref       ] GC(975) Skipped phase3 of Reference Processing due to unavailable references
[2629.130s][debug][gc,ref       ] GC(975) Skipped phase4 of Reference Processing due to unavailable references
[2629.131s][debug][gc,age       ] GC(975) Desired survivor size 15400960 bytes, new threshold 6 (max threshold 6)
[2629.131s][info ][gc,heap      ] GC(975) ParNew: 242160K->1788K(270976K)
[2629.131s][info ][gc,heap      ] GC(975) CMS: 423421K->423469K(602112K)
[2629.131s][info ][gc,metaspace ] GC(975) Metaspace: 63326K->63326K(1107968K)
[2629.131s][info ][gc           ] GC(975) Pause Young (Allocation Failure) 649M->415M(852M) 3.801ms
[2629.131s][info ][gc,cpu       ] GC(975) User=0.01s Sys=0.01s Real=0.01s
[2629.131s][info ][safepoint    ] Leaving safepoint region
[2629.131s][info ][safepoint    ] Total time for which application threads were stopped: 0.0040938 seconds, Stopping threads took: 0.0000496 seconds
[2632.691s][info ][safepoint    ] Application time: 3.5602111 seconds
[2632.691s][info ][safepoint    ] Entering safepoint region: GenCollectForAllocation
[2632.691s][info ][gc,start     ] GC(976) Pause Young (Allocation Failure)
[2632.691s][info ][gc,task      ] GC(976) Using 4 workers of 4 for evacuation
[2632.694s][debug][gc,ref       ] GC(976) Skipped phase1 of Reference Processing due to unavailable references
[2632.694s][debug][gc,ref       ] GC(976) Skipped phase2 of Reference Processing due to unavailable references
[2632.694s][debug][gc,ref       ] GC(976) Skipped phase3 of Reference Processing due to unavailable references
[2632.694s][debug][gc,ref       ] GC(976) Skipped phase4 of Reference Processing due to unavailable references
[2632.694s][debug][gc,age       ] GC(976) Desired survivor size 15400960 bytes, new threshold 6 (max threshold 6)
[2632.694s][info ][gc,heap      ] GC(976) ParNew: 242684K->1447K(270976K)
[2632.694s][info ][gc,heap      ] GC(976) CMS: 423469K->423499K(602112K)
[2632.694s][info ][gc,metaspace ] GC(976) Metaspace: 63327K->63327K(1107968K)
[2632.694s][info ][gc           ] GC(976) Pause Young (Allocation Failure) 650M->414M(852M) 2.719ms
[2632.694s][info ][gc,cpu       ] GC(976) User=0.01s Sys=0.00s Real=0.00s
[2632.694s][info ][safepoint    ] Leaving safepoint region
[2632.694s][info ][safepoint    ] Total time for which application threads were stopped: 0.0030489 seconds, Stopping threads took: 0.0000148 seconds
[2635.971s][info ][safepoint    ] Application time: 3.2766437 seconds
[2635.971s][info ][safepoint    ] Entering safepoint region: GenCollectForAllocation
[2635.971s][info ][gc,start     ] GC(977) Pause Young (Allocation Failure)
[2635.971s][info ][gc,task      ] GC(977) Using 4 workers of 4 for evacuation
[2635.973s][debug][gc,ref       ] GC(977) Skipped phase1 of Reference Processing due to unavailable references
[2635.973s][debug][gc,ref       ] GC(977) Skipped phase2 of Reference Processing due to unavailable references
[2635.973s][debug][gc,ref       ] GC(977) Skipped phase3 of Reference Processing due to unavailable references
[2635.973s][debug][gc,ref       ] GC(977) Skipped phase4 of Reference Processing due to unavailable references
[2635.974s][debug][gc,age       ] GC(977) Desired survivor size 15400960 bytes, new threshold 6 (max threshold 6)
[2635.974s][info ][gc,heap      ] GC(977) ParNew: 242343K->1577K(270976K)
[2635.974s][info ][gc,heap      ] GC(977) CMS: 423499K->423752K(602112K)
[2635.974s][info ][gc,metaspace ] GC(977) Metaspace: 63327K->63327K(1107968K)
[2635.974s][info ][gc           ] GC(977) Pause Young (Allocation Failure) 650M->415M(852M) 2.938ms
[2635.974s][info ][gc,cpu       ] GC(977) User=0.01s Sys=0.00s Real=0.00s
[2635.974s][info ][safepoint    ] Leaving safepoint region
[2635.974s][info ][safepoint    ] Total time for which application threads were stopped: 0.0030951 seconds, Stopping threads took: 0.0000179 seconds
[2636.974s][info ][safepoint    ] Application time: 1.0001293 seconds
[2636.974s][info ][safepoint    ] Entering safepoint region: Cleanup
[2636.974s][info ][safepoint    ] Leaving safepoint region
[2636.974s][info ][safepoint    ] Total time for which application threads were stopped: 0.0001196 seconds, Stopping threads took: 0.0000439 seconds
[2637.974s][info ][safepoint    ] Application time: 1.0001191 seconds
[2637.974s][info ][safepoint    ] Entering safepoint region: Cleanup
[2637.974s][info ][safepoint    ] Leaving safepoint region
[2637.974s][info ][safepoint    ] Total time for which application threads were stopped: 0.0001215 seconds, Stopping threads took: 0.0000568 seconds
[2638.974s][info ][safepoint    ] Application time: 1.0000937 seconds
[2638.974s][info ][safepoint    ] Entering safepoint region: Cleanup
[2638.975s][info ][safepoint    ] Leaving safepoint region
[2638.975s][info ][safepoint    ] Total time for which application threads were stopped: 0.0001569 seconds, Stopping threads took: 0.0000578 seconds
[2639.321s][info ][safepoint    ] Application time: 0.3464618 seconds
[2639.321s][info ][safepoint    ] Entering safepoint region: GenCollectForAllocation
[2639.321s][info ][gc,start     ] GC(978) Pause Young (Allocation Failure)
[2639.321s][info ][gc,task      ] GC(978) Using 4 workers of 4 for evacuation
[2639.324s][debug][gc,ref       ] GC(978) Skipped phase1 of Reference Processing due to unavailable references
[2639.324s][debug][gc,ref       ] GC(978) Skipped phase2 of Reference Processing due to unavailable references
[2639.324s][debug][gc,ref       ] GC(978) Skipped phase3 of Reference Processing due to unavailable references
[2639.324s][debug][gc,ref       ] GC(978) Skipped phase4 of Reference Processing due to unavailable references
[2639.325s][debug][gc,age       ] GC(978) Desired survivor size 15400960 bytes, new threshold 6 (max threshold 6)
[2639.325s][info ][gc,heap      ] GC(978) ParNew: 242473K->1848K(270976K)
[2639.325s][info ][gc,heap      ] GC(978) CMS: 423752K->423915K(602112K)
[2639.325s][info ][gc,metaspace ] GC(978) Metaspace: 63327K->63327K(1107968K)
[2639.325s][info ][gc           ] GC(978) Pause Young (Allocation Failure) 650M->415M(852M) 3.320ms
[2639.325s][info ][gc,cpu       ] GC(978) User=0.01s Sys=0.00s Real=0.00s
[2639.325s][info ][safepoint    ] Leaving safepoint region
[2639.325s][info ][safepoint    ] Total time for which application threads were stopped: 0.0035739 seconds, Stopping threads took: 0.0000983 seconds
[2640.325s][info ][safepoint    ] Application time: 1.0000966 seconds
[2640.325s][info ][safepoint    ] Entering safepoint region: Cleanup
[2640.325s][info ][safepoint    ] Leaving safepoint region
[2640.325s][info ][safepoint    ] Total time for which application threads were stopped: 0.0001412 seconds, Stopping threads took: 0.0000581 seconds
[2641.325s][info ][safepoint    ] Application time: 1.0001007 seconds
[2641.325s][info ][safepoint    ] Entering safepoint region: Cleanup
[2641.325s][info ][safepoint    ] Leaving safepoint region
[2641.325s][info ][safepoint    ] Total time for which application threads were stopped: 0.0001097 seconds, Stopping threads took: 0.0000503 seconds
[2642.325s][info ][safepoint    ] Application time: 1.0000879 seconds
[2642.325s][info ][safepoint    ] Entering safepoint region: Cleanup
[2642.326s][info ][safepoint    ] Leaving safepoint region
[2642.326s][info ][safepoint    ] Total time for which application threads were stopped: 0.0001434 seconds, Stopping threads took: 0.0000712 seconds
[2642.973s][info ][safepoint    ] Application time: 0.6478139 seconds
[2642.973s][info ][safepoint    ] Entering safepoint region: GenCollectForAllocation
[2642.973s][info ][gc,start     ] GC(979) Pause Young (Allocation Failure)
[2642.974s][info ][gc,task      ] GC(979) Using 4 workers of 4 for evacuation
[2642.976s][debug][gc,ref       ] GC(979) Skipped phase1 of Reference Processing due to unavailable references
[2642.976s][debug][gc,ref       ] GC(979) Skipped phase2 of Reference Processing due to unavailable references
[2642.976s][debug][gc,ref       ] GC(979) Skipped phase3 of Reference Processing due to unavailable references
[2642.976s][debug][gc,ref       ] GC(979) Skipped phase4 of Reference Processing due to unavailable references
[2642.976s][debug][gc,age       ] GC(979) Desired survivor size 15400960 bytes, new threshold 6 (max threshold 6)
[2642.976s][info ][gc,heap      ] GC(979) ParNew: 242744K->1698K(270976K)
[2642.976s][info ][gc,heap      ] GC(979) CMS: 423915K->423976K(602112K)
[2642.976s][info ][gc,metaspace ] GC(979) Metaspace: 63327K->63327K(1107968K)
[2642.976s][info ][gc           ] GC(979) Pause Young (Allocation Failure) 651M->415M(852M) 2.967ms
[2642.976s][info ][gc,cpu       ] GC(979) User=0.01s Sys=0.00s Real=0.00s
[2642.977s][info ][safepoint    ] Leaving safepoint region
[2642.977s][info ][safepoint    ] Total time for which application threads were stopped: 0.0031234 seconds, Stopping threads took: 0.0000152 seconds
[2643.977s][info ][safepoint    ] Application time: 1.0001310 seconds
[2643.977s][info ][safepoint    ] Entering safepoint region: Cleanup
[2643.977s][info ][safepoint    ] Leaving safepoint region
[2643.977s][info ][safepoint    ] Total time for which application threads were stopped: 0.0001101 seconds, Stopping threads took: 0.0000444 seconds
[2644.977s][info ][safepoint    ] Application time: 1.0001282 seconds
[2644.977s][info ][safepoint    ] Entering safepoint region: Cleanup
[2644.977s][info ][safepoint    ] Leaving safepoint region
[2644.977s][info ][safepoint    ] Total time for which application threads were stopped: 0.0002329 seconds, Stopping threads took: 0.0000493 seconds
[2645.977s][info ][safepoint    ] Application time: 1.0000875 seconds
[2645.977s][info ][safepoint    ] Entering safepoint region: Cleanup
[2645.977s][info ][safepoint    ] Leaving safepoint region
[2645.978s][info ][safepoint    ] Total time for which application threads were stopped: 0.0001567 seconds, Stopping threads took: 0.0000919 seconds
[2646.426s][info ][safepoint    ] Application time: 0.4484144 seconds
[2646.426s][info ][safepoint    ] Entering safepoint region: GenCollectForAllocation
[2646.426s][info ][gc,start     ] GC(980) Pause Young (Allocation Failure)
[2646.426s][info ][gc,task      ] GC(980) Using 4 workers of 4 for evacuation
[2646.430s][debug][gc,ref       ] GC(980) Skipped phase1 of Reference Processing due to unavailable references
[2646.430s][debug][gc,ref       ] GC(980) Skipped phase2 of Reference Processing due to unavailable references
[2646.430s][debug][gc,ref       ] GC(980) Skipped phase3 of Reference Processing due to unavailable references
[2646.430s][debug][gc,ref       ] GC(980) Skipped phase4 of Reference Processing due to unavailable references
[2646.430s][debug][gc,age       ] GC(980) Desired survivor size 15400960 bytes, new threshold 6 (max threshold 6)
[2646.430s][info ][gc,heap      ] GC(980) ParNew: 242594K->1982K(270976K)
[2646.430s][info ][gc,heap      ] GC(980) CMS: 423976K->424121K(602112K)
[2646.430s][info ][gc,metaspace ] GC(980) Metaspace: 63327K->63327K(1107968K)
[2646.430s][info ][gc           ] GC(980) Pause Young (Allocation Failure) 650M->416M(852M) 3.641ms
[2646.430s][info ][gc,cpu       ] GC(980) User=0.01s Sys=0.00s Real=0.01s
[2646.430s][info ][safepoint    ] Leaving safepoint region
[2646.430s][info ][safepoint    ] Total time for which application threads were stopped: 0.0038329 seconds, Stopping threads took: 0.0000165 seconds
[2647.430s][info ][safepoint    ] Application time: 1.0001111 seconds
[2647.430s][info ][safepoint    ] Entering safepoint region: Cleanup
[2647.430s][info ][safepoint    ] Leaving safepoint region
[2647.430s][info ][safepoint    ] Total time for which application threads were stopped: 0.0001550 seconds, Stopping threads took: 0.0000492 seconds
[2648.430s][info ][safepoint    ] Application time: 1.0000840 seconds
[2648.430s][info ][safepoint    ] Entering safepoint region: Cleanup
[2648.430s][info ][safepoint    ] Leaving safepoint region
[2648.430s][info ][safepoint    ] Total time for which application threads were stopped: 0.0000760 seconds, Stopping threads took: 0.0000285 seconds
[2649.430s][info ][safepoint    ] Application time: 1.0000797 seconds
[2649.430s][info ][safepoint    ] Entering safepoint region: Cleanup
[2649.431s][info ][safepoint    ] Leaving safepoint region
[2649.431s][info ][safepoint    ] Total time for which application threads were stopped: 0.0000843 seconds, Stopping threads took: 0.0000163 seconds
[2650.421s][info ][safepoint    ] Application time: 0.9904238 seconds
[2650.421s][info ][safepoint    ] Entering safepoint region: GenCollectForAllocation
[2650.421s][info ][gc,start     ] GC(981) Pause Young (Allocation Failure)
[2650.421s][info ][gc,task      ] GC(981) Using 4 workers of 4 for evacuation
[2650.425s][debug][gc,ref       ] GC(981) Skipped phase1 of Reference Processing due to unavailable references
[2650.425s][debug][gc,ref       ] GC(981) Skipped phase2 of Reference Processing due to unavailable references
[2650.425s][debug][gc,ref       ] GC(981) Skipped phase3 of Reference Processing due to unavailable references
[2650.425s][debug][gc,ref       ] GC(981) Skipped phase4 of Reference Processing due to unavailable references
[2650.425s][debug][gc,age       ] GC(981) Desired survivor size 15400960 bytes, new threshold 6 (max threshold 6)
[2650.425s][info ][gc,heap      ] GC(981) ParNew: 242878K->1771K(270976K)
[2650.425s][info ][gc,heap      ] GC(981) CMS: 424121K->424357K(602112K)
[2650.425s][info ][gc,metaspace ] GC(981) Metaspace: 63327K->63327K(1107968K)
[2650.425s][info ][gc           ] GC(981) Pause Young (Allocation Failure) 651M->416M(852M) 3.821ms
[2650.425s][info ][gc,cpu       ] GC(981) User=0.02s Sys=0.00s Real=0.00s
[2650.425s][info ][safepoint    ] Leaving safepoint region
[2650.425s][info ][safepoint    ] Total time for which application threads were stopped: 0.0039873 seconds, Stopping threads took: 0.0000158 seconds
[2651.425s][info ][safepoint    ] Application time: 1.0001216 seconds
[2651.425s][info ][safepoint    ] Entering safepoint region: Cleanup
[2651.425s][info ][safepoint    ] Leaving safepoint region
[2651.425s][info ][safepoint    ] Total time for which application threads were stopped: 0.0001274 seconds, Stopping threads took: 0.0000534 seconds
[2652.425s][info ][safepoint    ] Application time: 1.0001208 seconds
[2652.426s][info ][safepoint    ] Entering safepoint region: Cleanup
[2652.426s][info ][safepoint    ] Leaving safepoint region
[2652.426s][info ][safepoint    ] Total time for which application threads were stopped: 0.0001346 seconds, Stopping threads took: 0.0000616 seconds
[2653.426s][info ][safepoint    ] Application time: 1.0001006 seconds
[2653.426s][info ][safepoint    ] Entering safepoint region: Cleanup
[2653.426s][info ][safepoint    ] Leaving safepoint region
[2653.426s][info ][safepoint    ] Total time for which application threads were stopped: 0.0001225 seconds, Stopping threads took: 0.0000492 seconds
[2654.275s][info ][safepoint    ] Application time: 0.8489121 seconds
[2654.275s][info ][safepoint    ] Entering safepoint region: GenCollectForAllocation
[2654.275s][info ][gc,start     ] GC(982) Pause Young (Allocation Failure)
[2654.275s][info ][gc,task      ] GC(982) Using 4 workers of 4 for evacuation
[2654.277s][debug][gc,ref       ] GC(982) Skipped phase1 of Reference Processing due to unavailable references
[2654.278s][debug][gc,ref       ] GC(982) Skipped phase2 of Reference Processing due to unavailable references
[2654.278s][debug][gc,ref       ] GC(982) Skipped phase3 of Reference Processing due to unavailable references
[2654.278s][debug][gc,ref       ] GC(982) Skipped phase4 of Reference Processing due to unavailable references
[2654.278s][debug][gc,age       ] GC(982) Desired survivor size 15400960 bytes, new threshold 6 (max threshold 6)
[2654.278s][info ][gc,heap      ] GC(982) ParNew: 242667K->2039K(270976K)
[2654.278s][info ][gc,heap      ] GC(982) CMS: 424357K->424444K(602112K)
[2654.278s][info ][gc,metaspace ] GC(982) Metaspace: 63327K->63327K(1107968K)
[2654.278s][info ][gc           ] GC(982) Pause Young (Allocation Failure) 651M->416M(852M) 2.842ms
[2654.278s][info ][gc,cpu       ] GC(982) User=0.01s Sys=0.00s Real=0.00s
[2654.278s][info ][safepoint    ] Leaving safepoint region
[2654.278s][info ][safepoint    ] Total time for which application threads were stopped: 0.0030077 seconds, Stopping threads took: 0.0000176 seconds
[2655.278s][info ][safepoint    ] Application time: 1.0001176 seconds
[2655.278s][info ][safepoint    ] Entering safepoint region: Cleanup
[2655.278s][info ][safepoint    ] Leaving safepoint region
[2655.278s][info ][safepoint    ] Total time for which application threads were stopped: 0.0000666 seconds, Stopping threads took: 0.0000169 seconds
[2656.278s][info ][safepoint    ] Application time: 1.0001192 seconds
[2656.278s][info ][safepoint    ] Entering safepoint region: Cleanup
[2656.278s][info ][safepoint    ] Leaving safepoint region
[2656.278s][info ][safepoint    ] Total time for which application threads were stopped: 0.0001592 seconds, Stopping threads took: 0.0000962 seconds
[2657.278s][info ][safepoint    ] Application time: 1.0001011 seconds
[2657.279s][info ][safepoint    ] Entering safepoint region: Cleanup
[2657.279s][info ][safepoint    ] Leaving safepoint region
[2657.279s][info ][safepoint    ] Total time for which application threads were stopped: 0.0001373 seconds, Stopping threads took: 0.0000605 seconds
[2658.028s][info ][safepoint    ] Application time: 0.7497698 seconds
[2658.029s][info ][safepoint    ] Entering safepoint region: GenCollectForAllocation
[2658.029s][info ][gc,start     ] GC(983) Pause Young (Allocation Failure)
[2658.029s][info ][gc,task      ] GC(983) Using 4 workers of 4 for evacuation
[2658.033s][debug][gc,ref       ] GC(983) Skipped phase1 of Reference Processing due to unavailable references
[2658.033s][debug][gc,ref       ] GC(983) Skipped phase2 of Reference Processing due to unavailable references
[2658.033s][debug][gc,ref       ] GC(983) Skipped phase3 of Reference Processing due to unavailable references
[2658.033s][debug][gc,ref       ] GC(983) Skipped phase4 of Reference Processing due to unavailable references
[2658.033s][debug][gc,age       ] GC(983) Desired survivor size 15400960 bytes, new threshold 6 (max threshold 6)
[2658.033s][info ][gc,heap      ] GC(983) ParNew: 242935K->1736K(270976K)
[2658.033s][info ][gc,heap      ] GC(983) CMS: 424444K->424644K(602112K)
[2658.033s][info ][gc,metaspace ] GC(983) Metaspace: 63327K->63327K(1107968K)
[2658.033s][info ][gc           ] GC(983) Pause Young (Allocation Failure) 651M->416M(852M) 4.090ms
[2658.033s][info ][gc,cpu       ] GC(983) User=0.02s Sys=0.00s Real=0.00s
[2658.033s][info ][safepoint    ] Leaving safepoint region
[2658.033s][info ][safepoint    ] Total time for which application threads were stopped: 0.0046422 seconds, Stopping threads took: 0.0000598 seconds
[2659.033s][info ][safepoint    ] Application time: 1.0001272 seconds
[2659.033s][info ][safepoint    ] Entering safepoint region: Cleanup
[2659.033s][info ][safepoint    ] Leaving safepoint region
[2659.033s][info ][safepoint    ] Total time for which application threads were stopped: 0.0000669 seconds, Stopping threads took: 0.0000175 seconds
[2660.034s][info ][safepoint    ] Application time: 1.0001170 seconds
[2660.034s][info ][safepoint    ] Entering safepoint region: Cleanup
[2660.034s][info ][safepoint    ] Leaving safepoint region
[2660.034s][info ][safepoint    ] Total time for which application threads were stopped: 0.0000676 seconds, Stopping threads took: 0.0000173 seconds
[2661.034s][info ][safepoint    ] Application time: 1.0000878 seconds
[2661.034s][info ][safepoint    ] Entering safepoint region: Cleanup
[2661.034s][info ][safepoint    ] Leaving safepoint region
[2661.034s][info ][safepoint    ] Total time for which application threads were stopped: 0.0000786 seconds, Stopping threads took: 0.0000167 seconds
[2662.019s][info ][safepoint    ] Application time: 0.9851770 seconds
[2662.019s][info ][safepoint    ] Entering safepoint region: GenCollectForAllocation
[2662.019s][info ][gc,start     ] GC(984) Pause Young (Allocation Failure)
[2662.019s][info ][gc,task      ] GC(984) Using 4 workers of 4 for evacuation
[2662.022s][debug][gc,ref       ] GC(984) Skipped phase1 of Reference Processing due to unavailable references
[2662.022s][debug][gc,ref       ] GC(984) Skipped phase2 of Reference Processing due to unavailable references
[2662.022s][debug][gc,ref       ] GC(984) Skipped phase3 of Reference Processing due to unavailable references
[2662.022s][debug][gc,ref       ] GC(984) Skipped phase4 of Reference Processing due to unavailable references
[2662.022s][debug][gc,age       ] GC(984) Desired survivor size 15400960 bytes, new threshold 6 (max threshold 6)
[2662.022s][info ][gc,heap      ] GC(984) ParNew: 242632K->1670K(270976K)
[2662.022s][info ][gc,heap      ] GC(984) CMS: 424644K->424871K(602112K)
[2662.022s][info ][gc,metaspace ] GC(984) Metaspace: 63328K->63328K(1107968K)
[2662.022s][info ][gc           ] GC(984) Pause Young (Allocation Failure) 651M->416M(852M) 2.776ms
[2662.022s][info ][gc,cpu       ] GC(984) User=0.01s Sys=0.00s Real=0.01s
[2662.022s][info ][safepoint    ] Leaving safepoint region
[2662.022s][info ][safepoint    ] Total time for which application threads were stopped: 0.0029946 seconds, Stopping threads took: 0.0000688 seconds
[2663.022s][info ][safepoint    ] Application time: 1.0001092 seconds
[2663.022s][info ][safepoint    ] Entering safepoint region: Cleanup
[2663.023s][info ][safepoint    ] Leaving safepoint region
[2663.023s][info ][safepoint    ] Total time for which application threads were stopped: 0.0002808 seconds, Stopping threads took: 0.0001175 seconds
[2664.023s][info ][safepoint    ] Application time: 1.0001021 seconds
[2664.023s][info ][safepoint    ] Entering safepoint region: Cleanup
[2664.023s][info ][safepoint    ] Leaving safepoint region
[2664.023s][info ][safepoint    ] Total time for which application threads were stopped: 0.0002326 seconds, Stopping threads took: 0.0001094 seconds
[2665.023s][info ][safepoint    ] Application time: 1.0001096 seconds
[2665.023s][info ][safepoint    ] Entering safepoint region: Cleanup
[2665.023s][info ][safepoint    ] Leaving safepoint region
[2665.023s][info ][safepoint    ] Total time for which application threads were stopped: 0.0001399 seconds, Stopping threads took: 0.0000445 seconds
[2665.926s][info ][safepoint    ] Application time: 0.9030341 seconds
[2665.926s][info ][safepoint    ] Entering safepoint region: GenCollectForAllocation
[2665.927s][info ][gc,start     ] GC(985) Pause Young (Allocation Failure)
[2665.927s][info ][gc,task      ] GC(985) Using 4 workers of 4 for evacuation
[2665.934s][debug][gc,ref       ] GC(985) Skipped phase1 of Reference Processing due to unavailable references
[2665.934s][debug][gc,ref       ] GC(985) Skipped phase2 of Reference Processing due to unavailable references
[2665.934s][debug][gc,ref       ] GC(985) Skipped phase3 of Reference Processing due to unavailable references
[2665.934s][debug][gc,ref       ] GC(985) Skipped phase4 of Reference Processing due to unavailable references
[2665.934s][debug][gc,age       ] GC(985) Desired survivor size 15400960 bytes, new threshold 6 (max threshold 6)
[2665.934s][info ][gc,heap      ] GC(985) ParNew: 242566K->1321K(270976K)
[2665.934s][info ][gc,heap      ] GC(985) CMS: 424871K->425069K(602112K)
[2665.934s][info ][gc,metaspace ] GC(985) Metaspace: 63328K->63328K(1107968K)
[2665.934s][info ][gc           ] GC(985) Pause Young (Allocation Failure) 651M->416M(852M) 7.631ms
[2665.934s][info ][gc,cpu       ] GC(985) User=0.01s Sys=0.00s Real=0.01s
[2665.934s][info ][safepoint    ] Leaving safepoint region
[2665.934s][info ][safepoint    ] Total time for which application threads were stopped: 0.0079244 seconds, Stopping threads took: 0.0000579 seconds
[2666.934s][info ][safepoint    ] Application time: 1.0001067 seconds
[2666.934s][info ][safepoint    ] Entering safepoint region: Cleanup
[2666.934s][info ][safepoint    ] Leaving safepoint region
[2666.934s][info ][safepoint    ] Total time for which application threads were stopped: 0.0000962 seconds, Stopping threads took: 0.0000183 seconds
[2667.935s][info ][safepoint    ] Application time: 1.0000850 seconds
[2667.935s][info ][safepoint    ] Entering safepoint region: Cleanup
[2667.935s][info ][safepoint    ] Leaving safepoint region
[2667.935s][info ][safepoint    ] Total time for which application threads were stopped: 0.0000703 seconds, Stopping threads took: 0.0000172 seconds
[2668.935s][info ][safepoint    ] Application time: 1.0000959 seconds
[2668.935s][info ][safepoint    ] Entering safepoint region: Cleanup
[2668.935s][info ][safepoint    ] Leaving safepoint region
[2668.935s][info ][safepoint    ] Total time for which application threads were stopped: 0.0001212 seconds, Stopping threads took: 0.0000187 seconds
[2669.821s][info ][safepoint    ] Application time: 0.8864039 seconds
[2669.821s][info ][safepoint    ] Entering safepoint region: GenCollectForAllocation
[2669.821s][info ][gc,start     ] GC(986) Pause Young (Allocation Failure)
[2669.822s][info ][gc,task      ] GC(986) Using 4 workers of 4 for evacuation
[2669.824s][debug][gc,ref       ] GC(986) Skipped phase1 of Reference Processing due to unavailable references
[2669.824s][debug][gc,ref       ] GC(986) Skipped phase2 of Reference Processing due to unavailable references
[2669.824s][debug][gc,ref       ] GC(986) Skipped phase3 of Reference Processing due to unavailable references
[2669.824s][debug][gc,ref       ] GC(986) Skipped phase4 of Reference Processing due to unavailable references
[2669.824s][debug][gc,age       ] GC(986) Desired survivor size 15400960 bytes, new threshold 6 (max threshold 6)
[2669.824s][info ][gc,heap      ] GC(986) ParNew: 242217K->1377K(270976K)
[2669.824s][info ][gc,heap      ] GC(986) CMS: 425069K->425327K(602112K)
[2669.824s][info ][gc,metaspace ] GC(986) Metaspace: 63328K->63328K(1107968K)
[2669.824s][info ][gc           ] GC(986) Pause Young (Allocation Failure) 651M->416M(852M) 2.988ms
[2669.824s][info ][gc,cpu       ] GC(986) User=0.01s Sys=0.00s Real=0.00s
[2669.825s][info ][safepoint    ] Leaving safepoint region
[2669.825s][info ][safepoint    ] Total time for which application threads were stopped: 0.0031759 seconds, Stopping threads took: 0.0000179 seconds
[2670.825s][info ][safepoint    ] Application time: 1.0002064 seconds
[2670.825s][info ][safepoint    ] Entering safepoint region: Cleanup
[2670.825s][info ][safepoint    ] Leaving safepoint region
[2670.825s][info ][safepoint    ] Total time for which application threads were stopped: 0.0001617 seconds, Stopping threads took: 0.0000831 seconds
[2671.825s][info ][safepoint    ] Application time: 1.0000940 seconds
[2671.825s][info ][safepoint    ] Entering safepoint region: Cleanup
[2671.825s][info ][safepoint    ] Leaving safepoint region
[2671.825s][info ][safepoint    ] Total time for which application threads were stopped: 0.0001326 seconds, Stopping threads took: 0.0000610 seconds
[2672.825s][info ][safepoint    ] Application time: 1.0000964 seconds
[2672.825s][info ][safepoint    ] Entering safepoint region: Cleanup
[2672.826s][info ][safepoint    ] Leaving safepoint region
[2672.826s][info ][safepoint    ] Total time for which application threads were stopped: 0.0001479 seconds, Stopping threads took: 0.0000533 seconds
[2673.516s][info ][safepoint    ] Application time: 0.6905543 seconds
[2673.516s][info ][safepoint    ] Entering safepoint region: GenCollectForAllocation
[2673.516s][info ][gc,start     ] GC(987) Pause Young (Allocation Failure)
[2673.517s][info ][gc,task      ] GC(987) Using 4 workers of 4 for evacuation
[2673.519s][debug][gc,ref       ] GC(987) Skipped phase1 of Reference Processing due to unavailable references
[2673.519s][debug][gc,ref       ] GC(987) Skipped phase2 of Reference Processing due to unavailable references
[2673.519s][debug][gc,ref       ] GC(987) Skipped phase3 of Reference Processing due to unavailable references
[2673.519s][debug][gc,ref       ] GC(987) Skipped phase4 of Reference Processing due to unavailable references
[2673.519s][debug][gc,age       ] GC(987) Desired survivor size 15400960 bytes, new threshold 6 (max threshold 6)
[2673.519s][info ][gc,heap      ] GC(987) ParNew: 242269K->1593K(270976K)
[2673.519s][info ][gc,heap      ] GC(987) CMS: 425327K->425350K(602112K)
[2673.519s][info ][gc,metaspace ] GC(987) Metaspace: 63329K->63329K(1107968K)
[2673.519s][info ][gc           ] GC(987) Pause Young (Allocation Failure) 651M->416M(852M) 2.605ms
[2673.519s][info ][gc,cpu       ] GC(987) User=0.01s Sys=0.00s Real=0.00s
[2673.519s][info ][safepoint    ] Leaving safepoint region
[2673.519s][info ][safepoint    ] Total time for which application threads were stopped: 0.0028716 seconds, Stopping threads took: 0.0000649 seconds
[2674.519s][info ][safepoint    ] Application time: 1.0001134 seconds
[2674.519s][info ][safepoint    ] Entering safepoint region: Cleanup
[2674.519s][info ][safepoint    ] Leaving safepoint region
[2674.519s][info ][safepoint    ] Total time for which application threads were stopped: 0.0001254 seconds, Stopping threads took: 0.0000454 seconds
[2675.519s][info ][safepoint    ] Application time: 1.0000944 seconds
[2675.520s][info ][safepoint    ] Entering safepoint region: Cleanup
[2675.520s][info ][safepoint    ] Leaving safepoint region
[2675.520s][info ][safepoint    ] Total time for which application threads were stopped: 0.0001320 seconds, Stopping threads took: 0.0000559 seconds
[2676.520s][info ][safepoint    ] Application time: 1.0000934 seconds
[2676.520s][info ][safepoint    ] Entering safepoint region: Cleanup
[2676.520s][info ][safepoint    ] Leaving safepoint region
[2676.520s][info ][safepoint    ] Total time for which application threads were stopped: 0.0002661 seconds, Stopping threads took: 0.0001787 seconds
[2677.118s][info ][safepoint    ] Application time: 0.5975553 seconds
[2677.118s][info ][safepoint    ] Entering safepoint region: GenCollectForAllocation
[2677.118s][info ][gc,start     ] GC(988) Pause Young (Allocation Failure)
[2677.118s][info ][gc,task      ] GC(988) Using 4 workers of 4 for evacuation
[2677.121s][debug][gc,ref       ] GC(988) Skipped phase1 of Reference Processing due to unavailable references
[2677.121s][debug][gc,ref       ] GC(988) Skipped phase2 of Reference Processing due to unavailable references
[2677.121s][debug][gc,ref       ] GC(988) Skipped phase3 of Reference Processing due to unavailable references
[2677.121s][debug][gc,ref       ] GC(988) Skipped phase4 of Reference Processing due to unavailable references
[2677.121s][debug][gc,age       ] GC(988) Desired survivor size 15400960 bytes, new threshold 6 (max threshold 6)
[2677.121s][info ][gc,heap      ] GC(988) ParNew: 242489K->1499K(270976K)
[2677.121s][info ][gc,heap      ] GC(988) CMS: 425350K->425443K(602112K)
[2677.121s][info ][gc,metaspace ] GC(988) Metaspace: 63330K->63330K(1107968K)
[2677.122s][info ][gc           ] GC(988) Pause Young (Allocation Failure) 652M->416M(852M) 3.733ms
[2677.122s][info ][gc,cpu       ] GC(988) User=0.01s Sys=0.00s Real=0.01s
[2677.122s][info ][safepoint    ] Leaving safepoint region
[2677.122s][info ][safepoint    ] Total time for which application threads were stopped: 0.0038968 seconds, Stopping threads took: 0.0000322 seconds
[2678.122s][info ][safepoint    ] Application time: 1.0001025 seconds
[2678.122s][info ][safepoint    ] Entering safepoint region: Cleanup
[2678.122s][info ][safepoint    ] Leaving safepoint region
[2678.122s][info ][safepoint    ] Total time for which application threads were stopped: 0.0001350 seconds, Stopping threads took: 0.0000580 seconds
[2679.122s][info ][safepoint    ] Application time: 1.0001289 seconds
[2679.122s][info ][safepoint    ] Entering safepoint region: Cleanup
[2679.122s][info ][safepoint    ] Leaving safepoint region
[2679.122s][info ][safepoint    ] Total time for which application threads were stopped: 0.0001158 seconds, Stopping threads took: 0.0000469 seconds
[2680.122s][info ][safepoint    ] Application time: 1.0001096 seconds
[2680.122s][info ][safepoint    ] Entering safepoint region: Cleanup
[2680.122s][info ][safepoint    ] Leaving safepoint region
[2680.122s][info ][safepoint    ] Total time for which application threads were stopped: 0.0001166 seconds, Stopping threads took: 0.0000479 seconds
[2680.973s][info ][safepoint    ] Application time: 0.8508376 seconds
[2680.973s][info ][safepoint    ] Entering safepoint region: GenCollectForAllocation
[2680.973s][info ][gc,start     ] GC(989) Pause Young (Allocation Failure)
[2680.973s][info ][gc,task      ] GC(989) Using 4 workers of 4 for evacuation
[2680.976s][debug][gc,ref       ] GC(989) Skipped phase1 of Reference Processing due to unavailable references
[2680.976s][debug][gc,ref       ] GC(989) Skipped phase2 of Reference Processing due to unavailable references
[2680.976s][debug][gc,ref       ] GC(989) Skipped phase3 of Reference Processing due to unavailable references
[2680.976s][debug][gc,ref       ] GC(989) Skipped phase4 of Reference Processing due to unavailable references
[2680.976s][debug][gc,age       ] GC(989) Desired survivor size 15400960 bytes, new threshold 6 (max threshold 6)
[2680.976s][info ][gc,heap      ] GC(989) ParNew: 242395K->1903K(270976K)
[2680.976s][info ][gc,heap      ] GC(989) CMS: 425443K->425557K(602112K)
[2680.976s][info ][gc,metaspace ] GC(989) Metaspace: 63330K->63330K(1107968K)
[2680.976s][info ][gc           ] GC(989) Pause Young (Allocation Failure) 652M->417M(852M) 2.998ms
[2680.976s][info ][gc,cpu       ] GC(989) User=0.01s Sys=0.00s Real=0.00s
[2680.976s][info ][safepoint    ] Leaving safepoint region
[2680.976s][info ][safepoint    ] Total time for which application threads were stopped: 0.0031722 seconds, Stopping threads took: 0.0000276 seconds
[2681.977s][info ][safepoint    ] Application time: 1.0001216 seconds
[2681.977s][info ][safepoint    ] Entering safepoint region: Cleanup
[2681.977s][info ][safepoint    ] Leaving safepoint region
[2681.977s][info ][safepoint    ] Total time for which application threads were stopped: 0.0001196 seconds, Stopping threads took: 0.0000492 seconds
[2682.977s][info ][safepoint    ] Application time: 1.0000998 seconds
[2682.977s][info ][safepoint    ] Entering safepoint region: Cleanup
[2682.977s][info ][safepoint    ] Leaving safepoint region
[2682.977s][info ][safepoint    ] Total time for which application threads were stopped: 0.0002005 seconds, Stopping threads took: 0.0000627 seconds
[2683.977s][info ][safepoint    ] Application time: 1.0001224 seconds
[2683.977s][info ][safepoint    ] Entering safepoint region: Cleanup
[2683.977s][info ][safepoint    ] Leaving safepoint region
[2683.977s][info ][safepoint    ] Total time for which application threads were stopped: 0.0001236 seconds, Stopping threads took: 0.0000492 seconds
[2684.723s][info ][safepoint    ] Application time: 0.7460002 seconds
[2684.723s][info ][safepoint    ] Entering safepoint region: GenCollectForAllocation
[2684.724s][info ][gc,start     ] GC(990) Pause Young (Allocation Failure)
[2684.724s][info ][gc,task      ] GC(990) Using 4 workers of 4 for evacuation
[2684.727s][debug][gc,ref       ] GC(990) Skipped phase1 of Reference Processing due to unavailable references
[2684.727s][debug][gc,ref       ] GC(990) Skipped phase2 of Reference Processing due to unavailable references
[2684.727s][debug][gc,ref       ] GC(990) Skipped phase3 of Reference Processing due to unavailable references
[2684.727s][debug][gc,ref       ] GC(990) Skipped phase4 of Reference Processing due to unavailable references
[2684.727s][debug][gc,age       ] GC(990) Desired survivor size 15400960 bytes, new threshold 6 (max threshold 6)
[2684.727s][info ][gc,heap      ] GC(990) ParNew: 242799K->1941K(270976K)
[2684.727s][info ][gc,heap      ] GC(990) CMS: 425557K->425612K(602112K)
[2684.727s][info ][gc,metaspace ] GC(990) Metaspace: 63330K->63330K(1107968K)
[2684.727s][info ][gc           ] GC(990) Pause Young (Allocation Failure) 652M->417M(852M) 3.326ms
[2684.727s][info ][gc,cpu       ] GC(990) User=0.01s Sys=0.00s Real=0.00s
[2684.727s][info ][safepoint    ] Leaving safepoint region
[2684.727s][info ][safepoint    ] Total time for which application threads were stopped: 0.0035013 seconds, Stopping threads took: 0.0000163 seconds
[2685.727s][info ][safepoint    ] Application time: 1.0001238 seconds
[2685.727s][info ][safepoint    ] Entering safepoint region: Cleanup
[2685.727s][info ][safepoint    ] Leaving safepoint region
[2685.727s][info ][safepoint    ] Total time for which application threads were stopped: 0.0001367 seconds, Stopping threads took: 0.0000625 seconds
[2686.727s][info ][safepoint    ] Application time: 1.0001412 seconds
[2686.728s][info ][safepoint    ] Entering safepoint region: Cleanup
[2686.728s][info ][safepoint    ] Leaving safepoint region
[2686.728s][info ][safepoint    ] Total time for which application threads were stopped: 0.0001788 seconds, Stopping threads took: 0.0000748 seconds
[2687.728s][info ][safepoint    ] Application time: 1.0000966 seconds
[2687.728s][info ][safepoint    ] Entering safepoint region: Cleanup
[2687.728s][info ][safepoint    ] Leaving safepoint region
[2687.728s][info ][safepoint    ] Total time for which application threads were stopped: 0.0000669 seconds, Stopping threads took: 0.0000171 seconds
[2688.521s][info ][safepoint    ] Application time: 0.7928894 seconds
[2688.521s][info ][safepoint    ] Entering safepoint region: GenCollectForAllocation
[2688.521s][info ][gc,start     ] GC(991) Pause Young (Allocation Failure)
[2688.521s][info ][gc,task      ] GC(991) Using 4 workers of 4 for evacuation
[2688.524s][debug][gc,ref       ] GC(991) Skipped phase1 of Reference Processing due to unavailable references
[2688.524s][debug][gc,ref       ] GC(991) Skipped phase2 of Reference Processing due to unavailable references
[2688.525s][debug][gc,ref       ] GC(991) Skipped phase3 of Reference Processing due to unavailable references
[2688.525s][debug][gc,ref       ] GC(991) Skipped phase4 of Reference Processing due to unavailable references
[2688.525s][debug][gc,age       ] GC(991) Desired survivor size 15400960 bytes, new threshold 6 (max threshold 6)
[2688.525s][info ][gc,heap      ] GC(991) ParNew: 242837K->2087K(270976K)
[2688.525s][info ][gc,heap      ] GC(991) CMS: 425612K->425644K(602112K)
[2688.525s][info ][gc,metaspace ] GC(991) Metaspace: 63331K->63331K(1107968K)
[2688.525s][info ][gc           ] GC(991) Pause Young (Allocation Failure) 652M->417M(852M) 3.913ms
[2688.525s][info ][gc,cpu       ] GC(991) User=0.01s Sys=0.00s Real=0.00s
[2688.525s][info ][safepoint    ] Leaving safepoint region
[2688.525s][info ][safepoint    ] Total time for which application threads were stopped: 0.0040747 seconds, Stopping threads took: 0.0000154 seconds
[2689.525s][info ][safepoint    ] Application time: 1.0001069 seconds
[2689.525s][info ][safepoint    ] Entering safepoint region: Cleanup
[2689.525s][info ][safepoint    ] Leaving safepoint region
[2689.525s][info ][safepoint    ] Total time for which application threads were stopped: 0.0001689 seconds, Stopping threads took: 0.0000657 seconds
[2690.525s][info ][safepoint    ] Application time: 1.0000918 seconds
[2690.525s][info ][safepoint    ] Entering safepoint region: Cleanup
[2690.525s][info ][safepoint    ] Leaving safepoint region
[2690.525s][info ][safepoint    ] Total time for which application threads were stopped: 0.0001441 seconds, Stopping threads took: 0.0000610 seconds
[2691.526s][info ][safepoint    ] Application time: 1.0000922 seconds
[2691.526s][info ][safepoint    ] Entering safepoint region: Cleanup
[2691.526s][info ][safepoint    ] Leaving safepoint region
[2691.526s][info ][safepoint    ] Total time for which application threads were stopped: 0.0001113 seconds, Stopping threads took: 0.0000480 seconds
[2692.129s][info ][safepoint    ] Application time: 0.6030704 seconds
[2692.129s][info ][safepoint    ] Entering safepoint region: GenCollectForAllocation
[2692.129s][info ][gc,start     ] GC(992) Pause Young (Allocation Failure)
[2692.129s][info ][gc,task      ] GC(992) Using 4 workers of 4 for evacuation
[2692.132s][debug][gc,ref       ] GC(992) Skipped phase1 of Reference Processing due to unavailable references
[2692.132s][debug][gc,ref       ] GC(992) Skipped phase2 of Reference Processing due to unavailable references
[2692.132s][debug][gc,ref       ] GC(992) Skipped phase3 of Reference Processing due to unavailable references
[2692.132s][debug][gc,ref       ] GC(992) Skipped phase4 of Reference Processing due to unavailable references
[2692.132s][debug][gc,age       ] GC(992) Desired survivor size 15400960 bytes, new threshold 6 (max threshold 6)
[2692.132s][info ][gc,heap      ] GC(992) ParNew: 242983K->2126K(270976K)
[2692.132s][info ][gc,heap      ] GC(992) CMS: 425644K->425766K(602112K)
[2692.132s][info ][gc,metaspace ] GC(992) Metaspace: 63331K->63331K(1107968K)
[2692.132s][info ][gc           ] GC(992) Pause Young (Allocation Failure) 652M->417M(852M) 3.151ms
[2692.132s][info ][gc,cpu       ] GC(992) User=0.01s Sys=0.00s Real=0.00s
[2692.132s][info ][safepoint    ] Leaving safepoint region
[2692.132s][info ][safepoint    ] Total time for which application threads were stopped: 0.0033151 seconds, Stopping threads took: 0.0000174 seconds
[2693.133s][info ][safepoint    ] Application time: 1.0008539 seconds
[2693.133s][info ][safepoint    ] Entering safepoint region: Cleanup
[2693.133s][info ][safepoint    ] Leaving safepoint region
[2693.133s][info ][safepoint    ] Total time for which application threads were stopped: 0.0000769 seconds, Stopping threads took: 0.0000229 seconds
[2694.133s][info ][safepoint    ] Application time: 1.0000830 seconds
[2694.133s][info ][safepoint    ] Entering safepoint region: Cleanup
[2694.133s][info ][safepoint    ] Leaving safepoint region
[2694.133s][info ][safepoint    ] Total time for which application threads were stopped: 0.0000689 seconds, Stopping threads took: 0.0000160 seconds
[2695.133s][info ][safepoint    ] Application time: 1.0000841 seconds
[2695.133s][info ][safepoint    ] Entering safepoint region: Cleanup
[2695.134s][info ][safepoint    ] Leaving safepoint region
[2695.134s][info ][safepoint    ] Total time for which application threads were stopped: 0.0000897 seconds, Stopping threads took: 0.0000147 seconds
[2695.769s][info ][safepoint    ] Application time: 0.6353096 seconds
[2695.769s][info ][safepoint    ] Entering safepoint region: GenCollectForAllocation
[2695.769s][info ][gc,start     ] GC(993) Pause Young (Allocation Failure)
[2695.769s][info ][gc,task      ] GC(993) Using 4 workers of 4 for evacuation
[2695.772s][debug][gc,ref       ] GC(993) Skipped phase1 of Reference Processing due to unavailable references
[2695.772s][debug][gc,ref       ] GC(993) Skipped phase2 of Reference Processing due to unavailable references
[2695.772s][debug][gc,ref       ] GC(993) Skipped phase3 of Reference Processing due to unavailable references
[2695.772s][debug][gc,ref       ] GC(993) Skipped phase4 of Reference Processing due to unavailable references
[2695.772s][debug][gc,age       ] GC(993) Desired survivor size 15400960 bytes, new threshold 6 (max threshold 6)
[2695.772s][info ][gc,heap      ] GC(993) ParNew: 243022K->2382K(270976K)
[2695.772s][info ][gc,heap      ] GC(993) CMS: 425766K->425878K(602112K)
[2695.772s][info ][gc,metaspace ] GC(993) Metaspace: 63331K->63331K(1107968K)
[2695.772s][info ][gc           ] GC(993) Pause Young (Allocation Failure) 653M->418M(852M) 3.358ms
[2695.772s][info ][gc,cpu       ] GC(993) User=0.02s Sys=0.00s Real=0.00s
[2695.772s][info ][safepoint    ] Leaving safepoint region
[2695.772s][info ][safepoint    ] Total time for which application threads were stopped: 0.0035457 seconds, Stopping threads took: 0.0000434 seconds
[2696.773s][info ][safepoint    ] Application time: 1.0001062 seconds
[2696.773s][info ][safepoint    ] Entering safepoint region: Cleanup
[2696.773s][info ][safepoint    ] Leaving safepoint region
[2696.773s][info ][safepoint    ] Total time for which application threads were stopped: 0.0001038 seconds, Stopping threads took: 0.0000499 seconds
[2697.773s][info ][safepoint    ] Application time: 1.0000868 seconds
[2697.773s][info ][safepoint    ] Entering safepoint region: Cleanup
[2697.773s][info ][safepoint    ] Leaving safepoint region
[2697.773s][info ][safepoint    ] Total time for which application threads were stopped: 0.0001355 seconds, Stopping threads took: 0.0000778 seconds
[2698.773s][info ][safepoint    ] Application time: 1.0001274 seconds
[2698.773s][info ][safepoint    ] Entering safepoint region: Cleanup
[2698.773s][info ][safepoint    ] Leaving safepoint region
[2698.773s][info ][safepoint    ] Total time for which application threads were stopped: 0.0001428 seconds, Stopping threads took: 0.0000684 seconds
[2699.470s][info ][safepoint    ] Application time: 0.6965935 seconds
[2699.470s][info ][safepoint    ] Entering safepoint region: GenCollectForAllocation
[2699.470s][info ][gc,start     ] GC(994) Pause Young (Allocation Failure)
[2699.470s][info ][gc,task      ] GC(994) Using 4 workers of 4 for evacuation
[2699.473s][debug][gc,ref       ] GC(994) Skipped phase1 of Reference Processing due to unavailable references
[2699.473s][debug][gc,ref       ] GC(994) Skipped phase2 of Reference Processing due to unavailable references
[2699.473s][debug][gc,ref       ] GC(994) Skipped phase3 of Reference Processing due to unavailable references
[2699.473s][debug][gc,ref       ] GC(994) Skipped phase4 of Reference Processing due to unavailable references
[2699.474s][debug][gc,age       ] GC(994) Desired survivor size 15400960 bytes, new threshold 6 (max threshold 6)
[2699.474s][info ][gc,heap      ] GC(994) ParNew: 243278K->1827K(270976K)
[2699.474s][info ][gc,heap      ] GC(994) CMS: 425878K->426087K(602112K)
[2699.474s][info ][gc,metaspace ] GC(994) Metaspace: 63332K->63332K(1107968K)
[2699.474s][info ][gc           ] GC(994) Pause Young (Allocation Failure) 653M->417M(852M) 3.430ms
[2699.474s][info ][gc,cpu       ] GC(994) User=0.01s Sys=0.00s Real=0.00s
[2699.474s][info ][safepoint    ] Leaving safepoint region
[2699.474s][info ][safepoint    ] Total time for which application threads were stopped: 0.0035961 seconds, Stopping threads took: 0.0000183 seconds
[2700.474s][info ][safepoint    ] Application time: 1.0001020 seconds
[2700.474s][info ][safepoint    ] Entering safepoint region: Cleanup
[2700.474s][info ][safepoint    ] Leaving safepoint region
[2700.474s][info ][safepoint    ] Total time for which application threads were stopped: 0.0001111 seconds, Stopping threads took: 0.0000512 seconds
[2703.224s][info ][safepoint    ] Application time: 2.7497297 seconds
[2703.224s][info ][safepoint    ] Entering safepoint region: GenCollectForAllocation
[2703.224s][info ][gc,start     ] GC(995) Pause Young (Allocation Failure)
[2703.224s][info ][gc,task      ] GC(995) Using 4 workers of 4 for evacuation
[2703.227s][debug][gc,ref       ] GC(995) Skipped phase1 of Reference Processing due to unavailable references
[2703.227s][debug][gc,ref       ] GC(995) Skipped phase2 of Reference Processing due to unavailable references
[2703.227s][debug][gc,ref       ] GC(995) Skipped phase3 of Reference Processing due to unavailable references
[2703.227s][debug][gc,ref       ] GC(995) Skipped phase4 of Reference Processing due to unavailable references
[2703.227s][debug][gc,age       ] GC(995) Desired survivor size 15400960 bytes, new threshold 6 (max threshold 6)
[2703.227s][info ][gc,heap      ] GC(995) ParNew: 242723K->1878K(270976K)
[2703.227s][info ][gc,heap      ] GC(995) CMS: 426087K->426226K(602112K)
[2703.227s][info ][gc,metaspace ] GC(995) Metaspace: 63332K->63332K(1107968K)
[2703.227s][info ][gc           ] GC(995) Pause Young (Allocation Failure) 653M->418M(852M) 3.037ms
[2703.227s][info ][gc,cpu       ] GC(995) User=0.02s Sys=0.00s Real=0.00s
[2703.227s][info ][safepoint    ] Leaving safepoint region
[2703.227s][info ][safepoint    ] Total time for which application threads were stopped: 0.0032215 seconds, Stopping threads took: 0.0000143 seconds
[2707.129s][info ][safepoint    ] Application time: 3.9018692 seconds
[2707.129s][info ][safepoint    ] Entering safepoint region: GenCollectForAllocation
[2707.129s][info ][gc,start     ] GC(996) Pause Young (Allocation Failure)
[2707.129s][info ][gc,task      ] GC(996) Using 4 workers of 4 for evacuation
[2707.132s][debug][gc,ref       ] GC(996) Skipped phase1 of Reference Processing due to unavailable references
[2707.132s][debug][gc,ref       ] GC(996) Skipped phase2 of Reference Processing due to unavailable references
[2707.132s][debug][gc,ref       ] GC(996) Skipped phase3 of Reference Processing due to unavailable references
[2707.132s][debug][gc,ref       ] GC(996) Skipped phase4 of Reference Processing due to unavailable references
[2707.132s][debug][gc,age       ] GC(996) Desired survivor size 15400960 bytes, new threshold 6 (max threshold 6)
[2707.132s][info ][gc,heap      ] GC(996) ParNew: 242774K->1596K(270976K)
[2707.132s][info ][gc,heap      ] GC(996) CMS: 426226K->426304K(602112K)
[2707.132s][info ][gc,metaspace ] GC(996) Metaspace: 63332K->63332K(1107968K)
[2707.132s][info ][gc           ] GC(996) Pause Young (Allocation Failure) 653M->417M(852M) 3.053ms
[2707.132s][info ][gc,cpu       ] GC(996) User=0.01s Sys=0.00s Real=0.00s
[2707.132s][info ][safepoint    ] Leaving safepoint region
[2707.132s][info ][safepoint    ] Total time for which application threads were stopped: 0.0033282 seconds, Stopping threads took: 0.0000589 seconds
[2710.970s][info ][safepoint    ] Application time: 3.8374071 seconds
[2710.970s][info ][safepoint    ] Entering safepoint region: GenCollectForAllocation
[2710.970s][info ][gc,start     ] GC(997) Pause Young (Allocation Failure)
[2710.970s][info ][gc,task      ] GC(997) Using 4 workers of 4 for evacuation
[2710.973s][debug][gc,ref       ] GC(997) Skipped phase1 of Reference Processing due to unavailable references
[2710.973s][debug][gc,ref       ] GC(997) Skipped phase2 of Reference Processing due to unavailable references
[2710.973s][debug][gc,ref       ] GC(997) Skipped phase3 of Reference Processing due to unavailable references
[2710.973s][debug][gc,ref       ] GC(997) Skipped phase4 of Reference Processing due to unavailable references
[2710.974s][debug][gc,age       ] GC(997) Desired survivor size 15400960 bytes, new threshold 6 (max threshold 6)
[2710.974s][info ][gc,heap      ] GC(997) ParNew: 242492K->1471K(270976K)
[2710.974s][info ][gc,heap      ] GC(997) CMS: 426304K->426392K(602112K)
[2710.974s][info ][gc,metaspace ] GC(997) Metaspace: 63332K->63332K(1107968K)
[2710.974s][info ][gc           ] GC(997) Pause Young (Allocation Failure) 653M->417M(852M) 3.652ms
[2710.974s][info ][gc,cpu       ] GC(997) User=0.01s Sys=0.00s Real=0.00s
[2710.974s][info ][safepoint    ] Leaving safepoint region
[2710.974s][info ][safepoint    ] Total time for which application threads were stopped: 0.0039844 seconds, Stopping threads took: 0.0001520 seconds
[2713.974s][info ][safepoint    ] Application time: 3.0002493 seconds
[2713.974s][info ][safepoint    ] Entering safepoint region: Cleanup
[2713.974s][info ][safepoint    ] Leaving safepoint region
[2713.974s][info ][safepoint    ] Total time for which application threads were stopped: 0.0001185 seconds, Stopping threads took: 0.0000438 seconds
[2714.823s][info ][safepoint    ] Application time: 0.8492802 seconds
[2714.823s][info ][safepoint    ] Entering safepoint region: GenCollectForAllocation
[2714.824s][info ][gc,start     ] GC(998) Pause Young (Allocation Failure)
[2714.824s][info ][gc,task      ] GC(998) Using 4 workers of 4 for evacuation
[2714.826s][debug][gc,ref       ] GC(998) Skipped phase1 of Reference Processing due to unavailable references
[2714.826s][debug][gc,ref       ] GC(998) Skipped phase2 of Reference Processing due to unavailable references
[2714.826s][debug][gc,ref       ] GC(998) Skipped phase3 of Reference Processing due to unavailable references
[2714.826s][debug][gc,ref       ] GC(998) Skipped phase4 of Reference Processing due to unavailable references
[2714.827s][debug][gc,age       ] GC(998) Desired survivor size 15400960 bytes, new threshold 6 (max threshold 6)
[2714.827s][info ][gc,heap      ] GC(998) ParNew: 242367K->1572K(270976K)
[2714.827s][info ][gc,heap      ] GC(998) CMS: 426392K->426562K(602112K)
[2714.827s][info ][gc,metaspace ] GC(998) Metaspace: 63332K->63332K(1107968K)
[2714.827s][info ][gc           ] GC(998) Pause Young (Allocation Failure) 653M->418M(852M) 3.042ms
[2714.827s][info ][gc,cpu       ] GC(998) User=0.01s Sys=0.00s Real=0.00s
[2714.827s][info ][safepoint    ] Leaving safepoint region
[2714.827s][info ][safepoint    ] Total time for which application threads were stopped: 0.0032058 seconds, Stopping threads took: 0.0000294 seconds
[2716.827s][info ][safepoint    ] Application time: 2.0001635 seconds
[2716.827s][info ][safepoint    ] Entering safepoint region: Cleanup
[2716.827s][info ][safepoint    ] Leaving safepoint region
[2716.827s][info ][safepoint    ] Total time for which application threads were stopped: 0.0001197 seconds, Stopping threads took: 0.0000446 seconds
[2718.623s][info ][safepoint    ] Application time: 1.7958867 seconds
[2718.623s][info ][safepoint    ] Entering safepoint region: GenCollectForAllocation
[2718.623s][info ][gc,start     ] GC(999) Pause Young (Allocation Failure)
[2718.623s][info ][gc,task      ] GC(999) Using 4 workers of 4 for evacuation
[2718.626s][debug][gc,ref       ] GC(999) Skipped phase1 of Reference Processing due to unavailable references
[2718.626s][debug][gc,ref       ] GC(999) Skipped phase2 of Reference Processing due to unavailable references
[2718.626s][debug][gc,ref       ] GC(999) Skipped phase3 of Reference Processing due to unavailable references
[2718.626s][debug][gc,ref       ] GC(999) Skipped phase4 of Reference Processing due to unavailable references
[2718.626s][debug][gc,age       ] GC(999) Desired survivor size 15400960 bytes, new threshold 6 (max threshold 6)
[2718.626s][info ][gc,heap      ] GC(999) ParNew: 242468K->1225K(270976K)
[2718.626s][info ][gc,heap      ] GC(999) CMS: 426562K->426848K(602112K)
[2718.626s][info ][gc,metaspace ] GC(999) Metaspace: 63332K->63332K(1107968K)
[2718.626s][info ][gc           ] GC(999) Pause Young (Allocation Failure) 653M->418M(852M) 3.337ms
[2718.626s][info ][gc,cpu       ] GC(999) User=0.00s Sys=0.01s Real=0.00s
[2718.626s][info ][safepoint    ] Leaving safepoint region
[2718.626s][info ][safepoint    ] Total time for which application threads were stopped: 0.0035138 seconds, Stopping threads took: 0.0000170 seconds
[2720.774s][info ][safepoint    ] Application time: 2.1476585 seconds
[2720.774s][info ][safepoint    ] Entering safepoint region: Deoptimize
[2720.782s][info ][safepoint    ] Leaving safepoint region
[2720.782s][info ][safepoint    ] Total time for which application threads were stopped: 0.0076299 seconds, Stopping threads took: 0.0000141 seconds
[2721.016s][info ][safepoint    ] Application time: 0.2339160 seconds
[2721.016s][info ][safepoint    ] Entering safepoint region: Deoptimize
[2721.018s][info ][safepoint    ] Leaving safepoint region
[2721.018s][info ][safepoint    ] Total time for which application threads were stopped: 0.0021589 seconds, Stopping threads took: 0.0000357 seconds
[2721.190s][info ][safepoint    ] Application time: 0.1718647 seconds
[2721.190s][info ][safepoint    ] Entering safepoint region: GenCollectForAllocation
[2721.190s][info ][gc,start     ] GC(1000) Pause Young (Allocation Failure)
[2721.190s][info ][gc,task      ] GC(1000) Using 4 workers of 4 for evacuation
[2721.203s][debug][gc,ref       ] GC(1000) Skipped phase1 of Reference Processing due to unavailable references
[2721.203s][debug][gc,ref       ] GC(1000) Skipped phase3 of Reference Processing due to unavailable references
[2721.203s][debug][gc,age       ] GC(1000) Desired survivor size 15400960 bytes, new threshold 1 (max threshold 6)
[2721.203s][info ][gc,heap      ] GC(1000) ParNew: 242121K->25823K(270976K)
[2721.203s][info ][gc,heap      ] GC(1000) CMS: 426848K->427000K(602112K)
[2721.203s][info ][gc,metaspace ] GC(1000) Metaspace: 63457K->63457K(1107968K)
[2721.204s][info ][gc           ] GC(1000) Pause Young (Allocation Failure) 653M->442M(852M) 13.655ms
[2721.204s][info ][gc,cpu       ] GC(1000) User=0.06s Sys=0.00s Real=0.01s
[2721.204s][info ][safepoint    ] Leaving safepoint region
[2721.204s][info ][safepoint    ] Total time for which application threads were stopped: 0.0138443 seconds, Stopping threads took: 0.0000150 seconds
[2722.204s][info ][safepoint    ] Application time: 1.0001381 seconds
[2722.204s][info ][safepoint    ] Entering safepoint region: Cleanup
[2722.204s][info ][safepoint    ] Leaving safepoint region
[2722.204s][info ][safepoint    ] Total time for which application threads were stopped: 0.0000846 seconds, Stopping threads took: 0.0000161 seconds
[2723.204s][info ][safepoint    ] Application time: 1.0001232 seconds
[2723.204s][info ][safepoint    ] Entering safepoint region: Cleanup
[2723.204s][info ][safepoint    ] Leaving safepoint region
[2723.204s][info ][safepoint    ] Total time for which application threads were stopped: 0.0000847 seconds, Stopping threads took: 0.0000182 seconds
[2724.227s][info ][safepoint    ] Application time: 1.0229919 seconds
[2724.227s][info ][safepoint    ] Entering safepoint region: GenCollectForAllocation
[2724.227s][info ][gc,start     ] GC(1001) Pause Young (Allocation Failure)
[2724.227s][info ][gc,task      ] GC(1001) Using 4 workers of 4 for evacuation
[2724.231s][debug][gc,ref       ] GC(1001) Skipped phase1 of Reference Processing due to unavailable references
[2724.231s][debug][gc,ref       ] GC(1001) Skipped phase2 of Reference Processing due to unavailable references
[2724.231s][debug][gc,ref       ] GC(1001) Skipped phase3 of Reference Processing due to unavailable references
[2724.231s][debug][gc,ref       ] GC(1001) Skipped phase4 of Reference Processing due to unavailable references
[2724.231s][debug][gc,age       ] GC(1001) Desired survivor size 15400960 bytes, new threshold 6 (max threshold 6)
[2724.231s][info ][gc,heap      ] GC(1001) ParNew: 266719K->19306K(270976K)
[2724.231s][info ][gc,heap      ] GC(1001) CMS: 427000K->427754K(602112K)
[2724.231s][info ][gc,metaspace ] GC(1001) Metaspace: 63457K->63457K(1107968K)
[2724.232s][info ][gc           ] GC(1001) Pause Young (Allocation Failure) 677M->436M(852M) 4.164ms
[2724.232s][info ][gc,cpu       ] GC(1001) User=0.00s Sys=0.02s Real=0.01s
[2724.232s][info ][safepoint    ] Leaving safepoint region
[2724.232s][info ][safepoint    ] Total time for which application threads were stopped: 0.0044440 seconds, Stopping threads took: 0.0000391 seconds
[2727.232s][info ][safepoint    ] Application time: 3.0003057 seconds
[2727.232s][info ][safepoint    ] Entering safepoint region: Cleanup
[2727.232s][info ][safepoint    ] Leaving safepoint region
[2727.232s][info ][safepoint    ] Total time for which application threads were stopped: 0.0000860 seconds, Stopping threads took: 0.0000196 seconds
[2727.826s][info ][safepoint    ] Application time: 0.5938363 seconds
[2727.826s][info ][safepoint    ] Entering safepoint region: GenCollectForAllocation
[2727.826s][info ][gc,start     ] GC(1002) Pause Young (Allocation Failure)
[2727.826s][info ][gc,task      ] GC(1002) Using 4 workers of 4 for evacuation
[2727.829s][debug][gc,ref       ] GC(1002) Skipped phase1 of Reference Processing due to unavailable references
[2727.829s][debug][gc,ref       ] GC(1002) Skipped phase2 of Reference Processing due to unavailable references
[2727.829s][debug][gc,ref       ] GC(1002) Skipped phase3 of Reference Processing due to unavailable references
[2727.829s][debug][gc,ref       ] GC(1002) Skipped phase4 of Reference Processing due to unavailable references
[2727.829s][debug][gc,age       ] GC(1002) Desired survivor size 15400960 bytes, new threshold 6 (max threshold 6)
[2727.829s][info ][gc,heap      ] GC(1002) ParNew: 260202K->3655K(270976K)
[2727.829s][info ][gc,heap      ] GC(1002) CMS: 427754K->427754K(602112K)
[2727.829s][info ][gc,metaspace ] GC(1002) Metaspace: 63458K->63458K(1107968K)
[2727.829s][info ][gc           ] GC(1002) Pause Young (Allocation Failure) 671M->421M(852M) 3.198ms
[2727.829s][info ][gc,cpu       ] GC(1002) User=0.01s Sys=0.00s Real=0.01s
[2727.829s][info ][safepoint    ] Leaving safepoint region
[2727.829s][info ][safepoint    ] Total time for which application threads were stopped: 0.0033634 seconds, Stopping threads took: 0.0000183 seconds
[2728.829s][info ][safepoint    ] Application time: 1.0002121 seconds
[2728.834s][info ][safepoint    ] Entering safepoint region: Cleanup
[2728.834s][info ][safepoint    ] Leaving safepoint region
[2728.834s][info ][safepoint    ] Total time for which application threads were stopped: 0.0042057 seconds, Stopping threads took: 0.0041286 seconds
[2729.834s][info ][safepoint    ] Application time: 1.0000939 seconds
[2729.834s][info ][safepoint    ] Entering safepoint region: Cleanup
[2729.834s][info ][safepoint    ] Leaving safepoint region
[2729.834s][info ][safepoint    ] Total time for which application threads were stopped: 0.0000812 seconds, Stopping threads took: 0.0000179 seconds
[2730.834s][info ][safepoint    ] Application time: 1.0000941 seconds
[2730.834s][info ][safepoint    ] Entering safepoint region: Cleanup
[2730.834s][info ][safepoint    ] Leaving safepoint region
[2730.834s][info ][safepoint    ] Total time for which application threads were stopped: 0.0000883 seconds, Stopping threads took: 0.0000198 seconds
[2731.221s][info ][safepoint    ] Application time: 0.3865047 seconds
[2731.221s][info ][safepoint    ] Entering safepoint region: GenCollectForAllocation
[2731.221s][info ][gc,start     ] GC(1003) Pause Young (Allocation Failure)
[2731.221s][info ][gc,task      ] GC(1003) Using 4 workers of 4 for evacuation
[2731.223s][debug][gc,ref       ] GC(1003) Skipped phase1 of Reference Processing due to unavailable references
[2731.223s][debug][gc,ref       ] GC(1003) Skipped phase2 of Reference Processing due to unavailable references
[2731.223s][debug][gc,ref       ] GC(1003) Skipped phase3 of Reference Processing due to unavailable references
[2731.223s][debug][gc,ref       ] GC(1003) Skipped phase4 of Reference Processing due to unavailable references
[2731.223s][debug][gc,age       ] GC(1003) Desired survivor size 15400960 bytes, new threshold 6 (max threshold 6)
[2731.223s][info ][gc,heap      ] GC(1003) ParNew: 244551K->1333K(270976K)
[2731.223s][info ][gc,heap      ] GC(1003) CMS: 427754K->427754K(602112K)
[2731.223s][info ][gc,metaspace ] GC(1003) Metaspace: 63459K->63459K(1107968K)
[2731.223s][info ][gc           ] GC(1003) Pause Young (Allocation Failure) 656M->419M(852M) 2.268ms
[2731.223s][info ][gc,cpu       ] GC(1003) User=0.01s Sys=0.00s Real=0.00s
[2731.223s][info ][safepoint    ] Leaving safepoint region
[2731.223s][info ][safepoint    ] Total time for which application threads were stopped: 0.0024333 seconds, Stopping threads took: 0.0000180 seconds
[2733.223s][info ][safepoint    ] Application time: 2.0001979 seconds
[2733.223s][info ][safepoint    ] Entering safepoint region: Cleanup
[2733.223s][info ][safepoint    ] Leaving safepoint region
[2733.223s][info ][safepoint    ] Total time for which application threads were stopped: 0.0001084 seconds, Stopping threads took: 0.0000404 seconds
[2734.824s][info ][safepoint    ] Application time: 1.6004895 seconds
[2734.824s][info ][safepoint    ] Entering safepoint region: GenCollectForAllocation
[2734.824s][info ][gc,start     ] GC(1004) Pause Young (Allocation Failure)
[2734.824s][info ][gc,task      ] GC(1004) Using 4 workers of 4 for evacuation
[2734.826s][debug][gc,ref       ] GC(1004) Skipped phase1 of Reference Processing due to unavailable references
[2734.826s][debug][gc,ref       ] GC(1004) Skipped phase2 of Reference Processing due to unavailable references
[2734.826s][debug][gc,ref       ] GC(1004) Skipped phase3 of Reference Processing due to unavailable references
[2734.826s][debug][gc,ref       ] GC(1004) Skipped phase4 of Reference Processing due to unavailable references
[2734.827s][debug][gc,age       ] GC(1004) Desired survivor size 15400960 bytes, new threshold 6 (max threshold 6)
[2734.827s][info ][gc,heap      ] GC(1004) ParNew: 242229K->1167K(270976K)
[2734.827s][info ][gc,heap      ] GC(1004) CMS: 427754K->427754K(602112K)
[2734.827s][info ][gc,metaspace ] GC(1004) Metaspace: 63462K->63462K(1107968K)
[2734.827s][info ][gc           ] GC(1004) Pause Young (Allocation Failure) 654M->418M(852M) 2.531ms
[2734.827s][info ][gc,cpu       ] GC(1004) User=0.01s Sys=0.00s Real=0.00s
[2734.827s][info ][safepoint    ] Leaving safepoint region
[2734.827s][info ][safepoint    ] Total time for which application threads were stopped: 0.0027442 seconds, Stopping threads took: 0.0000654 seconds
[2738.277s][info ][safepoint    ] Application time: 3.4507390 seconds
[2738.278s][info ][safepoint    ] Entering safepoint region: GenCollectForAllocation
[2738.278s][info ][gc,start     ] GC(1005) Pause Young (Allocation Failure)
[2738.278s][info ][gc,task      ] GC(1005) Using 4 workers of 4 for evacuation
[2738.280s][debug][gc,ref       ] GC(1005) Skipped phase1 of Reference Processing due to unavailable references
[2738.280s][debug][gc,ref       ] GC(1005) Skipped phase2 of Reference Processing due to unavailable references
[2738.280s][debug][gc,ref       ] GC(1005) Skipped phase3 of Reference Processing due to unavailable references
[2738.280s][debug][gc,ref       ] GC(1005) Skipped phase4 of Reference Processing due to unavailable references
[2738.280s][debug][gc,age       ] GC(1005) Desired survivor size 15400960 bytes, new threshold 6 (max threshold 6)
[2738.280s][info ][gc,heap      ] GC(1005) ParNew: 242063K->1569K(270976K)
[2738.280s][info ][gc,heap      ] GC(1005) CMS: 427754K->427754K(602112K)
[2738.280s][info ][gc,metaspace ] GC(1005) Metaspace: 63462K->63462K(1107968K)
[2738.280s][info ][gc           ] GC(1005) Pause Young (Allocation Failure) 654M->419M(852M) 2.504ms
[2738.280s][info ][gc,cpu       ] GC(1005) User=0.01s Sys=0.00s Real=0.00s
[2738.280s][info ][safepoint    ] Leaving safepoint region
[2738.280s][info ][safepoint    ] Total time for which application threads were stopped: 0.0026431 seconds, Stopping threads took: 0.0000156 seconds
[2741.670s][info ][safepoint    ] Application time: 3.3895070 seconds
[2741.670s][info ][safepoint    ] Entering safepoint region: GenCollectForAllocation
[2741.670s][info ][gc,start     ] GC(1006) Pause Young (Allocation Failure)
[2741.670s][info ][gc,task      ] GC(1006) Using 4 workers of 4 for evacuation
[2741.673s][debug][gc,ref       ] GC(1006) Skipped phase1 of Reference Processing due to unavailable references
[2741.673s][debug][gc,ref       ] GC(1006) Skipped phase2 of Reference Processing due to unavailable references
[2741.673s][debug][gc,ref       ] GC(1006) Skipped phase3 of Reference Processing due to unavailable references
[2741.673s][debug][gc,ref       ] GC(1006) Skipped phase4 of Reference Processing due to unavailable references
[2741.673s][debug][gc,age       ] GC(1006) Desired survivor size 15400960 bytes, new threshold 6 (max threshold 6)
[2741.673s][info ][gc,heap      ] GC(1006) ParNew: 242465K->1719K(270976K)
[2741.673s][info ][gc,heap      ] GC(1006) CMS: 427754K->427754K(602112K)
[2741.673s][info ][gc,metaspace ] GC(1006) Metaspace: 63464K->63464K(1107968K)
[2741.673s][info ][gc           ] GC(1006) Pause Young (Allocation Failure) 654M->419M(852M) 3.150ms
[2741.673s][info ][gc,cpu       ] GC(1006) User=0.01s Sys=0.00s Real=0.00s
[2741.673s][info ][safepoint    ] Leaving safepoint region
[2741.673s][info ][safepoint    ] Total time for which application threads were stopped: 0.0034294 seconds, Stopping threads took: 0.0000587 seconds
[2742.673s][info ][safepoint    ] Application time: 1.0001804 seconds
[2742.673s][info ][safepoint    ] Entering safepoint region: Cleanup
[2742.673s][info ][safepoint    ] Leaving safepoint region
[2742.674s][info ][safepoint    ] Total time for which application threads were stopped: 0.0001515 seconds, Stopping threads took: 0.0000627 seconds
[2744.971s][info ][safepoint    ] Application time: 2.2977367 seconds
[2744.971s][info ][safepoint    ] Entering safepoint region: GenCollectForAllocation
[2744.972s][info ][gc,start     ] GC(1007) Pause Young (Allocation Failure)
[2744.972s][info ][gc,task      ] GC(1007) Using 4 workers of 4 for evacuation
[2744.975s][debug][gc,ref       ] GC(1007) Skipped phase1 of Reference Processing due to unavailable references
[2744.975s][debug][gc,ref       ] GC(1007) Skipped phase2 of Reference Processing due to unavailable references
[2744.975s][debug][gc,ref       ] GC(1007) Skipped phase3 of Reference Processing due to unavailable references
[2744.975s][debug][gc,ref       ] GC(1007) Skipped phase4 of Reference Processing due to unavailable references
[2744.976s][debug][gc,age       ] GC(1007) Desired survivor size 15400960 bytes, new threshold 6 (max threshold 6)
[2744.976s][info ][gc,heap      ] GC(1007) ParNew: 242615K->1822K(270976K)
[2744.976s][info ][gc,heap      ] GC(1007) CMS: 427754K->427862K(602112K)
[2744.976s][info ][gc,metaspace ] GC(1007) Metaspace: 63464K->63464K(1107968K)
[2744.976s][info ][gc           ] GC(1007) Pause Young (Allocation Failure) 654M->419M(852M) 4.061ms
[2744.976s][info ][gc,cpu       ] GC(1007) User=0.00s Sys=0.01s Real=0.00s
[2744.976s][info ][safepoint    ] Leaving safepoint region
[2744.976s][info ][safepoint    ] Total time for which application threads were stopped: 0.0043546 seconds, Stopping threads took: 0.0000459 seconds
[2748.274s][info ][safepoint    ] Application time: 3.2986473 seconds
[2748.274s][info ][safepoint    ] Entering safepoint region: GenCollectForAllocation
[2748.274s][info ][gc,start     ] GC(1008) Pause Young (Allocation Failure)
[2748.275s][info ][gc,task      ] GC(1008) Using 4 workers of 4 for evacuation
[2748.277s][debug][gc,ref       ] GC(1008) Skipped phase1 of Reference Processing due to unavailable references
[2748.277s][debug][gc,ref       ] GC(1008) Skipped phase2 of Reference Processing due to unavailable references
[2748.277s][debug][gc,ref       ] GC(1008) Skipped phase3 of Reference Processing due to unavailable references
[2748.277s][debug][gc,ref       ] GC(1008) Skipped phase4 of Reference Processing due to unavailable references
[2748.277s][debug][gc,age       ] GC(1008) Desired survivor size 15400960 bytes, new threshold 6 (max threshold 6)
[2748.277s][info ][gc,heap      ] GC(1008) ParNew: 242718K->1485K(270976K)
[2748.277s][info ][gc,heap      ] GC(1008) CMS: 427862K->428069K(602112K)
[2748.277s][info ][gc,metaspace ] GC(1008) Metaspace: 63467K->63467K(1107968K)
[2748.277s][info ][gc           ] GC(1008) Pause Young (Allocation Failure) 654M->419M(852M) 2.903ms
[2748.277s][info ][gc,cpu       ] GC(1008) User=0.01s Sys=0.00s Real=0.00s
[2748.277s][info ][safepoint    ] Leaving safepoint region
[2748.277s][info ][safepoint    ] Total time for which application threads were stopped: 0.0030897 seconds, Stopping threads took: 0.0000346 seconds
[2749.278s][info ][safepoint    ] Application time: 1.0001312 seconds
[2749.278s][info ][safepoint    ] Entering safepoint region: Cleanup
[2749.278s][info ][safepoint    ] Leaving safepoint region
[2749.278s][info ][safepoint    ] Total time for which application threads were stopped: 0.0001371 seconds, Stopping threads took: 0.0000579 seconds
[2750.278s][info ][safepoint    ] Application time: 1.0000972 seconds
[2750.278s][info ][safepoint    ] Entering safepoint region: Cleanup
[2750.278s][info ][safepoint    ] Leaving safepoint region
[2750.278s][info ][safepoint    ] Total time for which application threads were stopped: 0.0001322 seconds, Stopping threads took: 0.0000530 seconds
[2751.278s][info ][safepoint    ] Application time: 1.0000969 seconds
[2751.278s][info ][safepoint    ] Entering safepoint region: Cleanup
[2751.278s][info ][safepoint    ] Leaving safepoint region
[2751.278s][info ][safepoint    ] Total time for which application threads were stopped: 0.0001301 seconds, Stopping threads took: 0.0000556 seconds
[2751.529s][info ][safepoint    ] Application time: 0.2503497 seconds
[2751.529s][info ][safepoint    ] Entering safepoint region: GenCollectForAllocation
[2751.529s][info ][gc,start     ] GC(1009) Pause Young (Allocation Failure)
[2751.529s][info ][gc,task      ] GC(1009) Using 4 workers of 4 for evacuation
[2751.531s][debug][gc,ref       ] GC(1009) Skipped phase1 of Reference Processing due to unavailable references
[2751.531s][debug][gc,ref       ] GC(1009) Skipped phase2 of Reference Processing due to unavailable references
[2751.531s][debug][gc,ref       ] GC(1009) Skipped phase3 of Reference Processing due to unavailable references
[2751.531s][debug][gc,ref       ] GC(1009) Skipped phase4 of Reference Processing due to unavailable references
[2751.532s][debug][gc,age       ] GC(1009) Desired survivor size 15400960 bytes, new threshold 6 (max threshold 6)
[2751.532s][info ][gc,heap      ] GC(1009) ParNew: 242381K->1477K(270976K)
[2751.532s][info ][gc,heap      ] GC(1009) CMS: 428069K->428202K(602112K)
[2751.532s][info ][gc,metaspace ] GC(1009) Metaspace: 63467K->63467K(1107968K)
[2751.532s][info ][gc           ] GC(1009) Pause Young (Allocation Failure) 654M->419M(852M) 2.908ms
[2751.532s][info ][gc,cpu       ] GC(1009) User=0.01s Sys=0.00s Real=0.00s
[2751.532s][info ][safepoint    ] Leaving safepoint region
[2751.532s][info ][safepoint    ] Total time for which application threads were stopped: 0.0030679 seconds, Stopping threads took: 0.0000162 seconds
[2752.532s][info ][safepoint    ] Application time: 1.0001394 seconds
[2752.532s][info ][safepoint    ] Entering safepoint region: Cleanup
[2752.532s][info ][safepoint    ] Leaving safepoint region
[2752.532s][info ][safepoint    ] Total time for which application threads were stopped: 0.0000823 seconds, Stopping threads took: 0.0000173 seconds
[2753.532s][info ][safepoint    ] Application time: 1.0001148 seconds
[2753.532s][info ][safepoint    ] Entering safepoint region: Cleanup
[2753.532s][info ][safepoint    ] Leaving safepoint region
[2753.532s][info ][safepoint    ] Total time for which application threads were stopped: 0.0000877 seconds, Stopping threads took: 0.0000293 seconds
[2754.532s][info ][safepoint    ] Application time: 1.0001575 seconds
[2754.532s][info ][safepoint    ] Entering safepoint region: Cleanup
[2754.533s][info ][safepoint    ] Leaving safepoint region
[2754.533s][info ][safepoint    ] Total time for which application threads were stopped: 0.0000769 seconds, Stopping threads took: 0.0000188 seconds
[2754.818s][info ][safepoint    ] Application time: 0.2852747 seconds
[2754.818s][info ][safepoint    ] Entering safepoint region: GenCollectForAllocation
[2754.818s][info ][gc,start     ] GC(1010) Pause Young (Allocation Failure)
[2754.818s][info ][gc,task      ] GC(1010) Using 4 workers of 4 for evacuation
[2754.821s][debug][gc,ref       ] GC(1010) Skipped phase1 of Reference Processing due to unavailable references
[2754.821s][debug][gc,ref       ] GC(1010) Skipped phase2 of Reference Processing due to unavailable references
[2754.821s][debug][gc,ref       ] GC(1010) Skipped phase3 of Reference Processing due to unavailable references
[2754.821s][debug][gc,ref       ] GC(1010) Skipped phase4 of Reference Processing due to unavailable references
[2754.821s][debug][gc,age       ] GC(1010) Desired survivor size 15400960 bytes, new threshold 6 (max threshold 6)
[2754.821s][info ][gc,heap      ] GC(1010) ParNew: 242373K->1326K(270976K)
[2754.821s][info ][gc,heap      ] GC(1010) CMS: 428202K->428309K(602112K)
[2754.821s][info ][gc,metaspace ] GC(1010) Metaspace: 63468K->63468K(1107968K)
[2754.821s][info ][gc           ] GC(1010) Pause Young (Allocation Failure) 654M->419M(852M) 2.980ms
[2754.821s][info ][gc,cpu       ] GC(1010) User=0.01s Sys=0.00s Real=0.01s
[2754.821s][info ][safepoint    ] Leaving safepoint region
[2754.821s][info ][safepoint    ] Total time for which application threads were stopped: 0.0031372 seconds, Stopping threads took: 0.0000181 seconds
[2755.821s][info ][safepoint    ] Application time: 1.0001091 seconds
[2755.821s][info ][safepoint    ] Entering safepoint region: Cleanup
[2755.821s][info ][safepoint    ] Leaving safepoint region
[2755.821s][info ][safepoint    ] Total time for which application threads were stopped: 0.0001313 seconds, Stopping threads took: 0.0000650 seconds
[2756.821s][info ][safepoint    ] Application time: 1.0001015 seconds
[2756.822s][info ][safepoint    ] Entering safepoint region: Cleanup
[2756.822s][info ][safepoint    ] Leaving safepoint region
[2756.822s][info ][safepoint    ] Total time for which application threads were stopped: 0.0001219 seconds, Stopping threads took: 0.0000551 seconds
[2757.822s][info ][safepoint    ] Application time: 1.0001221 seconds
[2757.822s][info ][safepoint    ] Entering safepoint region: Cleanup
[2757.822s][info ][safepoint    ] Leaving safepoint region
[2757.822s][info ][safepoint    ] Total time for which application threads were stopped: 0.0001117 seconds, Stopping threads took: 0.0000442 seconds
[2758.126s][info ][safepoint    ] Application time: 0.3038535 seconds
[2758.126s][info ][safepoint    ] Entering safepoint region: GenCollectForAllocation
[2758.126s][info ][gc,start     ] GC(1011) Pause Young (Allocation Failure)
[2758.126s][info ][gc,task      ] GC(1011) Using 4 workers of 4 for evacuation
[2758.128s][debug][gc,ref       ] GC(1011) Skipped phase1 of Reference Processing due to unavailable references
[2758.129s][debug][gc,ref       ] GC(1011) Skipped phase2 of Reference Processing due to unavailable references
[2758.129s][debug][gc,ref       ] GC(1011) Skipped phase3 of Reference Processing due to unavailable references
[2758.129s][debug][gc,ref       ] GC(1011) Skipped phase4 of Reference Processing due to unavailable references
[2758.129s][debug][gc,age       ] GC(1011) Desired survivor size 15400960 bytes, new threshold 6 (max threshold 6)
[2758.129s][info ][gc,heap      ] GC(1011) ParNew: 242222K->1223K(270976K)
[2758.129s][info ][gc,heap      ] GC(1011) CMS: 428309K->428588K(602112K)
[2758.129s][info ][gc,metaspace ] GC(1011) Metaspace: 63468K->63468K(1107968K)
[2758.129s][info ][gc           ] GC(1011) Pause Young (Allocation Failure) 654M->419M(852M) 2.848ms
[2758.129s][info ][gc,cpu       ] GC(1011) User=0.01s Sys=0.00s Real=0.01s
[2758.129s][info ][safepoint    ] Leaving safepoint region
[2758.129s][info ][safepoint    ] Total time for which application threads were stopped: 0.0030214 seconds, Stopping threads took: 0.0000175 seconds
[2759.129s][info ][safepoint    ] Application time: 1.0001403 seconds
[2759.129s][info ][safepoint    ] Entering safepoint region: Cleanup
[2759.129s][info ][safepoint    ] Leaving safepoint region
[2759.129s][info ][safepoint    ] Total time for which application threads were stopped: 0.0000927 seconds, Stopping threads took: 0.0000353 seconds
[2760.129s][info ][safepoint    ] Application time: 1.0001293 seconds
[2760.129s][info ][safepoint    ] Entering safepoint region: Cleanup
[2760.129s][info ][safepoint    ] Leaving safepoint region
[2760.129s][info ][safepoint    ] Total time for which application threads were stopped: 0.0001879 seconds, Stopping threads took: 0.0000963 seconds
[2761.133s][info ][safepoint    ] Application time: 1.0037285 seconds
[2761.133s][info ][safepoint    ] Entering safepoint region: Cleanup
[2761.133s][info ][safepoint    ] Leaving safepoint region
[2761.133s][info ][safepoint    ] Total time for which application threads were stopped: 0.0000781 seconds, Stopping threads took: 0.0000184 seconds
[2761.526s][info ][safepoint    ] Application time: 0.3925050 seconds
[2761.526s][info ][safepoint    ] Entering safepoint region: GenCollectForAllocation
[2761.526s][info ][gc,start     ] GC(1012) Pause Young (Allocation Failure)
[2761.526s][info ][gc,task      ] GC(1012) Using 4 workers of 4 for evacuation
[2761.530s][debug][gc,ref       ] GC(1012) Skipped phase1 of Reference Processing due to unavailable references
[2761.530s][debug][gc,ref       ] GC(1012) Skipped phase2 of Reference Processing due to unavailable references
[2761.530s][debug][gc,ref       ] GC(1012) Skipped phase3 of Reference Processing due to unavailable references
[2761.530s][debug][gc,ref       ] GC(1012) Skipped phase4 of Reference Processing due to unavailable references
[2761.530s][debug][gc,age       ] GC(1012) Desired survivor size 15400960 bytes, new threshold 6 (max threshold 6)
[2761.530s][info ][gc,heap      ] GC(1012) ParNew: 242119K->1308K(270976K)
[2761.530s][info ][gc,heap      ] GC(1012) CMS: 428588K->428679K(602112K)
[2761.530s][info ][gc,metaspace ] GC(1012) Metaspace: 63469K->63469K(1107968K)
[2761.530s][info ][gc           ] GC(1012) Pause Young (Allocation Failure) 654M->419M(852M) 3.792ms
[2761.530s][info ][gc,cpu       ] GC(1012) User=0.01s Sys=0.00s Real=0.01s
[2761.530s][info ][safepoint    ] Leaving safepoint region
[2761.530s][info ][safepoint    ] Total time for which application threads were stopped: 0.0040574 seconds, Stopping threads took: 0.0000403 seconds
[2762.530s][info ][safepoint    ] Application time: 1.0000858 seconds
[2762.530s][info ][safepoint    ] Entering safepoint region: Cleanup
[2762.530s][info ][safepoint    ] Leaving safepoint region
[2762.530s][info ][safepoint    ] Total time for which application threads were stopped: 0.0001260 seconds, Stopping threads took: 0.0000622 seconds
[2763.530s][info ][safepoint    ] Application time: 1.0000895 seconds
[2763.530s][info ][safepoint    ] Entering safepoint region: Cleanup
[2763.530s][info ][safepoint    ] Leaving safepoint region
[2763.530s][info ][safepoint    ] Total time for which application threads were stopped: 0.0000819 seconds, Stopping threads took: 0.0000176 seconds
[2764.530s][info ][safepoint    ] Application time: 1.0000963 seconds
[2764.531s][info ][safepoint    ] Entering safepoint region: Cleanup
[2764.531s][info ][safepoint    ] Leaving safepoint region
[2764.531s][info ][safepoint    ] Total time for which application threads were stopped: 0.0000879 seconds, Stopping threads took: 0.0000169 seconds
[2765.027s][info ][safepoint    ] Application time: 0.4968723 seconds
[2765.028s][info ][safepoint    ] Entering safepoint region: GenCollectForAllocation
[2765.028s][info ][gc,start     ] GC(1013) Pause Young (Allocation Failure)
[2765.028s][info ][gc,task      ] GC(1013) Using 4 workers of 4 for evacuation
[2765.033s][debug][gc,ref       ] GC(1013) Skipped phase1 of Reference Processing due to unavailable references
[2765.033s][debug][gc,ref       ] GC(1013) Skipped phase2 of Reference Processing due to unavailable references
[2765.033s][debug][gc,ref       ] GC(1013) Skipped phase3 of Reference Processing due to unavailable references
[2765.033s][debug][gc,ref       ] GC(1013) Skipped phase4 of Reference Processing due to unavailable references
[2765.033s][debug][gc,age       ] GC(1013) Desired survivor size 15400960 bytes, new threshold 6 (max threshold 6)
[2765.033s][info ][gc,heap      ] GC(1013) ParNew: 242204K->1269K(270976K)
[2765.033s][info ][gc,heap      ] GC(1013) CMS: 428679K->428756K(602112K)
[2765.033s][info ][gc,metaspace ] GC(1013) Metaspace: 63469K->63469K(1107968K)
[2765.033s][info ][gc           ] GC(1013) Pause Young (Allocation Failure) 655M->419M(852M) 5.204ms
[2765.033s][info ][gc,cpu       ] GC(1013) User=0.01s Sys=0.00s Real=0.01s
[2765.033s][info ][safepoint    ] Leaving safepoint region
[2765.033s][info ][safepoint    ] Total time for which application threads were stopped: 0.0053892 seconds, Stopping threads took: 0.0000181 seconds
[2766.033s][info ][safepoint    ] Application time: 1.0001342 seconds
[2766.033s][info ][safepoint    ] Entering safepoint region: Cleanup
[2766.033s][info ][safepoint    ] Leaving safepoint region
[2766.033s][info ][safepoint    ] Total time for which application threads were stopped: 0.0001646 seconds, Stopping threads took: 0.0000553 seconds
[2767.033s][info ][safepoint    ] Application time: 1.0001288 seconds
[2767.033s][info ][safepoint    ] Entering safepoint region: Cleanup
[2767.033s][info ][safepoint    ] Leaving safepoint region
[2767.033s][info ][safepoint    ] Total time for which application threads were stopped: 0.0000742 seconds, Stopping threads took: 0.0000175 seconds
[2768.034s][info ][safepoint    ] Application time: 1.0005054 seconds
[2768.034s][info ][safepoint    ] Entering safepoint region: Cleanup
[2768.034s][info ][safepoint    ] Leaving safepoint region
[2768.034s][info ][safepoint    ] Total time for which application threads were stopped: 0.0001653 seconds, Stopping threads took: 0.0001057 seconds
[2768.349s][info ][safepoint    ] Application time: 0.3147705 seconds
[2768.349s][info ][safepoint    ] Entering safepoint region: GenCollectForAllocation
[2768.349s][info ][gc,start     ] GC(1014) Pause Young (Allocation Failure)
[2768.349s][info ][gc,task      ] GC(1014) Using 4 workers of 4 for evacuation
[2768.353s][debug][gc,ref       ] GC(1014) Skipped phase1 of Reference Processing due to unavailable references
[2768.353s][debug][gc,ref       ] GC(1014) Skipped phase2 of Reference Processing due to unavailable references
[2768.353s][debug][gc,ref       ] GC(1014) Skipped phase3 of Reference Processing due to unavailable references
[2768.353s][debug][gc,ref       ] GC(1014) Skipped phase4 of Reference Processing due to unavailable references
[2768.353s][debug][gc,age       ] GC(1014) Desired survivor size 15400960 bytes, new threshold 6 (max threshold 6)
[2768.353s][info ][gc,heap      ] GC(1014) ParNew: 242148K->1888K(270976K)
[2768.353s][info ][gc,heap      ] GC(1014) CMS: 428756K->428798K(602112K)
[2768.353s][info ][gc,metaspace ] GC(1014) Metaspace: 63469K->63469K(1107968K)
[2768.353s][info ][gc           ] GC(1014) Pause Young (Allocation Failure) 655M->420M(852M) 3.852ms
[2768.353s][info ][gc,cpu       ] GC(1014) User=0.01s Sys=0.00s Real=0.00s
[2768.353s][info ][safepoint    ] Leaving safepoint region
[2768.353s][info ][safepoint    ] Total time for which application threads were stopped: 0.0040118 seconds, Stopping threads took: 0.0000163 seconds
[2769.353s][info ][safepoint    ] Application time: 1.0001349 seconds
[2769.353s][info ][safepoint    ] Entering safepoint region: Cleanup
[2769.353s][info ][safepoint    ] Leaving safepoint region
[2769.353s][info ][safepoint    ] Total time for which application threads were stopped: 0.0000759 seconds, Stopping threads took: 0.0000179 seconds
[2770.353s][info ][safepoint    ] Application time: 1.0001279 seconds
[2770.353s][info ][safepoint    ] Entering safepoint region: Cleanup
[2770.354s][info ][safepoint    ] Leaving safepoint region
[2770.354s][info ][safepoint    ] Total time for which application threads were stopped: 0.0000735 seconds, Stopping threads took: 0.0000157 seconds
[2771.354s][info ][safepoint    ] Application time: 1.0000903 seconds
[2771.354s][info ][safepoint    ] Entering safepoint region: Cleanup
[2771.354s][info ][safepoint    ] Leaving safepoint region
[2771.354s][info ][safepoint    ] Total time for which application threads were stopped: 0.0000824 seconds, Stopping threads took: 0.0000196 seconds
[2771.776s][info ][safepoint    ] Application time: 0.4224513 seconds
[2771.776s][info ][safepoint    ] Entering safepoint region: GenCollectForAllocation
[2771.776s][info ][gc,start     ] GC(1015) Pause Young (Allocation Failure)
[2771.776s][info ][gc,task      ] GC(1015) Using 4 workers of 4 for evacuation
[2771.779s][debug][gc,ref       ] GC(1015) Skipped phase1 of Reference Processing due to unavailable references
[2771.779s][debug][gc,ref       ] GC(1015) Skipped phase2 of Reference Processing due to unavailable references
[2771.779s][debug][gc,ref       ] GC(1015) Skipped phase3 of Reference Processing due to unavailable references
[2771.779s][debug][gc,ref       ] GC(1015) Skipped phase4 of Reference Processing due to unavailable references
[2771.779s][debug][gc,age       ] GC(1015) Desired survivor size 15400960 bytes, new threshold 6 (max threshold 6)
[2771.779s][info ][gc,heap      ] GC(1015) ParNew: 242784K->1503K(270976K)
[2771.779s][info ][gc,heap      ] GC(1015) CMS: 428798K->428885K(602112K)
[2771.779s][info ][gc,metaspace ] GC(1015) Metaspace: 63469K->63469K(1107968K)
[2771.779s][info ][gc           ] GC(1015) Pause Young (Allocation Failure) 655M->420M(852M) 2.707ms
[2771.779s][info ][gc,cpu       ] GC(1015) User=0.01s Sys=0.00s Real=0.00s
[2771.779s][info ][safepoint    ] Leaving safepoint region
[2771.779s][info ][safepoint    ] Total time for which application threads were stopped: 0.0029295 seconds, Stopping threads took: 0.0000311 seconds
[2772.779s][info ][safepoint    ] Application time: 1.0000488 seconds
[2772.779s][info ][safepoint    ] Entering safepoint region: Cleanup
[2772.779s][info ][safepoint    ] Leaving safepoint region
[2772.779s][info ][safepoint    ] Total time for which application threads were stopped: 0.0000905 seconds, Stopping threads took: 0.0000178 seconds
[2773.780s][info ][safepoint    ] Application time: 1.0000970 seconds
[2773.780s][info ][safepoint    ] Entering safepoint region: Cleanup
[2773.780s][info ][safepoint    ] Leaving safepoint region
[2773.780s][info ][safepoint    ] Total time for which application threads were stopped: 0.0001703 seconds, Stopping threads took: 0.0000547 seconds
[2774.780s][info ][safepoint    ] Application time: 1.0000461 seconds
[2774.780s][info ][safepoint    ] Entering safepoint region: Cleanup
[2774.780s][info ][safepoint    ] Leaving safepoint region
[2774.780s][info ][safepoint    ] Total time for which application threads were stopped: 0.0000693 seconds, Stopping threads took: 0.0000160 seconds
[2775.176s][info ][safepoint    ] Application time: 0.3962417 seconds
[2775.176s][info ][safepoint    ] Entering safepoint region: GenCollectForAllocation
[2775.176s][info ][gc,start     ] GC(1016) Pause Young (Allocation Failure)
[2775.176s][info ][gc,task      ] GC(1016) Using 4 workers of 4 for evacuation
[2775.179s][debug][gc,ref       ] GC(1016) Skipped phase1 of Reference Processing due to unavailable references
[2775.179s][debug][gc,ref       ] GC(1016) Skipped phase2 of Reference Processing due to unavailable references
[2775.179s][debug][gc,ref       ] GC(1016) Skipped phase3 of Reference Processing due to unavailable references
[2775.179s][debug][gc,ref       ] GC(1016) Skipped phase4 of Reference Processing due to unavailable references
[2775.179s][debug][gc,age       ] GC(1016) Desired survivor size 15400960 bytes, new threshold 6 (max threshold 6)
[2775.179s][info ][gc,heap      ] GC(1016) ParNew: 242399K->1315K(270976K)
[2775.179s][info ][gc,heap      ] GC(1016) CMS: 428885K->428977K(602112K)
[2775.179s][info ][gc,metaspace ] GC(1016) Metaspace: 63469K->63469K(1107968K)
[2775.179s][info ][gc           ] GC(1016) Pause Young (Allocation Failure) 655M->420M(852M) 2.785ms
[2775.179s][info ][gc,cpu       ] GC(1016) User=0.01s Sys=0.00s Real=0.00s
[2775.179s][info ][safepoint    ] Leaving safepoint region
[2775.179s][info ][safepoint    ] Total time for which application threads were stopped: 0.0029887 seconds, Stopping threads took: 0.0000174 seconds
[2776.179s][info ][safepoint    ] Application time: 1.0000948 seconds
[2776.179s][info ][safepoint    ] Entering safepoint region: Cleanup
[2776.179s][info ][safepoint    ] Leaving safepoint region
[2776.179s][info ][safepoint    ] Total time for which application threads were stopped: 0.0001042 seconds, Stopping threads took: 0.0000453 seconds
[2777.179s][info ][safepoint    ] Application time: 1.0000867 seconds
[2777.180s][info ][safepoint    ] Entering safepoint region: Cleanup
[2777.180s][info ][safepoint    ] Leaving safepoint region
[2777.180s][info ][safepoint    ] Total time for which application threads were stopped: 0.0001165 seconds, Stopping threads took: 0.0000470 seconds
[2778.180s][info ][safepoint    ] Application time: 1.0001272 seconds
[2778.180s][info ][safepoint    ] Entering safepoint region: Cleanup
[2778.180s][info ][safepoint    ] Leaving safepoint region
[2778.180s][info ][safepoint    ] Total time for which application threads were stopped: 0.0001445 seconds, Stopping threads took: 0.0000609 seconds
[2778.475s][info ][safepoint    ] Application time: 0.2951300 seconds
[2778.475s][info ][safepoint    ] Entering safepoint region: GenCollectForAllocation
[2778.475s][info ][gc,start     ] GC(1017) Pause Young (Allocation Failure)
[2778.475s][info ][gc,task      ] GC(1017) Using 4 workers of 4 for evacuation
[2778.478s][debug][gc,ref       ] GC(1017) Skipped phase1 of Reference Processing due to unavailable references
[2778.478s][debug][gc,ref       ] GC(1017) Skipped phase2 of Reference Processing due to unavailable references
[2778.478s][debug][gc,ref       ] GC(1017) Skipped phase3 of Reference Processing due to unavailable references
[2778.478s][debug][gc,ref       ] GC(1017) Skipped phase4 of Reference Processing due to unavailable references
[2778.478s][debug][gc,age       ] GC(1017) Desired survivor size 15400960 bytes, new threshold 6 (max threshold 6)
[2778.478s][info ][gc,heap      ] GC(1017) ParNew: 242211K->1465K(270976K)
[2778.478s][info ][gc,heap      ] GC(1017) CMS: 428977K->429074K(602112K)
[2778.478s][info ][gc,metaspace ] GC(1017) Metaspace: 63469K->63469K(1107968K)
[2778.478s][info ][gc           ] GC(1017) Pause Young (Allocation Failure) 655M->420M(852M) 3.109ms
[2778.478s][info ][gc,cpu       ] GC(1017) User=0.02s Sys=0.00s Real=0.00s
[2778.478s][info ][safepoint    ] Leaving safepoint region
[2778.478s][info ][safepoint    ] Total time for which application threads were stopped: 0.0032983 seconds, Stopping threads took: 0.0000537 seconds
[2779.479s][info ][safepoint    ] Application time: 1.0001006 seconds
[2779.479s][info ][safepoint    ] Entering safepoint region: Cleanup
[2779.479s][info ][safepoint    ] Leaving safepoint region
[2779.479s][info ][safepoint    ] Total time for which application threads were stopped: 0.0001128 seconds, Stopping threads took: 0.0000467 seconds
[2780.479s][info ][safepoint    ] Application time: 1.0000846 seconds
[2780.479s][info ][safepoint    ] Entering safepoint region: Cleanup
[2780.479s][info ][safepoint    ] Leaving safepoint region
[2780.479s][info ][safepoint    ] Total time for which application threads were stopped: 0.0001554 seconds, Stopping threads took: 0.0000846 seconds
[2781.479s][info ][safepoint    ] Application time: 1.0000843 seconds
[2781.479s][info ][safepoint    ] Entering safepoint region: Cleanup
[2781.479s][info ][safepoint    ] Leaving safepoint region
[2781.479s][info ][safepoint    ] Total time for which application threads were stopped: 0.0001501 seconds, Stopping threads took: 0.0000862 seconds
[2781.722s][info ][safepoint    ] Application time: 0.2428880 seconds
[2781.722s][info ][safepoint    ] Entering safepoint region: GenCollectForAllocation
[2781.722s][info ][gc,start     ] GC(1018) Pause Young (Allocation Failure)
[2781.722s][info ][gc,task      ] GC(1018) Using 4 workers of 4 for evacuation
[2781.725s][debug][gc,ref       ] GC(1018) Skipped phase1 of Reference Processing due to unavailable references
[2781.725s][debug][gc,ref       ] GC(1018) Skipped phase2 of Reference Processing due to unavailable references
[2781.725s][debug][gc,ref       ] GC(1018) Skipped phase3 of Reference Processing due to unavailable references
[2781.725s][debug][gc,ref       ] GC(1018) Skipped phase4 of Reference Processing due to unavailable references
[2781.725s][debug][gc,age       ] GC(1018) Desired survivor size 15400960 bytes, new threshold 6 (max threshold 6)
[2781.725s][info ][gc,heap      ] GC(1018) ParNew: 242361K->1217K(270976K)
[2781.725s][info ][gc,heap      ] GC(1018) CMS: 429074K->429230K(602112K)
[2781.725s][info ][gc,metaspace ] GC(1018) Metaspace: 63469K->63469K(1107968K)
[2781.725s][info ][gc           ] GC(1018) Pause Young (Allocation Failure) 655M->420M(852M) 3.140ms
[2781.726s][info ][gc,cpu       ] GC(1018) User=0.01s Sys=0.00s Real=0.00s
[2781.726s][info ][safepoint    ] Leaving safepoint region
[2781.726s][info ][safepoint    ] Total time for which application threads were stopped: 0.0033234 seconds, Stopping threads took: 0.0000205 seconds
[2782.644s][info ][safepoint    ] Application time: 0.9180254 seconds
[2782.644s][info ][safepoint    ] Entering safepoint region: RevokeBias
[2782.644s][info ][safepoint    ] Leaving safepoint region
[2782.644s][info ][safepoint    ] Total time for which application threads were stopped: 0.0001176 seconds, Stopping threads took: 0.0000173 seconds
[2782.645s][info ][safepoint    ] Application time: 0.0008424 seconds
[2782.645s][info ][safepoint    ] Entering safepoint region: RevokeBias
[2782.645s][info ][safepoint    ] Leaving safepoint region
[2782.645s][info ][safepoint    ] Total time for which application threads were stopped: 0.0000337 seconds, Stopping threads took: 0.0000087 seconds
[2783.645s][info ][safepoint    ] Application time: 1.0000926 seconds
[2783.645s][info ][safepoint    ] Entering safepoint region: Cleanup
[2783.645s][info ][safepoint    ] Leaving safepoint region
[2783.645s][info ][safepoint    ] Total time for which application threads were stopped: 0.0000709 seconds, Stopping threads took: 0.0000180 seconds
[2784.645s][info ][safepoint    ] Application time: 1.0001046 seconds
[2784.645s][info ][safepoint    ] Entering safepoint region: Cleanup
[2784.645s][info ][safepoint    ] Leaving safepoint region
[2784.645s][info ][safepoint    ] Total time for which application threads were stopped: 0.0001917 seconds, Stopping threads took: 0.0000491 seconds
[2785.018s][info ][safepoint    ] Application time: 0.3731213 seconds
[2785.018s][info ][safepoint    ] Entering safepoint region: GenCollectForAllocation
[2785.018s][info ][gc,start     ] GC(1019) Pause Young (Allocation Failure)
[2785.018s][info ][gc,task      ] GC(1019) Using 4 workers of 4 for evacuation
[2785.021s][debug][gc,ref       ] GC(1019) Skipped phase1 of Reference Processing due to unavailable references
[2785.021s][debug][gc,ref       ] GC(1019) Skipped phase2 of Reference Processing due to unavailable references
[2785.021s][debug][gc,ref       ] GC(1019) Skipped phase3 of Reference Processing due to unavailable references
[2785.021s][debug][gc,ref       ] GC(1019) Skipped phase4 of Reference Processing due to unavailable references
[2785.021s][debug][gc,age       ] GC(1019) Desired survivor size 15400960 bytes, new threshold 6 (max threshold 6)
[2785.021s][info ][gc,heap      ] GC(1019) ParNew: 242113K->1048K(270976K)
[2785.021s][info ][gc,heap      ] GC(1019) CMS: 429230K->429316K(602112K)
[2785.021s][info ][gc,metaspace ] GC(1019) Metaspace: 63469K->63469K(1107968K)
[2785.021s][info ][gc           ] GC(1019) Pause Young (Allocation Failure) 655M->420M(852M) 3.058ms
[2785.021s][info ][gc,cpu       ] GC(1019) User=0.01s Sys=0.00s Real=0.01s
[2785.022s][info ][safepoint    ] Leaving safepoint region
[2785.022s][info ][safepoint    ] Total time for which application threads were stopped: 0.0032121 seconds, Stopping threads took: 0.0000157 seconds
[2786.022s][info ][safepoint    ] Application time: 1.0001213 seconds
[2786.022s][info ][safepoint    ] Entering safepoint region: Cleanup
[2786.022s][info ][safepoint    ] Leaving safepoint region
[2786.022s][info ][safepoint    ] Total time for which application threads were stopped: 0.0001121 seconds, Stopping threads took: 0.0000461 seconds
[2787.022s][info ][safepoint    ] Application time: 1.0000957 seconds
[2787.022s][info ][safepoint    ] Entering safepoint region: Cleanup
[2787.022s][info ][safepoint    ] Leaving safepoint region
[2787.022s][info ][safepoint    ] Total time for which application threads were stopped: 0.0001093 seconds, Stopping threads took: 0.0000486 seconds
[2788.022s][info ][safepoint    ] Application time: 1.0001188 seconds
[2788.022s][info ][safepoint    ] Entering safepoint region: Cleanup
[2788.022s][info ][safepoint    ] Leaving safepoint region
[2788.022s][info ][safepoint    ] Total time for which application threads were stopped: 0.0001411 seconds, Stopping threads took: 0.0000701 seconds
[2788.271s][info ][safepoint    ] Application time: 0.2490997 seconds
[2788.272s][info ][safepoint    ] Entering safepoint region: GenCollectForAllocation
[2788.272s][info ][gc,start     ] GC(1020) Pause Young (Allocation Failure)
[2788.272s][info ][gc,task      ] GC(1020) Using 4 workers of 4 for evacuation
[2788.274s][debug][gc,ref       ] GC(1020) Skipped phase1 of Reference Processing due to unavailable references
[2788.274s][debug][gc,ref       ] GC(1020) Skipped phase2 of Reference Processing due to unavailable references
[2788.274s][debug][gc,ref       ] GC(1020) Skipped phase3 of Reference Processing due to unavailable references
[2788.274s][debug][gc,ref       ] GC(1020) Skipped phase4 of Reference Processing due to unavailable references
[2788.274s][debug][gc,age       ] GC(1020) Desired survivor size 15400960 bytes, new threshold 6 (max threshold 6)
[2788.274s][info ][gc,heap      ] GC(1020) ParNew: 241944K->1093K(270976K)
[2788.274s][info ][gc,heap      ] GC(1020) CMS: 429316K->429418K(602112K)
[2788.274s][info ][gc,metaspace ] GC(1020) Metaspace: 63469K->63469K(1107968K)
[2788.274s][info ][gc           ] GC(1020) Pause Young (Allocation Failure) 655M->420M(852M) 2.772ms
[2788.274s][info ][gc,cpu       ] GC(1020) User=0.01s Sys=0.00s Real=0.00s
[2788.274s][info ][safepoint    ] Leaving safepoint region
[2788.274s][info ][safepoint    ] Total time for which application threads were stopped: 0.0029270 seconds, Stopping threads took: 0.0000164 seconds
[2789.275s][info ][safepoint    ] Application time: 1.0001297 seconds
[2789.275s][info ][safepoint    ] Entering safepoint region: Cleanup
[2789.275s][info ][safepoint    ] Leaving safepoint region
[2789.275s][info ][safepoint    ] Total time for which application threads were stopped: 0.0001940 seconds, Stopping threads took: 0.0000908 seconds
[2790.275s][info ][safepoint    ] Application time: 1.0001230 seconds
[2790.275s][info ][safepoint    ] Entering safepoint region: Cleanup
[2790.275s][info ][safepoint    ] Leaving safepoint region
[2790.275s][info ][safepoint    ] Total time for which application threads were stopped: 0.0001166 seconds, Stopping threads took: 0.0000420 seconds
[2791.275s][info ][safepoint    ] Application time: 1.0001218 seconds
[2791.275s][info ][safepoint    ] Entering safepoint region: Cleanup
[2791.275s][info ][safepoint    ] Leaving safepoint region
[2791.275s][info ][safepoint    ] Total time for which application threads were stopped: 0.0001409 seconds, Stopping threads took: 0.0000447 seconds
[2791.429s][info ][safepoint    ] Application time: 0.1532906 seconds
[2791.429s][info ][safepoint    ] Entering safepoint region: GenCollectForAllocation
[2791.429s][info ][gc,start     ] GC(1021) Pause Young (Allocation Failure)
[2791.429s][info ][gc,task      ] GC(1021) Using 4 workers of 4 for evacuation
[2791.432s][debug][gc,ref       ] GC(1021) Skipped phase1 of Reference Processing due to unavailable references
[2791.432s][debug][gc,ref       ] GC(1021) Skipped phase2 of Reference Processing due to unavailable references
[2791.432s][debug][gc,ref       ] GC(1021) Skipped phase3 of Reference Processing due to unavailable references
[2791.432s][debug][gc,ref       ] GC(1021) Skipped phase4 of Reference Processing due to unavailable references
[2791.432s][debug][gc,age       ] GC(1021) Desired survivor size 15400960 bytes, new threshold 6 (max threshold 6)
[2791.432s][info ][gc,heap      ] GC(1021) ParNew: 241983K->1258K(270976K)
[2791.432s][info ][gc,heap      ] GC(1021) CMS: 429418K->429522K(602112K)
[2791.432s][info ][gc,metaspace ] GC(1021) Metaspace: 63469K->63469K(1107968K)
[2791.432s][info ][gc           ] GC(1021) Pause Young (Allocation Failure) 655M->420M(852M) 3.453ms
[2791.432s][info ][gc,cpu       ] GC(1021) User=0.02s Sys=0.00s Real=0.00s
[2791.432s][info ][safepoint    ] Leaving safepoint region
[2791.432s][info ][safepoint    ] Total time for which application threads were stopped: 0.0036353 seconds, Stopping threads took: 0.0000466 seconds
[2792.433s][info ][safepoint    ] Application time: 1.0000933 seconds
[2792.433s][info ][safepoint    ] Entering safepoint region: Cleanup
[2792.433s][info ][safepoint    ] Leaving safepoint region
[2792.433s][info ][safepoint    ] Total time for which application threads were stopped: 0.0000759 seconds, Stopping threads took: 0.0000149 seconds
[2793.433s][info ][safepoint    ] Application time: 1.0000934 seconds
[2793.433s][info ][safepoint    ] Entering safepoint region: Cleanup
[2793.433s][info ][safepoint    ] Leaving safepoint region
[2793.433s][info ][safepoint    ] Total time for which application threads were stopped: 0.0001334 seconds, Stopping threads took: 0.0000266 seconds
[2794.433s][info ][safepoint    ] Application time: 1.0001476 seconds
[2794.433s][info ][safepoint    ] Entering safepoint region: Cleanup
[2794.433s][info ][safepoint    ] Leaving safepoint region
[2794.433s][info ][safepoint    ] Total time for which application threads were stopped: 0.0001237 seconds, Stopping threads took: 0.0000569 seconds
[2794.621s][info ][safepoint    ] Application time: 0.1875260 seconds
[2794.621s][info ][safepoint    ] Entering safepoint region: GenCollectForAllocation
[2794.621s][info ][gc,start     ] GC(1022) Pause Young (Allocation Failure)
[2794.621s][info ][gc,task      ] GC(1022) Using 4 workers of 4 for evacuation
[2794.624s][debug][gc,ref       ] GC(1022) Skipped phase1 of Reference Processing due to unavailable references
[2794.624s][debug][gc,ref       ] GC(1022) Skipped phase2 of Reference Processing due to unavailable references
[2794.624s][debug][gc,ref       ] GC(1022) Skipped phase3 of Reference Processing due to unavailable references
[2794.624s][debug][gc,ref       ] GC(1022) Skipped phase4 of Reference Processing due to unavailable references
[2794.624s][debug][gc,age       ] GC(1022) Desired survivor size 15400960 bytes, new threshold 6 (max threshold 6)
[2794.624s][info ][gc,heap      ] GC(1022) ParNew: 242154K->1086K(270976K)
[2794.624s][info ][gc,heap      ] GC(1022) CMS: 429522K->429605K(602112K)
[2794.624s][info ][gc,metaspace ] GC(1022) Metaspace: 63470K->63470K(1107968K)
[2794.624s][info ][gc           ] GC(1022) Pause Young (Allocation Failure) 655M->420M(852M) 2.928ms
[2794.624s][info ][gc,cpu       ] GC(1022) User=0.00s Sys=0.00s Real=0.00s
[2794.624s][info ][safepoint    ] Leaving safepoint region
[2794.624s][info ][safepoint    ] Total time for which application threads were stopped: 0.0031490 seconds, Stopping threads took: 0.0000426 seconds
[2795.624s][info ][safepoint    ] Application time: 1.0000854 seconds
[2795.624s][info ][safepoint    ] Entering safepoint region: Cleanup
[2795.624s][info ][safepoint    ] Leaving safepoint region
[2795.624s][info ][safepoint    ] Total time for which application threads were stopped: 0.0001220 seconds, Stopping threads took: 0.0000477 seconds
[2796.624s][info ][safepoint    ] Application time: 1.0000849 seconds
[2796.624s][info ][safepoint    ] Entering safepoint region: Cleanup
[2796.624s][info ][safepoint    ] Leaving safepoint region
[2796.624s][info ][safepoint    ] Total time for which application threads were stopped: 0.0001137 seconds, Stopping threads took: 0.0000558 seconds
[2797.625s][info ][safepoint    ] Application time: 1.0001161 seconds
[2797.625s][info ][safepoint    ] Entering safepoint region: Cleanup
[2797.625s][info ][safepoint    ] Leaving safepoint region
[2797.625s][info ][safepoint    ] Total time for which application threads were stopped: 0.0001471 seconds, Stopping threads took: 0.0000668 seconds
[2797.868s][info ][safepoint    ] Application time: 0.2429187 seconds
[2797.868s][info ][safepoint    ] Entering safepoint region: GenCollectForAllocation
[2797.868s][info ][gc,start     ] GC(1023) Pause Young (Allocation Failure)
[2797.868s][info ][gc,task      ] GC(1023) Using 4 workers of 4 for evacuation
[2797.870s][debug][gc,ref       ] GC(1023) Skipped phase1 of Reference Processing due to unavailable references
[2797.870s][debug][gc,ref       ] GC(1023) Skipped phase2 of Reference Processing due to unavailable references
[2797.870s][debug][gc,ref       ] GC(1023) Skipped phase3 of Reference Processing due to unavailable references
[2797.870s][debug][gc,ref       ] GC(1023) Skipped phase4 of Reference Processing due to unavailable references
[2797.871s][debug][gc,age       ] GC(1023) Desired survivor size 15400960 bytes, new threshold 6 (max threshold 6)
[2797.871s][info ][gc,heap      ] GC(1023) ParNew: 241982K->1160K(270976K)
[2797.871s][info ][gc,heap      ] GC(1023) CMS: 429605K->429689K(602112K)
[2797.871s][info ][gc,metaspace ] GC(1023) Metaspace: 63470K->63470K(1107968K)
[2797.871s][info ][gc           ] GC(1023) Pause Young (Allocation Failure) 655M->420M(852M) 2.789ms
[2797.871s][info ][gc,cpu       ] GC(1023) User=0.01s Sys=0.00s Real=0.01s
[2797.871s][info ][safepoint    ] Leaving safepoint region
[2797.871s][info ][safepoint    ] Total time for which application threads were stopped: 0.0029287 seconds, Stopping threads took: 0.0000180 seconds
[2798.871s][info ][safepoint    ] Application time: 1.0001181 seconds
[2798.871s][info ][safepoint    ] Entering safepoint region: Cleanup
[2798.871s][info ][safepoint    ] Leaving safepoint region
[2798.871s][info ][safepoint    ] Total time for which application threads were stopped: 0.0001018 seconds, Stopping threads took: 0.0000421 seconds
[2799.871s][info ][safepoint    ] Application time: 1.0000985 seconds
[2799.871s][info ][safepoint    ] Entering safepoint region: Cleanup
[2799.871s][info ][safepoint    ] Leaving safepoint region
[2799.871s][info ][safepoint    ] Total time for which application threads were stopped: 0.0001555 seconds, Stopping threads took: 0.0000905 seconds
[2800.871s][info ][safepoint    ] Application time: 1.0001147 seconds
[2800.871s][info ][safepoint    ] Entering safepoint region: Cleanup
[2800.872s][info ][safepoint    ] Leaving safepoint region
[2800.872s][info ][safepoint    ] Total time for which application threads were stopped: 0.0001249 seconds, Stopping threads took: 0.0000596 seconds
[2801.368s][info ][safepoint    ] Application time: 0.4969355 seconds
[2801.369s][info ][safepoint    ] Entering safepoint region: GenCollectForAllocation
[2801.369s][info ][gc,start     ] GC(1024) Pause Young (Allocation Failure)
[2801.369s][info ][gc,task      ] GC(1024) Using 4 workers of 4 for evacuation
[2801.372s][debug][gc,ref       ] GC(1024) Skipped phase1 of Reference Processing due to unavailable references
[2801.372s][debug][gc,ref       ] GC(1024) Skipped phase2 of Reference Processing due to unavailable references
[2801.372s][debug][gc,ref       ] GC(1024) Skipped phase3 of Reference Processing due to unavailable references
[2801.372s][debug][gc,ref       ] GC(1024) Skipped phase4 of Reference Processing due to unavailable references
[2801.372s][debug][gc,age       ] GC(1024) Desired survivor size 15400960 bytes, new threshold 6 (max threshold 6)
[2801.372s][info ][gc,heap      ] GC(1024) ParNew: 242056K->1270K(270976K)
[2801.372s][info ][gc,heap      ] GC(1024) CMS: 429689K->429784K(602112K)
[2801.372s][info ][gc,metaspace ] GC(1024) Metaspace: 63470K->63470K(1107968K)
[2801.372s][info ][gc           ] GC(1024) Pause Young (Allocation Failure) 656M->420M(852M) 3.417ms
[2801.372s][info ][gc,cpu       ] GC(1024) User=0.01s Sys=0.00s Real=0.00s
[2801.372s][info ][safepoint    ] Leaving safepoint region
[2801.372s][info ][safepoint    ] Total time for which application threads were stopped: 0.0036947 seconds, Stopping threads took: 0.0000404 seconds
[2802.372s][info ][safepoint    ] Application time: 1.0001224 seconds
[2802.374s][info ][safepoint    ] Entering safepoint region: Cleanup
[2802.374s][info ][safepoint    ] Leaving safepoint region
[2802.374s][info ][safepoint    ] Total time for which application threads were stopped: 0.0018787 seconds, Stopping threads took: 0.0018201 seconds
[2803.374s][info ][safepoint    ] Application time: 1.0001451 seconds
[2803.374s][info ][safepoint    ] Entering safepoint region: Cleanup
[2803.375s][info ][safepoint    ] Leaving safepoint region
[2803.375s][info ][safepoint    ] Total time for which application threads were stopped: 0.0001240 seconds, Stopping threads took: 0.0000413 seconds
[2804.375s][info ][safepoint    ] Application time: 1.0001343 seconds
[2804.375s][info ][safepoint    ] Entering safepoint region: Cleanup
[2804.375s][info ][safepoint    ] Leaving safepoint region
[2804.375s][info ][safepoint    ] Total time for which application threads were stopped: 0.0001926 seconds, Stopping threads took: 0.0000928 seconds
[2804.771s][info ][safepoint    ] Application time: 0.3957514 seconds
[2804.771s][info ][safepoint    ] Entering safepoint region: GenCollectForAllocation
[2804.771s][info ][gc,start     ] GC(1025) Pause Young (Allocation Failure)
[2804.771s][info ][gc,task      ] GC(1025) Using 4 workers of 4 for evacuation
[2804.774s][debug][gc,ref       ] GC(1025) Skipped phase1 of Reference Processing due to unavailable references
[2804.775s][debug][gc,ref       ] GC(1025) Skipped phase2 of Reference Processing due to unavailable references
[2804.775s][debug][gc,ref       ] GC(1025) Skipped phase3 of Reference Processing due to unavailable references
[2804.775s][debug][gc,ref       ] GC(1025) Skipped phase4 of Reference Processing due to unavailable references
[2804.775s][debug][gc,age       ] GC(1025) Desired survivor size 15400960 bytes, new threshold 6 (max threshold 6)
[2804.775s][info ][gc,heap      ] GC(1025) ParNew: 242166K->1427K(270976K)
[2804.775s][info ][gc,heap      ] GC(1025) CMS: 429784K->429880K(602112K)
[2804.775s][info ][gc,metaspace ] GC(1025) Metaspace: 63470K->63470K(1107968K)
[2804.775s][info ][gc           ] GC(1025) Pause Young (Allocation Failure) 656M->421M(852M) 3.906ms
[2804.775s][info ][gc,cpu       ] GC(1025) User=0.01s Sys=0.00s Real=0.00s
[2804.775s][info ][safepoint    ] Leaving safepoint region
[2804.775s][info ][safepoint    ] Total time for which application threads were stopped: 0.0040949 seconds, Stopping threads took: 0.0000152 seconds
[2805.775s][info ][safepoint    ] Application time: 1.0000869 seconds
[2805.775s][info ][safepoint    ] Entering safepoint region: Cleanup
[2805.775s][info ][safepoint    ] Leaving safepoint region
[2805.775s][info ][safepoint    ] Total time for which application threads were stopped: 0.0001415 seconds, Stopping threads took: 0.0000458 seconds
[2806.775s][info ][safepoint    ] Application time: 1.0001169 seconds
[2806.775s][info ][safepoint    ] Entering safepoint region: Cleanup
[2806.775s][info ][safepoint    ] Leaving safepoint region
[2806.775s][info ][safepoint    ] Total time for which application threads were stopped: 0.0001314 seconds, Stopping threads took: 0.0000562 seconds
[2807.776s][info ][safepoint    ] Application time: 1.0001164 seconds
[2807.776s][info ][safepoint    ] Entering safepoint region: Cleanup
[2807.776s][info ][safepoint    ] Leaving safepoint region
[2807.776s][info ][safepoint    ] Total time for which application threads were stopped: 0.0001211 seconds, Stopping threads took: 0.0000517 seconds
[2808.321s][info ][safepoint    ] Application time: 0.5449761 seconds
[2808.321s][info ][safepoint    ] Entering safepoint region: GenCollectForAllocation
[2808.321s][info ][gc,start     ] GC(1026) Pause Young (Allocation Failure)
[2808.321s][info ][gc,task      ] GC(1026) Using 4 workers of 4 for evacuation
[2808.323s][debug][gc,ref       ] GC(1026) Skipped phase1 of Reference Processing due to unavailable references
[2808.323s][debug][gc,ref       ] GC(1026) Skipped phase2 of Reference Processing due to unavailable references
[2808.323s][debug][gc,ref       ] GC(1026) Skipped phase3 of Reference Processing due to unavailable references
[2808.323s][debug][gc,ref       ] GC(1026) Skipped phase4 of Reference Processing due to unavailable references
[2808.324s][debug][gc,age       ] GC(1026) Desired survivor size 15400960 bytes, new threshold 6 (max threshold 6)
[2808.324s][info ][gc,heap      ] GC(1026) ParNew: 242323K->1266K(270976K)
[2808.324s][info ][gc,heap      ] GC(1026) CMS: 429880K->429963K(602112K)
[2808.324s][info ][gc,metaspace ] GC(1026) Metaspace: 63470K->63470K(1107968K)
[2808.324s][info ][gc           ] GC(1026) Pause Young (Allocation Failure) 656M->421M(852M) 2.874ms
[2808.324s][info ][gc,cpu       ] GC(1026) User=0.01s Sys=0.00s Real=0.00s
[2808.324s][info ][safepoint    ] Leaving safepoint region
[2808.324s][info ][safepoint    ] Total time for which application threads were stopped: 0.0030287 seconds, Stopping threads took: 0.0000171 seconds
[2809.324s][info ][safepoint    ] Application time: 1.0001018 seconds
[2809.324s][info ][safepoint    ] Entering safepoint region: Cleanup
[2809.324s][info ][safepoint    ] Leaving safepoint region
[2809.324s][info ][safepoint    ] Total time for which application threads were stopped: 0.0002100 seconds, Stopping threads took: 0.0001502 seconds
[2810.324s][info ][safepoint    ] Application time: 1.0001226 seconds
[2810.324s][info ][safepoint    ] Entering safepoint region: Cleanup
[2810.324s][info ][safepoint    ] Leaving safepoint region
[2810.324s][info ][safepoint    ] Total time for which application threads were stopped: 0.0001227 seconds, Stopping threads took: 0.0000602 seconds
[2811.324s][info ][safepoint    ] Application time: 1.0000920 seconds
[2811.325s][info ][safepoint    ] Entering safepoint region: Cleanup
[2811.325s][info ][safepoint    ] Leaving safepoint region
[2811.325s][info ][safepoint    ] Total time for which application threads were stopped: 0.0001307 seconds, Stopping threads took: 0.0000565 seconds
[2811.970s][info ][safepoint    ] Application time: 0.6457710 seconds
[2811.970s][info ][safepoint    ] Entering safepoint region: GenCollectForAllocation
[2811.971s][info ][gc,start     ] GC(1027) Pause Young (Allocation Failure)
[2811.971s][info ][gc,task      ] GC(1027) Using 4 workers of 4 for evacuation
[2811.973s][debug][gc,ref       ] GC(1027) Skipped phase1 of Reference Processing due to unavailable references
[2811.973s][debug][gc,ref       ] GC(1027) Skipped phase2 of Reference Processing due to unavailable references
[2811.973s][debug][gc,ref       ] GC(1027) Skipped phase3 of Reference Processing due to unavailable references
[2811.973s][debug][gc,ref       ] GC(1027) Skipped phase4 of Reference Processing due to unavailable references
[2811.973s][debug][gc,age       ] GC(1027) Desired survivor size 15400960 bytes, new threshold 6 (max threshold 6)
[2811.973s][info ][gc,heap      ] GC(1027) ParNew: 242162K->1266K(270976K)
[2811.973s][info ][gc,heap      ] GC(1027) CMS: 429963K->430049K(602112K)
[2811.973s][info ][gc,metaspace ] GC(1027) Metaspace: 63470K->63470K(1107968K)
[2811.973s][info ][gc           ] GC(1027) Pause Young (Allocation Failure) 656M->421M(852M) 2.745ms
[2811.973s][info ][gc,cpu       ] GC(1027) User=0.01s Sys=0.00s Real=0.00s
[2811.973s][info ][safepoint    ] Leaving safepoint region
[2811.973s][info ][safepoint    ] Total time for which application threads were stopped: 0.0029057 seconds, Stopping threads took: 0.0000162 seconds
[2812.974s][info ][safepoint    ] Application time: 1.0002008 seconds
[2812.974s][info ][safepoint    ] Entering safepoint region: Cleanup
[2812.974s][info ][safepoint    ] Leaving safepoint region
[2812.974s][info ][safepoint    ] Total time for which application threads were stopped: 0.0001278 seconds, Stopping threads took: 0.0000704 seconds
[2813.974s][info ][safepoint    ] Application time: 1.0001279 seconds
[2813.974s][info ][safepoint    ] Entering safepoint region: Cleanup
[2813.974s][info ][safepoint    ] Leaving safepoint region
[2813.974s][info ][safepoint    ] Total time for which application threads were stopped: 0.0001106 seconds, Stopping threads took: 0.0000537 seconds
[2814.974s][info ][safepoint    ] Application time: 1.0000868 seconds
[2814.974s][info ][safepoint    ] Entering safepoint region: Cleanup
[2814.974s][info ][safepoint    ] Leaving safepoint region
[2814.974s][info ][safepoint    ] Total time for which application threads were stopped: 0.0001286 seconds, Stopping threads took: 0.0000506 seconds
[2815.576s][info ][safepoint    ] Application time: 0.6020059 seconds
[2815.576s][info ][safepoint    ] Entering safepoint region: GenCollectForAllocation
[2815.576s][info ][gc,start     ] GC(1028) Pause Young (Allocation Failure)
[2815.577s][info ][gc,task      ] GC(1028) Using 4 workers of 4 for evacuation
[2815.579s][debug][gc,ref       ] GC(1028) Skipped phase1 of Reference Processing due to unavailable references
[2815.579s][debug][gc,ref       ] GC(1028) Skipped phase2 of Reference Processing due to unavailable references
[2815.579s][debug][gc,ref       ] GC(1028) Skipped phase3 of Reference Processing due to unavailable references
[2815.579s][debug][gc,ref       ] GC(1028) Skipped phase4 of Reference Processing due to unavailable references
[2815.579s][debug][gc,age       ] GC(1028) Desired survivor size 15400960 bytes, new threshold 6 (max threshold 6)
[2815.579s][info ][gc,heap      ] GC(1028) ParNew: 242162K->1164K(270976K)
[2815.579s][info ][gc,heap      ] GC(1028) CMS: 430049K->430183K(602112K)
[2815.579s][info ][gc,metaspace ] GC(1028) Metaspace: 63470K->63470K(1107968K)
[2815.579s][info ][gc           ] GC(1028) Pause Young (Allocation Failure) 656M->421M(852M) 2.915ms
[2815.579s][info ][gc,cpu       ] GC(1028) User=0.00s Sys=0.00s Real=0.00s
[2815.579s][info ][safepoint    ] Leaving safepoint region
[2815.579s][info ][safepoint    ] Total time for which application threads were stopped: 0.0030818 seconds, Stopping threads took: 0.0000335 seconds
[2816.580s][info ][safepoint    ] Application time: 1.0002497 seconds
[2816.580s][info ][safepoint    ] Entering safepoint region: Cleanup
[2816.580s][info ][safepoint    ] Leaving safepoint region
[2816.580s][info ][safepoint    ] Total time for which application threads were stopped: 0.0000792 seconds, Stopping threads took: 0.0000172 seconds
[2817.580s][info ][safepoint    ] Application time: 1.0000890 seconds
[2817.580s][info ][safepoint    ] Entering safepoint region: Cleanup
[2817.580s][info ][safepoint    ] Leaving safepoint region
[2817.580s][info ][safepoint    ] Total time for which application threads were stopped: 0.0000836 seconds, Stopping threads took: 0.0000171 seconds
[2818.580s][info ][safepoint    ] Application time: 1.0001188 seconds
[2818.580s][info ][safepoint    ] Entering safepoint region: Cleanup
[2818.580s][info ][safepoint    ] Leaving safepoint region
[2818.580s][info ][safepoint    ] Total time for which application threads were stopped: 0.0000772 seconds, Stopping threads took: 0.0000168 seconds
[2819.172s][info ][safepoint    ] Application time: 0.5920111 seconds
[2819.172s][info ][safepoint    ] Entering safepoint region: GenCollectForAllocation
[2819.172s][info ][gc,start     ] GC(1029) Pause Young (Allocation Failure)
[2819.172s][info ][gc,task      ] GC(1029) Using 4 workers of 4 for evacuation
[2819.175s][debug][gc,ref       ] GC(1029) Skipped phase1 of Reference Processing due to unavailable references
[2819.175s][debug][gc,ref       ] GC(1029) Skipped phase2 of Reference Processing due to unavailable references
[2819.175s][debug][gc,ref       ] GC(1029) Skipped phase3 of Reference Processing due to unavailable references
[2819.175s][debug][gc,ref       ] GC(1029) Skipped phase4 of Reference Processing due to unavailable references
[2819.175s][debug][gc,age       ] GC(1029) Desired survivor size 15400960 bytes, new threshold 6 (max threshold 6)
[2819.176s][info ][gc,heap      ] GC(1029) ParNew: 242060K->1038K(270976K)
[2819.176s][info ][gc,heap      ] GC(1029) CMS: 430183K->430323K(602112K)
[2819.176s][info ][gc,metaspace ] GC(1029) Metaspace: 63470K->63470K(1107968K)
[2819.176s][info ][gc           ] GC(1029) Pause Young (Allocation Failure) 656M->421M(852M) 3.105ms
[2819.176s][info ][gc,cpu       ] GC(1029) User=0.01s Sys=0.00s Real=0.00s
[2819.176s][info ][safepoint    ] Leaving safepoint region
[2819.176s][info ][safepoint    ] Total time for which application threads were stopped: 0.0032595 seconds, Stopping threads took: 0.0000173 seconds
[2820.176s][info ][safepoint    ] Application time: 1.0001532 seconds
[2820.176s][info ][safepoint    ] Entering safepoint region: Cleanup
[2820.176s][info ][safepoint    ] Leaving safepoint region
[2820.176s][info ][safepoint    ] Total time for which application threads were stopped: 0.0002090 seconds, Stopping threads took: 0.0000610 seconds
[2821.176s][info ][safepoint    ] Application time: 1.0001035 seconds
[2821.176s][info ][safepoint    ] Entering safepoint region: Cleanup
[2821.176s][info ][safepoint    ] Leaving safepoint region
[2821.176s][info ][safepoint    ] Total time for which application threads were stopped: 0.0001705 seconds, Stopping threads took: 0.0000686 seconds
[2822.176s][info ][safepoint    ] Application time: 1.0000972 seconds
[2822.177s][info ][safepoint    ] Entering safepoint region: Cleanup
[2822.177s][info ][safepoint    ] Leaving safepoint region
[2822.177s][info ][safepoint    ] Total time for which application threads were stopped: 0.0001203 seconds, Stopping threads took: 0.0000487 seconds
[2822.771s][info ][safepoint    ] Application time: 0.5940720 seconds
[2822.771s][info ][safepoint    ] Entering safepoint region: GenCollectForAllocation
[2822.771s][info ][gc,start     ] GC(1030) Pause Young (Allocation Failure)
[2822.771s][info ][gc,task      ] GC(1030) Using 4 workers of 4 for evacuation
[2822.774s][debug][gc,ref       ] GC(1030) Skipped phase1 of Reference Processing due to unavailable references
[2822.774s][debug][gc,ref       ] GC(1030) Skipped phase2 of Reference Processing due to unavailable references
[2822.774s][debug][gc,ref       ] GC(1030) Skipped phase3 of Reference Processing due to unavailable references
[2822.774s][debug][gc,ref       ] GC(1030) Skipped phase4 of Reference Processing due to unavailable references
[2822.774s][debug][gc,age       ] GC(1030) Desired survivor size 15400960 bytes, new threshold 6 (max threshold 6)
[2822.774s][info ][gc,heap      ] GC(1030) ParNew: 241934K->1070K(270976K)
[2822.774s][info ][gc,heap      ] GC(1030) CMS: 430323K->430422K(602112K)
[2822.774s][info ][gc,metaspace ] GC(1030) Metaspace: 63470K->63470K(1107968K)
[2822.774s][info ][gc           ] GC(1030) Pause Young (Allocation Failure) 656M->421M(852M) 3.210ms
[2822.774s][info ][gc,cpu       ] GC(1030) User=0.01s Sys=0.01s Real=0.00s
[2822.774s][info ][safepoint    ] Leaving safepoint region
[2822.774s][info ][safepoint    ] Total time for which application threads were stopped: 0.0033790 seconds, Stopping threads took: 0.0000153 seconds
[2823.774s][info ][safepoint    ] Application time: 1.0001295 seconds
[2823.774s][info ][safepoint    ] Entering safepoint region: Cleanup
[2823.774s][info ][safepoint    ] Leaving safepoint region
[2823.774s][info ][safepoint    ] Total time for which application threads were stopped: 0.0001377 seconds, Stopping threads took: 0.0000652 seconds
[2824.775s][info ][safepoint    ] Application time: 1.0001354 seconds
[2824.775s][info ][safepoint    ] Entering safepoint region: Cleanup
[2824.775s][info ][safepoint    ] Leaving safepoint region
[2824.775s][info ][safepoint    ] Total time for which application threads were stopped: 0.0001686 seconds, Stopping threads took: 0.0000649 seconds
[2825.775s][info ][safepoint    ] Application time: 1.0001246 seconds
[2825.775s][info ][safepoint    ] Entering safepoint region: Cleanup
[2825.775s][info ][safepoint    ] Leaving safepoint region
[2825.775s][info ][safepoint    ] Total time for which application threads were stopped: 0.0001160 seconds, Stopping threads took: 0.0000464 seconds
[2826.326s][info ][safepoint    ] Application time: 0.5507158 seconds
[2826.326s][info ][safepoint    ] Entering safepoint region: GenCollectForAllocation
[2826.326s][info ][gc,start     ] GC(1031) Pause Young (Allocation Failure)
[2826.326s][info ][gc,task      ] GC(1031) Using 4 workers of 4 for evacuation
[2826.330s][debug][gc,ref       ] GC(1031) Skipped phase1 of Reference Processing due to unavailable references
[2826.330s][debug][gc,ref       ] GC(1031) Skipped phase2 of Reference Processing due to unavailable references
[2826.330s][debug][gc,ref       ] GC(1031) Skipped phase3 of Reference Processing due to unavailable references
[2826.330s][debug][gc,ref       ] GC(1031) Skipped phase4 of Reference Processing due to unavailable references
[2826.330s][debug][gc,age       ] GC(1031) Desired survivor size 15400960 bytes, new threshold 6 (max threshold 6)
[2826.330s][info ][gc,heap      ] GC(1031) ParNew: 241966K->1196K(270976K)
[2826.330s][info ][gc,heap      ] GC(1031) CMS: 430422K->430581K(602112K)
[2826.330s][info ][gc,metaspace ] GC(1031) Metaspace: 63471K->63471K(1107968K)
[2826.330s][info ][gc           ] GC(1031) Pause Young (Allocation Failure) 656M->421M(852M) 3.880ms
[2826.330s][info ][gc,cpu       ] GC(1031) User=0.02s Sys=0.00s Real=0.01s
[2826.330s][info ][safepoint    ] Leaving safepoint region
[2826.330s][info ][safepoint    ] Total time for which application threads were stopped: 0.0040291 seconds, Stopping threads took: 0.0000174 seconds
[2827.330s][info ][safepoint    ] Application time: 1.0000899 seconds
[2827.330s][info ][safepoint    ] Entering safepoint region: Cleanup
[2827.330s][info ][safepoint    ] Leaving safepoint region
[2827.330s][info ][safepoint    ] Total time for which application threads were stopped: 0.0001143 seconds, Stopping threads took: 0.0000174 seconds
[2828.330s][info ][safepoint    ] Application time: 1.0001079 seconds
[2828.330s][info ][safepoint    ] Entering safepoint region: Cleanup
[2828.330s][info ][safepoint    ] Leaving safepoint region
[2828.330s][info ][safepoint    ] Total time for which application threads were stopped: 0.0000749 seconds, Stopping threads took: 0.0000171 seconds
[2829.330s][info ][safepoint    ] Application time: 1.0000926 seconds
[2829.331s][info ][safepoint    ] Entering safepoint region: Cleanup
[2829.331s][info ][safepoint    ] Leaving safepoint region
[2829.331s][info ][safepoint    ] Total time for which application threads were stopped: 0.0002428 seconds, Stopping threads took: 0.0001480 seconds
[2829.780s][info ][safepoint    ] Application time: 0.4493488 seconds
[2829.780s][info ][safepoint    ] Entering safepoint region: GenCollectForAllocation
[2829.780s][info ][gc,start     ] GC(1032) Pause Young (Allocation Failure)
[2829.780s][info ][gc,task      ] GC(1032) Using 4 workers of 4 for evacuation
[2829.783s][debug][gc,ref       ] GC(1032) Skipped phase1 of Reference Processing due to unavailable references
[2829.783s][debug][gc,ref       ] GC(1032) Skipped phase3 of Reference Processing due to unavailable references
[2829.783s][debug][gc,age       ] GC(1032) Desired survivor size 15400960 bytes, new threshold 6 (max threshold 6)
[2829.783s][info ][gc,heap      ] GC(1032) ParNew: 242092K->2099K(270976K)
[2829.783s][info ][gc,heap      ] GC(1032) CMS: 430581K->430617K(602112K)
[2829.783s][info ][gc,metaspace ] GC(1032) Metaspace: 63473K->63473K(1107968K)
[2829.783s][info ][gc           ] GC(1032) Pause Young (Allocation Failure) 656M->422M(852M) 3.235ms
[2829.783s][info ][gc,cpu       ] GC(1032) User=0.01s Sys=0.00s Real=0.00s
[2829.783s][info ][safepoint    ] Leaving safepoint region
[2829.783s][info ][safepoint    ] Total time for which application threads were stopped: 0.0034016 seconds, Stopping threads took: 0.0000147 seconds
[2830.784s][info ][safepoint    ] Application time: 1.0000721 seconds
[2830.784s][info ][safepoint    ] Entering safepoint region: Cleanup
[2830.784s][info ][safepoint    ] Leaving safepoint region
[2830.784s][info ][safepoint    ] Total time for which application threads were stopped: 0.0001134 seconds, Stopping threads took: 0.0000335 seconds
[2831.784s][info ][safepoint    ] Application time: 1.0001280 seconds
[2831.784s][info ][safepoint    ] Entering safepoint region: Cleanup
[2831.784s][info ][safepoint    ] Leaving safepoint region
[2831.784s][info ][safepoint    ] Total time for which application threads were stopped: 0.0000905 seconds, Stopping threads took: 0.0000186 seconds
[2832.784s][info ][safepoint    ] Application time: 1.0001253 seconds
[2832.784s][info ][safepoint    ] Entering safepoint region: Cleanup
[2832.784s][info ][safepoint    ] Leaving safepoint region
[2832.784s][info ][safepoint    ] Total time for which application threads were stopped: 0.0000840 seconds, Stopping threads took: 0.0000193 seconds
[2833.271s][info ][safepoint    ] Application time: 0.4866008 seconds
[2833.271s][info ][safepoint    ] Entering safepoint region: GenCollectForAllocation
[2833.271s][info ][gc,start     ] GC(1033) Pause Young (Allocation Failure)
[2833.271s][info ][gc,task      ] GC(1033) Using 4 workers of 4 for evacuation
[2833.274s][debug][gc,ref       ] GC(1033) Skipped phase1 of Reference Processing due to unavailable references
[2833.274s][debug][gc,ref       ] GC(1033) Skipped phase3 of Reference Processing due to unavailable references
[2833.275s][debug][gc,age       ] GC(1033) Desired survivor size 15400960 bytes, new threshold 6 (max threshold 6)
[2833.275s][info ][gc,heap      ] GC(1033) ParNew: 242995K->2315K(270976K)
[2833.275s][info ][gc,heap      ] GC(1033) CMS: 430617K->430697K(602112K)
[2833.275s][info ][gc,metaspace ] GC(1033) Metaspace: 63473K->63473K(1107968K)
[2833.275s][info ][gc           ] GC(1033) Pause Young (Allocation Failure) 657M->422M(852M) 3.693ms
[2833.275s][info ][gc,cpu       ] GC(1033) User=0.01s Sys=0.00s Real=0.00s
[2833.275s][info ][safepoint    ] Leaving safepoint region
[2833.275s][info ][safepoint    ] Total time for which application threads were stopped: 0.0038780 seconds, Stopping threads took: 0.0000172 seconds
[2834.275s][info ][safepoint    ] Application time: 1.0000926 seconds
[2834.275s][info ][safepoint    ] Entering safepoint region: Cleanup
[2834.275s][info ][safepoint    ] Leaving safepoint region
[2834.275s][info ][safepoint    ] Total time for which application threads were stopped: 0.0002344 seconds, Stopping threads took: 0.0001495 seconds
[2835.275s][info ][safepoint    ] Application time: 1.0000937 seconds
[2835.275s][info ][safepoint    ] Entering safepoint region: Cleanup
[2835.275s][info ][safepoint    ] Leaving safepoint region
[2835.275s][info ][safepoint    ] Total time for which application threads were stopped: 0.0001240 seconds, Stopping threads took: 0.0000535 seconds
[2836.277s][info ][safepoint    ] Application time: 1.0016676 seconds
[2836.277s][info ][safepoint    ] Entering safepoint region: Cleanup
[2836.277s][info ][safepoint    ] Leaving safepoint region
[2836.277s][info ][safepoint    ] Total time for which application threads were stopped: 0.0001459 seconds, Stopping threads took: 0.0000625 seconds
[2836.733s][info ][safepoint    ] Application time: 0.4553800 seconds
[2836.733s][info ][safepoint    ] Entering safepoint region: GenCollectForAllocation
[2836.733s][info ][gc,start     ] GC(1034) Pause Young (Allocation Failure)
[2836.733s][info ][gc,task      ] GC(1034) Using 4 workers of 4 for evacuation
[2836.738s][debug][gc,ref       ] GC(1034) Skipped phase1 of Reference Processing due to unavailable references
[2836.738s][debug][gc,ref       ] GC(1034) Skipped phase3 of Reference Processing due to unavailable references
[2836.738s][debug][gc,age       ] GC(1034) Desired survivor size 15400960 bytes, new threshold 6 (max threshold 6)
[2836.738s][info ][gc,heap      ] GC(1034) ParNew: 243211K->2314K(270976K)
[2836.738s][info ][gc,heap      ] GC(1034) CMS: 430697K->430774K(602112K)
[2836.738s][info ][gc,metaspace ] GC(1034) Metaspace: 63473K->63473K(1107968K)
[2836.738s][info ][gc           ] GC(1034) Pause Young (Allocation Failure) 658M->422M(852M) 5.253ms
[2836.738s][info ][gc,cpu       ] GC(1034) User=0.01s Sys=0.00s Real=0.00s
[2836.738s][info ][safepoint    ] Leaving safepoint region
[2836.738s][info ][safepoint    ] Total time for which application threads were stopped: 0.0054512 seconds, Stopping threads took: 0.0000180 seconds
[2837.738s][info ][safepoint    ] Application time: 1.0001254 seconds
[2837.738s][info ][safepoint    ] Entering safepoint region: Cleanup
[2837.738s][info ][safepoint    ] Leaving safepoint region
[2837.738s][info ][safepoint    ] Total time for which application threads were stopped: 0.0000776 seconds, Stopping threads took: 0.0000177 seconds
[2838.739s][info ][safepoint    ] Application time: 1.0000823 seconds
[2838.739s][info ][safepoint    ] Entering safepoint region: Cleanup
[2838.739s][info ][safepoint    ] Leaving safepoint region
[2838.739s][info ][safepoint    ] Total time for which application threads were stopped: 0.0000988 seconds, Stopping threads took: 0.0000185 seconds
[2839.739s][info ][safepoint    ] Application time: 1.0001398 seconds
[2839.739s][info ][safepoint    ] Entering safepoint region: Cleanup
[2839.739s][info ][safepoint    ] Leaving safepoint region
[2839.739s][info ][safepoint    ] Total time for which application threads were stopped: 0.0005712 seconds, Stopping threads took: 0.0000617 seconds
[2840.116s][info ][safepoint    ] Application time: 0.3764650 seconds
[2840.116s][info ][safepoint    ] Entering safepoint region: GenCollectForAllocation
[2840.116s][info ][gc,start     ] GC(1035) Pause Young (Allocation Failure)
[2840.116s][info ][gc,task      ] GC(1035) Using 4 workers of 4 for evacuation
[2840.120s][debug][gc,ref       ] GC(1035) Skipped phase1 of Reference Processing due to unavailable references
[2840.120s][debug][gc,ref       ] GC(1035) Skipped phase3 of Reference Processing due to unavailable references
[2840.120s][debug][gc,age       ] GC(1035) Desired survivor size 15400960 bytes, new threshold 6 (max threshold 6)
[2840.120s][info ][gc,heap      ] GC(1035) ParNew: 243210K->2279K(270976K)
[2840.120s][info ][gc,heap      ] GC(1035) CMS: 430774K->430874K(602112K)
[2840.120s][info ][gc,metaspace ] GC(1035) Metaspace: 63473K->63473K(1107968K)
[2840.120s][info ][gc           ] GC(1035) Pause Young (Allocation Failure) 658M->423M(852M) 3.785ms
[2840.120s][info ][gc,cpu       ] GC(1035) User=0.01s Sys=0.00s Real=0.00s
[2840.120s][info ][safepoint    ] Leaving safepoint region
[2840.120s][info ][safepoint    ] Total time for which application threads were stopped: 0.0040047 seconds, Stopping threads took: 0.0000742 seconds
[2841.120s][info ][safepoint    ] Application time: 1.0001071 seconds
[2841.120s][info ][safepoint    ] Entering safepoint region: Cleanup
[2841.120s][info ][safepoint    ] Leaving safepoint region
[2841.120s][info ][safepoint    ] Total time for which application threads were stopped: 0.0002099 seconds, Stopping threads took: 0.0001142 seconds
[2842.120s][info ][safepoint    ] Application time: 1.0001159 seconds
[2842.121s][info ][safepoint    ] Entering safepoint region: Cleanup
[2842.121s][info ][safepoint    ] Leaving safepoint region
[2842.121s][info ][safepoint    ] Total time for which application threads were stopped: 0.0001296 seconds, Stopping threads took: 0.0000594 seconds
[2843.121s][info ][safepoint    ] Application time: 1.0000538 seconds
[2843.121s][info ][safepoint    ] Entering safepoint region: Cleanup
[2843.121s][info ][safepoint    ] Leaving safepoint region
[2843.121s][info ][safepoint    ] Total time for which application threads were stopped: 0.0001317 seconds, Stopping threads took: 0.0000527 seconds
[2843.647s][info ][safepoint    ] Application time: 0.5263303 seconds
[2843.647s][info ][safepoint    ] Entering safepoint region: GenCollectForAllocation
[2843.647s][info ][gc,start     ] GC(1036) Pause Young (Allocation Failure)
[2843.647s][info ][gc,task      ] GC(1036) Using 4 workers of 4 for evacuation
[2843.651s][debug][gc,ref       ] GC(1036) Skipped phase1 of Reference Processing due to unavailable references
[2843.651s][debug][gc,ref       ] GC(1036) Skipped phase3 of Reference Processing due to unavailable references
[2843.652s][debug][gc,age       ] GC(1036) Desired survivor size 15400960 bytes, new threshold 6 (max threshold 6)
[2843.652s][info ][gc,heap      ] GC(1036) ParNew: 243175K->2271K(270976K)
[2843.652s][info ][gc,heap      ] GC(1036) CMS: 430874K->430927K(602112K)
[2843.652s][info ][gc,metaspace ] GC(1036) Metaspace: 63473K->63473K(1107968K)
[2843.652s][info ][gc           ] GC(1036) Pause Young (Allocation Failure) 658M->423M(852M) 4.135ms
[2843.652s][info ][gc,cpu       ] GC(1036) User=0.01s Sys=0.00s Real=0.01s
[2843.652s][info ][safepoint    ] Leaving safepoint region
[2843.652s][info ][safepoint    ] Total time for which application threads were stopped: 0.0043862 seconds, Stopping threads took: 0.0000491 seconds
[2844.652s][info ][safepoint    ] Application time: 1.0000772 seconds
[2844.652s][info ][safepoint    ] Entering safepoint region: Cleanup
[2844.652s][info ][safepoint    ] Leaving safepoint region
[2844.652s][info ][safepoint    ] Total time for which application threads were stopped: 0.0000756 seconds, Stopping threads took: 0.0000177 seconds
[2845.652s][info ][safepoint    ] Application time: 1.0000886 seconds
[2845.652s][info ][safepoint    ] Entering safepoint region: Cleanup
[2845.652s][info ][safepoint    ] Leaving safepoint region
[2845.652s][info ][safepoint    ] Total time for which application threads were stopped: 0.0000732 seconds, Stopping threads took: 0.0000169 seconds
[2846.652s][info ][safepoint    ] Application time: 1.0001240 seconds
[2846.652s][info ][safepoint    ] Entering safepoint region: Cleanup
[2846.652s][info ][safepoint    ] Leaving safepoint region
[2846.652s][info ][safepoint    ] Total time for which application threads were stopped: 0.0000836 seconds, Stopping threads took: 0.0000188 seconds
[2847.130s][info ][safepoint    ] Application time: 0.4775037 seconds
[2847.130s][info ][safepoint    ] Entering safepoint region: GenCollectForAllocation
[2847.130s][info ][gc,start     ] GC(1037) Pause Young (Allocation Failure)
[2847.130s][info ][gc,task      ] GC(1037) Using 4 workers of 4 for evacuation
[2847.133s][debug][gc,ref       ] GC(1037) Skipped phase1 of Reference Processing due to unavailable references
[2847.133s][debug][gc,ref       ] GC(1037) Skipped phase3 of Reference Processing due to unavailable references
[2847.133s][debug][gc,age       ] GC(1037) Desired survivor size 15400960 bytes, new threshold 6 (max threshold 6)
[2847.133s][info ][gc,heap      ] GC(1037) ParNew: 243167K->2398K(270976K)
[2847.133s][info ][gc,heap      ] GC(1037) CMS: 430927K->431060K(602112K)
[2847.133s][info ][gc,metaspace ] GC(1037) Metaspace: 63474K->63474K(1107968K)
[2847.133s][info ][gc           ] GC(1037) Pause Young (Allocation Failure) 658M->423M(852M) 3.430ms
[2847.133s][info ][gc,cpu       ] GC(1037) User=0.01s Sys=0.00s Real=0.00s
[2847.133s][info ][safepoint    ] Leaving safepoint region
[2847.133s][info ][safepoint    ] Total time for which application threads were stopped: 0.0036060 seconds, Stopping threads took: 0.0000150 seconds
[2848.134s][info ][safepoint    ] Application time: 1.0000887 seconds
[2848.134s][info ][safepoint    ] Entering safepoint region: Cleanup
[2848.134s][info ][safepoint    ] Leaving safepoint region
[2848.134s][info ][safepoint    ] Total time for which application threads were stopped: 0.0000758 seconds, Stopping threads took: 0.0000175 seconds
[2849.134s][info ][safepoint    ] Application time: 1.0001118 seconds
[2849.134s][info ][safepoint    ] Entering safepoint region: Cleanup
[2849.134s][info ][safepoint    ] Leaving safepoint region
[2849.134s][info ][safepoint    ] Total time for which application threads were stopped: 0.0000757 seconds, Stopping threads took: 0.0000171 seconds
[2850.134s][info ][safepoint    ] Application time: 1.0000827 seconds
[2850.134s][info ][safepoint    ] Entering safepoint region: Cleanup
[2850.134s][info ][safepoint    ] Leaving safepoint region
[2850.134s][info ][safepoint    ] Total time for which application threads were stopped: 0.0000823 seconds, Stopping threads took: 0.0000180 seconds
[2850.770s][info ][safepoint    ] Application time: 0.6354182 seconds
[2850.770s][info ][safepoint    ] Entering safepoint region: GenCollectForAllocation
[2850.770s][info ][gc,start     ] GC(1038) Pause Young (Allocation Failure)
[2850.770s][info ][gc,task      ] GC(1038) Using 4 workers of 4 for evacuation
[2850.773s][debug][gc,ref       ] GC(1038) Skipped phase1 of Reference Processing due to unavailable references
[2850.773s][debug][gc,ref       ] GC(1038) Skipped phase2 of Reference Processing due to unavailable references
[2850.773s][debug][gc,ref       ] GC(1038) Skipped phase3 of Reference Processing due to unavailable references
[2850.773s][debug][gc,ref       ] GC(1038) Skipped phase4 of Reference Processing due to unavailable references
[2850.773s][debug][gc,age       ] GC(1038) Desired survivor size 15400960 bytes, new threshold 6 (max threshold 6)
[2850.773s][info ][gc,heap      ] GC(1038) ParNew: 243294K->1624K(270976K)
[2850.773s][info ][gc,heap      ] GC(1038) CMS: 431060K->431548K(602112K)
[2850.773s][info ][gc,metaspace ] GC(1038) Metaspace: 63474K->63474K(1107968K)
[2850.773s][info ][gc           ] GC(1038) Pause Young (Allocation Failure) 658M->423M(852M) 3.249ms
[2850.773s][info ][gc,cpu       ] GC(1038) User=0.01s Sys=0.00s Real=0.00s
[2850.773s][info ][safepoint    ] Leaving safepoint region
[2850.773s][info ][safepoint    ] Total time for which application threads were stopped: 0.0034007 seconds, Stopping threads took: 0.0000165 seconds
[2851.773s][info ][safepoint    ] Application time: 1.0001278 seconds
[2851.773s][info ][safepoint    ] Entering safepoint region: Cleanup
[2851.773s][info ][safepoint    ] Leaving safepoint region
[2851.773s][info ][safepoint    ] Total time for which application threads were stopped: 0.0001338 seconds, Stopping threads took: 0.0000638 seconds
[2852.773s][info ][safepoint    ] Application time: 1.0001203 seconds
[2852.774s][info ][safepoint    ] Entering safepoint region: Cleanup
[2852.774s][info ][safepoint    ] Leaving safepoint region
[2852.774s][info ][safepoint    ] Total time for which application threads were stopped: 0.0001400 seconds, Stopping threads took: 0.0000637 seconds
[2853.774s][info ][safepoint    ] Application time: 1.0001249 seconds
[2853.774s][info ][safepoint    ] Entering safepoint region: Cleanup
[2853.774s][info ][safepoint    ] Leaving safepoint region
[2853.774s][info ][safepoint    ] Total time for which application threads were stopped: 0.0001182 seconds, Stopping threads took: 0.0000532 seconds
[2854.376s][info ][safepoint    ] Application time: 0.6025163 seconds
[2854.377s][info ][safepoint    ] Entering safepoint region: GenCollectForAllocation
[2854.377s][info ][gc,start     ] GC(1039) Pause Young (Allocation Failure)
[2854.377s][info ][gc,task      ] GC(1039) Using 4 workers of 4 for evacuation
[2854.379s][debug][gc,ref       ] GC(1039) Skipped phase1 of Reference Processing due to unavailable references
[2854.379s][debug][gc,ref       ] GC(1039) Skipped phase2 of Reference Processing due to unavailable references
[2854.379s][debug][gc,ref       ] GC(1039) Skipped phase3 of Reference Processing due to unavailable references
[2854.379s][debug][gc,ref       ] GC(1039) Skipped phase4 of Reference Processing due to unavailable references
[2854.379s][debug][gc,age       ] GC(1039) Desired survivor size 15400960 bytes, new threshold 6 (max threshold 6)
[2854.379s][info ][gc,heap      ] GC(1039) ParNew: 242520K->1300K(270976K)
[2854.380s][info ][gc,heap      ] GC(1039) CMS: 431548K->432097K(602112K)
[2854.380s][info ][gc,metaspace ] GC(1039) Metaspace: 63474K->63474K(1107968K)
[2854.380s][info ][gc           ] GC(1039) Pause Young (Allocation Failure) 658M->423M(852M) 2.909ms
[2854.380s][info ][gc,cpu       ] GC(1039) User=0.01s Sys=0.00s Real=0.00s
[2854.380s][info ][safepoint    ] Leaving safepoint region
[2854.380s][info ][safepoint    ] Total time for which application threads were stopped: 0.0030683 seconds, Stopping threads took: 0.0000176 seconds
[2855.380s][info ][safepoint    ] Application time: 1.0001062 seconds
[2855.380s][info ][safepoint    ] Entering safepoint region: Cleanup
[2855.380s][info ][safepoint    ] Leaving safepoint region
[2855.380s][info ][safepoint    ] Total time for which application threads were stopped: 0.0000738 seconds, Stopping threads took: 0.0000176 seconds
[2856.380s][info ][safepoint    ] Application time: 1.0000802 seconds
[2856.380s][info ][safepoint    ] Entering safepoint region: Cleanup
[2856.380s][info ][safepoint    ] Leaving safepoint region
[2856.380s][info ][safepoint    ] Total time for which application threads were stopped: 0.0000931 seconds, Stopping threads took: 0.0000315 seconds
[2857.380s][info ][safepoint    ] Application time: 1.0001303 seconds
[2857.380s][info ][safepoint    ] Entering safepoint region: Cleanup
[2857.380s][info ][safepoint    ] Leaving safepoint region
[2857.380s][info ][safepoint    ] Total time for which application threads were stopped: 0.0000778 seconds, Stopping threads took: 0.0000189 seconds
[2857.818s][info ][safepoint    ] Application time: 0.4380050 seconds
[2857.818s][info ][safepoint    ] Entering safepoint region: GenCollectForAllocation
[2857.818s][info ][gc,start     ] GC(1040) Pause Young (Allocation Failure)
[2857.818s][info ][gc,task      ] GC(1040) Using 4 workers of 4 for evacuation
[2857.821s][debug][gc,ref       ] GC(1040) Skipped phase1 of Reference Processing due to unavailable references
[2857.821s][debug][gc,ref       ] GC(1040) Skipped phase2 of Reference Processing due to unavailable references
[2857.821s][debug][gc,ref       ] GC(1040) Skipped phase3 of Reference Processing due to unavailable references
[2857.821s][debug][gc,ref       ] GC(1040) Skipped phase4 of Reference Processing due to unavailable references
[2857.822s][debug][gc,age       ] GC(1040) Desired survivor size 15400960 bytes, new threshold 6 (max threshold 6)
[2857.822s][info ][gc,heap      ] GC(1040) ParNew: 242196K->1497K(270976K)
[2857.822s][info ][gc,heap      ] GC(1040) CMS: 432097K->432112K(602112K)
[2857.822s][info ][gc,metaspace ] GC(1040) Metaspace: 63474K->63474K(1107968K)
[2857.822s][info ][gc           ] GC(1040) Pause Young (Allocation Failure) 658M->423M(852M) 3.213ms
[2857.822s][info ][gc,cpu       ] GC(1040) User=0.01s Sys=0.00s Real=0.01s
[2857.822s][info ][safepoint    ] Leaving safepoint region
[2857.822s][info ][safepoint    ] Total time for which application threads were stopped: 0.0033642 seconds, Stopping threads took: 0.0000184 seconds
[2858.822s][info ][safepoint    ] Application time: 1.0001309 seconds
[2858.822s][info ][safepoint    ] Entering safepoint region: Cleanup
[2858.822s][info ][safepoint    ] Leaving safepoint region
[2858.822s][info ][safepoint    ] Total time for which application threads were stopped: 0.0001375 seconds, Stopping threads took: 0.0000711 seconds
[2859.822s][info ][safepoint    ] Application time: 1.0000972 seconds
[2859.822s][info ][safepoint    ] Entering safepoint region: Cleanup
[2859.822s][info ][safepoint    ] Leaving safepoint region
[2859.822s][info ][safepoint    ] Total time for which application threads were stopped: 0.0001315 seconds, Stopping threads took: 0.0000645 seconds
[2860.822s][info ][safepoint    ] Application time: 1.0000908 seconds
[2860.823s][info ][safepoint    ] Entering safepoint region: Cleanup
[2860.823s][info ][safepoint    ] Leaving safepoint region
[2860.823s][info ][safepoint    ] Total time for which application threads were stopped: 0.0001289 seconds, Stopping threads took: 0.0000576 seconds
[2861.272s][info ][safepoint    ] Application time: 0.4493423 seconds
[2861.272s][info ][safepoint    ] Entering safepoint region: GenCollectForAllocation
[2861.272s][info ][gc,start     ] GC(1041) Pause Young (Allocation Failure)
[2861.272s][info ][gc,task      ] GC(1041) Using 4 workers of 4 for evacuation
[2861.275s][debug][gc,ref       ] GC(1041) Skipped phase1 of Reference Processing due to unavailable references
[2861.275s][debug][gc,ref       ] GC(1041) Skipped phase2 of Reference Processing due to unavailable references
[2861.275s][debug][gc,ref       ] GC(1041) Skipped phase3 of Reference Processing due to unavailable references
[2861.275s][debug][gc,ref       ] GC(1041) Skipped phase4 of Reference Processing due to unavailable references
[2861.275s][debug][gc,age       ] GC(1041) Desired survivor size 15400960 bytes, new threshold 6 (max threshold 6)
[2861.275s][info ][gc,heap      ] GC(1041) ParNew: 242393K->1225K(270976K)
[2861.275s][info ][gc,heap      ] GC(1041) CMS: 432112K->432214K(602112K)
[2861.275s][info ][gc,metaspace ] GC(1041) Metaspace: 63474K->63474K(1107968K)
[2861.275s][info ][gc           ] GC(1041) Pause Young (Allocation Failure) 658M->423M(852M) 2.834ms
[2861.275s][info ][gc,cpu       ] GC(1041) User=0.01s Sys=0.00s Real=0.00s
[2861.275s][info ][safepoint    ] Leaving safepoint region
[2861.275s][info ][safepoint    ] Total time for which application threads were stopped: 0.0029854 seconds, Stopping threads took: 0.0000164 seconds
[2862.275s][info ][safepoint    ] Application time: 1.0000940 seconds
[2862.275s][info ][safepoint    ] Entering safepoint region: Cleanup
[2862.275s][info ][safepoint    ] Leaving safepoint region
[2862.275s][info ][safepoint    ] Total time for which application threads were stopped: 0.0002317 seconds, Stopping threads took: 0.0000644 seconds
[2863.275s][info ][safepoint    ] Application time: 1.0000981 seconds
[2863.276s][info ][safepoint    ] Entering safepoint region: Cleanup
[2863.276s][info ][safepoint    ] Leaving safepoint region
[2863.276s][info ][safepoint    ] Total time for which application threads were stopped: 0.0001193 seconds, Stopping threads took: 0.0000464 seconds
[2864.276s][info ][safepoint    ] Application time: 1.0001574 seconds
[2864.276s][info ][safepoint    ] Entering safepoint region: Cleanup
[2864.276s][info ][safepoint    ] Leaving safepoint region
[2864.276s][info ][safepoint    ] Total time for which application threads were stopped: 0.0001221 seconds, Stopping threads took: 0.0000438 seconds
[2864.728s][info ][safepoint    ] Application time: 0.4520819 seconds
[2864.728s][info ][safepoint    ] Entering safepoint region: GenCollectForAllocation
[2864.728s][info ][gc,start     ] GC(1042) Pause Young (Allocation Failure)
[2864.728s][info ][gc,task      ] GC(1042) Using 4 workers of 4 for evacuation
[2864.731s][debug][gc,ref       ] GC(1042) Skipped phase1 of Reference Processing due to unavailable references
[2864.731s][debug][gc,ref       ] GC(1042) Skipped phase2 of Reference Processing due to unavailable references
[2864.731s][debug][gc,ref       ] GC(1042) Skipped phase3 of Reference Processing due to unavailable references
[2864.731s][debug][gc,ref       ] GC(1042) Skipped phase4 of Reference Processing due to unavailable references
[2864.731s][debug][gc,age       ] GC(1042) Desired survivor size 15400960 bytes, new threshold 6 (max threshold 6)
[2864.731s][info ][gc,heap      ] GC(1042) ParNew: 242121K->1501K(270976K)
[2864.731s][info ][gc,heap      ] GC(1042) CMS: 432214K->432284K(602112K)
[2864.731s][info ][gc,metaspace ] GC(1042) Metaspace: 63474K->63474K(1107968K)
[2864.731s][info ][gc           ] GC(1042) Pause Young (Allocation Failure) 658M->423M(852M) 3.141ms
[2864.731s][info ][gc,cpu       ] GC(1042) User=0.01s Sys=0.00s Real=0.00s
[2864.731s][info ][safepoint    ] Leaving safepoint region
[2864.731s][info ][safepoint    ] Total time for which application threads were stopped: 0.0033474 seconds, Stopping threads took: 0.0000180 seconds
[2865.732s][info ][safepoint    ] Application time: 1.0001092 seconds
[2865.732s][info ][safepoint    ] Entering safepoint region: Cleanup
[2865.732s][info ][safepoint    ] Leaving safepoint region
[2865.732s][info ][safepoint    ] Total time for which application threads were stopped: 0.0000947 seconds, Stopping threads took: 0.0000168 seconds
[2866.732s][info ][safepoint    ] Application time: 1.0001393 seconds
[2866.732s][info ][safepoint    ] Entering safepoint region: Cleanup
[2866.732s][info ][safepoint    ] Leaving safepoint region
[2866.732s][info ][safepoint    ] Total time for which application threads were stopped: 0.0001560 seconds, Stopping threads took: 0.0000518 seconds
[2867.732s][info ][safepoint    ] Application time: 1.0000751 seconds
[2867.732s][info ][safepoint    ] Entering safepoint region: Cleanup
[2867.732s][info ][safepoint    ] Leaving safepoint region
[2867.732s][info ][safepoint    ] Total time for which application threads were stopped: 0.0000911 seconds, Stopping threads took: 0.0000325 seconds
[2868.180s][info ][safepoint    ] Application time: 0.4479393 seconds
[2868.180s][info ][safepoint    ] Entering safepoint region: GenCollectForAllocation
[2868.180s][info ][gc,start     ] GC(1043) Pause Young (Allocation Failure)
[2868.180s][info ][gc,task      ] GC(1043) Using 4 workers of 4 for evacuation
[2868.184s][debug][gc,ref       ] GC(1043) Skipped phase1 of Reference Processing due to unavailable references
[2868.184s][debug][gc,ref       ] GC(1043) Skipped phase2 of Reference Processing due to unavailable references
[2868.184s][debug][gc,ref       ] GC(1043) Skipped phase3 of Reference Processing due to unavailable references
[2868.184s][debug][gc,ref       ] GC(1043) Skipped phase4 of Reference Processing due to unavailable references
[2868.184s][debug][gc,age       ] GC(1043) Desired survivor size 15400960 bytes, new threshold 6 (max threshold 6)
[2868.184s][info ][gc,heap      ] GC(1043) ParNew: 242397K->1281K(270976K)
[2868.184s][info ][gc,heap      ] GC(1043) CMS: 432284K->432393K(602112K)
[2868.184s][info ][gc,metaspace ] GC(1043) Metaspace: 63474K->63474K(1107968K)
[2868.184s][info ][gc           ] GC(1043) Pause Young (Allocation Failure) 658M->423M(852M) 3.956ms
[2868.184s][info ][gc,cpu       ] GC(1043) User=0.01s Sys=0.00s Real=0.00s
[2868.184s][info ][safepoint    ] Leaving safepoint region
[2868.184s][info ][safepoint    ] Total time for which application threads were stopped: 0.0041173 seconds, Stopping threads took: 0.0000173 seconds
[2869.184s][info ][safepoint    ] Application time: 1.0000899 seconds
[2869.185s][info ][safepoint    ] Entering safepoint region: Cleanup
[2869.185s][info ][safepoint    ] Leaving safepoint region
[2869.185s][info ][safepoint    ] Total time for which application threads were stopped: 0.0000915 seconds, Stopping threads took: 0.0000172 seconds
[2870.185s][info ][safepoint    ] Application time: 1.0000829 seconds
[2870.185s][info ][safepoint    ] Entering safepoint region: Cleanup
[2870.185s][info ][safepoint    ] Leaving safepoint region
[2870.185s][info ][safepoint    ] Total time for which application threads were stopped: 0.0000727 seconds, Stopping threads took: 0.0000170 seconds
[2871.185s][info ][safepoint    ] Application time: 1.0000847 seconds
[2871.185s][info ][safepoint    ] Entering safepoint region: Cleanup
[2871.185s][info ][safepoint    ] Leaving safepoint region
[2871.185s][info ][safepoint    ] Total time for which application threads were stopped: 0.0001030 seconds, Stopping threads took: 0.0000426 seconds
[2871.768s][info ][safepoint    ] Application time: 0.5831832 seconds
[2871.768s][info ][safepoint    ] Entering safepoint region: GenCollectForAllocation
[2871.768s][info ][gc,start     ] GC(1044) Pause Young (Allocation Failure)
[2871.768s][info ][gc,task      ] GC(1044) Using 4 workers of 4 for evacuation
[2871.771s][debug][gc,ref       ] GC(1044) Skipped phase1 of Reference Processing due to unavailable references
[2871.771s][debug][gc,ref       ] GC(1044) Skipped phase2 of Reference Processing due to unavailable references
[2871.771s][debug][gc,ref       ] GC(1044) Skipped phase3 of Reference Processing due to unavailable references
[2871.771s][debug][gc,ref       ] GC(1044) Skipped phase4 of Reference Processing due to unavailable references
[2871.771s][debug][gc,age       ] GC(1044) Desired survivor size 15400960 bytes, new threshold 6 (max threshold 6)
[2871.771s][info ][gc,heap      ] GC(1044) ParNew: 242177K->1253K(270976K)
[2871.771s][info ][gc,heap      ] GC(1044) CMS: 432393K->432446K(602112K)
[2871.771s][info ][gc,metaspace ] GC(1044) Metaspace: 63474K->63474K(1107968K)
[2871.771s][info ][gc           ] GC(1044) Pause Young (Allocation Failure) 658M->423M(852M) 3.009ms
[2871.771s][info ][gc,cpu       ] GC(1044) User=0.01s Sys=0.00s Real=0.00s
[2871.771s][info ][safepoint    ] Leaving safepoint region
[2871.771s][info ][safepoint    ] Total time for which application threads were stopped: 0.0031975 seconds, Stopping threads took: 0.0000181 seconds
[2872.772s][info ][safepoint    ] Application time: 1.0000947 seconds
[2872.772s][info ][safepoint    ] Entering safepoint region: Cleanup
[2872.772s][info ][safepoint    ] Leaving safepoint region
[2872.772s][info ][safepoint    ] Total time for which application threads were stopped: 0.0001441 seconds, Stopping threads took: 0.0000595 seconds
[2873.772s][info ][safepoint    ] Application time: 1.0000967 seconds
[2873.772s][info ][safepoint    ] Entering safepoint region: Cleanup
[2873.772s][info ][safepoint    ] Leaving safepoint region
[2873.772s][info ][safepoint    ] Total time for which application threads were stopped: 0.0001258 seconds, Stopping threads took: 0.0000635 seconds
[2874.772s][info ][safepoint    ] Application time: 1.0000896 seconds
[2874.772s][info ][safepoint    ] Entering safepoint region: Cleanup
[2874.772s][info ][safepoint    ] Leaving safepoint region
[2874.772s][info ][safepoint    ] Total time for which application threads were stopped: 0.0001419 seconds, Stopping threads took: 0.0000579 seconds
[2875.326s][info ][safepoint    ] Application time: 0.5532498 seconds
[2875.326s][info ][safepoint    ] Entering safepoint region: GenCollectForAllocation
[2875.326s][info ][gc,start     ] GC(1045) Pause Young (Allocation Failure)
[2875.326s][info ][gc,task      ] GC(1045) Using 4 workers of 4 for evacuation
[2875.328s][debug][gc,ref       ] GC(1045) Skipped phase1 of Reference Processing due to unavailable references
[2875.328s][debug][gc,ref       ] GC(1045) Skipped phase2 of Reference Processing due to unavailable references
[2875.328s][debug][gc,ref       ] GC(1045) Skipped phase3 of Reference Processing due to unavailable references
[2875.328s][debug][gc,ref       ] GC(1045) Skipped phase4 of Reference Processing due to unavailable references
[2875.328s][debug][gc,age       ] GC(1045) Desired survivor size 15400960 bytes, new threshold 6 (max threshold 6)
[2875.328s][info ][gc,heap      ] GC(1045) ParNew: 242149K->1295K(270976K)
[2875.328s][info ][gc,heap      ] GC(1045) CMS: 432446K->432504K(602112K)
[2875.328s][info ][gc,metaspace ] GC(1045) Metaspace: 63475K->63475K(1107968K)
[2875.328s][info ][gc           ] GC(1045) Pause Young (Allocation Failure) 658M->423M(852M) 2.797ms
[2875.328s][info ][gc,cpu       ] GC(1045) User=0.00s Sys=0.00s Real=0.01s
[2875.329s][info ][safepoint    ] Leaving safepoint region
[2875.329s][info ][safepoint    ] Total time for which application threads were stopped: 0.0029559 seconds, Stopping threads took: 0.0000178 seconds
[2876.329s][info ][safepoint    ] Application time: 1.0000919 seconds
[2876.329s][info ][safepoint    ] Entering safepoint region: Cleanup
[2876.329s][info ][safepoint    ] Leaving safepoint region
[2876.329s][info ][safepoint    ] Total time for which application threads were stopped: 0.0001266 seconds, Stopping threads took: 0.0000491 seconds
[2877.329s][info ][safepoint    ] Application time: 1.0000629 seconds
[2877.329s][info ][safepoint    ] Entering safepoint region: Cleanup
[2877.329s][info ][safepoint    ] Leaving safepoint region
[2877.329s][info ][safepoint    ] Total time for which application threads were stopped: 0.0000770 seconds, Stopping threads took: 0.0000183 seconds
[2878.329s][info ][safepoint    ] Application time: 1.0001138 seconds
[2878.329s][info ][safepoint    ] Entering safepoint region: Cleanup
[2878.329s][info ][safepoint    ] Leaving safepoint region
[2878.329s][info ][safepoint    ] Total time for which application threads were stopped: 0.0000762 seconds, Stopping threads took: 0.0000185 seconds
[2878.722s][info ][safepoint    ] Application time: 0.3929852 seconds
[2878.722s][info ][safepoint    ] Entering safepoint region: GenCollectForAllocation
[2878.722s][info ][gc,start     ] GC(1046) Pause Young (Allocation Failure)
[2878.722s][info ][gc,task      ] GC(1046) Using 4 workers of 4 for evacuation
[2878.725s][debug][gc,ref       ] GC(1046) Skipped phase1 of Reference Processing due to unavailable references
[2878.725s][debug][gc,ref       ] GC(1046) Skipped phase2 of Reference Processing due to unavailable references
[2878.725s][debug][gc,ref       ] GC(1046) Skipped phase3 of Reference Processing due to unavailable references
[2878.725s][debug][gc,ref       ] GC(1046) Skipped phase4 of Reference Processing due to unavailable references
[2878.726s][debug][gc,age       ] GC(1046) Desired survivor size 15400960 bytes, new threshold 6 (max threshold 6)
[2878.726s][info ][gc,heap      ] GC(1046) ParNew: 242191K->1382K(270976K)
[2878.726s][info ][gc,heap      ] GC(1046) CMS: 432504K->432648K(602112K)
[2878.726s][info ][gc,metaspace ] GC(1046) Metaspace: 63475K->63475K(1107968K)
[2878.726s][info ][gc           ] GC(1046) Pause Young (Allocation Failure) 658M->423M(852M) 3.161ms
[2878.726s][info ][gc,cpu       ] GC(1046) User=0.01s Sys=0.00s Real=0.00s
[2878.726s][info ][safepoint    ] Leaving safepoint region
[2878.726s][info ][safepoint    ] Total time for which application threads were stopped: 0.0033478 seconds, Stopping threads took: 0.0000213 seconds
[2879.726s][info ][safepoint    ] Application time: 1.0000937 seconds
[2879.726s][info ][safepoint    ] Entering safepoint region: Cleanup
[2879.726s][info ][safepoint    ] Leaving safepoint region
[2879.726s][info ][safepoint    ] Total time for which application threads were stopped: 0.0001453 seconds, Stopping threads took: 0.0000725 seconds
[2880.726s][info ][safepoint    ] Application time: 1.0001173 seconds
[2880.726s][info ][safepoint    ] Entering safepoint region: Cleanup
[2880.726s][info ][safepoint    ] Leaving safepoint region
[2880.726s][info ][safepoint    ] Total time for which application threads were stopped: 0.0002345 seconds, Stopping threads took: 0.0000611 seconds
[2881.726s][info ][safepoint    ] Application time: 1.0001290 seconds
[2881.727s][info ][safepoint    ] Entering safepoint region: Cleanup
[2881.727s][info ][safepoint    ] Leaving safepoint region
[2881.727s][info ][safepoint    ] Total time for which application threads were stopped: 0.0001698 seconds, Stopping threads took: 0.0000701 seconds
[2882.323s][info ][safepoint    ] Application time: 0.5966618 seconds
[2882.323s][info ][safepoint    ] Entering safepoint region: GenCollectForAllocation
[2882.323s][info ][gc,start     ] GC(1047) Pause Young (Allocation Failure)
[2882.323s][info ][gc,task      ] GC(1047) Using 4 workers of 4 for evacuation
[2882.326s][debug][gc,ref       ] GC(1047) Skipped phase1 of Reference Processing due to unavailable references
[2882.326s][debug][gc,ref       ] GC(1047) Skipped phase2 of Reference Processing due to unavailable references
[2882.326s][debug][gc,ref       ] GC(1047) Skipped phase3 of Reference Processing due to unavailable references
[2882.326s][debug][gc,ref       ] GC(1047) Skipped phase4 of Reference Processing due to unavailable references
[2882.326s][debug][gc,age       ] GC(1047) Desired survivor size 15400960 bytes, new threshold 6 (max threshold 6)
[2882.327s][info ][gc,heap      ] GC(1047) ParNew: 242278K->1229K(270976K)
[2882.327s][info ][gc,heap      ] GC(1047) CMS: 432648K->432715K(602112K)
[2882.327s][info ][gc,metaspace ] GC(1047) Metaspace: 63475K->63475K(1107968K)
[2882.327s][info ][gc           ] GC(1047) Pause Young (Allocation Failure) 659M->423M(852M) 3.075ms
[2882.327s][info ][gc,cpu       ] GC(1047) User=0.00s Sys=0.01s Real=0.00s
[2882.327s][info ][safepoint    ] Leaving safepoint region
[2882.327s][info ][safepoint    ] Total time for which application threads were stopped: 0.0032329 seconds, Stopping threads took: 0.0000171 seconds
[2883.327s][info ][safepoint    ] Application time: 1.0001142 seconds
[2883.327s][info ][safepoint    ] Entering safepoint region: Cleanup
[2883.327s][info ][safepoint    ] Leaving safepoint region
[2883.327s][info ][safepoint    ] Total time for which application threads were stopped: 0.0002162 seconds, Stopping threads took: 0.0000802 seconds
[2884.327s][info ][safepoint    ] Application time: 1.0001211 seconds
[2884.327s][info ][safepoint    ] Entering safepoint region: Cleanup
[2884.327s][info ][safepoint    ] Leaving safepoint region
[2884.327s][info ][safepoint    ] Total time for which application threads were stopped: 0.0001490 seconds, Stopping threads took: 0.0000671 seconds
[2885.327s][info ][safepoint    ] Application time: 1.0000841 seconds
[2885.328s][info ][safepoint    ] Entering safepoint region: Cleanup
[2885.328s][info ][safepoint    ] Leaving safepoint region
[2885.328s][info ][safepoint    ] Total time for which application threads were stopped: 0.0001649 seconds, Stopping threads took: 0.0000772 seconds
[2885.876s][info ][safepoint    ] Application time: 0.5479987 seconds
[2885.876s][info ][safepoint    ] Entering safepoint region: GenCollectForAllocation
[2885.876s][info ][gc,start     ] GC(1048) Pause Young (Allocation Failure)
[2885.876s][info ][gc,task      ] GC(1048) Using 4 workers of 4 for evacuation
[2885.879s][debug][gc,ref       ] GC(1048) Skipped phase1 of Reference Processing due to unavailable references
[2885.879s][debug][gc,ref       ] GC(1048) Skipped phase2 of Reference Processing due to unavailable references
[2885.880s][debug][gc,ref       ] GC(1048) Skipped phase3 of Reference Processing due to unavailable references
[2885.880s][debug][gc,ref       ] GC(1048) Skipped phase4 of Reference Processing due to unavailable references
[2885.880s][debug][gc,age       ] GC(1048) Desired survivor size 15400960 bytes, new threshold 6 (max threshold 6)
[2885.880s][info ][gc,heap      ] GC(1048) ParNew: 242125K->1225K(270976K)
[2885.880s][info ][gc,heap      ] GC(1048) CMS: 432715K->432810K(602112K)
[2885.880s][info ][gc,metaspace ] GC(1048) Metaspace: 63475K->63475K(1107968K)
[2885.880s][info ][gc           ] GC(1048) Pause Young (Allocation Failure) 659M->423M(852M) 3.933ms
[2885.880s][info ][gc,cpu       ] GC(1048) User=0.01s Sys=0.01s Real=0.00s
[2885.880s][info ][safepoint    ] Leaving safepoint region
[2885.880s][info ][safepoint    ] Total time for which application threads were stopped: 0.0041085 seconds, Stopping threads took: 0.0000160 seconds
[2886.646s][info ][safepoint    ] Application time: 0.7657409 seconds
[2886.646s][info ][safepoint    ] Entering safepoint region: RevokeBias
[2886.646s][info ][safepoint    ] Leaving safepoint region
[2886.646s][info ][safepoint    ] Total time for which application threads were stopped: 0.0001706 seconds, Stopping threads took: 0.0000242 seconds
[2887.646s][info ][safepoint    ] Application time: 1.0001314 seconds
[2887.646s][info ][safepoint    ] Entering safepoint region: Cleanup
[2887.646s][info ][safepoint    ] Leaving safepoint region
[2887.646s][info ][safepoint    ] Total time for which application threads were stopped: 0.0000740 seconds, Stopping threads took: 0.0000177 seconds
[2888.646s][info ][safepoint    ] Application time: 1.0001470 seconds
[2888.646s][info ][safepoint    ] Entering safepoint region: Cleanup
[2888.646s][info ][safepoint    ] Leaving safepoint region
[2888.646s][info ][safepoint    ] Total time for which application threads were stopped: 0.0000785 seconds, Stopping threads took: 0.0000192 seconds
[2889.527s][info ][safepoint    ] Application time: 0.8811455 seconds
[2889.528s][info ][safepoint    ] Entering safepoint region: GenCollectForAllocation
[2889.528s][info ][gc,start     ] GC(1049) Pause Young (Allocation Failure)
[2889.528s][info ][gc,task      ] GC(1049) Using 4 workers of 4 for evacuation
[2889.530s][debug][gc,ref       ] GC(1049) Skipped phase1 of Reference Processing due to unavailable references
[2889.530s][debug][gc,ref       ] GC(1049) Skipped phase2 of Reference Processing due to unavailable references
[2889.530s][debug][gc,ref       ] GC(1049) Skipped phase3 of Reference Processing due to unavailable references
[2889.530s][debug][gc,ref       ] GC(1049) Skipped phase4 of Reference Processing due to unavailable references
[2889.530s][debug][gc,age       ] GC(1049) Desired survivor size 15400960 bytes, new threshold 6 (max threshold 6)
[2889.530s][info ][gc,heap      ] GC(1049) ParNew: 242121K->1441K(270976K)
[2889.530s][info ][gc,heap      ] GC(1049) CMS: 432810K->432917K(602112K)
[2889.530s][info ][gc,metaspace ] GC(1049) Metaspace: 63475K->63475K(1107968K)
[2889.530s][info ][gc           ] GC(1049) Pause Young (Allocation Failure) 659M->424M(852M) 2.655ms
[2889.530s][info ][gc,cpu       ] GC(1049) User=0.01s Sys=0.00s Real=0.01s
[2889.530s][info ][safepoint    ] Leaving safepoint region
[2889.530s][info ][safepoint    ] Total time for which application threads were stopped: 0.0028238 seconds, Stopping threads took: 0.0000300 seconds
[2890.530s][info ][safepoint    ] Application time: 1.0000945 seconds
[2890.530s][info ][safepoint    ] Entering safepoint region: Cleanup
[2890.531s][info ][safepoint    ] Leaving safepoint region
[2890.531s][info ][safepoint    ] Total time for which application threads were stopped: 0.0000710 seconds, Stopping threads took: 0.0000176 seconds
[2891.531s][info ][safepoint    ] Application time: 1.0000788 seconds
[2891.531s][info ][safepoint    ] Entering safepoint region: Cleanup
[2891.531s][info ][safepoint    ] Leaving safepoint region
[2891.531s][info ][safepoint    ] Total time for which application threads were stopped: 0.0000856 seconds, Stopping threads took: 0.0000162 seconds
[2892.531s][info ][safepoint    ] Application time: 1.0000917 seconds
[2892.531s][info ][safepoint    ] Entering safepoint region: Cleanup
[2892.531s][info ][safepoint    ] Leaving safepoint region
[2892.531s][info ][safepoint    ] Total time for which application threads were stopped: 0.0000700 seconds, Stopping threads took: 0.0000174 seconds
[2893.017s][info ][safepoint    ] Application time: 0.4862379 seconds
[2893.017s][info ][safepoint    ] Entering safepoint region: GenCollectForAllocation
[2893.017s][info ][gc,start     ] GC(1050) Pause Young (Allocation Failure)
[2893.017s][info ][gc,task      ] GC(1050) Using 4 workers of 4 for evacuation
[2893.020s][debug][gc,ref       ] GC(1050) Skipped phase1 of Reference Processing due to unavailable references
[2893.020s][debug][gc,ref       ] GC(1050) Skipped phase2 of Reference Processing due to unavailable references
[2893.020s][debug][gc,ref       ] GC(1050) Skipped phase3 of Reference Processing due to unavailable references
[2893.020s][debug][gc,ref       ] GC(1050) Skipped phase4 of Reference Processing due to unavailable references
[2893.020s][debug][gc,age       ] GC(1050) Desired survivor size 15400960 bytes, new threshold 6 (max threshold 6)
[2893.020s][info ][gc,heap      ] GC(1050) ParNew: 242337K->1054K(270976K)
[2893.020s][info ][gc,heap      ] GC(1050) CMS: 432917K->432974K(602112K)
[2893.020s][info ][gc,metaspace ] GC(1050) Metaspace: 63475K->63475K(1107968K)
[2893.020s][info ][gc           ] GC(1050) Pause Young (Allocation Failure) 659M->423M(852M) 2.657ms
[2893.020s][info ][gc,cpu       ] GC(1050) User=0.01s Sys=0.00s Real=0.00s
[2893.020s][info ][safepoint    ] Leaving safepoint region
[2893.020s][info ][safepoint    ] Total time for which application threads were stopped: 0.0028426 seconds, Stopping threads took: 0.0000181 seconds
[2893.068s][info ][safepoint    ] Application time: 0.0476249 seconds
[2893.068s][info ][safepoint    ] Entering safepoint region: RevokeBias
[2893.068s][info ][safepoint    ] Leaving safepoint region
[2893.068s][info ][safepoint    ] Total time for which application threads were stopped: 0.0002318 seconds, Stopping threads took: 0.0001159 seconds
[2894.068s][info ][safepoint    ] Application time: 1.0001358 seconds
[2894.068s][info ][safepoint    ] Entering safepoint region: Cleanup
[2894.068s][info ][safepoint    ] Leaving safepoint region
[2894.068s][info ][safepoint    ] Total time for which application threads were stopped: 0.0001257 seconds, Stopping threads took: 0.0000676 seconds
[2895.068s][info ][safepoint    ] Application time: 1.0001080 seconds
[2895.068s][info ][safepoint    ] Entering safepoint region: Cleanup
[2895.069s][info ][safepoint    ] Leaving safepoint region
[2895.069s][info ][safepoint    ] Total time for which application threads were stopped: 0.0001389 seconds, Stopping threads took: 0.0000474 seconds
[2896.069s][info ][safepoint    ] Application time: 1.0001276 seconds
[2896.069s][info ][safepoint    ] Entering safepoint region: Cleanup
[2896.069s][info ][safepoint    ] Leaving safepoint region
[2896.069s][info ][safepoint    ] Total time for which application threads were stopped: 0.0001235 seconds, Stopping threads took: 0.0000593 seconds
[2896.420s][info ][safepoint    ] Application time: 0.3512253 seconds
[2896.420s][info ][safepoint    ] Entering safepoint region: GenCollectForAllocation
[2896.420s][info ][gc,start     ] GC(1051) Pause Young (Allocation Failure)
[2896.420s][info ][gc,task      ] GC(1051) Using 4 workers of 4 for evacuation
[2896.423s][debug][gc,ref       ] GC(1051) Skipped phase1 of Reference Processing due to unavailable references
[2896.423s][debug][gc,ref       ] GC(1051) Skipped phase2 of Reference Processing due to unavailable references
[2896.423s][debug][gc,ref       ] GC(1051) Skipped phase3 of Reference Processing due to unavailable references
[2896.423s][debug][gc,ref       ] GC(1051) Skipped phase4 of Reference Processing due to unavailable references
[2896.423s][debug][gc,age       ] GC(1051) Desired survivor size 15400960 bytes, new threshold 6 (max threshold 6)
[2896.423s][info ][gc,heap      ] GC(1051) ParNew: 241950K->1047K(270976K)
[2896.423s][info ][gc,heap      ] GC(1051) CMS: 432974K->433059K(602112K)
[2896.423s][info ][gc,metaspace ] GC(1051) Metaspace: 63475K->63475K(1107968K)
[2896.423s][info ][gc           ] GC(1051) Pause Young (Allocation Failure) 659M->423M(852M) 2.585ms
[2896.423s][info ][gc,cpu       ] GC(1051) User=0.00s Sys=0.00s Real=0.00s
[2896.423s][info ][safepoint    ] Leaving safepoint region
[2896.423s][info ][safepoint    ] Total time for which application threads were stopped: 0.0027586 seconds, Stopping threads took: 0.0000309 seconds
[2897.423s][info ][safepoint    ] Application time: 1.0001233 seconds
[2897.423s][info ][safepoint    ] Entering safepoint region: Cleanup
[2897.423s][info ][safepoint    ] Leaving safepoint region
[2897.423s][info ][safepoint    ] Total time for which application threads were stopped: 0.0001245 seconds, Stopping threads took: 0.0000593 seconds
[2898.423s][info ][safepoint    ] Application time: 1.0000495 seconds
[2898.423s][info ][safepoint    ] Entering safepoint region: Cleanup
[2898.423s][info ][safepoint    ] Leaving safepoint region
[2898.423s][info ][safepoint    ] Total time for which application threads were stopped: 0.0001513 seconds, Stopping threads took: 0.0000928 seconds
[2899.424s][info ][safepoint    ] Application time: 1.0001052 seconds
[2899.424s][info ][safepoint    ] Entering safepoint region: Cleanup
[2899.424s][info ][safepoint    ] Leaving safepoint region
[2899.424s][info ][safepoint    ] Total time for which application threads were stopped: 0.0002245 seconds, Stopping threads took: 0.0000631 seconds
[2899.877s][info ][safepoint    ] Application time: 0.4528196 seconds
[2899.877s][info ][safepoint    ] Entering safepoint region: GenCollectForAllocation
[2899.877s][info ][gc,start     ] GC(1052) Pause Young (Allocation Failure)
[2899.877s][info ][gc,task      ] GC(1052) Using 4 workers of 4 for evacuation
[2899.880s][debug][gc,ref       ] GC(1052) Skipped phase1 of Reference Processing due to unavailable references
[2899.880s][debug][gc,ref       ] GC(1052) Skipped phase2 of Reference Processing due to unavailable references
[2899.880s][debug][gc,ref       ] GC(1052) Skipped phase3 of Reference Processing due to unavailable references
[2899.880s][debug][gc,ref       ] GC(1052) Skipped phase4 of Reference Processing due to unavailable references
[2899.880s][debug][gc,age       ] GC(1052) Desired survivor size 15400960 bytes, new threshold 6 (max threshold 6)
[2899.880s][info ][gc,heap      ] GC(1052) ParNew: 241943K->1350K(270976K)
[2899.880s][info ][gc,heap      ] GC(1052) CMS: 433059K->433149K(602112K)
[2899.880s][info ][gc,metaspace ] GC(1052) Metaspace: 63475K->63475K(1107968K)
[2899.880s][info ][gc           ] GC(1052) Pause Young (Allocation Failure) 659M->424M(852M) 3.102ms
[2899.880s][info ][gc,cpu       ] GC(1052) User=0.01s Sys=0.00s Real=0.00s
[2899.880s][info ][safepoint    ] Leaving safepoint region
[2899.880s][info ][safepoint    ] Total time for which application threads were stopped: 0.0032823 seconds, Stopping threads took: 0.0000162 seconds
[2900.880s][info ][safepoint    ] Application time: 1.0001301 seconds
[2900.880s][info ][safepoint    ] Entering safepoint region: Cleanup
[2900.880s][info ][safepoint    ] Leaving safepoint region
[2900.880s][info ][safepoint    ] Total time for which application threads were stopped: 0.0000948 seconds, Stopping threads took: 0.0000173 seconds
[2901.880s][info ][safepoint    ] Application time: 1.0000869 seconds
[2901.880s][info ][safepoint    ] Entering safepoint region: Cleanup
[2901.880s][info ][safepoint    ] Leaving safepoint region
[2901.880s][info ][safepoint    ] Total time for which application threads were stopped: 0.0001041 seconds, Stopping threads took: 0.0000512 seconds
[2902.881s][info ][safepoint    ] Application time: 1.0001252 seconds
[2902.881s][info ][safepoint    ] Entering safepoint region: Cleanup
[2902.881s][info ][safepoint    ] Leaving safepoint region
[2902.881s][info ][safepoint    ] Total time for which application threads were stopped: 0.0001396 seconds, Stopping threads took: 0.0000491 seconds
[2903.319s][info ][safepoint    ] Application time: 0.4382712 seconds
[2903.319s][info ][safepoint    ] Entering safepoint region: GenCollectForAllocation
[2903.319s][info ][gc,start     ] GC(1053) Pause Young (Allocation Failure)
[2903.319s][info ][gc,task      ] GC(1053) Using 4 workers of 4 for evacuation
[2903.323s][debug][gc,ref       ] GC(1053) Skipped phase1 of Reference Processing due to unavailable references
[2903.323s][debug][gc,ref       ] GC(1053) Skipped phase2 of Reference Processing due to unavailable references
[2903.323s][debug][gc,ref       ] GC(1053) Skipped phase3 of Reference Processing due to unavailable references
[2903.323s][debug][gc,ref       ] GC(1053) Skipped phase4 of Reference Processing due to unavailable references
[2903.323s][debug][gc,age       ] GC(1053) Desired survivor size 15400960 bytes, new threshold 6 (max threshold 6)
[2903.323s][info ][gc,heap      ] GC(1053) ParNew: 242246K->1258K(270976K)
[2903.323s][info ][gc,heap      ] GC(1053) CMS: 433149K->433167K(602112K)
[2903.323s][info ][gc,metaspace ] GC(1053) Metaspace: 63475K->63475K(1107968K)
[2903.323s][info ][gc           ] GC(1053) Pause Young (Allocation Failure) 659M->424M(852M) 3.597ms
[2903.323s][info ][gc,cpu       ] GC(1053) User=0.01s Sys=0.00s Real=0.01s
[2903.323s][info ][safepoint    ] Leaving safepoint region
[2903.323s][info ][safepoint    ] Total time for which application threads were stopped: 0.0038444 seconds, Stopping threads took: 0.0000616 seconds
[2904.323s][info ][safepoint    ] Application time: 1.0001230 seconds
[2904.323s][info ][safepoint    ] Entering safepoint region: Cleanup
[2904.323s][info ][safepoint    ] Leaving safepoint region
[2904.323s][info ][safepoint    ] Total time for which application threads were stopped: 0.0001204 seconds, Stopping threads took: 0.0000443 seconds
[2905.323s][info ][safepoint    ] Application time: 1.0000952 seconds
[2905.323s][info ][safepoint    ] Entering safepoint region: Cleanup
[2905.323s][info ][safepoint    ] Leaving safepoint region
[2905.323s][info ][safepoint    ] Total time for which application threads were stopped: 0.0001162 seconds, Stopping threads took: 0.0000456 seconds
[2906.324s][info ][safepoint    ] Application time: 1.0000850 seconds
[2906.324s][info ][safepoint    ] Entering safepoint region: Cleanup
[2906.324s][info ][safepoint    ] Leaving safepoint region
[2906.324s][info ][safepoint    ] Total time for which application threads were stopped: 0.0001333 seconds, Stopping threads took: 0.0000590 seconds
[2906.924s][info ][safepoint    ] Application time: 0.5997872 seconds
[2906.924s][info ][safepoint    ] Entering safepoint region: GenCollectForAllocation
[2906.924s][info ][gc,start     ] GC(1054) Pause Young (Allocation Failure)
[2906.924s][info ][gc,task      ] GC(1054) Using 4 workers of 4 for evacuation
[2906.926s][debug][gc,ref       ] GC(1054) Skipped phase1 of Reference Processing due to unavailable references
[2906.926s][debug][gc,ref       ] GC(1054) Skipped phase2 of Reference Processing due to unavailable references
[2906.926s][debug][gc,ref       ] GC(1054) Skipped phase3 of Reference Processing due to unavailable references
[2906.926s][debug][gc,ref       ] GC(1054) Skipped phase4 of Reference Processing due to unavailable references
[2906.926s][debug][gc,age       ] GC(1054) Desired survivor size 15400960 bytes, new threshold 6 (max threshold 6)
[2906.926s][info ][gc,heap      ] GC(1054) ParNew: 242154K->1289K(270976K)
[2906.926s][info ][gc,heap      ] GC(1054) CMS: 433167K->433197K(602112K)
[2906.926s][info ][gc,metaspace ] GC(1054) Metaspace: 63475K->63475K(1107968K)
[2906.926s][info ][gc           ] GC(1054) Pause Young (Allocation Failure) 659M->424M(852M) 2.769ms
[2906.927s][info ][gc,cpu       ] GC(1054) User=0.01s Sys=0.00s Real=0.00s
[2906.927s][info ][safepoint    ] Leaving safepoint region
[2906.927s][info ][safepoint    ] Total time for which application threads were stopped: 0.0029520 seconds, Stopping threads took: 0.0000334 seconds
[2907.927s][info ][safepoint    ] Application time: 1.0001052 seconds
[2907.927s][info ][safepoint    ] Entering safepoint region: Cleanup
[2907.927s][info ][safepoint    ] Leaving safepoint region
[2907.927s][info ][safepoint    ] Total time for which application threads were stopped: 0.0001223 seconds, Stopping threads took: 0.0000463 seconds
[2908.927s][info ][safepoint    ] Application time: 1.0000958 seconds
[2908.927s][info ][safepoint    ] Entering safepoint region: Cleanup
[2908.927s][info ][safepoint    ] Leaving safepoint region
[2908.927s][info ][safepoint    ] Total time for which application threads were stopped: 0.0001100 seconds, Stopping threads took: 0.0000444 seconds
[2909.927s][info ][safepoint    ] Application time: 1.0000879 seconds
[2909.927s][info ][safepoint    ] Entering safepoint region: Cleanup
[2909.927s][info ][safepoint    ] Leaving safepoint region
[2909.927s][info ][safepoint    ] Total time for which application threads were stopped: 0.0001298 seconds, Stopping threads took: 0.0000538 seconds
[2910.327s][info ][safepoint    ] Application time: 0.4000533 seconds
[2910.327s][info ][safepoint    ] Entering safepoint region: GenCollectForAllocation
[2910.328s][info ][gc,start     ] GC(1055) Pause Young (Allocation Failure)
[2910.328s][info ][gc,task      ] GC(1055) Using 4 workers of 4 for evacuation
[2910.330s][debug][gc,ref       ] GC(1055) Skipped phase1 of Reference Processing due to unavailable references
[2910.330s][debug][gc,ref       ] GC(1055) Skipped phase2 of Reference Processing due to unavailable references
[2910.330s][debug][gc,ref       ] GC(1055) Skipped phase3 of Reference Processing due to unavailable references
[2910.330s][debug][gc,ref       ] GC(1055) Skipped phase4 of Reference Processing due to unavailable references
[2910.330s][debug][gc,age       ] GC(1055) Desired survivor size 15400960 bytes, new threshold 6 (max threshold 6)
[2910.330s][info ][gc,heap      ] GC(1055) ParNew: 242185K->1375K(270976K)
[2910.330s][info ][gc,heap      ] GC(1055) CMS: 433197K->433229K(602112K)
[2910.330s][info ][gc,metaspace ] GC(1055) Metaspace: 63475K->63475K(1107968K)
[2910.330s][info ][gc           ] GC(1055) Pause Young (Allocation Failure) 659M->424M(852M) 2.803ms
[2910.330s][info ][gc,cpu       ] GC(1055) User=0.01s Sys=0.00s Real=0.01s
[2910.330s][info ][safepoint    ] Leaving safepoint region
[2910.330s][info ][safepoint    ] Total time for which application threads were stopped: 0.0029608 seconds, Stopping threads took: 0.0000176 seconds
[2911.330s][info ][safepoint    ] Application time: 1.0000731 seconds
[2911.330s][info ][safepoint    ] Entering safepoint region: Cleanup
[2911.331s][info ][safepoint    ] Leaving safepoint region
[2911.331s][info ][safepoint    ] Total time for which application threads were stopped: 0.0000876 seconds, Stopping threads took: 0.0000167 seconds
[2912.331s][info ][safepoint    ] Application time: 1.0000919 seconds
[2912.331s][info ][safepoint    ] Entering safepoint region: Cleanup
[2912.331s][info ][safepoint    ] Leaving safepoint region
[2912.331s][info ][safepoint    ] Total time for which application threads were stopped: 0.0000659 seconds, Stopping threads took: 0.0000167 seconds
[2913.331s][info ][safepoint    ] Application time: 1.0000999 seconds
[2913.331s][info ][safepoint    ] Entering safepoint region: Cleanup
[2913.331s][info ][safepoint    ] Leaving safepoint region
[2913.331s][info ][safepoint    ] Total time for which application threads were stopped: 0.0001154 seconds, Stopping threads took: 0.0000290 seconds
[2913.819s][info ][safepoint    ] Application time: 0.4881943 seconds
[2913.819s][info ][safepoint    ] Entering safepoint region: GenCollectForAllocation
[2913.819s][info ][gc,start     ] GC(1056) Pause Young (Allocation Failure)
[2913.819s][info ][gc,task      ] GC(1056) Using 4 workers of 4 for evacuation
[2913.822s][debug][gc,ref       ] GC(1056) Skipped phase1 of Reference Processing due to unavailable references
[2913.822s][debug][gc,ref       ] GC(1056) Skipped phase2 of Reference Processing due to unavailable references
[2913.822s][debug][gc,ref       ] GC(1056) Skipped phase3 of Reference Processing due to unavailable references
[2913.822s][debug][gc,ref       ] GC(1056) Skipped phase4 of Reference Processing due to unavailable references
[2913.822s][debug][gc,age       ] GC(1056) Desired survivor size 15400960 bytes, new threshold 6 (max threshold 6)
[2913.822s][info ][gc,heap      ] GC(1056) ParNew: 242271K->1470K(270976K)
[2913.822s][info ][gc,heap      ] GC(1056) CMS: 433229K->433364K(602112K)
[2913.822s][info ][gc,metaspace ] GC(1056) Metaspace: 63476K->63476K(1107968K)
[2913.822s][info ][gc           ] GC(1056) Pause Young (Allocation Failure) 659M->424M(852M) 2.882ms
[2913.822s][info ][gc,cpu       ] GC(1056) User=0.01s Sys=0.00s Real=0.01s
[2913.822s][info ][safepoint    ] Leaving safepoint region
[2913.822s][info ][safepoint    ] Total time for which application threads were stopped: 0.0030547 seconds, Stopping threads took: 0.0000172 seconds
[2914.822s][info ][safepoint    ] Application time: 1.0000718 seconds
[2914.822s][info ][safepoint    ] Entering safepoint region: Cleanup
[2914.823s][info ][safepoint    ] Leaving safepoint region
[2914.823s][info ][safepoint    ] Total time for which application threads were stopped: 0.0001196 seconds, Stopping threads took: 0.0000489 seconds
[2915.823s][info ][safepoint    ] Application time: 1.0001251 seconds
[2915.823s][info ][safepoint    ] Entering safepoint region: Cleanup
[2915.823s][info ][safepoint    ] Leaving safepoint region
[2915.823s][info ][safepoint    ] Total time for which application threads were stopped: 0.0001966 seconds, Stopping threads took: 0.0000596 seconds
[2916.823s][info ][safepoint    ] Application time: 1.0001234 seconds
[2916.823s][info ][safepoint    ] Entering safepoint region: Cleanup
[2916.823s][info ][safepoint    ] Leaving safepoint region
[2916.823s][info ][safepoint    ] Total time for which application threads were stopped: 0.0001446 seconds, Stopping threads took: 0.0000881 seconds
[2917.271s][info ][safepoint    ] Application time: 0.4477901 seconds
[2917.271s][info ][safepoint    ] Entering safepoint region: GenCollectForAllocation
[2917.271s][info ][gc,start     ] GC(1057) Pause Young (Allocation Failure)
[2917.271s][info ][gc,task      ] GC(1057) Using 4 workers of 4 for evacuation
[2917.274s][debug][gc,ref       ] GC(1057) Skipped phase1 of Reference Processing due to unavailable references
[2917.274s][debug][gc,ref       ] GC(1057) Skipped phase2 of Reference Processing due to unavailable references
[2917.274s][debug][gc,ref       ] GC(1057) Skipped phase3 of Reference Processing due to unavailable references
[2917.274s][debug][gc,ref       ] GC(1057) Skipped phase4 of Reference Processing due to unavailable references
[2917.275s][debug][gc,age       ] GC(1057) Desired survivor size 15400960 bytes, new threshold 6 (max threshold 6)
[2917.275s][info ][gc,heap      ] GC(1057) ParNew: 242366K->1322K(270976K)
[2917.275s][info ][gc,heap      ] GC(1057) CMS: 433364K->433530K(602112K)
[2917.275s][info ][gc,metaspace ] GC(1057) Metaspace: 63476K->63476K(1107968K)
[2917.275s][info ][gc           ] GC(1057) Pause Young (Allocation Failure) 659M->424M(852M) 3.388ms
[2917.275s][info ][gc,cpu       ] GC(1057) User=0.01s Sys=0.00s Real=0.00s
[2917.275s][info ][safepoint    ] Leaving safepoint region
[2917.275s][info ][safepoint    ] Total time for which application threads were stopped: 0.0035710 seconds, Stopping threads took: 0.0000160 seconds
[2918.275s][info ][safepoint    ] Application time: 1.0001234 seconds
[2918.275s][info ][safepoint    ] Entering safepoint region: Cleanup
[2918.275s][info ][safepoint    ] Leaving safepoint region
[2918.275s][info ][safepoint    ] Total time for which application threads were stopped: 0.0002112 seconds, Stopping threads took: 0.0000799 seconds
[2919.275s][info ][safepoint    ] Application time: 1.0001289 seconds
[2919.275s][info ][safepoint    ] Entering safepoint region: Cleanup
[2919.275s][info ][safepoint    ] Leaving safepoint region
[2919.275s][info ][safepoint    ] Total time for which application threads were stopped: 0.0001158 seconds, Stopping threads took: 0.0000437 seconds
[2920.277s][info ][safepoint    ] Application time: 1.0011448 seconds
[2920.277s][info ][safepoint    ] Entering safepoint region: Cleanup
[2920.277s][info ][safepoint    ] Leaving safepoint region
[2920.277s][info ][safepoint    ] Total time for which application threads were stopped: 0.0001605 seconds, Stopping threads took: 0.0000566 seconds
[2920.576s][info ][safepoint    ] Application time: 0.2991521 seconds
[2920.576s][info ][safepoint    ] Entering safepoint region: GenCollectForAllocation
[2920.576s][info ][gc,start     ] GC(1058) Pause Young (Allocation Failure)
[2920.576s][info ][gc,task      ] GC(1058) Using 4 workers of 4 for evacuation
[2920.579s][debug][gc,ref       ] GC(1058) Skipped phase1 of Reference Processing due to unavailable references
[2920.579s][debug][gc,ref       ] GC(1058) Skipped phase2 of Reference Processing due to unavailable references
[2920.579s][debug][gc,ref       ] GC(1058) Skipped phase3 of Reference Processing due to unavailable references
[2920.579s][debug][gc,ref       ] GC(1058) Skipped phase4 of Reference Processing due to unavailable references
[2920.580s][debug][gc,age       ] GC(1058) Desired survivor size 15400960 bytes, new threshold 6 (max threshold 6)
[2920.580s][info ][gc,heap      ] GC(1058) ParNew: 242218K->1212K(270976K)
[2920.580s][info ][gc,heap      ] GC(1058) CMS: 433530K->433633K(602112K)
[2920.580s][info ][gc,metaspace ] GC(1058) Metaspace: 63477K->63477K(1107968K)
[2920.580s][info ][gc           ] GC(1058) Pause Young (Allocation Failure) 659M->424M(852M) 3.665ms
[2920.580s][info ][gc,cpu       ] GC(1058) User=0.00s Sys=0.00s Real=0.00s
[2920.580s][info ][safepoint    ] Leaving safepoint region
[2920.580s][info ][safepoint    ] Total time for which application threads were stopped: 0.0038378 seconds, Stopping threads took: 0.0000161 seconds
[2921.580s][info ][safepoint    ] Application time: 1.0001295 seconds
[2921.580s][info ][safepoint    ] Entering safepoint region: Cleanup
[2921.580s][info ][safepoint    ] Leaving safepoint region
[2921.580s][info ][safepoint    ] Total time for which application threads were stopped: 0.0000744 seconds, Stopping threads took: 0.0000163 seconds
[2922.580s][info ][safepoint    ] Application time: 1.0000757 seconds
[2922.580s][info ][safepoint    ] Entering safepoint region: Cleanup
[2922.580s][info ][safepoint    ] Leaving safepoint region
[2922.580s][info ][safepoint    ] Total time for which application threads were stopped: 0.0000982 seconds, Stopping threads took: 0.0000159 seconds
[2923.580s][info ][safepoint    ] Application time: 1.0000885 seconds
[2923.580s][info ][safepoint    ] Entering safepoint region: Cleanup
[2923.580s][info ][safepoint    ] Leaving safepoint region
[2923.580s][info ][safepoint    ] Total time for which application threads were stopped: 0.0000876 seconds, Stopping threads took: 0.0000345 seconds
[2923.798s][info ][safepoint    ] Application time: 0.2179416 seconds
[2923.798s][info ][safepoint    ] Entering safepoint region: GenCollectForAllocation
[2923.799s][info ][gc,start     ] GC(1059) Pause Young (Allocation Failure)
[2923.799s][info ][gc,task      ] GC(1059) Using 4 workers of 4 for evacuation
[2923.801s][debug][gc,ref       ] GC(1059) Skipped phase1 of Reference Processing due to unavailable references
[2923.801s][debug][gc,ref       ] GC(1059) Skipped phase2 of Reference Processing due to unavailable references
[2923.801s][debug][gc,ref       ] GC(1059) Skipped phase3 of Reference Processing due to unavailable references
[2923.801s][debug][gc,ref       ] GC(1059) Skipped phase4 of Reference Processing due to unavailable references
[2923.801s][debug][gc,age       ] GC(1059) Desired survivor size 15400960 bytes, new threshold 6 (max threshold 6)
[2923.801s][info ][gc,heap      ] GC(1059) ParNew: 242108K->1322K(270976K)
[2923.801s][info ][gc,heap      ] GC(1059) CMS: 433633K->433699K(602112K)
[2923.801s][info ][gc,metaspace ] GC(1059) Metaspace: 63477K->63477K(1107968K)
[2923.801s][info ][gc           ] GC(1059) Pause Young (Allocation Failure) 659M->424M(852M) 2.840ms
[2923.801s][info ][gc,cpu       ] GC(1059) User=0.01s Sys=0.00s Real=0.01s
[2923.801s][info ][safepoint    ] Leaving safepoint region
[2923.801s][info ][safepoint    ] Total time for which application threads were stopped: 0.0029896 seconds, Stopping threads took: 0.0000148 seconds
[2924.802s][info ][safepoint    ] Application time: 1.0001044 seconds
[2924.802s][info ][safepoint    ] Entering safepoint region: Cleanup
[2924.802s][info ][safepoint    ] Leaving safepoint region
[2924.802s][info ][safepoint    ] Total time for which application threads were stopped: 0.0000785 seconds, Stopping threads took: 0.0000178 seconds
[2925.802s][info ][safepoint    ] Application time: 1.0000984 seconds
[2925.802s][info ][safepoint    ] Entering safepoint region: Cleanup
[2925.802s][info ][safepoint    ] Leaving safepoint region
[2925.802s][info ][safepoint    ] Total time for which application threads were stopped: 0.0000875 seconds, Stopping threads took: 0.0000167 seconds
[2926.802s][info ][safepoint    ] Application time: 1.0001727 seconds
[2926.802s][info ][safepoint    ] Entering safepoint region: Cleanup
[2926.802s][info ][safepoint    ] Leaving safepoint region
[2926.802s][info ][safepoint    ] Total time for which application threads were stopped: 0.0000686 seconds, Stopping threads took: 0.0000170 seconds
[2926.969s][info ][safepoint    ] Application time: 0.1666843 seconds
[2926.969s][info ][safepoint    ] Entering safepoint region: GenCollectForAllocation
[2926.969s][info ][gc,start     ] GC(1060) Pause Young (Allocation Failure)
[2926.969s][info ][gc,task      ] GC(1060) Using 4 workers of 4 for evacuation
[2926.972s][debug][gc,ref       ] GC(1060) Skipped phase1 of Reference Processing due to unavailable references
[2926.972s][debug][gc,ref       ] GC(1060) Skipped phase2 of Reference Processing due to unavailable references
[2926.972s][debug][gc,ref       ] GC(1060) Skipped phase3 of Reference Processing due to unavailable references
[2926.972s][debug][gc,ref       ] GC(1060) Skipped phase4 of Reference Processing due to unavailable references
[2926.972s][debug][gc,age       ] GC(1060) Desired survivor size 15400960 bytes, new threshold 6 (max threshold 6)
[2926.972s][info ][gc,heap      ] GC(1060) ParNew: 242218K->1424K(270976K)
[2926.972s][info ][gc,heap      ] GC(1060) CMS: 433699K->433767K(602112K)
[2926.972s][info ][gc,metaspace ] GC(1060) Metaspace: 63477K->63477K(1107968K)
[2926.972s][info ][gc           ] GC(1060) Pause Young (Allocation Failure) 660M->424M(852M) 3.078ms
[2926.972s][info ][gc,cpu       ] GC(1060) User=0.01s Sys=0.00s Real=0.00s
[2926.972s][info ][safepoint    ] Leaving safepoint region
[2926.972s][info ][safepoint    ] Total time for which application threads were stopped: 0.0032431 seconds, Stopping threads took: 0.0000162 seconds
[2927.972s][info ][safepoint    ] Application time: 1.0000920 seconds
[2927.972s][info ][safepoint    ] Entering safepoint region: Cleanup
[2927.972s][info ][safepoint    ] Leaving safepoint region
[2927.972s][info ][safepoint    ] Total time for which application threads were stopped: 0.0001145 seconds, Stopping threads took: 0.0000544 seconds
[2928.973s][info ][safepoint    ] Application time: 1.0003340 seconds
[2928.973s][info ][safepoint    ] Entering safepoint region: Cleanup
[2928.973s][info ][safepoint    ] Leaving safepoint region
[2928.973s][info ][safepoint    ] Total time for which application threads were stopped: 0.0000990 seconds, Stopping threads took: 0.0000396 seconds
[2929.973s][info ][safepoint    ] Application time: 1.0001477 seconds
[2929.973s][info ][safepoint    ] Entering safepoint region: Cleanup
[2929.973s][info ][safepoint    ] Leaving safepoint region
[2929.973s][info ][safepoint    ] Total time for which application threads were stopped: 0.0002059 seconds, Stopping threads took: 0.0000724 seconds
[2930.076s][info ][safepoint    ] Application time: 0.1029474 seconds
[2930.076s][info ][safepoint    ] Entering safepoint region: GenCollectForAllocation
[2930.076s][info ][gc,start     ] GC(1061) Pause Young (Allocation Failure)
[2930.076s][info ][gc,task      ] GC(1061) Using 4 workers of 4 for evacuation
[2930.079s][debug][gc,ref       ] GC(1061) Skipped phase1 of Reference Processing due to unavailable references
[2930.079s][debug][gc,ref       ] GC(1061) Skipped phase2 of Reference Processing due to unavailable references
[2930.079s][debug][gc,ref       ] GC(1061) Skipped phase3 of Reference Processing due to unavailable references
[2930.079s][debug][gc,ref       ] GC(1061) Skipped phase4 of Reference Processing due to unavailable references
[2930.080s][debug][gc,age       ] GC(1061) Desired survivor size 15400960 bytes, new threshold 6 (max threshold 6)
[2930.080s][info ][gc,heap      ] GC(1061) ParNew: 242320K->1426K(270976K)
[2930.080s][info ][gc,heap      ] GC(1061) CMS: 433767K->433883K(602112K)
[2930.080s][info ][gc,metaspace ] GC(1061) Metaspace: 63477K->63477K(1107968K)
[2930.080s][info ][gc           ] GC(1061) Pause Young (Allocation Failure) 660M->425M(852M) 3.219ms
[2930.080s][info ][gc,cpu       ] GC(1061) User=0.01s Sys=0.01s Real=0.00s
[2930.080s][info ][safepoint    ] Leaving safepoint region
[2930.080s][info ][safepoint    ] Total time for which application threads were stopped: 0.0033831 seconds, Stopping threads took: 0.0000305 seconds
[2931.080s][info ][safepoint    ] Application time: 1.0000828 seconds
[2931.080s][info ][safepoint    ] Entering safepoint region: Cleanup
[2931.080s][info ][safepoint    ] Leaving safepoint region
[2931.080s][info ][safepoint    ] Total time for which application threads were stopped: 0.0000996 seconds, Stopping threads took: 0.0000367 seconds
[2932.080s][info ][safepoint    ] Application time: 1.0000906 seconds
[2932.080s][info ][safepoint    ] Entering safepoint region: Cleanup
[2932.080s][info ][safepoint    ] Leaving safepoint region
[2932.080s][info ][safepoint    ] Total time for which application threads were stopped: 0.0000867 seconds, Stopping threads took: 0.0000362 seconds
[2933.080s][info ][safepoint    ] Application time: 1.0001401 seconds
[2933.080s][info ][safepoint    ] Entering safepoint region: Cleanup
[2933.080s][info ][safepoint    ] Leaving safepoint region
[2933.080s][info ][safepoint    ] Total time for which application threads were stopped: 0.0001393 seconds, Stopping threads took: 0.0000440 seconds
[2933.228s][info ][safepoint    ] Application time: 0.1477661 seconds
[2933.228s][info ][safepoint    ] Entering safepoint region: GenCollectForAllocation
[2933.228s][info ][gc,start     ] GC(1062) Pause Young (Allocation Failure)
[2933.228s][info ][gc,task      ] GC(1062) Using 4 workers of 4 for evacuation
[2933.232s][debug][gc,ref       ] GC(1062) Skipped phase1 of Reference Processing due to unavailable references
[2933.232s][debug][gc,ref       ] GC(1062) Skipped phase2 of Reference Processing due to unavailable references
[2933.232s][debug][gc,ref       ] GC(1062) Skipped phase3 of Reference Processing due to unavailable references
[2933.232s][debug][gc,ref       ] GC(1062) Skipped phase4 of Reference Processing due to unavailable references
[2933.232s][debug][gc,age       ] GC(1062) Desired survivor size 15400960 bytes, new threshold 6 (max threshold 6)
[2933.232s][info ][gc,heap      ] GC(1062) ParNew: 242322K->1468K(270976K)
[2933.232s][info ][gc,heap      ] GC(1062) CMS: 433883K->434076K(602112K)
[2933.232s][info ][gc,metaspace ] GC(1062) Metaspace: 63482K->63482K(1107968K)
[2933.232s][info ][gc           ] GC(1062) Pause Young (Allocation Failure) 660M->425M(852M) 4.042ms
[2933.232s][info ][gc,cpu       ] GC(1062) User=0.01s Sys=0.00s Real=0.00s
[2933.232s][info ][safepoint    ] Leaving safepoint region
[2933.232s][info ][safepoint    ] Total time for which application threads were stopped: 0.0042372 seconds, Stopping threads took: 0.0000173 seconds
[2934.233s][info ][safepoint    ] Application time: 1.0001254 seconds
[2934.233s][info ][safepoint    ] Entering safepoint region: Cleanup
[2934.233s][info ][safepoint    ] Leaving safepoint region
[2934.233s][info ][safepoint    ] Total time for which application threads were stopped: 0.0000658 seconds, Stopping threads took: 0.0000161 seconds
[2935.233s][info ][safepoint    ] Application time: 1.0000865 seconds
[2935.233s][info ][safepoint    ] Entering safepoint region: Cleanup
[2935.233s][info ][safepoint    ] Leaving safepoint region
[2935.233s][info ][safepoint    ] Total time for which application threads were stopped: 0.0000828 seconds, Stopping threads took: 0.0000306 seconds
[2936.233s][info ][safepoint    ] Application time: 1.0000877 seconds
[2936.233s][info ][safepoint    ] Entering safepoint region: Cleanup
[2936.233s][info ][safepoint    ] Leaving safepoint region
[2936.233s][info ][safepoint    ] Total time for which application threads were stopped: 0.0000689 seconds, Stopping threads took: 0.0000168 seconds
[2936.368s][info ][safepoint    ] Application time: 0.1348966 seconds
[2936.368s][info ][safepoint    ] Entering safepoint region: GenCollectForAllocation
[2936.368s][info ][gc,start     ] GC(1063) Pause Young (Allocation Failure)
[2936.368s][info ][gc,task      ] GC(1063) Using 4 workers of 4 for evacuation
[2936.371s][debug][gc,ref       ] GC(1063) Skipped phase1 of Reference Processing due to unavailable references
[2936.371s][debug][gc,ref       ] GC(1063) Skipped phase2 of Reference Processing due to unavailable references
[2936.371s][debug][gc,ref       ] GC(1063) Skipped phase3 of Reference Processing due to unavailable references
[2936.371s][debug][gc,ref       ] GC(1063) Skipped phase4 of Reference Processing due to unavailable references
[2936.371s][debug][gc,age       ] GC(1063) Desired survivor size 15400960 bytes, new threshold 6 (max threshold 6)
[2936.371s][info ][gc,heap      ] GC(1063) ParNew: 242364K->1391K(270976K)
[2936.371s][info ][gc,heap      ] GC(1063) CMS: 434076K->434158K(602112K)
[2936.371s][info ][gc,metaspace ] GC(1063) Metaspace: 63482K->63482K(1107968K)
[2936.371s][info ][gc           ] GC(1063) Pause Young (Allocation Failure) 660M->425M(852M) 2.880ms
[2936.371s][info ][gc,cpu       ] GC(1063) User=0.01s Sys=0.00s Real=0.00s
[2936.371s][info ][safepoint    ] Leaving safepoint region
[2936.371s][info ][safepoint    ] Total time for which application threads were stopped: 0.0030736 seconds, Stopping threads took: 0.0000169 seconds
[2937.371s][info ][safepoint    ] Application time: 1.0001331 seconds
[2937.371s][info ][safepoint    ] Entering safepoint region: Cleanup
[2937.371s][info ][safepoint    ] Leaving safepoint region
[2937.371s][info ][safepoint    ] Total time for which application threads were stopped: 0.0001222 seconds, Stopping threads took: 0.0000537 seconds
[2938.372s][info ][safepoint    ] Application time: 1.0001224 seconds
[2938.372s][info ][safepoint    ] Entering safepoint region: Cleanup
[2938.372s][info ][safepoint    ] Leaving safepoint region
[2938.372s][info ][safepoint    ] Total time for which application threads were stopped: 0.0001302 seconds, Stopping threads took: 0.0000705 seconds
[2939.372s][info ][safepoint    ] Application time: 1.0001265 seconds
[2939.372s][info ][safepoint    ] Entering safepoint region: Cleanup
[2939.372s][info ][safepoint    ] Leaving safepoint region
[2939.372s][info ][safepoint    ] Total time for which application threads were stopped: 0.0001090 seconds, Stopping threads took: 0.0000464 seconds
[2939.626s][info ][safepoint    ] Application time: 0.2544349 seconds
[2939.626s][info ][safepoint    ] Entering safepoint region: GenCollectForAllocation
[2939.627s][info ][gc,start     ] GC(1064) Pause Young (Allocation Failure)
[2939.627s][info ][gc,task      ] GC(1064) Using 4 workers of 4 for evacuation
[2939.629s][debug][gc,ref       ] GC(1064) Skipped phase1 of Reference Processing due to unavailable references
[2939.629s][debug][gc,ref       ] GC(1064) Skipped phase2 of Reference Processing due to unavailable references
[2939.629s][debug][gc,ref       ] GC(1064) Skipped phase3 of Reference Processing due to unavailable references
[2939.629s][debug][gc,ref       ] GC(1064) Skipped phase4 of Reference Processing due to unavailable references
[2939.630s][debug][gc,age       ] GC(1064) Desired survivor size 15400960 bytes, new threshold 6 (max threshold 6)
[2939.630s][info ][gc,heap      ] GC(1064) ParNew: 242287K->1549K(270976K)
[2939.630s][info ][gc,heap      ] GC(1064) CMS: 434158K->434248K(602112K)
[2939.630s][info ][gc,metaspace ] GC(1064) Metaspace: 63482K->63482K(1107968K)
[2939.630s][info ][gc           ] GC(1064) Pause Young (Allocation Failure) 660M->425M(852M) 3.044ms
[2939.630s][info ][gc,cpu       ] GC(1064) User=0.01s Sys=0.00s Real=0.01s
[2939.630s][info ][safepoint    ] Leaving safepoint region
[2939.630s][info ][safepoint    ] Total time for which application threads were stopped: 0.0032245 seconds, Stopping threads took: 0.0000164 seconds
[2940.630s][info ][safepoint    ] Application time: 1.0001222 seconds
[2940.630s][info ][safepoint    ] Entering safepoint region: Cleanup
[2940.630s][info ][safepoint    ] Leaving safepoint region
[2940.630s][info ][safepoint    ] Total time for which application threads were stopped: 0.0000664 seconds, Stopping threads took: 0.0000166 seconds
[2941.630s][info ][safepoint    ] Application time: 1.0000972 seconds
[2941.630s][info ][safepoint    ] Entering safepoint region: Cleanup
[2941.630s][info ][safepoint    ] Leaving safepoint region
[2941.630s][info ][safepoint    ] Total time for which application threads were stopped: 0.0000686 seconds, Stopping threads took: 0.0000204 seconds
[2942.630s][info ][safepoint    ] Application time: 1.0000811 seconds
[2942.630s][info ][safepoint    ] Entering safepoint region: Cleanup
[2942.630s][info ][safepoint    ] Leaving safepoint region
[2942.630s][info ][safepoint    ] Total time for which application threads were stopped: 0.0001221 seconds, Stopping threads took: 0.0000740 seconds
[2943.073s][info ][safepoint    ] Application time: 0.4423574 seconds
[2943.073s][info ][safepoint    ] Entering safepoint region: GenCollectForAllocation
[2943.073s][info ][gc,start     ] GC(1065) Pause Young (Allocation Failure)
[2943.073s][info ][gc,task      ] GC(1065) Using 4 workers of 4 for evacuation
[2943.076s][debug][gc,ref       ] GC(1065) Skipped phase1 of Reference Processing due to unavailable references
[2943.076s][debug][gc,ref       ] GC(1065) Skipped phase2 of Reference Processing due to unavailable references
[2943.076s][debug][gc,ref       ] GC(1065) Skipped phase3 of Reference Processing due to unavailable references
[2943.076s][debug][gc,ref       ] GC(1065) Skipped phase4 of Reference Processing due to unavailable references
[2943.076s][debug][gc,age       ] GC(1065) Desired survivor size 15400960 bytes, new threshold 6 (max threshold 6)
[2943.076s][info ][gc,heap      ] GC(1065) ParNew: 242445K->1347K(270976K)
[2943.076s][info ][gc,heap      ] GC(1065) CMS: 434248K->434316K(602112K)
[2943.076s][info ][gc,metaspace ] GC(1065) Metaspace: 63482K->63482K(1107968K)
[2943.076s][info ][gc           ] GC(1065) Pause Young (Allocation Failure) 660M->425M(852M) 3.039ms
[2943.076s][info ][gc,cpu       ] GC(1065) User=0.01s Sys=0.00s Real=0.00s
[2943.076s][info ][safepoint    ] Leaving safepoint region
[2943.076s][info ][safepoint    ] Total time for which application threads were stopped: 0.0032030 seconds, Stopping threads took: 0.0000151 seconds
[2944.076s][info ][safepoint    ] Application time: 1.0001401 seconds
[2944.076s][info ][safepoint    ] Entering safepoint region: Cleanup
[2944.076s][info ][safepoint    ] Leaving safepoint region
[2944.076s][info ][safepoint    ] Total time for which application threads were stopped: 0.0002023 seconds, Stopping threads took: 0.0000622 seconds
[2945.077s][info ][safepoint    ] Application time: 1.0000978 seconds
[2945.077s][info ][safepoint    ] Entering safepoint region: Cleanup
[2945.077s][info ][safepoint    ] Leaving safepoint region
[2945.077s][info ][safepoint    ] Total time for which application threads were stopped: 0.0001252 seconds, Stopping threads took: 0.0000465 seconds
[2946.077s][info ][safepoint    ] Application time: 1.0001089 seconds
[2946.077s][info ][safepoint    ] Entering safepoint region: Cleanup
[2946.077s][info ][safepoint    ] Leaving safepoint region
[2946.077s][info ][safepoint    ] Total time for which application threads were stopped: 0.0001285 seconds, Stopping threads took: 0.0000611 seconds
[2946.327s][info ][safepoint    ] Application time: 0.2502014 seconds
[2946.327s][info ][safepoint    ] Entering safepoint region: GenCollectForAllocation
[2946.327s][info ][gc,start     ] GC(1066) Pause Young (Allocation Failure)
[2946.327s][info ][gc,task      ] GC(1066) Using 4 workers of 4 for evacuation
[2946.330s][debug][gc,ref       ] GC(1066) Skipped phase1 of Reference Processing due to unavailable references
[2946.330s][debug][gc,ref       ] GC(1066) Skipped phase2 of Reference Processing due to unavailable references
[2946.330s][debug][gc,ref       ] GC(1066) Skipped phase3 of Reference Processing due to unavailable references
[2946.330s][debug][gc,ref       ] GC(1066) Skipped phase4 of Reference Processing due to unavailable references
[2946.331s][debug][gc,age       ] GC(1066) Desired survivor size 15400960 bytes, new threshold 6 (max threshold 6)
[2946.331s][info ][gc,heap      ] GC(1066) ParNew: 242243K->1699K(270976K)
[2946.331s][info ][gc,heap      ] GC(1066) CMS: 434316K->434441K(602112K)
[2946.331s][info ][gc,metaspace ] GC(1066) Metaspace: 63482K->63482K(1107968K)
[2946.331s][info ][gc           ] GC(1066) Pause Young (Allocation Failure) 660M->425M(852M) 3.245ms
[2946.331s][info ][gc,cpu       ] GC(1066) User=0.01s Sys=0.00s Real=0.01s
[2946.331s][info ][safepoint    ] Leaving safepoint region
[2946.331s][info ][safepoint    ] Total time for which application threads were stopped: 0.0034077 seconds, Stopping threads took: 0.0000207 seconds
[2947.331s][info ][safepoint    ] Application time: 1.0001105 seconds
[2947.331s][info ][safepoint    ] Entering safepoint region: Cleanup
[2947.331s][info ][safepoint    ] Leaving safepoint region
[2947.331s][info ][safepoint    ] Total time for which application threads were stopped: 0.0001514 seconds, Stopping threads took: 0.0000526 seconds
[2948.331s][info ][safepoint    ] Application time: 1.0001567 seconds
[2948.331s][info ][safepoint    ] Entering safepoint region: Cleanup
[2948.331s][info ][safepoint    ] Leaving safepoint region
[2948.331s][info ][safepoint    ] Total time for which application threads were stopped: 0.0001015 seconds, Stopping threads took: 0.0000269 seconds
[2949.331s][info ][safepoint    ] Application time: 1.0001075 seconds
[2949.332s][info ][safepoint    ] Entering safepoint region: Cleanup
[2949.332s][info ][safepoint    ] Leaving safepoint region
[2949.332s][info ][safepoint    ] Total time for which application threads were stopped: 0.0000961 seconds, Stopping threads took: 0.0000193 seconds
[2949.677s][info ][safepoint    ] Application time: 0.3455489 seconds
[2949.677s][info ][safepoint    ] Entering safepoint region: GenCollectForAllocation
[2949.677s][info ][gc,start     ] GC(1067) Pause Young (Allocation Failure)
[2949.677s][info ][gc,task      ] GC(1067) Using 4 workers of 4 for evacuation
[2949.681s][debug][gc,ref       ] GC(1067) Skipped phase1 of Reference Processing due to unavailable references
[2949.681s][debug][gc,ref       ] GC(1067) Skipped phase2 of Reference Processing due to unavailable references
[2949.681s][debug][gc,ref       ] GC(1067) Skipped phase3 of Reference Processing due to unavailable references
[2949.681s][debug][gc,ref       ] GC(1067) Skipped phase4 of Reference Processing due to unavailable references
[2949.681s][debug][gc,age       ] GC(1067) Desired survivor size 15400960 bytes, new threshold 6 (max threshold 6)
[2949.681s][info ][gc,heap      ] GC(1067) ParNew: 242595K->1574K(270976K)
[2949.681s][info ][gc,heap      ] GC(1067) CMS: 434441K->434600K(602112K)
[2949.681s][info ][gc,metaspace ] GC(1067) Metaspace: 63482K->63482K(1107968K)
[2949.681s][info ][gc           ] GC(1067) Pause Young (Allocation Failure) 661M->425M(852M) 3.893ms
[2949.681s][info ][gc,cpu       ] GC(1067) User=0.01s Sys=0.00s Real=0.01s
[2949.681s][info ][safepoint    ] Leaving safepoint region
[2949.681s][info ][safepoint    ] Total time for which application threads were stopped: 0.0040641 seconds, Stopping threads took: 0.0000180 seconds
[2950.681s][info ][safepoint    ] Application time: 1.0001258 seconds
[2950.681s][info ][safepoint    ] Entering safepoint region: Cleanup
[2950.682s][info ][safepoint    ] Leaving safepoint region
[2950.682s][info ][safepoint    ] Total time for which application threads were stopped: 0.0000725 seconds, Stopping threads took: 0.0000165 seconds
[2951.682s][info ][safepoint    ] Application time: 1.0001195 seconds
[2951.682s][info ][safepoint    ] Entering safepoint region: Cleanup
[2951.682s][info ][safepoint    ] Leaving safepoint region
[2951.682s][info ][safepoint    ] Total time for which application threads were stopped: 0.0000775 seconds, Stopping threads took: 0.0000167 seconds
[2952.682s][info ][safepoint    ] Application time: 1.0001254 seconds
[2952.682s][info ][safepoint    ] Entering safepoint region: Cleanup
[2952.682s][info ][safepoint    ] Leaving safepoint region
[2952.682s][info ][safepoint    ] Total time for which application threads were stopped: 0.0000738 seconds, Stopping threads took: 0.0000159 seconds
[2952.972s][info ][safepoint    ] Application time: 0.2894596 seconds
[2952.972s][info ][safepoint    ] Entering safepoint region: GenCollectForAllocation
[2952.972s][info ][gc,start     ] GC(1068) Pause Young (Allocation Failure)
[2952.972s][info ][gc,task      ] GC(1068) Using 4 workers of 4 for evacuation
[2952.978s][debug][gc,ref       ] GC(1068) Skipped phase1 of Reference Processing due to unavailable references
[2952.978s][debug][gc,ref       ] GC(1068) Skipped phase2 of Reference Processing due to unavailable references
[2952.978s][debug][gc,ref       ] GC(1068) Skipped phase3 of Reference Processing due to unavailable references
[2952.978s][debug][gc,ref       ] GC(1068) Skipped phase4 of Reference Processing due to unavailable references
[2952.978s][debug][gc,age       ] GC(1068) Desired survivor size 15400960 bytes, new threshold 6 (max threshold 6)
[2952.978s][info ][gc,heap      ] GC(1068) ParNew: 242470K->1736K(270976K)
[2952.978s][info ][gc,heap      ] GC(1068) CMS: 434600K->434758K(602112K)
[2952.978s][info ][gc,metaspace ] GC(1068) Metaspace: 63482K->63482K(1107968K)
[2952.978s][info ][gc           ] GC(1068) Pause Young (Allocation Failure) 661M->426M(852M) 6.678ms
[2952.978s][info ][gc,cpu       ] GC(1068) User=0.02s Sys=0.00s Real=0.00s
[2952.978s][info ][safepoint    ] Leaving safepoint region
[2952.978s][info ][safepoint    ] Total time for which application threads were stopped: 0.0068461 seconds, Stopping threads took: 0.0000166 seconds
[2953.978s][info ][safepoint    ] Application time: 1.0000873 seconds
[2953.979s][info ][safepoint    ] Entering safepoint region: Cleanup
[2953.979s][info ][safepoint    ] Leaving safepoint region
[2953.979s][info ][safepoint    ] Total time for which application threads were stopped: 0.0001376 seconds, Stopping threads took: 0.0000770 seconds
[2954.979s][info ][safepoint    ] Application time: 1.0001071 seconds
[2954.979s][info ][safepoint    ] Entering safepoint region: Cleanup
[2954.979s][info ][safepoint    ] Leaving safepoint region
[2954.979s][info ][safepoint    ] Total time for which application threads were stopped: 0.0001189 seconds, Stopping threads took: 0.0000449 seconds
[2955.979s][info ][safepoint    ] Application time: 1.0000736 seconds
[2955.979s][info ][safepoint    ] Entering safepoint region: Cleanup
[2955.979s][info ][safepoint    ] Leaving safepoint region
[2955.979s][info ][safepoint    ] Total time for which application threads were stopped: 0.0001171 seconds, Stopping threads took: 0.0000524 seconds
[2956.219s][info ][safepoint    ] Application time: 0.2401869 seconds
[2956.219s][info ][safepoint    ] Entering safepoint region: GenCollectForAllocation
[2956.220s][info ][gc,start     ] GC(1069) Pause Young (Allocation Failure)
[2956.220s][info ][gc,task      ] GC(1069) Using 4 workers of 4 for evacuation
[2956.222s][debug][gc,ref       ] GC(1069) Skipped phase1 of Reference Processing due to unavailable references
[2956.222s][debug][gc,ref       ] GC(1069) Skipped phase2 of Reference Processing due to unavailable references
[2956.222s][debug][gc,ref       ] GC(1069) Skipped phase3 of Reference Processing due to unavailable references
[2956.222s][debug][gc,ref       ] GC(1069) Skipped phase4 of Reference Processing due to unavailable references
[2956.223s][debug][gc,age       ] GC(1069) Desired survivor size 15400960 bytes, new threshold 6 (max threshold 6)
[2956.223s][info ][gc,heap      ] GC(1069) ParNew: 242632K->1551K(270976K)
[2956.223s][info ][gc,heap      ] GC(1069) CMS: 434758K->434844K(602112K)
[2956.223s][info ][gc,metaspace ] GC(1069) Metaspace: 63482K->63482K(1107968K)
[2956.223s][info ][gc           ] GC(1069) Pause Young (Allocation Failure) 661M->426M(852M) 3.075ms
[2956.223s][info ][gc,cpu       ] GC(1069) User=0.01s Sys=0.00s Real=0.01s
[2956.223s][info ][safepoint    ] Leaving safepoint region
[2956.223s][info ][safepoint    ] Total time for which application threads were stopped: 0.0032612 seconds, Stopping threads took: 0.0000457 seconds
[2957.223s][info ][safepoint    ] Application time: 1.0001732 seconds
[2957.223s][info ][safepoint    ] Entering safepoint region: Cleanup
[2957.223s][info ][safepoint    ] Leaving safepoint region
[2957.223s][info ][safepoint    ] Total time for which application threads were stopped: 0.0003623 seconds, Stopping threads took: 0.0003034 seconds
[2958.223s][info ][safepoint    ] Application time: 1.0001038 seconds
[2958.223s][info ][safepoint    ] Entering safepoint region: Cleanup
[2958.224s][info ][safepoint    ] Leaving safepoint region
[2958.224s][info ][safepoint    ] Total time for which application threads were stopped: 0.0001177 seconds, Stopping threads took: 0.0000458 seconds
[2959.224s][info ][safepoint    ] Application time: 1.0001423 seconds
[2959.224s][info ][safepoint    ] Entering safepoint region: Cleanup
[2959.224s][info ][safepoint    ] Leaving safepoint region
[2959.224s][info ][safepoint    ] Total time for which application threads were stopped: 0.0001356 seconds, Stopping threads took: 0.0000660 seconds
[2959.477s][info ][safepoint    ] Application time: 0.2530947 seconds
[2959.477s][info ][safepoint    ] Entering safepoint region: GenCollectForAllocation
[2959.477s][info ][gc,start     ] GC(1070) Pause Young (Allocation Failure)
[2959.477s][info ][gc,task      ] GC(1070) Using 4 workers of 4 for evacuation
[2959.480s][debug][gc,ref       ] GC(1070) Skipped phase1 of Reference Processing due to unavailable references
[2959.480s][debug][gc,ref       ] GC(1070) Skipped phase2 of Reference Processing due to unavailable references
[2959.480s][debug][gc,ref       ] GC(1070) Skipped phase3 of Reference Processing due to unavailable references
[2959.480s][debug][gc,ref       ] GC(1070) Skipped phase4 of Reference Processing due to unavailable references
[2959.480s][debug][gc,age       ] GC(1070) Desired survivor size 15400960 bytes, new threshold 6 (max threshold 6)
[2959.480s][info ][gc,heap      ] GC(1070) ParNew: 242447K->1397K(270976K)
[2959.480s][info ][gc,heap      ] GC(1070) CMS: 434844K->434978K(602112K)
[2959.480s][info ][gc,metaspace ] GC(1070) Metaspace: 63482K->63482K(1107968K)
[2959.480s][info ][gc           ] GC(1070) Pause Young (Allocation Failure) 661M->426M(852M) 2.629ms
[2959.480s][info ][gc,cpu       ] GC(1070) User=0.01s Sys=0.00s Real=0.00s
[2959.480s][info ][safepoint    ] Leaving safepoint region
[2959.480s][info ][safepoint    ] Total time for which application threads were stopped: 0.0027938 seconds, Stopping threads took: 0.0000168 seconds
[2960.480s][info ][safepoint    ] Application time: 1.0001281 seconds
[2960.480s][info ][safepoint    ] Entering safepoint region: Cleanup
[2960.480s][info ][safepoint    ] Leaving safepoint region
[2960.480s][info ][safepoint    ] Total time for which application threads were stopped: 0.0000666 seconds, Stopping threads took: 0.0000166 seconds
[2961.480s][info ][safepoint    ] Application time: 1.0001162 seconds
[2961.480s][info ][safepoint    ] Entering safepoint region: Cleanup
[2961.480s][info ][safepoint    ] Leaving safepoint region
[2961.480s][info ][safepoint    ] Total time for which application threads were stopped: 0.0000699 seconds, Stopping threads took: 0.0000160 seconds
[2962.480s][info ][safepoint    ] Application time: 1.0000867 seconds
[2962.480s][info ][safepoint    ] Entering safepoint region: Cleanup
[2962.480s][info ][safepoint    ] Leaving safepoint region
[2962.481s][info ][safepoint    ] Total time for which application threads were stopped: 0.0000822 seconds, Stopping threads took: 0.0000171 seconds
[2962.775s][info ][safepoint    ] Application time: 0.2942847 seconds
[2962.775s][info ][safepoint    ] Entering safepoint region: GenCollectForAllocation
[2962.775s][info ][gc,start     ] GC(1071) Pause Young (Allocation Failure)
[2962.775s][info ][gc,task      ] GC(1071) Using 4 workers of 4 for evacuation
[2962.777s][debug][gc,ref       ] GC(1071) Skipped phase1 of Reference Processing due to unavailable references
[2962.777s][debug][gc,ref       ] GC(1071) Skipped phase2 of Reference Processing due to unavailable references
[2962.777s][debug][gc,ref       ] GC(1071) Skipped phase3 of Reference Processing due to unavailable references
[2962.777s][debug][gc,ref       ] GC(1071) Skipped phase4 of Reference Processing due to unavailable references
[2962.778s][debug][gc,age       ] GC(1071) Desired survivor size 15400960 bytes, new threshold 6 (max threshold 6)
[2962.778s][info ][gc,heap      ] GC(1071) ParNew: 242293K->1348K(270976K)
[2962.778s][info ][gc,heap      ] GC(1071) CMS: 434978K->435054K(602112K)
[2962.778s][info ][gc,metaspace ] GC(1071) Metaspace: 63482K->63482K(1107968K)
[2962.778s][info ][gc           ] GC(1071) Pause Young (Allocation Failure) 661M->426M(852M) 2.745ms
[2962.778s][info ][gc,cpu       ] GC(1071) User=0.01s Sys=0.00s Real=0.00s
[2962.778s][info ][safepoint    ] Leaving safepoint region
[2962.778s][info ][safepoint    ] Total time for which application threads were stopped: 0.0029100 seconds, Stopping threads took: 0.0000346 seconds
[2963.778s][info ][safepoint    ] Application time: 1.0000959 seconds
[2963.778s][info ][safepoint    ] Entering safepoint region: Cleanup
[2963.778s][info ][safepoint    ] Leaving safepoint region
[2963.778s][info ][safepoint    ] Total time for which application threads were stopped: 0.0001115 seconds, Stopping threads took: 0.0000488 seconds
[2964.778s][info ][safepoint    ] Application time: 1.0000941 seconds
[2964.778s][info ][safepoint    ] Entering safepoint region: Cleanup
[2964.778s][info ][safepoint    ] Leaving safepoint region
[2964.778s][info ][safepoint    ] Total time for which application threads were stopped: 0.0002442 seconds, Stopping threads took: 0.0000703 seconds
[2965.779s][info ][safepoint    ] Application time: 1.0001193 seconds
[2965.779s][info ][safepoint    ] Entering safepoint region: Cleanup
[2965.779s][info ][safepoint    ] Leaving safepoint region
[2965.779s][info ][safepoint    ] Total time for which application threads were stopped: 0.0001388 seconds, Stopping threads took: 0.0000556 seconds
[2966.118s][info ][safepoint    ] Application time: 0.3396164 seconds
[2966.118s][info ][safepoint    ] Entering safepoint region: GenCollectForAllocation
[2966.119s][info ][gc,start     ] GC(1072) Pause Young (Allocation Failure)
[2966.119s][info ][gc,task      ] GC(1072) Using 4 workers of 4 for evacuation
[2966.122s][debug][gc,ref       ] GC(1072) Skipped phase1 of Reference Processing due to unavailable references
[2966.122s][debug][gc,ref       ] GC(1072) Skipped phase2 of Reference Processing due to unavailable references
[2966.122s][debug][gc,ref       ] GC(1072) Skipped phase3 of Reference Processing due to unavailable references
[2966.122s][debug][gc,ref       ] GC(1072) Skipped phase4 of Reference Processing due to unavailable references
[2966.122s][debug][gc,age       ] GC(1072) Desired survivor size 15400960 bytes, new threshold 6 (max threshold 6)
[2966.122s][info ][gc,heap      ] GC(1072) ParNew: 242244K->1273K(270976K)
[2966.122s][info ][gc,heap      ] GC(1072) CMS: 435054K->435198K(602112K)
[2966.122s][info ][gc,metaspace ] GC(1072) Metaspace: 63482K->63482K(1107968K)
[2966.122s][info ][gc           ] GC(1072) Pause Young (Allocation Failure) 661M->426M(852M) 3.509ms
[2966.122s][info ][gc,cpu       ] GC(1072) User=0.01s Sys=0.00s Real=0.01s
[2966.122s][info ][safepoint    ] Leaving safepoint region
[2966.122s][info ][safepoint    ] Total time for which application threads were stopped: 0.0036712 seconds, Stopping threads took: 0.0000175 seconds
[2967.122s][info ][safepoint    ] Application time: 1.0001247 seconds
[2967.122s][info ][safepoint    ] Entering safepoint region: Cleanup
[2967.122s][info ][safepoint    ] Leaving safepoint region
[2967.122s][info ][safepoint    ] Total time for which application threads were stopped: 0.0001093 seconds, Stopping threads took: 0.0000543 seconds
[2968.122s][info ][safepoint    ] Application time: 1.0001192 seconds
[2968.123s][info ][safepoint    ] Entering safepoint region: Cleanup
[2968.123s][info ][safepoint    ] Leaving safepoint region
[2968.123s][info ][safepoint    ] Total time for which application threads were stopped: 0.0001944 seconds, Stopping threads took: 0.0000926 seconds
[2969.123s][info ][safepoint    ] Application time: 1.0000911 seconds
[2969.123s][info ][safepoint    ] Entering safepoint region: Cleanup
[2969.123s][info ][safepoint    ] Leaving safepoint region
[2969.123s][info ][safepoint    ] Total time for which application threads were stopped: 0.0001324 seconds, Stopping threads took: 0.0000518 seconds
[2969.373s][info ][safepoint    ] Application time: 0.2501053 seconds
[2969.373s][info ][safepoint    ] Entering safepoint region: GenCollectForAllocation
[2969.373s][info ][gc,start     ] GC(1073) Pause Young (Allocation Failure)
[2969.373s][info ][gc,task      ] GC(1073) Using 4 workers of 4 for evacuation
[2969.377s][debug][gc,ref       ] GC(1073) Skipped phase1 of Reference Processing due to unavailable references
[2969.377s][debug][gc,ref       ] GC(1073) Skipped phase2 of Reference Processing due to unavailable references
[2969.377s][debug][gc,ref       ] GC(1073) Skipped phase3 of Reference Processing due to unavailable references
[2969.377s][debug][gc,ref       ] GC(1073) Skipped phase4 of Reference Processing due to unavailable references
[2969.377s][debug][gc,age       ] GC(1073) Desired survivor size 15400960 bytes, new threshold 6 (max threshold 6)
[2969.377s][info ][gc,heap      ] GC(1073) ParNew: 242169K->1362K(270976K)
[2969.377s][info ][gc,heap      ] GC(1073) CMS: 435198K->435249K(602112K)
[2969.377s][info ][gc,metaspace ] GC(1073) Metaspace: 63482K->63482K(1107968K)
[2969.377s][info ][gc           ] GC(1073) Pause Young (Allocation Failure) 661M->426M(852M) 3.898ms
[2969.377s][info ][gc,cpu       ] GC(1073) User=0.01s Sys=0.00s Real=0.00s
[2969.377s][info ][safepoint    ] Leaving safepoint region
[2969.377s][info ][safepoint    ] Total time for which application threads were stopped: 0.0040953 seconds, Stopping threads took: 0.0000164 seconds
[2970.377s][info ][safepoint    ] Application time: 1.0001054 seconds
[2970.377s][info ][safepoint    ] Entering safepoint region: Cleanup
[2970.378s][info ][safepoint    ] Leaving safepoint region
[2970.378s][info ][safepoint    ] Total time for which application threads were stopped: 0.0001715 seconds, Stopping threads took: 0.0000472 seconds
[2971.378s][info ][safepoint    ] Application time: 1.0000962 seconds
[2971.378s][info ][safepoint    ] Entering safepoint region: Cleanup
[2971.378s][info ][safepoint    ] Leaving safepoint region
[2971.378s][info ][safepoint    ] Total time for which application threads were stopped: 0.0001217 seconds, Stopping threads took: 0.0000564 seconds
[2972.378s][info ][safepoint    ] Application time: 1.0001147 seconds
[2972.378s][info ][safepoint    ] Entering safepoint region: Cleanup
[2972.378s][info ][safepoint    ] Leaving safepoint region
[2972.378s][info ][safepoint    ] Total time for which application threads were stopped: 0.0001206 seconds, Stopping threads took: 0.0000592 seconds
[2972.672s][info ][safepoint    ] Application time: 0.2938210 seconds
[2972.672s][info ][safepoint    ] Entering safepoint region: GenCollectForAllocation
[2972.672s][info ][gc,start     ] GC(1074) Pause Young (Allocation Failure)
[2972.672s][info ][gc,task      ] GC(1074) Using 4 workers of 4 for evacuation
[2972.674s][debug][gc,ref       ] GC(1074) Skipped phase1 of Reference Processing due to unavailable references
[2972.674s][debug][gc,ref       ] GC(1074) Skipped phase2 of Reference Processing due to unavailable references
[2972.674s][debug][gc,ref       ] GC(1074) Skipped phase3 of Reference Processing due to unavailable references
[2972.675s][debug][gc,ref       ] GC(1074) Skipped phase4 of Reference Processing due to unavailable references
[2972.675s][debug][gc,age       ] GC(1074) Desired survivor size 15400960 bytes, new threshold 6 (max threshold 6)
[2972.675s][info ][gc,heap      ] GC(1074) ParNew: 242258K->1170K(270976K)
[2972.675s][info ][gc,heap      ] GC(1074) CMS: 435249K->435363K(602112K)
[2972.675s][info ][gc,metaspace ] GC(1074) Metaspace: 63482K->63482K(1107968K)
[2972.675s][info ][gc           ] GC(1074) Pause Young (Allocation Failure) 661M->426M(852M) 2.623ms
[2972.675s][info ][gc,cpu       ] GC(1074) User=0.00s Sys=0.01s Real=0.00s
[2972.675s][info ][safepoint    ] Leaving safepoint region
[2972.675s][info ][safepoint    ] Total time for which application threads were stopped: 0.0027989 seconds, Stopping threads took: 0.0000172 seconds
[2973.675s][info ][safepoint    ] Application time: 1.0001223 seconds
[2973.675s][info ][safepoint    ] Entering safepoint region: Cleanup
[2973.675s][info ][safepoint    ] Leaving safepoint region
[2973.675s][info ][safepoint    ] Total time for which application threads were stopped: 0.0001066 seconds, Stopping threads took: 0.0000450 seconds
[2974.675s][info ][safepoint    ] Application time: 1.0000868 seconds
[2974.675s][info ][safepoint    ] Entering safepoint region: Cleanup
[2974.675s][info ][safepoint    ] Leaving safepoint region
[2974.675s][info ][safepoint    ] Total time for which application threads were stopped: 0.0001542 seconds, Stopping threads took: 0.0000865 seconds
[2975.675s][info ][safepoint    ] Application time: 1.0001185 seconds
[2975.676s][info ][safepoint    ] Entering safepoint region: Cleanup
[2975.676s][info ][safepoint    ] Leaving safepoint region
[2975.676s][info ][safepoint    ] Total time for which application threads were stopped: 0.0001292 seconds, Stopping threads took: 0.0000628 seconds
[2975.922s][info ][safepoint    ] Application time: 0.2466279 seconds
[2975.922s][info ][safepoint    ] Entering safepoint region: GenCollectForAllocation
[2975.922s][info ][gc,start     ] GC(1075) Pause Young (Allocation Failure)
[2975.922s][info ][gc,task      ] GC(1075) Using 4 workers of 4 for evacuation
[2975.925s][debug][gc,ref       ] GC(1075) Skipped phase1 of Reference Processing due to unavailable references
[2975.925s][debug][gc,ref       ] GC(1075) Skipped phase2 of Reference Processing due to unavailable references
[2975.925s][debug][gc,ref       ] GC(1075) Skipped phase3 of Reference Processing due to unavailable references
[2975.925s][debug][gc,age       ] GC(1075) Desired survivor size 15400960 bytes, new threshold 6 (max threshold 6)
[2975.925s][info ][gc,heap      ] GC(1075) ParNew: 242066K->1164K(270976K)
[2975.925s][info ][gc,heap      ] GC(1075) CMS: 435363K->435632K(602112K)
[2975.925s][info ][gc,metaspace ] GC(1075) Metaspace: 63486K->63486K(1107968K)
[2975.925s][info ][gc           ] GC(1075) Pause Young (Allocation Failure) 661M->426M(852M) 2.670ms
[2975.925s][info ][gc,cpu       ] GC(1075) User=0.01s Sys=0.00s Real=0.00s
[2975.925s][info ][safepoint    ] Leaving safepoint region
[2975.925s][info ][safepoint    ] Total time for which application threads were stopped: 0.0028162 seconds, Stopping threads took: 0.0000166 seconds
[2976.925s][info ][safepoint    ] Application time: 1.0001226 seconds
[2976.925s][info ][safepoint    ] Entering safepoint region: Cleanup
[2976.925s][info ][safepoint    ] Leaving safepoint region
[2976.925s][info ][safepoint    ] Total time for which application threads were stopped: 0.0001375 seconds, Stopping threads took: 0.0000583 seconds
[2977.926s][info ][safepoint    ] Application time: 1.0001277 seconds
[2977.926s][info ][safepoint    ] Entering safepoint region: Cleanup
[2977.926s][info ][safepoint    ] Leaving safepoint region
[2977.926s][info ][safepoint    ] Total time for which application threads were stopped: 0.0001494 seconds, Stopping threads took: 0.0000732 seconds
[2978.926s][info ][safepoint    ] Application time: 1.0001212 seconds
[2978.926s][info ][safepoint    ] Entering safepoint region: Cleanup
[2978.926s][info ][safepoint    ] Leaving safepoint region
[2978.926s][info ][safepoint    ] Total time for which application threads were stopped: 0.0001054 seconds, Stopping threads took: 0.0000449 seconds
[2979.172s][info ][safepoint    ] Application time: 0.2460900 seconds
[2979.172s][info ][safepoint    ] Entering safepoint region: GenCollectForAllocation
[2979.172s][info ][gc,start     ] GC(1076) Pause Young (Allocation Failure)
[2979.172s][info ][gc,task      ] GC(1076) Using 4 workers of 4 for evacuation
[2979.175s][debug][gc,ref       ] GC(1076) Skipped phase1 of Reference Processing due to unavailable references
[2979.175s][debug][gc,ref       ] GC(1076) Skipped phase2 of Reference Processing due to unavailable references
[2979.175s][debug][gc,ref       ] GC(1076) Skipped phase3 of Reference Processing due to unavailable references
[2979.175s][debug][gc,ref       ] GC(1076) Skipped phase4 of Reference Processing due to unavailable references
[2979.175s][debug][gc,age       ] GC(1076) Desired survivor size 15400960 bytes, new threshold 6 (max threshold 6)
[2979.175s][info ][gc,heap      ] GC(1076) ParNew: 242060K->996K(270976K)
[2979.175s][info ][gc,heap      ] GC(1076) CMS: 435632K->435709K(602112K)
[2979.175s][info ][gc,metaspace ] GC(1076) Metaspace: 63486K->63486K(1107968K)
[2979.175s][info ][gc           ] GC(1076) Pause Young (Allocation Failure) 661M->426M(852M) 2.434ms
[2979.175s][info ][gc,cpu       ] GC(1076) User=0.00s Sys=0.00s Real=0.00s
[2979.175s][info ][safepoint    ] Leaving safepoint region
[2979.175s][info ][safepoint    ] Total time for which application threads were stopped: 0.0026879 seconds, Stopping threads took: 0.0000181 seconds
[2980.175s][info ][safepoint    ] Application time: 1.0000953 seconds
[2980.175s][info ][safepoint    ] Entering safepoint region: Cleanup
[2980.175s][info ][safepoint    ] Leaving safepoint region
[2980.175s][info ][safepoint    ] Total time for which application threads were stopped: 0.0001033 seconds, Stopping threads took: 0.0000428 seconds
[2981.175s][info ][safepoint    ] Application time: 1.0000916 seconds
[2981.175s][info ][safepoint    ] Entering safepoint region: Cleanup
[2981.175s][info ][safepoint    ] Leaving safepoint region
[2981.175s][info ][safepoint    ] Total time for which application threads were stopped: 0.0001711 seconds, Stopping threads took: 0.0000709 seconds
[2982.175s][info ][safepoint    ] Application time: 1.0000584 seconds
[2982.175s][info ][safepoint    ] Entering safepoint region: Cleanup
[2982.176s][info ][safepoint    ] Leaving safepoint region
[2982.176s][info ][safepoint    ] Total time for which application threads were stopped: 0.0001276 seconds, Stopping threads took: 0.0000426 seconds
[2982.425s][info ][safepoint    ] Application time: 0.2492688 seconds
[2982.425s][info ][safepoint    ] Entering safepoint region: GenCollectForAllocation
[2982.425s][info ][gc,start     ] GC(1077) Pause Young (Allocation Failure)
[2982.425s][info ][gc,task      ] GC(1077) Using 4 workers of 4 for evacuation
[2982.428s][debug][gc,ref       ] GC(1077) Skipped phase1 of Reference Processing due to unavailable references
[2982.428s][debug][gc,ref       ] GC(1077) Skipped phase2 of Reference Processing due to unavailable references
[2982.428s][debug][gc,ref       ] GC(1077) Skipped phase3 of Reference Processing due to unavailable references
[2982.428s][debug][gc,ref       ] GC(1077) Skipped phase4 of Reference Processing due to unavailable references
[2982.428s][debug][gc,age       ] GC(1077) Desired survivor size 15400960 bytes, new threshold 6 (max threshold 6)
[2982.428s][info ][gc,heap      ] GC(1077) ParNew: 241892K->902K(270976K)
[2982.428s][info ][gc,heap      ] GC(1077) CMS: 435709K->435763K(602112K)
[2982.428s][info ][gc,metaspace ] GC(1077) Metaspace: 63486K->63486K(1107968K)
[2982.428s][info ][gc           ] GC(1077) Pause Young (Allocation Failure) 661M->426M(852M) 2.580ms
[2982.428s][info ][gc,cpu       ] GC(1077) User=0.01s Sys=0.00s Real=0.00s
[2982.428s][info ][safepoint    ] Leaving safepoint region
[2982.428s][info ][safepoint    ] Total time for which application threads were stopped: 0.0027220 seconds, Stopping threads took: 0.0000169 seconds
[2983.428s][info ][safepoint    ] Application time: 1.0000919 seconds
[2983.428s][info ][safepoint    ] Entering safepoint region: Cleanup
[2983.428s][info ][safepoint    ] Leaving safepoint region
[2983.428s][info ][safepoint    ] Total time for which application threads were stopped: 0.0001969 seconds, Stopping threads took: 0.0000927 seconds
[2984.428s][info ][safepoint    ] Application time: 1.0000864 seconds
[2984.428s][info ][safepoint    ] Entering safepoint region: Cleanup
[2984.429s][info ][safepoint    ] Leaving safepoint region
[2984.429s][info ][safepoint    ] Total time for which application threads were stopped: 0.0001277 seconds, Stopping threads took: 0.0000640 seconds
[2985.429s][info ][safepoint    ] Application time: 1.0001255 seconds
[2985.429s][info ][safepoint    ] Entering safepoint region: Cleanup
[2985.429s][info ][safepoint    ] Leaving safepoint region
[2985.429s][info ][safepoint    ] Total time for which application threads were stopped: 0.0001193 seconds, Stopping threads took: 0.0000555 seconds
[2985.676s][info ][safepoint    ] Application time: 0.2472910 seconds
[2985.676s][info ][safepoint    ] Entering safepoint region: GenCollectForAllocation
[2985.677s][info ][gc,start     ] GC(1078) Pause Young (Allocation Failure)
[2985.677s][info ][gc,task      ] GC(1078) Using 4 workers of 4 for evacuation
[2985.679s][debug][gc,ref       ] GC(1078) Skipped phase1 of Reference Processing due to unavailable references
[2985.679s][debug][gc,ref       ] GC(1078) Skipped phase2 of Reference Processing due to unavailable references
[2985.679s][debug][gc,ref       ] GC(1078) Skipped phase3 of Reference Processing due to unavailable references
[2985.679s][debug][gc,ref       ] GC(1078) Skipped phase4 of Reference Processing due to unavailable references
[2985.679s][debug][gc,age       ] GC(1078) Desired survivor size 15400960 bytes, new threshold 6 (max threshold 6)
[2985.679s][info ][gc,heap      ] GC(1078) ParNew: 241798K->1173K(270976K)
[2985.679s][info ][gc,heap      ] GC(1078) CMS: 435763K->435764K(602112K)
[2985.679s][info ][gc,metaspace ] GC(1078) Metaspace: 63486K->63486K(1107968K)
[2985.679s][info ][gc           ] GC(1078) Pause Young (Allocation Failure) 661M->426M(852M) 2.238ms
[2985.679s][info ][gc,cpu       ] GC(1078) User=0.00s Sys=0.00s Real=0.00s
[2985.679s][info ][safepoint    ] Leaving safepoint region
[2985.679s][info ][safepoint    ] Total time for which application threads were stopped: 0.0026299 seconds, Stopping threads took: 0.0000371 seconds
[2986.679s][info ][safepoint    ] Application time: 1.0000469 seconds
[2986.679s][info ][safepoint    ] Entering safepoint region: Cleanup
[2986.679s][info ][safepoint    ] Leaving safepoint region
[2986.679s][info ][safepoint    ] Total time for which application threads were stopped: 0.0001209 seconds, Stopping threads took: 0.0000441 seconds
[2987.679s][info ][safepoint    ] Application time: 1.0000844 seconds
[2987.679s][info ][safepoint    ] Entering safepoint region: Cleanup
[2987.679s][info ][safepoint    ] Leaving safepoint region
[2987.679s][info ][safepoint    ] Total time for which application threads were stopped: 0.0001099 seconds, Stopping threads took: 0.0000480 seconds
[2988.679s][info ][safepoint    ] Application time: 1.0000922 seconds
[2988.679s][info ][safepoint    ] Entering safepoint region: Cleanup
[2988.679s][info ][safepoint    ] Leaving safepoint region
[2988.680s][info ][safepoint    ] Total time for which application threads were stopped: 0.0001169 seconds, Stopping threads took: 0.0000567 seconds
[2988.924s][info ][safepoint    ] Application time: 0.2449130 seconds
[2988.924s][info ][safepoint    ] Entering safepoint region: GenCollectForAllocation
[2988.925s][info ][gc,start     ] GC(1079) Pause Young (Allocation Failure)
[2988.925s][info ][gc,task      ] GC(1079) Using 4 workers of 4 for evacuation
[2988.927s][debug][gc,ref       ] GC(1079) Skipped phase1 of Reference Processing due to unavailable references
[2988.927s][debug][gc,ref       ] GC(1079) Skipped phase2 of Reference Processing due to unavailable references
[2988.927s][debug][gc,ref       ] GC(1079) Skipped phase3 of Reference Processing due to unavailable references
[2988.927s][debug][gc,ref       ] GC(1079) Skipped phase4 of Reference Processing due to unavailable references
[2988.928s][debug][gc,age       ] GC(1079) Desired survivor size 15400960 bytes, new threshold 6 (max threshold 6)
[2988.928s][info ][gc,heap      ] GC(1079) ParNew: 242069K->1290K(270976K)
[2988.928s][info ][gc,heap      ] GC(1079) CMS: 435764K->435875K(602112K)
[2988.928s][info ][gc,metaspace ] GC(1079) Metaspace: 63488K->63488K(1107968K)
[2988.928s][info ][gc           ] GC(1079) Pause Young (Allocation Failure) 661M->426M(852M) 2.989ms
[2988.928s][info ][gc,cpu       ] GC(1079) User=0.01s Sys=0.00s Real=0.00s
[2988.928s][info ][safepoint    ] Leaving safepoint region
[2988.928s][info ][safepoint    ] Total time for which application threads were stopped: 0.0031306 seconds, Stopping threads took: 0.0000160 seconds
[2989.928s][info ][safepoint    ] Application time: 1.0000975 seconds
[2989.928s][info ][safepoint    ] Entering safepoint region: Cleanup
[2989.928s][info ][safepoint    ] Leaving safepoint region
[2989.928s][info ][safepoint    ] Total time for which application threads were stopped: 0.0001041 seconds, Stopping threads took: 0.0000473 seconds
[2990.928s][info ][safepoint    ] Application time: 1.0000843 seconds
[2990.928s][info ][safepoint    ] Entering safepoint region: Cleanup
[2990.928s][info ][safepoint    ] Leaving safepoint region
[2990.928s][info ][safepoint    ] Total time for which application threads were stopped: 0.0001467 seconds, Stopping threads took: 0.0000860 seconds
[2991.928s][info ][safepoint    ] Application time: 1.0001423 seconds
[2991.928s][info ][safepoint    ] Entering safepoint region: Cleanup
[2991.928s][info ][safepoint    ] Leaving safepoint region
[2991.928s][info ][safepoint    ] Total time for which application threads were stopped: 0.0001406 seconds, Stopping threads took: 0.0000794 seconds
[2992.168s][info ][safepoint    ] Application time: 0.2392922 seconds
[2992.168s][info ][safepoint    ] Entering safepoint region: GenCollectForAllocation
[2992.168s][info ][gc,start     ] GC(1080) Pause Young (Allocation Failure)
[2992.168s][info ][gc,task      ] GC(1080) Using 4 workers of 4 for evacuation
[2992.170s][debug][gc,ref       ] GC(1080) Skipped phase1 of Reference Processing due to unavailable references
[2992.170s][debug][gc,ref       ] GC(1080) Skipped phase2 of Reference Processing due to unavailable references
[2992.170s][debug][gc,ref       ] GC(1080) Skipped phase3 of Reference Processing due to unavailable references
[2992.170s][debug][gc,ref       ] GC(1080) Skipped phase4 of Reference Processing due to unavailable references
[2992.170s][debug][gc,age       ] GC(1080) Desired survivor size 15400960 bytes, new threshold 6 (max threshold 6)
[2992.170s][info ][gc,heap      ] GC(1080) ParNew: 242186K->934K(270976K)
[2992.170s][info ][gc,heap      ] GC(1080) CMS: 435875K->435952K(602112K)
[2992.170s][info ][gc,metaspace ] GC(1080) Metaspace: 63488K->63488K(1107968K)
[2992.170s][info ][gc           ] GC(1080) Pause Young (Allocation Failure) 662M->426M(852M) 2.586ms
[2992.170s][info ][gc,cpu       ] GC(1080) User=0.01s Sys=0.00s Real=0.01s
[2992.171s][info ][safepoint    ] Leaving safepoint region
[2992.171s][info ][safepoint    ] Total time for which application threads were stopped: 0.0027426 seconds, Stopping threads took: 0.0000328 seconds
[2993.171s][info ][safepoint    ] Application time: 1.0001239 seconds
[2993.171s][info ][safepoint    ] Entering safepoint region: Cleanup
[2993.171s][info ][safepoint    ] Leaving safepoint region
[2993.171s][info ][safepoint    ] Total time for which application threads were stopped: 0.0001048 seconds, Stopping threads took: 0.0000495 seconds
[2994.171s][info ][safepoint    ] Application time: 1.0001097 seconds
[2994.171s][info ][safepoint    ] Entering safepoint region: Cleanup
[2994.171s][info ][safepoint    ] Leaving safepoint region
[2994.171s][info ][safepoint    ] Total time for which application threads were stopped: 0.0001308 seconds, Stopping threads took: 0.0000669 seconds
[2995.171s][info ][safepoint    ] Application time: 1.0001201 seconds
[2995.171s][info ][safepoint    ] Entering safepoint region: Cleanup
[2995.171s][info ][safepoint    ] Leaving safepoint region
[2995.171s][info ][safepoint    ] Total time for which application threads were stopped: 0.0001231 seconds, Stopping threads took: 0.0000586 seconds
[2995.427s][info ][safepoint    ] Application time: 0.2558552 seconds
[2995.427s][info ][safepoint    ] Entering safepoint region: GenCollectForAllocation
[2995.427s][info ][gc,start     ] GC(1081) Pause Young (Allocation Failure)
[2995.427s][info ][gc,task      ] GC(1081) Using 4 workers of 4 for evacuation
[2995.430s][debug][gc,ref       ] GC(1081) Skipped phase1 of Reference Processing due to unavailable references
[2995.430s][debug][gc,ref       ] GC(1081) Skipped phase2 of Reference Processing due to unavailable references
[2995.430s][debug][gc,ref       ] GC(1081) Skipped phase3 of Reference Processing due to unavailable references
[2995.430s][debug][gc,ref       ] GC(1081) Skipped phase4 of Reference Processing due to unavailable references
[2995.430s][debug][gc,age       ] GC(1081) Desired survivor size 15400960 bytes, new threshold 6 (max threshold 6)
[2995.430s][info ][gc,heap      ] GC(1081) ParNew: 241830K->1187K(270976K)
[2995.430s][info ][gc,heap      ] GC(1081) CMS: 435952K->436013K(602112K)
[2995.430s][info ][gc,metaspace ] GC(1081) Metaspace: 63488K->63488K(1107968K)
[2995.430s][info ][gc           ] GC(1081) Pause Young (Allocation Failure) 661M->426M(852M) 2.335ms
[2995.430s][info ][gc,cpu       ] GC(1081) User=0.01s Sys=0.00s Real=0.01s
[2995.430s][info ][safepoint    ] Leaving safepoint region
[2995.430s][info ][safepoint    ] Total time for which application threads were stopped: 0.0024951 seconds, Stopping threads took: 0.0000183 seconds
[2996.430s][info ][safepoint    ] Application time: 1.0001488 seconds
[2996.430s][info ][safepoint    ] Entering safepoint region: Cleanup
[2996.430s][info ][safepoint    ] Leaving safepoint region
[2996.430s][info ][safepoint    ] Total time for which application threads were stopped: 0.0001195 seconds, Stopping threads took: 0.0000448 seconds
[2997.430s][info ][safepoint    ] Application time: 1.0000866 seconds
[2997.430s][info ][safepoint    ] Entering safepoint region: Cleanup
[2997.430s][info ][safepoint    ] Leaving safepoint region
[2997.430s][info ][safepoint    ] Total time for which application threads were stopped: 0.0000851 seconds, Stopping threads took: 0.0000172 seconds
[2998.430s][info ][safepoint    ] Application time: 1.0000668 seconds
[2998.430s][info ][safepoint    ] Entering safepoint region: Cleanup
[2998.430s][info ][safepoint    ] Leaving safepoint region
[2998.430s][info ][safepoint    ] Total time for which application threads were stopped: 0.0000826 seconds, Stopping threads took: 0.0000307 seconds
[2998.724s][info ][safepoint    ] Application time: 0.2929968 seconds
[2998.724s][info ][safepoint    ] Entering safepoint region: GenCollectForAllocation
[2998.724s][info ][gc,start     ] GC(1082) Pause Young (Allocation Failure)
[2998.724s][info ][gc,task      ] GC(1082) Using 4 workers of 4 for evacuation
[2998.726s][debug][gc,ref       ] GC(1082) Skipped phase1 of Reference Processing due to unavailable references
[2998.726s][debug][gc,ref       ] GC(1082) Skipped phase2 of Reference Processing due to unavailable references
[2998.726s][debug][gc,ref       ] GC(1082) Skipped phase3 of Reference Processing due to unavailable references
[2998.726s][debug][gc,ref       ] GC(1082) Skipped phase4 of Reference Processing due to unavailable references
[2998.726s][debug][gc,age       ] GC(1082) Desired survivor size 15400960 bytes, new threshold 6 (max threshold 6)
[2998.726s][info ][gc,heap      ] GC(1082) ParNew: 242083K->946K(270976K)
[2998.726s][info ][gc,heap      ] GC(1082) CMS: 436013K->436082K(602112K)
[2998.726s][info ][gc,metaspace ] GC(1082) Metaspace: 63488K->63488K(1107968K)
[2998.726s][info ][gc           ] GC(1082) Pause Young (Allocation Failure) 662M->426M(852M) 2.341ms
[2998.726s][info ][gc,cpu       ] GC(1082) User=0.01s Sys=0.00s Real=0.00s
[2998.726s][info ][safepoint    ] Leaving safepoint region
[2998.726s][info ][safepoint    ] Total time for which application threads were stopped: 0.0025334 seconds, Stopping threads took: 0.0000203 seconds
[2999.726s][info ][safepoint    ] Application time: 1.0001058 seconds
[2999.726s][info ][safepoint    ] Entering safepoint region: Cleanup
[2999.726s][info ][safepoint    ] Leaving safepoint region
[2999.726s][info ][safepoint    ] Total time for which application threads were stopped: 0.0001236 seconds, Stopping threads took: 0.0000663 seconds
[3000.726s][info ][safepoint    ] Application time: 1.0001290 seconds
[3000.727s][info ][safepoint    ] Entering safepoint region: Cleanup
[3000.727s][info ][safepoint    ] Leaving safepoint region
[3000.727s][info ][safepoint    ] Total time for which application threads were stopped: 0.0001216 seconds, Stopping threads took: 0.0000594 seconds
[3001.727s][info ][safepoint    ] Application time: 1.0001682 seconds
[3001.727s][info ][safepoint    ] Entering safepoint region: Cleanup
[3001.727s][info ][safepoint    ] Leaving safepoint region
[3001.727s][info ][safepoint    ] Total time for which application threads were stopped: 0.0001147 seconds, Stopping threads took: 0.0000502 seconds
[3002.028s][info ][safepoint    ] Application time: 0.3009009 seconds
[3002.028s][info ][safepoint    ] Entering safepoint region: GenCollectForAllocation
[3002.028s][info ][gc,start     ] GC(1083) Pause Young (Allocation Failure)
[3002.028s][info ][gc,task      ] GC(1083) Using 4 workers of 4 for evacuation
[3002.031s][debug][gc,ref       ] GC(1083) Skipped phase1 of Reference Processing due to unavailable references
[3002.031s][debug][gc,ref       ] GC(1083) Skipped phase2 of Reference Processing due to unavailable references
[3002.031s][debug][gc,ref       ] GC(1083) Skipped phase3 of Reference Processing due to unavailable references
[3002.031s][debug][gc,ref       ] GC(1083) Skipped phase4 of Reference Processing due to unavailable references
[3002.031s][debug][gc,age       ] GC(1083) Desired survivor size 15400960 bytes, new threshold 6 (max threshold 6)
[3002.031s][info ][gc,heap      ] GC(1083) ParNew: 241842K->769K(270976K)
[3002.031s][info ][gc,heap      ] GC(1083) CMS: 436082K->436360K(602112K)
[3002.031s][info ][gc,metaspace ] GC(1083) Metaspace: 63488K->63488K(1107968K)
[3002.031s][info ][gc           ] GC(1083) Pause Young (Allocation Failure) 662M->426M(852M) 2.977ms
[3002.031s][info ][gc,cpu       ] GC(1083) User=0.01s Sys=0.00s Real=0.01s
[3002.031s][info ][safepoint    ] Leaving safepoint region
[3002.031s][info ][safepoint    ] Total time for which application threads were stopped: 0.0031466 seconds, Stopping threads took: 0.0000158 seconds
[3003.031s][info ][safepoint    ] Application time: 1.0001035 seconds
[3003.031s][info ][safepoint    ] Entering safepoint region: Cleanup
[3003.031s][info ][safepoint    ] Leaving safepoint region
[3003.031s][info ][safepoint    ] Total time for which application threads were stopped: 0.0001267 seconds, Stopping threads took: 0.0000635 seconds
